2026-06-20 03:18:53 - __main__ - INFO - Run parameters: {"adamw_betas": [0.9, 0.999], "adamw_eps": 1e-08, "amp": true, "batch_size": 32, "cam_layer": "auto", "cutout_area": 0.1, "cutout_m": 4, "cutout_mode": "cam_high", "cutout_size": 0, "data_dir": "./data", "dataset": "drive_zip", "epochs": 100, "gamma": 0.1, "grayscale": true, "include_regex": "_grayscale\\.tiff$", "label_smoothing": 0.0, "log_every": 100, "lr": 0.05, "milestones": "60,80", "min_lr": 1e-05, "model": "densenet121", "momentum": 0.9, "nesterov": false, "num_workers": 4, "optimizer": "sgd", "out_dir": "runs/drive_zip/42", "run_name": "densenet121_seed42_cam_high_M4_area0.1", "saliency_candidate_percent": 10.0, "scheduler": "cosine", "seed": 42, "teacher_checkpoint": "runs/drive_zip/42/densenet121_seed42_none/best_model.pt", "teacher_model": "densenet121", "val_split": 0.1, "warmup_epochs": 5, "weight_decay": 0.0001}
2026-06-20 03:18:54 - __main__ - INFO - device: cuda | cuda: True | gpu: NVIDIA L4
2026-06-20 03:18:57 - __main__ - INFO - Model: densenet121 | Dataset: drive_zip | Classes: 17 | Optimizer: sgd
2026-06-20 03:18:57 - __main__ - INFO - Cutout enabled: mode=cam_high m=4 size=None area=0.1
2026-06-20 03:18:57 - __main__ - INFO - 
Epoch 1/100 | lr 0.000050
2026-06-20 03:22:29 - __main__ - INFO - Train: loss 2.6344 acc1 18.38%
2026-06-20 03:22:29 - __main__ - INFO - Val:   loss 3.3205 acc1 4.68%
2026-06-20 03:22:29 - __main__ - INFO - saved best: 4.68%
2026-06-20 03:22:29 - __main__ - INFO - 
Epoch 2/100 | lr 0.010040
2026-06-20 03:26:02 - __main__ - INFO - Train: loss 1.9142 acc1 34.91%
2026-06-20 03:26:02 - __main__ - INFO - Val:   loss 1.9722 acc1 36.03%
2026-06-20 03:26:02 - __main__ - INFO - saved best: 36.03%
2026-06-20 03:26:02 - __main__ - INFO - 
Epoch 3/100 | lr 0.020030
2026-06-20 03:29:35 - __main__ - INFO - Train: loss 1.7319 acc1 40.59%
2026-06-20 03:29:35 - __main__ - INFO - Val:   loss 1.9175 acc1 39.57%
2026-06-20 03:29:35 - __main__ - INFO - saved best: 39.57%
2026-06-20 03:29:35 - __main__ - INFO - 
Epoch 4/100 | lr 0.030020
2026-06-20 03:33:07 - __main__ - INFO - Train: loss 1.6321 acc1 43.84%
2026-06-20 03:33:07 - __main__ - INFO - Val:   loss 1.8670 acc1 38.60%
2026-06-20 03:33:07 - __main__ - INFO - 
Epoch 5/100 | lr 0.040010
2026-06-20 03:36:39 - __main__ - INFO - Train: loss 1.5580 acc1 46.24%
2026-06-20 03:36:39 - __main__ - INFO - Val:   loss 1.6905 acc1 43.15%
2026-06-20 03:36:39 - __main__ - INFO - saved best: 43.15%
2026-06-20 03:36:39 - __main__ - INFO - 
Epoch 6/100 | lr 0.050000
2026-06-20 03:40:12 - __main__ - INFO - Train: loss 1.5083 acc1 48.13%
2026-06-20 03:40:12 - __main__ - INFO - Val:   loss 1.7692 acc1 43.11%
2026-06-20 03:40:12 - __main__ - INFO - 
Epoch 7/100 | lr 0.049986
2026-06-20 03:43:44 - __main__ - INFO - Train: loss 1.4392 acc1 50.49%
2026-06-20 03:43:44 - __main__ - INFO - Val:   loss 1.5785 acc1 48.23%
2026-06-20 03:43:44 - __main__ - INFO - saved best: 48.23%
2026-06-20 03:43:44 - __main__ - INFO - 
Epoch 8/100 | lr 0.049945
2026-06-20 03:47:17 - __main__ - INFO - Train: loss 1.3784 acc1 52.61%
2026-06-20 03:47:17 - __main__ - INFO - Val:   loss 1.8407 acc1 38.62%
2026-06-20 03:47:17 - __main__ - INFO - 
Epoch 9/100 | lr 0.049877
2026-06-20 03:50:49 - __main__ - INFO - Train: loss 1.3322 acc1 54.27%
2026-06-20 03:50:49 - __main__ - INFO - Val:   loss 1.5241 acc1 51.96%
2026-06-20 03:50:49 - __main__ - INFO - saved best: 51.96%
2026-06-20 03:50:49 - __main__ - INFO - 
Epoch 10/100 | lr 0.049782
2026-06-20 03:54:22 - __main__ - INFO - Train: loss 1.2832 acc1 55.87%
2026-06-20 03:54:22 - __main__ - INFO - Val:   loss 1.6304 acc1 48.93%
2026-06-20 03:54:22 - __main__ - INFO - 
Epoch 11/100 | lr 0.049659
2026-06-20 03:57:55 - __main__ - INFO - Train: loss 1.2496 acc1 57.21%
2026-06-20 03:57:55 - __main__ - INFO - Val:   loss 1.5458 acc1 50.30%
2026-06-20 03:57:55 - __main__ - INFO - 
Epoch 12/100 | lr 0.049510
2026-06-20 04:01:27 - __main__ - INFO - Train: loss 1.2130 acc1 58.69%
2026-06-20 04:01:27 - __main__ - INFO - Val:   loss 1.3217 acc1 57.77%
2026-06-20 04:01:27 - __main__ - INFO - saved best: 57.77%
2026-06-20 04:01:27 - __main__ - INFO - 
Epoch 13/100 | lr 0.049333
2026-06-20 04:05:01 - __main__ - INFO - Train: loss 1.1832 acc1 59.49%
2026-06-20 04:05:01 - __main__ - INFO - Val:   loss 1.5885 acc1 52.43%
2026-06-20 04:05:01 - __main__ - INFO - 
Epoch 14/100 | lr 0.049130
2026-06-20 04:08:34 - __main__ - INFO - Train: loss 1.1603 acc1 60.43%
2026-06-20 04:08:34 - __main__ - INFO - Val:   loss 1.3566 acc1 57.52%
2026-06-20 04:08:34 - __main__ - INFO - 
Epoch 15/100 | lr 0.048901
2026-06-20 04:12:08 - __main__ - INFO - Train: loss 1.1318 acc1 61.41%
2026-06-20 04:12:08 - __main__ - INFO - Val:   loss 2.4896 acc1 48.14%
2026-06-20 04:12:08 - __main__ - INFO - 
Epoch 16/100 | lr 0.048646
2026-06-20 04:15:41 - __main__ - INFO - Train: loss 1.1075 acc1 62.19%
2026-06-20 04:15:41 - __main__ - INFO - Val:   loss 1.5709 acc1 52.96%
2026-06-20 04:15:41 - __main__ - INFO - 
Epoch 17/100 | lr 0.048364
2026-06-20 04:19:13 - __main__ - INFO - Train: loss 1.0826 acc1 62.96%
2026-06-20 04:19:13 - __main__ - INFO - Val:   loss 2.0985 acc1 45.59%
2026-06-20 04:19:13 - __main__ - INFO - 
Epoch 18/100 | lr 0.048058
2026-06-20 04:22:47 - __main__ - INFO - Train: loss 1.0702 acc1 63.54%
2026-06-20 04:22:47 - __main__ - INFO - Val:   loss 1.5611 acc1 55.14%
2026-06-20 04:22:47 - __main__ - INFO - 
Epoch 19/100 | lr 0.047726
2026-06-20 04:26:20 - __main__ - INFO - Train: loss 1.0436 acc1 64.41%
2026-06-20 04:26:20 - __main__ - INFO - Val:   loss 1.6699 acc1 55.89%
2026-06-20 04:26:20 - __main__ - INFO - 
Epoch 20/100 | lr 0.047369
2026-06-20 04:29:52 - __main__ - INFO - Train: loss 1.0383 acc1 64.59%
2026-06-20 04:29:52 - __main__ - INFO - Val:   loss 1.5889 acc1 51.94%
2026-06-20 04:29:52 - __main__ - INFO - 
Epoch 21/100 | lr 0.046987
2026-06-20 04:33:25 - __main__ - INFO - Train: loss 1.0143 acc1 65.27%
2026-06-20 04:33:25 - __main__ - INFO - Val:   loss 1.9135 acc1 50.10%
2026-06-20 04:33:25 - __main__ - INFO - 
Epoch 22/100 | lr 0.046582
2026-06-20 04:36:59 - __main__ - INFO - Train: loss 1.0093 acc1 65.52%
2026-06-20 04:36:59 - __main__ - INFO - Val:   loss 1.5559 acc1 56.11%
2026-06-20 04:36:59 - __main__ - INFO - 
Epoch 23/100 | lr 0.046153
2026-06-20 04:40:32 - __main__ - INFO - Train: loss 0.9942 acc1 65.89%
2026-06-20 04:40:32 - __main__ - INFO - Val:   loss 1.3003 acc1 63.30%
2026-06-20 04:40:32 - __main__ - INFO - saved best: 63.30%
2026-06-20 04:40:32 - __main__ - INFO - 
Epoch 24/100 | lr 0.045701
2026-06-20 04:44:05 - __main__ - INFO - Train: loss 0.9796 acc1 66.43%
2026-06-20 04:44:05 - __main__ - INFO - Val:   loss 1.5124 acc1 57.38%
2026-06-20 04:44:05 - __main__ - INFO - 
Epoch 25/100 | lr 0.045226
2026-06-20 04:47:38 - __main__ - INFO - Train: loss 0.9635 acc1 66.96%
2026-06-20 04:47:38 - __main__ - INFO - Val:   loss 1.5233 acc1 59.48%
2026-06-20 04:47:38 - __main__ - INFO - 
Epoch 26/100 | lr 0.044730
2026-06-20 04:51:11 - __main__ - INFO - Train: loss 0.9578 acc1 67.29%
2026-06-20 04:51:11 - __main__ - INFO - Val:   loss 1.3772 acc1 62.23%
2026-06-20 04:51:11 - __main__ - INFO - 
Epoch 27/100 | lr 0.044211
2026-06-20 04:54:44 - __main__ - INFO - Train: loss 0.9455 acc1 67.62%
2026-06-20 04:54:44 - __main__ - INFO - Val:   loss 1.3871 acc1 60.74%
2026-06-20 04:54:44 - __main__ - INFO - 
Epoch 28/100 | lr 0.043672
2026-06-20 04:58:17 - __main__ - INFO - Train: loss 0.9377 acc1 67.82%
2026-06-20 04:58:17 - __main__ - INFO - Val:   loss 1.3109 acc1 61.90%
2026-06-20 04:58:17 - __main__ - INFO - 
Epoch 29/100 | lr 0.043112
2026-06-20 05:01:49 - __main__ - INFO - Train: loss 0.9264 acc1 68.27%
2026-06-20 05:01:49 - __main__ - INFO - Val:   loss 1.3421 acc1 62.62%
2026-06-20 05:01:49 - __main__ - INFO - 
Epoch 30/100 | lr 0.042532
2026-06-20 05:05:23 - __main__ - INFO - Train: loss 0.9149 acc1 68.61%
2026-06-20 05:05:23 - __main__ - INFO - Val:   loss 1.4426 acc1 60.46%
2026-06-20 05:05:23 - __main__ - INFO - 
Epoch 31/100 | lr 0.041934
2026-06-20 05:08:56 - __main__ - INFO - Train: loss 0.9021 acc1 69.00%
2026-06-20 05:08:56 - __main__ - INFO - Val:   loss 1.4408 acc1 61.63%
2026-06-20 05:08:56 - __main__ - INFO - 
Epoch 32/100 | lr 0.041316
2026-06-20 05:12:28 - __main__ - INFO - Train: loss 0.8980 acc1 69.12%
2026-06-20 05:12:28 - __main__ - INFO - Val:   loss 1.2884 acc1 63.00%
2026-06-20 05:12:28 - __main__ - INFO - 
Epoch 33/100 | lr 0.040681
2026-06-20 05:16:03 - __main__ - INFO - Train: loss 0.8760 acc1 70.07%
2026-06-20 05:16:03 - __main__ - INFO - Val:   loss 1.4618 acc1 58.16%
2026-06-20 05:16:03 - __main__ - INFO - 
Epoch 34/100 | lr 0.040029
2026-06-20 05:19:36 - __main__ - INFO - Train: loss 0.8689 acc1 70.13%
2026-06-20 05:19:36 - __main__ - INFO - Val:   loss 1.4729 acc1 61.51%
2026-06-20 05:19:36 - __main__ - INFO - 
Epoch 35/100 | lr 0.039360
2026-06-20 05:23:08 - __main__ - INFO - Train: loss 0.8609 acc1 70.32%
2026-06-20 05:23:08 - __main__ - INFO - Val:   loss 1.5721 acc1 60.68%
2026-06-20 05:23:08 - __main__ - INFO - 
Epoch 36/100 | lr 0.038676
2026-06-20 05:26:41 - __main__ - INFO - Train: loss 0.8565 acc1 70.55%
2026-06-20 05:26:41 - __main__ - INFO - Val:   loss 1.3344 acc1 65.35%
2026-06-20 05:26:41 - __main__ - INFO - saved best: 65.35%
2026-06-20 05:26:41 - __main__ - INFO - 
Epoch 37/100 | lr 0.037977
2026-06-20 05:30:14 - __main__ - INFO - Train: loss 0.8442 acc1 71.00%
2026-06-20 05:30:14 - __main__ - INFO - Val:   loss 1.3587 acc1 65.48%
2026-06-20 05:30:14 - __main__ - INFO - saved best: 65.48%
2026-06-20 05:30:14 - __main__ - INFO - 
Epoch 38/100 | lr 0.037263
2026-06-20 05:33:47 - __main__ - INFO - Train: loss 0.8308 acc1 71.42%
2026-06-20 05:33:47 - __main__ - INFO - Val:   loss 1.6456 acc1 58.85%
2026-06-20 05:33:47 - __main__ - INFO - 
Epoch 39/100 | lr 0.036536
2026-06-20 05:37:19 - __main__ - INFO - Train: loss 0.8220 acc1 71.65%
2026-06-20 05:37:19 - __main__ - INFO - Val:   loss 1.6654 acc1 56.19%
2026-06-20 05:37:19 - __main__ - INFO - 
Epoch 40/100 | lr 0.035797
2026-06-20 05:40:51 - __main__ - INFO - Train: loss 0.8143 acc1 71.89%
2026-06-20 05:40:51 - __main__ - INFO - Val:   loss 1.4347 acc1 62.11%
2026-06-20 05:40:51 - __main__ - INFO - 
Epoch 41/100 | lr 0.035045
2026-06-20 05:44:24 - __main__ - INFO - Train: loss 0.8063 acc1 72.21%
2026-06-20 05:44:24 - __main__ - INFO - Val:   loss 2.0809 acc1 50.58%
2026-06-20 05:44:24 - __main__ - INFO - 
Epoch 42/100 | lr 0.034283
2026-06-20 05:47:56 - __main__ - INFO - Train: loss 0.7997 acc1 72.44%
2026-06-20 05:47:56 - __main__ - INFO - Val:   loss 1.4078 acc1 63.72%
2026-06-20 05:47:56 - __main__ - INFO - 
Epoch 43/100 | lr 0.033511
2026-06-20 05:51:30 - __main__ - INFO - Train: loss 0.7823 acc1 72.89%
2026-06-20 05:51:30 - __main__ - INFO - Val:   loss 1.5859 acc1 61.40%
2026-06-20 05:51:30 - __main__ - INFO - 
Epoch 44/100 | lr 0.032729
2026-06-20 05:55:03 - __main__ - INFO - Train: loss 0.7754 acc1 73.17%
2026-06-20 05:55:03 - __main__ - INFO - Val:   loss 1.7296 acc1 54.65%
2026-06-20 05:55:03 - __main__ - INFO - 
Epoch 45/100 | lr 0.031939
2026-06-20 05:58:35 - __main__ - INFO - Train: loss 0.7718 acc1 73.42%
2026-06-20 05:58:35 - __main__ - INFO - Val:   loss 1.4276 acc1 64.40%
2026-06-20 05:58:35 - __main__ - INFO - 
Epoch 46/100 | lr 0.031141
2026-06-20 06:02:08 - __main__ - INFO - Train: loss 0.7560 acc1 73.95%
2026-06-20 06:02:08 - __main__ - INFO - Val:   loss 1.4565 acc1 63.22%
2026-06-20 06:02:08 - __main__ - INFO - 
Epoch 47/100 | lr 0.030336
2026-06-20 06:05:40 - __main__ - INFO - Train: loss 0.7501 acc1 73.88%
2026-06-20 06:05:40 - __main__ - INFO - Val:   loss 1.5520 acc1 61.64%
2026-06-20 06:05:40 - __main__ - INFO - 
Epoch 48/100 | lr 0.029526
2026-06-20 06:09:13 - __main__ - INFO - Train: loss 0.7346 acc1 74.59%
2026-06-20 06:09:13 - __main__ - INFO - Val:   loss 1.4092 acc1 66.87%
2026-06-20 06:09:13 - __main__ - INFO - saved best: 66.87%
2026-06-20 06:09:13 - __main__ - INFO - 
Epoch 49/100 | lr 0.028711
2026-06-20 06:12:45 - __main__ - INFO - Train: loss 0.7231 acc1 74.95%
2026-06-20 06:12:45 - __main__ - INFO - Val:   loss 1.4203 acc1 66.89%
2026-06-20 06:12:45 - __main__ - INFO - saved best: 66.89%
2026-06-20 06:12:46 - __main__ - INFO - 
Epoch 50/100 | lr 0.027892
2026-06-20 06:16:18 - __main__ - INFO - Train: loss 0.7188 acc1 75.09%
2026-06-20 06:16:18 - __main__ - INFO - Val:   loss 1.5509 acc1 64.21%
2026-06-20 06:16:18 - __main__ - INFO - 
Epoch 51/100 | lr 0.027069
2026-06-20 06:19:50 - __main__ - INFO - Train: loss 0.7100 acc1 75.55%
2026-06-20 06:19:50 - __main__ - INFO - Val:   loss 1.6452 acc1 62.21%
2026-06-20 06:19:50 - __main__ - INFO - 
Epoch 52/100 | lr 0.026244
2026-06-20 06:23:23 - __main__ - INFO - Train: loss 0.7004 acc1 75.64%
2026-06-20 06:23:23 - __main__ - INFO - Val:   loss 1.3472 acc1 69.07%
2026-06-20 06:23:23 - __main__ - INFO - saved best: 69.07%
2026-06-20 06:23:23 - __main__ - INFO - 
Epoch 53/100 | lr 0.025418
2026-06-20 06:26:55 - __main__ - INFO - Train: loss 0.6915 acc1 75.84%
2026-06-20 06:26:55 - __main__ - INFO - Val:   loss 1.4134 acc1 68.18%
2026-06-20 06:26:55 - __main__ - INFO - 
Epoch 54/100 | lr 0.024592
2026-06-20 06:30:27 - __main__ - INFO - Train: loss 0.6768 acc1 76.46%
2026-06-20 06:30:27 - __main__ - INFO - Val:   loss 1.4117 acc1 68.60%
2026-06-20 06:30:27 - __main__ - INFO - 
Epoch 55/100 | lr 0.023766
2026-06-20 06:34:00 - __main__ - INFO - Train: loss 0.6706 acc1 76.50%
2026-06-20 06:34:00 - __main__ - INFO - Val:   loss 1.4656 acc1 63.53%
2026-06-20 06:34:00 - __main__ - INFO - 
Epoch 56/100 | lr 0.022941
2026-06-20 06:37:34 - __main__ - INFO - Train: loss 0.6582 acc1 77.07%
2026-06-20 06:37:34 - __main__ - INFO - Val:   loss 1.5962 acc1 66.32%
2026-06-20 06:37:34 - __main__ - INFO - 
Epoch 57/100 | lr 0.022118
2026-06-20 06:41:06 - __main__ - INFO - Train: loss 0.6474 acc1 77.58%
2026-06-20 06:41:06 - __main__ - INFO - Val:   loss 1.4447 acc1 68.02%
2026-06-20 06:41:06 - __main__ - INFO - 
Epoch 58/100 | lr 0.021299
2026-06-20 06:44:39 - __main__ - INFO - Train: loss 0.6365 acc1 77.75%
2026-06-20 06:44:39 - __main__ - INFO - Val:   loss 1.4301 acc1 66.58%
2026-06-20 06:44:39 - __main__ - INFO - 
Epoch 59/100 | lr 0.020484
2026-06-20 06:48:11 - __main__ - INFO - Train: loss 0.6297 acc1 78.04%
2026-06-20 06:48:11 - __main__ - INFO - Val:   loss 1.4600 acc1 67.59%
2026-06-20 06:48:11 - __main__ - INFO - 
Epoch 60/100 | lr 0.019674
2026-06-20 06:51:44 - __main__ - INFO - Train: loss 0.6213 acc1 78.32%
2026-06-20 06:51:44 - __main__ - INFO - Val:   loss 1.5515 acc1 64.65%
2026-06-20 06:51:44 - __main__ - INFO - 
Epoch 61/100 | lr 0.018869
2026-06-20 06:55:17 - __main__ - INFO - Train: loss 0.6080 acc1 78.66%
2026-06-20 06:55:17 - __main__ - INFO - Val:   loss 1.5054 acc1 65.91%
2026-06-20 06:55:17 - __main__ - INFO - 
Epoch 62/100 | lr 0.018071
2026-06-20 06:58:49 - __main__ - INFO - Train: loss 0.5993 acc1 79.00%
2026-06-20 06:58:49 - __main__ - INFO - Val:   loss 1.7165 acc1 61.64%
2026-06-20 06:58:49 - __main__ - INFO - 
Epoch 63/100 | lr 0.017281
2026-06-20 07:02:22 - __main__ - INFO - Train: loss 0.5926 acc1 79.24%
2026-06-20 07:02:22 - __main__ - INFO - Val:   loss 1.3967 acc1 70.10%
2026-06-20 07:02:22 - __main__ - INFO - saved best: 70.10%
2026-06-20 07:02:22 - __main__ - INFO - 
Epoch 64/100 | lr 0.016499
2026-06-20 07:05:55 - __main__ - INFO - Train: loss 0.5767 acc1 79.75%
2026-06-20 07:05:55 - __main__ - INFO - Val:   loss 1.5943 acc1 66.01%
2026-06-20 07:05:55 - __main__ - INFO - 
Epoch 65/100 | lr 0.015727
2026-06-20 07:09:28 - __main__ - INFO - Train: loss 0.5614 acc1 80.23%
2026-06-20 07:09:28 - __main__ - INFO - Val:   loss 1.5412 acc1 67.01%
2026-06-20 07:09:28 - __main__ - INFO - 
Epoch 66/100 | lr 0.014965
2026-06-20 07:13:02 - __main__ - INFO - Train: loss 0.5551 acc1 80.47%
2026-06-20 07:13:02 - __main__ - INFO - Val:   loss 1.5878 acc1 67.95%
2026-06-20 07:13:02 - __main__ - INFO - 
Epoch 67/100 | lr 0.014213
2026-06-20 07:16:35 - __main__ - INFO - Train: loss 0.5468 acc1 80.75%
2026-06-20 07:16:35 - __main__ - INFO - Val:   loss 1.3818 acc1 69.42%
2026-06-20 07:16:35 - __main__ - INFO - 
Epoch 68/100 | lr 0.013474
2026-06-20 07:20:08 - __main__ - INFO - Train: loss 0.5298 acc1 81.34%
2026-06-20 07:20:08 - __main__ - INFO - Val:   loss 1.5008 acc1 71.43%
2026-06-20 07:20:08 - __main__ - INFO - saved best: 71.43%
2026-06-20 07:20:08 - __main__ - INFO - 
Epoch 69/100 | lr 0.012747
2026-06-20 07:23:41 - __main__ - INFO - Train: loss 0.5251 acc1 81.49%
2026-06-20 07:23:41 - __main__ - INFO - Val:   loss 1.5186 acc1 68.65%
2026-06-20 07:23:41 - __main__ - INFO - 
Epoch 70/100 | lr 0.012033
2026-06-20 07:27:14 - __main__ - INFO - Train: loss 0.5069 acc1 82.07%
2026-06-20 07:27:14 - __main__ - INFO - Val:   loss 1.4171 acc1 71.08%
2026-06-20 07:27:14 - __main__ - INFO - 
Epoch 71/100 | lr 0.011334
2026-06-20 07:30:46 - __main__ - INFO - Train: loss 0.4995 acc1 82.46%
2026-06-20 07:30:46 - __main__ - INFO - Val:   loss 1.4979 acc1 68.99%
2026-06-20 07:30:46 - __main__ - INFO - 
Epoch 72/100 | lr 0.010650
2026-06-20 07:34:21 - __main__ - INFO - Train: loss 0.4831 acc1 82.85%
2026-06-20 07:34:21 - __main__ - INFO - Val:   loss 1.4629 acc1 72.02%
2026-06-20 07:34:21 - __main__ - INFO - saved best: 72.02%
2026-06-20 07:34:21 - __main__ - INFO - 
Epoch 73/100 | lr 0.009981
2026-06-20 07:37:54 - __main__ - INFO - Train: loss 0.4808 acc1 83.00%
2026-06-20 07:37:54 - __main__ - INFO - Val:   loss 1.5514 acc1 70.58%
2026-06-20 07:37:54 - __main__ - INFO - 
Epoch 74/100 | lr 0.009329
2026-06-20 07:41:27 - __main__ - INFO - Train: loss 0.4658 acc1 83.54%
2026-06-20 07:41:27 - __main__ - INFO - Val:   loss 1.5313 acc1 67.62%
2026-06-20 07:41:27 - __main__ - INFO - 
Epoch 75/100 | lr 0.008694
2026-06-20 07:44:59 - __main__ - INFO - Train: loss 0.4489 acc1 84.05%
2026-06-20 07:44:59 - __main__ - INFO - Val:   loss 1.6188 acc1 70.19%
2026-06-20 07:44:59 - __main__ - INFO - 
Epoch 76/100 | lr 0.008076
2026-06-20 07:48:31 - __main__ - INFO - Train: loss 0.4420 acc1 84.20%
2026-06-20 07:48:31 - __main__ - INFO - Val:   loss 1.6597 acc1 70.63%
2026-06-20 07:48:31 - __main__ - INFO - 
Epoch 77/100 | lr 0.007478
2026-06-20 07:52:04 - __main__ - INFO - Train: loss 0.4341 acc1 84.64%
2026-06-20 07:52:04 - __main__ - INFO - Val:   loss 1.6053 acc1 70.43%
2026-06-20 07:52:04 - __main__ - INFO - 
Epoch 78/100 | lr 0.006898
2026-06-20 07:55:37 - __main__ - INFO - Train: loss 0.4179 acc1 85.01%
2026-06-20 07:55:37 - __main__ - INFO - Val:   loss 1.6095 acc1 72.42%
2026-06-20 07:55:37 - __main__ - INFO - saved best: 72.42%
2026-06-20 07:55:37 - __main__ - INFO - 
Epoch 79/100 | lr 0.006338
2026-06-20 07:59:10 - __main__ - INFO - Train: loss 0.4119 acc1 85.18%
2026-06-20 07:59:10 - __main__ - INFO - Val:   loss 1.7350 acc1 67.76%
2026-06-20 07:59:10 - __main__ - INFO - 
Epoch 80/100 | lr 0.005799
2026-06-20 08:02:43 - __main__ - INFO - Train: loss 0.3965 acc1 85.80%
2026-06-20 08:02:43 - __main__ - INFO - Val:   loss 1.6137 acc1 72.27%
2026-06-20 08:02:43 - __main__ - INFO - 
Epoch 81/100 | lr 0.005280
2026-06-20 08:06:16 - __main__ - INFO - Train: loss 0.3856 acc1 86.21%
2026-06-20 08:06:16 - __main__ - INFO - Val:   loss 1.4995 acc1 73.67%
2026-06-20 08:06:16 - __main__ - INFO - saved best: 73.67%
2026-06-20 08:06:16 - __main__ - INFO - 
Epoch 82/100 | lr 0.004784
2026-06-20 08:09:49 - __main__ - INFO - Train: loss 0.3733 acc1 86.57%
2026-06-20 08:09:49 - __main__ - INFO - Val:   loss 1.5562 acc1 71.78%
2026-06-20 08:09:49 - __main__ - INFO - 
Epoch 83/100 | lr 0.004309
2026-06-20 08:13:22 - __main__ - INFO - Train: loss 0.3698 acc1 86.62%
2026-06-20 08:13:22 - __main__ - INFO - Val:   loss 1.5534 acc1 72.94%
2026-06-20 08:13:22 - __main__ - INFO - 
Epoch 84/100 | lr 0.003857
2026-06-20 08:16:56 - __main__ - INFO - Train: loss 0.3529 acc1 87.21%
2026-06-20 08:16:56 - __main__ - INFO - Val:   loss 1.5694 acc1 73.10%
2026-06-20 08:16:56 - __main__ - INFO - 
Epoch 85/100 | lr 0.003428
2026-06-20 08:20:28 - __main__ - INFO - Train: loss 0.3470 acc1 87.48%
2026-06-20 08:20:28 - __main__ - INFO - Val:   loss 1.6018 acc1 71.74%
2026-06-20 08:20:28 - __main__ - INFO - 
Epoch 86/100 | lr 0.003023
2026-06-20 08:24:01 - __main__ - INFO - Train: loss 0.3319 acc1 87.93%
2026-06-20 08:24:01 - __main__ - INFO - Val:   loss 1.5934 acc1 71.96%
2026-06-20 08:24:01 - __main__ - INFO - 
Epoch 87/100 | lr 0.002641
2026-06-20 08:27:34 - __main__ - INFO - Train: loss 0.3243 acc1 88.18%
2026-06-20 08:27:34 - __main__ - INFO - Val:   loss 1.6312 acc1 72.07%
2026-06-20 08:27:34 - __main__ - INFO - 
Epoch 88/100 | lr 0.002284
2026-06-20 08:31:07 - __main__ - INFO - Train: loss 0.3137 acc1 88.50%
2026-06-20 08:31:07 - __main__ - INFO - Val:   loss 1.5603 acc1 73.13%
2026-06-20 08:31:07 - __main__ - INFO - 
Epoch 89/100 | lr 0.001952
2026-06-20 08:34:39 - __main__ - INFO - Train: loss 0.3027 acc1 88.83%
2026-06-20 08:34:39 - __main__ - INFO - Val:   loss 1.5575 acc1 72.91%
2026-06-20 08:34:39 - __main__ - INFO - 
Epoch 90/100 | lr 0.001646
2026-06-20 08:38:11 - __main__ - INFO - Train: loss 0.2972 acc1 89.12%
2026-06-20 08:38:11 - __main__ - INFO - Val:   loss 1.6207 acc1 72.36%
2026-06-20 08:38:11 - __main__ - INFO - 
Epoch 91/100 | lr 0.001364
2026-06-20 08:41:45 - __main__ - INFO - Train: loss 0.2896 acc1 89.49%
2026-06-20 08:41:45 - __main__ - INFO - Val:   loss 1.5760 acc1 73.75%
2026-06-20 08:41:45 - __main__ - INFO - saved best: 73.75%
2026-06-20 08:41:45 - __main__ - INFO - 
Epoch 92/100 | lr 0.001109
2026-06-20 08:45:18 - __main__ - INFO - Train: loss 0.2821 acc1 89.64%
2026-06-20 08:45:18 - __main__ - INFO - Val:   loss 1.6055 acc1 73.25%
2026-06-20 08:45:18 - __main__ - INFO - 
Epoch 93/100 | lr 0.000880
2026-06-20 08:48:51 - __main__ - INFO - Train: loss 0.2814 acc1 89.74%
2026-06-20 08:48:51 - __main__ - INFO - Val:   loss 1.5994 acc1 74.20%
2026-06-20 08:48:51 - __main__ - INFO - saved best: 74.20%
2026-06-20 08:48:51 - __main__ - INFO - 
Epoch 94/100 | lr 0.000677
2026-06-20 08:52:23 - __main__ - INFO - Train: loss 0.2724 acc1 90.15%
2026-06-20 08:52:23 - __main__ - INFO - Val:   loss 1.6298 acc1 73.02%
2026-06-20 08:52:23 - __main__ - INFO - 
Epoch 95/100 | lr 0.000500
2026-06-20 08:55:55 - __main__ - INFO - Train: loss 0.2651 acc1 90.24%
2026-06-20 08:55:55 - __main__ - INFO - Val:   loss 1.6152 acc1 73.58%
2026-06-20 08:55:55 - __main__ - INFO - 
Epoch 96/100 | lr 0.000351
2026-06-20 08:59:27 - __main__ - INFO - Train: loss 0.2636 acc1 90.30%
2026-06-20 08:59:27 - __main__ - INFO - Val:   loss 1.6242 acc1 73.63%
2026-06-20 08:59:27 - __main__ - INFO - 
Epoch 97/100 | lr 0.000228
2026-06-20 09:03:00 - __main__ - INFO - Train: loss 0.2627 acc1 90.33%
2026-06-20 09:03:00 - __main__ - INFO - Val:   loss 1.6177 acc1 73.46%
2026-06-20 09:03:00 - __main__ - INFO - 
Epoch 98/100 | lr 0.000133
2026-06-20 09:06:33 - __main__ - INFO - Train: loss 0.2601 acc1 90.37%
2026-06-20 09:06:33 - __main__ - INFO - Val:   loss 1.6171 acc1 73.92%
2026-06-20 09:06:33 - __main__ - INFO - 
Epoch 99/100 | lr 0.000065
2026-06-20 09:10:07 - __main__ - INFO - Train: loss 0.2551 acc1 90.53%
2026-06-20 09:10:07 - __main__ - INFO - Val:   loss 1.6332 acc1 73.75%
2026-06-20 09:10:07 - __main__ - INFO - 
Epoch 100/100 | lr 0.000024
2026-06-20 09:13:39 - __main__ - INFO - Train: loss 0.2549 acc1 90.59%
2026-06-20 09:13:39 - __main__ - INFO - Val:   loss 1.6104 acc1 73.70%
2026-06-20 09:13:39 - __main__ - INFO - Loaded best checkpoint weights for final test evaluation.
2026-06-20 09:13:44 - __main__ - INFO - 
Best tracked (val): 74.20%
2026-06-20 09:13:44 - __main__ - INFO - Final test: loss 1.4414 acc1 74.06%
2026-06-20 09:13:44 - __main__ - INFO - Saved best model checkpoint to runs/drive_zip/42/densenet121_seed42_cam_high_M4_area0.1/best_model.pt
