2026-06-14 17:49:23 - __main__ - INFO - Run parameters: {"adamw_betas": [0.9, 0.999], "adamw_eps": 1e-08, "amp": true, "batch_size": 64, "cam_layer": "auto", "cutout_area": 0.1, "cutout_m": 4, "cutout_mode": "cam_low", "cutout_size": 0, "data_dir": "./data", "dataset": "drive_zip", "epochs": 50, "gamma": 0.1, "grayscale": true, "include_regex": "_grayscale\\.tiff$", "label_smoothing": 0.0, "log_every": 100, "lr": 0.1, "milestones": "60,80", "min_lr": 1e-05, "model": "resnet18", "momentum": 0.9, "nesterov": false, "num_workers": 2, "optimizer": "sgd", "out_dir": "runs/drive_zip/42", "run_name": "resnet18_seed42_cam_low_M4_area0.1", "saliency_candidate_percent": 10.0, "scheduler": "cosine", "seed": 42, "teacher_checkpoint": "runs/drive_zip/42/resnet18_seed42_none/best_model.pt", "teacher_model": "resnet18", "val_split": 0.1, "warmup_epochs": 5, "weight_decay": 0.0005}
2026-06-14 17:49:23 - __main__ - INFO - device: cuda | cuda: True | gpu: NVIDIA L4
2026-06-14 17:51:18 - __main__ - INFO - Model: resnet18 | Dataset: drive_zip | Classes: 17 | Optimizer: sgd
2026-06-14 17:51:19 - __main__ - INFO - Cutout enabled: mode=cam_low m=4 size=None area=0.1
2026-06-14 17:51:19 - __main__ - INFO - 
Epoch 1/50 | lr 0.000100
2026-06-14 17:53:57 - __main__ - INFO - Train: loss 2.5912 acc1 16.28%
2026-06-14 17:53:57 - __main__ - INFO - Val:   loss 2.7225 acc1 17.44%
2026-06-14 17:53:57 - __main__ - INFO - saved best: 17.44%
2026-06-14 17:53:57 - __main__ - INFO - 
Epoch 2/50 | lr 0.020080
2026-06-14 17:56:31 - __main__ - INFO - Train: loss 1.9465 acc1 33.97%
2026-06-14 17:56:31 - __main__ - INFO - Val:   loss 1.8353 acc1 37.13%
2026-06-14 17:56:31 - __main__ - INFO - saved best: 37.13%
2026-06-14 17:56:31 - __main__ - INFO - 
Epoch 3/50 | lr 0.040060
2026-06-14 17:59:06 - __main__ - INFO - Train: loss 1.7501 acc1 39.46%
2026-06-14 17:59:06 - __main__ - INFO - Val:   loss 1.8666 acc1 34.87%
2026-06-14 17:59:06 - __main__ - INFO - 
Epoch 4/50 | lr 0.060040
2026-06-14 18:01:42 - __main__ - INFO - Train: loss 1.6762 acc1 41.81%
2026-06-14 18:01:42 - __main__ - INFO - Val:   loss 2.2839 acc1 30.38%
2026-06-14 18:01:42 - __main__ - INFO - 
Epoch 5/50 | lr 0.080020
2026-06-14 18:04:18 - __main__ - INFO - Train: loss 1.6401 acc1 43.20%
2026-06-14 18:04:18 - __main__ - INFO - Val:   loss 2.3189 acc1 28.06%
2026-06-14 18:04:18 - __main__ - INFO - 
Epoch 6/50 | lr 0.100000
2026-06-14 18:06:54 - __main__ - INFO - Train: loss 1.6257 acc1 43.83%
2026-06-14 18:06:54 - __main__ - INFO - Val:   loss 1.9331 acc1 36.74%
2026-06-14 18:06:54 - __main__ - INFO - 
Epoch 7/50 | lr 0.099878
2026-06-14 18:09:29 - __main__ - INFO - Train: loss 1.6048 acc1 44.59%
2026-06-14 18:09:29 - __main__ - INFO - Val:   loss 2.2291 acc1 33.02%
2026-06-14 18:09:29 - __main__ - INFO - 
Epoch 8/50 | lr 0.099513
2026-06-14 18:12:05 - __main__ - INFO - Train: loss 1.5809 acc1 45.19%
2026-06-14 18:12:05 - __main__ - INFO - Val:   loss 2.6858 acc1 24.77%
2026-06-14 18:12:05 - __main__ - INFO - 
Epoch 9/50 | lr 0.098907
2026-06-14 18:14:41 - __main__ - INFO - Train: loss 1.5597 acc1 46.20%
2026-06-14 18:14:41 - __main__ - INFO - Val:   loss 2.2360 acc1 26.51%
2026-06-14 18:14:41 - __main__ - INFO - 
Epoch 10/50 | lr 0.098063
2026-06-14 18:17:16 - __main__ - INFO - Train: loss 1.5440 acc1 46.66%
2026-06-14 18:17:16 - __main__ - INFO - Val:   loss 1.9553 acc1 38.51%
2026-06-14 18:17:16 - __main__ - INFO - saved best: 38.51%
2026-06-14 18:17:16 - __main__ - INFO - 
Epoch 11/50 | lr 0.096985
2026-06-14 18:19:52 - __main__ - INFO - Train: loss 1.5251 acc1 47.34%
2026-06-14 18:19:52 - __main__ - INFO - Val:   loss 1.8279 acc1 44.20%
2026-06-14 18:19:52 - __main__ - INFO - saved best: 44.20%
2026-06-14 18:19:52 - __main__ - INFO - 
Epoch 12/50 | lr 0.095678
2026-06-14 18:22:28 - __main__ - INFO - Train: loss 1.5170 acc1 47.44%
2026-06-14 18:22:28 - __main__ - INFO - Val:   loss 2.0286 acc1 36.86%
2026-06-14 18:22:28 - __main__ - INFO - 
Epoch 13/50 | lr 0.094148
2026-06-14 18:25:04 - __main__ - INFO - Train: loss 1.4941 acc1 48.51%
2026-06-14 18:25:04 - __main__ - INFO - Val:   loss 1.6825 acc1 46.20%
2026-06-14 18:25:04 - __main__ - INFO - saved best: 46.20%
2026-06-14 18:25:04 - __main__ - INFO - 
Epoch 14/50 | lr 0.092403
2026-06-14 18:27:40 - __main__ - INFO - Train: loss 1.4786 acc1 49.08%
2026-06-14 18:27:40 - __main__ - INFO - Val:   loss 2.0381 acc1 38.44%
2026-06-14 18:27:40 - __main__ - INFO - 
Epoch 15/50 | lr 0.090452
2026-06-14 18:30:16 - __main__ - INFO - Train: loss 1.4681 acc1 49.64%
2026-06-14 18:30:16 - __main__ - INFO - Val:   loss 2.5233 acc1 27.91%
2026-06-14 18:30:16 - __main__ - INFO - 
Epoch 16/50 | lr 0.088303
2026-06-14 18:32:53 - __main__ - INFO - Train: loss 1.4479 acc1 50.26%
2026-06-14 18:32:53 - __main__ - INFO - Val:   loss 2.3296 acc1 31.03%
2026-06-14 18:32:53 - __main__ - INFO - 
Epoch 17/50 | lr 0.085968
2026-06-14 18:35:29 - __main__ - INFO - Train: loss 1.4342 acc1 50.89%
2026-06-14 18:35:29 - __main__ - INFO - Val:   loss 2.1246 acc1 30.47%
2026-06-14 18:35:29 - __main__ - INFO - 
Epoch 18/50 | lr 0.083458
2026-06-14 18:38:05 - __main__ - INFO - Train: loss 1.4128 acc1 51.55%
2026-06-14 18:38:05 - __main__ - INFO - Val:   loss 1.9261 acc1 41.80%
2026-06-14 18:38:05 - __main__ - INFO - 
Epoch 19/50 | lr 0.080785
2026-06-14 18:40:43 - __main__ - INFO - Train: loss 1.4052 acc1 52.08%
2026-06-14 18:40:43 - __main__ - INFO - Val:   loss 1.5565 acc1 49.86%
2026-06-14 18:40:43 - __main__ - INFO - saved best: 49.86%
2026-06-14 18:40:43 - __main__ - INFO - 
Epoch 20/50 | lr 0.077962
2026-06-14 18:43:19 - __main__ - INFO - Train: loss 1.3852 acc1 52.53%
2026-06-14 18:43:19 - __main__ - INFO - Val:   loss 1.6784 acc1 46.87%
2026-06-14 18:43:19 - __main__ - INFO - 
Epoch 21/50 | lr 0.075002
2026-06-14 18:45:55 - __main__ - INFO - Train: loss 1.3686 acc1 53.17%
2026-06-14 18:45:55 - __main__ - INFO - Val:   loss 1.8927 acc1 39.82%
2026-06-14 18:45:55 - __main__ - INFO - 
Epoch 22/50 | lr 0.071921
2026-06-14 18:48:31 - __main__ - INFO - Train: loss 1.3490 acc1 53.86%
2026-06-14 18:48:31 - __main__ - INFO - Val:   loss 2.3006 acc1 32.37%
2026-06-14 18:48:31 - __main__ - INFO - 
Epoch 23/50 | lr 0.068733
2026-06-14 18:51:06 - __main__ - INFO - Train: loss 1.3247 acc1 54.64%
2026-06-14 18:51:06 - __main__ - INFO - Val:   loss 1.5987 acc1 51.13%
2026-06-14 18:51:06 - __main__ - INFO - saved best: 51.13%
2026-06-14 18:51:06 - __main__ - INFO - 
Epoch 24/50 | lr 0.065454
2026-06-14 18:53:43 - __main__ - INFO - Train: loss 1.3052 acc1 55.49%
2026-06-14 18:53:43 - __main__ - INFO - Val:   loss 1.8156 acc1 44.04%
2026-06-14 18:53:43 - __main__ - INFO - 
Epoch 25/50 | lr 0.062100
2026-06-14 18:56:20 - __main__ - INFO - Train: loss 1.2923 acc1 55.79%
2026-06-14 18:56:20 - __main__ - INFO - Val:   loss 1.3889 acc1 51.98%
2026-06-14 18:56:20 - __main__ - INFO - saved best: 51.98%
2026-06-14 18:56:20 - __main__ - INFO - 
Epoch 26/50 | lr 0.058687
2026-06-14 18:58:57 - __main__ - INFO - Train: loss 1.2655 acc1 56.56%
2026-06-14 18:58:57 - __main__ - INFO - Val:   loss 1.4564 acc1 54.73%
2026-06-14 18:58:57 - __main__ - INFO - saved best: 54.73%
2026-06-14 18:58:57 - __main__ - INFO - 
Epoch 27/50 | lr 0.055231
2026-06-14 19:01:32 - __main__ - INFO - Train: loss 1.2402 acc1 57.83%
2026-06-14 19:01:32 - __main__ - INFO - Val:   loss 1.6777 acc1 48.21%
2026-06-14 19:01:32 - __main__ - INFO - 
Epoch 28/50 | lr 0.051750
2026-06-14 19:04:09 - __main__ - INFO - Train: loss 1.2204 acc1 58.18%
2026-06-14 19:04:09 - __main__ - INFO - Val:   loss 1.4613 acc1 52.76%
2026-06-14 19:04:09 - __main__ - INFO - 
Epoch 29/50 | lr 0.048260
2026-06-14 19:06:44 - __main__ - INFO - Train: loss 1.1884 acc1 59.42%
2026-06-14 19:06:44 - __main__ - INFO - Val:   loss 1.4008 acc1 57.58%
2026-06-14 19:06:44 - __main__ - INFO - saved best: 57.58%
2026-06-14 19:06:44 - __main__ - INFO - 
Epoch 30/50 | lr 0.044779
2026-06-14 19:09:20 - __main__ - INFO - Train: loss 1.1661 acc1 60.26%
2026-06-14 19:09:20 - __main__ - INFO - Val:   loss 1.5823 acc1 53.96%
2026-06-14 19:09:20 - __main__ - INFO - 
Epoch 31/50 | lr 0.041323
2026-06-14 19:11:56 - __main__ - INFO - Train: loss 1.1366 acc1 61.21%
2026-06-14 19:11:56 - __main__ - INFO - Val:   loss 1.7013 acc1 49.90%
2026-06-14 19:11:56 - __main__ - INFO - 
Epoch 32/50 | lr 0.037910
2026-06-14 19:14:33 - __main__ - INFO - Train: loss 1.0999 acc1 62.54%
2026-06-14 19:14:33 - __main__ - INFO - Val:   loss 1.7815 acc1 47.12%
2026-06-14 19:14:33 - __main__ - INFO - 
Epoch 33/50 | lr 0.034556
2026-06-14 19:17:09 - __main__ - INFO - Train: loss 1.0697 acc1 63.58%
2026-06-14 19:17:09 - __main__ - INFO - Val:   loss 1.5003 acc1 54.06%
2026-06-14 19:17:09 - __main__ - INFO - 
Epoch 34/50 | lr 0.031277
2026-06-14 19:19:44 - __main__ - INFO - Train: loss 1.0322 acc1 64.80%
2026-06-14 19:19:44 - __main__ - INFO - Val:   loss 1.7899 acc1 48.40%
2026-06-14 19:19:44 - __main__ - INFO - 
Epoch 35/50 | lr 0.028089
2026-06-14 19:22:21 - __main__ - INFO - Train: loss 1.0062 acc1 65.48%
2026-06-14 19:22:21 - __main__ - INFO - Val:   loss 1.5676 acc1 53.80%
2026-06-14 19:22:21 - __main__ - INFO - 
Epoch 36/50 | lr 0.025008
2026-06-14 19:24:57 - __main__ - INFO - Train: loss 0.9641 acc1 67.12%
2026-06-14 19:24:57 - __main__ - INFO - Val:   loss 1.6477 acc1 54.55%
2026-06-14 19:24:57 - __main__ - INFO - 
Epoch 37/50 | lr 0.022048
2026-06-14 19:27:33 - __main__ - INFO - Train: loss 0.9269 acc1 68.27%
2026-06-14 19:27:33 - __main__ - INFO - Val:   loss 1.3921 acc1 60.30%
2026-06-14 19:27:33 - __main__ - INFO - saved best: 60.30%
2026-06-14 19:27:33 - __main__ - INFO - 
Epoch 38/50 | lr 0.019225
2026-06-14 19:30:09 - __main__ - INFO - Train: loss 0.8889 acc1 69.53%
2026-06-14 19:30:09 - __main__ - INFO - Val:   loss 1.3204 acc1 60.12%
2026-06-14 19:30:09 - __main__ - INFO - 
Epoch 39/50 | lr 0.016552
2026-06-14 19:32:45 - __main__ - INFO - Train: loss 0.8456 acc1 70.96%
2026-06-14 19:32:45 - __main__ - INFO - Val:   loss 1.4183 acc1 59.78%
2026-06-14 19:32:45 - __main__ - INFO - 
Epoch 40/50 | lr 0.014042
2026-06-14 19:35:22 - __main__ - INFO - Train: loss 0.8059 acc1 72.12%
2026-06-14 19:35:22 - __main__ - INFO - Val:   loss 1.6300 acc1 57.26%
2026-06-14 19:35:22 - __main__ - INFO - 
Epoch 41/50 | lr 0.011707
2026-06-14 19:37:58 - __main__ - INFO - Train: loss 0.7611 acc1 73.88%
2026-06-14 19:37:58 - __main__ - INFO - Val:   loss 1.2390 acc1 65.80%
2026-06-14 19:37:58 - __main__ - INFO - saved best: 65.80%
2026-06-14 19:37:58 - __main__ - INFO - 
Epoch 42/50 | lr 0.009558
2026-06-14 19:40:34 - __main__ - INFO - Train: loss 0.7207 acc1 74.97%
2026-06-14 19:40:34 - __main__ - INFO - Val:   loss 1.1605 acc1 70.09%
2026-06-14 19:40:34 - __main__ - INFO - saved best: 70.09%
2026-06-14 19:40:34 - __main__ - INFO - 
Epoch 43/50 | lr 0.007607
2026-06-14 19:43:10 - __main__ - INFO - Train: loss 0.6704 acc1 76.69%
2026-06-14 19:43:10 - __main__ - INFO - Val:   loss 1.4520 acc1 62.17%
2026-06-14 19:43:10 - __main__ - INFO - 
Epoch 44/50 | lr 0.005862
2026-06-14 19:45:47 - __main__ - INFO - Train: loss 0.6240 acc1 78.26%
2026-06-14 19:45:47 - __main__ - INFO - Val:   loss 1.2510 acc1 65.86%
2026-06-14 19:45:47 - __main__ - INFO - 
Epoch 45/50 | lr 0.004332
2026-06-14 19:48:24 - __main__ - INFO - Train: loss 0.5826 acc1 79.48%
2026-06-14 19:48:24 - __main__ - INFO - Val:   loss 1.2320 acc1 69.02%
2026-06-14 19:48:24 - __main__ - INFO - 
Epoch 46/50 | lr 0.003025
2026-06-14 19:50:59 - __main__ - INFO - Train: loss 0.5504 acc1 80.75%
2026-06-14 19:50:59 - __main__ - INFO - Val:   loss 1.2277 acc1 69.81%
2026-06-14 19:50:59 - __main__ - INFO - 
Epoch 47/50 | lr 0.001947
2026-06-14 19:53:35 - __main__ - INFO - Train: loss 0.5170 acc1 81.86%
2026-06-14 19:53:35 - __main__ - INFO - Val:   loss 1.2211 acc1 69.75%
2026-06-14 19:53:35 - __main__ - INFO - 
Epoch 48/50 | lr 0.001103
2026-06-14 19:56:12 - __main__ - INFO - Train: loss 0.4910 acc1 82.62%
2026-06-14 19:56:12 - __main__ - INFO - Val:   loss 1.2205 acc1 69.88%
2026-06-14 19:56:12 - __main__ - INFO - 
Epoch 49/50 | lr 0.000497
2026-06-14 19:58:48 - __main__ - INFO - Train: loss 0.4702 acc1 83.39%
2026-06-14 19:58:48 - __main__ - INFO - Val:   loss 1.1957 acc1 70.40%
2026-06-14 19:58:48 - __main__ - INFO - saved best: 70.40%
2026-06-14 19:58:48 - __main__ - INFO - 
Epoch 50/50 | lr 0.000132
2026-06-14 20:01:23 - __main__ - INFO - Train: loss 0.4632 acc1 83.66%
2026-06-14 20:01:23 - __main__ - INFO - Val:   loss 1.1796 acc1 71.55%
2026-06-14 20:01:23 - __main__ - INFO - saved best: 71.55%
2026-06-14 20:01:23 - __main__ - INFO - Loaded best checkpoint weights for final test evaluation.
2026-06-14 20:01:26 - __main__ - INFO - 
Best tracked (val): 71.55%
2026-06-14 20:01:26 - __main__ - INFO - Final test: loss 1.1802 acc1 70.43%
2026-06-14 20:01:26 - __main__ - INFO - Saved best model checkpoint to runs/drive_zip/42/resnet18_seed42_cam_low_M4_area0.1/best_model.pt
