2026-02-25 23:37:09 - __main__ - INFO - Resolved training args for optuna_mask_trial0002_resnet18_cifar100_ep15_bs128_lr0.1_wd5e-04_ls0.05_wu5_maskcam_high_mwu0_mp0.75_ma0.4_mb8_cllayer3: {"amp": true, "batch_size": 128, "cam_layer": "layer3", "data_dir": "./data", "dataset": "cifar100", "epochs": 15, "gamma": 0.1, "label_smoothing": 0.05, "log_every": 100, "lr": 0.1, "mask_area": 0.4, "mask_block": 8, "mask_prob": 0.75, "mask_warmup_epochs": 0, "masking": "cam_high", "milestones": "60,80", "min_lr": 1e-05, "model": "resnet18", "momentum": 0.9, "nesterov": true, "num_workers": 2, "out_dir": "runs_optuna/resnet18/cifar100", "run_name": "optuna_mask_trial0002_resnet18_cifar100_ep15_bs128_lr0.1_wd5e-04_ls0.05_wu5_maskcam_high_mwu0_mp0.75_ma0.4_mb8_cllayer3", "scheduler": "cosine", "seed": 42, "val_split": 0.1, "warmup_epochs": 5, "weight_decay": 0.0005}
2026-02-25 23:37:09 - __main__ - INFO - device: cuda | cuda: True | gpu: NVIDIA L4
2026-02-25 23:37:12 - __main__ - INFO - Masking enabled: {'strategy': 'cam_high', 'warmup_epochs': 0, 'prob': 0.75, 'area': 0.4, 'block': 8}
2026-02-25 23:37:12 - __main__ - INFO - Model: resnet18 | Dataset: cifar100 | Classes: 100
2026-02-25 23:37:12 - __main__ - INFO - 
Epoch 1/15 | lr 0.000100
2026-02-25 23:38:05 - __main__ - INFO - Train: loss 4.6441 acc1 1.30% acc5 6.15%
2026-02-25 23:38:05 - __main__ - INFO - Val:   loss 4.5825 acc1 1.83% acc5 7.44%
2026-02-25 23:38:05 - __main__ - INFO - saved best: 1.83%
2026-02-25 23:38:05 - __main__ - INFO - 
Epoch 2/15 | lr 0.020080
2026-02-25 23:38:55 - __main__ - INFO - Train: loss 3.9738 acc1 9.92% acc5 29.79%
2026-02-25 23:38:55 - __main__ - INFO - Val:   loss 3.6976 acc1 15.77% acc5 41.29%
2026-02-25 23:38:55 - __main__ - INFO - saved best: 15.77%
2026-02-25 23:38:55 - __main__ - INFO - 
Epoch 3/15 | lr 0.040060
2026-02-25 23:39:46 - __main__ - INFO - Train: loss 3.5643 acc1 17.11% acc5 43.72%
2026-02-25 23:39:46 - __main__ - INFO - Val:   loss 3.4180 acc1 21.52% acc5 51.78%
2026-02-25 23:39:46 - __main__ - INFO - saved best: 21.52%
2026-02-25 23:39:46 - __main__ - INFO - 
Epoch 4/15 | lr 0.060040
2026-02-25 23:40:41 - __main__ - INFO - Train: loss 3.2801 acc1 22.33% acc5 52.33%
2026-02-25 23:40:41 - __main__ - INFO - Val:   loss 3.2529 acc1 26.33% acc5 56.50%
2026-02-25 23:40:41 - __main__ - INFO - saved best: 26.33%
2026-02-25 23:40:41 - __main__ - INFO - 
Epoch 5/15 | lr 0.080020
2026-02-25 23:41:35 - __main__ - INFO - Train: loss 3.0405 acc1 26.96% acc5 59.16%
2026-02-25 23:41:35 - __main__ - INFO - Val:   loss 2.8455 acc1 32.88% acc5 64.08%
2026-02-25 23:41:35 - __main__ - INFO - saved best: 32.88%
2026-02-25 23:41:35 - __main__ - INFO - 
Epoch 6/15 | lr 0.100000
2026-02-25 23:42:29 - __main__ - INFO - Train: loss 2.8559 acc1 31.53% acc5 63.98%
2026-02-25 23:42:29 - __main__ - INFO - Val:   loss 2.7235 acc1 35.93% acc5 67.36%
2026-02-25 23:42:29 - __main__ - INFO - saved best: 35.93%
2026-02-25 23:42:29 - __main__ - INFO - 
Epoch 7/15 | lr 0.097553
2026-02-25 23:43:23 - __main__ - INFO - Train: loss 2.6614 acc1 35.98% acc5 69.21%
2026-02-25 23:43:23 - __main__ - INFO - Val:   loss 2.6724 acc1 38.16% acc5 70.26%
2026-02-25 23:43:23 - __main__ - INFO - saved best: 38.16%
2026-02-25 23:43:23 - __main__ - INFO - 
Epoch 8/15 | lr 0.090452
2026-02-25 23:44:15 - __main__ - INFO - Train: loss 2.4788 acc1 40.19% acc5 73.42%
2026-02-25 23:44:15 - __main__ - INFO - Val:   loss 2.4612 acc1 42.33% acc5 74.38%
2026-02-25 23:44:15 - __main__ - INFO - saved best: 42.33%
2026-02-25 23:44:15 - __main__ - INFO - 
Epoch 9/15 | lr 0.079391
2026-02-25 23:45:08 - __main__ - INFO - Train: loss 2.3478 acc1 43.92% acc5 76.04%
2026-02-25 23:45:08 - __main__ - INFO - Val:   loss 2.1585 acc1 48.55% acc5 80.44%
2026-02-25 23:45:08 - __main__ - INFO - saved best: 48.55%
2026-02-25 23:45:08 - __main__ - INFO - 
Epoch 10/15 | lr 0.065454
2026-02-25 23:45:59 - __main__ - INFO - Train: loss 2.1964 acc1 47.56% acc5 79.65%
2026-02-25 23:45:59 - __main__ - INFO - Val:   loss 2.0773 acc1 51.16% acc5 82.57%
2026-02-25 23:45:59 - __main__ - INFO - saved best: 51.16%
2026-02-25 23:45:59 - __main__ - INFO - 
Epoch 11/15 | lr 0.050005
2026-02-25 23:46:50 - __main__ - INFO - Train: loss 2.0696 acc1 51.00% acc5 82.07%
2026-02-25 23:46:50 - __main__ - INFO - Val:   loss 1.9220 acc1 55.68% acc5 85.27%
2026-02-25 23:46:50 - __main__ - INFO - saved best: 55.68%
2026-02-25 23:46:50 - __main__ - INFO - 
Epoch 12/15 | lr 0.034556
2026-02-25 23:47:42 - __main__ - INFO - Train: loss 1.9304 acc1 54.98% acc5 84.50%
2026-02-25 23:47:42 - __main__ - INFO - Val:   loss 1.7825 acc1 59.18% acc5 87.60%
2026-02-25 23:47:42 - __main__ - INFO - saved best: 59.18%
2026-02-25 23:47:42 - __main__ - INFO - 
Epoch 13/15 | lr 0.020619
2026-02-25 23:48:34 - __main__ - INFO - Train: loss 1.7703 acc1 59.41% acc5 87.27%
2026-02-25 23:48:34 - __main__ - INFO - Val:   loss 1.6840 acc1 62.65% acc5 88.88%
2026-02-25 23:48:34 - __main__ - INFO - saved best: 62.65%
2026-02-25 23:48:34 - __main__ - INFO - 
Epoch 14/15 | lr 0.009558
2026-02-25 23:49:24 - __main__ - INFO - Train: loss 1.6291 acc1 63.87% acc5 89.73%
2026-02-25 23:49:24 - __main__ - INFO - Val:   loss 1.5928 acc1 65.03% acc5 90.60%
2026-02-25 23:49:24 - __main__ - INFO - saved best: 65.03%
2026-02-25 23:49:24 - __main__ - INFO - 
Epoch 15/15 | lr 0.002457
2026-02-25 23:50:15 - __main__ - INFO - Train: loss 1.5343 acc1 66.88% acc5 91.29%
2026-02-25 23:50:15 - __main__ - INFO - Val:   loss 1.5376 acc1 67.04% acc5 91.20%
2026-02-25 23:50:15 - __main__ - INFO - saved best: 67.04%
2026-02-25 23:50:16 - __main__ - INFO - 
Best tracked (val): 67.04%
2026-02-25 23:50:16 - __main__ - INFO - Final test: loss 1.5476 acc1 67.17% acc5 90.25%
2026-02-25 23:50:17 - graphics - INFO - Metrics plot saved to runs_optuna/resnet18/cifar100/optuna_mask_trial0002_resnet18_cifar100_ep15_bs128_lr0.1_wd5e-04_ls0.05_wu5_maskcam_high_mwu0_mp0.75_ma0.4_mb8_cllayer3/metrics_plot.png
2026-02-25 23:50:17 - __main__ - INFO - [Trial 2] Stage result | best_val_acc=0.670439 | best_so_far=0.670439
2026-02-25 23:50:17 - __main__ - INFO - [Trial 2] Stage 2/5 | epochs=30 | run=optuna_mask_trial0002_resnet18_cifar100_ep30_bs128_lr0.1_wd5e-04_ls0.05_wu5_maskcam_high_mwu0_mp0.75_ma0.4_mb8_cllayer3
