2026-02-26 10:26:50 - __main__ - INFO - Resolved training args for optuna_mask_trial0004_resnet18_cifar100_ep15_bs128_lr0.1_wd5e-04_ls0.05_wu5_maskcam_high_mwu30_mp1.0_ma0.3_mb4_cllayer3: {"amp": true, "batch_size": 128, "cam_layer": "layer3", "data_dir": "./data", "dataset": "cifar100", "epochs": 15, "gamma": 0.1, "label_smoothing": 0.05, "log_every": 100, "lr": 0.1, "mask_area": 0.3, "mask_block": 4, "mask_prob": 1.0, "mask_warmup_epochs": 30, "masking": "cam_high", "milestones": "60,80", "min_lr": 1e-05, "model": "resnet18", "momentum": 0.9, "nesterov": true, "num_workers": 2, "out_dir": "runs_optuna/resnet18/cifar100", "run_name": "optuna_mask_trial0004_resnet18_cifar100_ep15_bs128_lr0.1_wd5e-04_ls0.05_wu5_maskcam_high_mwu30_mp1.0_ma0.3_mb4_cllayer3", "scheduler": "cosine", "seed": 42, "val_split": 0.1, "warmup_epochs": 5, "weight_decay": 0.0005}
2026-02-26 10:26:50 - __main__ - INFO - device: cuda | cuda: True | gpu: NVIDIA L4
2026-02-26 10:26:53 - __main__ - INFO - Masking enabled: {'strategy': 'cam_high', 'warmup_epochs': 30, 'prob': 1.0, 'area': 0.3, 'block': 4}
2026-02-26 10:26:53 - __main__ - INFO - Model: resnet18 | Dataset: cifar100 | Classes: 100
2026-02-26 10:26:53 - __main__ - INFO - 
Epoch 1/15 | lr 0.000100
2026-02-26 10:27:03 - __main__ - INFO - Train: loss 4.6388 acc1 1.38% acc5 6.27%
2026-02-26 10:27:03 - __main__ - INFO - Val:   loss 4.5783 acc1 1.79% acc5 8.31%
2026-02-26 10:27:03 - __main__ - INFO - saved best: 1.79%
2026-02-26 10:27:03 - __main__ - INFO - 
Epoch 2/15 | lr 0.020080
2026-02-26 10:27:13 - __main__ - INFO - Train: loss 3.7992 acc1 13.30% acc5 36.13%
2026-02-26 10:27:13 - __main__ - INFO - Val:   loss 3.5632 acc1 19.22% acc5 45.72%
2026-02-26 10:27:13 - __main__ - INFO - saved best: 19.22%
2026-02-26 10:27:13 - __main__ - INFO - 
Epoch 3/15 | lr 0.040060
2026-02-26 10:27:23 - __main__ - INFO - Train: loss 3.2138 acc1 24.51% acc5 54.36%
2026-02-26 10:27:23 - __main__ - INFO - Val:   loss 3.0753 acc1 28.53% acc5 59.77%
2026-02-26 10:27:23 - __main__ - INFO - saved best: 28.53%
2026-02-26 10:27:23 - __main__ - INFO - 
Epoch 4/15 | lr 0.060040
2026-02-26 10:27:33 - __main__ - INFO - Train: loss 2.7728 acc1 33.82% acc5 66.56%
2026-02-26 10:27:33 - __main__ - INFO - Val:   loss 2.7838 acc1 36.45% acc5 68.18%
2026-02-26 10:27:33 - __main__ - INFO - saved best: 36.45%
2026-02-26 10:27:33 - __main__ - INFO - 
Epoch 5/15 | lr 0.080020
2026-02-26 10:27:44 - __main__ - INFO - Train: loss 2.4482 acc1 41.65% acc5 74.17%
2026-02-26 10:27:44 - __main__ - INFO - Val:   loss 2.7301 acc1 36.46% acc5 69.32%
2026-02-26 10:27:44 - __main__ - INFO - saved best: 36.46%
2026-02-26 10:27:44 - __main__ - INFO - 
Epoch 6/15 | lr 0.100000
2026-02-26 10:27:54 - __main__ - INFO - Train: loss 2.2347 acc1 47.03% acc5 78.97%
2026-02-26 10:27:54 - __main__ - INFO - Val:   loss 2.3437 acc1 44.17% acc5 76.30%
2026-02-26 10:27:54 - __main__ - INFO - saved best: 44.17%
2026-02-26 10:27:54 - __main__ - INFO - 
Epoch 7/15 | lr 0.097553
2026-02-26 10:28:04 - __main__ - INFO - Train: loss 2.0331 acc1 52.48% acc5 82.95%
2026-02-26 10:28:04 - __main__ - INFO - Val:   loss 2.6115 acc1 40.01% acc5 71.49%
2026-02-26 10:28:04 - __main__ - INFO - 
Epoch 8/15 | lr 0.090452
2026-02-26 10:28:13 - __main__ - INFO - Train: loss 1.8780 acc1 56.87% acc5 85.92%
2026-02-26 10:28:13 - __main__ - INFO - Val:   loss 2.0952 acc1 51.23% acc5 81.50%
2026-02-26 10:28:13 - __main__ - INFO - saved best: 51.23%
2026-02-26 10:28:13 - __main__ - INFO - 
Epoch 9/15 | lr 0.079391
2026-02-26 10:28:23 - __main__ - INFO - Train: loss 1.7467 acc1 60.32% acc5 88.08%
2026-02-26 10:28:23 - __main__ - INFO - Val:   loss 1.9689 acc1 54.01% acc5 84.00%
2026-02-26 10:28:23 - __main__ - INFO - saved best: 54.01%
2026-02-26 10:28:23 - __main__ - INFO - 
Epoch 10/15 | lr 0.065454
2026-02-26 10:28:34 - __main__ - INFO - Train: loss 1.6148 acc1 64.23% acc5 90.12%
2026-02-26 10:28:34 - __main__ - INFO - Val:   loss 1.9314 acc1 55.13% acc5 84.40%
2026-02-26 10:28:34 - __main__ - INFO - saved best: 55.13%
2026-02-26 10:28:34 - __main__ - INFO - 
Epoch 11/15 | lr 0.050005
2026-02-26 10:28:44 - __main__ - INFO - Train: loss 1.4802 acc1 67.88% acc5 92.39%
2026-02-26 10:28:44 - __main__ - INFO - Val:   loss 1.7481 acc1 60.26% acc5 88.12%
2026-02-26 10:28:44 - __main__ - INFO - saved best: 60.26%
2026-02-26 10:28:44 - __main__ - INFO - 
Epoch 12/15 | lr 0.034556
2026-02-26 10:28:54 - __main__ - INFO - Train: loss 1.3145 acc1 73.31% acc5 94.41%
2026-02-26 10:28:54 - __main__ - INFO - Val:   loss 1.6402 acc1 63.86% acc5 89.54%
2026-02-26 10:28:54 - __main__ - INFO - saved best: 63.86%
2026-02-26 10:28:54 - __main__ - INFO - 
Epoch 13/15 | lr 0.020619
2026-02-26 10:29:04 - __main__ - INFO - Train: loss 1.1499 acc1 78.96% acc5 96.32%
2026-02-26 10:29:04 - __main__ - INFO - Val:   loss 1.5099 acc1 67.16% acc5 91.33%
2026-02-26 10:29:04 - __main__ - INFO - saved best: 67.16%
2026-02-26 10:29:04 - __main__ - INFO - 
Epoch 14/15 | lr 0.009558
2026-02-26 10:29:14 - __main__ - INFO - Train: loss 1.0090 acc1 83.79% acc5 97.67%
2026-02-26 10:29:14 - __main__ - INFO - Val:   loss 1.4288 acc1 69.82% acc5 92.13%
2026-02-26 10:29:14 - __main__ - INFO - saved best: 69.82%
2026-02-26 10:29:14 - __main__ - INFO - 
Epoch 15/15 | lr 0.002457
2026-02-26 10:29:24 - __main__ - INFO - Train: loss 0.9150 acc1 87.26% acc5 98.48%
2026-02-26 10:29:24 - __main__ - INFO - Val:   loss 1.3908 acc1 71.27% acc5 92.56%
2026-02-26 10:29:24 - __main__ - INFO - saved best: 71.27%
2026-02-26 10:29:26 - __main__ - INFO - 
Best tracked (val): 71.27%
2026-02-26 10:29:26 - __main__ - INFO - Final test: loss 1.3971 acc1 71.58% acc5 92.35%
2026-02-26 10:29:27 - graphics - INFO - Metrics plot saved to runs_optuna/resnet18/cifar100/optuna_mask_trial0004_resnet18_cifar100_ep15_bs128_lr0.1_wd5e-04_ls0.05_wu5_maskcam_high_mwu30_mp1.0_ma0.3_mb4_cllayer3/metrics_plot.png
2026-02-26 10:29:27 - __main__ - INFO - [Trial 4] Stage result | best_val_acc=0.712672 | best_so_far=0.712672
2026-02-26 10:29:27 - __main__ - INFO - [Trial 4] Stage 2/5 | epochs=30 | run=optuna_mask_trial0004_resnet18_cifar100_ep30_bs128_lr0.1_wd5e-04_ls0.05_wu5_maskcam_high_mwu30_mp1.0_ma0.3_mb4_cllayer3
