2026-06-28 23:27:37 - __main__ - INFO - Run parameters: {"adamw_betas": [0.9, 0.999], "adamw_eps": 1e-08, "amp": true, "batch_size": 128, "cam_cache_dir": "", "cam_layer": "auto", "cam_precompute_only": false, "cam_precompute_windows": false, "cutout_area": 0.1, "cutout_m": 4, "cutout_mode": "random", "cutout_size": 0, "data_dir": "./data", "dataset": "malimg", "debug_cam_timing": false, "deterministic_train_transforms": true, "epochs": 100, "gamma": 0.1, "grayscale": false, "include_regex": "", "label_smoothing": 0.0, "log_every": 100, "lr": 0.1, "milestones": "60,80", "min_lr": 1e-05, "model": "resnet18", "momentum": 0.9, "nesterov": false, "num_workers": 4, "optimizer": "sgd", "out_dir": "runs/malimg/resnet18/42", "run_name": "resnet18_seed42_random_M4_area0.1", "saliency_candidate_percent": 10.0, "scheduler": "cosine", "seed": 42, "teacher_checkpoint": "", "teacher_model": "", "val_split": 0.1, "warmup_epochs": 5, "weight_decay": 0.0005}
2026-06-28 23:27:37 - __main__ - INFO - device: cuda | cuda: True | gpu: NVIDIA A100-SXM4-40GB
2026-06-28 23:27:38 - __main__ - INFO - Model: resnet18 | Dataset: malimg | Classes: 25 | Optimizer: sgd
2026-06-28 23:27:38 - __main__ - INFO - Cutout enabled: mode=random m=4 size=None area=0.1
2026-06-28 23:27:39 - __main__ - INFO - 
Epoch 1/100 | lr 0.000100
2026-06-28 23:28:26 - __main__ - INFO - Train: loss 2.1069 acc1 46.51%
2026-06-28 23:28:26 - __main__ - INFO - Val:   loss 1.6101 acc1 60.36%
2026-06-28 23:28:26 - __main__ - INFO - saved best: 60.36%
2026-06-28 23:28:26 - __main__ - INFO - 
Epoch 2/100 | lr 0.020080
2026-06-28 23:29:13 - __main__ - INFO - Train: loss 0.1647 acc1 95.15%
2026-06-28 23:29:13 - __main__ - INFO - Val:   loss 0.0809 acc1 97.53%
2026-06-28 23:29:13 - __main__ - INFO - saved best: 97.53%
2026-06-28 23:29:13 - __main__ - INFO - 
Epoch 3/100 | lr 0.040060
2026-06-28 23:29:59 - __main__ - INFO - Train: loss 0.0674 acc1 97.84%
2026-06-28 23:29:59 - __main__ - INFO - Val:   loss 0.0588 acc1 98.31%
2026-06-28 23:29:59 - __main__ - INFO - saved best: 98.31%
2026-06-28 23:29:59 - __main__ - INFO - 
Epoch 4/100 | lr 0.060040
2026-06-28 23:30:46 - __main__ - INFO - Train: loss 0.0681 acc1 98.01%
2026-06-28 23:30:46 - __main__ - INFO - Val:   loss 0.0718 acc1 97.99%
2026-06-28 23:30:46 - __main__ - INFO - 
Epoch 5/100 | lr 0.080020
2026-06-28 23:31:33 - __main__ - INFO - Train: loss 0.0529 acc1 98.42%
2026-06-28 23:31:33 - __main__ - INFO - Val:   loss 0.1087 acc1 97.67%
2026-06-28 23:31:33 - __main__ - INFO - 
Epoch 6/100 | lr 0.100000
2026-06-28 23:32:20 - __main__ - INFO - Train: loss 0.0479 acc1 98.58%
2026-06-28 23:32:20 - __main__ - INFO - Val:   loss 1.4861 acc1 71.62%
2026-06-28 23:32:20 - __main__ - INFO - 
Epoch 7/100 | lr 0.099973
2026-06-28 23:33:07 - __main__ - INFO - Train: loss 0.0732 acc1 97.96%
2026-06-28 23:33:07 - __main__ - INFO - Val:   loss 0.1020 acc1 98.25%
2026-06-28 23:33:07 - __main__ - INFO - 
Epoch 8/100 | lr 0.099891
2026-06-28 23:33:54 - __main__ - INFO - Train: loss 0.0440 acc1 98.65%
2026-06-28 23:33:54 - __main__ - INFO - Val:   loss 0.0928 acc1 97.83%
2026-06-28 23:33:54 - __main__ - INFO - 
Epoch 9/100 | lr 0.099754
2026-06-28 23:34:40 - __main__ - INFO - Train: loss 0.0405 acc1 98.79%
2026-06-28 23:34:40 - __main__ - INFO - Val:   loss 0.0861 acc1 97.73%
2026-06-28 23:34:40 - __main__ - INFO - 
Epoch 10/100 | lr 0.099563
2026-06-28 23:35:27 - __main__ - INFO - Train: loss 0.0400 acc1 98.80%
2026-06-28 23:35:27 - __main__ - INFO - Val:   loss 0.0845 acc1 97.89%
2026-06-28 23:35:27 - __main__ - INFO - 
Epoch 11/100 | lr 0.099318
2026-06-28 23:36:14 - __main__ - INFO - Train: loss 0.0440 acc1 98.69%
2026-06-28 23:36:14 - __main__ - INFO - Val:   loss 0.1537 acc1 97.34%
2026-06-28 23:36:14 - __main__ - INFO - 
Epoch 12/100 | lr 0.099019
2026-06-28 23:37:00 - __main__ - INFO - Train: loss 0.0496 acc1 98.56%
2026-06-28 23:37:00 - __main__ - INFO - Val:   loss 0.0829 acc1 97.99%
2026-06-28 23:37:00 - __main__ - INFO - 
Epoch 13/100 | lr 0.098666
2026-06-28 23:37:47 - __main__ - INFO - Train: loss 0.0437 acc1 98.71%
2026-06-28 23:37:47 - __main__ - INFO - Val:   loss 0.0855 acc1 97.95%
2026-06-28 23:37:47 - __main__ - INFO - 
Epoch 14/100 | lr 0.098261
2026-06-28 23:38:33 - __main__ - INFO - Train: loss 0.0383 acc1 98.86%
2026-06-28 23:38:33 - __main__ - INFO - Val:   loss 0.0763 acc1 97.99%
2026-06-28 23:38:33 - __main__ - INFO - 
Epoch 15/100 | lr 0.097802
2026-06-28 23:39:20 - __main__ - INFO - Train: loss 0.0381 acc1 98.86%
2026-06-28 23:39:20 - __main__ - INFO - Val:   loss 0.1909 acc1 92.16%
2026-06-28 23:39:20 - __main__ - INFO - 
Epoch 16/100 | lr 0.097291
2026-06-28 23:40:07 - __main__ - INFO - Train: loss 0.0505 acc1 98.53%
2026-06-28 23:40:07 - __main__ - INFO - Val:   loss 0.0874 acc1 98.15%
2026-06-28 23:40:07 - __main__ - INFO - 
Epoch 17/100 | lr 0.096729
2026-06-28 23:40:54 - __main__ - INFO - Train: loss 0.0444 acc1 98.64%
2026-06-28 23:40:54 - __main__ - INFO - Val:   loss 0.1364 acc1 95.67%
2026-06-28 23:40:54 - __main__ - INFO - 
Epoch 18/100 | lr 0.096115
2026-06-28 23:41:41 - __main__ - INFO - Train: loss 0.0486 acc1 98.58%
2026-06-28 23:41:41 - __main__ - INFO - Val:   loss 0.0635 acc1 98.25%
2026-06-28 23:41:41 - __main__ - INFO - 
Epoch 19/100 | lr 0.095451
2026-06-28 23:42:27 - __main__ - INFO - Train: loss 0.0410 acc1 98.75%
2026-06-28 23:42:27 - __main__ - INFO - Val:   loss 0.1005 acc1 97.05%
2026-06-28 23:42:27 - __main__ - INFO - 
Epoch 20/100 | lr 0.094737
2026-06-28 23:43:14 - __main__ - INFO - Train: loss 0.0440 acc1 98.70%
2026-06-28 23:43:14 - __main__ - INFO - Val:   loss 0.1764 acc1 95.88%
2026-06-28 23:43:14 - __main__ - INFO - 
Epoch 21/100 | lr 0.093974
2026-06-28 23:44:01 - __main__ - INFO - Train: loss 0.0480 acc1 98.57%
2026-06-28 23:44:01 - __main__ - INFO - Val:   loss 0.1322 acc1 96.92%
2026-06-28 23:44:01 - __main__ - INFO - 
Epoch 22/100 | lr 0.093164
2026-06-28 23:44:48 - __main__ - INFO - Train: loss 0.0440 acc1 98.68%
2026-06-28 23:44:48 - __main__ - INFO - Val:   loss 0.0903 acc1 98.02%
2026-06-28 23:44:48 - __main__ - INFO - 
Epoch 23/100 | lr 0.092306
2026-06-28 23:45:34 - __main__ - INFO - Train: loss 0.0415 acc1 98.79%
2026-06-28 23:45:34 - __main__ - INFO - Val:   loss 0.0849 acc1 97.50%
2026-06-28 23:45:34 - __main__ - INFO - 
Epoch 24/100 | lr 0.091401
2026-06-28 23:46:21 - __main__ - INFO - Train: loss 0.0440 acc1 98.68%
2026-06-28 23:46:21 - __main__ - INFO - Val:   loss 0.4276 acc1 89.64%
2026-06-28 23:46:21 - __main__ - INFO - 
Epoch 25/100 | lr 0.090452
2026-06-28 23:47:08 - __main__ - INFO - Train: loss 0.0478 acc1 98.58%
2026-06-28 23:47:08 - __main__ - INFO - Val:   loss 1.7352 acc1 68.43%
2026-06-28 23:47:08 - __main__ - INFO - 
Epoch 26/100 | lr 0.089458
2026-06-28 23:47:55 - __main__ - INFO - Train: loss 0.0413 acc1 98.76%
2026-06-28 23:47:55 - __main__ - INFO - Val:   loss 0.1016 acc1 98.02%
2026-06-28 23:47:55 - __main__ - INFO - 
Epoch 27/100 | lr 0.088421
2026-06-28 23:48:42 - __main__ - INFO - Train: loss 0.0509 acc1 98.59%
2026-06-28 23:48:42 - __main__ - INFO - Val:   loss 0.6489 acc1 77.88%
2026-06-28 23:48:42 - __main__ - INFO - 
Epoch 28/100 | lr 0.087342
2026-06-28 23:49:29 - __main__ - INFO - Train: loss 0.0522 acc1 98.49%
2026-06-28 23:49:29 - __main__ - INFO - Val:   loss 0.1967 acc1 97.28%
2026-06-28 23:49:29 - __main__ - INFO - 
Epoch 29/100 | lr 0.086223
2026-06-28 23:50:16 - __main__ - INFO - Train: loss 0.0426 acc1 98.75%
2026-06-28 23:50:16 - __main__ - INFO - Val:   loss 0.0654 acc1 97.83%
2026-06-28 23:50:16 - __main__ - INFO - 
Epoch 30/100 | lr 0.085063
2026-06-28 23:51:02 - __main__ - INFO - Train: loss 0.0409 acc1 98.77%
2026-06-28 23:51:02 - __main__ - INFO - Val:   loss 0.0810 acc1 97.76%
2026-06-28 23:51:02 - __main__ - INFO - 
Epoch 31/100 | lr 0.083866
2026-06-28 23:51:49 - __main__ - INFO - Train: loss 0.0455 acc1 98.65%
2026-06-28 23:51:49 - __main__ - INFO - Val:   loss 0.1706 acc1 96.86%
2026-06-28 23:51:49 - __main__ - INFO - 
Epoch 32/100 | lr 0.082631
2026-06-28 23:52:36 - __main__ - INFO - Train: loss 0.0441 acc1 98.71%
2026-06-28 23:52:36 - __main__ - INFO - Val:   loss 0.0907 acc1 97.92%
2026-06-28 23:52:36 - __main__ - INFO - 
Epoch 33/100 | lr 0.081361
2026-06-28 23:53:23 - __main__ - INFO - Train: loss 0.0373 acc1 98.87%
2026-06-28 23:53:23 - __main__ - INFO - Val:   loss 0.0944 acc1 97.99%
2026-06-28 23:53:23 - __main__ - INFO - 
Epoch 34/100 | lr 0.080056
2026-06-28 23:54:10 - __main__ - INFO - Train: loss 0.0463 acc1 98.68%
2026-06-28 23:54:10 - __main__ - INFO - Val:   loss 0.0930 acc1 97.73%
2026-06-28 23:54:10 - __main__ - INFO - 
Epoch 35/100 | lr 0.078719
2026-06-28 23:54:56 - __main__ - INFO - Train: loss 0.0424 acc1 98.76%
2026-06-28 23:54:56 - __main__ - INFO - Val:   loss 0.0789 acc1 97.89%
2026-06-28 23:54:56 - __main__ - INFO - 
Epoch 36/100 | lr 0.077350
2026-06-28 23:55:43 - __main__ - INFO - Train: loss 0.0372 acc1 98.86%
2026-06-28 23:55:43 - __main__ - INFO - Val:   loss 0.1002 acc1 98.09%
2026-06-28 23:55:43 - __main__ - INFO - 
Epoch 37/100 | lr 0.075951
2026-06-28 23:56:29 - __main__ - INFO - Train: loss 0.0454 acc1 98.70%
2026-06-28 23:56:29 - __main__ - INFO - Val:   loss 0.1126 acc1 97.50%
2026-06-28 23:56:29 - __main__ - INFO - 
Epoch 38/100 | lr 0.074524
2026-06-28 23:57:16 - __main__ - INFO - Train: loss 0.0427 acc1 98.74%
2026-06-28 23:57:16 - __main__ - INFO - Val:   loss 0.0807 acc1 97.63%
2026-06-28 23:57:16 - __main__ - INFO - 
Epoch 39/100 | lr 0.073070
2026-06-28 23:58:02 - __main__ - INFO - Train: loss 0.0421 acc1 98.77%
2026-06-28 23:58:02 - __main__ - INFO - Val:   loss 0.1123 acc1 96.89%
2026-06-28 23:58:02 - __main__ - INFO - 
Epoch 40/100 | lr 0.071591
2026-06-28 23:58:49 - __main__ - INFO - Train: loss 0.0416 acc1 98.77%
2026-06-28 23:58:49 - __main__ - INFO - Val:   loss 0.0932 acc1 97.73%
2026-06-28 23:58:49 - __main__ - INFO - 
Epoch 41/100 | lr 0.070088
2026-06-28 23:59:36 - __main__ - INFO - Train: loss 0.0409 acc1 98.77%
2026-06-28 23:59:36 - __main__ - INFO - Val:   loss 0.0841 acc1 97.83%
2026-06-28 23:59:36 - __main__ - INFO - 
Epoch 42/100 | lr 0.068563
2026-06-29 00:00:22 - __main__ - INFO - Train: loss 0.0398 acc1 98.80%
2026-06-29 00:00:22 - __main__ - INFO - Val:   loss 0.1265 acc1 98.09%
2026-06-29 00:00:22 - __main__ - INFO - 
Epoch 43/100 | lr 0.067018
2026-06-29 00:01:09 - __main__ - INFO - Train: loss 0.0325 acc1 99.01%
2026-06-29 00:01:09 - __main__ - INFO - Val:   loss 0.0544 acc1 99.16%
2026-06-29 00:01:09 - __main__ - INFO - saved best: 99.16%
2026-06-29 00:01:09 - __main__ - INFO - 
Epoch 44/100 | lr 0.065454
2026-06-29 00:01:56 - __main__ - INFO - Train: loss 0.0330 acc1 99.09%
2026-06-29 00:01:56 - __main__ - INFO - Val:   loss 0.1206 acc1 96.72%
2026-06-29 00:01:56 - __main__ - INFO - 
Epoch 45/100 | lr 0.063874
2026-06-29 00:02:43 - __main__ - INFO - Train: loss 0.0427 acc1 98.73%
2026-06-29 00:02:43 - __main__ - INFO - Val:   loss 0.0933 acc1 98.02%
2026-06-29 00:02:43 - __main__ - INFO - 
Epoch 46/100 | lr 0.062278
2026-06-29 00:03:30 - __main__ - INFO - Train: loss 0.0348 acc1 98.96%
2026-06-29 00:03:30 - __main__ - INFO - Val:   loss 0.0998 acc1 97.67%
2026-06-29 00:03:30 - __main__ - INFO - 
Epoch 47/100 | lr 0.060669
2026-06-29 00:04:16 - __main__ - INFO - Train: loss 0.0405 acc1 98.77%
2026-06-29 00:04:16 - __main__ - INFO - Val:   loss 0.1518 acc1 96.70%
2026-06-29 00:04:16 - __main__ - INFO - 
Epoch 48/100 | lr 0.059048
2026-06-29 00:05:03 - __main__ - INFO - Train: loss 0.0179 acc1 99.56%
2026-06-29 00:05:03 - __main__ - INFO - Val:   loss 0.0752 acc1 98.54%
2026-06-29 00:05:03 - __main__ - INFO - 
Epoch 49/100 | lr 0.057417
2026-06-29 00:05:50 - __main__ - INFO - Train: loss 0.0101 acc1 99.75%
2026-06-29 00:05:50 - __main__ - INFO - Val:   loss 0.0556 acc1 99.00%
2026-06-29 00:05:50 - __main__ - INFO - 
Epoch 50/100 | lr 0.055779
2026-06-29 00:06:37 - __main__ - INFO - Train: loss 0.0012 acc1 100.00%
2026-06-29 00:06:37 - __main__ - INFO - Val:   loss 0.0559 acc1 98.71%
2026-06-29 00:06:37 - __main__ - INFO - 
Epoch 51/100 | lr 0.054134
2026-06-29 00:07:24 - __main__ - INFO - Train: loss 0.0027 acc1 99.97%
2026-06-29 00:07:24 - __main__ - INFO - Val:   loss 0.0521 acc1 98.71%
2026-06-29 00:07:24 - __main__ - INFO - 
Epoch 52/100 | lr 0.052484
2026-06-29 00:08:11 - __main__ - INFO - Train: loss 0.0213 acc1 99.50%
2026-06-29 00:08:11 - __main__ - INFO - Val:   loss 0.1412 acc1 97.37%
2026-06-29 00:08:11 - __main__ - INFO - 
Epoch 53/100 | lr 0.050832
2026-06-29 00:08:58 - __main__ - INFO - Train: loss 0.0266 acc1 99.26%
2026-06-29 00:08:58 - __main__ - INFO - Val:   loss 0.0512 acc1 98.80%
2026-06-29 00:08:58 - __main__ - INFO - 
Epoch 54/100 | lr 0.049178
2026-06-29 00:09:45 - __main__ - INFO - Train: loss 0.0039 acc1 99.91%
2026-06-29 00:09:45 - __main__ - INFO - Val:   loss 0.0668 acc1 98.45%
2026-06-29 00:09:45 - __main__ - INFO - 
Epoch 55/100 | lr 0.047526
2026-06-29 00:10:32 - __main__ - INFO - Train: loss 0.0038 acc1 99.94%
2026-06-29 00:10:32 - __main__ - INFO - Val:   loss 0.0518 acc1 98.80%
2026-06-29 00:10:32 - __main__ - INFO - 
Epoch 56/100 | lr 0.045876
2026-06-29 00:11:20 - __main__ - INFO - Train: loss 0.0016 acc1 100.00%
2026-06-29 00:11:20 - __main__ - INFO - Val:   loss 0.0504 acc1 98.90%
2026-06-29 00:11:20 - __main__ - INFO - 
Epoch 57/100 | lr 0.044231
2026-06-29 00:12:07 - __main__ - INFO - Train: loss 0.0015 acc1 100.00%
2026-06-29 00:12:07 - __main__ - INFO - Val:   loss 0.0516 acc1 98.90%
2026-06-29 00:12:07 - __main__ - INFO - 
Epoch 58/100 | lr 0.042593
2026-06-29 00:12:53 - __main__ - INFO - Train: loss 0.0016 acc1 100.00%
2026-06-29 00:12:53 - __main__ - INFO - Val:   loss 0.0506 acc1 98.80%
2026-06-29 00:12:53 - __main__ - INFO - 
Epoch 59/100 | lr 0.040962
2026-06-29 00:13:40 - __main__ - INFO - Train: loss 0.0018 acc1 100.00%
2026-06-29 00:13:40 - __main__ - INFO - Val:   loss 0.0515 acc1 98.90%
2026-06-29 00:13:40 - __main__ - INFO - 
Epoch 60/100 | lr 0.039341
2026-06-29 00:14:27 - __main__ - INFO - Train: loss 0.0242 acc1 99.45%
2026-06-29 00:14:27 - __main__ - INFO - Val:   loss 0.1240 acc1 97.37%
2026-06-29 00:14:27 - __main__ - INFO - 
Epoch 61/100 | lr 0.037732
2026-06-29 00:15:14 - __main__ - INFO - Train: loss 0.0082 acc1 99.86%
2026-06-29 00:15:14 - __main__ - INFO - Val:   loss 0.0534 acc1 99.03%
2026-06-29 00:15:14 - __main__ - INFO - 
Epoch 62/100 | lr 0.036136
2026-06-29 00:16:00 - __main__ - INFO - Train: loss 0.0056 acc1 99.88%
2026-06-29 00:16:00 - __main__ - INFO - Val:   loss 0.3358 acc1 80.30%
2026-06-29 00:16:00 - __main__ - INFO - 
Epoch 63/100 | lr 0.034556
2026-06-29 00:16:47 - __main__ - INFO - Train: loss 0.0053 acc1 99.92%
2026-06-29 00:16:47 - __main__ - INFO - Val:   loss 0.0570 acc1 98.64%
2026-06-29 00:16:47 - __main__ - INFO - 
Epoch 64/100 | lr 0.032992
2026-06-29 00:17:35 - __main__ - INFO - Train: loss 0.0014 acc1 99.99%
2026-06-29 00:17:35 - __main__ - INFO - Val:   loss 0.0589 acc1 98.54%
2026-06-29 00:17:35 - __main__ - INFO - 
Epoch 65/100 | lr 0.031447
2026-06-29 00:18:22 - __main__ - INFO - Train: loss 0.0015 acc1 99.99%
2026-06-29 00:18:22 - __main__ - INFO - Val:   loss 0.0555 acc1 98.74%
2026-06-29 00:18:22 - __main__ - INFO - 
Epoch 66/100 | lr 0.029922
2026-06-29 00:19:09 - __main__ - INFO - Train: loss 0.0015 acc1 100.00%
2026-06-29 00:19:09 - __main__ - INFO - Val:   loss 0.0557 acc1 98.71%
2026-06-29 00:19:09 - __main__ - INFO - 
Epoch 67/100 | lr 0.028419
2026-06-29 00:19:56 - __main__ - INFO - Train: loss 0.0016 acc1 100.00%
2026-06-29 00:19:56 - __main__ - INFO - Val:   loss 0.0542 acc1 98.71%
2026-06-29 00:19:56 - __main__ - INFO - 
Epoch 68/100 | lr 0.026940
2026-06-29 00:20:43 - __main__ - INFO - Train: loss 0.0053 acc1 99.93%
2026-06-29 00:20:43 - __main__ - INFO - Val:   loss 0.0655 acc1 98.61%
2026-06-29 00:20:43 - __main__ - INFO - 
Epoch 69/100 | lr 0.025486
2026-06-29 00:21:30 - __main__ - INFO - Train: loss 0.0033 acc1 99.96%
2026-06-29 00:21:30 - __main__ - INFO - Val:   loss 0.0736 acc1 98.25%
2026-06-29 00:21:30 - __main__ - INFO - 
Epoch 70/100 | lr 0.024059
2026-06-29 00:22:16 - __main__ - INFO - Train: loss 0.0035 acc1 99.96%
2026-06-29 00:22:16 - __main__ - INFO - Val:   loss 0.0573 acc1 98.71%
2026-06-29 00:22:16 - __main__ - INFO - 
Epoch 71/100 | lr 0.022660
2026-06-29 00:23:03 - __main__ - INFO - Train: loss 0.0015 acc1 100.00%
2026-06-29 00:23:03 - __main__ - INFO - Val:   loss 0.0543 acc1 98.45%
2026-06-29 00:23:03 - __main__ - INFO - 
Epoch 72/100 | lr 0.021291
2026-06-29 00:23:50 - __main__ - INFO - Train: loss 0.0029 acc1 99.98%
2026-06-29 00:23:50 - __main__ - INFO - Val:   loss 0.0528 acc1 98.54%
2026-06-29 00:23:50 - __main__ - INFO - 
Epoch 73/100 | lr 0.019954
2026-06-29 00:24:36 - __main__ - INFO - Train: loss 0.0017 acc1 100.00%
2026-06-29 00:24:36 - __main__ - INFO - Val:   loss 0.0475 acc1 98.77%
2026-06-29 00:24:36 - __main__ - INFO - 
Epoch 74/100 | lr 0.018649
2026-06-29 00:25:23 - __main__ - INFO - Train: loss 0.0015 acc1 100.00%
2026-06-29 00:25:23 - __main__ - INFO - Val:   loss 0.0434 acc1 98.77%
2026-06-29 00:25:23 - __main__ - INFO - 
Epoch 75/100 | lr 0.017379
2026-06-29 00:26:10 - __main__ - INFO - Train: loss 0.0021 acc1 99.98%
2026-06-29 00:26:10 - __main__ - INFO - Val:   loss 1.7459 acc1 85.96%
2026-06-29 00:26:10 - __main__ - INFO - 
Epoch 76/100 | lr 0.016144
2026-06-29 00:26:57 - __main__ - INFO - Train: loss 0.0027 acc1 99.99%
2026-06-29 00:26:57 - __main__ - INFO - Val:   loss 0.0522 acc1 98.61%
2026-06-29 00:26:57 - __main__ - INFO - 
Epoch 77/100 | lr 0.014947
2026-06-29 00:27:43 - __main__ - INFO - Train: loss 0.0017 acc1 100.00%
2026-06-29 00:27:43 - __main__ - INFO - Val:   loss 0.0515 acc1 98.61%
2026-06-29 00:27:43 - __main__ - INFO - 
Epoch 78/100 | lr 0.013787
2026-06-29 00:28:31 - __main__ - INFO - Train: loss 0.0017 acc1 100.00%
2026-06-29 00:28:31 - __main__ - INFO - Val:   loss 0.0501 acc1 98.61%
2026-06-29 00:28:31 - __main__ - INFO - 
Epoch 79/100 | lr 0.012668
2026-06-29 00:29:17 - __main__ - INFO - Train: loss 0.0023 acc1 99.99%
2026-06-29 00:29:17 - __main__ - INFO - Val:   loss 0.0629 acc1 98.45%
2026-06-29 00:29:17 - __main__ - INFO - 
Epoch 80/100 | lr 0.011589
2026-06-29 00:30:04 - __main__ - INFO - Train: loss 0.0018 acc1 99.99%
2026-06-29 00:30:04 - __main__ - INFO - Val:   loss 0.0560 acc1 98.61%
2026-06-29 00:30:04 - __main__ - INFO - 
Epoch 81/100 | lr 0.010552
2026-06-29 00:30:51 - __main__ - INFO - Train: loss 0.0016 acc1 100.00%
2026-06-29 00:30:51 - __main__ - INFO - Val:   loss 0.0578 acc1 98.61%
2026-06-29 00:30:51 - __main__ - INFO - 
Epoch 82/100 | lr 0.009558
2026-06-29 00:31:38 - __main__ - INFO - Train: loss 0.0017 acc1 100.00%
2026-06-29 00:31:38 - __main__ - INFO - Val:   loss 0.0523 acc1 98.77%
2026-06-29 00:31:38 - __main__ - INFO - 
Epoch 83/100 | lr 0.008609
2026-06-29 00:32:25 - __main__ - INFO - Train: loss 0.0016 acc1 100.00%
2026-06-29 00:32:25 - __main__ - INFO - Val:   loss 0.0592 acc1 98.61%
2026-06-29 00:32:25 - __main__ - INFO - 
Epoch 84/100 | lr 0.007704
2026-06-29 00:33:12 - __main__ - INFO - Train: loss 0.0016 acc1 100.00%
2026-06-29 00:33:12 - __main__ - INFO - Val:   loss 0.0529 acc1 98.61%
2026-06-29 00:33:12 - __main__ - INFO - 
Epoch 85/100 | lr 0.006846
2026-06-29 00:33:59 - __main__ - INFO - Train: loss 0.0016 acc1 100.00%
2026-06-29 00:33:59 - __main__ - INFO - Val:   loss 0.0513 acc1 98.54%
2026-06-29 00:33:59 - __main__ - INFO - 
Epoch 86/100 | lr 0.006036
2026-06-29 00:34:46 - __main__ - INFO - Train: loss 0.0016 acc1 100.00%
2026-06-29 00:34:46 - __main__ - INFO - Val:   loss 0.0518 acc1 98.61%
2026-06-29 00:34:46 - __main__ - INFO - 
Epoch 87/100 | lr 0.005273
2026-06-29 00:35:32 - __main__ - INFO - Train: loss 0.0016 acc1 100.00%
2026-06-29 00:35:32 - __main__ - INFO - Val:   loss 0.0539 acc1 98.45%
2026-06-29 00:35:32 - __main__ - INFO - 
Epoch 88/100 | lr 0.004559
2026-06-29 00:36:19 - __main__ - INFO - Train: loss 0.0016 acc1 100.00%
2026-06-29 00:36:19 - __main__ - INFO - Val:   loss 0.0521 acc1 98.45%
2026-06-29 00:36:19 - __main__ - INFO - 
Epoch 89/100 | lr 0.003895
2026-06-29 00:37:07 - __main__ - INFO - Train: loss 0.0017 acc1 100.00%
2026-06-29 00:37:07 - __main__ - INFO - Val:   loss 0.0494 acc1 98.45%
2026-06-29 00:37:07 - __main__ - INFO - 
Epoch 90/100 | lr 0.003281
2026-06-29 00:37:53 - __main__ - INFO - Train: loss 0.0016 acc1 100.00%
2026-06-29 00:37:53 - __main__ - INFO - Val:   loss 0.0505 acc1 98.61%
2026-06-29 00:37:53 - __main__ - INFO - 
Epoch 91/100 | lr 0.002719
2026-06-29 00:38:40 - __main__ - INFO - Train: loss 0.0016 acc1 100.00%
2026-06-29 00:38:40 - __main__ - INFO - Val:   loss 0.0517 acc1 98.71%
2026-06-29 00:38:40 - __main__ - INFO - 
Epoch 92/100 | lr 0.002208
2026-06-29 00:39:27 - __main__ - INFO - Train: loss 0.0016 acc1 100.00%
2026-06-29 00:39:27 - __main__ - INFO - Val:   loss 0.0526 acc1 98.61%
2026-06-29 00:39:27 - __main__ - INFO - 
Epoch 93/100 | lr 0.001749
2026-06-29 00:40:14 - __main__ - INFO - Train: loss 0.0016 acc1 100.00%
2026-06-29 00:40:14 - __main__ - INFO - Val:   loss 0.0523 acc1 98.61%
2026-06-29 00:40:14 - __main__ - INFO - 
Epoch 94/100 | lr 0.001344
2026-06-29 00:41:01 - __main__ - INFO - Train: loss 0.0016 acc1 100.00%
2026-06-29 00:41:01 - __main__ - INFO - Val:   loss 0.0511 acc1 98.45%
2026-06-29 00:41:01 - __main__ - INFO - 
Epoch 95/100 | lr 0.000991
2026-06-29 00:41:48 - __main__ - INFO - Train: loss 0.0016 acc1 100.00%
2026-06-29 00:41:48 - __main__ - INFO - Val:   loss 0.0501 acc1 98.54%
2026-06-29 00:41:48 - __main__ - INFO - 
Epoch 96/100 | lr 0.000692
2026-06-29 00:42:35 - __main__ - INFO - Train: loss 0.0016 acc1 100.00%
2026-06-29 00:42:35 - __main__ - INFO - Val:   loss 0.0517 acc1 98.45%
2026-06-29 00:42:35 - __main__ - INFO - 
Epoch 97/100 | lr 0.000447
2026-06-29 00:43:22 - __main__ - INFO - Train: loss 0.0016 acc1 100.00%
2026-06-29 00:43:22 - __main__ - INFO - Val:   loss 0.0518 acc1 98.45%
2026-06-29 00:43:22 - __main__ - INFO - 
Epoch 98/100 | lr 0.000256
2026-06-29 00:44:09 - __main__ - INFO - Train: loss 0.0016 acc1 100.00%
2026-06-29 00:44:09 - __main__ - INFO - Val:   loss 0.0511 acc1 98.45%
2026-06-29 00:44:09 - __main__ - INFO - 
Epoch 99/100 | lr 0.000119
2026-06-29 00:44:56 - __main__ - INFO - Train: loss 0.0016 acc1 100.00%
2026-06-29 00:44:56 - __main__ - INFO - Val:   loss 0.0557 acc1 98.45%
2026-06-29 00:44:56 - __main__ - INFO - 
Epoch 100/100 | lr 0.000037
2026-06-29 00:45:42 - __main__ - INFO - Train: loss 0.0016 acc1 100.00%
2026-06-29 00:45:42 - __main__ - INFO - Val:   loss 0.0536 acc1 98.45%
2026-06-29 00:45:42 - __main__ - INFO - Loaded best checkpoint weights for final test evaluation.
2026-06-29 00:45:44 - __main__ - INFO - 
Best tracked (val): 99.16%
2026-06-29 00:45:44 - __main__ - INFO - Final test: loss 0.0329 acc1 99.24%
2026-06-29 00:45:44 - __main__ - INFO - Saved best model checkpoint to runs/malimg/resnet18/42/resnet18_seed42_random_M4_area0.1/best_model.pt
