2026-02-26 06:44:03 - __main__ - INFO - Resolved training args for optuna_mask_trial0003_resnet18_cifar100_ep150_bs128_lr0.1_wd5e-04_ls0.05_wu5_maskcam_high_mwu0_mp1.0_ma0.3_mb6_cllayer4: {"amp": true, "batch_size": 128, "cam_layer": "layer4", "data_dir": "./data", "dataset": "cifar100", "epochs": 150, "gamma": 0.1, "label_smoothing": 0.05, "log_every": 100, "lr": 0.1, "mask_area": 0.3, "mask_block": 6, "mask_prob": 1.0, "mask_warmup_epochs": 0, "masking": "cam_high", "milestones": "60,80", "min_lr": 1e-05, "model": "resnet18", "momentum": 0.9, "nesterov": true, "num_workers": 2, "out_dir": "runs_optuna/resnet18/cifar100", "run_name": "optuna_mask_trial0003_resnet18_cifar100_ep150_bs128_lr0.1_wd5e-04_ls0.05_wu5_maskcam_high_mwu0_mp1.0_ma0.3_mb6_cllayer4", "scheduler": "cosine", "seed": 42, "val_split": 0.1, "warmup_epochs": 5, "weight_decay": 0.0005}
2026-02-26 06:44:03 - __main__ - INFO - device: cuda | cuda: True | gpu: NVIDIA L4
2026-02-26 06:44:06 - __main__ - INFO - Masking enabled: {'strategy': 'cam_high', 'warmup_epochs': 0, 'prob': 1.0, 'area': 0.3, 'block': 6}
2026-02-26 06:44:06 - __main__ - INFO - Model: resnet18 | Dataset: cifar100 | Classes: 100
2026-02-26 06:44:06 - __main__ - INFO - 
Epoch 1/150 | lr 0.000100
2026-02-26 06:45:33 - __main__ - INFO - Train: loss 4.6420 acc1 1.36% acc5 6.17%
2026-02-26 06:45:33 - __main__ - INFO - Val:   loss 4.5824 acc1 1.85% acc5 7.64%
2026-02-26 06:45:33 - __main__ - INFO - saved best: 1.85%
2026-02-26 06:45:33 - __main__ - INFO - 
Epoch 2/150 | lr 0.020080
2026-02-26 06:47:02 - __main__ - INFO - Train: loss 3.9599 acc1 10.39% acc5 30.39%
2026-02-26 06:47:02 - __main__ - INFO - Val:   loss 3.7844 acc1 14.48% acc5 39.42%
2026-02-26 06:47:02 - __main__ - INFO - saved best: 14.48%
2026-02-26 06:47:02 - __main__ - INFO - 
Epoch 3/150 | lr 0.040060
2026-02-26 06:48:31 - __main__ - INFO - Train: loss 3.5534 acc1 17.50% acc5 44.12%
2026-02-26 06:48:31 - __main__ - INFO - Val:   loss 3.3877 acc1 21.12% acc5 50.29%
2026-02-26 06:48:31 - __main__ - INFO - saved best: 21.12%
2026-02-26 06:48:31 - __main__ - INFO - 
Epoch 4/150 | lr 0.060040
2026-02-26 06:50:00 - __main__ - INFO - Train: loss 3.2687 acc1 23.03% acc5 52.73%
2026-02-26 06:50:00 - __main__ - INFO - Val:   loss 3.3237 acc1 25.32% acc5 54.21%
2026-02-26 06:50:00 - __main__ - INFO - saved best: 25.32%
2026-02-26 06:50:00 - __main__ - INFO - 
Epoch 5/150 | lr 0.080020
2026-02-26 06:51:29 - __main__ - INFO - Train: loss 3.0300 acc1 27.84% acc5 59.15%
2026-02-26 06:51:29 - __main__ - INFO - Val:   loss 3.1769 acc1 27.34% acc5 56.31%
2026-02-26 06:51:29 - __main__ - INFO - saved best: 27.34%
2026-02-26 06:51:29 - __main__ - INFO - 
Epoch 6/150 | lr 0.100000
2026-02-26 06:52:58 - __main__ - INFO - Train: loss 2.8469 acc1 31.67% acc5 64.14%
2026-02-26 06:52:58 - __main__ - INFO - Val:   loss 2.7274 acc1 36.12% acc5 68.07%
2026-02-26 06:52:58 - __main__ - INFO - saved best: 36.12%
2026-02-26 06:52:58 - __main__ - INFO - 
Epoch 7/150 | lr 0.099988
2026-02-26 06:54:27 - __main__ - INFO - Train: loss 2.6574 acc1 36.17% acc5 69.00%
2026-02-26 06:54:27 - __main__ - INFO - Val:   loss 2.6705 acc1 38.49% acc5 69.52%
2026-02-26 06:54:27 - __main__ - INFO - saved best: 38.49%
2026-02-26 06:54:27 - __main__ - INFO - 
Epoch 8/150 | lr 0.099953
2026-02-26 06:55:56 - __main__ - INFO - Train: loss 2.5314 acc1 39.54% acc5 71.94%
2026-02-26 06:55:56 - __main__ - INFO - Val:   loss 2.4486 acc1 41.82% acc5 73.31%
2026-02-26 06:55:56 - __main__ - INFO - saved best: 41.82%
2026-02-26 06:55:56 - __main__ - INFO - 
Epoch 9/150 | lr 0.099894
2026-02-26 06:57:25 - __main__ - INFO - Train: loss 2.4348 acc1 41.79% acc5 74.22%
2026-02-26 06:57:25 - __main__ - INFO - Val:   loss 2.3341 acc1 44.06% acc5 77.13%
2026-02-26 06:57:25 - __main__ - INFO - saved best: 44.06%
2026-02-26 06:57:25 - __main__ - INFO - 
Epoch 10/150 | lr 0.099812
2026-02-26 06:58:54 - __main__ - INFO - Train: loss 2.3658 acc1 43.67% acc5 75.58%
2026-02-26 06:58:54 - __main__ - INFO - Val:   loss 2.3867 acc1 43.03% acc5 74.83%
2026-02-26 06:58:54 - __main__ - INFO - 
Epoch 11/150 | lr 0.099707
2026-02-26 07:00:22 - __main__ - INFO - Train: loss 2.3101 acc1 44.82% acc5 76.80%
2026-02-26 07:00:22 - __main__ - INFO - Val:   loss 2.3952 acc1 43.61% acc5 75.09%
2026-02-26 07:00:22 - __main__ - INFO - 
Epoch 12/150 | lr 0.099578
2026-02-26 07:01:51 - __main__ - INFO - Train: loss 2.2573 acc1 46.33% acc5 78.08%
2026-02-26 07:01:51 - __main__ - INFO - Val:   loss 2.4135 acc1 44.23% acc5 75.14%
2026-02-26 07:01:51 - __main__ - INFO - saved best: 44.23%
2026-02-26 07:01:51 - __main__ - INFO - 
Epoch 13/150 | lr 0.099426
2026-02-26 07:03:20 - __main__ - INFO - Train: loss 2.2124 acc1 47.64% acc5 78.86%
2026-02-26 07:03:20 - __main__ - INFO - Val:   loss 2.3656 acc1 44.28% acc5 75.89%
2026-02-26 07:03:20 - __main__ - INFO - saved best: 44.28%
2026-02-26 07:03:20 - __main__ - INFO - 
Epoch 14/150 | lr 0.099251
2026-02-26 07:04:49 - __main__ - INFO - Train: loss 2.1891 acc1 48.24% acc5 79.31%
2026-02-26 07:04:49 - __main__ - INFO - Val:   loss 2.3824 acc1 44.17% acc5 75.34%
2026-02-26 07:04:49 - __main__ - INFO - 
Epoch 15/150 | lr 0.099053
2026-02-26 07:06:18 - __main__ - INFO - Train: loss 2.1578 acc1 49.13% acc5 80.05%
2026-02-26 07:06:18 - __main__ - INFO - Val:   loss 2.2828 acc1 46.71% acc5 77.90%
2026-02-26 07:06:18 - __main__ - INFO - saved best: 46.71%
2026-02-26 07:06:18 - __main__ - INFO - 
Epoch 16/150 | lr 0.098831
2026-02-26 07:07:48 - __main__ - INFO - Train: loss 2.1307 acc1 50.03% acc5 80.37%
2026-02-26 07:07:48 - __main__ - INFO - Val:   loss 2.2679 acc1 46.80% acc5 77.98%
2026-02-26 07:07:48 - __main__ - INFO - saved best: 46.80%
2026-02-26 07:07:48 - __main__ - INFO - 
Epoch 17/150 | lr 0.098587
2026-02-26 07:09:17 - __main__ - INFO - Train: loss 2.0996 acc1 50.44% acc5 81.15%
2026-02-26 07:09:17 - __main__ - INFO - Val:   loss 2.2544 acc1 46.32% acc5 78.72%
2026-02-26 07:09:17 - __main__ - INFO - 
Epoch 18/150 | lr 0.098320
2026-02-26 07:10:46 - __main__ - INFO - Train: loss 2.0871 acc1 51.01% acc5 81.65%
2026-02-26 07:10:46 - __main__ - INFO - Val:   loss 2.2258 acc1 47.87% acc5 78.66%
2026-02-26 07:10:46 - __main__ - INFO - saved best: 47.87%
2026-02-26 07:10:46 - __main__ - INFO - 
Epoch 19/150 | lr 0.098030
2026-02-26 07:12:15 - __main__ - INFO - Train: loss 2.0640 acc1 51.54% acc5 81.89%
2026-02-26 07:12:15 - __main__ - INFO - Val:   loss 2.3359 acc1 46.68% acc5 78.94%
2026-02-26 07:12:15 - __main__ - INFO - 
Epoch 20/150 | lr 0.097718
2026-02-26 07:13:44 - __main__ - INFO - Train: loss 2.0456 acc1 52.06% acc5 82.20%
2026-02-26 07:13:44 - __main__ - INFO - Val:   loss 2.0923 acc1 50.84% acc5 82.23%
2026-02-26 07:13:44 - __main__ - INFO - saved best: 50.84%
2026-02-26 07:13:44 - __main__ - INFO - 
Epoch 21/150 | lr 0.097383
2026-02-26 07:15:14 - __main__ - INFO - Train: loss 2.0237 acc1 52.85% acc5 82.58%
2026-02-26 07:15:14 - __main__ - INFO - Val:   loss 2.1728 acc1 49.49% acc5 80.69%
2026-02-26 07:15:14 - __main__ - INFO - 
Epoch 22/150 | lr 0.097026
2026-02-26 07:16:42 - __main__ - INFO - Train: loss 2.0140 acc1 52.72% acc5 82.81%
2026-02-26 07:16:42 - __main__ - INFO - Val:   loss 2.3202 acc1 46.82% acc5 79.13%
2026-02-26 07:16:42 - __main__ - INFO - 
Epoch 23/150 | lr 0.096647
2026-02-26 07:18:11 - __main__ - INFO - Train: loss 1.9983 acc1 53.41% acc5 83.34%
2026-02-26 07:18:11 - __main__ - INFO - Val:   loss 2.0904 acc1 52.22% acc5 81.39%
2026-02-26 07:18:11 - __main__ - INFO - saved best: 52.22%
2026-02-26 07:18:11 - __main__ - INFO - 
Epoch 24/150 | lr 0.096246
2026-02-26 07:19:40 - __main__ - INFO - Train: loss 1.9805 acc1 53.80% acc5 83.53%
2026-02-26 07:19:40 - __main__ - INFO - Val:   loss 2.1173 acc1 52.15% acc5 81.34%
2026-02-26 07:19:40 - __main__ - INFO - 
Epoch 25/150 | lr 0.095823
2026-02-26 07:21:09 - __main__ - INFO - Train: loss 1.9676 acc1 54.09% acc5 83.67%
2026-02-26 07:21:09 - __main__ - INFO - Val:   loss 1.9869 acc1 54.68% acc5 82.30%
2026-02-26 07:21:09 - __main__ - INFO - saved best: 54.68%
2026-02-26 07:21:09 - __main__ - INFO - 
Epoch 26/150 | lr 0.095379
2026-02-26 07:22:38 - __main__ - INFO - Train: loss 1.9509 acc1 54.69% acc5 83.98%
2026-02-26 07:22:38 - __main__ - INFO - Val:   loss 2.0488 acc1 53.02% acc5 83.06%
2026-02-26 07:22:38 - __main__ - INFO - 
Epoch 27/150 | lr 0.094914
2026-02-26 07:24:08 - __main__ - INFO - Train: loss 1.9486 acc1 54.75% acc5 84.21%
2026-02-26 07:24:08 - __main__ - INFO - Val:   loss 2.0611 acc1 53.37% acc5 83.15%
2026-02-26 07:24:08 - __main__ - INFO - 
Epoch 28/150 | lr 0.094427
2026-02-26 07:25:37 - __main__ - INFO - Train: loss 1.9238 acc1 55.47% acc5 84.68%
2026-02-26 07:25:37 - __main__ - INFO - Val:   loss 1.9494 acc1 55.62% acc5 84.67%
2026-02-26 07:25:37 - __main__ - INFO - saved best: 55.62%
2026-02-26 07:25:37 - __main__ - INFO - 
Epoch 29/150 | lr 0.093920
2026-02-26 07:27:06 - __main__ - INFO - Train: loss 1.9168 acc1 55.60% acc5 84.70%
2026-02-26 07:27:06 - __main__ - INFO - Val:   loss 2.0418 acc1 53.21% acc5 83.04%
2026-02-26 07:27:06 - __main__ - INFO - 
Epoch 30/150 | lr 0.093392
2026-02-26 07:28:35 - __main__ - INFO - Train: loss 1.9006 acc1 56.15% acc5 84.88%
2026-02-26 07:28:35 - __main__ - INFO - Val:   loss 2.0610 acc1 53.23% acc5 82.14%
2026-02-26 07:28:35 - __main__ - INFO - 
Epoch 31/150 | lr 0.092844
2026-02-26 07:30:04 - __main__ - INFO - Train: loss 1.8930 acc1 56.16% acc5 84.88%
2026-02-26 07:30:04 - __main__ - INFO - Val:   loss 1.9718 acc1 54.81% acc5 83.70%
2026-02-26 07:30:04 - __main__ - INFO - 
Epoch 32/150 | lr 0.092275
2026-02-26 07:31:33 - __main__ - INFO - Train: loss 1.8875 acc1 56.44% acc5 85.41%
2026-02-26 07:31:33 - __main__ - INFO - Val:   loss 2.0386 acc1 54.26% acc5 82.37%
2026-02-26 07:31:33 - __main__ - INFO - 
Epoch 33/150 | lr 0.091687
2026-02-26 07:33:02 - __main__ - INFO - Train: loss 1.8684 acc1 57.20% acc5 85.59%
2026-02-26 07:33:02 - __main__ - INFO - Val:   loss 2.0355 acc1 53.42% acc5 83.20%
2026-02-26 07:33:02 - __main__ - INFO - 
Epoch 34/150 | lr 0.091079
2026-02-26 07:34:31 - __main__ - INFO - Train: loss 1.8672 acc1 57.01% acc5 85.76%
2026-02-26 07:34:31 - __main__ - INFO - Val:   loss 1.9197 acc1 56.67% acc5 84.30%
2026-02-26 07:34:31 - __main__ - INFO - saved best: 56.67%
2026-02-26 07:34:31 - __main__ - INFO - 
Epoch 35/150 | lr 0.090452
2026-02-26 07:35:59 - __main__ - INFO - Train: loss 1.8544 acc1 57.14% acc5 85.98%
2026-02-26 07:35:59 - __main__ - INFO - Val:   loss 1.8940 acc1 56.52% acc5 85.51%
2026-02-26 07:35:59 - __main__ - INFO - 
Epoch 36/150 | lr 0.089806
2026-02-26 07:37:29 - __main__ - INFO - Train: loss 1.8380 acc1 57.86% acc5 86.17%
2026-02-26 07:37:29 - __main__ - INFO - Val:   loss 1.9196 acc1 56.46% acc5 84.83%
2026-02-26 07:37:29 - __main__ - INFO - 
Epoch 37/150 | lr 0.089141
2026-02-26 07:38:57 - __main__ - INFO - Train: loss 1.8341 acc1 57.96% acc5 86.30%
2026-02-26 07:38:57 - __main__ - INFO - Val:   loss 2.0889 acc1 53.14% acc5 82.13%
2026-02-26 07:38:57 - __main__ - INFO - 
Epoch 38/150 | lr 0.088458
2026-02-26 07:40:26 - __main__ - INFO - Train: loss 1.8260 acc1 58.00% acc5 86.44%
2026-02-26 07:40:26 - __main__ - INFO - Val:   loss 1.9508 acc1 55.60% acc5 84.38%
2026-02-26 07:40:26 - __main__ - INFO - 
Epoch 39/150 | lr 0.087756
2026-02-26 07:41:55 - __main__ - INFO - Train: loss 1.8185 acc1 58.51% acc5 86.54%
2026-02-26 07:41:55 - __main__ - INFO - Val:   loss 2.0553 acc1 53.55% acc5 82.51%
2026-02-26 07:41:55 - __main__ - INFO - 
Epoch 40/150 | lr 0.087037
2026-02-26 07:43:24 - __main__ - INFO - Train: loss 1.8075 acc1 58.61% acc5 86.83%
2026-02-26 07:43:24 - __main__ - INFO - Val:   loss 1.8944 acc1 58.36% acc5 85.36%
2026-02-26 07:43:24 - __main__ - INFO - saved best: 58.36%
2026-02-26 07:43:24 - __main__ - INFO - 
Epoch 41/150 | lr 0.086301
2026-02-26 07:44:55 - __main__ - INFO - Train: loss 1.8127 acc1 58.73% acc5 86.61%
2026-02-26 07:44:55 - __main__ - INFO - Val:   loss 2.0209 acc1 54.65% acc5 82.44%
2026-02-26 07:44:55 - __main__ - INFO - 
Epoch 42/150 | lr 0.085548
2026-02-26 07:46:24 - __main__ - INFO - Train: loss 1.7942 acc1 59.23% acc5 86.90%
2026-02-26 07:46:24 - __main__ - INFO - Val:   loss 2.0010 acc1 55.71% acc5 83.88%
2026-02-26 07:46:24 - __main__ - INFO - 
Epoch 43/150 | lr 0.084778
2026-02-26 07:47:53 - __main__ - INFO - Train: loss 1.7895 acc1 59.25% acc5 87.05%
2026-02-26 07:47:53 - __main__ - INFO - Val:   loss 2.0343 acc1 53.71% acc5 82.73%
2026-02-26 07:47:53 - __main__ - INFO - 
Epoch 44/150 | lr 0.083991
2026-02-26 07:49:22 - __main__ - INFO - Train: loss 1.7722 acc1 59.89% acc5 87.35%
2026-02-26 07:49:22 - __main__ - INFO - Val:   loss 1.8807 acc1 57.05% acc5 85.61%
2026-02-26 07:49:22 - __main__ - INFO - 
Epoch 45/150 | lr 0.083189
2026-02-26 07:50:52 - __main__ - INFO - Train: loss 1.7535 acc1 60.18% acc5 87.74%
2026-02-26 07:50:52 - __main__ - INFO - Val:   loss 1.8495 acc1 58.66% acc5 85.78%
2026-02-26 07:50:52 - __main__ - INFO - saved best: 58.66%
2026-02-26 07:50:52 - __main__ - INFO - 
Epoch 46/150 | lr 0.082371
2026-02-26 07:52:21 - __main__ - INFO - Train: loss 1.7604 acc1 59.92% acc5 87.73%
2026-02-26 07:52:21 - __main__ - INFO - Val:   loss 1.8939 acc1 57.76% acc5 85.01%
2026-02-26 07:52:21 - __main__ - INFO - 
Epoch 47/150 | lr 0.081538
2026-02-26 07:53:50 - __main__ - INFO - Train: loss 1.7455 acc1 60.23% acc5 87.87%
2026-02-26 07:53:50 - __main__ - INFO - Val:   loss 1.8904 acc1 57.17% acc5 85.43%
2026-02-26 07:53:50 - __main__ - INFO - 
Epoch 48/150 | lr 0.080690
2026-02-26 07:55:19 - __main__ - INFO - Train: loss 1.7367 acc1 60.53% acc5 88.11%
2026-02-26 07:55:19 - __main__ - INFO - Val:   loss 1.9227 acc1 56.85% acc5 84.74%
2026-02-26 07:55:19 - __main__ - INFO - 
Epoch 49/150 | lr 0.079828
2026-02-26 07:56:48 - __main__ - INFO - Train: loss 1.7252 acc1 61.16% acc5 88.04%
2026-02-26 07:56:48 - __main__ - INFO - Val:   loss 1.9768 acc1 55.91% acc5 83.41%
2026-02-26 07:56:48 - __main__ - INFO - 
Epoch 50/150 | lr 0.078951
2026-02-26 07:58:17 - __main__ - INFO - Train: loss 1.7171 acc1 61.29% acc5 88.17%
2026-02-26 07:58:17 - __main__ - INFO - Val:   loss 1.9770 acc1 55.28% acc5 83.73%
2026-02-26 07:58:17 - __main__ - INFO - 
Epoch 51/150 | lr 0.078062
2026-02-26 07:59:46 - __main__ - INFO - Train: loss 1.7038 acc1 61.70% acc5 88.51%
2026-02-26 07:59:46 - __main__ - INFO - Val:   loss 1.9378 acc1 56.29% acc5 84.74%
2026-02-26 07:59:46 - __main__ - INFO - 
Epoch 52/150 | lr 0.077158
2026-02-26 08:01:15 - __main__ - INFO - Train: loss 1.6978 acc1 61.87% acc5 88.54%
2026-02-26 08:01:15 - __main__ - INFO - Val:   loss 1.9261 acc1 56.99% acc5 85.20%
2026-02-26 08:01:15 - __main__ - INFO - 
Epoch 53/150 | lr 0.076243
2026-02-26 08:02:44 - __main__ - INFO - Train: loss 1.6800 acc1 62.32% acc5 89.12%
2026-02-26 08:02:44 - __main__ - INFO - Val:   loss 1.9067 acc1 57.59% acc5 84.99%
2026-02-26 08:02:44 - __main__ - INFO - 
Epoch 54/150 | lr 0.075315
2026-02-26 08:04:13 - __main__ - INFO - Train: loss 1.6744 acc1 62.43% acc5 89.21%
2026-02-26 08:04:13 - __main__ - INFO - Val:   loss 2.0207 acc1 54.66% acc5 82.81%
2026-02-26 08:04:13 - __main__ - INFO - 
Epoch 55/150 | lr 0.074375
2026-02-26 08:05:42 - __main__ - INFO - Train: loss 1.6690 acc1 62.55% acc5 89.10%
2026-02-26 08:05:42 - __main__ - INFO - Val:   loss 1.8803 acc1 57.84% acc5 85.79%
2026-02-26 08:05:42 - __main__ - INFO - 
Epoch 56/150 | lr 0.073423
2026-02-26 08:07:11 - __main__ - INFO - Train: loss 1.6566 acc1 62.91% acc5 89.38%
2026-02-26 08:07:11 - __main__ - INFO - Val:   loss 1.8616 acc1 58.97% acc5 85.87%
2026-02-26 08:07:11 - __main__ - INFO - saved best: 58.97%
2026-02-26 08:07:11 - __main__ - INFO - 
Epoch 57/150 | lr 0.072461
2026-02-26 08:08:40 - __main__ - INFO - Train: loss 1.6619 acc1 62.60% acc5 89.40%
2026-02-26 08:08:40 - __main__ - INFO - Val:   loss 1.8714 acc1 58.22% acc5 85.11%
2026-02-26 08:08:40 - __main__ - INFO - 
Epoch 58/150 | lr 0.071488
2026-02-26 08:10:10 - __main__ - INFO - Train: loss 1.6309 acc1 63.85% acc5 89.91%
2026-02-26 08:10:10 - __main__ - INFO - Val:   loss 1.7881 acc1 60.54% acc5 87.24%
2026-02-26 08:10:10 - __main__ - INFO - saved best: 60.54%
2026-02-26 08:10:10 - __main__ - INFO - 
Epoch 59/150 | lr 0.070505
2026-02-26 08:11:39 - __main__ - INFO - Train: loss 1.6243 acc1 64.03% acc5 89.91%
2026-02-26 08:11:39 - __main__ - INFO - Val:   loss 1.9266 acc1 56.85% acc5 84.97%
2026-02-26 08:11:39 - __main__ - INFO - 
Epoch 60/150 | lr 0.069512
2026-02-26 08:13:08 - __main__ - INFO - Train: loss 1.6227 acc1 63.93% acc5 90.04%
2026-02-26 08:13:08 - __main__ - INFO - Val:   loss 1.8774 acc1 57.66% acc5 85.11%
2026-02-26 08:13:08 - __main__ - INFO - 
Epoch 61/150 | lr 0.068510
2026-02-26 08:14:37 - __main__ - INFO - Train: loss 1.6003 acc1 64.48% acc5 90.27%
2026-02-26 08:14:37 - __main__ - INFO - Val:   loss 1.8314 acc1 58.88% acc5 86.80%
2026-02-26 08:14:37 - __main__ - INFO - 
Epoch 62/150 | lr 0.067500
2026-02-26 08:16:06 - __main__ - INFO - Train: loss 1.5933 acc1 64.71% acc5 90.50%
2026-02-26 08:16:06 - __main__ - INFO - Val:   loss 1.9022 acc1 57.33% acc5 84.67%
2026-02-26 08:16:06 - __main__ - INFO - 
Epoch 63/150 | lr 0.066481
2026-02-26 08:17:35 - __main__ - INFO - Train: loss 1.5801 acc1 65.21% acc5 90.57%
2026-02-26 08:17:35 - __main__ - INFO - Val:   loss 1.8402 acc1 59.15% acc5 86.25%
2026-02-26 08:17:35 - __main__ - INFO - 
Epoch 64/150 | lr 0.065454
2026-02-26 08:19:04 - __main__ - INFO - Train: loss 1.5713 acc1 65.36% acc5 90.82%
2026-02-26 08:19:04 - __main__ - INFO - Val:   loss 1.8284 acc1 59.40% acc5 85.89%
2026-02-26 08:19:04 - __main__ - INFO - 
Epoch 65/150 | lr 0.064421
2026-02-26 08:20:33 - __main__ - INFO - Train: loss 1.5469 acc1 66.22% acc5 91.32%
2026-02-26 08:20:33 - __main__ - INFO - Val:   loss 1.7929 acc1 60.79% acc5 87.19%
2026-02-26 08:20:33 - __main__ - INFO - saved best: 60.79%
2026-02-26 08:20:33 - __main__ - INFO - 
Epoch 66/150 | lr 0.063380
2026-02-26 08:22:02 - __main__ - INFO - Train: loss 1.5488 acc1 66.15% acc5 91.19%
2026-02-26 08:22:02 - __main__ - INFO - Val:   loss 1.8362 acc1 59.46% acc5 86.18%
2026-02-26 08:22:02 - __main__ - INFO - 
Epoch 67/150 | lr 0.062333
2026-02-26 08:23:31 - __main__ - INFO - Train: loss 1.5348 acc1 66.55% acc5 91.49%
2026-02-26 08:23:31 - __main__ - INFO - Val:   loss 1.8474 acc1 59.83% acc5 86.24%
2026-02-26 08:23:31 - __main__ - INFO - 
Epoch 68/150 | lr 0.061281
2026-02-26 08:25:01 - __main__ - INFO - Train: loss 1.5151 acc1 67.24% acc5 91.71%
2026-02-26 08:25:01 - __main__ - INFO - Val:   loss 1.7974 acc1 60.68% acc5 86.55%
2026-02-26 08:25:01 - __main__ - INFO - 
Epoch 69/150 | lr 0.060223
2026-02-26 08:26:30 - __main__ - INFO - Train: loss 1.5079 acc1 67.13% acc5 91.71%
2026-02-26 08:26:30 - __main__ - INFO - Val:   loss 1.7506 acc1 61.29% acc5 88.28%
2026-02-26 08:26:30 - __main__ - INFO - saved best: 61.29%
2026-02-26 08:26:30 - __main__ - INFO - 
Epoch 70/150 | lr 0.059160
2026-02-26 08:28:00 - __main__ - INFO - Train: loss 1.4976 acc1 67.69% acc5 92.05%
2026-02-26 08:28:00 - __main__ - INFO - Val:   loss 1.8336 acc1 59.44% acc5 86.34%
2026-02-26 08:28:00 - __main__ - INFO - 
Epoch 71/150 | lr 0.058093
2026-02-26 08:29:29 - __main__ - INFO - Train: loss 1.4845 acc1 68.11% acc5 92.04%
2026-02-26 08:29:29 - __main__ - INFO - Val:   loss 1.8092 acc1 60.20% acc5 86.14%
2026-02-26 08:29:29 - __main__ - INFO - 
Epoch 72/150 | lr 0.057023
2026-02-26 08:30:58 - __main__ - INFO - Train: loss 1.4708 acc1 68.27% acc5 92.48%
2026-02-26 08:30:58 - __main__ - INFO - Val:   loss 1.7654 acc1 61.49% acc5 86.59%
2026-02-26 08:30:58 - __main__ - INFO - saved best: 61.49%
2026-02-26 08:30:58 - __main__ - INFO - 
Epoch 73/150 | lr 0.055949
2026-02-26 08:32:27 - __main__ - INFO - Train: loss 1.4630 acc1 68.74% acc5 92.49%
2026-02-26 08:32:27 - __main__ - INFO - Val:   loss 1.7593 acc1 61.63% acc5 87.60%
2026-02-26 08:32:27 - __main__ - INFO - saved best: 61.63%
2026-02-26 08:32:27 - __main__ - INFO - 
Epoch 74/150 | lr 0.054872
2026-02-26 08:33:57 - __main__ - INFO - Train: loss 1.4396 acc1 69.29% acc5 92.89%
2026-02-26 08:33:57 - __main__ - INFO - Val:   loss 1.8719 acc1 58.94% acc5 85.48%
2026-02-26 08:33:57 - __main__ - INFO - 
Epoch 75/150 | lr 0.053793
2026-02-26 08:35:26 - __main__ - INFO - Train: loss 1.4244 acc1 69.93% acc5 93.03%
2026-02-26 08:35:26 - __main__ - INFO - Val:   loss 1.7543 acc1 62.08% acc5 87.44%
2026-02-26 08:35:26 - __main__ - INFO - saved best: 62.08%
2026-02-26 08:35:26 - __main__ - INFO - 
Epoch 76/150 | lr 0.052712
2026-02-26 08:36:55 - __main__ - INFO - Train: loss 1.4080 acc1 70.22% acc5 93.25%
2026-02-26 08:36:55 - __main__ - INFO - Val:   loss 1.9847 acc1 56.74% acc5 84.21%
2026-02-26 08:36:55 - __main__ - INFO - 
Epoch 77/150 | lr 0.051630
2026-02-26 08:38:24 - __main__ - INFO - Train: loss 1.4019 acc1 70.60% acc5 93.45%
2026-02-26 08:38:24 - __main__ - INFO - Val:   loss 1.7237 acc1 62.55% acc5 87.84%
2026-02-26 08:38:24 - __main__ - INFO - saved best: 62.55%
2026-02-26 08:38:24 - __main__ - INFO - 
Epoch 78/150 | lr 0.050547
2026-02-26 08:39:53 - __main__ - INFO - Train: loss 1.3884 acc1 71.11% acc5 93.65%
2026-02-26 08:39:53 - __main__ - INFO - Val:   loss 1.7113 acc1 62.39% acc5 88.32%
2026-02-26 08:39:53 - __main__ - INFO - 
Epoch 79/150 | lr 0.049463
2026-02-26 08:41:22 - __main__ - INFO - Train: loss 1.3750 acc1 71.22% acc5 93.77%
2026-02-26 08:41:22 - __main__ - INFO - Val:   loss 1.7537 acc1 61.61% acc5 87.25%
2026-02-26 08:41:22 - __main__ - INFO - 
Epoch 80/150 | lr 0.048380
2026-02-26 08:42:51 - __main__ - INFO - Train: loss 1.3555 acc1 72.02% acc5 94.05%
2026-02-26 08:42:51 - __main__ - INFO - Val:   loss 1.7845 acc1 60.99% acc5 87.17%
2026-02-26 08:42:51 - __main__ - INFO - 
Epoch 81/150 | lr 0.047298
2026-02-26 08:44:20 - __main__ - INFO - Train: loss 1.3411 acc1 72.40% acc5 94.09%
2026-02-26 08:44:20 - __main__ - INFO - Val:   loss 1.8504 acc1 59.23% acc5 86.04%
2026-02-26 08:44:20 - __main__ - INFO - 
Epoch 82/150 | lr 0.046217
2026-02-26 08:45:49 - __main__ - INFO - Train: loss 1.3203 acc1 73.08% acc5 94.47%
2026-02-26 08:45:49 - __main__ - INFO - Val:   loss 1.6759 acc1 64.38% acc5 88.01%
2026-02-26 08:45:49 - __main__ - INFO - saved best: 64.38%
2026-02-26 08:45:49 - __main__ - INFO - 
Epoch 83/150 | lr 0.045138
2026-02-26 08:47:18 - __main__ - INFO - Train: loss 1.3113 acc1 73.34% acc5 94.56%
2026-02-26 08:47:18 - __main__ - INFO - Val:   loss 1.8397 acc1 60.14% acc5 85.31%
2026-02-26 08:47:18 - __main__ - INFO - 
Epoch 84/150 | lr 0.044061
2026-02-26 08:48:47 - __main__ - INFO - Train: loss 1.2880 acc1 74.01% acc5 95.06%
2026-02-26 08:48:47 - __main__ - INFO - Val:   loss 1.7088 acc1 64.18% acc5 87.30%
2026-02-26 08:48:47 - __main__ - INFO - 
Epoch 85/150 | lr 0.042987
2026-02-26 08:50:16 - __main__ - INFO - Train: loss 1.2813 acc1 74.24% acc5 95.17%
2026-02-26 08:50:16 - __main__ - INFO - Val:   loss 1.7282 acc1 63.16% acc5 88.11%
2026-02-26 08:50:16 - __main__ - INFO - 
Epoch 86/150 | lr 0.041917
2026-02-26 08:51:45 - __main__ - INFO - Train: loss 1.2489 acc1 75.35% acc5 95.46%
2026-02-26 08:51:45 - __main__ - INFO - Val:   loss 1.7522 acc1 62.62% acc5 87.06%
2026-02-26 08:51:45 - __main__ - INFO - 
Epoch 87/150 | lr 0.040850
2026-02-26 08:53:14 - __main__ - INFO - Train: loss 1.2346 acc1 75.72% acc5 95.61%
2026-02-26 08:53:14 - __main__ - INFO - Val:   loss 1.8008 acc1 60.77% acc5 85.35%
2026-02-26 08:53:14 - __main__ - INFO - 
Epoch 88/150 | lr 0.039787
2026-02-26 08:54:43 - __main__ - INFO - Train: loss 1.2260 acc1 76.10% acc5 95.78%
2026-02-26 08:54:43 - __main__ - INFO - Val:   loss 1.7232 acc1 63.11% acc5 87.81%
2026-02-26 08:54:43 - __main__ - INFO - 
Epoch 89/150 | lr 0.038729
2026-02-26 08:56:12 - __main__ - INFO - Train: loss 1.1967 acc1 76.97% acc5 96.05%
2026-02-26 08:56:12 - __main__ - INFO - Val:   loss 1.7148 acc1 63.72% acc5 87.97%
2026-02-26 08:56:12 - __main__ - INFO - 
Epoch 90/150 | lr 0.037677
2026-02-26 08:57:41 - __main__ - INFO - Train: loss 1.1888 acc1 77.15% acc5 96.27%
2026-02-26 08:57:41 - __main__ - INFO - Val:   loss 1.7100 acc1 64.26% acc5 87.82%
2026-02-26 08:57:41 - __main__ - INFO - 
Epoch 91/150 | lr 0.036630
2026-02-26 08:59:10 - __main__ - INFO - Train: loss 1.1646 acc1 78.08% acc5 96.42%
2026-02-26 08:59:10 - __main__ - INFO - Val:   loss 1.6978 acc1 64.14% acc5 87.84%
2026-02-26 08:59:10 - __main__ - INFO - 
Epoch 92/150 | lr 0.035589
2026-02-26 09:00:39 - __main__ - INFO - Train: loss 1.1414 acc1 78.79% acc5 96.70%
2026-02-26 09:00:39 - __main__ - INFO - Val:   loss 1.7481 acc1 62.31% acc5 86.88%
2026-02-26 09:00:39 - __main__ - INFO - 
Epoch 93/150 | lr 0.034556
2026-02-26 09:02:09 - __main__ - INFO - Train: loss 1.1244 acc1 79.45% acc5 96.91%
2026-02-26 09:02:09 - __main__ - INFO - Val:   loss 1.6862 acc1 63.68% acc5 89.05%
2026-02-26 09:02:09 - __main__ - INFO - 
Epoch 94/150 | lr 0.033529
2026-02-26 09:03:37 - __main__ - INFO - Train: loss 1.1282 acc1 79.23% acc5 96.89%
2026-02-26 09:03:37 - __main__ - INFO - Val:   loss 1.6838 acc1 64.72% acc5 88.12%
2026-02-26 09:03:37 - __main__ - INFO - saved best: 64.72%
2026-02-26 09:03:37 - __main__ - INFO - 
Epoch 95/150 | lr 0.032510
2026-02-26 09:05:07 - __main__ - INFO - Train: loss 1.0905 acc1 80.46% acc5 97.34%
2026-02-26 09:05:07 - __main__ - INFO - Val:   loss 1.6642 acc1 65.10% acc5 88.97%
2026-02-26 09:05:07 - __main__ - INFO - saved best: 65.10%
2026-02-26 09:05:07 - __main__ - INFO - 
Epoch 96/150 | lr 0.031500
2026-02-26 09:06:36 - __main__ - INFO - Train: loss 1.0679 acc1 81.42% acc5 97.48%
2026-02-26 09:06:36 - __main__ - INFO - Val:   loss 1.6325 acc1 66.00% acc5 89.57%
2026-02-26 09:06:36 - __main__ - INFO - saved best: 66.00%
2026-02-26 09:06:36 - __main__ - INFO - 
Epoch 97/150 | lr 0.030498
2026-02-26 09:08:05 - __main__ - INFO - Train: loss 1.0464 acc1 81.93% acc5 97.78%
2026-02-26 09:08:05 - __main__ - INFO - Val:   loss 1.6638 acc1 64.21% acc5 89.00%
2026-02-26 09:08:05 - __main__ - INFO - 
Epoch 98/150 | lr 0.029505
2026-02-26 09:09:34 - __main__ - INFO - Train: loss 1.0252 acc1 82.71% acc5 97.94%
2026-02-26 09:09:34 - __main__ - INFO - Val:   loss 1.6834 acc1 64.69% acc5 87.99%
2026-02-26 09:09:34 - __main__ - INFO - 
Epoch 99/150 | lr 0.028522
2026-02-26 09:11:03 - __main__ - INFO - Train: loss 1.0130 acc1 83.27% acc5 98.05%
2026-02-26 09:11:03 - __main__ - INFO - Val:   loss 1.6583 acc1 64.71% acc5 88.58%
2026-02-26 09:11:03 - __main__ - INFO - 
Epoch 100/150 | lr 0.027549
2026-02-26 09:12:32 - __main__ - INFO - Train: loss 0.9842 acc1 84.33% acc5 98.19%
2026-02-26 09:12:32 - __main__ - INFO - Val:   loss 1.6656 acc1 65.80% acc5 88.46%
2026-02-26 09:12:32 - __main__ - INFO - 
Epoch 101/150 | lr 0.026587
2026-02-26 09:14:02 - __main__ - INFO - Train: loss 0.9641 acc1 84.73% acc5 98.38%
2026-02-26 09:14:02 - __main__ - INFO - Val:   loss 1.6397 acc1 66.32% acc5 88.85%
2026-02-26 09:14:02 - __main__ - INFO - saved best: 66.32%
2026-02-26 09:14:02 - __main__ - INFO - 
Epoch 102/150 | lr 0.025635
2026-02-26 09:15:31 - __main__ - INFO - Train: loss 0.9345 acc1 85.99% acc5 98.62%
2026-02-26 09:15:31 - __main__ - INFO - Val:   loss 1.6369 acc1 65.67% acc5 89.21%
2026-02-26 09:15:31 - __main__ - INFO - 
Epoch 103/150 | lr 0.024695
2026-02-26 09:17:00 - __main__ - INFO - Train: loss 0.9218 acc1 86.32% acc5 98.69%
2026-02-26 09:17:00 - __main__ - INFO - Val:   loss 1.6269 acc1 66.80% acc5 89.52%
2026-02-26 09:17:00 - __main__ - INFO - saved best: 66.80%
2026-02-26 09:17:00 - __main__ - INFO - 
Epoch 104/150 | lr 0.023767
2026-02-26 09:18:29 - __main__ - INFO - Train: loss 0.9017 acc1 87.21% acc5 98.86%
2026-02-26 09:18:29 - __main__ - INFO - Val:   loss 1.6459 acc1 65.24% acc5 88.36%
2026-02-26 09:18:29 - __main__ - INFO - 
Epoch 105/150 | lr 0.022852
2026-02-26 09:19:58 - __main__ - INFO - Train: loss 0.8871 acc1 87.49% acc5 98.90%
2026-02-26 09:19:58 - __main__ - INFO - Val:   loss 1.6449 acc1 66.86% acc5 88.62%
2026-02-26 09:19:58 - __main__ - INFO - saved best: 66.86%
2026-02-26 09:19:58 - __main__ - INFO - 
Epoch 106/150 | lr 0.021948
2026-02-26 09:21:27 - __main__ - INFO - Train: loss 0.8626 acc1 88.57% acc5 99.09%
2026-02-26 09:21:27 - __main__ - INFO - Val:   loss 1.6403 acc1 66.05% acc5 88.60%
2026-02-26 09:21:27 - __main__ - INFO - 
Epoch 107/150 | lr 0.021059
2026-02-26 09:22:56 - __main__ - INFO - Train: loss 0.8419 acc1 89.17% acc5 99.26%
2026-02-26 09:22:56 - __main__ - INFO - Val:   loss 1.6340 acc1 66.35% acc5 88.98%
2026-02-26 09:22:56 - __main__ - INFO - 
Epoch 108/150 | lr 0.020182
2026-02-26 09:24:25 - __main__ - INFO - Train: loss 0.8128 acc1 90.27% acc5 99.28%
2026-02-26 09:24:25 - __main__ - INFO - Val:   loss 1.6705 acc1 65.50% acc5 88.49%
2026-02-26 09:24:25 - __main__ - INFO - 
Epoch 109/150 | lr 0.019320
2026-02-26 09:25:54 - __main__ - INFO - Train: loss 0.8019 acc1 90.48% acc5 99.38%
2026-02-26 09:25:54 - __main__ - INFO - Val:   loss 1.6388 acc1 66.09% acc5 88.96%
2026-02-26 09:25:54 - __main__ - INFO - 
Epoch 110/150 | lr 0.018472
2026-02-26 09:27:23 - __main__ - INFO - Train: loss 0.7728 acc1 91.64% acc5 99.53%
2026-02-26 09:27:23 - __main__ - INFO - Val:   loss 1.6181 acc1 66.78% acc5 88.98%
2026-02-26 09:27:23 - __main__ - INFO - 
Epoch 111/150 | lr 0.017639
2026-02-26 09:28:52 - __main__ - INFO - Train: loss 0.7499 acc1 92.36% acc5 99.64%
2026-02-26 09:28:52 - __main__ - INFO - Val:   loss 1.6156 acc1 67.05% acc5 88.67%
2026-02-26 09:28:52 - __main__ - INFO - saved best: 67.05%
2026-02-26 09:28:52 - __main__ - INFO - 
Epoch 112/150 | lr 0.016821
2026-02-26 09:30:21 - __main__ - INFO - Train: loss 0.7328 acc1 93.06% acc5 99.65%
2026-02-26 09:30:21 - __main__ - INFO - Val:   loss 1.5885 acc1 67.94% acc5 88.82%
2026-02-26 09:30:21 - __main__ - INFO - saved best: 67.94%
2026-02-26 09:30:21 - __main__ - INFO - 
Epoch 113/150 | lr 0.016019
2026-02-26 09:31:50 - __main__ - INFO - Train: loss 0.7150 acc1 93.64% acc5 99.73%
2026-02-26 09:31:50 - __main__ - INFO - Val:   loss 1.6032 acc1 67.35% acc5 89.18%
2026-02-26 09:31:50 - __main__ - INFO - 
Epoch 114/150 | lr 0.015232
2026-02-26 09:33:18 - __main__ - INFO - Train: loss 0.6967 acc1 94.41% acc5 99.77%
2026-02-26 09:33:18 - __main__ - INFO - Val:   loss 1.5779 acc1 67.83% acc5 89.76%
2026-02-26 09:33:18 - __main__ - INFO - 
Epoch 115/150 | lr 0.014462
2026-02-26 09:34:48 - __main__ - INFO - Train: loss 0.6789 acc1 95.10% acc5 99.76%
2026-02-26 09:34:48 - __main__ - INFO - Val:   loss 1.6086 acc1 67.20% acc5 89.31%
2026-02-26 09:34:48 - __main__ - INFO - 
Epoch 116/150 | lr 0.013709
2026-02-26 09:36:17 - __main__ - INFO - Train: loss 0.6563 acc1 95.79% acc5 99.85%
2026-02-26 09:36:17 - __main__ - INFO - Val:   loss 1.5586 acc1 69.05% acc5 89.96%
2026-02-26 09:36:17 - __main__ - INFO - saved best: 69.05%
2026-02-26 09:36:17 - __main__ - INFO - 
Epoch 117/150 | lr 0.012973
2026-02-26 09:37:46 - __main__ - INFO - Train: loss 0.6364 acc1 96.42% acc5 99.91%
2026-02-26 09:37:46 - __main__ - INFO - Val:   loss 1.5546 acc1 69.46% acc5 90.13%
2026-02-26 09:37:46 - __main__ - INFO - saved best: 69.46%
2026-02-26 09:37:46 - __main__ - INFO - 
Epoch 118/150 | lr 0.012254
2026-02-26 09:39:15 - __main__ - INFO - Train: loss 0.6269 acc1 96.64% acc5 99.92%
2026-02-26 09:39:15 - __main__ - INFO - Val:   loss 1.5713 acc1 68.90% acc5 90.39%
2026-02-26 09:39:15 - __main__ - INFO - 
Epoch 119/150 | lr 0.011552
2026-02-26 09:40:45 - __main__ - INFO - Train: loss 0.6134 acc1 97.05% acc5 99.91%
2026-02-26 09:40:45 - __main__ - INFO - Val:   loss 1.5628 acc1 69.28% acc5 90.38%
2026-02-26 09:40:45 - __main__ - INFO - 
Epoch 120/150 | lr 0.010869
2026-02-26 09:42:13 - __main__ - INFO - Train: loss 0.5984 acc1 97.59% acc5 99.93%
2026-02-26 09:42:13 - __main__ - INFO - Val:   loss 1.5567 acc1 69.62% acc5 89.84%
2026-02-26 09:42:13 - __main__ - INFO - saved best: 69.62%
2026-02-26 09:42:13 - __main__ - INFO - 
Epoch 121/150 | lr 0.010204
2026-02-26 09:43:43 - __main__ - INFO - Train: loss 0.5844 acc1 97.96% acc5 99.97%
2026-02-26 09:43:43 - __main__ - INFO - Val:   loss 1.5433 acc1 69.82% acc5 90.38%
2026-02-26 09:43:43 - __main__ - INFO - saved best: 69.82%
2026-02-26 09:43:43 - __main__ - INFO - 
Epoch 122/150 | lr 0.009558
2026-02-26 09:45:11 - __main__ - INFO - Train: loss 0.5759 acc1 98.14% acc5 99.97%
2026-02-26 09:45:11 - __main__ - INFO - Val:   loss 1.5699 acc1 69.64% acc5 90.32%
2026-02-26 09:45:11 - __main__ - INFO - 
Epoch 123/150 | lr 0.008931
2026-02-26 09:46:40 - __main__ - INFO - Train: loss 0.5623 acc1 98.59% acc5 99.97%
2026-02-26 09:46:40 - __main__ - INFO - Val:   loss 1.5476 acc1 69.61% acc5 90.79%
2026-02-26 09:46:40 - __main__ - INFO - 
Epoch 124/150 | lr 0.008323
2026-02-26 09:48:09 - __main__ - INFO - Train: loss 0.5562 acc1 98.63% acc5 99.98%
2026-02-26 09:48:09 - __main__ - INFO - Val:   loss 1.5535 acc1 70.82% acc5 90.72%
2026-02-26 09:48:09 - __main__ - INFO - saved best: 70.82%
2026-02-26 09:48:09 - __main__ - INFO - 
Epoch 125/150 | lr 0.007735
2026-02-26 09:49:38 - __main__ - INFO - Train: loss 0.5475 acc1 98.86% acc5 99.99%
2026-02-26 09:49:38 - __main__ - INFO - Val:   loss 1.5603 acc1 70.72% acc5 90.29%
2026-02-26 09:49:38 - __main__ - INFO - 
Epoch 126/150 | lr 0.007166
2026-02-26 09:51:08 - __main__ - INFO - Train: loss 0.5385 acc1 99.02% acc5 99.99%
2026-02-26 09:51:08 - __main__ - INFO - Val:   loss 1.5543 acc1 70.46% acc5 90.23%
2026-02-26 09:51:08 - __main__ - INFO - 
Epoch 127/150 | lr 0.006618
2026-02-26 09:52:37 - __main__ - INFO - Train: loss 0.5326 acc1 99.19% acc5 99.99%
2026-02-26 09:52:37 - __main__ - INFO - Val:   loss 1.5638 acc1 70.98% acc5 90.65%
2026-02-26 09:52:37 - __main__ - INFO - saved best: 70.98%
2026-02-26 09:52:37 - __main__ - INFO - 
Epoch 128/150 | lr 0.006090
2026-02-26 09:54:06 - __main__ - INFO - Train: loss 0.5270 acc1 99.29% acc5 99.99%
2026-02-26 09:54:06 - __main__ - INFO - Val:   loss 1.5717 acc1 70.98% acc5 90.30%
2026-02-26 09:54:06 - __main__ - INFO - 
Epoch 129/150 | lr 0.005583
2026-02-26 09:55:36 - __main__ - INFO - Train: loss 0.5220 acc1 99.42% acc5 100.00%
2026-02-26 09:55:36 - __main__ - INFO - Val:   loss 1.5608 acc1 70.97% acc5 90.61%
2026-02-26 09:55:36 - __main__ - INFO - 
Epoch 130/150 | lr 0.005096
2026-02-26 09:57:04 - __main__ - INFO - Train: loss 0.5169 acc1 99.45% acc5 100.00%
2026-02-26 09:57:04 - __main__ - INFO - Val:   loss 1.5704 acc1 70.74% acc5 90.58%
2026-02-26 09:57:04 - __main__ - INFO - 
Epoch 131/150 | lr 0.004631
2026-02-26 09:58:33 - __main__ - INFO - Train: loss 0.5124 acc1 99.55% acc5 100.00%
2026-02-26 09:58:33 - __main__ - INFO - Val:   loss 1.5858 acc1 71.23% acc5 90.35%
2026-02-26 09:58:33 - __main__ - INFO - saved best: 71.23%
2026-02-26 09:58:33 - __main__ - INFO - 
Epoch 132/150 | lr 0.004187
2026-02-26 10:00:02 - __main__ - INFO - Train: loss 0.5102 acc1 99.58% acc5 99.99%
2026-02-26 10:00:02 - __main__ - INFO - Val:   loss 1.5812 acc1 71.22% acc5 90.41%
2026-02-26 10:00:02 - __main__ - INFO - 
Epoch 133/150 | lr 0.003764
2026-02-26 10:01:31 - __main__ - INFO - Train: loss 0.5074 acc1 99.64% acc5 100.00%
2026-02-26 10:01:31 - __main__ - INFO - Val:   loss 1.5698 acc1 70.82% acc5 90.64%
2026-02-26 10:01:31 - __main__ - INFO - 
Epoch 134/150 | lr 0.003363
2026-02-26 10:03:01 - __main__ - INFO - Train: loss 0.5035 acc1 99.67% acc5 100.00%
2026-02-26 10:03:01 - __main__ - INFO - Val:   loss 1.5803 acc1 70.91% acc5 90.62%
2026-02-26 10:03:01 - __main__ - INFO - 
Epoch 135/150 | lr 0.002984
2026-02-26 10:04:31 - __main__ - INFO - Train: loss 0.5017 acc1 99.68% acc5 99.99%
2026-02-26 10:04:31 - __main__ - INFO - Val:   loss 1.5698 acc1 71.33% acc5 90.97%
2026-02-26 10:04:31 - __main__ - INFO - saved best: 71.33%
2026-02-26 10:04:31 - __main__ - INFO - 
Epoch 136/150 | lr 0.002627
2026-02-26 10:06:01 - __main__ - INFO - Train: loss 0.4992 acc1 99.72% acc5 100.00%
2026-02-26 10:06:01 - __main__ - INFO - Val:   loss 1.5877 acc1 71.41% acc5 90.76%
2026-02-26 10:06:01 - __main__ - INFO - saved best: 71.41%
2026-02-26 10:06:01 - __main__ - INFO - 
Epoch 137/150 | lr 0.002292
2026-02-26 10:07:30 - __main__ - INFO - Train: loss 0.4973 acc1 99.74% acc5 100.00%
2026-02-26 10:07:30 - __main__ - INFO - Val:   loss 1.5849 acc1 71.07% acc5 90.70%
2026-02-26 10:07:30 - __main__ - INFO - 
Epoch 138/150 | lr 0.001980
2026-02-26 10:08:59 - __main__ - INFO - Train: loss 0.4952 acc1 99.78% acc5 100.00%
2026-02-26 10:08:59 - __main__ - INFO - Val:   loss 1.5854 acc1 71.41% acc5 90.84%
2026-02-26 10:08:59 - __main__ - INFO - 
Epoch 139/150 | lr 0.001690
2026-02-26 10:10:28 - __main__ - INFO - Train: loss 0.4942 acc1 99.80% acc5 100.00%
2026-02-26 10:10:28 - __main__ - INFO - Val:   loss 1.5810 acc1 71.83% acc5 91.03%
2026-02-26 10:10:28 - __main__ - INFO - saved best: 71.83%
2026-02-26 10:10:28 - __main__ - INFO - 
Epoch 140/150 | lr 0.001423
2026-02-26 10:11:57 - __main__ - INFO - Train: loss 0.4923 acc1 99.80% acc5 100.00%
2026-02-26 10:11:57 - __main__ - INFO - Val:   loss 1.5797 acc1 71.69% acc5 90.80%
2026-02-26 10:11:57 - __main__ - INFO - 
Epoch 141/150 | lr 0.001179
2026-02-26 10:13:26 - __main__ - INFO - Train: loss 0.4915 acc1 99.79% acc5 100.00%
2026-02-26 10:13:26 - __main__ - INFO - Val:   loss 1.5872 acc1 71.32% acc5 90.68%
2026-02-26 10:13:26 - __main__ - INFO - 
Epoch 142/150 | lr 0.000957
2026-02-26 10:14:56 - __main__ - INFO - Train: loss 0.4905 acc1 99.79% acc5 100.00%
2026-02-26 10:14:56 - __main__ - INFO - Val:   loss 1.5859 acc1 71.45% acc5 90.81%
2026-02-26 10:14:56 - __main__ - INFO - 
Epoch 143/150 | lr 0.000759
2026-02-26 10:16:25 - __main__ - INFO - Train: loss 0.4907 acc1 99.81% acc5 100.00%
2026-02-26 10:16:25 - __main__ - INFO - Val:   loss 1.5880 acc1 71.42% acc5 90.70%
2026-02-26 10:16:25 - __main__ - INFO - 
Epoch 144/150 | lr 0.000584
2026-02-26 10:17:55 - __main__ - INFO - Train: loss 0.4895 acc1 99.81% acc5 100.00%
2026-02-26 10:17:55 - __main__ - INFO - Val:   loss 1.5796 acc1 71.52% acc5 91.01%
2026-02-26 10:17:55 - __main__ - INFO - 
Epoch 145/150 | lr 0.000432
2026-02-26 10:19:24 - __main__ - INFO - Train: loss 0.4890 acc1 99.84% acc5 100.00%
2026-02-26 10:19:24 - __main__ - INFO - Val:   loss 1.5805 acc1 71.40% acc5 91.03%
2026-02-26 10:19:24 - __main__ - INFO - 
Epoch 146/150 | lr 0.000303
2026-02-26 10:20:53 - __main__ - INFO - Train: loss 0.4888 acc1 99.82% acc5 100.00%
2026-02-26 10:20:53 - __main__ - INFO - Val:   loss 1.5844 acc1 71.71% acc5 90.87%
2026-02-26 10:20:53 - __main__ - INFO - 
Epoch 147/150 | lr 0.000198
2026-02-26 10:22:22 - __main__ - INFO - Train: loss 0.4886 acc1 99.81% acc5 100.00%
2026-02-26 10:22:22 - __main__ - INFO - Val:   loss 1.5835 acc1 71.63% acc5 90.91%
2026-02-26 10:22:22 - __main__ - INFO - 
Epoch 148/150 | lr 0.000116
2026-02-26 10:23:51 - __main__ - INFO - Train: loss 0.4877 acc1 99.82% acc5 100.00%
2026-02-26 10:23:51 - __main__ - INFO - Val:   loss 1.5805 acc1 71.83% acc5 90.91%
2026-02-26 10:23:51 - __main__ - INFO - 
Epoch 149/150 | lr 0.000057
2026-02-26 10:25:19 - __main__ - INFO - Train: loss 0.4876 acc1 99.83% acc5 100.00%
2026-02-26 10:25:19 - __main__ - INFO - Val:   loss 1.5820 acc1 71.63% acc5 90.99%
2026-02-26 10:25:19 - __main__ - INFO - 
Epoch 150/150 | lr 0.000022
2026-02-26 10:26:48 - __main__ - INFO - Train: loss 0.4883 acc1 99.83% acc5 100.00%
2026-02-26 10:26:48 - __main__ - INFO - Val:   loss 1.5860 acc1 71.34% acc5 90.82%
2026-02-26 10:26:49 - __main__ - INFO - 
Best tracked (val): 71.83%
2026-02-26 10:26:49 - __main__ - INFO - Final test: loss 1.5937 acc1 72.01% acc5 90.08%
2026-02-26 10:26:50 - graphics - INFO - Metrics plot saved to runs_optuna/resnet18/cifar100/optuna_mask_trial0003_resnet18_cifar100_ep150_bs128_lr0.1_wd5e-04_ls0.05_wu5_maskcam_high_mwu0_mp1.0_ma0.3_mb6_cllayer4/metrics_plot.png
2026-02-26 10:26:50 - __main__ - INFO - [Trial 3] Stage result | best_val_acc=0.718302 | best_so_far=0.718302
2026-02-26 10:26:50 - __main__ - INFO - [Trial 4] mask params: {'masking': 'cam_high', 'mask_warmup_epochs': 30, 'mask_prob': 1.0, 'mask_area': 0.3, 'mask_block': 4, 'cam_layer': 'layer3'}
2026-02-26 10:26:50 - __main__ - INFO - [Trial 4] Stage 1/5 | epochs=15 | run=optuna_mask_trial0004_resnet18_cifar100_ep15_bs128_lr0.1_wd5e-04_ls0.05_wu5_maskcam_high_mwu30_mp1.0_ma0.3_mb4_cllayer3
