2026-06-29 01:06:06 - __main__ - INFO - Run parameters: {"_cam_checkpoint_fingerprint": {"mtime_ns": 1782695155128401717, "path": "/content/CAMRegularization/runs/malimg/resnet18/42/resnet18_seed42_none/best_model.pt", "sha256": "7313e45ed26cc7de88279b2ca93ef1450120c2efc3331ebafa41b45f1f46194a", "size": 44838347}, "adamw_betas": [0.9, 0.999], "adamw_eps": 1e-08, "amp": true, "batch_size": 128, "cam_cache_dir": "/content/cam_cache/malimg/resnet18/seed42", "cam_layer": "auto", "cam_precompute_only": true, "cam_precompute_windows": false, "cutout_area": 0.1, "cutout_m": 1, "cutout_mode": "cam_low", "cutout_size": 0, "data_dir": "./data", "dataset": "malimg", "debug_cam_timing": false, "deterministic_train_transforms": true, "epochs": 100, "gamma": 0.1, "grayscale": false, "include_regex": "", "label_smoothing": 0.0, "log_every": 100, "lr": 0.1, "milestones": "60,80", "min_lr": 1e-05, "model": "resnet18", "momentum": 0.9, "nesterov": false, "num_workers": 0, "optimizer": "sgd", "out_dir": "runs/malimg/resnet18/42", "run_name": "resnet18_seed42_cam_cache_precompute", "saliency_candidate_percent": 10.0, "scheduler": "cosine", "seed": 42, "teacher_checkpoint": "runs/malimg/resnet18/42/resnet18_seed42_none/best_model.pt", "teacher_checkpoint_sha256": "7313e45ed26cc7de88279b2ca93ef1450120c2efc3331ebafa41b45f1f46194a", "teacher_model": "resnet18", "val_split": 0.1, "warmup_epochs": 5, "weight_decay": 0.0005}
2026-06-29 01:06:06 - __main__ - INFO - CAM cache precompute device: cuda | cuda: True | gpu: NVIDIA A100-SXM4-80GB
2026-06-29 01:06:23 - __main__ - INFO - CAM saliency cache directory: /content/cam_cache/malimg/resnet18/seed42
2026-06-29 01:06:23 - __main__ - INFO - CAM saliency cache enabled: /content/cam_cache/malimg/resnet18/seed42
2026-06-29 01:06:23 - __main__ - INFO - CAM window cache enabled: /content/cam_cache/malimg/resnet18/seed42/windows
2026-06-29 01:06:23 - __main__ - INFO - Precomputing CAM saliency cache for 7459 training samples into /content/cam_cache/malimg/resnet18/seed42.
2026-06-29 01:06:23 - __main__ - INFO - CAM cache miss: /content/cam_cache/malimg/resnet18/seed42/69/23/6923ccde3fb22ef3fae8268cd77108706a27b755f6c8bf638443b49d203aae31.pt
2026-06-29 01:06:23 - __main__ - INFO - CAM cache miss: /content/cam_cache/malimg/resnet18/seed42/94/7c/947c28cd9872fdd3a9694e075d37cfcb1cf278eea2acde404692872e62435d57.pt
2026-06-29 01:06:23 - __main__ - INFO - CAM cache saved: /content/cam_cache/malimg/resnet18/seed42/69/23/6923ccde3fb22ef3fae8268cd77108706a27b755f6c8bf638443b49d203aae31.pt
2026-06-29 01:06:24 - __main__ - INFO - CAM cache miss: /content/cam_cache/malimg/resnet18/seed42/1d/1a/1d1a24b5246752344fe27612440a1c0cf6f75abaf92250d22cddf561a0ab0e5c.pt
2026-06-29 01:06:24 - __main__ - INFO - CAM cache miss: /content/cam_cache/malimg/resnet18/seed42/c2/d4/c2d41e48ea73db9e273ce227c951c9d6f3e6da726862449c61751c1ccdaba6af.pt
2026-06-29 01:06:24 - __main__ - INFO - CAM cache saved: /content/cam_cache/malimg/resnet18/seed42/1d/1a/1d1a24b5246752344fe27612440a1c0cf6f75abaf92250d22cddf561a0ab0e5c.pt
2026-06-29 01:06:24 - __main__ - INFO - CAM cache miss: /content/cam_cache/malimg/resnet18/seed42/a2/6b/a26bf4ddf1ed4e8c300ae5cc633d7cba96df01f53fd3eed3e057be59ceb2b1d1.pt
2026-06-29 01:06:24 - __main__ - INFO - CAM cache saved: /content/cam_cache/malimg/resnet18/seed42/a2/6b/a26bf4ddf1ed4e8c300ae5cc633d7cba96df01f53fd3eed3e057be59ceb2b1d1.pt
2026-06-29 01:06:24 - __main__ - INFO - CAM cache saved: /content/cam_cache/malimg/resnet18/seed42/32/a5/32a5f8096cb5d7df73854a6f3383b2927450338cb9c551ff42236afa0c86328a.pt
2026-06-29 01:06:24 - __main__ - INFO - CAM cache saved: /content/cam_cache/malimg/resnet18/seed42/12/68/12684497d2f182955ab090db0c77e800079f5fd4a25c1bae28c3c8f842bea42c.pt
2026-06-29 01:06:29 - __main__ - INFO - CAM cache precompute progress: 500/7459 samples
2026-06-29 01:06:35 - __main__ - INFO - CAM cache precompute progress: 1000/7459 samples
2026-06-29 01:06:41 - __main__ - INFO - CAM cache precompute progress: 1500/7459 samples
2026-06-29 01:06:46 - __main__ - INFO - CAM cache precompute progress: 2000/7459 samples
2026-06-29 01:06:52 - __main__ - INFO - CAM cache precompute progress: 2500/7459 samples
2026-06-29 01:06:58 - __main__ - INFO - CAM cache precompute progress: 3000/7459 samples
2026-06-29 01:07:04 - __main__ - INFO - CAM cache precompute progress: 3500/7459 samples
2026-06-29 01:07:10 - __main__ - INFO - CAM cache precompute progress: 4000/7459 samples
2026-06-29 01:07:17 - __main__ - INFO - CAM cache precompute progress: 4500/7459 samples
2026-06-29 01:07:23 - __main__ - INFO - CAM cache precompute progress: 5000/7459 samples
2026-06-29 01:07:29 - __main__ - INFO - CAM cache precompute progress: 5500/7459 samples
2026-06-29 01:07:35 - __main__ - INFO - CAM cache precompute progress: 6000/7459 samples
2026-06-29 01:07:43 - __main__ - INFO - CAM cache precompute progress: 6500/7459 samples
2026-06-29 01:07:53 - __main__ - INFO - CAM cache precompute progress: 7000/7459 samples
2026-06-29 01:08:01 - __main__ - INFO - CAM cache precompute progress: 7459/7459 samples
2026-06-29 01:08:01 - __main__ - INFO - CAM cache precomputation complete: 7459 samples cached in /content/cam_cache/malimg/resnet18/seed42
