2026-06-29 16:57:34 - __main__ - INFO - Run parameters: {"_cam_checkpoint_fingerprint": {"mtime_ns": 1782752231836087771, "path": "/content/CAMRegularization/runs/malimg/resnet18/42/resnet18_seed42_none/best_model.pt", "sha256": "7313e45ed26cc7de88279b2ca93ef1450120c2efc3331ebafa41b45f1f46194a", "size": 44838347}, "adamw_betas": [0.9, 0.999], "adamw_eps": 1e-08, "amp": true, "batch_size": 128, "cam_cache_dir": "/content/cam_cache/malimg/resnet18/seed42", "cam_layer": "auto", "cam_precompute_only": true, "cam_precompute_windows": false, "cutout_area": 0.1, "cutout_m": 1, "cutout_mode": "cam_low", "cutout_size": 0, "data_dir": "./data", "dataset": "malimg", "debug_cam_timing": false, "deterministic_train_transforms": true, "epochs": 100, "gamma": 0.1, "grayscale": false, "include_regex": "", "label_smoothing": 0.0, "log_every": 100, "lr": 0.1, "milestones": "60,80", "min_lr": 1e-05, "model": "resnet18", "momentum": 0.9, "nesterov": false, "num_workers": 0, "optimizer": "sgd", "out_dir": "runs/malimg/resnet18/42", "run_name": "resnet18_seed42_cam_cache_precompute", "saliency_candidate_percent": 10.0, "scheduler": "cosine", "seed": 42, "teacher_checkpoint": "runs/malimg/resnet18/42/resnet18_seed42_none/best_model.pt", "teacher_checkpoint_sha256": "7313e45ed26cc7de88279b2ca93ef1450120c2efc3331ebafa41b45f1f46194a", "teacher_model": "resnet18", "val_split": 0.1, "warmup_epochs": 5, "weight_decay": 0.0005}
2026-06-29 16:57:34 - __main__ - INFO - CAM cache precompute device: cuda | cuda: True | gpu: NVIDIA A100-SXM4-80GB
2026-06-29 16:58:20 - __main__ - INFO - CAM saliency cache directory: /content/cam_cache/malimg/resnet18/seed42
2026-06-29 16:58:20 - __main__ - INFO - CAM saliency cache enabled: /content/cam_cache/malimg/resnet18/seed42
2026-06-29 16:58:20 - __main__ - INFO - CAM window cache enabled: /content/cam_cache/malimg/resnet18/seed42/windows
2026-06-29 16:58:20 - __main__ - INFO - Precomputing CAM saliency cache for 7459 training samples into /content/cam_cache/malimg/resnet18/seed42.
2026-06-29 16:58:20 - __main__ - INFO - CAM cache miss: /content/cam_cache/malimg/resnet18/seed42/30/cc/30cc98993348879725866b71c25e49a57affffd180978ecf6b3c2316eeb0cca6.pt
2026-06-29 16:58:21 - __main__ - INFO - CAM cache saved: /content/cam_cache/malimg/resnet18/seed42/30/cc/30cc98993348879725866b71c25e49a57affffd180978ecf6b3c2316eeb0cca6.pt
2026-06-29 16:58:21 - __main__ - INFO - CAM cache miss: /content/cam_cache/malimg/resnet18/seed42/d4/b1/d4b13630eb00e9dc996b33220836986dd98f5add256fae827df790352b7ca93b.pt
2026-06-29 16:58:21 - __main__ - INFO - CAM cache saved: /content/cam_cache/malimg/resnet18/seed42/d4/b1/d4b13630eb00e9dc996b33220836986dd98f5add256fae827df790352b7ca93b.pt
2026-06-29 16:58:21 - __main__ - INFO - CAM cache miss: /content/cam_cache/malimg/resnet18/seed42/b9/16/b91681823ce2b2fdb3ccf941e4d118185017ede24297c93951d10e49d9deb2f7.pt
2026-06-29 16:58:21 - __main__ - INFO - CAM cache saved: /content/cam_cache/malimg/resnet18/seed42/b9/16/b91681823ce2b2fdb3ccf941e4d118185017ede24297c93951d10e49d9deb2f7.pt
2026-06-29 16:58:21 - __main__ - INFO - CAM cache miss: /content/cam_cache/malimg/resnet18/seed42/1b/51/1b513451eaff566d690b3e376b4600a97f7a1459f1c926dd1c0954e347f9dc6a.pt
2026-06-29 16:58:21 - __main__ - INFO - CAM cache saved: /content/cam_cache/malimg/resnet18/seed42/1b/51/1b513451eaff566d690b3e376b4600a97f7a1459f1c926dd1c0954e347f9dc6a.pt
2026-06-29 16:58:21 - __main__ - INFO - CAM cache miss: /content/cam_cache/malimg/resnet18/seed42/b2/55/b25566848bb2fce458a4bd11cf3ea794fbb18622145d8481af855a8974e6e9b9.pt
2026-06-29 16:58:21 - __main__ - INFO - CAM cache saved: /content/cam_cache/malimg/resnet18/seed42/b2/55/b25566848bb2fce458a4bd11cf3ea794fbb18622145d8481af855a8974e6e9b9.pt
2026-06-29 16:58:26 - __main__ - INFO - CAM cache precompute progress: 500/7459 samples
2026-06-29 16:58:31 - __main__ - INFO - CAM cache precompute progress: 1000/7459 samples
2026-06-29 16:58:35 - __main__ - INFO - CAM cache precompute progress: 1500/7459 samples
2026-06-29 16:58:40 - __main__ - INFO - CAM cache precompute progress: 2000/7459 samples
2026-06-29 16:58:45 - __main__ - INFO - CAM cache precompute progress: 2500/7459 samples
2026-06-29 16:58:50 - __main__ - INFO - CAM cache precompute progress: 3000/7459 samples
2026-06-29 16:58:55 - __main__ - INFO - CAM cache precompute progress: 3500/7459 samples
2026-06-29 16:58:59 - __main__ - INFO - CAM cache precompute progress: 4000/7459 samples
2026-06-29 16:59:06 - __main__ - INFO - CAM cache precompute progress: 4500/7459 samples
2026-06-29 16:59:11 - __main__ - INFO - CAM cache precompute progress: 5000/7459 samples
2026-06-29 16:59:16 - __main__ - INFO - CAM cache precompute progress: 5500/7459 samples
2026-06-29 16:59:21 - __main__ - INFO - CAM cache precompute progress: 6000/7459 samples
2026-06-29 16:59:28 - __main__ - INFO - CAM cache precompute progress: 6500/7459 samples
2026-06-29 16:59:36 - __main__ - INFO - CAM cache precompute progress: 7000/7459 samples
2026-06-29 16:59:44 - __main__ - INFO - CAM cache precompute progress: 7459/7459 samples
2026-06-29 16:59:44 - __main__ - INFO - CAM cache precomputation complete: 7459 samples cached in /content/cam_cache/malimg/resnet18/seed42
