2026-06-28 23:02:25 - __main__ - INFO - Run parameters: {"_cam_checkpoint_fingerprint": {"mtime_ns": 1782687723440315699, "path": "/content/CAMRegularization/runs/malimg/resnet18/42/resnet18_seed42_none/best_model.pt", "sha256": "077794e333fe89bb3348e9036576a3a56143ca93c7944688a88a045e3f9c1d98", "size": 44838155}, "adamw_betas": [0.9, 0.999], "adamw_eps": 1e-08, "amp": true, "batch_size": 128, "cam_cache_dir": "/content/cam_cache/malimg/resnet18/seed42", "cam_layer": "auto", "cam_precompute_only": true, "cam_precompute_windows": false, "cutout_area": 0.1, "cutout_m": 1, "cutout_mode": "cam_low", "cutout_size": 0, "data_dir": "./data", "dataset": "malimg", "debug_cam_timing": false, "deterministic_train_transforms": true, "epochs": 100, "gamma": 0.1, "grayscale": false, "include_regex": "", "label_smoothing": 0.0, "log_every": 100, "lr": 0.1, "milestones": "60,80", "min_lr": 1e-05, "model": "resnet18", "momentum": 0.9, "nesterov": false, "num_workers": 0, "optimizer": "sgd", "out_dir": "runs/malimg/resnet18/42", "run_name": "resnet18_seed42_cam_cache_precompute", "saliency_candidate_percent": 10.0, "scheduler": "cosine", "seed": 42, "teacher_checkpoint": "runs/malimg/resnet18/42/resnet18_seed42_none/best_model.pt", "teacher_checkpoint_sha256": "077794e333fe89bb3348e9036576a3a56143ca93c7944688a88a045e3f9c1d98", "teacher_model": "resnet18", "val_split": 0.1, "warmup_epochs": 5, "weight_decay": 0.0005}
2026-06-28 23:02:25 - __main__ - INFO - CAM cache precompute device: cuda | cuda: True | gpu: NVIDIA A100-SXM4-40GB
2026-06-28 23:03:19 - __main__ - INFO - CAM saliency cache directory: /content/cam_cache/malimg/resnet18/seed42
2026-06-28 23:03:19 - __main__ - INFO - CAM saliency cache enabled: /content/cam_cache/malimg/resnet18/seed42
2026-06-28 23:03:19 - __main__ - INFO - CAM window cache enabled: /content/cam_cache/malimg/resnet18/seed42/windows
2026-06-28 23:03:19 - __main__ - INFO - Precomputing CAM saliency cache for 7459 training samples into /content/cam_cache/malimg/resnet18/seed42.
2026-06-28 23:03:19 - __main__ - INFO - CAM cache miss: /content/cam_cache/malimg/resnet18/seed42/c4/a8/c4a8f5a91feca750ad12812d9fad0c13867c6440bce7f3bc6fa8e2e0678e07ea.pt
2026-06-28 23:03:21 - __main__ - INFO - CAM cache saved: /content/cam_cache/malimg/resnet18/seed42/c4/a8/c4a8f5a91feca750ad12812d9fad0c13867c6440bce7f3bc6fa8e2e0678e07ea.pt
2026-06-28 23:03:21 - __main__ - INFO - CAM cache miss: /content/cam_cache/malimg/resnet18/seed42/c3/74/c3742028d5325f9f9606df4621490aab8df5396385b5f7d79201028d95db5acb.pt
2026-06-28 23:03:21 - __main__ - INFO - CAM cache saved: /content/cam_cache/malimg/resnet18/seed42/c3/74/c3742028d5325f9f9606df4621490aab8df5396385b5f7d79201028d95db5acb.pt
2026-06-28 23:03:21 - __main__ - INFO - CAM cache miss: /content/cam_cache/malimg/resnet18/seed42/16/d2/16d27046f4f1e64c8adb9d280c3d847a8d612321b8044310060bc320961f6a49.pt
2026-06-28 23:03:21 - __main__ - INFO - CAM cache saved: /content/cam_cache/malimg/resnet18/seed42/16/d2/16d27046f4f1e64c8adb9d280c3d847a8d612321b8044310060bc320961f6a49.pt
2026-06-28 23:03:21 - __main__ - INFO - CAM cache miss: /content/cam_cache/malimg/resnet18/seed42/de/fe/defe4d8a2d12c5c809798e7440d130b87d6d14cc700e5f78fa38dfb35bfb38ca.pt
2026-06-28 23:03:21 - __main__ - INFO - CAM cache saved: /content/cam_cache/malimg/resnet18/seed42/de/fe/defe4d8a2d12c5c809798e7440d130b87d6d14cc700e5f78fa38dfb35bfb38ca.pt
2026-06-28 23:03:21 - __main__ - INFO - CAM cache miss: /content/cam_cache/malimg/resnet18/seed42/9c/7f/9c7f4bc3a62af6118c643c3a4e2eb270611275e5004299a30553257c97ab8035.pt
2026-06-28 23:03:21 - __main__ - INFO - CAM cache saved: /content/cam_cache/malimg/resnet18/seed42/9c/7f/9c7f4bc3a62af6118c643c3a4e2eb270611275e5004299a30553257c97ab8035.pt
2026-06-28 23:03:25 - __main__ - INFO - CAM cache precompute progress: 500/7459 samples
2026-06-28 23:03:30 - __main__ - INFO - CAM cache precompute progress: 1000/7459 samples
2026-06-28 23:03:35 - __main__ - INFO - CAM cache precompute progress: 1500/7459 samples
2026-06-28 23:03:39 - __main__ - INFO - CAM cache precompute progress: 2000/7459 samples
2026-06-28 23:03:44 - __main__ - INFO - CAM cache precompute progress: 2500/7459 samples
2026-06-28 23:03:49 - __main__ - INFO - CAM cache precompute progress: 3000/7459 samples
2026-06-28 23:03:53 - __main__ - INFO - CAM cache precompute progress: 3500/7459 samples
2026-06-28 23:03:58 - __main__ - INFO - CAM cache precompute progress: 4000/7459 samples
2026-06-28 23:04:05 - __main__ - INFO - CAM cache precompute progress: 4500/7459 samples
2026-06-28 23:04:09 - __main__ - INFO - CAM cache precompute progress: 5000/7459 samples
2026-06-28 23:04:14 - __main__ - INFO - CAM cache precompute progress: 5500/7459 samples
2026-06-28 23:04:19 - __main__ - INFO - CAM cache precompute progress: 6000/7459 samples
2026-06-28 23:04:26 - __main__ - INFO - CAM cache precompute progress: 6500/7459 samples
2026-06-28 23:04:34 - __main__ - INFO - CAM cache precompute progress: 7000/7459 samples
2026-06-28 23:04:42 - __main__ - INFO - CAM cache precompute progress: 7459/7459 samples
2026-06-28 23:04:42 - __main__ - INFO - CAM cache precomputation complete: 7459 samples cached in /content/cam_cache/malimg/resnet18/seed42
