2026-06-21 11:51:24 - __main__ - INFO - Run parameters: {"adamw_betas": [0.9, 0.999], "adamw_eps": 1e-08, "amp": true, "batch_size": 128, "cam_layer": "auto", "cutout_area": 0.1, "cutout_m": 8, "cutout_mode": "random", "cutout_size": 0, "data_dir": "./data", "dataset": "cifar100", "epochs": 100, "gamma": 0.1, "grayscale": false, "include_regex": "", "label_smoothing": 0.0, "log_every": 100, "lr": 0.1, "milestones": "60,80", "min_lr": 1e-05, "model": "resnet18", "momentum": 0.9, "nesterov": false, "num_workers": 4, "optimizer": "sgd", "out_dir": "runs/cifar100_colab/42", "run_name": "resnet18_seed42_random_M8_area0.1", "saliency_candidate_percent": 10.0, "scheduler": "cosine", "seed": 42, "teacher_checkpoint": "", "teacher_model": "", "val_split": 0.1, "warmup_epochs": 5, "weight_decay": 0.0005}
2026-06-21 11:51:24 - __main__ - INFO - device: cuda | cuda: True | gpu: NVIDIA L4
2026-06-21 11:51:28 - __main__ - INFO - Model: resnet18 | Dataset: cifar100 | Classes: 100 | Optimizer: sgd
2026-06-21 11:51:28 - __main__ - INFO - Cutout enabled: mode=random m=8 size=None area=0.1
2026-06-21 11:51:28 - __main__ - INFO - 
Epoch 1/100 | lr 0.000100
2026-06-21 11:52:43 - __main__ - INFO - Train: loss 4.4150 acc1 4.20%
2026-06-21 11:52:43 - __main__ - INFO - Val:   loss 4.1781 acc1 6.62%
2026-06-21 11:52:43 - __main__ - INFO - saved best: 6.62%
2026-06-21 11:52:43 - __main__ - INFO - 
Epoch 2/100 | lr 0.020080
2026-06-21 11:53:58 - __main__ - INFO - Train: loss 2.4063 acc1 37.66%
2026-06-21 11:53:58 - __main__ - INFO - Val:   loss 1.9106 acc1 49.52%
2026-06-21 11:53:58 - __main__ - INFO - saved best: 49.52%
2026-06-21 11:53:58 - __main__ - INFO - 
Epoch 3/100 | lr 0.040060
2026-06-21 11:55:13 - __main__ - INFO - Train: loss 1.3855 acc1 60.53%
2026-06-21 11:55:13 - __main__ - INFO - Val:   loss 1.4992 acc1 59.73%
2026-06-21 11:55:13 - __main__ - INFO - saved best: 59.73%
2026-06-21 11:55:13 - __main__ - INFO - 
Epoch 4/100 | lr 0.060040
2026-06-21 11:56:29 - __main__ - INFO - Train: loss 1.1623 acc1 66.35%
2026-06-21 11:56:29 - __main__ - INFO - Val:   loss 1.7144 acc1 57.32%
2026-06-21 11:56:29 - __main__ - INFO - 
Epoch 5/100 | lr 0.080020
2026-06-21 11:57:44 - __main__ - INFO - Train: loss 1.1573 acc1 66.52%
2026-06-21 11:57:44 - __main__ - INFO - Val:   loss 1.6104 acc1 58.07%
2026-06-21 11:57:44 - __main__ - INFO - 
Epoch 6/100 | lr 0.100000
2026-06-21 11:58:59 - __main__ - INFO - Train: loss 1.2063 acc1 65.35%
2026-06-21 11:58:59 - __main__ - INFO - Val:   loss 1.7398 acc1 55.67%
2026-06-21 11:58:59 - __main__ - INFO - 
Epoch 7/100 | lr 0.099973
2026-06-21 12:00:14 - __main__ - INFO - Train: loss 1.1635 acc1 66.39%
2026-06-21 12:00:14 - __main__ - INFO - Val:   loss 1.8222 acc1 56.31%
2026-06-21 12:00:14 - __main__ - INFO - 
Epoch 8/100 | lr 0.099891
2026-06-21 12:01:29 - __main__ - INFO - Train: loss 1.1419 acc1 67.04%
2026-06-21 12:01:29 - __main__ - INFO - Val:   loss 1.6821 acc1 57.11%
2026-06-21 12:01:29 - __main__ - INFO - 
Epoch 9/100 | lr 0.099754
2026-06-21 12:02:44 - __main__ - INFO - Train: loss 1.1259 acc1 67.55%
2026-06-21 12:02:44 - __main__ - INFO - Val:   loss 2.0249 acc1 53.81%
2026-06-21 12:02:44 - __main__ - INFO - 
Epoch 10/100 | lr 0.099563
2026-06-21 12:03:59 - __main__ - INFO - Train: loss 1.1153 acc1 67.78%
2026-06-21 12:03:59 - __main__ - INFO - Val:   loss 1.8389 acc1 54.34%
2026-06-21 12:03:59 - __main__ - INFO - 
Epoch 11/100 | lr 0.099318
2026-06-21 12:05:14 - __main__ - INFO - Train: loss 1.0993 acc1 68.28%
2026-06-21 12:05:14 - __main__ - INFO - Val:   loss 1.6208 acc1 58.15%
2026-06-21 12:05:14 - __main__ - INFO - 
Epoch 12/100 | lr 0.099019
2026-06-21 12:06:29 - __main__ - INFO - Train: loss 1.0884 acc1 68.49%
2026-06-21 12:06:29 - __main__ - INFO - Val:   loss 1.5274 acc1 59.99%
2026-06-21 12:06:29 - __main__ - INFO - saved best: 59.99%
2026-06-21 12:06:29 - __main__ - INFO - 
Epoch 13/100 | lr 0.098666
2026-06-21 12:07:44 - __main__ - INFO - Train: loss 1.0803 acc1 68.69%
2026-06-21 12:07:44 - __main__ - INFO - Val:   loss 1.6700 acc1 56.87%
2026-06-21 12:07:44 - __main__ - INFO - 
Epoch 14/100 | lr 0.098261
2026-06-21 12:08:59 - __main__ - INFO - Train: loss 1.0725 acc1 68.94%
2026-06-21 12:08:59 - __main__ - INFO - Val:   loss 1.7743 acc1 55.97%
2026-06-21 12:08:59 - __main__ - INFO - 
Epoch 15/100 | lr 0.097802
2026-06-21 12:10:13 - __main__ - INFO - Train: loss 1.0625 acc1 69.24%
2026-06-21 12:10:13 - __main__ - INFO - Val:   loss 1.6382 acc1 58.40%
2026-06-21 12:10:13 - __main__ - INFO - 
Epoch 16/100 | lr 0.097291
2026-06-21 12:11:28 - __main__ - INFO - Train: loss 1.0595 acc1 69.24%
2026-06-21 12:11:28 - __main__ - INFO - Val:   loss 1.7250 acc1 57.72%
2026-06-21 12:11:28 - __main__ - INFO - 
Epoch 17/100 | lr 0.096729
2026-06-21 12:12:42 - __main__ - INFO - Train: loss 1.0504 acc1 69.49%
2026-06-21 12:12:42 - __main__ - INFO - Val:   loss 1.7295 acc1 57.19%
2026-06-21 12:12:42 - __main__ - INFO - 
Epoch 18/100 | lr 0.096115
2026-06-21 12:13:57 - __main__ - INFO - Train: loss 1.0464 acc1 69.57%
2026-06-21 12:13:57 - __main__ - INFO - Val:   loss 1.6224 acc1 58.54%
2026-06-21 12:13:57 - __main__ - INFO - 
Epoch 19/100 | lr 0.095451
2026-06-21 12:15:11 - __main__ - INFO - Train: loss 1.0380 acc1 69.88%
2026-06-21 12:15:11 - __main__ - INFO - Val:   loss 1.6562 acc1 58.93%
2026-06-21 12:15:11 - __main__ - INFO - 
Epoch 20/100 | lr 0.094737
2026-06-21 12:16:26 - __main__ - INFO - Train: loss 1.0307 acc1 70.10%
2026-06-21 12:16:26 - __main__ - INFO - Val:   loss 1.6228 acc1 59.25%
2026-06-21 12:16:26 - __main__ - INFO - 
Epoch 21/100 | lr 0.093974
2026-06-21 12:17:40 - __main__ - INFO - Train: loss 1.0191 acc1 70.30%
2026-06-21 12:17:40 - __main__ - INFO - Val:   loss 1.6847 acc1 58.08%
2026-06-21 12:17:40 - __main__ - INFO - 
Epoch 22/100 | lr 0.093164
2026-06-21 12:18:55 - __main__ - INFO - Train: loss 1.0090 acc1 70.62%
2026-06-21 12:18:55 - __main__ - INFO - Val:   loss 1.6704 acc1 58.70%
2026-06-21 12:18:55 - __main__ - INFO - 
Epoch 23/100 | lr 0.092306
2026-06-21 12:20:10 - __main__ - INFO - Train: loss 1.0013 acc1 70.89%
2026-06-21 12:20:10 - __main__ - INFO - Val:   loss 1.5111 acc1 59.98%
2026-06-21 12:20:10 - __main__ - INFO - 
Epoch 24/100 | lr 0.091401
2026-06-21 12:21:24 - __main__ - INFO - Train: loss 0.9940 acc1 71.05%
2026-06-21 12:21:24 - __main__ - INFO - Val:   loss 1.9965 acc1 52.87%
2026-06-21 12:21:24 - __main__ - INFO - 
Epoch 25/100 | lr 0.090452
2026-06-21 12:22:39 - __main__ - INFO - Train: loss 0.9905 acc1 71.11%
2026-06-21 12:22:39 - __main__ - INFO - Val:   loss 1.8775 acc1 55.23%
2026-06-21 12:22:39 - __main__ - INFO - 
Epoch 26/100 | lr 0.089458
2026-06-21 12:23:53 - __main__ - INFO - Train: loss 0.9755 acc1 71.50%
2026-06-21 12:23:53 - __main__ - INFO - Val:   loss 1.6796 acc1 58.32%
2026-06-21 12:23:53 - __main__ - INFO - 
Epoch 27/100 | lr 0.088421
2026-06-21 12:25:07 - __main__ - INFO - Train: loss 0.9659 acc1 71.77%
2026-06-21 12:25:07 - __main__ - INFO - Val:   loss 1.5627 acc1 60.72%
2026-06-21 12:25:07 - __main__ - INFO - saved best: 60.72%
2026-06-21 12:25:07 - __main__ - INFO - 
Epoch 28/100 | lr 0.087342
2026-06-21 12:26:22 - __main__ - INFO - Train: loss 0.9586 acc1 72.00%
2026-06-21 12:26:22 - __main__ - INFO - Val:   loss 1.5882 acc1 59.93%
2026-06-21 12:26:22 - __main__ - INFO - 
Epoch 29/100 | lr 0.086223
2026-06-21 12:27:37 - __main__ - INFO - Train: loss 0.9450 acc1 72.33%
2026-06-21 12:27:37 - __main__ - INFO - Val:   loss 1.7902 acc1 56.97%
2026-06-21 12:27:37 - __main__ - INFO - 
Epoch 30/100 | lr 0.085063
2026-06-21 12:28:52 - __main__ - INFO - Train: loss 0.9403 acc1 72.46%
2026-06-21 12:28:52 - __main__ - INFO - Val:   loss 1.5353 acc1 60.62%
2026-06-21 12:28:52 - __main__ - INFO - 
Epoch 31/100 | lr 0.083866
2026-06-21 12:30:06 - __main__ - INFO - Train: loss 0.9261 acc1 72.84%
2026-06-21 12:30:06 - __main__ - INFO - Val:   loss 1.5972 acc1 59.45%
2026-06-21 12:30:06 - __main__ - INFO - 
Epoch 32/100 | lr 0.082631
2026-06-21 12:31:21 - __main__ - INFO - Train: loss 0.9164 acc1 73.10%
2026-06-21 12:31:21 - __main__ - INFO - Val:   loss 1.5539 acc1 59.83%
2026-06-21 12:31:21 - __main__ - INFO - 
Epoch 33/100 | lr 0.081361
2026-06-21 12:32:36 - __main__ - INFO - Train: loss 0.9056 acc1 73.39%
2026-06-21 12:32:36 - __main__ - INFO - Val:   loss 1.7881 acc1 57.19%
2026-06-21 12:32:36 - __main__ - INFO - 
Epoch 34/100 | lr 0.080056
2026-06-21 12:33:51 - __main__ - INFO - Train: loss 0.8905 acc1 73.73%
2026-06-21 12:33:51 - __main__ - INFO - Val:   loss 1.7041 acc1 58.12%
2026-06-21 12:33:51 - __main__ - INFO - 
Epoch 35/100 | lr 0.078719
2026-06-21 12:35:06 - __main__ - INFO - Train: loss 0.8779 acc1 74.10%
2026-06-21 12:35:06 - __main__ - INFO - Val:   loss 1.5538 acc1 59.79%
2026-06-21 12:35:06 - __main__ - INFO - 
Epoch 36/100 | lr 0.077350
2026-06-21 12:36:21 - __main__ - INFO - Train: loss 0.8682 acc1 74.36%
2026-06-21 12:36:21 - __main__ - INFO - Val:   loss 1.8371 acc1 56.38%
2026-06-21 12:36:21 - __main__ - INFO - 
Epoch 37/100 | lr 0.075951
2026-06-21 12:37:36 - __main__ - INFO - Train: loss 0.8554 acc1 74.72%
2026-06-21 12:37:36 - __main__ - INFO - Val:   loss 1.5991 acc1 61.23%
2026-06-21 12:37:36 - __main__ - INFO - saved best: 61.23%
2026-06-21 12:37:36 - __main__ - INFO - 
Epoch 38/100 | lr 0.074524
2026-06-21 12:38:50 - __main__ - INFO - Train: loss 0.8405 acc1 75.16%
2026-06-21 12:38:50 - __main__ - INFO - Val:   loss 1.6899 acc1 59.15%
2026-06-21 12:38:50 - __main__ - INFO - 
Epoch 39/100 | lr 0.073070
2026-06-21 12:40:05 - __main__ - INFO - Train: loss 0.8288 acc1 75.52%
2026-06-21 12:40:05 - __main__ - INFO - Val:   loss 1.5615 acc1 61.55%
2026-06-21 12:40:05 - __main__ - INFO - saved best: 61.55%
2026-06-21 12:40:05 - __main__ - INFO - 
Epoch 40/100 | lr 0.071591
2026-06-21 12:41:19 - __main__ - INFO - Train: loss 0.8116 acc1 75.96%
2026-06-21 12:41:19 - __main__ - INFO - Val:   loss 1.5113 acc1 62.86%
2026-06-21 12:41:19 - __main__ - INFO - saved best: 62.86%
2026-06-21 12:41:19 - __main__ - INFO - 
Epoch 41/100 | lr 0.070088
2026-06-21 12:42:34 - __main__ - INFO - Train: loss 0.7939 acc1 76.45%
2026-06-21 12:42:34 - __main__ - INFO - Val:   loss 1.4944 acc1 63.00%
2026-06-21 12:42:34 - __main__ - INFO - saved best: 63.00%
2026-06-21 12:42:34 - __main__ - INFO - 
Epoch 42/100 | lr 0.068563
2026-06-21 12:43:49 - __main__ - INFO - Train: loss 0.7784 acc1 76.83%
2026-06-21 12:43:49 - __main__ - INFO - Val:   loss 1.7664 acc1 58.68%
2026-06-21 12:43:49 - __main__ - INFO - 
Epoch 43/100 | lr 0.067018
2026-06-21 12:45:04 - __main__ - INFO - Train: loss 0.7664 acc1 77.21%
2026-06-21 12:45:04 - __main__ - INFO - Val:   loss 1.5793 acc1 60.88%
2026-06-21 12:45:04 - __main__ - INFO - 
Epoch 44/100 | lr 0.065454
2026-06-21 12:46:19 - __main__ - INFO - Train: loss 0.7468 acc1 77.77%
2026-06-21 12:46:19 - __main__ - INFO - Val:   loss 1.5280 acc1 63.38%
2026-06-21 12:46:19 - __main__ - INFO - saved best: 63.38%
2026-06-21 12:46:19 - __main__ - INFO - 
Epoch 45/100 | lr 0.063874
2026-06-21 12:47:33 - __main__ - INFO - Train: loss 0.7345 acc1 78.08%
2026-06-21 12:47:33 - __main__ - INFO - Val:   loss 1.7428 acc1 59.11%
2026-06-21 12:47:33 - __main__ - INFO - 
Epoch 46/100 | lr 0.062278
2026-06-21 12:48:47 - __main__ - INFO - Train: loss 0.7174 acc1 78.55%
2026-06-21 12:48:47 - __main__ - INFO - Val:   loss 1.5151 acc1 63.58%
2026-06-21 12:48:47 - __main__ - INFO - saved best: 63.58%
2026-06-21 12:48:47 - __main__ - INFO - 
Epoch 47/100 | lr 0.060669
2026-06-21 12:50:02 - __main__ - INFO - Train: loss 0.6975 acc1 79.11%
2026-06-21 12:50:02 - __main__ - INFO - Val:   loss 1.7349 acc1 59.71%
2026-06-21 12:50:02 - __main__ - INFO - 
Epoch 48/100 | lr 0.059048
2026-06-21 12:51:16 - __main__ - INFO - Train: loss 0.6785 acc1 79.63%
2026-06-21 12:51:16 - __main__ - INFO - Val:   loss 1.4277 acc1 63.71%
2026-06-21 12:51:16 - __main__ - INFO - saved best: 63.71%
2026-06-21 12:51:16 - __main__ - INFO - 
Epoch 49/100 | lr 0.057417
2026-06-21 12:52:30 - __main__ - INFO - Train: loss 0.6644 acc1 79.97%
2026-06-21 12:52:30 - __main__ - INFO - Val:   loss 1.4511 acc1 64.08%
2026-06-21 12:52:30 - __main__ - INFO - saved best: 64.08%
2026-06-21 12:52:30 - __main__ - INFO - 
Epoch 50/100 | lr 0.055779
2026-06-21 12:53:45 - __main__ - INFO - Train: loss 0.6420 acc1 80.60%
2026-06-21 12:53:45 - __main__ - INFO - Val:   loss 1.4850 acc1 64.07%
2026-06-21 12:53:45 - __main__ - INFO - 
Epoch 51/100 | lr 0.054134
2026-06-21 12:54:59 - __main__ - INFO - Train: loss 0.6255 acc1 81.19%
2026-06-21 12:54:59 - __main__ - INFO - Val:   loss 1.5294 acc1 62.67%
2026-06-21 12:54:59 - __main__ - INFO - 
Epoch 52/100 | lr 0.052484
2026-06-21 12:56:14 - __main__ - INFO - Train: loss 0.6030 acc1 81.76%
2026-06-21 12:56:14 - __main__ - INFO - Val:   loss 1.4425 acc1 65.35%
2026-06-21 12:56:14 - __main__ - INFO - saved best: 65.35%
2026-06-21 12:56:14 - __main__ - INFO - 
Epoch 53/100 | lr 0.050832
2026-06-21 12:57:29 - __main__ - INFO - Train: loss 0.5870 acc1 82.25%
2026-06-21 12:57:29 - __main__ - INFO - Val:   loss 1.4415 acc1 65.20%
2026-06-21 12:57:29 - __main__ - INFO - 
Epoch 54/100 | lr 0.049178
2026-06-21 12:58:44 - __main__ - INFO - Train: loss 0.5688 acc1 82.82%
2026-06-21 12:58:44 - __main__ - INFO - Val:   loss 1.5430 acc1 63.03%
2026-06-21 12:58:44 - __main__ - INFO - 
Epoch 55/100 | lr 0.047526
2026-06-21 12:59:58 - __main__ - INFO - Train: loss 0.5523 acc1 83.26%
2026-06-21 12:59:58 - __main__ - INFO - Val:   loss 1.5880 acc1 63.78%
2026-06-21 12:59:58 - __main__ - INFO - 
Epoch 56/100 | lr 0.045876
2026-06-21 13:01:13 - __main__ - INFO - Train: loss 0.5320 acc1 83.89%
2026-06-21 13:01:13 - __main__ - INFO - Val:   loss 1.4062 acc1 65.77%
2026-06-21 13:01:13 - __main__ - INFO - saved best: 65.77%
2026-06-21 13:01:13 - __main__ - INFO - 
Epoch 57/100 | lr 0.044231
2026-06-21 13:02:28 - __main__ - INFO - Train: loss 0.5054 acc1 84.62%
2026-06-21 13:02:28 - __main__ - INFO - Val:   loss 1.4494 acc1 66.09%
2026-06-21 13:02:28 - __main__ - INFO - saved best: 66.09%
2026-06-21 13:02:28 - __main__ - INFO - 
Epoch 58/100 | lr 0.042593
2026-06-21 13:03:43 - __main__ - INFO - Train: loss 0.4880 acc1 85.17%
2026-06-21 13:03:43 - __main__ - INFO - Val:   loss 1.4275 acc1 65.02%
2026-06-21 13:03:43 - __main__ - INFO - 
Epoch 59/100 | lr 0.040962
2026-06-21 13:04:58 - __main__ - INFO - Train: loss 0.4704 acc1 85.73%
2026-06-21 13:04:58 - __main__ - INFO - Val:   loss 1.4023 acc1 66.49%
2026-06-21 13:04:58 - __main__ - INFO - saved best: 66.49%
2026-06-21 13:04:58 - __main__ - INFO - 
Epoch 60/100 | lr 0.039341
2026-06-21 13:06:13 - __main__ - INFO - Train: loss 0.4464 acc1 86.51%
2026-06-21 13:06:13 - __main__ - INFO - Val:   loss 1.4802 acc1 64.82%
2026-06-21 13:06:13 - __main__ - INFO - 
Epoch 61/100 | lr 0.037732
2026-06-21 13:07:28 - __main__ - INFO - Train: loss 0.4286 acc1 86.95%
2026-06-21 13:07:28 - __main__ - INFO - Val:   loss 1.4149 acc1 66.81%
2026-06-21 13:07:28 - __main__ - INFO - saved best: 66.81%
2026-06-21 13:07:28 - __main__ - INFO - 
Epoch 62/100 | lr 0.036136
2026-06-21 13:08:42 - __main__ - INFO - Train: loss 0.4081 acc1 87.61%
2026-06-21 13:08:42 - __main__ - INFO - Val:   loss 1.5697 acc1 63.82%
2026-06-21 13:08:42 - __main__ - INFO - 
Epoch 63/100 | lr 0.034556
2026-06-21 13:09:57 - __main__ - INFO - Train: loss 0.3881 acc1 88.27%
2026-06-21 13:09:57 - __main__ - INFO - Val:   loss 1.4129 acc1 66.61%
2026-06-21 13:09:57 - __main__ - INFO - 
Epoch 64/100 | lr 0.032992
2026-06-21 13:11:13 - __main__ - INFO - Train: loss 0.3684 acc1 88.82%
2026-06-21 13:11:13 - __main__ - INFO - Val:   loss 1.4162 acc1 66.36%
2026-06-21 13:11:13 - __main__ - INFO - 
Epoch 65/100 | lr 0.031447
2026-06-21 13:12:28 - __main__ - INFO - Train: loss 0.3521 acc1 89.31%
2026-06-21 13:12:28 - __main__ - INFO - Val:   loss 1.3936 acc1 67.04%
2026-06-21 13:12:28 - __main__ - INFO - saved best: 67.04%
2026-06-21 13:12:28 - __main__ - INFO - 
Epoch 66/100 | lr 0.029922
2026-06-21 13:13:43 - __main__ - INFO - Train: loss 0.3289 acc1 90.09%
2026-06-21 13:13:43 - __main__ - INFO - Val:   loss 1.4474 acc1 67.43%
2026-06-21 13:13:43 - __main__ - INFO - saved best: 67.43%
2026-06-21 13:13:43 - __main__ - INFO - 
Epoch 67/100 | lr 0.028419
2026-06-21 13:14:58 - __main__ - INFO - Train: loss 0.3097 acc1 90.67%
2026-06-21 13:14:58 - __main__ - INFO - Val:   loss 1.3725 acc1 67.82%
2026-06-21 13:14:58 - __main__ - INFO - saved best: 67.82%
2026-06-21 13:14:58 - __main__ - INFO - 
Epoch 68/100 | lr 0.026940
2026-06-21 13:16:13 - __main__ - INFO - Train: loss 0.2916 acc1 91.23%
2026-06-21 13:16:13 - __main__ - INFO - Val:   loss 1.4359 acc1 66.24%
2026-06-21 13:16:13 - __main__ - INFO - 
Epoch 69/100 | lr 0.025486
2026-06-21 13:17:28 - __main__ - INFO - Train: loss 0.2745 acc1 91.81%
2026-06-21 13:17:28 - __main__ - INFO - Val:   loss 1.3839 acc1 68.03%
2026-06-21 13:17:28 - __main__ - INFO - saved best: 68.03%
2026-06-21 13:17:28 - __main__ - INFO - 
Epoch 70/100 | lr 0.024059
2026-06-21 13:18:43 - __main__ - INFO - Train: loss 0.2549 acc1 92.45%
2026-06-21 13:18:43 - __main__ - INFO - Val:   loss 1.3999 acc1 67.43%
2026-06-21 13:18:43 - __main__ - INFO - 
Epoch 71/100 | lr 0.022660
2026-06-21 13:19:58 - __main__ - INFO - Train: loss 0.2350 acc1 93.03%
2026-06-21 13:19:58 - __main__ - INFO - Val:   loss 1.4180 acc1 67.85%
2026-06-21 13:19:58 - __main__ - INFO - 
Epoch 72/100 | lr 0.021291
2026-06-21 13:21:14 - __main__ - INFO - Train: loss 0.2192 acc1 93.62%
2026-06-21 13:21:14 - __main__ - INFO - Val:   loss 1.3923 acc1 68.23%
2026-06-21 13:21:14 - __main__ - INFO - saved best: 68.23%
2026-06-21 13:21:14 - __main__ - INFO - 
Epoch 73/100 | lr 0.019954
2026-06-21 13:22:29 - __main__ - INFO - Train: loss 0.2050 acc1 94.07%
2026-06-21 13:22:29 - __main__ - INFO - Val:   loss 1.3177 acc1 68.82%
2026-06-21 13:22:29 - __main__ - INFO - saved best: 68.82%
2026-06-21 13:22:29 - __main__ - INFO - 
Epoch 74/100 | lr 0.018649
2026-06-21 13:23:44 - __main__ - INFO - Train: loss 0.1882 acc1 94.59%
2026-06-21 13:23:44 - __main__ - INFO - Val:   loss 1.3816 acc1 69.52%
2026-06-21 13:23:44 - __main__ - INFO - saved best: 69.52%
2026-06-21 13:23:44 - __main__ - INFO - 
Epoch 75/100 | lr 0.017379
2026-06-21 13:24:59 - __main__ - INFO - Train: loss 0.1725 acc1 95.11%
2026-06-21 13:24:59 - __main__ - INFO - Val:   loss 1.3547 acc1 69.45%
2026-06-21 13:24:59 - __main__ - INFO - 
Epoch 76/100 | lr 0.016144
2026-06-21 13:26:14 - __main__ - INFO - Train: loss 0.1560 acc1 95.64%
2026-06-21 13:26:14 - __main__ - INFO - Val:   loss 1.2415 acc1 71.25%
2026-06-21 13:26:14 - __main__ - INFO - saved best: 71.25%
2026-06-21 13:26:14 - __main__ - INFO - 
Epoch 77/100 | lr 0.014947
2026-06-21 13:27:29 - __main__ - INFO - Train: loss 0.1393 acc1 96.19%
2026-06-21 13:27:29 - __main__ - INFO - Val:   loss 1.3196 acc1 70.51%
2026-06-21 13:27:29 - __main__ - INFO - 
Epoch 78/100 | lr 0.013787
2026-06-21 13:28:43 - __main__ - INFO - Train: loss 0.1268 acc1 96.59%
2026-06-21 13:28:43 - __main__ - INFO - Val:   loss 1.2520 acc1 71.07%
2026-06-21 13:28:43 - __main__ - INFO - 
Epoch 79/100 | lr 0.012668
2026-06-21 13:29:58 - __main__ - INFO - Train: loss 0.1105 acc1 97.11%
2026-06-21 13:29:58 - __main__ - INFO - Val:   loss 1.2909 acc1 70.40%
2026-06-21 13:29:58 - __main__ - INFO - 
Epoch 80/100 | lr 0.011589
2026-06-21 13:31:14 - __main__ - INFO - Train: loss 0.0974 acc1 97.53%
2026-06-21 13:31:14 - __main__ - INFO - Val:   loss 1.2537 acc1 70.85%
2026-06-21 13:31:14 - __main__ - INFO - 
Epoch 81/100 | lr 0.010552
2026-06-21 13:32:29 - __main__ - INFO - Train: loss 0.0872 acc1 97.87%
2026-06-21 13:32:29 - __main__ - INFO - Val:   loss 1.2329 acc1 71.74%
2026-06-21 13:32:29 - __main__ - INFO - saved best: 71.74%
2026-06-21 13:32:29 - __main__ - INFO - 
Epoch 82/100 | lr 0.009558
2026-06-21 13:33:43 - __main__ - INFO - Train: loss 0.0733 acc1 98.28%
2026-06-21 13:33:43 - __main__ - INFO - Val:   loss 1.1767 acc1 72.38%
2026-06-21 13:33:43 - __main__ - INFO - saved best: 72.38%
2026-06-21 13:33:43 - __main__ - INFO - 
Epoch 83/100 | lr 0.008609
2026-06-21 13:34:58 - __main__ - INFO - Train: loss 0.0605 acc1 98.67%
2026-06-21 13:34:58 - __main__ - INFO - Val:   loss 1.1764 acc1 71.94%
2026-06-21 13:34:58 - __main__ - INFO - 
Epoch 84/100 | lr 0.007704
2026-06-21 13:36:13 - __main__ - INFO - Train: loss 0.0507 acc1 98.93%
2026-06-21 13:36:13 - __main__ - INFO - Val:   loss 1.1156 acc1 73.98%
2026-06-21 13:36:13 - __main__ - INFO - saved best: 73.98%
2026-06-21 13:36:13 - __main__ - INFO - 
Epoch 85/100 | lr 0.006846
2026-06-21 13:37:28 - __main__ - INFO - Train: loss 0.0385 acc1 99.30%
2026-06-21 13:37:28 - __main__ - INFO - Val:   loss 1.0707 acc1 74.30%
2026-06-21 13:37:28 - __main__ - INFO - saved best: 74.30%
2026-06-21 13:37:28 - __main__ - INFO - 
Epoch 86/100 | lr 0.006036
2026-06-21 13:38:43 - __main__ - INFO - Train: loss 0.0288 acc1 99.55%
2026-06-21 13:38:43 - __main__ - INFO - Val:   loss 1.0421 acc1 74.74%
2026-06-21 13:38:43 - __main__ - INFO - saved best: 74.74%
2026-06-21 13:38:43 - __main__ - INFO - 
Epoch 87/100 | lr 0.005273
2026-06-21 13:39:58 - __main__ - INFO - Train: loss 0.0213 acc1 99.75%
2026-06-21 13:39:58 - __main__ - INFO - Val:   loss 0.9721 acc1 76.30%
2026-06-21 13:39:58 - __main__ - INFO - saved best: 76.30%
2026-06-21 13:39:58 - __main__ - INFO - 
Epoch 88/100 | lr 0.004559
2026-06-21 13:41:13 - __main__ - INFO - Train: loss 0.0169 acc1 99.84%
2026-06-21 13:41:13 - __main__ - INFO - Val:   loss 0.9698 acc1 76.49%
2026-06-21 13:41:13 - __main__ - INFO - saved best: 76.49%
2026-06-21 13:41:13 - __main__ - INFO - 
Epoch 89/100 | lr 0.003895
2026-06-21 13:42:28 - __main__ - INFO - Train: loss 0.0138 acc1 99.90%
2026-06-21 13:42:28 - __main__ - INFO - Val:   loss 0.9515 acc1 77.32%
2026-06-21 13:42:28 - __main__ - INFO - saved best: 77.32%
2026-06-21 13:42:28 - __main__ - INFO - 
Epoch 90/100 | lr 0.003281
2026-06-21 13:43:43 - __main__ - INFO - Train: loss 0.0123 acc1 99.92%
2026-06-21 13:43:43 - __main__ - INFO - Val:   loss 0.9331 acc1 77.54%
2026-06-21 13:43:43 - __main__ - INFO - saved best: 77.54%
2026-06-21 13:43:43 - __main__ - INFO - 
Epoch 91/100 | lr 0.002719
2026-06-21 13:44:58 - __main__ - INFO - Train: loss 0.0112 acc1 99.94%
2026-06-21 13:44:58 - __main__ - INFO - Val:   loss 0.9222 acc1 78.17%
2026-06-21 13:44:58 - __main__ - INFO - saved best: 78.17%
2026-06-21 13:44:58 - __main__ - INFO - 
Epoch 92/100 | lr 0.002208
2026-06-21 13:46:13 - __main__ - INFO - Train: loss 0.0104 acc1 99.96%
2026-06-21 13:46:13 - __main__ - INFO - Val:   loss 0.9276 acc1 77.79%
2026-06-21 13:46:13 - __main__ - INFO - 
Epoch 93/100 | lr 0.001749
2026-06-21 13:47:28 - __main__ - INFO - Train: loss 0.0099 acc1 99.96%
2026-06-21 13:47:28 - __main__ - INFO - Val:   loss 0.9326 acc1 77.74%
2026-06-21 13:47:28 - __main__ - INFO - 
Epoch 94/100 | lr 0.001344
2026-06-21 13:48:44 - __main__ - INFO - Train: loss 0.0095 acc1 99.96%
2026-06-21 13:48:44 - __main__ - INFO - Val:   loss 0.9242 acc1 77.58%
2026-06-21 13:48:44 - __main__ - INFO - 
Epoch 95/100 | lr 0.000991
2026-06-21 13:49:59 - __main__ - INFO - Train: loss 0.0089 acc1 99.97%
2026-06-21 13:49:59 - __main__ - INFO - Val:   loss 0.9285 acc1 78.03%
2026-06-21 13:49:59 - __main__ - INFO - 
Epoch 96/100 | lr 0.000692
2026-06-21 13:51:14 - __main__ - INFO - Train: loss 0.0092 acc1 99.96%
2026-06-21 13:51:14 - __main__ - INFO - Val:   loss 0.9209 acc1 78.03%
2026-06-21 13:51:14 - __main__ - INFO - 
Epoch 97/100 | lr 0.000447
2026-06-21 13:52:28 - __main__ - INFO - Train: loss 0.0086 acc1 99.98%
2026-06-21 13:52:28 - __main__ - INFO - Val:   loss 0.9214 acc1 78.26%
2026-06-21 13:52:28 - __main__ - INFO - saved best: 78.26%
2026-06-21 13:52:28 - __main__ - INFO - 
Epoch 98/100 | lr 0.000256
2026-06-21 13:53:43 - __main__ - INFO - Train: loss 0.0087 acc1 99.98%
2026-06-21 13:53:43 - __main__ - INFO - Val:   loss 0.9164 acc1 78.11%
2026-06-21 13:53:43 - __main__ - INFO - 
Epoch 99/100 | lr 0.000119
2026-06-21 13:54:58 - __main__ - INFO - Train: loss 0.0084 acc1 99.98%
2026-06-21 13:54:58 - __main__ - INFO - Val:   loss 0.9167 acc1 78.05%
2026-06-21 13:54:58 - __main__ - INFO - 
Epoch 100/100 | lr 0.000037
2026-06-21 13:56:13 - __main__ - INFO - Train: loss 0.0086 acc1 99.97%
2026-06-21 13:56:13 - __main__ - INFO - Val:   loss 0.9192 acc1 78.15%
2026-06-21 13:56:13 - __main__ - INFO - Loaded best checkpoint weights for final test evaluation.
2026-06-21 13:56:14 - __main__ - INFO - 
Best tracked (val): 78.26%
2026-06-21 13:56:14 - __main__ - INFO - Final test: loss 0.9347 acc1 77.97%
2026-06-21 13:56:15 - __main__ - INFO - Saved best model checkpoint to runs/cifar100_colab/42/resnet18_seed42_random_M8_area0.1/best_model.pt
