2026-07-14 19:11:20 - __main__ - INFO - Run parameters: {"adamw_betas": [0.9, 0.999], "adamw_eps": 1e-08, "amp": true, "batch_size": 128, "cam_cache_dir": "", "cam_layer": "auto", "cam_precompute_only": false, "cam_precompute_windows": false, "cutout_area": null, "cutout_m": 0, "cutout_mode": "none", "cutout_size": 0, "data_dir": "./data", "dataset": "drive_zip", "debug_cam_timing": false, "deterministic_train_transforms": true, "epochs": 100, "gamma": 0.1, "grayscale": true, "include_regex": "_grayscale\\.tiff$", "label_smoothing": 0.0, "log_every": 100, "lr": 0.1, "milestones": "60,80", "min_lr": 1e-05, "model": "resnet18", "momentum": 0.9, "nesterov": false, "num_workers": 4, "optimizer": "sgd", "out_dir": "runs/drive_zip/resnet18/43", "run_name": "resnet18_seed43_none", "saliency_candidate_percent": 10.0, "scheduler": "cosine", "seed": 43, "teacher_checkpoint": "", "teacher_model": "", "val_split": 0.1, "warmup_epochs": 5, "weight_decay": 0.0005}
2026-07-14 19:11:20 - __main__ - INFO - device: cuda | cuda: True | gpu: NVIDIA A100-SXM4-80GB
2026-07-14 19:13:18 - __main__ - INFO - Model: resnet18 | Dataset: drive_zip | Classes: 17 | Optimizer: sgd
2026-07-14 19:13:18 - __main__ - INFO - 
Epoch 1/100 | lr 0.000100
2026-07-14 19:13:33 - __main__ - INFO - Train: loss 2.8070 acc1 11.52%
2026-07-14 19:13:33 - __main__ - INFO - Val:   loss 2.6621 acc1 20.46%
2026-07-14 19:13:33 - __main__ - INFO - saved best: 20.46%
2026-07-14 19:13:33 - __main__ - INFO - 
Epoch 2/100 | lr 0.020080
2026-07-14 19:13:46 - __main__ - INFO - Train: loss 2.0193 acc1 33.93%
2026-07-14 19:13:46 - __main__ - INFO - Val:   loss 1.9504 acc1 34.38%
2026-07-14 19:13:46 - __main__ - INFO - saved best: 34.38%
2026-07-14 19:13:46 - __main__ - INFO - 
Epoch 3/100 | lr 0.040060
2026-07-14 19:13:59 - __main__ - INFO - Train: loss 1.7111 acc1 42.71%
2026-07-14 19:13:59 - __main__ - INFO - Val:   loss 1.6169 acc1 44.97%
2026-07-14 19:13:59 - __main__ - INFO - saved best: 44.97%
2026-07-14 19:13:59 - __main__ - INFO - 
Epoch 4/100 | lr 0.060040
2026-07-14 19:14:12 - __main__ - INFO - Train: loss 1.5309 acc1 49.14%
2026-07-14 19:14:12 - __main__ - INFO - Val:   loss 1.5461 acc1 49.70%
2026-07-14 19:14:12 - __main__ - INFO - saved best: 49.70%
2026-07-14 19:14:12 - __main__ - INFO - 
Epoch 5/100 | lr 0.080020
2026-07-14 19:14:25 - __main__ - INFO - Train: loss 1.4127 acc1 53.15%
2026-07-14 19:14:25 - __main__ - INFO - Val:   loss 1.4807 acc1 50.54%
2026-07-14 19:14:25 - __main__ - INFO - saved best: 50.54%
2026-07-14 19:14:25 - __main__ - INFO - 
Epoch 6/100 | lr 0.100000
2026-07-14 19:14:38 - __main__ - INFO - Train: loss 1.2906 acc1 57.51%
2026-07-14 19:14:38 - __main__ - INFO - Val:   loss 1.4622 acc1 54.57%
2026-07-14 19:14:38 - __main__ - INFO - saved best: 54.57%
2026-07-14 19:14:38 - __main__ - INFO - 
Epoch 7/100 | lr 0.099973
2026-07-14 19:14:51 - __main__ - INFO - Train: loss 1.1342 acc1 62.60%
2026-07-14 19:14:51 - __main__ - INFO - Val:   loss 1.4952 acc1 51.84%
2026-07-14 19:14:51 - __main__ - INFO - 
Epoch 8/100 | lr 0.099891
2026-07-14 19:15:04 - __main__ - INFO - Train: loss 1.0031 acc1 67.38%
2026-07-14 19:15:04 - __main__ - INFO - Val:   loss 1.4124 acc1 54.77%
2026-07-14 19:15:04 - __main__ - INFO - saved best: 54.77%
2026-07-14 19:15:04 - __main__ - INFO - 
Epoch 9/100 | lr 0.099754
2026-07-14 19:15:17 - __main__ - INFO - Train: loss 0.9206 acc1 70.04%
2026-07-14 19:15:17 - __main__ - INFO - Val:   loss 1.3931 acc1 57.32%
2026-07-14 19:15:17 - __main__ - INFO - saved best: 57.32%
2026-07-14 19:15:17 - __main__ - INFO - 
Epoch 10/100 | lr 0.099563
2026-07-14 19:15:30 - __main__ - INFO - Train: loss 0.8289 acc1 73.23%
2026-07-14 19:15:30 - __main__ - INFO - Val:   loss 1.3501 acc1 59.09%
2026-07-14 19:15:30 - __main__ - INFO - saved best: 59.09%
2026-07-14 19:15:30 - __main__ - INFO - 
Epoch 11/100 | lr 0.099318
2026-07-14 19:15:43 - __main__ - INFO - Train: loss 0.7322 acc1 75.99%
2026-07-14 19:15:43 - __main__ - INFO - Val:   loss 1.3332 acc1 65.18%
2026-07-14 19:15:43 - __main__ - INFO - saved best: 65.18%
2026-07-14 19:15:43 - __main__ - INFO - 
Epoch 12/100 | lr 0.099019
2026-07-14 19:15:56 - __main__ - INFO - Train: loss 0.6719 acc1 77.89%
2026-07-14 19:15:56 - __main__ - INFO - Val:   loss 1.4281 acc1 60.68%
2026-07-14 19:15:56 - __main__ - INFO - 
Epoch 13/100 | lr 0.098666
2026-07-14 19:16:09 - __main__ - INFO - Train: loss 0.5989 acc1 80.45%
2026-07-14 19:16:09 - __main__ - INFO - Val:   loss 1.2971 acc1 63.80%
2026-07-14 19:16:09 - __main__ - INFO - 
Epoch 14/100 | lr 0.098261
2026-07-14 19:16:22 - __main__ - INFO - Train: loss 0.5456 acc1 82.24%
2026-07-14 19:16:22 - __main__ - INFO - Val:   loss 1.3089 acc1 62.80%
2026-07-14 19:16:22 - __main__ - INFO - 
Epoch 15/100 | lr 0.097802
2026-07-14 19:16:35 - __main__ - INFO - Train: loss 0.4897 acc1 83.83%
2026-07-14 19:16:35 - __main__ - INFO - Val:   loss 1.2369 acc1 66.23%
2026-07-14 19:16:35 - __main__ - INFO - saved best: 66.23%
2026-07-14 19:16:35 - __main__ - INFO - 
Epoch 16/100 | lr 0.097291
2026-07-14 19:16:48 - __main__ - INFO - Train: loss 0.4671 acc1 84.44%
2026-07-14 19:16:48 - __main__ - INFO - Val:   loss 1.4522 acc1 66.14%
2026-07-14 19:16:48 - __main__ - INFO - 
Epoch 17/100 | lr 0.096729
2026-07-14 19:17:01 - __main__ - INFO - Train: loss 0.4191 acc1 86.60%
2026-07-14 19:17:01 - __main__ - INFO - Val:   loss 1.4090 acc1 65.38%
2026-07-14 19:17:01 - __main__ - INFO - 
Epoch 18/100 | lr 0.096115
2026-07-14 19:17:14 - __main__ - INFO - Train: loss 0.3589 acc1 88.01%
2026-07-14 19:17:14 - __main__ - INFO - Val:   loss 1.5808 acc1 65.38%
2026-07-14 19:17:14 - __main__ - INFO - 
Epoch 19/100 | lr 0.095451
2026-07-14 19:17:27 - __main__ - INFO - Train: loss 0.3021 acc1 90.20%
2026-07-14 19:17:27 - __main__ - INFO - Val:   loss 1.3078 acc1 69.67%
2026-07-14 19:17:27 - __main__ - INFO - saved best: 69.67%
2026-07-14 19:17:27 - __main__ - INFO - 
Epoch 20/100 | lr 0.094737
2026-07-14 19:17:40 - __main__ - INFO - Train: loss 0.2608 acc1 91.46%
2026-07-14 19:17:40 - __main__ - INFO - Val:   loss 1.4487 acc1 67.81%
2026-07-14 19:17:40 - __main__ - INFO - 
Epoch 21/100 | lr 0.093974
2026-07-14 19:17:53 - __main__ - INFO - Train: loss 0.2520 acc1 91.69%
2026-07-14 19:17:53 - __main__ - INFO - Val:   loss 1.2986 acc1 68.95%
2026-07-14 19:17:53 - __main__ - INFO - 
Epoch 22/100 | lr 0.093164
2026-07-14 19:18:06 - __main__ - INFO - Train: loss 0.2419 acc1 91.92%
2026-07-14 19:18:06 - __main__ - INFO - Val:   loss 1.4291 acc1 67.00%
2026-07-14 19:18:06 - __main__ - INFO - 
Epoch 23/100 | lr 0.092306
2026-07-14 19:18:19 - __main__ - INFO - Train: loss 0.2688 acc1 91.11%
2026-07-14 19:18:19 - __main__ - INFO - Val:   loss 1.5105 acc1 65.12%
2026-07-14 19:18:19 - __main__ - INFO - 
Epoch 24/100 | lr 0.091401
2026-07-14 19:18:32 - __main__ - INFO - Train: loss 0.2720 acc1 90.75%
2026-07-14 19:18:32 - __main__ - INFO - Val:   loss 1.4067 acc1 68.12%
2026-07-14 19:18:32 - __main__ - INFO - 
Epoch 25/100 | lr 0.090452
2026-07-14 19:18:45 - __main__ - INFO - Train: loss 0.2682 acc1 91.03%
2026-07-14 19:18:45 - __main__ - INFO - Val:   loss 1.3887 acc1 68.01%
2026-07-14 19:18:45 - __main__ - INFO - 
Epoch 26/100 | lr 0.089458
2026-07-14 19:18:58 - __main__ - INFO - Train: loss 0.2586 acc1 91.27%
2026-07-14 19:18:58 - __main__ - INFO - Val:   loss 1.4049 acc1 68.85%
2026-07-14 19:18:58 - __main__ - INFO - 
Epoch 27/100 | lr 0.088421
2026-07-14 19:19:10 - __main__ - INFO - Train: loss 0.2530 acc1 91.26%
2026-07-14 19:19:10 - __main__ - INFO - Val:   loss 1.4612 acc1 68.68%
2026-07-14 19:19:10 - __main__ - INFO - 
Epoch 28/100 | lr 0.087342
2026-07-14 19:19:23 - __main__ - INFO - Train: loss 0.2241 acc1 92.27%
2026-07-14 19:19:23 - __main__ - INFO - Val:   loss 1.3644 acc1 70.50%
2026-07-14 19:19:23 - __main__ - INFO - saved best: 70.50%
2026-07-14 19:19:23 - __main__ - INFO - 
Epoch 29/100 | lr 0.086223
2026-07-14 19:19:36 - __main__ - INFO - Train: loss 0.1970 acc1 93.02%
2026-07-14 19:19:36 - __main__ - INFO - Val:   loss 1.4931 acc1 69.24%
2026-07-14 19:19:36 - __main__ - INFO - 
Epoch 30/100 | lr 0.085063
2026-07-14 19:19:49 - __main__ - INFO - Train: loss 0.1767 acc1 93.82%
2026-07-14 19:19:49 - __main__ - INFO - Val:   loss 1.3898 acc1 71.26%
2026-07-14 19:19:49 - __main__ - INFO - saved best: 71.26%
2026-07-14 19:19:49 - __main__ - INFO - 
Epoch 31/100 | lr 0.083866
2026-07-14 19:20:02 - __main__ - INFO - Train: loss 0.1568 acc1 94.25%
2026-07-14 19:20:02 - __main__ - INFO - Val:   loss 1.3800 acc1 70.89%
2026-07-14 19:20:02 - __main__ - INFO - 
Epoch 32/100 | lr 0.082631
2026-07-14 19:20:15 - __main__ - INFO - Train: loss 0.1359 acc1 94.93%
2026-07-14 19:20:15 - __main__ - INFO - Val:   loss 1.3042 acc1 72.04%
2026-07-14 19:20:15 - __main__ - INFO - saved best: 72.04%
2026-07-14 19:20:15 - __main__ - INFO - 
Epoch 33/100 | lr 0.081361
2026-07-14 19:20:28 - __main__ - INFO - Train: loss 0.1268 acc1 94.94%
2026-07-14 19:20:28 - __main__ - INFO - Val:   loss 1.2944 acc1 71.00%
2026-07-14 19:20:28 - __main__ - INFO - 
Epoch 34/100 | lr 0.080056
2026-07-14 19:20:40 - __main__ - INFO - Train: loss 0.1209 acc1 95.21%
2026-07-14 19:20:40 - __main__ - INFO - Val:   loss 1.3060 acc1 70.34%
2026-07-14 19:20:40 - __main__ - INFO - 
Epoch 35/100 | lr 0.078719
2026-07-14 19:20:53 - __main__ - INFO - Train: loss 0.1198 acc1 95.28%
2026-07-14 19:20:53 - __main__ - INFO - Val:   loss 1.2281 acc1 72.08%
2026-07-14 19:20:53 - __main__ - INFO - saved best: 72.08%
2026-07-14 19:20:53 - __main__ - INFO - 
Epoch 36/100 | lr 0.077350
2026-07-14 19:21:06 - __main__ - INFO - Train: loss 0.1149 acc1 95.51%
2026-07-14 19:21:06 - __main__ - INFO - Val:   loss 1.2226 acc1 71.58%
2026-07-14 19:21:06 - __main__ - INFO - 
Epoch 37/100 | lr 0.075951
2026-07-14 19:21:19 - __main__ - INFO - Train: loss 0.1114 acc1 95.44%
2026-07-14 19:21:19 - __main__ - INFO - Val:   loss 1.2753 acc1 71.84%
2026-07-14 19:21:19 - __main__ - INFO - 
Epoch 38/100 | lr 0.074524
2026-07-14 19:21:32 - __main__ - INFO - Train: loss 0.1142 acc1 95.50%
2026-07-14 19:21:32 - __main__ - INFO - Val:   loss 1.2021 acc1 71.83%
2026-07-14 19:21:32 - __main__ - INFO - 
Epoch 39/100 | lr 0.073070
2026-07-14 19:21:45 - __main__ - INFO - Train: loss 0.1117 acc1 95.51%
2026-07-14 19:21:45 - __main__ - INFO - Val:   loss 1.2012 acc1 71.85%
2026-07-14 19:21:45 - __main__ - INFO - 
Epoch 40/100 | lr 0.071591
2026-07-14 19:21:58 - __main__ - INFO - Train: loss 0.1073 acc1 95.68%
2026-07-14 19:21:58 - __main__ - INFO - Val:   loss 1.2670 acc1 71.68%
2026-07-14 19:21:58 - __main__ - INFO - 
Epoch 41/100 | lr 0.070088
2026-07-14 19:22:11 - __main__ - INFO - Train: loss 0.1063 acc1 95.73%
2026-07-14 19:22:11 - __main__ - INFO - Val:   loss 1.2552 acc1 71.58%
2026-07-14 19:22:11 - __main__ - INFO - 
Epoch 42/100 | lr 0.068563
2026-07-14 19:22:24 - __main__ - INFO - Train: loss 0.3686 acc1 87.30%
2026-07-14 19:22:24 - __main__ - INFO - Val:   loss 1.7553 acc1 53.25%
2026-07-14 19:22:24 - __main__ - INFO - 
Epoch 43/100 | lr 0.067018
2026-07-14 19:22:37 - __main__ - INFO - Train: loss 0.6788 acc1 77.57%
2026-07-14 19:22:37 - __main__ - INFO - Val:   loss 1.4868 acc1 62.02%
2026-07-14 19:22:37 - __main__ - INFO - 
Epoch 44/100 | lr 0.065454
2026-07-14 19:22:50 - __main__ - INFO - Train: loss 0.3730 acc1 87.57%
2026-07-14 19:22:50 - __main__ - INFO - Val:   loss 1.4025 acc1 66.39%
2026-07-14 19:22:50 - __main__ - INFO - 
Epoch 45/100 | lr 0.063874
2026-07-14 19:23:02 - __main__ - INFO - Train: loss 0.2278 acc1 92.44%
2026-07-14 19:23:02 - __main__ - INFO - Val:   loss 1.4989 acc1 67.40%
2026-07-14 19:23:02 - __main__ - INFO - 
Epoch 46/100 | lr 0.062278
2026-07-14 19:23:15 - __main__ - INFO - Train: loss 0.1837 acc1 93.64%
2026-07-14 19:23:15 - __main__ - INFO - Val:   loss 1.2507 acc1 69.68%
2026-07-14 19:23:15 - __main__ - INFO - 
Epoch 47/100 | lr 0.060669
2026-07-14 19:23:28 - __main__ - INFO - Train: loss 0.1448 acc1 94.61%
2026-07-14 19:23:28 - __main__ - INFO - Val:   loss 1.3771 acc1 70.81%
2026-07-14 19:23:28 - __main__ - INFO - 
Epoch 48/100 | lr 0.059048
2026-07-14 19:23:41 - __main__ - INFO - Train: loss 0.1299 acc1 94.98%
2026-07-14 19:23:41 - __main__ - INFO - Val:   loss 1.3325 acc1 71.90%
2026-07-14 19:23:41 - __main__ - INFO - 
Epoch 49/100 | lr 0.057417
2026-07-14 19:23:54 - __main__ - INFO - Train: loss 0.1100 acc1 95.31%
2026-07-14 19:23:54 - __main__ - INFO - Val:   loss 1.3047 acc1 71.63%
2026-07-14 19:23:54 - __main__ - INFO - 
Epoch 50/100 | lr 0.055779
2026-07-14 19:24:07 - __main__ - INFO - Train: loss 0.1040 acc1 95.51%
2026-07-14 19:24:07 - __main__ - INFO - Val:   loss 1.2648 acc1 71.21%
2026-07-14 19:24:07 - __main__ - INFO - 
Epoch 51/100 | lr 0.054134
2026-07-14 19:24:20 - __main__ - INFO - Train: loss 0.0969 acc1 96.02%
2026-07-14 19:24:20 - __main__ - INFO - Val:   loss 1.2597 acc1 71.64%
2026-07-14 19:24:20 - __main__ - INFO - 
Epoch 52/100 | lr 0.052484
2026-07-14 19:24:33 - __main__ - INFO - Train: loss 0.0932 acc1 96.11%
2026-07-14 19:24:33 - __main__ - INFO - Val:   loss 1.2821 acc1 71.52%
2026-07-14 19:24:33 - __main__ - INFO - 
Epoch 53/100 | lr 0.050832
2026-07-14 19:24:46 - __main__ - INFO - Train: loss 0.0960 acc1 96.07%
2026-07-14 19:24:46 - __main__ - INFO - Val:   loss 1.2529 acc1 71.23%
2026-07-14 19:24:46 - __main__ - INFO - 
Epoch 54/100 | lr 0.049178
2026-07-14 19:24:59 - __main__ - INFO - Train: loss 0.0919 acc1 96.04%
2026-07-14 19:24:59 - __main__ - INFO - Val:   loss 1.2564 acc1 71.93%
2026-07-14 19:24:59 - __main__ - INFO - 
Epoch 55/100 | lr 0.047526
2026-07-14 19:25:12 - __main__ - INFO - Train: loss 0.0917 acc1 96.24%
2026-07-14 19:25:12 - __main__ - INFO - Val:   loss 1.1909 acc1 71.36%
2026-07-14 19:25:12 - __main__ - INFO - 
Epoch 56/100 | lr 0.045876
2026-07-14 19:25:25 - __main__ - INFO - Train: loss 0.0884 acc1 96.23%
2026-07-14 19:25:25 - __main__ - INFO - Val:   loss 1.2284 acc1 72.30%
2026-07-14 19:25:25 - __main__ - INFO - saved best: 72.30%
2026-07-14 19:25:25 - __main__ - INFO - 
Epoch 57/100 | lr 0.044231
2026-07-14 19:25:38 - __main__ - INFO - Train: loss 0.0860 acc1 96.25%
2026-07-14 19:25:38 - __main__ - INFO - Val:   loss 1.1868 acc1 72.80%
2026-07-14 19:25:38 - __main__ - INFO - saved best: 72.80%
2026-07-14 19:25:38 - __main__ - INFO - 
Epoch 58/100 | lr 0.042593
2026-07-14 19:25:50 - __main__ - INFO - Train: loss 0.0861 acc1 96.40%
2026-07-14 19:25:50 - __main__ - INFO - Val:   loss 1.1865 acc1 72.12%
2026-07-14 19:25:50 - __main__ - INFO - 
Epoch 59/100 | lr 0.040962
2026-07-14 19:26:03 - __main__ - INFO - Train: loss 0.0797 acc1 96.52%
2026-07-14 19:26:03 - __main__ - INFO - Val:   loss 1.1919 acc1 71.88%
2026-07-14 19:26:03 - __main__ - INFO - 
Epoch 60/100 | lr 0.039341
2026-07-14 19:26:16 - __main__ - INFO - Train: loss 0.0790 acc1 96.52%
2026-07-14 19:26:16 - __main__ - INFO - Val:   loss 1.1909 acc1 72.05%
2026-07-14 19:26:16 - __main__ - INFO - 
Epoch 61/100 | lr 0.037732
2026-07-14 19:26:29 - __main__ - INFO - Train: loss 0.0799 acc1 96.52%
2026-07-14 19:26:29 - __main__ - INFO - Val:   loss 1.2069 acc1 71.31%
2026-07-14 19:26:29 - __main__ - INFO - 
Epoch 62/100 | lr 0.036136
2026-07-14 19:26:42 - __main__ - INFO - Train: loss 0.0741 acc1 96.85%
2026-07-14 19:26:42 - __main__ - INFO - Val:   loss 1.1926 acc1 72.87%
2026-07-14 19:26:42 - __main__ - INFO - saved best: 72.87%
2026-07-14 19:26:42 - __main__ - INFO - 
Epoch 63/100 | lr 0.034556
2026-07-14 19:26:55 - __main__ - INFO - Train: loss 0.0770 acc1 96.69%
2026-07-14 19:26:55 - __main__ - INFO - Val:   loss 1.1797 acc1 72.57%
2026-07-14 19:26:55 - __main__ - INFO - 
Epoch 64/100 | lr 0.032992
2026-07-14 19:27:08 - __main__ - INFO - Train: loss 0.0746 acc1 96.78%
2026-07-14 19:27:08 - __main__ - INFO - Val:   loss 1.1769 acc1 72.52%
2026-07-14 19:27:08 - __main__ - INFO - 
Epoch 65/100 | lr 0.031447
2026-07-14 19:27:21 - __main__ - INFO - Train: loss 0.0727 acc1 96.87%
2026-07-14 19:27:21 - __main__ - INFO - Val:   loss 1.1816 acc1 72.16%
2026-07-14 19:27:21 - __main__ - INFO - 
Epoch 66/100 | lr 0.029922
2026-07-14 19:27:34 - __main__ - INFO - Train: loss 0.0721 acc1 96.84%
2026-07-14 19:27:34 - __main__ - INFO - Val:   loss 1.1903 acc1 72.19%
2026-07-14 19:27:34 - __main__ - INFO - 
Epoch 67/100 | lr 0.028419
2026-07-14 19:27:46 - __main__ - INFO - Train: loss 0.0693 acc1 97.06%
2026-07-14 19:27:46 - __main__ - INFO - Val:   loss 1.1797 acc1 72.94%
2026-07-14 19:27:46 - __main__ - INFO - saved best: 72.94%
2026-07-14 19:27:46 - __main__ - INFO - 
Epoch 68/100 | lr 0.026940
2026-07-14 19:27:59 - __main__ - INFO - Train: loss 0.0669 acc1 97.07%
2026-07-14 19:27:59 - __main__ - INFO - Val:   loss 1.1930 acc1 71.74%
2026-07-14 19:27:59 - __main__ - INFO - 
Epoch 69/100 | lr 0.025486
2026-07-14 19:28:12 - __main__ - INFO - Train: loss 0.0660 acc1 97.14%
2026-07-14 19:28:12 - __main__ - INFO - Val:   loss 1.1883 acc1 72.56%
2026-07-14 19:28:12 - __main__ - INFO - 
Epoch 70/100 | lr 0.024059
2026-07-14 19:28:25 - __main__ - INFO - Train: loss 0.0645 acc1 97.20%
2026-07-14 19:28:25 - __main__ - INFO - Val:   loss 1.1840 acc1 72.25%
2026-07-14 19:28:25 - __main__ - INFO - 
Epoch 71/100 | lr 0.022660
2026-07-14 19:28:38 - __main__ - INFO - Train: loss 0.0650 acc1 97.21%
2026-07-14 19:28:38 - __main__ - INFO - Val:   loss 1.1877 acc1 72.19%
2026-07-14 19:28:38 - __main__ - INFO - 
Epoch 72/100 | lr 0.021291
2026-07-14 19:28:51 - __main__ - INFO - Train: loss 0.0608 acc1 97.35%
2026-07-14 19:28:51 - __main__ - INFO - Val:   loss 1.1742 acc1 72.83%
2026-07-14 19:28:51 - __main__ - INFO - 
Epoch 73/100 | lr 0.019954
2026-07-14 19:29:03 - __main__ - INFO - Train: loss 0.0593 acc1 97.39%
2026-07-14 19:29:03 - __main__ - INFO - Val:   loss 1.1889 acc1 72.55%
2026-07-14 19:29:03 - __main__ - INFO - 
Epoch 74/100 | lr 0.018649
2026-07-14 19:29:16 - __main__ - INFO - Train: loss 0.0599 acc1 97.36%
2026-07-14 19:29:16 - __main__ - INFO - Val:   loss 1.1835 acc1 72.44%
2026-07-14 19:29:16 - __main__ - INFO - 
Epoch 75/100 | lr 0.017379
2026-07-14 19:29:29 - __main__ - INFO - Train: loss 0.0577 acc1 97.50%
2026-07-14 19:29:29 - __main__ - INFO - Val:   loss 1.2073 acc1 72.44%
2026-07-14 19:29:29 - __main__ - INFO - 
Epoch 76/100 | lr 0.016144
2026-07-14 19:29:42 - __main__ - INFO - Train: loss 0.0548 acc1 97.64%
2026-07-14 19:29:42 - __main__ - INFO - Val:   loss 1.1858 acc1 72.41%
2026-07-14 19:29:42 - __main__ - INFO - 
Epoch 77/100 | lr 0.014947
2026-07-14 19:29:54 - __main__ - INFO - Train: loss 0.0549 acc1 97.61%
2026-07-14 19:29:54 - __main__ - INFO - Val:   loss 1.2134 acc1 72.27%
2026-07-14 19:29:54 - __main__ - INFO - 
Epoch 78/100 | lr 0.013787
2026-07-14 19:30:07 - __main__ - INFO - Train: loss 0.0522 acc1 97.63%
2026-07-14 19:30:07 - __main__ - INFO - Val:   loss 1.1921 acc1 72.26%
2026-07-14 19:30:07 - __main__ - INFO - 
Epoch 79/100 | lr 0.012668
2026-07-14 19:30:20 - __main__ - INFO - Train: loss 0.0506 acc1 97.71%
2026-07-14 19:30:20 - __main__ - INFO - Val:   loss 1.1968 acc1 71.84%
2026-07-14 19:30:20 - __main__ - INFO - 
Epoch 80/100 | lr 0.011589
2026-07-14 19:30:33 - __main__ - INFO - Train: loss 0.0487 acc1 97.80%
2026-07-14 19:30:33 - __main__ - INFO - Val:   loss 1.1831 acc1 72.88%
2026-07-14 19:30:33 - __main__ - INFO - 
Epoch 81/100 | lr 0.010552
2026-07-14 19:30:46 - __main__ - INFO - Train: loss 0.0487 acc1 97.92%
2026-07-14 19:30:46 - __main__ - INFO - Val:   loss 1.2087 acc1 72.05%
2026-07-14 19:30:46 - __main__ - INFO - 
Epoch 82/100 | lr 0.009558
2026-07-14 19:30:59 - __main__ - INFO - Train: loss 0.0450 acc1 97.93%
2026-07-14 19:30:59 - __main__ - INFO - Val:   loss 1.1888 acc1 72.48%
2026-07-14 19:30:59 - __main__ - INFO - 
Epoch 83/100 | lr 0.008609
2026-07-14 19:31:11 - __main__ - INFO - Train: loss 0.0453 acc1 97.98%
2026-07-14 19:31:11 - __main__ - INFO - Val:   loss 1.1889 acc1 72.18%
2026-07-14 19:31:11 - __main__ - INFO - 
Epoch 84/100 | lr 0.007704
2026-07-14 19:31:24 - __main__ - INFO - Train: loss 0.0422 acc1 98.17%
2026-07-14 19:31:24 - __main__ - INFO - Val:   loss 1.1833 acc1 72.21%
2026-07-14 19:31:24 - __main__ - INFO - 
Epoch 85/100 | lr 0.006846
2026-07-14 19:31:37 - __main__ - INFO - Train: loss 0.0444 acc1 98.11%
2026-07-14 19:31:37 - __main__ - INFO - Val:   loss 1.2046 acc1 71.99%
2026-07-14 19:31:37 - __main__ - INFO - 
Epoch 86/100 | lr 0.006036
2026-07-14 19:31:50 - __main__ - INFO - Train: loss 0.0409 acc1 98.23%
2026-07-14 19:31:50 - __main__ - INFO - Val:   loss 1.1937 acc1 72.52%
2026-07-14 19:31:50 - __main__ - INFO - 
Epoch 87/100 | lr 0.005273
2026-07-14 19:32:03 - __main__ - INFO - Train: loss 0.0395 acc1 98.17%
2026-07-14 19:32:03 - __main__ - INFO - Val:   loss 1.1948 acc1 72.29%
2026-07-14 19:32:03 - __main__ - INFO - 
Epoch 88/100 | lr 0.004559
2026-07-14 19:32:15 - __main__ - INFO - Train: loss 0.0374 acc1 98.28%
2026-07-14 19:32:15 - __main__ - INFO - Val:   loss 1.2005 acc1 72.50%
2026-07-14 19:32:15 - __main__ - INFO - 
Epoch 89/100 | lr 0.003895
2026-07-14 19:32:28 - __main__ - INFO - Train: loss 0.0364 acc1 98.42%
2026-07-14 19:32:28 - __main__ - INFO - Val:   loss 1.2011 acc1 72.86%
2026-07-14 19:32:28 - __main__ - INFO - 
Epoch 90/100 | lr 0.003281
2026-07-14 19:32:41 - __main__ - INFO - Train: loss 0.0352 acc1 98.44%
2026-07-14 19:32:41 - __main__ - INFO - Val:   loss 1.1920 acc1 72.44%
2026-07-14 19:32:41 - __main__ - INFO - 
Epoch 91/100 | lr 0.002719
2026-07-14 19:32:54 - __main__ - INFO - Train: loss 0.0350 acc1 98.42%
2026-07-14 19:32:54 - __main__ - INFO - Val:   loss 1.2042 acc1 72.47%
2026-07-14 19:32:54 - __main__ - INFO - 
Epoch 92/100 | lr 0.002208
2026-07-14 19:33:07 - __main__ - INFO - Train: loss 0.0336 acc1 98.52%
2026-07-14 19:33:07 - __main__ - INFO - Val:   loss 1.1969 acc1 72.36%
2026-07-14 19:33:07 - __main__ - INFO - 
Epoch 93/100 | lr 0.001749
2026-07-14 19:33:19 - __main__ - INFO - Train: loss 0.0332 acc1 98.51%
2026-07-14 19:33:19 - __main__ - INFO - Val:   loss 1.2012 acc1 72.52%
2026-07-14 19:33:19 - __main__ - INFO - 
Epoch 94/100 | lr 0.001344
2026-07-14 19:33:32 - __main__ - INFO - Train: loss 0.0330 acc1 98.49%
2026-07-14 19:33:32 - __main__ - INFO - Val:   loss 1.2055 acc1 72.52%
2026-07-14 19:33:32 - __main__ - INFO - 
Epoch 95/100 | lr 0.000991
2026-07-14 19:33:45 - __main__ - INFO - Train: loss 0.0326 acc1 98.58%
2026-07-14 19:33:45 - __main__ - INFO - Val:   loss 1.2065 acc1 72.39%
2026-07-14 19:33:45 - __main__ - INFO - 
Epoch 96/100 | lr 0.000692
2026-07-14 19:33:58 - __main__ - INFO - Train: loss 0.0318 acc1 98.66%
2026-07-14 19:33:58 - __main__ - INFO - Val:   loss 1.2052 acc1 72.50%
2026-07-14 19:33:58 - __main__ - INFO - 
Epoch 97/100 | lr 0.000447
2026-07-14 19:34:11 - __main__ - INFO - Train: loss 0.0324 acc1 98.57%
2026-07-14 19:34:11 - __main__ - INFO - Val:   loss 1.2095 acc1 72.64%
2026-07-14 19:34:11 - __main__ - INFO - 
Epoch 98/100 | lr 0.000256
2026-07-14 19:34:24 - __main__ - INFO - Train: loss 0.0317 acc1 98.62%
2026-07-14 19:34:24 - __main__ - INFO - Val:   loss 1.2023 acc1 72.57%
2026-07-14 19:34:24 - __main__ - INFO - 
Epoch 99/100 | lr 0.000119
2026-07-14 19:34:37 - __main__ - INFO - Train: loss 0.0320 acc1 98.61%
2026-07-14 19:34:37 - __main__ - INFO - Val:   loss 1.2046 acc1 72.78%
2026-07-14 19:34:37 - __main__ - INFO - 
Epoch 100/100 | lr 0.000037
2026-07-14 19:34:50 - __main__ - INFO - Train: loss 0.0316 acc1 98.65%
2026-07-14 19:34:50 - __main__ - INFO - Val:   loss 1.1973 acc1 72.33%
2026-07-14 19:34:50 - __main__ - INFO - Loaded best checkpoint weights for final test evaluation.
2026-07-14 19:34:52 - __main__ - INFO - 
Best tracked (val): 72.94%
2026-07-14 19:34:52 - __main__ - INFO - Final test: loss 1.1888 acc1 72.72%
2026-07-14 19:34:52 - __main__ - INFO - Saved best model checkpoint to runs/drive_zip/resnet18/43/resnet18_seed43_none/best_model.pt
