2026-06-26 02:32:36 - __main__ - INFO - Run parameters: {"adamw_betas": [0.9, 0.999], "adamw_eps": 1e-08, "amp": true, "batch_size": 64, "cam_layer": "auto", "cutout_area": 0.1, "cutout_m": 8, "cutout_mode": "cam_low", "cutout_size": 0, "data_dir": "./data", "dataset": "malimg", "epochs": 20, "gamma": 0.1, "grayscale": true, "include_regex": "", "label_smoothing": 0.0, "log_every": 100, "lr": 0.1, "milestones": "60,80", "min_lr": 1e-05, "model": "resnet18", "momentum": 0.9, "nesterov": false, "num_workers": 4, "optimizer": "sgd", "out_dir": "runs/malimg", "run_name": "resnet18_seed42_cam_low_M8_area0.1", "saliency_candidate_percent": 10.0, "scheduler": "cosine", "seed": 42, "teacher_checkpoint": "runs/malimg/resnet18_seed42_none/best_model.pt", "teacher_model": "resnet18", "val_split": 0.0, "warmup_epochs": 5, "weight_decay": 0.0005}
2026-06-26 02:32:36 - __main__ - INFO - device: cuda | cuda: True | gpu: NVIDIA L4
2026-06-26 02:32:37 - __main__ - INFO - Model: resnet18 | Dataset: malimg | Classes: 25 | Optimizer: sgd
2026-06-26 02:32:37 - __main__ - INFO - Cutout enabled: mode=cam_low m=8 size=None area=0.1
2026-06-26 02:32:37 - __main__ - INFO - 
Epoch 1/20 | lr 0.000100
2026-06-26 02:34:29 - __main__ - INFO - Train: loss 1.4947 acc1 62.21%
2026-06-26 02:34:29 - __main__ - INFO - Val:   loss 0.7776 acc1 77.36%
2026-06-26 02:34:29 - __main__ - INFO - saved best: 77.36%
2026-06-26 02:34:29 - __main__ - INFO - 
Epoch 2/20 | lr 0.020080
2026-06-26 02:36:19 - __main__ - INFO - Train: loss 0.0960 acc1 96.99%
2026-06-26 02:36:19 - __main__ - INFO - Val:   loss 0.0799 acc1 97.70%
2026-06-26 02:36:19 - __main__ - INFO - saved best: 97.70%
2026-06-26 02:36:19 - __main__ - INFO - 
Epoch 3/20 | lr 0.040060
2026-06-26 02:38:09 - __main__ - INFO - Train: loss 0.0611 acc1 98.15%
2026-06-26 02:38:09 - __main__ - INFO - Val:   loss 0.0644 acc1 97.92%
2026-06-26 02:38:09 - __main__ - INFO - saved best: 97.92%
2026-06-26 02:38:09 - __main__ - INFO - 
Epoch 4/20 | lr 0.060040
2026-06-26 02:39:59 - __main__ - INFO - Train: loss 0.0615 acc1 98.17%
2026-06-26 02:39:59 - __main__ - INFO - Val:   loss 0.0668 acc1 97.76%
2026-06-26 02:39:59 - __main__ - INFO - 
Epoch 5/20 | lr 0.080020
2026-06-26 02:41:49 - __main__ - INFO - Train: loss 0.0511 acc1 98.49%
2026-06-26 02:41:49 - __main__ - INFO - Val:   loss 0.0942 acc1 97.44%
2026-06-26 02:41:49 - __main__ - INFO - 
Epoch 6/20 | lr 0.100000
2026-06-26 02:43:39 - __main__ - INFO - Train: loss 0.0564 acc1 98.35%
2026-06-26 02:43:39 - __main__ - INFO - Val:   loss 0.0641 acc1 98.09%
2026-06-26 02:43:39 - __main__ - INFO - saved best: 98.09%
2026-06-26 02:43:39 - __main__ - INFO - 
Epoch 7/20 | lr 0.098907
2026-06-26 02:45:30 - __main__ - INFO - Train: loss 0.0529 acc1 98.47%
2026-06-26 02:45:30 - __main__ - INFO - Val:   loss 0.0801 acc1 97.99%
2026-06-26 02:45:30 - __main__ - INFO - 
Epoch 8/20 | lr 0.095678
2026-06-26 02:47:20 - __main__ - INFO - Train: loss 0.0520 acc1 98.50%
2026-06-26 02:47:20 - __main__ - INFO - Val:   loss 0.3027 acc1 83.54%
2026-06-26 02:47:20 - __main__ - INFO - 
Epoch 9/20 | lr 0.090452
2026-06-26 02:49:10 - __main__ - INFO - Train: loss 0.0512 acc1 98.51%
2026-06-26 02:49:10 - __main__ - INFO - Val:   loss 0.0727 acc1 97.73%
2026-06-26 02:49:10 - __main__ - INFO - 
Epoch 10/20 | lr 0.083458
2026-06-26 02:51:01 - __main__ - INFO - Train: loss 0.0515 acc1 98.51%
2026-06-26 02:51:01 - __main__ - INFO - Val:   loss 0.1201 acc1 97.11%
2026-06-26 02:51:01 - __main__ - INFO - 
Epoch 11/20 | lr 0.075002
2026-06-26 02:52:52 - __main__ - INFO - Train: loss 0.0470 acc1 98.63%
2026-06-26 02:52:52 - __main__ - INFO - Val:   loss 0.1388 acc1 97.28%
2026-06-26 02:52:52 - __main__ - INFO - 
Epoch 12/20 | lr 0.065454
2026-06-26 02:54:41 - __main__ - INFO - Train: loss 0.0439 acc1 98.73%
2026-06-26 02:54:41 - __main__ - INFO - Val:   loss 0.1041 acc1 98.05%
2026-06-26 02:54:41 - __main__ - INFO - 
Epoch 13/20 | lr 0.055231
2026-06-26 02:56:32 - __main__ - INFO - Train: loss 0.0454 acc1 98.66%
2026-06-26 02:56:32 - __main__ - INFO - Val:   loss 0.0902 acc1 97.67%
2026-06-26 02:56:32 - __main__ - INFO - 
Epoch 14/20 | lr 0.044779
2026-06-26 02:58:22 - __main__ - INFO - Train: loss 0.0384 acc1 98.86%
2026-06-26 02:58:22 - __main__ - INFO - Val:   loss 0.0821 acc1 97.83%
2026-06-26 02:58:22 - __main__ - INFO - 
Epoch 15/20 | lr 0.034556
2026-06-26 03:00:13 - __main__ - INFO - Train: loss 0.0415 acc1 98.78%
2026-06-26 03:00:13 - __main__ - INFO - Val:   loss 0.0868 acc1 97.69%
2026-06-26 03:00:13 - __main__ - INFO - 
Epoch 16/20 | lr 0.025008
2026-06-26 03:02:03 - __main__ - INFO - Train: loss 0.0379 acc1 98.86%
2026-06-26 03:02:03 - __main__ - INFO - Val:   loss 0.0933 acc1 97.83%
2026-06-26 03:02:03 - __main__ - INFO - 
Epoch 17/20 | lr 0.016552
2026-06-26 03:03:53 - __main__ - INFO - Train: loss 0.0323 acc1 99.02%
2026-06-26 03:03:53 - __main__ - INFO - Val:   loss 0.0909 acc1 98.41%
2026-06-26 03:03:53 - __main__ - INFO - saved best: 98.41%
2026-06-26 03:03:53 - __main__ - INFO - 
Epoch 18/20 | lr 0.009558
2026-06-26 03:05:44 - __main__ - INFO - Train: loss 0.0034 acc1 99.97%
2026-06-26 03:05:44 - __main__ - INFO - Val:   loss 0.0480 acc1 98.80%
2026-06-26 03:05:44 - __main__ - INFO - saved best: 98.80%
2026-06-26 03:05:44 - __main__ - INFO - 
Epoch 19/20 | lr 0.004332
2026-06-26 03:07:34 - __main__ - INFO - Train: loss 0.0017 acc1 100.00%
2026-06-26 03:07:34 - __main__ - INFO - Val:   loss 0.0470 acc1 98.74%
2026-06-26 03:07:34 - __main__ - INFO - 
Epoch 20/20 | lr 0.001103
2026-06-26 03:09:24 - __main__ - INFO - Train: loss 0.0017 acc1 100.00%
2026-06-26 03:09:24 - __main__ - INFO - Val:   loss 0.0484 acc1 98.80%
2026-06-26 03:09:24 - __main__ - INFO - Loaded best checkpoint weights for final test evaluation.
2026-06-26 03:09:27 - __main__ - INFO - 
Best tracked (val): 98.80%
2026-06-26 03:09:27 - __main__ - INFO - Final test: loss 0.0251 acc1 99.28%
2026-06-26 03:09:27 - __main__ - INFO - Saved best model checkpoint to runs/malimg/resnet18_seed42_cam_low_M8_area0.1/best_model.pt
