2026-06-25 22:52:05 - __main__ - INFO - Run parameters: {"adamw_betas": [0.9, 0.999], "adamw_eps": 1e-08, "amp": true, "batch_size": 32, "cam_layer": "auto", "cutout_area": 0.1, "cutout_m": 8, "cutout_mode": "cam_high", "cutout_size": 0, "data_dir": "./data", "dataset": "malimg", "epochs": 100, "gamma": 0.1, "grayscale": true, "include_regex": "", "label_smoothing": 0.0, "log_every": 100, "lr": 0.05, "milestones": "60,80", "min_lr": 1e-05, "model": "densenet121", "momentum": 0.9, "nesterov": false, "num_workers": 4, "optimizer": "sgd", "out_dir": "runs/malimg/42", "run_name": "densenet121_seed42_cam_high_M8_area0.1", "saliency_candidate_percent": 10.0, "scheduler": "cosine", "seed": 42, "teacher_checkpoint": "runs/malimg/42/densenet121_seed42_none/best_model.pt", "teacher_model": "densenet121", "val_split": 0.0, "warmup_epochs": 5, "weight_decay": 0.0001}
2026-06-25 22:52:05 - __main__ - INFO - device: cuda | cuda: True | gpu: NVIDIA L4
2026-06-25 22:52:06 - __main__ - INFO - Model: densenet121 | Dataset: malimg | Classes: 25 | Optimizer: sgd
2026-06-25 22:52:06 - __main__ - INFO - Cutout enabled: mode=cam_high m=8 size=None area=0.1
2026-06-25 22:52:06 - __main__ - INFO - 
Epoch 1/100 | lr 0.000050
2026-06-25 22:55:48 - __main__ - INFO - Train: loss 1.6101 acc1 59.57%
2026-06-25 22:55:48 - __main__ - INFO - Val:   loss 0.9359 acc1 74.63%
2026-06-25 22:55:49 - __main__ - INFO - saved best: 74.63%
2026-06-25 22:55:49 - __main__ - INFO - 
Epoch 2/100 | lr 0.010040
2026-06-25 22:59:29 - __main__ - INFO - Train: loss 0.1121 acc1 96.62%
2026-06-25 22:59:29 - __main__ - INFO - Val:   loss 0.0661 acc1 97.92%
2026-06-25 22:59:29 - __main__ - INFO - saved best: 97.92%
2026-06-25 22:59:29 - __main__ - INFO - 
Epoch 3/100 | lr 0.020030
2026-06-25 23:03:11 - __main__ - INFO - Train: loss 0.0596 acc1 98.15%
2026-06-25 23:03:11 - __main__ - INFO - Val:   loss 0.0594 acc1 98.51%
2026-06-25 23:03:11 - __main__ - INFO - saved best: 98.51%
2026-06-25 23:03:11 - __main__ - INFO - 
Epoch 4/100 | lr 0.030020
2026-06-25 23:06:53 - __main__ - INFO - Train: loss 0.0558 acc1 98.33%
2026-06-25 23:06:53 - __main__ - INFO - Val:   loss 0.0751 acc1 98.57%
2026-06-25 23:06:53 - __main__ - INFO - saved best: 98.57%
2026-06-25 23:06:53 - __main__ - INFO - 
Epoch 5/100 | lr 0.040010
2026-06-25 23:10:35 - __main__ - INFO - Train: loss 0.0466 acc1 98.58%
2026-06-25 23:10:35 - __main__ - INFO - Val:   loss 0.0848 acc1 98.09%
2026-06-25 23:10:35 - __main__ - INFO - 
Epoch 6/100 | lr 0.050000
2026-06-25 23:14:17 - __main__ - INFO - Train: loss 0.0471 acc1 98.58%
2026-06-25 23:14:17 - __main__ - INFO - Val:   loss 0.0974 acc1 97.60%
2026-06-25 23:14:17 - __main__ - INFO - 
Epoch 7/100 | lr 0.049986
2026-06-25 23:17:57 - __main__ - INFO - Train: loss 0.0427 acc1 98.72%
2026-06-25 23:17:57 - __main__ - INFO - Val:   loss 0.0743 acc1 98.15%
2026-06-25 23:17:57 - __main__ - INFO - 
Epoch 8/100 | lr 0.049945
2026-06-25 23:21:39 - __main__ - INFO - Train: loss 0.0371 acc1 98.86%
2026-06-25 23:21:39 - __main__ - INFO - Val:   loss 0.0716 acc1 98.31%
2026-06-25 23:21:39 - __main__ - INFO - 
Epoch 9/100 | lr 0.049877
2026-06-25 23:25:21 - __main__ - INFO - Train: loss 0.0389 acc1 98.76%
2026-06-25 23:25:21 - __main__ - INFO - Val:   loss 0.0800 acc1 98.18%
2026-06-25 23:25:21 - __main__ - INFO - 
Epoch 10/100 | lr 0.049782
2026-06-25 23:29:03 - __main__ - INFO - Train: loss 0.0390 acc1 98.81%
2026-06-25 23:29:03 - __main__ - INFO - Val:   loss 0.0530 acc1 98.90%
2026-06-25 23:29:03 - __main__ - INFO - saved best: 98.90%
2026-06-25 23:29:03 - __main__ - INFO - 
Epoch 11/100 | lr 0.049659
2026-06-25 23:32:44 - __main__ - INFO - Train: loss 0.0241 acc1 99.31%
2026-06-25 23:32:44 - __main__ - INFO - Val:   loss 0.0703 acc1 98.25%
2026-06-25 23:32:44 - __main__ - INFO - 
Epoch 12/100 | lr 0.049510
2026-06-25 23:36:25 - __main__ - INFO - Train: loss 0.0098 acc1 99.73%
2026-06-25 23:36:25 - __main__ - INFO - Val:   loss 0.0424 acc1 98.96%
2026-06-25 23:36:25 - __main__ - INFO - saved best: 98.96%
2026-06-25 23:36:25 - __main__ - INFO - 
Epoch 13/100 | lr 0.049333
2026-06-25 23:40:06 - __main__ - INFO - Train: loss 0.0229 acc1 99.35%
2026-06-25 23:40:06 - __main__ - INFO - Val:   loss 0.0764 acc1 98.37%
2026-06-25 23:40:06 - __main__ - INFO - 
Epoch 14/100 | lr 0.049130
2026-06-25 23:43:48 - __main__ - INFO - Train: loss 0.0087 acc1 99.79%
2026-06-25 23:43:48 - __main__ - INFO - Val:   loss 0.0368 acc1 99.19%
2026-06-25 23:43:48 - __main__ - INFO - saved best: 99.19%
2026-06-25 23:43:48 - __main__ - INFO - 
Epoch 15/100 | lr 0.048901
2026-06-25 23:47:30 - __main__ - INFO - Train: loss 0.0064 acc1 99.84%
2026-06-25 23:47:30 - __main__ - INFO - Val:   loss 0.0316 acc1 99.38%
2026-06-25 23:47:30 - __main__ - INFO - saved best: 99.38%
2026-06-25 23:47:30 - __main__ - INFO - 
Epoch 16/100 | lr 0.048646
2026-06-25 23:51:12 - __main__ - INFO - Train: loss 0.0405 acc1 98.81%
2026-06-25 23:51:12 - __main__ - INFO - Val:   loss 0.0727 acc1 98.05%
2026-06-25 23:51:12 - __main__ - INFO - 
Epoch 17/100 | lr 0.048364
2026-06-25 23:54:53 - __main__ - INFO - Train: loss 0.0364 acc1 98.88%
2026-06-25 23:54:53 - __main__ - INFO - Val:   loss 0.0850 acc1 98.25%
2026-06-25 23:54:53 - __main__ - INFO - 
Epoch 18/100 | lr 0.048058
2026-06-25 23:58:35 - __main__ - INFO - Train: loss 0.0408 acc1 98.76%
2026-06-25 23:58:35 - __main__ - INFO - Val:   loss 0.0344 acc1 99.22%
2026-06-25 23:58:35 - __main__ - INFO - 
Epoch 19/100 | lr 0.047726
2026-06-26 00:02:17 - __main__ - INFO - Train: loss 0.0051 acc1 99.89%
2026-06-26 00:02:17 - __main__ - INFO - Val:   loss 0.0482 acc1 99.13%
2026-06-26 00:02:17 - __main__ - INFO - 
Epoch 20/100 | lr 0.047369
2026-06-26 00:05:59 - __main__ - INFO - Train: loss 0.0010 acc1 99.99%
2026-06-26 00:05:59 - __main__ - INFO - Val:   loss 0.0387 acc1 99.13%
2026-06-26 00:05:59 - __main__ - INFO - 
Epoch 21/100 | lr 0.046987
2026-06-26 00:09:40 - __main__ - INFO - Train: loss 0.0188 acc1 99.50%
2026-06-26 00:09:40 - __main__ - INFO - Val:   loss 0.0860 acc1 98.05%
2026-06-26 00:09:40 - __main__ - INFO - 
Epoch 22/100 | lr 0.046582
