2026-06-18 07:43:45 - __main__ - INFO - Run parameters: {"adamw_betas": [0.9, 0.999], "adamw_eps": 1e-08, "amp": true, "batch_size": 64, "cam_layer": "auto", "cutout_area": 0.1, "cutout_m": 8, "cutout_mode": "cam_high", "cutout_size": 0, "data_dir": "./data", "dataset": "drive_zip", "epochs": 100, "gamma": 0.1, "grayscale": true, "include_regex": "_grayscale\\.tiff$", "label_smoothing": 0.0, "log_every": 100, "lr": 0.1, "milestones": "60,80", "min_lr": 1e-05, "model": "resnet18", "momentum": 0.9, "nesterov": false, "num_workers": 4, "optimizer": "sgd", "out_dir": "runs/drive_zip/42", "run_name": "resnet18_seed42_cam_high_M8_area0.1", "saliency_candidate_percent": 10.0, "scheduler": "cosine", "seed": 42, "teacher_checkpoint": "runs/drive_zip/42/resnet18_seed42_none/best_model.pt", "teacher_model": "resnet18", "val_split": 0.1, "warmup_epochs": 5, "weight_decay": 0.0005}
2026-06-18 07:43:46 - __main__ - INFO - device: cuda | cuda: True | gpu: NVIDIA L4
2026-06-18 07:43:49 - __main__ - INFO - Model: resnet18 | Dataset: drive_zip | Classes: 17 | Optimizer: sgd
2026-06-18 07:43:49 - __main__ - INFO - Cutout enabled: mode=cam_high m=8 size=None area=0.1
2026-06-18 07:43:49 - __main__ - INFO - 
Epoch 1/100 | lr 0.000100
2026-06-18 07:46:23 - __main__ - INFO - Train: loss 2.4931 acc1 19.22%
2026-06-18 07:46:23 - __main__ - INFO - Val:   loss 2.5881 acc1 20.07%
2026-06-18 07:46:23 - __main__ - INFO - saved best: 20.07%
2026-06-18 07:46:23 - __main__ - INFO - 
Epoch 2/100 | lr 0.020080
2026-06-18 07:48:55 - __main__ - INFO - Train: loss 1.8342 acc1 37.33%
2026-06-18 07:48:55 - __main__ - INFO - Val:   loss 1.9877 acc1 34.51%
2026-06-18 07:48:55 - __main__ - INFO - saved best: 34.51%
2026-06-18 07:48:55 - __main__ - INFO - 
Epoch 3/100 | lr 0.040060
2026-06-18 07:51:37 - __main__ - INFO - Train: loss 1.6361 acc1 43.27%
2026-06-18 07:51:37 - __main__ - INFO - Val:   loss 1.7532 acc1 41.44%
2026-06-18 07:51:37 - __main__ - INFO - saved best: 41.44%
2026-06-18 07:51:37 - __main__ - INFO - 
Epoch 4/100 | lr 0.060040
2026-06-18 07:54:12 - __main__ - INFO - Train: loss 1.5616 acc1 45.95%
2026-06-18 07:54:12 - __main__ - INFO - Val:   loss 2.1272 acc1 34.05%
2026-06-18 07:54:12 - __main__ - INFO - 
Epoch 5/100 | lr 0.080020
2026-06-18 07:56:52 - __main__ - INFO - Train: loss 1.5405 acc1 46.84%
2026-06-18 07:56:52 - __main__ - INFO - Val:   loss 1.8250 acc1 40.36%
2026-06-18 07:56:52 - __main__ - INFO - 
Epoch 6/100 | lr 0.100000
2026-06-18 07:59:28 - __main__ - INFO - Train: loss 1.5444 acc1 46.64%
2026-06-18 07:59:28 - __main__ - INFO - Val:   loss 1.8027 acc1 37.32%
2026-06-18 07:59:28 - __main__ - INFO - 
Epoch 7/100 | lr 0.099973
2026-06-18 08:02:02 - __main__ - INFO - Train: loss 1.5162 acc1 47.83%
2026-06-18 08:02:02 - __main__ - INFO - Val:   loss 1.8117 acc1 40.07%
2026-06-18 08:02:02 - __main__ - INFO - 
Epoch 8/100 | lr 0.099891
2026-06-18 08:04:36 - __main__ - INFO - Train: loss 1.4942 acc1 48.31%
2026-06-18 08:04:36 - __main__ - INFO - Val:   loss 1.5020 acc1 48.46%
2026-06-18 08:04:36 - __main__ - INFO - saved best: 48.46%
2026-06-18 08:04:36 - __main__ - INFO - 
Epoch 9/100 | lr 0.099754
2026-06-18 08:07:09 - __main__ - INFO - Train: loss 1.4758 acc1 49.24%
2026-06-18 08:07:09 - __main__ - INFO - Val:   loss 1.7089 acc1 45.20%
2026-06-18 08:07:09 - __main__ - INFO - 
Epoch 10/100 | lr 0.099563
2026-06-18 08:09:43 - __main__ - INFO - Train: loss 1.4642 acc1 49.69%
2026-06-18 08:09:43 - __main__ - INFO - Val:   loss 2.1311 acc1 34.66%
2026-06-18 08:09:43 - __main__ - INFO - 
Epoch 11/100 | lr 0.099318
2026-06-18 08:12:17 - __main__ - INFO - Train: loss 1.4517 acc1 50.18%
2026-06-18 08:12:17 - __main__ - INFO - Val:   loss 1.8002 acc1 41.50%
2026-06-18 08:12:17 - __main__ - INFO - 
Epoch 12/100 | lr 0.099019
2026-06-18 08:14:52 - __main__ - INFO - Train: loss 1.4356 acc1 50.72%
2026-06-18 08:14:52 - __main__ - INFO - Val:   loss 1.6415 acc1 44.09%
2026-06-18 08:14:52 - __main__ - INFO - 
Epoch 13/100 | lr 0.098666
2026-06-18 08:17:25 - __main__ - INFO - Train: loss 1.4189 acc1 51.45%
2026-06-18 08:17:25 - __main__ - INFO - Val:   loss 1.9725 acc1 37.52%
2026-06-18 08:17:25 - __main__ - INFO - 
Epoch 14/100 | lr 0.098261
2026-06-18 08:19:59 - __main__ - INFO - Train: loss 1.4160 acc1 51.54%
2026-06-18 08:19:59 - __main__ - INFO - Val:   loss 1.8596 acc1 41.39%
2026-06-18 08:19:59 - __main__ - INFO - 
Epoch 15/100 | lr 0.097802
2026-06-18 08:22:32 - __main__ - INFO - Train: loss 1.4061 acc1 51.92%
2026-06-18 08:22:32 - __main__ - INFO - Val:   loss 1.8961 acc1 44.05%
2026-06-18 08:22:32 - __main__ - INFO - 
Epoch 16/100 | lr 0.097291
2026-06-18 08:25:10 - __main__ - INFO - Train: loss 1.3961 acc1 52.30%
2026-06-18 08:25:10 - __main__ - INFO - Val:   loss 1.9076 acc1 40.25%
2026-06-18 08:25:10 - __main__ - INFO - 
Epoch 17/100 | lr 0.096729
2026-06-18 08:27:51 - __main__ - INFO - Train: loss 1.3900 acc1 52.26%
2026-06-18 08:27:51 - __main__ - INFO - Val:   loss 1.9593 acc1 39.94%
2026-06-18 08:27:51 - __main__ - INFO - 
Epoch 18/100 | lr 0.096115
2026-06-18 08:30:33 - __main__ - INFO - Train: loss 1.3844 acc1 52.62%
2026-06-18 08:30:33 - __main__ - INFO - Val:   loss 1.6350 acc1 47.93%
2026-06-18 08:30:33 - __main__ - INFO - 
Epoch 19/100 | lr 0.095451
2026-06-18 08:33:07 - __main__ - INFO - Train: loss 1.3771 acc1 52.89%
2026-06-18 08:33:07 - __main__ - INFO - Val:   loss 2.1187 acc1 39.17%
2026-06-18 08:33:07 - __main__ - INFO - 
Epoch 20/100 | lr 0.094737
2026-06-18 08:35:42 - __main__ - INFO - Train: loss 1.3686 acc1 53.33%
2026-06-18 08:35:42 - __main__ - INFO - Val:   loss 2.0968 acc1 39.47%
2026-06-18 08:35:42 - __main__ - INFO - 
Epoch 21/100 | lr 0.093974
2026-06-18 08:38:16 - __main__ - INFO - Train: loss 1.3613 acc1 53.37%
2026-06-18 08:38:16 - __main__ - INFO - Val:   loss 1.4358 acc1 52.75%
2026-06-18 08:38:16 - __main__ - INFO - saved best: 52.75%
2026-06-18 08:38:16 - __main__ - INFO - 
Epoch 22/100 | lr 0.093164
2026-06-18 08:40:50 - __main__ - INFO - Train: loss 1.3573 acc1 53.78%
2026-06-18 08:40:50 - __main__ - INFO - Val:   loss 1.8833 acc1 43.98%
2026-06-18 08:40:50 - __main__ - INFO - 
Epoch 23/100 | lr 0.092306
2026-06-18 08:43:28 - __main__ - INFO - Train: loss 1.3494 acc1 54.03%
2026-06-18 08:43:28 - __main__ - INFO - Val:   loss 1.9543 acc1 37.43%
2026-06-18 08:43:28 - __main__ - INFO - 
Epoch 24/100 | lr 0.091401
2026-06-18 08:46:03 - __main__ - INFO - Train: loss 1.3393 acc1 54.35%
2026-06-18 08:46:03 - __main__ - INFO - Val:   loss 3.2799 acc1 37.76%
2026-06-18 08:46:03 - __main__ - INFO - 
Epoch 25/100 | lr 0.090452
2026-06-18 08:48:45 - __main__ - INFO - Train: loss 1.3351 acc1 54.55%
2026-06-18 08:48:45 - __main__ - INFO - Val:   loss 2.2194 acc1 35.94%
2026-06-18 08:48:45 - __main__ - INFO - 
Epoch 26/100 | lr 0.089458
2026-06-18 08:51:22 - __main__ - INFO - Train: loss 1.3315 acc1 54.75%
2026-06-18 08:51:22 - __main__ - INFO - Val:   loss 1.7738 acc1 48.38%
2026-06-18 08:51:22 - __main__ - INFO - 
Epoch 27/100 | lr 0.088421
2026-06-18 08:53:57 - __main__ - INFO - Train: loss 1.3180 acc1 55.12%
2026-06-18 08:53:57 - __main__ - INFO - Val:   loss 1.5341 acc1 50.03%
2026-06-18 08:53:57 - __main__ - INFO - 
Epoch 28/100 | lr 0.087342
2026-06-18 08:56:38 - __main__ - INFO - Train: loss 1.3111 acc1 55.36%
2026-06-18 08:56:38 - __main__ - INFO - Val:   loss 1.6600 acc1 45.63%
2026-06-18 08:56:38 - __main__ - INFO - 
Epoch 29/100 | lr 0.086223
2026-06-18 08:59:13 - __main__ - INFO - Train: loss 1.3060 acc1 55.60%
2026-06-18 08:59:13 - __main__ - INFO - Val:   loss 1.8005 acc1 48.94%
2026-06-18 08:59:13 - __main__ - INFO - 
Epoch 30/100 | lr 0.085063
2026-06-18 09:01:49 - __main__ - INFO - Train: loss 1.3000 acc1 55.63%
2026-06-18 09:01:49 - __main__ - INFO - Val:   loss 1.6681 acc1 50.66%
2026-06-18 09:01:49 - __main__ - INFO - 
Epoch 31/100 | lr 0.083866
2026-06-18 09:04:23 - __main__ - INFO - Train: loss 1.2922 acc1 55.99%
2026-06-18 09:04:23 - __main__ - INFO - Val:   loss 1.6216 acc1 51.17%
2026-06-18 09:04:23 - __main__ - INFO - 
Epoch 32/100 | lr 0.082631
2026-06-18 09:06:58 - __main__ - INFO - Train: loss 1.2828 acc1 56.48%
2026-06-18 09:06:58 - __main__ - INFO - Val:   loss 1.5695 acc1 49.25%
2026-06-18 09:06:58 - __main__ - INFO - 
Epoch 33/100 | lr 0.081361
2026-06-18 09:09:33 - __main__ - INFO - Train: loss 1.2808 acc1 56.51%
2026-06-18 09:09:33 - __main__ - INFO - Val:   loss 1.7555 acc1 46.27%
2026-06-18 09:09:33 - __main__ - INFO - 
Epoch 34/100 | lr 0.080056
2026-06-18 09:12:10 - __main__ - INFO - Train: loss 1.2692 acc1 56.82%
2026-06-18 09:12:10 - __main__ - INFO - Val:   loss 1.6976 acc1 46.81%
2026-06-18 09:12:10 - __main__ - INFO - 
Epoch 35/100 | lr 0.078719
2026-06-18 09:14:51 - __main__ - INFO - Train: loss 1.2604 acc1 57.17%
2026-06-18 09:14:51 - __main__ - INFO - Val:   loss 1.6363 acc1 50.16%
2026-06-18 09:14:51 - __main__ - INFO - 
Epoch 36/100 | lr 0.077350
2026-06-18 09:17:26 - __main__ - INFO - Train: loss 1.2490 acc1 57.51%
2026-06-18 09:17:26 - __main__ - INFO - Val:   loss 1.4772 acc1 53.57%
2026-06-18 09:17:26 - __main__ - INFO - saved best: 53.57%
2026-06-18 09:17:26 - __main__ - INFO - 
Epoch 37/100 | lr 0.075951
2026-06-18 09:20:02 - __main__ - INFO - Train: loss 1.2419 acc1 57.68%
2026-06-18 09:20:02 - __main__ - INFO - Val:   loss 2.1674 acc1 36.50%
2026-06-18 09:20:02 - __main__ - INFO - 
Epoch 38/100 | lr 0.074524
2026-06-18 09:22:36 - __main__ - INFO - Train: loss 1.2357 acc1 57.99%
2026-06-18 09:22:36 - __main__ - INFO - Val:   loss 1.8507 acc1 44.00%
2026-06-18 09:22:36 - __main__ - INFO - 
Epoch 39/100 | lr 0.073070
2026-06-18 09:25:17 - __main__ - INFO - Train: loss 1.2289 acc1 58.29%
2026-06-18 09:25:17 - __main__ - INFO - Val:   loss 1.4324 acc1 56.84%
2026-06-18 09:25:17 - __main__ - INFO - saved best: 56.84%
2026-06-18 09:25:17 - __main__ - INFO - 
Epoch 40/100 | lr 0.071591
2026-06-18 09:27:51 - __main__ - INFO - Train: loss 1.2192 acc1 58.57%
2026-06-18 09:27:51 - __main__ - INFO - Val:   loss 1.3967 acc1 55.77%
2026-06-18 09:27:51 - __main__ - INFO - 
Epoch 41/100 | lr 0.070088
2026-06-18 09:30:33 - __main__ - INFO - Train: loss 1.2084 acc1 58.87%
2026-06-18 09:30:33 - __main__ - INFO - Val:   loss 1.9568 acc1 44.01%
2026-06-18 09:30:33 - __main__ - INFO - 
Epoch 42/100 | lr 0.068563
2026-06-18 09:33:07 - __main__ - INFO - Train: loss 1.1996 acc1 59.29%
2026-06-18 09:33:07 - __main__ - INFO - Val:   loss 2.6426 acc1 39.03%
2026-06-18 09:33:07 - __main__ - INFO - 
Epoch 43/100 | lr 0.067018
2026-06-18 09:35:44 - __main__ - INFO - Train: loss 1.1895 acc1 59.60%
2026-06-18 09:35:44 - __main__ - INFO - Val:   loss 1.4902 acc1 53.40%
2026-06-18 09:35:44 - __main__ - INFO - 
Epoch 44/100 | lr 0.065454
2026-06-18 09:38:17 - __main__ - INFO - Train: loss 1.1792 acc1 60.02%
2026-06-18 09:38:17 - __main__ - INFO - Val:   loss 1.8571 acc1 47.67%
2026-06-18 09:38:17 - __main__ - INFO - 
Epoch 45/100 | lr 0.063874
2026-06-18 09:40:52 - __main__ - INFO - Train: loss 1.1652 acc1 60.35%
2026-06-18 09:40:52 - __main__ - INFO - Val:   loss 1.7429 acc1 49.16%
2026-06-18 09:40:52 - __main__ - INFO - 
Epoch 46/100 | lr 0.062278
2026-06-18 09:43:26 - __main__ - INFO - Train: loss 1.1573 acc1 60.65%
2026-06-18 09:43:26 - __main__ - INFO - Val:   loss 1.8668 acc1 46.43%
2026-06-18 09:43:26 - __main__ - INFO - 
Epoch 47/100 | lr 0.060669
2026-06-18 09:46:01 - __main__ - INFO - Train: loss 1.1440 acc1 61.04%
2026-06-18 09:46:01 - __main__ - INFO - Val:   loss 1.4878 acc1 55.14%
2026-06-18 09:46:01 - __main__ - INFO - 
Epoch 48/100 | lr 0.059048
2026-06-18 09:48:35 - __main__ - INFO - Train: loss 1.1370 acc1 61.34%
2026-06-18 09:48:35 - __main__ - INFO - Val:   loss 1.2893 acc1 61.80%
2026-06-18 09:48:35 - __main__ - INFO - saved best: 61.80%
2026-06-18 09:48:35 - __main__ - INFO - 
Epoch 49/100 | lr 0.057417
2026-06-18 09:51:14 - __main__ - INFO - Train: loss 1.1270 acc1 61.61%
2026-06-18 09:51:14 - __main__ - INFO - Val:   loss 1.9039 acc1 43.68%
2026-06-18 09:51:14 - __main__ - INFO - 
Epoch 50/100 | lr 0.055779
2026-06-18 09:53:49 - __main__ - INFO - Train: loss 1.1094 acc1 62.28%
2026-06-18 09:53:49 - __main__ - INFO - Val:   loss 1.6951 acc1 52.70%
2026-06-18 09:53:49 - __main__ - INFO - 
Epoch 51/100 | lr 0.054134
2026-06-18 09:56:29 - __main__ - INFO - Train: loss 1.1023 acc1 62.70%
2026-06-18 09:56:29 - __main__ - INFO - Val:   loss 1.5177 acc1 52.79%
2026-06-18 09:56:29 - __main__ - INFO - 
Epoch 52/100 | lr 0.052484
2026-06-18 09:59:06 - __main__ - INFO - Train: loss 1.0844 acc1 63.03%
2026-06-18 09:59:06 - __main__ - INFO - Val:   loss 1.2992 acc1 59.56%
2026-06-18 09:59:06 - __main__ - INFO - 
Epoch 53/100 | lr 0.050832
2026-06-18 10:01:40 - __main__ - INFO - Train: loss 1.0772 acc1 63.31%
2026-06-18 10:01:40 - __main__ - INFO - Val:   loss 1.3365 acc1 61.51%
2026-06-18 10:01:40 - __main__ - INFO - 
Epoch 54/100 | lr 0.049178
2026-06-18 10:04:13 - __main__ - INFO - Train: loss 1.0607 acc1 63.82%
2026-06-18 10:04:13 - __main__ - INFO - Val:   loss 1.5421 acc1 53.56%
2026-06-18 10:04:13 - __main__ - INFO - 
Epoch 55/100 | lr 0.047526
2026-06-18 10:06:47 - __main__ - INFO - Train: loss 1.0480 acc1 64.36%
2026-06-18 10:06:47 - __main__ - INFO - Val:   loss 1.3504 acc1 60.12%
2026-06-18 10:06:47 - __main__ - INFO - 
Epoch 56/100 | lr 0.045876
2026-06-18 10:09:21 - __main__ - INFO - Train: loss 1.0313 acc1 64.86%
2026-06-18 10:09:21 - __main__ - INFO - Val:   loss 1.3622 acc1 58.16%
2026-06-18 10:09:21 - __main__ - INFO - 
Epoch 57/100 | lr 0.044231
2026-06-18 10:11:58 - __main__ - INFO - Train: loss 1.0169 acc1 65.31%
2026-06-18 10:11:58 - __main__ - INFO - Val:   loss 1.3402 acc1 61.26%
2026-06-18 10:11:58 - __main__ - INFO - 
Epoch 58/100 | lr 0.042593
2026-06-18 10:14:32 - __main__ - INFO - Train: loss 1.0077 acc1 65.73%
2026-06-18 10:14:32 - __main__ - INFO - Val:   loss 1.5725 acc1 55.93%
2026-06-18 10:14:32 - __main__ - INFO - 
Epoch 59/100 | lr 0.040962
2026-06-18 10:17:13 - __main__ - INFO - Train: loss 0.9902 acc1 66.23%
2026-06-18 10:17:13 - __main__ - INFO - Val:   loss 1.7059 acc1 53.87%
2026-06-18 10:17:13 - __main__ - INFO - 
Epoch 60/100 | lr 0.039341
2026-06-18 10:19:47 - __main__ - INFO - Train: loss 0.9739 acc1 66.71%
2026-06-18 10:19:47 - __main__ - INFO - Val:   loss 2.3971 acc1 32.00%
2026-06-18 10:19:47 - __main__ - INFO - 
Epoch 61/100 | lr 0.037732
2026-06-18 10:22:21 - __main__ - INFO - Train: loss 0.9608 acc1 67.29%
2026-06-18 10:22:21 - __main__ - INFO - Val:   loss 1.4891 acc1 56.13%
2026-06-18 10:22:21 - __main__ - INFO - 
Epoch 62/100 | lr 0.036136
2026-06-18 10:25:02 - __main__ - INFO - Train: loss 0.9475 acc1 67.69%
2026-06-18 10:25:02 - __main__ - INFO - Val:   loss 1.3026 acc1 63.73%
2026-06-18 10:25:02 - __main__ - INFO - saved best: 63.73%
2026-06-18 10:25:02 - __main__ - INFO - 
Epoch 63/100 | lr 0.034556
2026-06-18 10:27:36 - __main__ - INFO - Train: loss 0.9317 acc1 68.06%
2026-06-18 10:27:36 - __main__ - INFO - Val:   loss 1.2494 acc1 64.60%
2026-06-18 10:27:36 - __main__ - INFO - saved best: 64.60%
2026-06-18 10:27:36 - __main__ - INFO - 
Epoch 64/100 | lr 0.032992
2026-06-18 10:30:11 - __main__ - INFO - Train: loss 0.9197 acc1 68.57%
2026-06-18 10:30:11 - __main__ - INFO - Val:   loss 1.1529 acc1 66.02%
2026-06-18 10:30:11 - __main__ - INFO - saved best: 66.02%
2026-06-18 10:30:11 - __main__ - INFO - 
Epoch 65/100 | lr 0.031447
2026-06-18 10:32:46 - __main__ - INFO - Train: loss 0.8994 acc1 69.27%
2026-06-18 10:32:46 - __main__ - INFO - Val:   loss 1.4408 acc1 58.52%
2026-06-18 10:32:46 - __main__ - INFO - 
Epoch 66/100 | lr 0.029922
2026-06-18 10:35:20 - __main__ - INFO - Train: loss 0.8833 acc1 69.74%
2026-06-18 10:35:20 - __main__ - INFO - Val:   loss 1.8847 acc1 48.57%
2026-06-18 10:35:20 - __main__ - INFO - 
Epoch 67/100 | lr 0.028419
2026-06-18 10:37:54 - __main__ - INFO - Train: loss 0.8648 acc1 70.49%
2026-06-18 10:37:54 - __main__ - INFO - Val:   loss 1.4602 acc1 57.83%
2026-06-18 10:37:54 - __main__ - INFO - 
Epoch 68/100 | lr 0.026940
2026-06-18 10:40:27 - __main__ - INFO - Train: loss 0.8469 acc1 70.86%
2026-06-18 10:40:27 - __main__ - INFO - Val:   loss 1.5166 acc1 57.11%
2026-06-18 10:40:27 - __main__ - INFO - 
Epoch 69/100 | lr 0.025486
2026-06-18 10:43:02 - __main__ - INFO - Train: loss 0.8335 acc1 71.32%
2026-06-18 10:43:02 - __main__ - INFO - Val:   loss 1.4645 acc1 60.94%
2026-06-18 10:43:02 - __main__ - INFO - 
Epoch 70/100 | lr 0.024059
2026-06-18 10:45:39 - __main__ - INFO - Train: loss 0.8111 acc1 72.14%
2026-06-18 10:45:39 - __main__ - INFO - Val:   loss 1.3597 acc1 63.01%
2026-06-18 10:45:39 - __main__ - INFO - 
Epoch 71/100 | lr 0.022660
2026-06-18 10:48:14 - __main__ - INFO - Train: loss 0.7966 acc1 72.69%
2026-06-18 10:48:14 - __main__ - INFO - Val:   loss 1.2590 acc1 65.96%
2026-06-18 10:48:14 - __main__ - INFO - 
Epoch 72/100 | lr 0.021291
2026-06-18 10:50:47 - __main__ - INFO - Train: loss 0.7760 acc1 73.15%
2026-06-18 10:50:47 - __main__ - INFO - Val:   loss 1.3239 acc1 64.99%
2026-06-18 10:50:47 - __main__ - INFO - 
Epoch 73/100 | lr 0.019954
2026-06-18 10:53:21 - __main__ - INFO - Train: loss 0.7579 acc1 73.78%
2026-06-18 10:53:21 - __main__ - INFO - Val:   loss 1.3311 acc1 62.92%
2026-06-18 10:53:21 - __main__ - INFO - 
Epoch 74/100 | lr 0.018649
2026-06-18 10:55:55 - __main__ - INFO - Train: loss 0.7360 acc1 74.46%
2026-06-18 10:55:55 - __main__ - INFO - Val:   loss 1.4287 acc1 60.39%
2026-06-18 10:55:55 - __main__ - INFO - 
Epoch 75/100 | lr 0.017379
2026-06-18 10:58:30 - __main__ - INFO - Train: loss 0.7186 acc1 75.18%
2026-06-18 10:58:30 - __main__ - INFO - Val:   loss 1.5058 acc1 61.88%
2026-06-18 10:58:30 - __main__ - INFO - 
Epoch 76/100 | lr 0.016144
2026-06-18 11:01:05 - __main__ - INFO - Train: loss 0.6993 acc1 75.74%
2026-06-18 11:01:05 - __main__ - INFO - Val:   loss 1.2971 acc1 63.11%
2026-06-18 11:01:05 - __main__ - INFO - 
Epoch 77/100 | lr 0.014947
2026-06-18 11:03:39 - __main__ - INFO - Train: loss 0.6868 acc1 76.17%
2026-06-18 11:03:39 - __main__ - INFO - Val:   loss 1.2942 acc1 66.78%
2026-06-18 11:03:39 - __main__ - INFO - saved best: 66.78%
2026-06-18 11:03:39 - __main__ - INFO - 
Epoch 78/100 | lr 0.013787
2026-06-18 11:06:14 - __main__ - INFO - Train: loss 0.6577 acc1 77.17%
2026-06-18 11:06:14 - __main__ - INFO - Val:   loss 1.3760 acc1 66.19%
2026-06-18 11:06:14 - __main__ - INFO - 
Epoch 79/100 | lr 0.012668
2026-06-18 11:08:48 - __main__ - INFO - Train: loss 0.6390 acc1 77.78%
2026-06-18 11:08:48 - __main__ - INFO - Val:   loss 1.3195 acc1 65.24%
2026-06-18 11:08:48 - __main__ - INFO - 
Epoch 80/100 | lr 0.011589
2026-06-18 11:11:27 - __main__ - INFO - Train: loss 0.6209 acc1 78.24%
2026-06-18 11:11:27 - __main__ - INFO - Val:   loss 1.3307 acc1 63.83%
2026-06-18 11:11:27 - __main__ - INFO - 
Epoch 81/100 | lr 0.010552
2026-06-18 11:14:01 - __main__ - INFO - Train: loss 0.6035 acc1 78.83%
2026-06-18 11:14:01 - __main__ - INFO - Val:   loss 1.2754 acc1 67.85%
2026-06-18 11:14:01 - __main__ - INFO - saved best: 67.85%
2026-06-18 11:14:01 - __main__ - INFO - 
Epoch 82/100 | lr 0.009558
2026-06-18 11:16:37 - __main__ - INFO - Train: loss 0.5772 acc1 79.65%
2026-06-18 11:16:37 - __main__ - INFO - Val:   loss 1.3168 acc1 67.61%
2026-06-18 11:16:37 - __main__ - INFO - 
Epoch 83/100 | lr 0.008609
2026-06-18 11:19:12 - __main__ - INFO - Train: loss 0.5595 acc1 80.36%
2026-06-18 11:19:12 - __main__ - INFO - Val:   loss 1.2373 acc1 70.68%
2026-06-18 11:19:12 - __main__ - INFO - saved best: 70.68%
2026-06-18 11:19:12 - __main__ - INFO - 
Epoch 84/100 | lr 0.007704
2026-06-18 11:21:54 - __main__ - INFO - Train: loss 0.5408 acc1 81.04%
2026-06-18 11:21:54 - __main__ - INFO - Val:   loss 1.3570 acc1 67.59%
2026-06-18 11:21:54 - __main__ - INFO - 
Epoch 85/100 | lr 0.006846
2026-06-18 11:24:27 - __main__ - INFO - Train: loss 0.5165 acc1 81.94%
2026-06-18 11:24:27 - __main__ - INFO - Val:   loss 1.1842 acc1 70.71%
2026-06-18 11:24:27 - __main__ - INFO - saved best: 70.71%
2026-06-18 11:24:27 - __main__ - INFO - 
Epoch 86/100 | lr 0.006036
2026-06-18 11:27:01 - __main__ - INFO - Train: loss 0.4952 acc1 82.53%
2026-06-18 11:27:01 - __main__ - INFO - Val:   loss 1.3490 acc1 66.51%
2026-06-18 11:27:01 - __main__ - INFO - 
Epoch 87/100 | lr 0.005273
2026-06-18 11:29:37 - __main__ - INFO - Train: loss 0.4765 acc1 83.24%
2026-06-18 11:29:37 - __main__ - INFO - Val:   loss 1.2111 acc1 70.59%
2026-06-18 11:29:37 - __main__ - INFO - 
Epoch 88/100 | lr 0.004559
2026-06-18 11:32:11 - __main__ - INFO - Train: loss 0.4553 acc1 83.91%
2026-06-18 11:32:11 - __main__ - INFO - Val:   loss 1.2092 acc1 72.17%
2026-06-18 11:32:11 - __main__ - INFO - saved best: 72.17%
2026-06-18 11:32:11 - __main__ - INFO - 
Epoch 89/100 | lr 0.003895
2026-06-18 11:34:44 - __main__ - INFO - Train: loss 0.4343 acc1 84.57%
2026-06-18 11:34:44 - __main__ - INFO - Val:   loss 1.1956 acc1 72.07%
2026-06-18 11:34:44 - __main__ - INFO - 
Epoch 90/100 | lr 0.003281
2026-06-18 11:37:17 - __main__ - INFO - Train: loss 0.4147 acc1 85.26%
2026-06-18 11:37:17 - __main__ - INFO - Val:   loss 1.2073 acc1 71.54%
2026-06-18 11:37:17 - __main__ - INFO - 
Epoch 91/100 | lr 0.002719
2026-06-18 11:39:52 - __main__ - INFO - Train: loss 0.3956 acc1 85.94%
2026-06-18 11:39:52 - __main__ - INFO - Val:   loss 1.1415 acc1 73.33%
2026-06-18 11:39:52 - __main__ - INFO - saved best: 73.33%
2026-06-18 11:39:52 - __main__ - INFO - 
Epoch 92/100 | lr 0.002208
2026-06-18 11:42:35 - __main__ - INFO - Train: loss 0.3774 acc1 86.44%
2026-06-18 11:42:35 - __main__ - INFO - Val:   loss 1.1702 acc1 72.39%
2026-06-18 11:42:35 - __main__ - INFO - 
Epoch 93/100 | lr 0.001749
2026-06-18 11:45:09 - __main__ - INFO - Train: loss 0.3619 acc1 87.01%
2026-06-18 11:45:09 - __main__ - INFO - Val:   loss 1.2063 acc1 74.50%
2026-06-18 11:45:09 - __main__ - INFO - saved best: 74.50%
2026-06-18 11:45:09 - __main__ - INFO - 
Epoch 94/100 | lr 0.001344
2026-06-18 11:47:43 - __main__ - INFO - Train: loss 0.3451 acc1 87.63%
2026-06-18 11:47:43 - __main__ - INFO - Val:   loss 1.1800 acc1 73.98%
2026-06-18 11:47:43 - __main__ - INFO - 
Epoch 95/100 | lr 0.000991
2026-06-18 11:50:17 - __main__ - INFO - Train: loss 0.3324 acc1 87.96%
2026-06-18 11:50:17 - __main__ - INFO - Val:   loss 1.1391 acc1 74.65%
2026-06-18 11:50:17 - __main__ - INFO - saved best: 74.65%
2026-06-18 11:50:17 - __main__ - INFO - 
Epoch 96/100 | lr 0.000692
2026-06-18 11:52:59 - __main__ - INFO - Train: loss 0.3197 acc1 88.48%
2026-06-18 11:52:59 - __main__ - INFO - Val:   loss 1.1600 acc1 74.60%
2026-06-18 11:52:59 - __main__ - INFO - 
Epoch 97/100 | lr 0.000447
2026-06-18 11:55:40 - __main__ - INFO - Train: loss 0.3102 acc1 88.79%
2026-06-18 11:55:40 - __main__ - INFO - Val:   loss 1.1438 acc1 74.49%
2026-06-18 11:55:40 - __main__ - INFO - 
Epoch 98/100 | lr 0.000256
2026-06-18 11:58:21 - __main__ - INFO - Train: loss 0.3008 acc1 89.13%
2026-06-18 11:58:21 - __main__ - INFO - Val:   loss 1.1646 acc1 74.68%
2026-06-18 11:58:21 - __main__ - INFO - saved best: 74.68%
2026-06-18 11:58:21 - __main__ - INFO - 
Epoch 99/100 | lr 0.000119
2026-06-18 12:00:55 - __main__ - INFO - Train: loss 0.2949 acc1 89.35%
2026-06-18 12:00:55 - __main__ - INFO - Val:   loss 1.1636 acc1 74.88%
2026-06-18 12:00:55 - __main__ - INFO - saved best: 74.88%
2026-06-18 12:00:55 - __main__ - INFO - 
Epoch 100/100 | lr 0.000037
2026-06-18 12:03:28 - __main__ - INFO - Train: loss 0.2942 acc1 89.41%
2026-06-18 12:03:28 - __main__ - INFO - Val:   loss 1.1464 acc1 74.99%
2026-06-18 12:03:28 - __main__ - INFO - saved best: 74.99%
2026-06-18 12:03:28 - __main__ - INFO - Loaded best checkpoint weights for final test evaluation.
2026-06-18 12:03:30 - __main__ - INFO - 
Best tracked (val): 74.99%
2026-06-18 12:03:30 - __main__ - INFO - Final test: loss 1.1537 acc1 73.12%
2026-06-18 12:03:30 - __main__ - INFO - Saved best model checkpoint to runs/drive_zip/42/resnet18_seed42_cam_high_M8_area0.1/best_model.pt
