2026-04-14 21:40:54 - __main__ - INFO - Comparison pipeline | device=cuda | out_dir=./runs/drive_zip_2026_04/14 | args={"adamw_betas": [0.9, 0.999], "adamw_eps": 1e-08, "amp": false, "batch_size": 128, "cam_layer": "auto", "config": "/content/CAMRegularization/configs.json", "data_dir": "./data", "dataset": "drive_zip", "enable_random_control": false, "enable_shuffled_cam_control": false, "epochs": 100, "gamma": 0.1, "input_models": ["resnet18"], "label_smoothing": 0.0, "log_every": 100, "lr": 0.1, "milestones": "60,80", "min_lr": 1e-05, "momentum": 0.9, "nesterov": false, "num_workers": 2, "optimizer": "sgd", "out_dir": "./runs/drive_zip_2026_04/14", "output_models": ["efficientnet_b0"], "run_name": "", "scheduler": "cosine", "seed": 42, "threshold": 0.04, "val_split": 0.1, "warmup_epochs": 5, "weight_decay": 0.0005}
2026-04-14 21:40:54 - __main__ - INFO - Enabled variants: ['original', 'low_saliency']
2026-04-14 21:40:54 - __main__ - INFO - 
============================================================
2026-04-14 21:40:54 - __main__ - INFO - Training input model: resnet18
2026-04-14 21:40:54 - __main__ - INFO -   Resolved config → opt=sgd, lr=0.1, wd=0.0005, bs=64, epochs=100, scheduler=cosine, warmup=5
2026-04-14 21:40:54 - __main__ - INFO - ============================================================
2026-04-14 21:40:54 - __main__ - INFO - device: cuda | cuda: True | gpu: NVIDIA L4
2026-04-14 21:42:48 - __main__ - INFO - Model: resnet18 | Dataset: drive_zip | Classes: 17 | Optimizer: sgd
2026-04-14 21:42:48 - __main__ - INFO - 
Epoch 1/100 | lr 0.000100
2026-04-14 21:45:37 - __main__ - INFO - Train: loss 2.7291 acc1 11.99%
2026-04-14 21:45:37 - __main__ - INFO - Val:   loss 2.6793 acc1 13.78%
2026-04-14 21:45:37 - __main__ - INFO - saved best: 13.78%
2026-04-14 21:45:37 - __main__ - INFO - 
Epoch 2/100 | lr 0.020080
2026-04-14 21:48:26 - __main__ - INFO - Train: loss 2.4359 acc1 20.60%
2026-04-14 21:48:26 - __main__ - INFO - Val:   loss 2.5804 acc1 22.50%
2026-04-14 21:48:26 - __main__ - INFO - saved best: 22.50%
2026-04-14 21:48:26 - __main__ - INFO - 
Epoch 3/100 | lr 0.040060
2026-04-14 21:51:13 - __main__ - INFO - Train: loss 2.2112 acc1 26.65%
2026-04-14 21:51:13 - __main__ - INFO - Val:   loss 2.3161 acc1 26.14%
2026-04-14 21:51:13 - __main__ - INFO - saved best: 26.14%
2026-04-14 21:51:13 - __main__ - INFO - 
Epoch 4/100 | lr 0.060040
2026-04-14 21:54:00 - __main__ - INFO - Train: loss 2.1224 acc1 29.20%
2026-04-14 21:54:00 - __main__ - INFO - Val:   loss 2.1525 acc1 28.57%
2026-04-14 21:54:00 - __main__ - INFO - saved best: 28.57%
2026-04-14 21:54:00 - __main__ - INFO - 
Epoch 5/100 | lr 0.080020
2026-04-14 21:56:47 - __main__ - INFO - Train: loss 2.0843 acc1 30.34%
2026-04-14 21:56:47 - __main__ - INFO - Val:   loss 2.4404 acc1 27.34%
2026-04-14 21:56:47 - __main__ - INFO - 
Epoch 6/100 | lr 0.100000
2026-04-14 21:59:34 - __main__ - INFO - Train: loss 2.0835 acc1 30.49%
2026-04-14 21:59:34 - __main__ - INFO - Val:   loss 2.2409 acc1 26.50%
2026-04-14 21:59:34 - __main__ - INFO - 
Epoch 7/100 | lr 0.099973
2026-04-14 22:02:21 - __main__ - INFO - Train: loss 2.0480 acc1 31.45%
2026-04-14 22:02:21 - __main__ - INFO - Val:   loss 2.1258 acc1 29.75%
2026-04-14 22:02:21 - __main__ - INFO - saved best: 29.75%
2026-04-14 22:02:21 - __main__ - INFO - 
Epoch 8/100 | lr 0.099891
2026-04-14 22:05:08 - __main__ - INFO - Train: loss 2.0340 acc1 31.89%
2026-04-14 22:05:08 - __main__ - INFO - Val:   loss 2.0655 acc1 30.65%
2026-04-14 22:05:08 - __main__ - INFO - saved best: 30.65%
2026-04-14 22:05:08 - __main__ - INFO - 
Epoch 9/100 | lr 0.099754
2026-04-14 22:07:54 - __main__ - INFO - Train: loss 2.0190 acc1 32.21%
2026-04-14 22:07:54 - __main__ - INFO - Val:   loss 2.3653 acc1 24.52%
2026-04-14 22:07:54 - __main__ - INFO - 
Epoch 10/100 | lr 0.099563
2026-04-14 22:10:40 - __main__ - INFO - Train: loss 2.0007 acc1 32.86%
2026-04-14 22:10:40 - __main__ - INFO - Val:   loss 2.0294 acc1 34.10%
2026-04-14 22:10:40 - __main__ - INFO - saved best: 34.10%
2026-04-14 22:10:40 - __main__ - INFO - 
Epoch 11/100 | lr 0.099318
2026-04-14 22:13:26 - __main__ - INFO - Train: loss 1.9957 acc1 32.88%
2026-04-14 22:13:26 - __main__ - INFO - Val:   loss 1.9867 acc1 33.15%
2026-04-14 22:13:26 - __main__ - INFO - 
Epoch 12/100 | lr 0.099019
2026-04-14 22:16:12 - __main__ - INFO - Train: loss 1.9798 acc1 33.32%
2026-04-14 22:16:12 - __main__ - INFO - Val:   loss 2.4151 acc1 27.92%
2026-04-14 22:16:12 - __main__ - INFO - 
Epoch 13/100 | lr 0.098666
2026-04-14 22:18:58 - __main__ - INFO - Train: loss 1.9750 acc1 33.74%
2026-04-14 22:18:58 - __main__ - INFO - Val:   loss 1.8778 acc1 37.19%
2026-04-14 22:18:58 - __main__ - INFO - saved best: 37.19%
2026-04-14 22:18:58 - __main__ - INFO - 
Epoch 14/100 | lr 0.098261
2026-04-14 22:21:44 - __main__ - INFO - Train: loss 1.9709 acc1 33.52%
2026-04-14 22:21:44 - __main__ - INFO - Val:   loss 2.0873 acc1 30.88%
2026-04-14 22:21:44 - __main__ - INFO - 
Epoch 15/100 | lr 0.097802
2026-04-14 22:24:28 - __main__ - INFO - Train: loss 1.9677 acc1 33.86%
2026-04-14 22:24:28 - __main__ - INFO - Val:   loss 2.0738 acc1 30.55%
2026-04-14 22:24:28 - __main__ - INFO - 
Epoch 16/100 | lr 0.097291
2026-04-14 22:27:14 - __main__ - INFO - Train: loss 1.9583 acc1 34.08%
2026-04-14 22:27:14 - __main__ - INFO - Val:   loss 2.1377 acc1 29.77%
2026-04-14 22:27:14 - __main__ - INFO - 
Epoch 17/100 | lr 0.096729
2026-04-14 22:29:59 - __main__ - INFO - Train: loss 1.9611 acc1 33.86%
2026-04-14 22:29:59 - __main__ - INFO - Val:   loss 1.9567 acc1 33.51%
2026-04-14 22:29:59 - __main__ - INFO - 
Epoch 18/100 | lr 0.096115
2026-04-14 22:32:44 - __main__ - INFO - Train: loss 1.9520 acc1 34.22%
2026-04-14 22:32:44 - __main__ - INFO - Val:   loss 1.8821 acc1 36.11%
2026-04-14 22:32:44 - __main__ - INFO - 
Epoch 19/100 | lr 0.095451
2026-04-14 22:35:29 - __main__ - INFO - Train: loss 1.9501 acc1 34.39%
2026-04-14 22:35:29 - __main__ - INFO - Val:   loss 2.3355 acc1 29.59%
2026-04-14 22:35:29 - __main__ - INFO - 
Epoch 20/100 | lr 0.094737
2026-04-14 22:38:14 - __main__ - INFO - Train: loss 1.9471 acc1 34.14%
2026-04-14 22:38:14 - __main__ - INFO - Val:   loss 1.9374 acc1 35.65%
2026-04-14 22:38:14 - __main__ - INFO - 
Epoch 21/100 | lr 0.093974
2026-04-14 22:40:59 - __main__ - INFO - Train: loss 1.9426 acc1 34.23%
2026-04-14 22:40:59 - __main__ - INFO - Val:   loss 3.1365 acc1 22.71%
2026-04-14 22:40:59 - __main__ - INFO - 
Epoch 22/100 | lr 0.093164
2026-04-14 22:43:45 - __main__ - INFO - Train: loss 1.9394 acc1 34.50%
2026-04-14 22:43:45 - __main__ - INFO - Val:   loss 3.2662 acc1 20.68%
2026-04-14 22:43:45 - __main__ - INFO - 
Epoch 23/100 | lr 0.092306
2026-04-14 22:46:29 - __main__ - INFO - Train: loss 1.9367 acc1 34.59%
2026-04-14 22:46:29 - __main__ - INFO - Val:   loss 2.0087 acc1 31.85%
2026-04-14 22:46:29 - __main__ - INFO - 
Epoch 24/100 | lr 0.091401
2026-04-14 22:49:15 - __main__ - INFO - Train: loss 1.9367 acc1 34.66%
2026-04-14 22:49:15 - __main__ - INFO - Val:   loss 2.4473 acc1 24.44%
2026-04-14 22:49:15 - __main__ - INFO - 
Epoch 25/100 | lr 0.090452
2026-04-14 22:51:59 - __main__ - INFO - Train: loss 1.9293 acc1 34.67%
2026-04-14 22:51:59 - __main__ - INFO - Val:   loss 1.9160 acc1 35.48%
2026-04-14 22:51:59 - __main__ - INFO - 
Epoch 26/100 | lr 0.089458
2026-04-14 22:54:45 - __main__ - INFO - Train: loss 1.9200 acc1 35.15%
2026-04-14 22:54:45 - __main__ - INFO - Val:   loss 2.2596 acc1 28.34%
2026-04-14 22:54:45 - __main__ - INFO - 
Epoch 27/100 | lr 0.088421
2026-04-14 22:57:29 - __main__ - INFO - Train: loss 1.9281 acc1 34.87%
2026-04-14 22:57:29 - __main__ - INFO - Val:   loss 1.8758 acc1 35.76%
2026-04-14 22:57:29 - __main__ - INFO - 
Epoch 28/100 | lr 0.087342
2026-04-14 23:00:14 - __main__ - INFO - Train: loss 1.9238 acc1 34.96%
2026-04-14 23:00:14 - __main__ - INFO - Val:   loss 2.4628 acc1 24.66%
2026-04-14 23:00:14 - __main__ - INFO - 
Epoch 29/100 | lr 0.086223
2026-04-14 23:02:59 - __main__ - INFO - Train: loss 1.9193 acc1 35.13%
2026-04-14 23:02:59 - __main__ - INFO - Val:   loss 2.2622 acc1 29.57%
2026-04-14 23:02:59 - __main__ - INFO - 
Epoch 30/100 | lr 0.085063
2026-04-14 23:05:44 - __main__ - INFO - Train: loss 1.9150 acc1 35.17%
2026-04-14 23:05:44 - __main__ - INFO - Val:   loss 2.1767 acc1 29.85%
2026-04-14 23:05:44 - __main__ - INFO - 
Epoch 31/100 | lr 0.083866
2026-04-14 23:08:28 - __main__ - INFO - Train: loss 1.9119 acc1 35.35%
2026-04-14 23:08:28 - __main__ - INFO - Val:   loss 2.1058 acc1 31.32%
2026-04-14 23:08:28 - __main__ - INFO - 
Epoch 32/100 | lr 0.082631
2026-04-14 23:11:13 - __main__ - INFO - Train: loss 1.9041 acc1 35.66%
2026-04-14 23:11:13 - __main__ - INFO - Val:   loss 2.9400 acc1 20.87%
2026-04-14 23:11:13 - __main__ - INFO - 
Epoch 33/100 | lr 0.081361
2026-04-14 23:13:56 - __main__ - INFO - Train: loss 1.9028 acc1 35.55%
2026-04-14 23:13:56 - __main__ - INFO - Val:   loss 1.7944 acc1 39.24%
2026-04-14 23:13:56 - __main__ - INFO - saved best: 39.24%
2026-04-14 23:13:56 - __main__ - INFO - 
Epoch 34/100 | lr 0.080056
2026-04-14 23:16:40 - __main__ - INFO - Train: loss 1.8993 acc1 35.65%
2026-04-14 23:16:40 - __main__ - INFO - Val:   loss 1.9774 acc1 32.97%
2026-04-14 23:16:40 - __main__ - INFO - 
Epoch 35/100 | lr 0.078719
2026-04-14 23:19:24 - __main__ - INFO - Train: loss 1.8914 acc1 35.87%
2026-04-14 23:19:24 - __main__ - INFO - Val:   loss 2.0623 acc1 33.52%
2026-04-14 23:19:24 - __main__ - INFO - 
Epoch 36/100 | lr 0.077350
2026-04-14 23:22:08 - __main__ - INFO - Train: loss 1.8908 acc1 36.08%
2026-04-14 23:22:08 - __main__ - INFO - Val:   loss 1.7681 acc1 39.49%
2026-04-14 23:22:08 - __main__ - INFO - saved best: 39.49%
2026-04-14 23:22:08 - __main__ - INFO - 
Epoch 37/100 | lr 0.075951
2026-04-14 23:24:52 - __main__ - INFO - Train: loss 1.8866 acc1 36.16%
2026-04-14 23:24:52 - __main__ - INFO - Val:   loss 2.5780 acc1 26.27%
2026-04-14 23:24:52 - __main__ - INFO - 
Epoch 38/100 | lr 0.074524
2026-04-14 23:27:37 - __main__ - INFO - Train: loss 1.8828 acc1 36.23%
2026-04-14 23:27:37 - __main__ - INFO - Val:   loss 1.9450 acc1 34.44%
2026-04-14 23:27:37 - __main__ - INFO - 
Epoch 39/100 | lr 0.073070
2026-04-14 23:30:21 - __main__ - INFO - Train: loss 1.8732 acc1 36.41%
2026-04-14 23:30:21 - __main__ - INFO - Val:   loss 2.2568 acc1 27.85%
2026-04-14 23:30:21 - __main__ - INFO - 
Epoch 40/100 | lr 0.071591
2026-04-14 23:33:05 - __main__ - INFO - Train: loss 1.8744 acc1 36.46%
2026-04-14 23:33:05 - __main__ - INFO - Val:   loss 2.6014 acc1 27.16%
2026-04-14 23:33:05 - __main__ - INFO - 
Epoch 41/100 | lr 0.070088
2026-04-14 23:35:49 - __main__ - INFO - Train: loss 1.8679 acc1 36.80%
2026-04-14 23:35:49 - __main__ - INFO - Val:   loss 2.3859 acc1 24.65%
2026-04-14 23:35:49 - __main__ - INFO - 
Epoch 42/100 | lr 0.068563
2026-04-14 23:38:33 - __main__ - INFO - Train: loss 1.8618 acc1 36.82%
2026-04-14 23:38:33 - __main__ - INFO - Val:   loss 1.9421 acc1 35.16%
2026-04-14 23:38:33 - __main__ - INFO - 
Epoch 43/100 | lr 0.067018
2026-04-14 23:41:18 - __main__ - INFO - Train: loss 1.8567 acc1 36.98%
2026-04-14 23:41:18 - __main__ - INFO - Val:   loss 2.3733 acc1 30.74%
2026-04-14 23:41:18 - __main__ - INFO - 
Epoch 44/100 | lr 0.065454
2026-04-14 23:44:02 - __main__ - INFO - Train: loss 1.8514 acc1 37.11%
2026-04-14 23:44:02 - __main__ - INFO - Val:   loss 3.0551 acc1 28.62%
2026-04-14 23:44:02 - __main__ - INFO - 
Epoch 45/100 | lr 0.063874
2026-04-14 23:46:47 - __main__ - INFO - Train: loss 1.8448 acc1 37.34%
2026-04-14 23:46:47 - __main__ - INFO - Val:   loss 1.9821 acc1 35.84%
2026-04-14 23:46:47 - __main__ - INFO - 
Epoch 46/100 | lr 0.062278
2026-04-14 23:49:31 - __main__ - INFO - Train: loss 1.8400 acc1 37.46%
2026-04-14 23:49:31 - __main__ - INFO - Val:   loss 2.3072 acc1 30.24%
2026-04-14 23:49:31 - __main__ - INFO - 
Epoch 47/100 | lr 0.060669
2026-04-14 23:52:15 - __main__ - INFO - Train: loss 1.8375 acc1 37.47%
2026-04-14 23:52:15 - __main__ - INFO - Val:   loss 2.2426 acc1 29.93%
2026-04-14 23:52:15 - __main__ - INFO - 
Epoch 48/100 | lr 0.059048
2026-04-14 23:55:00 - __main__ - INFO - Train: loss 1.8326 acc1 37.77%
2026-04-14 23:55:00 - __main__ - INFO - Val:   loss 2.2317 acc1 30.52%
2026-04-14 23:55:00 - __main__ - INFO - 
Epoch 49/100 | lr 0.057417
2026-04-14 23:57:44 - __main__ - INFO - Train: loss 1.8224 acc1 38.03%
2026-04-14 23:57:44 - __main__ - INFO - Val:   loss 2.3312 acc1 29.05%
2026-04-14 23:57:44 - __main__ - INFO - 
Epoch 50/100 | lr 0.055779
2026-04-15 00:00:28 - __main__ - INFO - Train: loss 1.8114 acc1 38.30%
2026-04-15 00:00:28 - __main__ - INFO - Val:   loss 1.8054 acc1 38.83%
2026-04-15 00:00:28 - __main__ - INFO - 
Epoch 51/100 | lr 0.054134
2026-04-15 00:03:12 - __main__ - INFO - Train: loss 1.8118 acc1 38.23%
2026-04-15 00:03:12 - __main__ - INFO - Val:   loss 1.7429 acc1 40.47%
2026-04-15 00:03:12 - __main__ - INFO - saved best: 40.47%
2026-04-15 00:03:12 - __main__ - INFO - 
Epoch 52/100 | lr 0.052484
2026-04-15 00:05:56 - __main__ - INFO - Train: loss 1.8035 acc1 38.59%
2026-04-15 00:05:56 - __main__ - INFO - Val:   loss 1.7677 acc1 39.76%
2026-04-15 00:05:56 - __main__ - INFO - 
Epoch 53/100 | lr 0.050832
2026-04-15 00:08:40 - __main__ - INFO - Train: loss 1.7975 acc1 38.81%
2026-04-15 00:08:40 - __main__ - INFO - Val:   loss 1.8032 acc1 39.04%
2026-04-15 00:08:40 - __main__ - INFO - 
Epoch 54/100 | lr 0.049178
2026-04-15 00:11:24 - __main__ - INFO - Train: loss 1.7896 acc1 38.94%
2026-04-15 00:11:24 - __main__ - INFO - Val:   loss 1.8998 acc1 36.74%
2026-04-15 00:11:24 - __main__ - INFO - 
Epoch 55/100 | lr 0.047526
2026-04-15 00:14:08 - __main__ - INFO - Train: loss 1.7813 acc1 39.38%
2026-04-15 00:14:08 - __main__ - INFO - Val:   loss 2.0900 acc1 33.84%
2026-04-15 00:14:08 - __main__ - INFO - 
Epoch 56/100 | lr 0.045876
2026-04-15 00:16:53 - __main__ - INFO - Train: loss 1.7719 acc1 39.69%
2026-04-15 00:16:53 - __main__ - INFO - Val:   loss 2.8013 acc1 29.80%
2026-04-15 00:16:53 - __main__ - INFO - 
Epoch 57/100 | lr 0.044231
2026-04-15 00:19:37 - __main__ - INFO - Train: loss 1.7617 acc1 40.09%
2026-04-15 00:19:37 - __main__ - INFO - Val:   loss 1.7761 acc1 39.70%
2026-04-15 00:19:37 - __main__ - INFO - 
Epoch 58/100 | lr 0.042593
2026-04-15 00:22:21 - __main__ - INFO - Train: loss 1.7599 acc1 40.05%
2026-04-15 00:22:21 - __main__ - INFO - Val:   loss 1.9194 acc1 35.84%
2026-04-15 00:22:21 - __main__ - INFO - 
Epoch 59/100 | lr 0.040962
2026-04-15 00:25:06 - __main__ - INFO - Train: loss 1.7504 acc1 40.36%
2026-04-15 00:25:06 - __main__ - INFO - Val:   loss 1.8847 acc1 37.17%
2026-04-15 00:25:06 - __main__ - INFO - 
Epoch 60/100 | lr 0.039341
2026-04-15 00:27:50 - __main__ - INFO - Train: loss 1.7412 acc1 40.65%
2026-04-15 00:27:50 - __main__ - INFO - Val:   loss 2.2848 acc1 31.35%
2026-04-15 00:27:50 - __main__ - INFO - 
Epoch 61/100 | lr 0.037732
2026-04-15 00:30:34 - __main__ - INFO - Train: loss 1.7322 acc1 41.18%
2026-04-15 00:30:34 - __main__ - INFO - Val:   loss 1.7834 acc1 40.21%
2026-04-15 00:30:34 - __main__ - INFO - 
Epoch 62/100 | lr 0.036136
2026-04-15 00:33:18 - __main__ - INFO - Train: loss 1.7253 acc1 41.23%
2026-04-15 00:33:18 - __main__ - INFO - Val:   loss 1.6468 acc1 43.61%
2026-04-15 00:33:18 - __main__ - INFO - saved best: 43.61%
2026-04-15 00:33:18 - __main__ - INFO - 
Epoch 63/100 | lr 0.034556
2026-04-15 00:36:03 - __main__ - INFO - Train: loss 1.7130 acc1 41.90%
2026-04-15 00:36:03 - __main__ - INFO - Val:   loss 1.9456 acc1 36.49%
2026-04-15 00:36:03 - __main__ - INFO - 
Epoch 64/100 | lr 0.032992
2026-04-15 00:38:47 - __main__ - INFO - Train: loss 1.7011 acc1 42.08%
2026-04-15 00:38:47 - __main__ - INFO - Val:   loss 2.3842 acc1 30.67%
2026-04-15 00:38:47 - __main__ - INFO - 
Epoch 65/100 | lr 0.031447
2026-04-15 00:41:31 - __main__ - INFO - Train: loss 1.6915 acc1 42.41%
2026-04-15 00:41:31 - __main__ - INFO - Val:   loss 1.6598 acc1 44.47%
2026-04-15 00:41:31 - __main__ - INFO - saved best: 44.47%
2026-04-15 00:41:31 - __main__ - INFO - 
Epoch 66/100 | lr 0.029922
2026-04-15 00:44:15 - __main__ - INFO - Train: loss 1.6805 acc1 42.87%
2026-04-15 00:44:15 - __main__ - INFO - Val:   loss 1.5668 acc1 46.41%
2026-04-15 00:44:15 - __main__ - INFO - saved best: 46.41%
2026-04-15 00:44:15 - __main__ - INFO - 
Epoch 67/100 | lr 0.028419
2026-04-15 00:46:59 - __main__ - INFO - Train: loss 1.6727 acc1 43.18%
2026-04-15 00:46:59 - __main__ - INFO - Val:   loss 2.2881 acc1 32.15%
2026-04-15 00:46:59 - __main__ - INFO - 
Epoch 68/100 | lr 0.026940
2026-04-15 00:49:43 - __main__ - INFO - Train: loss 1.6564 acc1 43.91%
2026-04-15 00:49:43 - __main__ - INFO - Val:   loss 1.6103 acc1 45.68%
2026-04-15 00:49:43 - __main__ - INFO - 
Epoch 69/100 | lr 0.025486
2026-04-15 00:52:26 - __main__ - INFO - Train: loss 1.6478 acc1 44.01%
2026-04-15 00:52:26 - __main__ - INFO - Val:   loss 1.7040 acc1 44.39%
2026-04-15 00:52:26 - __main__ - INFO - 
Epoch 70/100 | lr 0.024059
2026-04-15 00:55:10 - __main__ - INFO - Train: loss 1.6348 acc1 44.52%
2026-04-15 00:55:10 - __main__ - INFO - Val:   loss 1.5775 acc1 47.35%
2026-04-15 00:55:10 - __main__ - INFO - saved best: 47.35%
2026-04-15 00:55:10 - __main__ - INFO - 
Epoch 71/100 | lr 0.022660
2026-04-15 00:57:54 - __main__ - INFO - Train: loss 1.6258 acc1 44.82%
2026-04-15 00:57:54 - __main__ - INFO - Val:   loss 1.6932 acc1 43.80%
2026-04-15 00:57:54 - __main__ - INFO - 
Epoch 72/100 | lr 0.021291
2026-04-15 01:00:38 - __main__ - INFO - Train: loss 1.6070 acc1 45.50%
2026-04-15 01:00:38 - __main__ - INFO - Val:   loss 1.6376 acc1 45.75%
2026-04-15 01:00:38 - __main__ - INFO - 
Epoch 73/100 | lr 0.019954
2026-04-15 01:03:22 - __main__ - INFO - Train: loss 1.5948 acc1 45.89%
2026-04-15 01:03:22 - __main__ - INFO - Val:   loss 2.2252 acc1 33.41%
2026-04-15 01:03:22 - __main__ - INFO - 
Epoch 74/100 | lr 0.018649
2026-04-15 01:06:06 - __main__ - INFO - Train: loss 1.5833 acc1 46.33%
2026-04-15 01:06:06 - __main__ - INFO - Val:   loss 1.7659 acc1 43.04%
2026-04-15 01:06:06 - __main__ - INFO - 
Epoch 75/100 | lr 0.017379
2026-04-15 01:08:49 - __main__ - INFO - Train: loss 1.5650 acc1 46.92%
2026-04-15 01:08:49 - __main__ - INFO - Val:   loss 1.5408 acc1 48.60%
2026-04-15 01:08:49 - __main__ - INFO - saved best: 48.60%
2026-04-15 01:08:49 - __main__ - INFO - 
Epoch 76/100 | lr 0.016144
2026-04-15 01:11:33 - __main__ - INFO - Train: loss 1.5484 acc1 47.53%
2026-04-15 01:11:33 - __main__ - INFO - Val:   loss 1.7361 acc1 42.07%
2026-04-15 01:11:33 - __main__ - INFO - 
Epoch 77/100 | lr 0.014947
2026-04-15 01:14:17 - __main__ - INFO - Train: loss 1.5312 acc1 48.01%
2026-04-15 01:14:17 - __main__ - INFO - Val:   loss 1.8172 acc1 43.09%
2026-04-15 01:14:17 - __main__ - INFO - 
Epoch 78/100 | lr 0.013787
2026-04-15 01:17:02 - __main__ - INFO - Train: loss 1.5195 acc1 48.52%
2026-04-15 01:17:02 - __main__ - INFO - Val:   loss 1.4157 acc1 51.68%
2026-04-15 01:17:02 - __main__ - INFO - saved best: 51.68%
2026-04-15 01:17:02 - __main__ - INFO - 
Epoch 79/100 | lr 0.012668
2026-04-15 01:19:46 - __main__ - INFO - Train: loss 1.5034 acc1 49.02%
2026-04-15 01:19:46 - __main__ - INFO - Val:   loss 1.8100 acc1 42.77%
2026-04-15 01:19:46 - __main__ - INFO - 
Epoch 80/100 | lr 0.011589
2026-04-15 01:22:30 - __main__ - INFO - Train: loss 1.4862 acc1 49.59%
2026-04-15 01:22:30 - __main__ - INFO - Val:   loss 1.7533 acc1 43.98%
2026-04-15 01:22:30 - __main__ - INFO - 
Epoch 81/100 | lr 0.010552
2026-04-15 01:25:15 - __main__ - INFO - Train: loss 1.4664 acc1 50.34%
2026-04-15 01:25:15 - __main__ - INFO - Val:   loss 1.7352 acc1 45.75%
2026-04-15 01:25:15 - __main__ - INFO - 
Epoch 82/100 | lr 0.009558
2026-04-15 01:28:00 - __main__ - INFO - Train: loss 1.4496 acc1 50.89%
2026-04-15 01:28:00 - __main__ - INFO - Val:   loss 1.3797 acc1 53.91%
2026-04-15 01:28:00 - __main__ - INFO - saved best: 53.91%
2026-04-15 01:28:00 - __main__ - INFO - 
Epoch 83/100 | lr 0.008609
2026-04-15 01:30:45 - __main__ - INFO - Train: loss 1.4276 acc1 51.70%
2026-04-15 01:30:45 - __main__ - INFO - Val:   loss 2.5655 acc1 34.89%
2026-04-15 01:30:45 - __main__ - INFO - 
Epoch 84/100 | lr 0.007704
2026-04-15 01:33:29 - __main__ - INFO - Train: loss 1.4104 acc1 52.30%
2026-04-15 01:33:29 - __main__ - INFO - Val:   loss 1.4909 acc1 50.46%
2026-04-15 01:33:29 - __main__ - INFO - 
Epoch 85/100 | lr 0.006846
2026-04-15 01:36:13 - __main__ - INFO - Train: loss 1.3850 acc1 52.77%
2026-04-15 01:36:13 - __main__ - INFO - Val:   loss 1.3591 acc1 54.54%
2026-04-15 01:36:13 - __main__ - INFO - saved best: 54.54%
2026-04-15 01:36:13 - __main__ - INFO - 
Epoch 86/100 | lr 0.006036
2026-04-15 01:38:57 - __main__ - INFO - Train: loss 1.3648 acc1 53.69%
2026-04-15 01:38:57 - __main__ - INFO - Val:   loss 1.6591 acc1 46.44%
2026-04-15 01:38:57 - __main__ - INFO - 
Epoch 87/100 | lr 0.005273
2026-04-15 01:41:42 - __main__ - INFO - Train: loss 1.3378 acc1 54.70%
2026-04-15 01:41:42 - __main__ - INFO - Val:   loss 1.7325 acc1 45.77%
2026-04-15 01:41:42 - __main__ - INFO - 
Epoch 88/100 | lr 0.004559
2026-04-15 01:44:26 - __main__ - INFO - Train: loss 1.3158 acc1 55.47%
2026-04-15 01:44:26 - __main__ - INFO - Val:   loss 1.2406 acc1 58.46%
2026-04-15 01:44:26 - __main__ - INFO - saved best: 58.46%
2026-04-15 01:44:26 - __main__ - INFO - 
Epoch 89/100 | lr 0.003895
2026-04-15 01:47:10 - __main__ - INFO - Train: loss 1.2860 acc1 56.47%
2026-04-15 01:47:10 - __main__ - INFO - Val:   loss 1.2838 acc1 57.01%
2026-04-15 01:47:10 - __main__ - INFO - 
Epoch 90/100 | lr 0.003281
2026-04-15 01:49:54 - __main__ - INFO - Train: loss 1.2584 acc1 57.41%
2026-04-15 01:49:54 - __main__ - INFO - Val:   loss 1.2376 acc1 59.02%
2026-04-15 01:49:54 - __main__ - INFO - saved best: 59.02%
2026-04-15 01:49:54 - __main__ - INFO - 
Epoch 91/100 | lr 0.002719
2026-04-15 01:52:39 - __main__ - INFO - Train: loss 1.2298 acc1 58.30%
2026-04-15 01:52:39 - __main__ - INFO - Val:   loss 1.2785 acc1 57.60%
2026-04-15 01:52:39 - __main__ - INFO - 
Epoch 92/100 | lr 0.002208
2026-04-15 01:55:24 - __main__ - INFO - Train: loss 1.2031 acc1 59.32%
2026-04-15 01:55:24 - __main__ - INFO - Val:   loss 1.2644 acc1 58.86%
2026-04-15 01:55:24 - __main__ - INFO - 
Epoch 93/100 | lr 0.001749
2026-04-15 01:58:08 - __main__ - INFO - Train: loss 1.1669 acc1 60.45%
2026-04-15 01:58:08 - __main__ - INFO - Val:   loss 1.2185 acc1 59.65%
2026-04-15 01:58:08 - __main__ - INFO - saved best: 59.65%
2026-04-15 01:58:08 - __main__ - INFO - 
Epoch 94/100 | lr 0.001344
2026-04-15 02:00:52 - __main__ - INFO - Train: loss 1.1360 acc1 61.37%
2026-04-15 02:00:52 - __main__ - INFO - Val:   loss 1.2387 acc1 59.79%
2026-04-15 02:00:52 - __main__ - INFO - saved best: 59.79%
2026-04-15 02:00:52 - __main__ - INFO - 
Epoch 95/100 | lr 0.000991
2026-04-15 02:03:37 - __main__ - INFO - Train: loss 1.1051 acc1 62.49%
2026-04-15 02:03:37 - __main__ - INFO - Val:   loss 1.1197 acc1 63.47%
2026-04-15 02:03:37 - __main__ - INFO - saved best: 63.47%
2026-04-15 02:03:37 - __main__ - INFO - 
Epoch 96/100 | lr 0.000692
2026-04-15 02:06:21 - __main__ - INFO - Train: loss 1.0826 acc1 63.28%
2026-04-15 02:06:21 - __main__ - INFO - Val:   loss 1.1235 acc1 63.15%
2026-04-15 02:06:21 - __main__ - INFO - 
Epoch 97/100 | lr 0.000447
2026-04-15 02:09:05 - __main__ - INFO - Train: loss 1.0548 acc1 64.24%
2026-04-15 02:09:05 - __main__ - INFO - Val:   loss 1.1329 acc1 63.46%
2026-04-15 02:09:05 - __main__ - INFO - 
Epoch 98/100 | lr 0.000256
2026-04-15 02:11:49 - __main__ - INFO - Train: loss 1.0382 acc1 64.97%
2026-04-15 02:11:49 - __main__ - INFO - Val:   loss 1.0991 acc1 64.29%
2026-04-15 02:11:49 - __main__ - INFO - saved best: 64.29%
2026-04-15 02:11:49 - __main__ - INFO - 
Epoch 99/100 | lr 0.000119
2026-04-15 02:14:34 - __main__ - INFO - Train: loss 1.0232 acc1 65.45%
2026-04-15 02:14:34 - __main__ - INFO - Val:   loss 1.1262 acc1 63.53%
2026-04-15 02:14:34 - __main__ - INFO - 
Epoch 100/100 | lr 0.000037
2026-04-15 02:17:17 - __main__ - INFO - Train: loss 1.0157 acc1 65.64%
2026-04-15 02:17:17 - __main__ - INFO - Val:   loss 1.1147 acc1 63.90%
2026-04-15 02:17:17 - __main__ - INFO - Loaded best checkpoint weights for final test evaluation.
2026-04-15 02:17:32 - __main__ - INFO - 
Best tracked (val): 64.29%
2026-04-15 02:17:32 - __main__ - INFO - Final test: loss 1.1007 acc1 64.79%
2026-04-15 02:17:33 - __main__ - INFO - Input model resnet18 done — test acc 64.79%, test loss 1.1007
2026-04-15 02:17:33 - __main__ - INFO - 
Preparing eval dataloaders for HiResCAM computation …
2026-04-15 02:17:35 - __main__ - INFO - 
Saving variant datasets to data/comparison_drive_zip_2026_04/14
2026-04-15 02:17:35 - __main__ - INFO - Generating train variants → data/comparison_drive_zip_2026_04/14
2026-04-15 02:18:12 - __main__ - INFO -   [train] processed 1280 images …
2026-04-15 02:18:46 - __main__ - INFO -   [train] processed 2560 images …
2026-04-15 02:19:20 - __main__ - INFO -   [train] processed 3840 images …
2026-04-15 02:19:54 - __main__ - INFO -   [train] processed 5120 images …
2026-04-15 02:20:29 - __main__ - INFO -   [train] processed 6400 images …
2026-04-15 02:21:02 - __main__ - INFO -   [train] processed 7680 images …
2026-04-15 02:21:37 - __main__ - INFO -   [train] processed 8960 images …
2026-04-15 02:22:11 - __main__ - INFO -   [train] processed 10240 images …
2026-04-15 02:22:45 - __main__ - INFO -   [train] processed 11520 images …
2026-04-15 02:23:20 - __main__ - INFO -   [train] processed 12800 images …
2026-04-15 02:23:55 - __main__ - INFO -   [train] processed 14080 images …
2026-04-15 02:24:30 - __main__ - INFO -   [train] processed 15360 images …
2026-04-15 02:25:05 - __main__ - INFO -   [train] processed 16640 images …
2026-04-15 02:25:39 - __main__ - INFO -   [train] processed 17920 images …
2026-04-15 02:26:15 - __main__ - INFO -   [train] processed 19200 images …
2026-04-15 02:26:49 - __main__ - INFO -   [train] processed 20480 images …
2026-04-15 02:27:23 - __main__ - INFO -   [train] processed 21760 images …
2026-04-15 02:27:57 - __main__ - INFO -   [train] processed 23040 images …
2026-04-15 02:28:32 - __main__ - INFO -   [train] processed 24320 images …
2026-04-15 02:29:07 - __main__ - INFO -   [train] processed 25600 images …
2026-04-15 02:29:41 - __main__ - INFO -   [train] processed 26880 images …
2026-04-15 02:30:15 - __main__ - INFO -   [train] processed 28160 images …
2026-04-15 02:30:49 - __main__ - INFO -   [train] processed 29440 images …
2026-04-15 02:31:24 - __main__ - INFO -   [train] processed 30720 images …
2026-04-15 02:31:59 - __main__ - INFO -   [train] processed 32000 images …
2026-04-15 02:32:33 - __main__ - INFO -   [train] processed 33280 images …
2026-04-15 02:33:08 - __main__ - INFO -   [train] processed 34560 images …
2026-04-15 02:33:42 - __main__ - INFO -   [train] processed 35840 images …
2026-04-15 02:34:17 - __main__ - INFO -   [train] processed 37120 images …
2026-04-15 02:34:52 - __main__ - INFO -   [train] processed 38400 images …
2026-04-15 02:35:27 - __main__ - INFO -   [train] processed 39680 images …
2026-04-15 02:36:02 - __main__ - INFO -   [train] processed 40960 images …
2026-04-15 02:36:36 - __main__ - INFO -   [train] processed 42240 images …
2026-04-15 02:37:12 - __main__ - INFO -   [train] processed 43520 images …
2026-04-15 02:37:46 - __main__ - INFO -   [train] processed 44800 images …
2026-04-15 02:38:22 - __main__ - INFO -   [train] processed 46080 images …
2026-04-15 02:38:56 - __main__ - INFO -   [train] processed 47360 images …
2026-04-15 02:39:31 - __main__ - INFO -   [train] processed 48640 images …
2026-04-15 02:40:05 - __main__ - INFO -   [train] processed 49920 images …
2026-04-15 02:40:40 - __main__ - INFO -   [train] processed 51200 images …
2026-04-15 02:41:14 - __main__ - INFO -   [train] processed 52480 images …
2026-04-15 02:41:50 - __main__ - INFO -   [train] processed 53760 images …
2026-04-15 02:42:25 - __main__ - INFO -   [train] processed 55040 images …
2026-04-15 02:43:01 - __main__ - INFO -   [train] processed 56320 images …
2026-04-15 02:43:36 - __main__ - INFO -   [train] processed 57600 images …
2026-04-15 02:44:10 - __main__ - INFO -   [train] processed 58880 images …
2026-04-15 02:44:44 - __main__ - INFO -   [train] processed 60160 images …
2026-04-15 02:45:19 - __main__ - INFO -   [train] processed 61440 images …
2026-04-15 02:45:54 - __main__ - INFO -   [train] processed 62720 images …
2026-04-15 02:46:28 - __main__ - INFO -   [train] processed 64000 images …
2026-04-15 02:47:03 - __main__ - INFO -   [train] processed 65280 images …
2026-04-15 02:47:37 - __main__ - INFO -   [train] processed 66560 images …
2026-04-15 02:48:11 - __main__ - INFO -   [train] processed 67840 images …
2026-04-15 02:48:46 - __main__ - INFO -   [train] processed 69120 images …
2026-04-15 02:49:20 - __main__ - INFO -   [train] processed 70400 images …
2026-04-15 02:49:54 - __main__ - INFO -   [train] processed 71680 images …
2026-04-15 02:50:29 - __main__ - INFO -   [train] processed 72960 images …
2026-04-15 02:51:03 - __main__ - INFO -   [train] processed 74240 images …
2026-04-15 02:51:37 - __main__ - INFO -   [train] processed 75520 images …
2026-04-15 02:52:12 - __main__ - INFO -   [train] processed 76800 images …
2026-04-15 02:52:45 - __main__ - INFO -   [train] processed 78080 images …
2026-04-15 02:53:20 - __main__ - INFO -   [train] processed 79360 images …
2026-04-15 02:53:55 - __main__ - INFO -   [train] processed 80640 images …
2026-04-15 02:54:30 - __main__ - INFO -   [train] processed 81920 images …
2026-04-15 02:55:05 - __main__ - INFO -   [train] processed 83200 images …
2026-04-15 02:55:40 - __main__ - INFO -   [train] processed 84480 images …
2026-04-15 02:56:14 - __main__ - INFO -   [train] processed 85760 images …
2026-04-15 02:56:49 - __main__ - INFO -   [train] processed 87040 images …
2026-04-15 02:57:24 - __main__ - INFO -   [train] processed 88320 images …
2026-04-15 02:57:59 - __main__ - INFO -   [train] processed 89600 images …
2026-04-15 02:58:34 - __main__ - INFO -   [train] processed 90880 images …
2026-04-15 02:59:09 - __main__ - INFO -   [train] processed 92160 images …
2026-04-15 02:59:44 - __main__ - INFO -   [train] processed 93440 images …
2026-04-15 03:00:18 - __main__ - INFO -   [train] processed 94720 images …
2026-04-15 03:00:53 - __main__ - INFO -   [train] processed 96000 images …
2026-04-15 03:01:28 - __main__ - INFO -   [train] processed 97280 images …
2026-04-15 03:02:03 - __main__ - INFO -   [train] processed 98560 images …
2026-04-15 03:02:37 - __main__ - INFO -   [train] processed 99840 images …
2026-04-15 03:03:11 - __main__ - INFO -   [train] processed 101120 images …
2026-04-15 03:03:46 - __main__ - INFO -   [train] processed 102400 images …
2026-04-15 03:04:21 - __main__ - INFO -   [train] processed 103680 images …
2026-04-15 03:04:55 - __main__ - INFO -   [train] processed 104960 images …
2026-04-15 03:05:29 - __main__ - INFO -   [train] processed 106240 images …
2026-04-15 03:06:04 - __main__ - INFO -   [train] processed 107520 images …
2026-04-15 03:06:39 - __main__ - INFO -   [train] processed 108800 images …
2026-04-15 03:06:39 - __main__ - INFO -   [train] saved 108800 images for all 2 variants
2026-04-15 03:06:39 - __main__ - INFO - Generating test variants → data/comparison_drive_zip_2026_04/14
2026-04-15 03:07:15 - __main__ - INFO -   [test] processed 1280 images …
2026-04-15 03:07:50 - __main__ - INFO -   [test] processed 2560 images …
2026-04-15 03:08:24 - __main__ - INFO -   [test] processed 3840 images …
2026-04-15 03:08:59 - __main__ - INFO -   [test] processed 5120 images …
2026-04-15 03:09:34 - __main__ - INFO -   [test] processed 6400 images …
2026-04-15 03:10:08 - __main__ - INFO -   [test] processed 7680 images …
2026-04-15 03:10:44 - __main__ - INFO -   [test] processed 8960 images …
2026-04-15 03:11:19 - __main__ - INFO -   [test] processed 10240 images …
2026-04-15 03:11:54 - __main__ - INFO -   [test] processed 11520 images …
2026-04-15 03:12:29 - __main__ - INFO -   [test] processed 12800 images …
2026-04-15 03:12:50 - __main__ - INFO -   [test] processed 13600 images …
2026-04-15 03:12:50 - __main__ - INFO -   [test] saved 13600 images for all 2 variants
2026-04-15 03:12:50 - __main__ - INFO - 
Starting output model sweep: efficientnet_b0
2026-04-15 03:12:50 - __main__ - INFO - 
============================================================
2026-04-15 03:12:50 - __main__ - INFO - Training output model: efficientnet_b0 [original]
2026-04-15 03:12:50 - __main__ - INFO -   Resolved config → opt=sgd, lr=0.05, wd=0.0001, bs=64, epochs=100, scheduler=cosine, warmup=5
2026-04-15 03:12:50 - __main__ - INFO - ============================================================
2026-04-15 03:12:50 - __main__ - INFO -   Validation during training uses variant split with val_split=0.1
2026-04-15 03:12:50 - __main__ - INFO -   Final test uses original test split
2026-04-15 03:12:51 - __main__ - INFO - device: cuda | cuda: True | gpu: NVIDIA L4
2026-04-15 03:12:52 - __main__ - INFO - Model: efficientnet_b0 | Dataset: drive_zip | Classes: 17 | Optimizer: sgd
2026-04-15 03:12:52 - __main__ - INFO - 
Epoch 1/100 | lr 0.000050
2026-04-15 03:17:48 - __main__ - INFO - Train: loss 2.8283 acc1 6.41%
2026-04-15 03:17:48 - __main__ - INFO - Val:   loss 2.8127 acc1 8.18%
2026-04-15 03:17:48 - __main__ - INFO - saved best: 8.18%
2026-04-15 03:17:48 - __main__ - INFO - 
Epoch 2/100 | lr 0.010040
2026-04-15 03:22:45 - __main__ - INFO - Train: loss 2.2927 acc1 23.99%
2026-04-15 03:22:45 - __main__ - INFO - Val:   loss 2.0069 acc1 31.86%
2026-04-15 03:22:45 - __main__ - INFO - saved best: 31.86%
2026-04-15 03:22:45 - __main__ - INFO - 
Epoch 3/100 | lr 0.020030
2026-04-15 03:27:41 - __main__ - INFO - Train: loss 1.8492 acc1 37.09%
2026-04-15 03:27:41 - __main__ - INFO - Val:   loss 1.7122 acc1 40.75%
2026-04-15 03:27:41 - __main__ - INFO - saved best: 40.75%
2026-04-15 03:27:41 - __main__ - INFO - 
Epoch 4/100 | lr 0.030020
2026-04-15 03:32:38 - __main__ - INFO - Train: loss 1.6965 acc1 41.77%
2026-04-15 03:32:38 - __main__ - INFO - Val:   loss 1.7381 acc1 39.93%
2026-04-15 03:32:38 - __main__ - INFO - 
Epoch 5/100 | lr 0.040010
2026-04-15 03:37:34 - __main__ - INFO - Train: loss 1.6124 acc1 44.59%
2026-04-15 03:37:34 - __main__ - INFO - Val:   loss 1.6324 acc1 43.44%
2026-04-15 03:37:34 - __main__ - INFO - saved best: 43.44%
2026-04-15 03:37:34 - __main__ - INFO - 
Epoch 6/100 | lr 0.050000
2026-04-15 03:42:31 - __main__ - INFO - Train: loss 1.5550 acc1 46.69%
2026-04-15 03:42:31 - __main__ - INFO - Val:   loss 1.5262 acc1 47.11%
2026-04-15 03:42:31 - __main__ - INFO - saved best: 47.11%
2026-04-15 03:42:31 - __main__ - INFO - 
Epoch 7/100 | lr 0.049986
2026-04-15 03:47:28 - __main__ - INFO - Train: loss 1.4710 acc1 49.80%
2026-04-15 03:47:28 - __main__ - INFO - Val:   loss 1.4760 acc1 49.67%
2026-04-15 03:47:28 - __main__ - INFO - saved best: 49.67%
2026-04-15 03:47:28 - __main__ - INFO - 
Epoch 8/100 | lr 0.049945
2026-04-15 03:52:24 - __main__ - INFO - Train: loss 1.4079 acc1 52.08%
2026-04-15 03:52:24 - __main__ - INFO - Val:   loss 1.4031 acc1 52.29%
2026-04-15 03:52:24 - __main__ - INFO - saved best: 52.29%
2026-04-15 03:52:24 - __main__ - INFO - 
Epoch 9/100 | lr 0.049877
2026-04-15 03:57:21 - __main__ - INFO - Train: loss 1.3545 acc1 54.01%
2026-04-15 03:57:21 - __main__ - INFO - Val:   loss 1.3728 acc1 53.83%
2026-04-15 03:57:21 - __main__ - INFO - saved best: 53.83%
2026-04-15 03:57:21 - __main__ - INFO - 
Epoch 10/100 | lr 0.049782
2026-04-15 04:02:17 - __main__ - INFO - Train: loss 1.3087 acc1 55.78%
2026-04-15 04:02:17 - __main__ - INFO - Val:   loss 1.3310 acc1 55.46%
2026-04-15 04:02:17 - __main__ - INFO - saved best: 55.46%
2026-04-15 04:02:17 - __main__ - INFO - 
Epoch 11/100 | lr 0.049659
2026-04-15 04:07:14 - __main__ - INFO - Train: loss 1.2692 acc1 57.10%
2026-04-15 04:07:14 - __main__ - INFO - Val:   loss 1.3026 acc1 56.26%
2026-04-15 04:07:14 - __main__ - INFO - saved best: 56.26%
2026-04-15 04:07:14 - __main__ - INFO - 
Epoch 12/100 | lr 0.049510
2026-04-15 04:12:10 - __main__ - INFO - Train: loss 1.2330 acc1 58.37%
2026-04-15 04:12:10 - __main__ - INFO - Val:   loss 1.3151 acc1 56.66%
2026-04-15 04:12:10 - __main__ - INFO - saved best: 56.66%
2026-04-15 04:12:10 - __main__ - INFO - 
Epoch 13/100 | lr 0.049333
2026-04-15 04:17:07 - __main__ - INFO - Train: loss 1.2038 acc1 59.48%
2026-04-15 04:17:07 - __main__ - INFO - Val:   loss 1.2758 acc1 57.92%
2026-04-15 04:17:07 - __main__ - INFO - saved best: 57.92%
2026-04-15 04:17:07 - __main__ - INFO - 
Epoch 14/100 | lr 0.049130
2026-04-15 04:22:04 - __main__ - INFO - Train: loss 1.1766 acc1 60.36%
2026-04-15 04:22:04 - __main__ - INFO - Val:   loss 1.2790 acc1 58.05%
2026-04-15 04:22:04 - __main__ - INFO - saved best: 58.05%
2026-04-15 04:22:04 - __main__ - INFO - 
Epoch 15/100 | lr 0.048901
2026-04-15 04:27:00 - __main__ - INFO - Train: loss 1.1496 acc1 61.46%
2026-04-15 04:27:00 - __main__ - INFO - Val:   loss 1.2992 acc1 57.06%
2026-04-15 04:27:00 - __main__ - INFO - 
Epoch 16/100 | lr 0.048646
2026-04-15 04:31:57 - __main__ - INFO - Train: loss 1.1246 acc1 62.16%
2026-04-15 04:31:57 - __main__ - INFO - Val:   loss 1.2343 acc1 59.64%
2026-04-15 04:31:57 - __main__ - INFO - saved best: 59.64%
2026-04-15 04:31:57 - __main__ - INFO - 
Epoch 17/100 | lr 0.048364
2026-04-15 04:36:53 - __main__ - INFO - Train: loss 1.1019 acc1 63.15%
2026-04-15 04:36:53 - __main__ - INFO - Val:   loss 1.2607 acc1 58.78%
2026-04-15 04:36:53 - __main__ - INFO - 
Epoch 18/100 | lr 0.048058
2026-04-15 04:41:50 - __main__ - INFO - Train: loss 1.0800 acc1 63.73%
2026-04-15 04:41:50 - __main__ - INFO - Val:   loss 1.1602 acc1 62.12%
2026-04-15 04:41:50 - __main__ - INFO - saved best: 62.12%
2026-04-15 04:41:50 - __main__ - INFO - 
Epoch 19/100 | lr 0.047726
2026-04-15 04:46:47 - __main__ - INFO - Train: loss 1.0598 acc1 64.56%
2026-04-15 04:46:47 - __main__ - INFO - Val:   loss 1.1715 acc1 61.55%
2026-04-15 04:46:47 - __main__ - INFO - 
Epoch 20/100 | lr 0.047369
2026-04-15 04:51:43 - __main__ - INFO - Train: loss 1.0415 acc1 65.10%
2026-04-15 04:51:43 - __main__ - INFO - Val:   loss 1.1696 acc1 62.16%
2026-04-15 04:51:44 - __main__ - INFO - saved best: 62.16%
2026-04-15 04:51:44 - __main__ - INFO - 
Epoch 21/100 | lr 0.046987
2026-04-15 04:56:40 - __main__ - INFO - Train: loss 1.0311 acc1 65.45%
2026-04-15 04:56:40 - __main__ - INFO - Val:   loss 1.1501 acc1 63.44%
2026-04-15 04:56:40 - __main__ - INFO - saved best: 63.44%
2026-04-15 04:56:40 - __main__ - INFO - 
Epoch 22/100 | lr 0.046582
2026-04-15 05:01:36 - __main__ - INFO - Train: loss 1.0113 acc1 66.14%
2026-04-15 05:01:36 - __main__ - INFO - Val:   loss 1.1729 acc1 62.12%
2026-04-15 05:01:36 - __main__ - INFO - 
Epoch 23/100 | lr 0.046153
2026-04-15 05:06:33 - __main__ - INFO - Train: loss 0.9918 acc1 66.85%
2026-04-15 05:06:33 - __main__ - INFO - Val:   loss 1.1815 acc1 61.70%
2026-04-15 05:06:33 - __main__ - INFO - 
Epoch 24/100 | lr 0.045701
2026-04-15 05:11:29 - __main__ - INFO - Train: loss 0.9737 acc1 67.49%
2026-04-15 05:11:29 - __main__ - INFO - Val:   loss 1.1612 acc1 62.52%
2026-04-15 05:11:29 - __main__ - INFO - 
Epoch 25/100 | lr 0.045226
2026-04-15 05:16:26 - __main__ - INFO - Train: loss 0.9580 acc1 68.04%
2026-04-15 05:16:26 - __main__ - INFO - Val:   loss 1.2592 acc1 59.88%
2026-04-15 05:16:26 - __main__ - INFO - 
Epoch 26/100 | lr 0.044730
2026-04-15 05:21:22 - __main__ - INFO - Train: loss 0.9471 acc1 68.28%
2026-04-15 05:21:22 - __main__ - INFO - Val:   loss 1.1482 acc1 63.64%
2026-04-15 05:21:22 - __main__ - INFO - saved best: 63.64%
2026-04-15 05:21:22 - __main__ - INFO - 
Epoch 27/100 | lr 0.044211
2026-04-15 05:26:19 - __main__ - INFO - Train: loss 0.9276 acc1 68.82%
2026-04-15 05:26:19 - __main__ - INFO - Val:   loss 1.1953 acc1 62.52%
2026-04-15 05:26:19 - __main__ - INFO - 
Epoch 28/100 | lr 0.043672
2026-04-15 05:31:16 - __main__ - INFO - Train: loss 0.9156 acc1 69.29%
2026-04-15 05:31:16 - __main__ - INFO - Val:   loss 1.1102 acc1 64.77%
2026-04-15 05:31:16 - __main__ - INFO - saved best: 64.77%
2026-04-15 05:31:16 - __main__ - INFO - 
Epoch 29/100 | lr 0.043112
2026-04-15 05:36:12 - __main__ - INFO - Train: loss 0.8941 acc1 69.90%
2026-04-15 05:36:12 - __main__ - INFO - Val:   loss 1.2176 acc1 61.18%
2026-04-15 05:36:12 - __main__ - INFO - 
Epoch 30/100 | lr 0.042532
2026-04-15 05:41:09 - __main__ - INFO - Train: loss 0.8839 acc1 70.31%
2026-04-15 05:41:09 - __main__ - INFO - Val:   loss 1.1089 acc1 64.34%
2026-04-15 05:41:09 - __main__ - INFO - 
Epoch 31/100 | lr 0.041934
2026-04-15 05:46:06 - __main__ - INFO - Train: loss 0.8660 acc1 71.06%
2026-04-15 05:46:06 - __main__ - INFO - Val:   loss 1.1274 acc1 64.41%
2026-04-15 05:46:06 - __main__ - INFO - 
Epoch 32/100 | lr 0.041316
2026-04-15 05:51:02 - __main__ - INFO - Train: loss 0.8509 acc1 71.35%
2026-04-15 05:51:02 - __main__ - INFO - Val:   loss 1.1479 acc1 63.74%
2026-04-15 05:51:02 - __main__ - INFO - 
Epoch 33/100 | lr 0.040681
2026-04-15 05:55:59 - __main__ - INFO - Train: loss 0.8391 acc1 71.73%
2026-04-15 05:55:59 - __main__ - INFO - Val:   loss 1.1151 acc1 65.14%
2026-04-15 05:55:59 - __main__ - INFO - saved best: 65.14%
2026-04-15 05:55:59 - __main__ - INFO - 
Epoch 34/100 | lr 0.040029
2026-04-15 06:00:56 - __main__ - INFO - Train: loss 0.8245 acc1 72.35%
2026-04-15 06:00:56 - __main__ - INFO - Val:   loss 1.1341 acc1 64.60%
2026-04-15 06:00:56 - __main__ - INFO - 
Epoch 35/100 | lr 0.039360
2026-04-15 06:05:52 - __main__ - INFO - Train: loss 0.8055 acc1 72.96%
2026-04-15 06:05:52 - __main__ - INFO - Val:   loss 1.1460 acc1 65.18%
2026-04-15 06:05:52 - __main__ - INFO - saved best: 65.18%
2026-04-15 06:05:52 - __main__ - INFO - 
Epoch 36/100 | lr 0.038676
2026-04-15 06:10:49 - __main__ - INFO - Train: loss 0.7923 acc1 73.17%
2026-04-15 06:10:49 - __main__ - INFO - Val:   loss 1.1242 acc1 65.14%
2026-04-15 06:10:49 - __main__ - INFO - 
Epoch 37/100 | lr 0.037977
2026-04-15 06:15:45 - __main__ - INFO - Train: loss 0.7760 acc1 73.95%
2026-04-15 06:15:45 - __main__ - INFO - Val:   loss 1.1137 acc1 66.09%
2026-04-15 06:15:45 - __main__ - INFO - saved best: 66.09%
2026-04-15 06:15:45 - __main__ - INFO - 
Epoch 38/100 | lr 0.037263
2026-04-15 06:20:42 - __main__ - INFO - Train: loss 0.7683 acc1 74.01%
2026-04-15 06:20:42 - __main__ - INFO - Val:   loss 1.1132 acc1 65.82%
2026-04-15 06:20:42 - __main__ - INFO - 
Epoch 39/100 | lr 0.036536
2026-04-15 06:25:38 - __main__ - INFO - Train: loss 0.7509 acc1 74.63%
2026-04-15 06:25:38 - __main__ - INFO - Val:   loss 1.0960 acc1 67.58%
2026-04-15 06:25:38 - __main__ - INFO - saved best: 67.58%
2026-04-15 06:25:38 - __main__ - INFO - 
Epoch 40/100 | lr 0.035797
2026-04-15 06:30:35 - __main__ - INFO - Train: loss 0.7361 acc1 75.16%
2026-04-15 06:30:35 - __main__ - INFO - Val:   loss 1.0897 acc1 67.21%
2026-04-15 06:30:35 - __main__ - INFO - 
Epoch 41/100 | lr 0.035045
2026-04-15 06:35:32 - __main__ - INFO - Train: loss 0.7215 acc1 75.64%
2026-04-15 06:35:32 - __main__ - INFO - Val:   loss 1.0953 acc1 67.32%
2026-04-15 06:35:32 - __main__ - INFO - 
Epoch 42/100 | lr 0.034283
2026-04-15 06:40:28 - __main__ - INFO - Train: loss 0.7037 acc1 76.18%
2026-04-15 06:40:28 - __main__ - INFO - Val:   loss 1.1073 acc1 66.97%
2026-04-15 06:40:28 - __main__ - INFO - 
Epoch 43/100 | lr 0.033511
2026-04-15 06:45:25 - __main__ - INFO - Train: loss 0.6934 acc1 76.61%
2026-04-15 06:45:25 - __main__ - INFO - Val:   loss 1.0677 acc1 67.99%
2026-04-15 06:45:25 - __main__ - INFO - saved best: 67.99%
2026-04-15 06:45:25 - __main__ - INFO - 
Epoch 44/100 | lr 0.032729
2026-04-15 06:50:22 - __main__ - INFO - Train: loss 0.6737 acc1 77.17%
2026-04-15 06:50:22 - __main__ - INFO - Val:   loss 1.1177 acc1 66.86%
2026-04-15 06:50:22 - __main__ - INFO - 
Epoch 45/100 | lr 0.031939
2026-04-15 06:55:18 - __main__ - INFO - Train: loss 0.6636 acc1 77.50%
2026-04-15 06:55:18 - __main__ - INFO - Val:   loss 1.0885 acc1 68.23%
2026-04-15 06:55:18 - __main__ - INFO - saved best: 68.23%
2026-04-15 06:55:18 - __main__ - INFO - 
Epoch 46/100 | lr 0.031141
2026-04-15 07:00:14 - __main__ - INFO - Train: loss 0.6468 acc1 78.01%
2026-04-15 07:00:14 - __main__ - INFO - Val:   loss 1.1038 acc1 67.16%
2026-04-15 07:00:14 - __main__ - INFO - 
Epoch 47/100 | lr 0.030336
2026-04-15 07:05:11 - __main__ - INFO - Train: loss 0.6322 acc1 78.37%
2026-04-15 07:05:11 - __main__ - INFO - Val:   loss 1.0886 acc1 68.05%
2026-04-15 07:05:11 - __main__ - INFO - 
Epoch 48/100 | lr 0.029526
2026-04-15 07:10:08 - __main__ - INFO - Train: loss 0.6167 acc1 79.02%
2026-04-15 07:10:08 - __main__ - INFO - Val:   loss 1.1549 acc1 67.15%
2026-04-15 07:10:08 - __main__ - INFO - 
Epoch 49/100 | lr 0.028711
2026-04-15 07:15:04 - __main__ - INFO - Train: loss 0.6003 acc1 79.57%
2026-04-15 07:15:04 - __main__ - INFO - Val:   loss 1.1068 acc1 68.74%
2026-04-15 07:15:04 - __main__ - INFO - saved best: 68.74%
2026-04-15 07:15:04 - __main__ - INFO - 
Epoch 50/100 | lr 0.027892
2026-04-15 07:20:01 - __main__ - INFO - Train: loss 0.5858 acc1 79.95%
2026-04-15 07:20:01 - __main__ - INFO - Val:   loss 1.1166 acc1 68.70%
2026-04-15 07:20:01 - __main__ - INFO - 
Epoch 51/100 | lr 0.027069
2026-04-15 07:24:57 - __main__ - INFO - Train: loss 0.5780 acc1 80.20%
2026-04-15 07:24:57 - __main__ - INFO - Val:   loss 1.0844 acc1 69.03%
2026-04-15 07:24:57 - __main__ - INFO - saved best: 69.03%
2026-04-15 07:24:57 - __main__ - INFO - 
Epoch 52/100 | lr 0.026244
2026-04-15 07:29:54 - __main__ - INFO - Train: loss 0.5575 acc1 80.89%
2026-04-15 07:29:54 - __main__ - INFO - Val:   loss 1.1173 acc1 69.28%
2026-04-15 07:29:54 - __main__ - INFO - saved best: 69.28%
2026-04-15 07:29:54 - __main__ - INFO - 
Epoch 53/100 | lr 0.025418
2026-04-15 07:34:51 - __main__ - INFO - Train: loss 0.5397 acc1 81.45%
2026-04-15 07:34:51 - __main__ - INFO - Val:   loss 1.1117 acc1 69.69%
2026-04-15 07:34:51 - __main__ - INFO - saved best: 69.69%
2026-04-15 07:34:51 - __main__ - INFO - 
Epoch 54/100 | lr 0.024592
2026-04-15 07:39:47 - __main__ - INFO - Train: loss 0.5237 acc1 82.05%
2026-04-15 07:39:47 - __main__ - INFO - Val:   loss 1.1191 acc1 70.34%
2026-04-15 07:39:47 - __main__ - INFO - saved best: 70.34%
2026-04-15 07:39:47 - __main__ - INFO - 
Epoch 55/100 | lr 0.023766
2026-04-15 07:44:44 - __main__ - INFO - Train: loss 0.5103 acc1 82.51%
2026-04-15 07:44:44 - __main__ - INFO - Val:   loss 1.1369 acc1 70.29%
2026-04-15 07:44:44 - __main__ - INFO - 
Epoch 56/100 | lr 0.022941
2026-04-15 07:49:40 - __main__ - INFO - Train: loss 0.4985 acc1 82.95%
2026-04-15 07:49:40 - __main__ - INFO - Val:   loss 1.1172 acc1 70.59%
2026-04-15 07:49:40 - __main__ - INFO - saved best: 70.59%
2026-04-15 07:49:40 - __main__ - INFO - 
Epoch 57/100 | lr 0.022118
2026-04-15 07:54:37 - __main__ - INFO - Train: loss 0.4779 acc1 83.66%
2026-04-15 07:54:37 - __main__ - INFO - Val:   loss 1.1536 acc1 69.27%
2026-04-15 07:54:37 - __main__ - INFO - 
Epoch 58/100 | lr 0.021299
2026-04-15 07:59:33 - __main__ - INFO - Train: loss 0.4665 acc1 83.99%
2026-04-15 07:59:33 - __main__ - INFO - Val:   loss 1.1856 acc1 68.96%
2026-04-15 07:59:33 - __main__ - INFO - 
Epoch 59/100 | lr 0.020484
2026-04-15 08:04:30 - __main__ - INFO - Train: loss 0.4544 acc1 84.39%
2026-04-15 08:04:30 - __main__ - INFO - Val:   loss 1.1569 acc1 70.96%
2026-04-15 08:04:30 - __main__ - INFO - saved best: 70.96%
2026-04-15 08:04:30 - __main__ - INFO - 
Epoch 60/100 | lr 0.019674
2026-04-15 08:09:27 - __main__ - INFO - Train: loss 0.4305 acc1 85.12%
2026-04-15 08:09:27 - __main__ - INFO - Val:   loss 1.1692 acc1 70.98%
2026-04-15 08:09:27 - __main__ - INFO - saved best: 70.98%
2026-04-15 08:09:27 - __main__ - INFO - 
Epoch 61/100 | lr 0.018869
2026-04-15 08:14:23 - __main__ - INFO - Train: loss 0.4217 acc1 85.43%
2026-04-15 08:14:23 - __main__ - INFO - Val:   loss 1.1582 acc1 71.24%
2026-04-15 08:14:23 - __main__ - INFO - saved best: 71.24%
2026-04-15 08:14:23 - __main__ - INFO - 
Epoch 62/100 | lr 0.018071
2026-04-15 08:19:20 - __main__ - INFO - Train: loss 0.4032 acc1 86.05%
2026-04-15 08:19:20 - __main__ - INFO - Val:   loss 1.1900 acc1 70.98%
2026-04-15 08:19:20 - __main__ - INFO - 
Epoch 63/100 | lr 0.017281
2026-04-15 08:24:16 - __main__ - INFO - Train: loss 0.3923 acc1 86.34%
2026-04-15 08:24:16 - __main__ - INFO - Val:   loss 1.1907 acc1 71.40%
2026-04-15 08:24:16 - __main__ - INFO - saved best: 71.40%
2026-04-15 08:24:16 - __main__ - INFO - 
Epoch 64/100 | lr 0.016499
2026-04-15 08:29:13 - __main__ - INFO - Train: loss 0.3738 acc1 87.09%
2026-04-15 08:29:13 - __main__ - INFO - Val:   loss 1.1794 acc1 71.88%
2026-04-15 08:29:13 - __main__ - INFO - saved best: 71.88%
2026-04-15 08:29:13 - __main__ - INFO - 
Epoch 65/100 | lr 0.015727
2026-04-15 08:34:10 - __main__ - INFO - Train: loss 0.3583 acc1 87.40%
2026-04-15 08:34:10 - __main__ - INFO - Val:   loss 1.2213 acc1 71.44%
2026-04-15 08:34:10 - __main__ - INFO - 
Epoch 66/100 | lr 0.014965
2026-04-15 08:39:06 - __main__ - INFO - Train: loss 0.3406 acc1 88.17%
2026-04-15 08:39:06 - __main__ - INFO - Val:   loss 1.2463 acc1 72.07%
2026-04-15 08:39:06 - __main__ - INFO - saved best: 72.07%
2026-04-15 08:39:06 - __main__ - INFO - 
Epoch 67/100 | lr 0.014213
2026-04-15 08:44:03 - __main__ - INFO - Train: loss 0.3282 acc1 88.56%
2026-04-15 08:44:03 - __main__ - INFO - Val:   loss 1.2330 acc1 72.17%
2026-04-15 08:44:03 - __main__ - INFO - saved best: 72.17%
2026-04-15 08:44:03 - __main__ - INFO - 
Epoch 68/100 | lr 0.013474
2026-04-15 08:49:00 - __main__ - INFO - Train: loss 0.3126 acc1 89.09%
2026-04-15 08:49:00 - __main__ - INFO - Val:   loss 1.2422 acc1 72.59%
2026-04-15 08:49:00 - __main__ - INFO - saved best: 72.59%
2026-04-15 08:49:00 - __main__ - INFO - 
Epoch 69/100 | lr 0.012747
2026-04-15 08:53:56 - __main__ - INFO - Train: loss 0.2985 acc1 89.58%
2026-04-15 08:53:56 - __main__ - INFO - Val:   loss 1.2328 acc1 72.37%
2026-04-15 08:53:56 - __main__ - INFO - 
Epoch 70/100 | lr 0.012033
2026-04-15 08:58:53 - __main__ - INFO - Train: loss 0.2837 acc1 90.04%
2026-04-15 08:58:53 - __main__ - INFO - Val:   loss 1.2427 acc1 72.75%
2026-04-15 08:58:53 - __main__ - INFO - saved best: 72.75%
2026-04-15 08:58:53 - __main__ - INFO - 
Epoch 71/100 | lr 0.011334
2026-04-15 09:03:50 - __main__ - INFO - Train: loss 0.2647 acc1 90.62%
2026-04-15 09:03:50 - __main__ - INFO - Val:   loss 1.2525 acc1 72.93%
2026-04-15 09:03:50 - __main__ - INFO - saved best: 72.93%
2026-04-15 09:03:50 - __main__ - INFO - 
Epoch 72/100 | lr 0.010650
2026-04-15 09:08:46 - __main__ - INFO - Train: loss 0.2540 acc1 91.11%
2026-04-15 09:08:46 - __main__ - INFO - Val:   loss 1.2855 acc1 73.05%
2026-04-15 09:08:46 - __main__ - INFO - saved best: 73.05%
2026-04-15 09:08:46 - __main__ - INFO - 
Epoch 73/100 | lr 0.009981
2026-04-15 09:13:42 - __main__ - INFO - Train: loss 0.2396 acc1 91.58%
2026-04-15 09:13:42 - __main__ - INFO - Val:   loss 1.2724 acc1 73.85%
2026-04-15 09:13:42 - __main__ - INFO - saved best: 73.85%
2026-04-15 09:13:42 - __main__ - INFO - 
Epoch 74/100 | lr 0.009329
2026-04-15 09:18:39 - __main__ - INFO - Train: loss 0.2297 acc1 91.90%
2026-04-15 09:18:39 - __main__ - INFO - Val:   loss 1.2687 acc1 73.60%
2026-04-15 09:18:39 - __main__ - INFO - 
Epoch 75/100 | lr 0.008694
2026-04-15 09:23:36 - __main__ - INFO - Train: loss 0.2148 acc1 92.37%
2026-04-15 09:23:36 - __main__ - INFO - Val:   loss 1.2989 acc1 73.95%
2026-04-15 09:23:36 - __main__ - INFO - saved best: 73.95%
2026-04-15 09:23:36 - __main__ - INFO - 
Epoch 76/100 | lr 0.008076
2026-04-15 09:28:33 - __main__ - INFO - Train: loss 0.2044 acc1 92.66%
2026-04-15 09:28:33 - __main__ - INFO - Val:   loss 1.3063 acc1 74.04%
2026-04-15 09:28:33 - __main__ - INFO - saved best: 74.04%
2026-04-15 09:28:33 - __main__ - INFO - 
Epoch 77/100 | lr 0.007478
2026-04-15 09:33:29 - __main__ - INFO - Train: loss 0.1915 acc1 93.13%
2026-04-15 09:33:29 - __main__ - INFO - Val:   loss 1.3103 acc1 74.18%
2026-04-15 09:33:29 - __main__ - INFO - saved best: 74.18%
2026-04-15 09:33:29 - __main__ - INFO - 
Epoch 78/100 | lr 0.006898
2026-04-15 09:38:26 - __main__ - INFO - Train: loss 0.1789 acc1 93.57%
2026-04-15 09:38:26 - __main__ - INFO - Val:   loss 1.3497 acc1 74.22%
2026-04-15 09:38:26 - __main__ - INFO - saved best: 74.22%
2026-04-15 09:38:26 - __main__ - INFO - 
Epoch 79/100 | lr 0.006338
2026-04-15 09:43:22 - __main__ - INFO - Train: loss 0.1703 acc1 93.86%
2026-04-15 09:43:22 - __main__ - INFO - Val:   loss 1.3471 acc1 74.06%
2026-04-15 09:43:22 - __main__ - INFO - 
Epoch 80/100 | lr 0.005799
2026-04-15 09:48:19 - __main__ - INFO - Train: loss 0.1594 acc1 94.18%
2026-04-15 09:48:19 - __main__ - INFO - Val:   loss 1.3724 acc1 74.33%
2026-04-15 09:48:19 - __main__ - INFO - saved best: 74.33%
2026-04-15 09:48:19 - __main__ - INFO - 
Epoch 81/100 | lr 0.005280
2026-04-15 09:53:15 - __main__ - INFO - Train: loss 0.1531 acc1 94.41%
2026-04-15 09:53:15 - __main__ - INFO - Val:   loss 1.3926 acc1 74.35%
2026-04-15 09:53:15 - __main__ - INFO - saved best: 74.35%
2026-04-15 09:53:15 - __main__ - INFO - 
Epoch 82/100 | lr 0.004784
2026-04-15 09:58:12 - __main__ - INFO - Train: loss 0.1452 acc1 94.64%
2026-04-15 09:58:12 - __main__ - INFO - Val:   loss 1.3733 acc1 74.14%
2026-04-15 09:58:12 - __main__ - INFO - 
Epoch 83/100 | lr 0.004309
2026-04-15 10:03:08 - __main__ - INFO - Train: loss 0.1355 acc1 94.96%
2026-04-15 10:03:08 - __main__ - INFO - Val:   loss 1.3675 acc1 74.63%
2026-04-15 10:03:08 - __main__ - INFO - saved best: 74.63%
2026-04-15 10:03:08 - __main__ - INFO - 
Epoch 84/100 | lr 0.003857
2026-04-15 10:08:05 - __main__ - INFO - Train: loss 0.1299 acc1 95.16%
2026-04-15 10:08:05 - __main__ - INFO - Val:   loss 1.3614 acc1 74.63%
2026-04-15 10:08:05 - __main__ - INFO - 
Epoch 85/100 | lr 0.003428
2026-04-15 10:13:01 - __main__ - INFO - Train: loss 0.1238 acc1 95.34%
2026-04-15 10:13:01 - __main__ - INFO - Val:   loss 1.4065 acc1 74.63%
2026-04-15 10:13:01 - __main__ - INFO - 
Epoch 86/100 | lr 0.003023
2026-04-15 10:17:58 - __main__ - INFO - Train: loss 0.1176 acc1 95.56%
2026-04-15 10:17:58 - __main__ - INFO - Val:   loss 1.4124 acc1 74.69%
2026-04-15 10:17:58 - __main__ - INFO - saved best: 74.69%
2026-04-15 10:17:58 - __main__ - INFO - 
Epoch 87/100 | lr 0.002641
2026-04-15 10:22:55 - __main__ - INFO - Train: loss 0.1127 acc1 95.60%
2026-04-15 10:22:55 - __main__ - INFO - Val:   loss 1.4067 acc1 74.74%
2026-04-15 10:22:55 - __main__ - INFO - saved best: 74.74%
2026-04-15 10:22:55 - __main__ - INFO - 
Epoch 88/100 | lr 0.002284
2026-04-15 10:27:51 - __main__ - INFO - Train: loss 0.1058 acc1 95.99%
2026-04-15 10:27:51 - __main__ - INFO - Val:   loss 1.3925 acc1 74.87%
2026-04-15 10:27:51 - __main__ - INFO - saved best: 74.87%
2026-04-15 10:27:51 - __main__ - INFO - 
Epoch 89/100 | lr 0.001952
2026-04-15 10:32:48 - __main__ - INFO - Train: loss 0.1025 acc1 96.08%
2026-04-15 10:32:48 - __main__ - INFO - Val:   loss 1.3956 acc1 74.85%
2026-04-15 10:32:48 - __main__ - INFO - 
Epoch 90/100 | lr 0.001646
2026-04-15 10:37:45 - __main__ - INFO - Train: loss 0.0998 acc1 96.19%
2026-04-15 10:37:45 - __main__ - INFO - Val:   loss 1.4186 acc1 74.74%
2026-04-15 10:37:45 - __main__ - INFO - 
Epoch 91/100 | lr 0.001364
2026-04-15 10:42:41 - __main__ - INFO - Train: loss 0.0957 acc1 96.33%
2026-04-15 10:42:41 - __main__ - INFO - Val:   loss 1.4099 acc1 74.98%
2026-04-15 10:42:41 - __main__ - INFO - saved best: 74.98%
2026-04-15 10:42:41 - __main__ - INFO - 
Epoch 92/100 | lr 0.001109
2026-04-15 10:47:38 - __main__ - INFO - Train: loss 0.0917 acc1 96.50%
2026-04-15 10:47:38 - __main__ - INFO - Val:   loss 1.4165 acc1 75.05%
2026-04-15 10:47:38 - __main__ - INFO - saved best: 75.05%
2026-04-15 10:47:38 - __main__ - INFO - 
Epoch 93/100 | lr 0.000880
2026-04-15 10:52:35 - __main__ - INFO - Train: loss 0.0903 acc1 96.54%
2026-04-15 10:52:35 - __main__ - INFO - Val:   loss 1.4353 acc1 74.96%
2026-04-15 10:52:35 - __main__ - INFO - 
Epoch 94/100 | lr 0.000677
2026-04-15 10:57:31 - __main__ - INFO - Train: loss 0.0870 acc1 96.71%
2026-04-15 10:57:31 - __main__ - INFO - Val:   loss 1.4162 acc1 75.17%
2026-04-15 10:57:31 - __main__ - INFO - saved best: 75.17%
2026-04-15 10:57:31 - __main__ - INFO - 
Epoch 95/100 | lr 0.000500
2026-04-15 11:02:27 - __main__ - INFO - Train: loss 0.0854 acc1 96.73%
2026-04-15 11:02:27 - __main__ - INFO - Val:   loss 1.4185 acc1 75.07%
2026-04-15 11:02:27 - __main__ - INFO - 
Epoch 96/100 | lr 0.000351
2026-04-15 11:07:24 - __main__ - INFO - Train: loss 0.0834 acc1 96.81%
2026-04-15 11:07:24 - __main__ - INFO - Val:   loss 1.4247 acc1 75.05%
2026-04-15 11:07:24 - __main__ - INFO - 
Epoch 97/100 | lr 0.000228
2026-04-15 11:12:21 - __main__ - INFO - Train: loss 0.0828 acc1 96.82%
2026-04-15 11:12:21 - __main__ - INFO - Val:   loss 1.4263 acc1 75.26%
2026-04-15 11:12:21 - __main__ - INFO - saved best: 75.26%
2026-04-15 11:12:21 - __main__ - INFO - 
Epoch 98/100 | lr 0.000133
2026-04-15 11:17:17 - __main__ - INFO - Train: loss 0.0823 acc1 96.81%
2026-04-15 11:17:17 - __main__ - INFO - Val:   loss 1.4062 acc1 75.11%
2026-04-15 11:17:17 - __main__ - INFO - 
Epoch 99/100 | lr 0.000065
2026-04-15 11:22:14 - __main__ - INFO - Train: loss 0.0811 acc1 96.90%
2026-04-15 11:22:14 - __main__ - INFO - Val:   loss 1.4301 acc1 75.15%
2026-04-15 11:22:14 - __main__ - INFO - 
Epoch 100/100 | lr 0.000024
2026-04-15 11:27:11 - __main__ - INFO - Train: loss 0.0816 acc1 96.89%
2026-04-15 11:27:11 - __main__ - INFO - Val:   loss 1.4270 acc1 75.05%
2026-04-15 11:27:11 - __main__ - INFO - Loaded best checkpoint weights for final test evaluation.
2026-04-15 11:27:29 - __main__ - INFO - 
Best tracked (val): 75.26%
2026-04-15 11:27:29 - __main__ - INFO - Final test: loss 1.4161 acc1 75.57%
2026-04-15 11:27:56 - __main__ - INFO - Variant [original] done — test acc 75.57%, test loss 1.4161
2026-04-15 11:27:56 - __main__ - INFO - 
============================================================
2026-04-15 11:27:56 - __main__ - INFO - Training output model: efficientnet_b0 [low_saliency]
2026-04-15 11:27:56 - __main__ - INFO -   Resolved config → opt=sgd, lr=0.05, wd=0.0001, bs=64, epochs=100, scheduler=cosine, warmup=5
2026-04-15 11:27:56 - __main__ - INFO - ============================================================
2026-04-15 11:27:56 - __main__ - INFO -   Validation during training uses variant split with val_split=0.1
2026-04-15 11:27:56 - __main__ - INFO -   Final test uses low_saliency variant test split
2026-04-15 11:27:57 - __main__ - INFO - device: cuda | cuda: True | gpu: NVIDIA L4
2026-04-15 11:27:57 - __main__ - INFO - Model: efficientnet_b0 | Dataset: drive_zip | Classes: 17 | Optimizer: sgd
2026-04-15 11:27:57 - __main__ - INFO - 
Epoch 1/100 | lr 0.000050
2026-04-15 11:32:54 - __main__ - INFO - Train: loss 2.8268 acc1 6.70%
2026-04-15 11:32:54 - __main__ - INFO - Val:   loss 2.8150 acc1 10.23%
2026-04-15 11:32:54 - __main__ - INFO - saved best: 10.23%
2026-04-15 11:32:54 - __main__ - INFO - 
Epoch 2/100 | lr 0.010040
2026-04-15 11:37:50 - __main__ - INFO - Train: loss 2.2810 acc1 24.74%
2026-04-15 11:37:50 - __main__ - INFO - Val:   loss 1.9484 acc1 34.79%
2026-04-15 11:37:50 - __main__ - INFO - saved best: 34.79%
2026-04-15 11:37:50 - __main__ - INFO - 
Epoch 3/100 | lr 0.020030
2026-04-15 11:42:47 - __main__ - INFO - Train: loss 1.8437 acc1 37.34%
2026-04-15 11:42:47 - __main__ - INFO - Val:   loss 1.8137 acc1 38.42%
2026-04-15 11:42:47 - __main__ - INFO - saved best: 38.42%
2026-04-15 11:42:47 - __main__ - INFO - 
Epoch 4/100 | lr 0.030020
2026-04-15 11:47:43 - __main__ - INFO - Train: loss 1.6917 acc1 42.28%
2026-04-15 11:47:43 - __main__ - INFO - Val:   loss 1.8017 acc1 38.92%
2026-04-15 11:47:43 - __main__ - INFO - saved best: 38.92%
2026-04-15 11:47:43 - __main__ - INFO - 
Epoch 5/100 | lr 0.040010
2026-04-15 11:52:39 - __main__ - INFO - Train: loss 1.6070 acc1 45.22%
2026-04-15 11:52:39 - __main__ - INFO - Val:   loss 1.5806 acc1 45.77%
2026-04-15 11:52:39 - __main__ - INFO - saved best: 45.77%
2026-04-15 11:52:39 - __main__ - INFO - 
Epoch 6/100 | lr 0.050000
2026-04-15 11:57:36 - __main__ - INFO - Train: loss 1.5461 acc1 47.53%
2026-04-15 11:57:36 - __main__ - INFO - Val:   loss 1.5353 acc1 48.01%
2026-04-15 11:57:36 - __main__ - INFO - saved best: 48.01%
2026-04-15 11:57:36 - __main__ - INFO - 
Epoch 7/100 | lr 0.049986
2026-04-15 12:02:32 - __main__ - INFO - Train: loss 1.4681 acc1 50.50%
2026-04-15 12:02:32 - __main__ - INFO - Val:   loss 1.4405 acc1 51.03%
2026-04-15 12:02:32 - __main__ - INFO - saved best: 51.03%
2026-04-15 12:02:32 - __main__ - INFO - 
Epoch 8/100 | lr 0.049945
2026-04-15 12:07:29 - __main__ - INFO - Train: loss 1.4045 acc1 52.45%
2026-04-15 12:07:29 - __main__ - INFO - Val:   loss 1.4020 acc1 52.66%
2026-04-15 12:07:29 - __main__ - INFO - saved best: 52.66%
2026-04-15 12:07:29 - __main__ - INFO - 
Epoch 9/100 | lr 0.049877
2026-04-15 12:12:25 - __main__ - INFO - Train: loss 1.3564 acc1 54.27%
2026-04-15 12:12:25 - __main__ - INFO - Val:   loss 1.4386 acc1 52.85%
2026-04-15 12:12:25 - __main__ - INFO - saved best: 52.85%
2026-04-15 12:12:25 - __main__ - INFO - 
Epoch 10/100 | lr 0.049782
2026-04-15 12:17:22 - __main__ - INFO - Train: loss 1.3123 acc1 55.79%
2026-04-15 12:17:22 - __main__ - INFO - Val:   loss 1.3688 acc1 54.66%
2026-04-15 12:17:22 - __main__ - INFO - saved best: 54.66%
2026-04-15 12:17:22 - __main__ - INFO - 
Epoch 11/100 | lr 0.049659
2026-04-15 12:22:18 - __main__ - INFO - Train: loss 1.2751 acc1 57.28%
2026-04-15 12:22:18 - __main__ - INFO - Val:   loss 1.4046 acc1 53.70%
2026-04-15 12:22:18 - __main__ - INFO - 
Epoch 12/100 | lr 0.049510
2026-04-15 12:27:15 - __main__ - INFO - Train: loss 1.2413 acc1 58.48%
2026-04-15 12:27:15 - __main__ - INFO - Val:   loss 1.3139 acc1 56.71%
2026-04-15 12:27:15 - __main__ - INFO - saved best: 56.71%
2026-04-15 12:27:15 - __main__ - INFO - 
Epoch 13/100 | lr 0.049333
2026-04-15 12:32:11 - __main__ - INFO - Train: loss 1.2142 acc1 59.33%
2026-04-15 12:32:11 - __main__ - INFO - Val:   loss 1.3313 acc1 55.84%
2026-04-15 12:32:11 - __main__ - INFO - 
Epoch 14/100 | lr 0.049130
2026-04-15 12:37:08 - __main__ - INFO - Train: loss 1.1895 acc1 60.26%
2026-04-15 12:37:08 - __main__ - INFO - Val:   loss 1.2717 acc1 58.72%
2026-04-15 12:37:08 - __main__ - INFO - saved best: 58.72%
2026-04-15 12:37:08 - __main__ - INFO - 
Epoch 15/100 | lr 0.048901
2026-04-15 12:42:04 - __main__ - INFO - Train: loss 1.1603 acc1 61.23%
2026-04-15 12:42:04 - __main__ - INFO - Val:   loss 1.2836 acc1 57.59%
2026-04-15 12:42:04 - __main__ - INFO - 
Epoch 16/100 | lr 0.048646
2026-04-15 12:47:01 - __main__ - INFO - Train: loss 1.1361 acc1 62.26%
2026-04-15 12:47:01 - __main__ - INFO - Val:   loss 1.2731 acc1 58.30%
2026-04-15 12:47:01 - __main__ - INFO - 
Epoch 17/100 | lr 0.048364
2026-04-15 12:51:57 - __main__ - INFO - Train: loss 1.1123 acc1 63.02%
2026-04-15 12:51:57 - __main__ - INFO - Val:   loss 1.2440 acc1 59.19%
2026-04-15 12:51:57 - __main__ - INFO - saved best: 59.19%
2026-04-15 12:51:57 - __main__ - INFO - 
Epoch 18/100 | lr 0.048058
2026-04-15 12:56:54 - __main__ - INFO - Train: loss 1.0934 acc1 63.46%
2026-04-15 12:56:54 - __main__ - INFO - Val:   loss 1.2014 acc1 60.47%
2026-04-15 12:56:54 - __main__ - INFO - saved best: 60.47%
2026-04-15 12:56:54 - __main__ - INFO - 
Epoch 19/100 | lr 0.047726
2026-04-15 13:01:50 - __main__ - INFO - Train: loss 1.0735 acc1 64.14%
2026-04-15 13:01:50 - __main__ - INFO - Val:   loss 1.2215 acc1 60.37%
2026-04-15 13:01:50 - __main__ - INFO - 
Epoch 20/100 | lr 0.047369
2026-04-15 13:06:47 - __main__ - INFO - Train: loss 1.0535 acc1 64.89%
2026-04-15 13:06:47 - __main__ - INFO - Val:   loss 1.2544 acc1 59.51%
2026-04-15 13:06:47 - __main__ - INFO - 
Epoch 21/100 | lr 0.046987
2026-04-15 13:11:43 - __main__ - INFO - Train: loss 1.0331 acc1 65.38%
2026-04-15 13:11:43 - __main__ - INFO - Val:   loss 1.1921 acc1 61.75%
2026-04-15 13:11:43 - __main__ - INFO - saved best: 61.75%
2026-04-15 13:11:43 - __main__ - INFO - 
Epoch 22/100 | lr 0.046582
2026-04-15 13:16:40 - __main__ - INFO - Train: loss 1.0174 acc1 66.02%
2026-04-15 13:16:40 - __main__ - INFO - Val:   loss 1.1963 acc1 60.67%
2026-04-15 13:16:40 - __main__ - INFO - 
Epoch 23/100 | lr 0.046153
2026-04-15 13:21:36 - __main__ - INFO - Train: loss 1.0018 acc1 66.60%
2026-04-15 13:21:36 - __main__ - INFO - Val:   loss 1.2013 acc1 61.52%
2026-04-15 13:21:36 - __main__ - INFO - 
Epoch 24/100 | lr 0.045701
2026-04-15 13:26:33 - __main__ - INFO - Train: loss 0.9819 acc1 67.30%
2026-04-15 13:26:33 - __main__ - INFO - Val:   loss 1.2289 acc1 61.22%
2026-04-15 13:26:33 - __main__ - INFO - 
Epoch 25/100 | lr 0.045226
2026-04-15 13:31:29 - __main__ - INFO - Train: loss 0.9668 acc1 67.65%
2026-04-15 13:31:29 - __main__ - INFO - Val:   loss 1.2122 acc1 61.46%
2026-04-15 13:31:29 - __main__ - INFO - 
Epoch 26/100 | lr 0.044730
2026-04-15 13:36:26 - __main__ - INFO - Train: loss 0.9535 acc1 68.10%
2026-04-15 13:36:26 - __main__ - INFO - Val:   loss 1.2769 acc1 60.00%
2026-04-15 13:36:26 - __main__ - INFO - 
Epoch 27/100 | lr 0.044211
2026-04-15 13:41:23 - __main__ - INFO - Train: loss 0.9329 acc1 68.77%
2026-04-15 13:41:23 - __main__ - INFO - Val:   loss 1.1820 acc1 63.34%
2026-04-15 13:41:23 - __main__ - INFO - saved best: 63.34%
2026-04-15 13:41:23 - __main__ - INFO - 
Epoch 28/100 | lr 0.043672
2026-04-15 13:46:19 - __main__ - INFO - Train: loss 0.9229 acc1 69.28%
2026-04-15 13:46:19 - __main__ - INFO - Val:   loss 1.1442 acc1 64.27%
2026-04-15 13:46:19 - __main__ - INFO - saved best: 64.27%
2026-04-15 13:46:19 - __main__ - INFO - 
Epoch 29/100 | lr 0.043112
2026-04-15 13:51:16 - __main__ - INFO - Train: loss 0.9053 acc1 69.76%
2026-04-15 13:51:16 - __main__ - INFO - Val:   loss 1.2613 acc1 60.05%
2026-04-15 13:51:16 - __main__ - INFO - 
Epoch 30/100 | lr 0.042532
2026-04-15 13:56:12 - __main__ - INFO - Train: loss 0.8912 acc1 70.11%
2026-04-15 13:56:12 - __main__ - INFO - Val:   loss 1.1657 acc1 62.74%
2026-04-15 13:56:12 - __main__ - INFO - 
Epoch 31/100 | lr 0.041934
2026-04-15 14:01:09 - __main__ - INFO - Train: loss 0.8759 acc1 70.62%
2026-04-15 14:01:09 - __main__ - INFO - Val:   loss 1.1916 acc1 62.37%
2026-04-15 14:01:09 - __main__ - INFO - 
Epoch 32/100 | lr 0.041316
2026-04-15 14:06:05 - __main__ - INFO - Train: loss 0.8592 acc1 71.03%
2026-04-15 14:06:05 - __main__ - INFO - Val:   loss 1.1748 acc1 63.36%
2026-04-15 14:06:05 - __main__ - INFO - 
Epoch 33/100 | lr 0.040681
2026-04-15 14:11:02 - __main__ - INFO - Train: loss 0.8449 acc1 71.62%
2026-04-15 14:11:02 - __main__ - INFO - Val:   loss 1.1421 acc1 63.84%
2026-04-15 14:11:02 - __main__ - INFO - 
Epoch 34/100 | lr 0.040029
2026-04-15 14:15:58 - __main__ - INFO - Train: loss 0.8311 acc1 72.18%
2026-04-15 14:15:58 - __main__ - INFO - Val:   loss 1.1737 acc1 63.79%
2026-04-15 14:15:58 - __main__ - INFO - 
Epoch 35/100 | lr 0.039360
2026-04-15 14:20:55 - __main__ - INFO - Train: loss 0.8131 acc1 72.58%
2026-04-15 14:20:55 - __main__ - INFO - Val:   loss 1.1539 acc1 64.51%
2026-04-15 14:20:55 - __main__ - INFO - saved best: 64.51%
2026-04-15 14:20:55 - __main__ - INFO - 
Epoch 36/100 | lr 0.038676
2026-04-15 14:25:51 - __main__ - INFO - Train: loss 0.8012 acc1 72.94%
2026-04-15 14:25:51 - __main__ - INFO - Val:   loss 1.1398 acc1 65.51%
2026-04-15 14:25:51 - __main__ - INFO - saved best: 65.51%
2026-04-15 14:25:51 - __main__ - INFO - 
Epoch 37/100 | lr 0.037977
2026-04-15 14:30:48 - __main__ - INFO - Train: loss 0.7875 acc1 73.48%
2026-04-15 14:30:48 - __main__ - INFO - Val:   loss 1.1988 acc1 64.06%
2026-04-15 14:30:48 - __main__ - INFO - 
Epoch 38/100 | lr 0.037263
2026-04-15 14:35:44 - __main__ - INFO - Train: loss 0.7739 acc1 73.79%
2026-04-15 14:35:44 - __main__ - INFO - Val:   loss 1.1895 acc1 62.77%
2026-04-15 14:35:44 - __main__ - INFO - 
Epoch 39/100 | lr 0.036536
2026-04-15 14:40:41 - __main__ - INFO - Train: loss 0.7543 acc1 74.52%
2026-04-15 14:40:41 - __main__ - INFO - Val:   loss 1.2034 acc1 64.81%
2026-04-15 14:40:41 - __main__ - INFO - 
Epoch 40/100 | lr 0.035797
2026-04-15 14:45:37 - __main__ - INFO - Train: loss 0.7401 acc1 74.99%
2026-04-15 14:45:37 - __main__ - INFO - Val:   loss 1.1737 acc1 64.65%
2026-04-15 14:45:37 - __main__ - INFO - 
Epoch 41/100 | lr 0.035045
2026-04-15 14:50:34 - __main__ - INFO - Train: loss 0.7269 acc1 75.44%
2026-04-15 14:50:34 - __main__ - INFO - Val:   loss 1.1683 acc1 65.80%
2026-04-15 14:50:34 - __main__ - INFO - saved best: 65.80%
2026-04-15 14:50:34 - __main__ - INFO - 
Epoch 42/100 | lr 0.034283
2026-04-15 14:55:30 - __main__ - INFO - Train: loss 0.7122 acc1 75.86%
2026-04-15 14:55:30 - __main__ - INFO - Val:   loss 1.1675 acc1 65.47%
2026-04-15 14:55:30 - __main__ - INFO - 
Epoch 43/100 | lr 0.033511
2026-04-15 15:00:27 - __main__ - INFO - Train: loss 0.6950 acc1 76.42%
2026-04-15 15:00:27 - __main__ - INFO - Val:   loss 1.1858 acc1 65.31%
2026-04-15 15:00:27 - __main__ - INFO - 
Epoch 44/100 | lr 0.032729
2026-04-15 15:05:23 - __main__ - INFO - Train: loss 0.6780 acc1 76.91%
2026-04-15 15:05:23 - __main__ - INFO - Val:   loss 1.1473 acc1 66.48%
2026-04-15 15:05:23 - __main__ - INFO - saved best: 66.48%
2026-04-15 15:05:23 - __main__ - INFO - 
Epoch 45/100 | lr 0.031939
2026-04-15 15:10:20 - __main__ - INFO - Train: loss 0.6665 acc1 77.33%
2026-04-15 15:10:20 - __main__ - INFO - Val:   loss 1.1627 acc1 66.41%
2026-04-15 15:10:20 - __main__ - INFO - 
Epoch 46/100 | lr 0.031141
2026-04-15 15:15:17 - __main__ - INFO - Train: loss 0.6510 acc1 77.77%
2026-04-15 15:15:17 - __main__ - INFO - Val:   loss 1.1934 acc1 65.86%
2026-04-15 15:15:17 - __main__ - INFO - 
Epoch 47/100 | lr 0.030336
2026-04-15 15:20:13 - __main__ - INFO - Train: loss 0.6364 acc1 78.15%
2026-04-15 15:20:13 - __main__ - INFO - Val:   loss 1.1727 acc1 65.96%
2026-04-15 15:20:13 - __main__ - INFO - 
Epoch 48/100 | lr 0.029526
2026-04-15 15:25:10 - __main__ - INFO - Train: loss 0.6191 acc1 78.83%
2026-04-15 15:25:10 - __main__ - INFO - Val:   loss 1.1452 acc1 67.81%
2026-04-15 15:25:10 - __main__ - INFO - saved best: 67.81%
2026-04-15 15:25:10 - __main__ - INFO - 
Epoch 49/100 | lr 0.028711
2026-04-15 15:30:06 - __main__ - INFO - Train: loss 0.6015 acc1 79.48%
2026-04-15 15:30:06 - __main__ - INFO - Val:   loss 1.1884 acc1 66.80%
2026-04-15 15:30:06 - __main__ - INFO - 
Epoch 50/100 | lr 0.027892
2026-04-15 15:35:03 - __main__ - INFO - Train: loss 0.5844 acc1 79.90%
2026-04-15 15:35:03 - __main__ - INFO - Val:   loss 1.1482 acc1 67.91%
2026-04-15 15:35:03 - __main__ - INFO - saved best: 67.91%
2026-04-15 15:35:03 - __main__ - INFO - 
Epoch 51/100 | lr 0.027069
2026-04-15 15:39:59 - __main__ - INFO - Train: loss 0.5759 acc1 80.37%
2026-04-15 15:39:59 - __main__ - INFO - Val:   loss 1.1661 acc1 67.38%
2026-04-15 15:39:59 - __main__ - INFO - 
Epoch 52/100 | lr 0.026244
2026-04-15 15:44:56 - __main__ - INFO - Train: loss 0.5544 acc1 81.13%
2026-04-15 15:44:56 - __main__ - INFO - Val:   loss 1.2412 acc1 66.52%
2026-04-15 15:44:56 - __main__ - INFO - 
Epoch 53/100 | lr 0.025418
2026-04-15 15:49:52 - __main__ - INFO - Train: loss 0.5410 acc1 81.45%
2026-04-15 15:49:52 - __main__ - INFO - Val:   loss 1.1850 acc1 67.77%
2026-04-15 15:49:52 - __main__ - INFO - 
Epoch 54/100 | lr 0.024592
2026-04-15 15:54:49 - __main__ - INFO - Train: loss 0.5189 acc1 82.15%
2026-04-15 15:54:49 - __main__ - INFO - Val:   loss 1.2362 acc1 67.45%
2026-04-15 15:54:49 - __main__ - INFO - 
Epoch 55/100 | lr 0.023766
2026-04-15 15:59:45 - __main__ - INFO - Train: loss 0.5098 acc1 82.63%
2026-04-15 15:59:45 - __main__ - INFO - Val:   loss 1.1970 acc1 68.54%
2026-04-15 15:59:45 - __main__ - INFO - saved best: 68.54%
2026-04-15 15:59:45 - __main__ - INFO - 
Epoch 56/100 | lr 0.022941
2026-04-15 16:04:42 - __main__ - INFO - Train: loss 0.4895 acc1 83.23%
2026-04-15 16:04:42 - __main__ - INFO - Val:   loss 1.2229 acc1 68.70%
2026-04-15 16:04:42 - __main__ - INFO - saved best: 68.70%
2026-04-15 16:04:42 - __main__ - INFO - 
Epoch 57/100 | lr 0.022118
2026-04-15 16:09:38 - __main__ - INFO - Train: loss 0.4759 acc1 83.58%
2026-04-15 16:09:38 - __main__ - INFO - Val:   loss 1.2480 acc1 67.32%
2026-04-15 16:09:38 - __main__ - INFO - 
Epoch 58/100 | lr 0.021299
2026-04-15 16:14:35 - __main__ - INFO - Train: loss 0.4596 acc1 84.25%
2026-04-15 16:14:35 - __main__ - INFO - Val:   loss 1.2692 acc1 68.30%
2026-04-15 16:14:35 - __main__ - INFO - 
Epoch 59/100 | lr 0.020484
2026-04-15 16:19:31 - __main__ - INFO - Train: loss 0.4418 acc1 84.71%
2026-04-15 16:19:31 - __main__ - INFO - Val:   loss 1.2228 acc1 68.90%
2026-04-15 16:19:31 - __main__ - INFO - saved best: 68.90%
2026-04-15 16:19:31 - __main__ - INFO - 
Epoch 60/100 | lr 0.019674
2026-04-15 16:24:28 - __main__ - INFO - Train: loss 0.4211 acc1 85.48%
2026-04-15 16:24:28 - __main__ - INFO - Val:   loss 1.2515 acc1 69.39%
2026-04-15 16:24:28 - __main__ - INFO - saved best: 69.39%
2026-04-15 16:24:28 - __main__ - INFO - 
Epoch 61/100 | lr 0.018869
2026-04-15 16:29:24 - __main__ - INFO - Train: loss 0.4098 acc1 85.83%
2026-04-15 16:29:24 - __main__ - INFO - Val:   loss 1.2858 acc1 68.20%
2026-04-15 16:29:24 - __main__ - INFO - 
Epoch 62/100 | lr 0.018071
2026-04-15 16:34:21 - __main__ - INFO - Train: loss 0.3927 acc1 86.38%
2026-04-15 16:34:21 - __main__ - INFO - Val:   loss 1.2447 acc1 69.60%
2026-04-15 16:34:21 - __main__ - INFO - saved best: 69.60%
2026-04-15 16:34:21 - __main__ - INFO - 
Epoch 63/100 | lr 0.017281
2026-04-15 16:39:17 - __main__ - INFO - Train: loss 0.3797 acc1 86.85%
2026-04-15 16:39:17 - __main__ - INFO - Val:   loss 1.2985 acc1 69.18%
2026-04-15 16:39:17 - __main__ - INFO - 
Epoch 64/100 | lr 0.016499
2026-04-15 16:44:14 - __main__ - INFO - Train: loss 0.3609 acc1 87.49%
2026-04-15 16:44:14 - __main__ - INFO - Val:   loss 1.3267 acc1 69.01%
2026-04-15 16:44:14 - __main__ - INFO - 
Epoch 65/100 | lr 0.015727
2026-04-15 16:49:10 - __main__ - INFO - Train: loss 0.3478 acc1 87.96%
2026-04-15 16:49:10 - __main__ - INFO - Val:   loss 1.2602 acc1 70.22%
2026-04-15 16:49:11 - __main__ - INFO - saved best: 70.22%
2026-04-15 16:49:11 - __main__ - INFO - 
Epoch 66/100 | lr 0.014965
2026-04-15 16:54:07 - __main__ - INFO - Train: loss 0.3275 acc1 88.63%
2026-04-15 16:54:07 - __main__ - INFO - Val:   loss 1.2900 acc1 70.79%
2026-04-15 16:54:07 - __main__ - INFO - saved best: 70.79%
2026-04-15 16:54:07 - __main__ - INFO - 
Epoch 67/100 | lr 0.014213
2026-04-15 16:59:04 - __main__ - INFO - Train: loss 0.3128 acc1 89.08%
2026-04-15 16:59:04 - __main__ - INFO - Val:   loss 1.3292 acc1 70.38%
2026-04-15 16:59:04 - __main__ - INFO - 
Epoch 68/100 | lr 0.013474
2026-04-15 17:04:00 - __main__ - INFO - Train: loss 0.2946 acc1 89.77%
2026-04-15 17:04:00 - __main__ - INFO - Val:   loss 1.3238 acc1 70.62%
2026-04-15 17:04:00 - __main__ - INFO - 
Epoch 69/100 | lr 0.012747
2026-04-15 17:08:56 - __main__ - INFO - Train: loss 0.2784 acc1 90.25%
2026-04-15 17:08:56 - __main__ - INFO - Val:   loss 1.3580 acc1 71.29%
2026-04-15 17:08:56 - __main__ - INFO - saved best: 71.29%
2026-04-15 17:08:56 - __main__ - INFO - 
Epoch 70/100 | lr 0.012033
2026-04-15 17:13:53 - __main__ - INFO - Train: loss 0.2649 acc1 90.74%
2026-04-15 17:13:53 - __main__ - INFO - Val:   loss 1.3656 acc1 70.49%
2026-04-15 17:13:53 - __main__ - INFO - 
Epoch 71/100 | lr 0.011334
2026-04-15 17:18:49 - __main__ - INFO - Train: loss 0.2482 acc1 91.27%
2026-04-15 17:18:49 - __main__ - INFO - Val:   loss 1.3847 acc1 70.74%
2026-04-15 17:18:49 - __main__ - INFO - 
Epoch 72/100 | lr 0.010650
2026-04-15 17:23:46 - __main__ - INFO - Train: loss 0.2359 acc1 91.76%
2026-04-15 17:23:46 - __main__ - INFO - Val:   loss 1.3834 acc1 71.18%
2026-04-15 17:23:46 - __main__ - INFO - 
Epoch 73/100 | lr 0.009981
2026-04-15 17:28:42 - __main__ - INFO - Train: loss 0.2204 acc1 92.20%
2026-04-15 17:28:42 - __main__ - INFO - Val:   loss 1.4195 acc1 71.37%
2026-04-15 17:28:42 - __main__ - INFO - saved best: 71.37%
2026-04-15 17:28:42 - __main__ - INFO - 
Epoch 74/100 | lr 0.009329
2026-04-15 17:33:39 - __main__ - INFO - Train: loss 0.2051 acc1 92.75%
2026-04-15 17:33:39 - __main__ - INFO - Val:   loss 1.4422 acc1 70.91%
2026-04-15 17:33:39 - __main__ - INFO - 
Epoch 75/100 | lr 0.008694
2026-04-15 17:38:35 - __main__ - INFO - Train: loss 0.1973 acc1 92.96%
2026-04-15 17:38:35 - __main__ - INFO - Val:   loss 1.4530 acc1 71.40%
2026-04-15 17:38:35 - __main__ - INFO - saved best: 71.40%
2026-04-15 17:38:35 - __main__ - INFO - 
Epoch 76/100 | lr 0.008076
2026-04-15 17:43:32 - __main__ - INFO - Train: loss 0.1819 acc1 93.51%
2026-04-15 17:43:32 - __main__ - INFO - Val:   loss 1.4970 acc1 71.58%
2026-04-15 17:43:32 - __main__ - INFO - saved best: 71.58%
2026-04-15 17:43:32 - __main__ - INFO - 
Epoch 77/100 | lr 0.007478
2026-04-15 17:48:28 - __main__ - INFO - Train: loss 0.1710 acc1 93.83%
2026-04-15 17:48:28 - __main__ - INFO - Val:   loss 1.4738 acc1 71.89%
2026-04-15 17:48:28 - __main__ - INFO - saved best: 71.89%
2026-04-15 17:48:28 - __main__ - INFO - 
Epoch 78/100 | lr 0.006898
2026-04-15 17:53:25 - __main__ - INFO - Train: loss 0.1585 acc1 94.32%
2026-04-15 17:53:25 - __main__ - INFO - Val:   loss 1.5249 acc1 71.90%
2026-04-15 17:53:25 - __main__ - INFO - saved best: 71.90%
2026-04-15 17:53:25 - __main__ - INFO - 
Epoch 79/100 | lr 0.006338
2026-04-15 17:58:21 - __main__ - INFO - Train: loss 0.1481 acc1 94.69%
2026-04-15 17:58:21 - __main__ - INFO - Val:   loss 1.5179 acc1 72.14%
2026-04-15 17:58:21 - __main__ - INFO - saved best: 72.14%
2026-04-15 17:58:21 - __main__ - INFO - 
Epoch 80/100 | lr 0.005799
2026-04-15 18:03:18 - __main__ - INFO - Train: loss 0.1354 acc1 95.10%
2026-04-15 18:03:18 - __main__ - INFO - Val:   loss 1.5123 acc1 72.00%
2026-04-15 18:03:18 - __main__ - INFO - 
Epoch 81/100 | lr 0.005280
2026-04-15 18:08:14 - __main__ - INFO - Train: loss 0.1286 acc1 95.34%
2026-04-15 18:08:14 - __main__ - INFO - Val:   loss 1.5391 acc1 72.08%
2026-04-15 18:08:14 - __main__ - INFO - 
Epoch 82/100 | lr 0.004784
2026-04-15 18:13:11 - __main__ - INFO - Train: loss 0.1208 acc1 95.57%
2026-04-15 18:13:11 - __main__ - INFO - Val:   loss 1.5407 acc1 72.40%
2026-04-15 18:13:11 - __main__ - INFO - saved best: 72.40%
2026-04-15 18:13:11 - __main__ - INFO - 
Epoch 83/100 | lr 0.004309
2026-04-15 18:18:07 - __main__ - INFO - Train: loss 0.1131 acc1 95.84%
2026-04-15 18:18:07 - __main__ - INFO - Val:   loss 1.5412 acc1 72.38%
2026-04-15 18:18:07 - __main__ - INFO - 
Epoch 84/100 | lr 0.003857
2026-04-15 18:23:03 - __main__ - INFO - Train: loss 0.1067 acc1 96.01%
2026-04-15 18:23:03 - __main__ - INFO - Val:   loss 1.5359 acc1 72.28%
2026-04-15 18:23:03 - __main__ - INFO - 
Epoch 85/100 | lr 0.003428
2026-04-15 18:28:00 - __main__ - INFO - Train: loss 0.1026 acc1 96.15%
2026-04-15 18:28:00 - __main__ - INFO - Val:   loss 1.5893 acc1 72.04%
2026-04-15 18:28:00 - __main__ - INFO - 
Epoch 86/100 | lr 0.003023
2026-04-15 18:32:56 - __main__ - INFO - Train: loss 0.0975 acc1 96.37%
2026-04-15 18:32:56 - __main__ - INFO - Val:   loss 1.5781 acc1 72.33%
2026-04-15 18:32:56 - __main__ - INFO - 
Epoch 87/100 | lr 0.002641
2026-04-15 18:37:53 - __main__ - INFO - Train: loss 0.0925 acc1 96.54%
2026-04-15 18:37:53 - __main__ - INFO - Val:   loss 1.5810 acc1 72.25%
2026-04-15 18:37:53 - __main__ - INFO - 
Epoch 88/100 | lr 0.002284
2026-04-15 18:42:49 - __main__ - INFO - Train: loss 0.0889 acc1 96.64%
2026-04-15 18:42:49 - __main__ - INFO - Val:   loss 1.5587 acc1 72.66%
2026-04-15 18:42:49 - __main__ - INFO - saved best: 72.66%
2026-04-15 18:42:49 - __main__ - INFO - 
Epoch 89/100 | lr 0.001952
2026-04-15 18:47:46 - __main__ - INFO - Train: loss 0.0849 acc1 96.77%
2026-04-15 18:47:46 - __main__ - INFO - Val:   loss 1.5737 acc1 72.59%
2026-04-15 18:47:46 - __main__ - INFO - 
Epoch 90/100 | lr 0.001646
2026-04-15 18:52:42 - __main__ - INFO - Train: loss 0.0827 acc1 96.85%
2026-04-15 18:52:42 - __main__ - INFO - Val:   loss 1.5682 acc1 72.64%
2026-04-15 18:52:42 - __main__ - INFO - 
Epoch 91/100 | lr 0.001364
2026-04-15 18:57:39 - __main__ - INFO - Train: loss 0.0794 acc1 97.03%
2026-04-15 18:57:39 - __main__ - INFO - Val:   loss 1.5455 acc1 72.58%
2026-04-15 18:57:39 - __main__ - INFO - 
Epoch 92/100 | lr 0.001109
2026-04-15 19:02:35 - __main__ - INFO - Train: loss 0.0771 acc1 97.06%
2026-04-15 19:02:35 - __main__ - INFO - Val:   loss 1.5673 acc1 72.67%
2026-04-15 19:02:35 - __main__ - INFO - saved best: 72.67%
2026-04-15 19:02:35 - __main__ - INFO - 
Epoch 93/100 | lr 0.000880
2026-04-15 19:07:32 - __main__ - INFO - Train: loss 0.0759 acc1 97.08%
2026-04-15 19:07:32 - __main__ - INFO - Val:   loss 1.6017 acc1 72.37%
2026-04-15 19:07:32 - __main__ - INFO - 
Epoch 94/100 | lr 0.000677
2026-04-15 19:12:28 - __main__ - INFO - Train: loss 0.0734 acc1 97.17%
2026-04-15 19:12:28 - __main__ - INFO - Val:   loss 1.5709 acc1 72.67%
2026-04-15 19:12:28 - __main__ - INFO - saved best: 72.67%
2026-04-15 19:12:28 - __main__ - INFO - 
Epoch 95/100 | lr 0.000500
2026-04-15 19:17:25 - __main__ - INFO - Train: loss 0.0724 acc1 97.21%
2026-04-15 19:17:25 - __main__ - INFO - Val:   loss 1.5776 acc1 72.67%
2026-04-15 19:17:25 - __main__ - INFO - 
Epoch 96/100 | lr 0.000351
2026-04-15 19:22:21 - __main__ - INFO - Train: loss 0.0707 acc1 97.28%
2026-04-15 19:22:21 - __main__ - INFO - Val:   loss 1.5783 acc1 72.81%
2026-04-15 19:22:21 - __main__ - INFO - saved best: 72.81%
2026-04-15 19:22:21 - __main__ - INFO - 
Epoch 97/100 | lr 0.000228
2026-04-15 19:27:18 - __main__ - INFO - Train: loss 0.0699 acc1 97.30%
2026-04-15 19:27:18 - __main__ - INFO - Val:   loss 1.5930 acc1 72.67%
2026-04-15 19:27:18 - __main__ - INFO - 
Epoch 98/100 | lr 0.000133
2026-04-15 19:32:14 - __main__ - INFO - Train: loss 0.0694 acc1 97.38%
2026-04-15 19:32:14 - __main__ - INFO - Val:   loss 1.5624 acc1 72.87%
2026-04-15 19:32:14 - __main__ - INFO - saved best: 72.87%
2026-04-15 19:32:14 - __main__ - INFO - 
Epoch 99/100 | lr 0.000065
2026-04-15 19:37:11 - __main__ - INFO - Train: loss 0.0688 acc1 97.34%
2026-04-15 19:37:11 - __main__ - INFO - Val:   loss 1.5783 acc1 72.87%
2026-04-15 19:37:11 - __main__ - INFO - 
Epoch 100/100 | lr 0.000024
2026-04-15 19:42:07 - __main__ - INFO - Train: loss 0.0685 acc1 97.41%
2026-04-15 19:42:07 - __main__ - INFO - Val:   loss 1.5843 acc1 72.77%
2026-04-15 19:42:07 - __main__ - INFO - Loaded best checkpoint weights for final test evaluation.
2026-04-15 19:42:20 - __main__ - INFO - 
Best tracked (val): 72.87%
2026-04-15 19:42:20 - __main__ - INFO - Final test: loss 1.6111 acc1 72.45%
2026-04-15 19:42:48 - __main__ - INFO - Variant [low_saliency] done — test acc 72.45%, test loss 1.6111
2026-04-15 19:42:48 - __main__ - INFO - Saved validation comparison plot: runs/drive_zip_2026_04/14/efficientnet_b0/validation_comparison_plot.png
2026-04-15 19:42:48 - __main__ - INFO - 
Results saved to ./runs/drive_zip_2026_04/14/comparison_results.json
2026-04-15 19:42:48 - __main__ - INFO - 
========================================================================
2026-04-15 19:42:48 - __main__ - INFO - COMPARISON RESULTS — output model: efficientnet_b0
2026-04-15 19:42:48 - __main__ - INFO - ========================================================================
2026-04-15 19:42:48 - __main__ - INFO - Variant              Accuracy       Loss
2026-04-15 19:42:48 - __main__ - INFO - ------------------ ---------- ----------
2026-04-15 19:42:48 - __main__ - INFO - original               75.57%     1.4161
2026-04-15 19:42:48 - __main__ - INFO - low_saliency           72.45%     1.6111
2026-04-15 19:42:48 - __main__ - INFO - ========================================================================
2026-04-15 19:42:48 - __main__ - INFO - CROSS-EVAL MATRIX — output model: efficientnet_b0
2026-04-15 19:42:48 - __main__ - INFO - Train / Test               original low_saliency
2026-04-15 19:42:48 - __main__ - INFO - ---------------------- ------------ ------------
2026-04-15 19:42:48 - __main__ - INFO - original                     75.57%       50.91%
2026-04-15 19:42:48 - __main__ - INFO - low_saliency                 64.83%       72.45%
2026-04-15 19:42:48 - __main__ - INFO - Interpretation: train(masked)->test(original) isolates augmentation transfer; train(original)->test(masked) isolates preprocessing effect.
2026-04-15 19:42:48 - __main__ - INFO - ========================================================================
