2026-07-14 19:25:16 - __main__ - INFO - Run parameters: {"adamw_betas": [0.9, 0.999], "adamw_eps": 1e-08, "amp": true, "batch_size": 128, "cam_cache_dir": "", "cam_layer": "auto", "cam_precompute_only": false, "cam_precompute_windows": false, "cutout_area": null, "cutout_m": 0, "cutout_mode": "none", "cutout_size": 0, "data_dir": "./data", "dataset": "malimg", "debug_cam_timing": false, "deterministic_train_transforms": true, "epochs": 100, "gamma": 0.1, "grayscale": false, "include_regex": "", "label_smoothing": 0.0, "log_every": 100, "lr": 0.1, "milestones": "60,80", "min_lr": 1e-05, "model": "resnet18", "momentum": 0.9, "nesterov": false, "num_workers": 4, "optimizer": "sgd", "out_dir": "runs/malimg/resnet18/43", "run_name": "resnet18_seed43_none", "saliency_candidate_percent": 10.0, "scheduler": "cosine", "seed": 43, "teacher_checkpoint": "", "teacher_model": "", "val_split": 0.1, "warmup_epochs": 5, "weight_decay": 0.0005}
2026-07-14 19:25:16 - __main__ - INFO - device: cuda | cuda: True | gpu: NVIDIA A100-SXM4-40GB
2026-07-14 19:26:40 - __main__ - INFO - Model: resnet18 | Dataset: malimg | Classes: 25 | Optimizer: sgd
2026-07-14 19:26:40 - __main__ - INFO - 
Epoch 1/100 | lr 0.000100
2026-07-14 19:26:53 - __main__ - INFO - Train: loss 2.7657 acc1 28.19%
2026-07-14 19:26:53 - __main__ - INFO - Val:   loss 2.2998 acc1 41.61%
2026-07-14 19:26:53 - __main__ - INFO - saved best: 41.61%
2026-07-14 19:26:53 - __main__ - INFO - 
Epoch 2/100 | lr 0.020080
2026-07-14 19:27:03 - __main__ - INFO - Train: loss 0.9320 acc1 78.31%
2026-07-14 19:27:03 - __main__ - INFO - Val:   loss 0.1989 acc1 94.65%
2026-07-14 19:27:03 - __main__ - INFO - saved best: 94.65%
2026-07-14 19:27:03 - __main__ - INFO - 
Epoch 3/100 | lr 0.040060
2026-07-14 19:27:14 - __main__ - INFO - Train: loss 0.1699 acc1 95.14%
2026-07-14 19:27:14 - __main__ - INFO - Val:   loss 0.2090 acc1 94.35%
2026-07-14 19:27:14 - __main__ - INFO - 
Epoch 4/100 | lr 0.060040
2026-07-14 19:27:24 - __main__ - INFO - Train: loss 0.1354 acc1 95.81%
2026-07-14 19:27:24 - __main__ - INFO - Val:   loss 0.1440 acc1 94.81%
2026-07-14 19:27:24 - __main__ - INFO - saved best: 94.81%
2026-07-14 19:27:24 - __main__ - INFO - 
Epoch 5/100 | lr 0.080020
2026-07-14 19:27:35 - __main__ - INFO - Train: loss 0.1105 acc1 96.79%
2026-07-14 19:27:35 - __main__ - INFO - Val:   loss 0.0980 acc1 96.82%
2026-07-14 19:27:35 - __main__ - INFO - saved best: 96.82%
2026-07-14 19:27:35 - __main__ - INFO - 
Epoch 6/100 | lr 0.100000
2026-07-14 19:27:45 - __main__ - INFO - Train: loss 0.1120 acc1 96.80%
2026-07-14 19:27:45 - __main__ - INFO - Val:   loss 0.0943 acc1 96.21%
2026-07-14 19:27:45 - __main__ - INFO - 
Epoch 7/100 | lr 0.099973
2026-07-14 19:27:56 - __main__ - INFO - Train: loss 0.1010 acc1 96.89%
2026-07-14 19:27:56 - __main__ - INFO - Val:   loss 0.1633 acc1 95.92%
2026-07-14 19:27:56 - __main__ - INFO - 
Epoch 8/100 | lr 0.099891
2026-07-14 19:28:06 - __main__ - INFO - Train: loss 0.0939 acc1 97.01%
2026-07-14 19:28:06 - __main__ - INFO - Val:   loss 0.1132 acc1 97.24%
2026-07-14 19:28:06 - __main__ - INFO - saved best: 97.24%
2026-07-14 19:28:06 - __main__ - INFO - 
Epoch 9/100 | lr 0.099754
2026-07-14 19:28:17 - __main__ - INFO - Train: loss 0.0734 acc1 97.71%
2026-07-14 19:28:17 - __main__ - INFO - Val:   loss 0.0822 acc1 97.69%
2026-07-14 19:28:17 - __main__ - INFO - saved best: 97.69%
2026-07-14 19:28:17 - __main__ - INFO - 
Epoch 10/100 | lr 0.099563
2026-07-14 19:28:27 - __main__ - INFO - Train: loss 0.0616 acc1 97.90%
2026-07-14 19:28:27 - __main__ - INFO - Val:   loss 0.0832 acc1 98.18%
2026-07-14 19:28:27 - __main__ - INFO - saved best: 98.18%
2026-07-14 19:28:27 - __main__ - INFO - 
Epoch 11/100 | lr 0.099318
2026-07-14 19:28:38 - __main__ - INFO - Train: loss 0.0551 acc1 98.26%
2026-07-14 19:28:38 - __main__ - INFO - Val:   loss 0.0901 acc1 98.05%
2026-07-14 19:28:38 - __main__ - INFO - 
Epoch 12/100 | lr 0.099019
2026-07-14 19:28:48 - __main__ - INFO - Train: loss 0.0529 acc1 98.33%
2026-07-14 19:28:48 - __main__ - INFO - Val:   loss 0.0665 acc1 98.09%
2026-07-14 19:28:48 - __main__ - INFO - 
Epoch 13/100 | lr 0.098666
2026-07-14 19:28:59 - __main__ - INFO - Train: loss 0.0499 acc1 98.45%
2026-07-14 19:28:59 - __main__ - INFO - Val:   loss 0.0590 acc1 98.25%
2026-07-14 19:28:59 - __main__ - INFO - saved best: 98.25%
2026-07-14 19:28:59 - __main__ - INFO - 
Epoch 14/100 | lr 0.098261
2026-07-14 19:29:09 - __main__ - INFO - Train: loss 0.0461 acc1 98.60%
2026-07-14 19:29:09 - __main__ - INFO - Val:   loss 0.0685 acc1 98.11%
2026-07-14 19:29:09 - __main__ - INFO - 
Epoch 15/100 | lr 0.097802
2026-07-14 19:29:19 - __main__ - INFO - Train: loss 0.0445 acc1 98.64%
2026-07-14 19:29:19 - __main__ - INFO - Val:   loss 0.0749 acc1 98.09%
2026-07-14 19:29:19 - __main__ - INFO - 
Epoch 16/100 | lr 0.097291
2026-07-14 19:29:30 - __main__ - INFO - Train: loss 0.0547 acc1 98.30%
2026-07-14 19:29:30 - __main__ - INFO - Val:   loss 0.0703 acc1 98.25%
2026-07-14 19:29:30 - __main__ - INFO - 
Epoch 17/100 | lr 0.096729
2026-07-14 19:29:40 - __main__ - INFO - Train: loss 0.0531 acc1 98.27%
2026-07-14 19:29:40 - __main__ - INFO - Val:   loss 0.0678 acc1 98.25%
2026-07-14 19:29:40 - __main__ - INFO - 
Epoch 18/100 | lr 0.096115
2026-07-14 19:29:51 - __main__ - INFO - Train: loss 0.0541 acc1 98.42%
2026-07-14 19:29:51 - __main__ - INFO - Val:   loss 0.0743 acc1 98.02%
2026-07-14 19:29:51 - __main__ - INFO - 
Epoch 19/100 | lr 0.095451
2026-07-14 19:30:01 - __main__ - INFO - Train: loss 0.0454 acc1 98.69%
2026-07-14 19:30:01 - __main__ - INFO - Val:   loss 0.0702 acc1 98.15%
2026-07-14 19:30:01 - __main__ - INFO - 
Epoch 20/100 | lr 0.094737
2026-07-14 19:30:12 - __main__ - INFO - Train: loss 0.0408 acc1 98.73%
2026-07-14 19:30:12 - __main__ - INFO - Val:   loss 0.0691 acc1 98.34%
2026-07-14 19:30:12 - __main__ - INFO - saved best: 98.34%
2026-07-14 19:30:12 - __main__ - INFO - 
Epoch 21/100 | lr 0.093974
2026-07-14 19:30:22 - __main__ - INFO - Train: loss 0.0398 acc1 98.76%
2026-07-14 19:30:22 - __main__ - INFO - Val:   loss 0.0765 acc1 98.05%
2026-07-14 19:30:22 - __main__ - INFO - 
Epoch 22/100 | lr 0.093164
2026-07-14 19:30:33 - __main__ - INFO - Train: loss 0.0404 acc1 98.85%
2026-07-14 19:30:33 - __main__ - INFO - Val:   loss 0.0688 acc1 98.25%
2026-07-14 19:30:33 - __main__ - INFO - 
Epoch 23/100 | lr 0.092306
2026-07-14 19:30:43 - __main__ - INFO - Train: loss 0.0384 acc1 98.87%
2026-07-14 19:30:43 - __main__ - INFO - Val:   loss 0.0679 acc1 98.25%
2026-07-14 19:30:43 - __main__ - INFO - 
Epoch 24/100 | lr 0.091401
2026-07-14 19:30:54 - __main__ - INFO - Train: loss 0.0363 acc1 98.89%
2026-07-14 19:30:54 - __main__ - INFO - Val:   loss 0.0748 acc1 98.15%
2026-07-14 19:30:54 - __main__ - INFO - 
Epoch 25/100 | lr 0.090452
2026-07-14 19:31:04 - __main__ - INFO - Train: loss 0.0367 acc1 98.89%
2026-07-14 19:31:04 - __main__ - INFO - Val:   loss 0.0728 acc1 98.25%
2026-07-14 19:31:04 - __main__ - INFO - 
Epoch 26/100 | lr 0.089458
2026-07-14 19:31:15 - __main__ - INFO - Train: loss 0.0389 acc1 98.86%
2026-07-14 19:31:15 - __main__ - INFO - Val:   loss 0.0776 acc1 98.15%
2026-07-14 19:31:15 - __main__ - INFO - 
Epoch 27/100 | lr 0.088421
2026-07-14 19:31:25 - __main__ - INFO - Train: loss 0.0506 acc1 98.51%
2026-07-14 19:31:25 - __main__ - INFO - Val:   loss 0.1629 acc1 96.16%
2026-07-14 19:31:25 - __main__ - INFO - 
Epoch 28/100 | lr 0.087342
2026-07-14 19:31:36 - __main__ - INFO - Train: loss 0.0748 acc1 97.71%
2026-07-14 19:31:36 - __main__ - INFO - Val:   loss 0.3166 acc1 91.28%
2026-07-14 19:31:36 - __main__ - INFO - 
Epoch 29/100 | lr 0.086223
2026-07-14 19:31:46 - __main__ - INFO - Train: loss 0.0694 acc1 98.03%
2026-07-14 19:31:46 - __main__ - INFO - Val:   loss 0.0924 acc1 97.73%
2026-07-14 19:31:46 - __main__ - INFO - 
Epoch 30/100 | lr 0.085063
2026-07-14 19:31:57 - __main__ - INFO - Train: loss 0.0553 acc1 98.40%
2026-07-14 19:31:57 - __main__ - INFO - Val:   loss 0.0757 acc1 98.21%
2026-07-14 19:31:57 - __main__ - INFO - 
Epoch 31/100 | lr 0.083866
2026-07-14 19:32:08 - __main__ - INFO - Train: loss 0.0507 acc1 98.38%
2026-07-14 19:32:08 - __main__ - INFO - Val:   loss 0.0784 acc1 97.99%
2026-07-14 19:32:08 - __main__ - INFO - 
Epoch 32/100 | lr 0.082631
2026-07-14 19:32:18 - __main__ - INFO - Train: loss 0.0519 acc1 98.56%
2026-07-14 19:32:18 - __main__ - INFO - Val:   loss 0.0746 acc1 98.15%
2026-07-14 19:32:18 - __main__ - INFO - 
Epoch 33/100 | lr 0.081361
2026-07-14 19:32:29 - __main__ - INFO - Train: loss 0.0404 acc1 98.81%
2026-07-14 19:32:29 - __main__ - INFO - Val:   loss 0.0685 acc1 98.34%
2026-07-14 19:32:29 - __main__ - INFO - 
Epoch 34/100 | lr 0.080056
2026-07-14 19:32:39 - __main__ - INFO - Train: loss 0.0385 acc1 98.86%
2026-07-14 19:32:39 - __main__ - INFO - Val:   loss 0.0813 acc1 98.15%
2026-07-14 19:32:39 - __main__ - INFO - 
Epoch 35/100 | lr 0.078719
2026-07-14 19:32:50 - __main__ - INFO - Train: loss 0.0369 acc1 98.86%
2026-07-14 19:32:50 - __main__ - INFO - Val:   loss 0.0688 acc1 98.09%
2026-07-14 19:32:50 - __main__ - INFO - 
Epoch 36/100 | lr 0.077350
2026-07-14 19:33:01 - __main__ - INFO - Train: loss 0.0379 acc1 98.82%
2026-07-14 19:33:01 - __main__ - INFO - Val:   loss 0.0650 acc1 97.83%
2026-07-14 19:33:01 - __main__ - INFO - 
Epoch 37/100 | lr 0.075951
2026-07-14 19:33:11 - __main__ - INFO - Train: loss 0.0369 acc1 98.89%
2026-07-14 19:33:11 - __main__ - INFO - Val:   loss 0.0763 acc1 98.15%
2026-07-14 19:33:11 - __main__ - INFO - 
Epoch 38/100 | lr 0.074524
2026-07-14 19:33:21 - __main__ - INFO - Train: loss 0.0379 acc1 98.89%
2026-07-14 19:33:21 - __main__ - INFO - Val:   loss 0.0736 acc1 98.15%
2026-07-14 19:33:21 - __main__ - INFO - 
Epoch 39/100 | lr 0.073070
2026-07-14 19:33:32 - __main__ - INFO - Train: loss 0.0366 acc1 98.87%
2026-07-14 19:33:32 - __main__ - INFO - Val:   loss 0.0696 acc1 98.18%
2026-07-14 19:33:32 - __main__ - INFO - 
Epoch 40/100 | lr 0.071591
2026-07-14 19:33:42 - __main__ - INFO - Train: loss 0.0377 acc1 98.84%
2026-07-14 19:33:42 - __main__ - INFO - Val:   loss 0.0766 acc1 98.15%
2026-07-14 19:33:42 - __main__ - INFO - 
Epoch 41/100 | lr 0.070088
2026-07-14 19:33:53 - __main__ - INFO - Train: loss 0.0374 acc1 98.89%
2026-07-14 19:33:53 - __main__ - INFO - Val:   loss 0.0686 acc1 98.25%
2026-07-14 19:33:53 - __main__ - INFO - 
Epoch 42/100 | lr 0.068563
2026-07-14 19:34:03 - __main__ - INFO - Train: loss 0.0384 acc1 98.85%
2026-07-14 19:34:03 - __main__ - INFO - Val:   loss 0.0795 acc1 98.25%
2026-07-14 19:34:03 - __main__ - INFO - 
Epoch 43/100 | lr 0.067018
2026-07-14 19:34:14 - __main__ - INFO - Train: loss 0.0372 acc1 98.87%
2026-07-14 19:34:14 - __main__ - INFO - Val:   loss 0.0822 acc1 98.15%
2026-07-14 19:34:14 - __main__ - INFO - 
Epoch 44/100 | lr 0.065454
2026-07-14 19:34:24 - __main__ - INFO - Train: loss 0.0372 acc1 98.89%
2026-07-14 19:34:24 - __main__ - INFO - Val:   loss 0.0807 acc1 98.34%
2026-07-14 19:34:24 - __main__ - INFO - 
Epoch 45/100 | lr 0.063874
2026-07-14 19:34:35 - __main__ - INFO - Train: loss 0.0362 acc1 98.89%
2026-07-14 19:34:35 - __main__ - INFO - Val:   loss 0.0709 acc1 98.25%
2026-07-14 19:34:35 - __main__ - INFO - 
Epoch 46/100 | lr 0.062278
2026-07-14 19:34:45 - __main__ - INFO - Train: loss 0.0377 acc1 98.89%
2026-07-14 19:34:45 - __main__ - INFO - Val:   loss 0.0728 acc1 98.15%
2026-07-14 19:34:45 - __main__ - INFO - 
Epoch 47/100 | lr 0.060669
2026-07-14 19:34:56 - __main__ - INFO - Train: loss 0.0365 acc1 98.89%
2026-07-14 19:34:56 - __main__ - INFO - Val:   loss 0.0733 acc1 98.15%
2026-07-14 19:34:56 - __main__ - INFO - 
Epoch 48/100 | lr 0.059048
2026-07-14 19:35:06 - __main__ - INFO - Train: loss 0.0366 acc1 98.85%
2026-07-14 19:35:06 - __main__ - INFO - Val:   loss 0.0779 acc1 98.15%
2026-07-14 19:35:06 - __main__ - INFO - 
Epoch 49/100 | lr 0.057417
2026-07-14 19:35:16 - __main__ - INFO - Train: loss 0.0366 acc1 98.89%
2026-07-14 19:35:16 - __main__ - INFO - Val:   loss 0.0787 acc1 98.25%
2026-07-14 19:35:16 - __main__ - INFO - 
Epoch 50/100 | lr 0.055779
2026-07-14 19:35:27 - __main__ - INFO - Train: loss 0.0366 acc1 98.89%
2026-07-14 19:35:27 - __main__ - INFO - Val:   loss 0.0743 acc1 98.25%
2026-07-14 19:35:27 - __main__ - INFO - 
Epoch 51/100 | lr 0.054134
2026-07-14 19:35:37 - __main__ - INFO - Train: loss 0.0373 acc1 98.85%
2026-07-14 19:35:37 - __main__ - INFO - Val:   loss 0.0744 acc1 98.15%
2026-07-14 19:35:37 - __main__ - INFO - 
Epoch 52/100 | lr 0.052484
2026-07-14 19:35:48 - __main__ - INFO - Train: loss 0.0368 acc1 98.89%
2026-07-14 19:35:48 - __main__ - INFO - Val:   loss 0.0748 acc1 98.25%
2026-07-14 19:35:48 - __main__ - INFO - 
Epoch 53/100 | lr 0.050832
2026-07-14 19:35:59 - __main__ - INFO - Train: loss 0.0375 acc1 98.89%
2026-07-14 19:35:59 - __main__ - INFO - Val:   loss 0.0733 acc1 98.34%
2026-07-14 19:35:59 - __main__ - INFO - 
Epoch 54/100 | lr 0.049178
2026-07-14 19:36:09 - __main__ - INFO - Train: loss 0.0375 acc1 98.82%
2026-07-14 19:36:09 - __main__ - INFO - Val:   loss 0.0718 acc1 98.25%
2026-07-14 19:36:09 - __main__ - INFO - 
Epoch 55/100 | lr 0.047526
2026-07-14 19:36:20 - __main__ - INFO - Train: loss 0.0370 acc1 98.85%
2026-07-14 19:36:20 - __main__ - INFO - Val:   loss 0.0779 acc1 98.25%
2026-07-14 19:36:20 - __main__ - INFO - 
Epoch 56/100 | lr 0.045876
2026-07-14 19:36:30 - __main__ - INFO - Train: loss 0.0373 acc1 98.89%
2026-07-14 19:36:30 - __main__ - INFO - Val:   loss 0.0757 acc1 98.25%
2026-07-14 19:36:30 - __main__ - INFO - 
Epoch 57/100 | lr 0.044231
2026-07-14 19:36:41 - __main__ - INFO - Train: loss 0.0375 acc1 98.85%
2026-07-14 19:36:41 - __main__ - INFO - Val:   loss 0.0754 acc1 98.25%
2026-07-14 19:36:41 - __main__ - INFO - 
Epoch 58/100 | lr 0.042593
2026-07-14 19:36:52 - __main__ - INFO - Train: loss 0.0387 acc1 98.85%
2026-07-14 19:36:52 - __main__ - INFO - Val:   loss 0.0884 acc1 97.92%
2026-07-14 19:36:52 - __main__ - INFO - 
Epoch 59/100 | lr 0.040962
2026-07-14 19:37:02 - __main__ - INFO - Train: loss 0.0366 acc1 98.89%
2026-07-14 19:37:02 - __main__ - INFO - Val:   loss 0.0742 acc1 98.15%
2026-07-14 19:37:02 - __main__ - INFO - 
Epoch 60/100 | lr 0.039341
2026-07-14 19:37:13 - __main__ - INFO - Train: loss 0.0374 acc1 98.85%
2026-07-14 19:37:13 - __main__ - INFO - Val:   loss 0.0719 acc1 98.25%
2026-07-14 19:37:13 - __main__ - INFO - 
Epoch 61/100 | lr 0.037732
2026-07-14 19:37:23 - __main__ - INFO - Train: loss 0.0362 acc1 98.85%
2026-07-14 19:37:23 - __main__ - INFO - Val:   loss 0.0707 acc1 98.25%
2026-07-14 19:37:23 - __main__ - INFO - 
Epoch 62/100 | lr 0.036136
2026-07-14 19:37:34 - __main__ - INFO - Train: loss 0.0328 acc1 98.89%
2026-07-14 19:37:34 - __main__ - INFO - Val:   loss 0.0773 acc1 98.25%
2026-07-14 19:37:34 - __main__ - INFO - 
Epoch 63/100 | lr 0.034556
2026-07-14 19:37:44 - __main__ - INFO - Train: loss 0.0401 acc1 98.89%
2026-07-14 19:37:44 - __main__ - INFO - Val:   loss 0.0711 acc1 98.15%
2026-07-14 19:37:44 - __main__ - INFO - 
Epoch 64/100 | lr 0.032992
2026-07-14 19:37:55 - __main__ - INFO - Train: loss 0.0377 acc1 98.89%
2026-07-14 19:37:55 - __main__ - INFO - Val:   loss 0.0689 acc1 98.15%
2026-07-14 19:37:55 - __main__ - INFO - 
Epoch 65/100 | lr 0.031447
2026-07-14 19:38:05 - __main__ - INFO - Train: loss 0.0377 acc1 98.85%
2026-07-14 19:38:05 - __main__ - INFO - Val:   loss 0.0793 acc1 98.25%
2026-07-14 19:38:05 - __main__ - INFO - 
Epoch 66/100 | lr 0.029922
2026-07-14 19:38:16 - __main__ - INFO - Train: loss 0.0379 acc1 98.82%
2026-07-14 19:38:16 - __main__ - INFO - Val:   loss 0.0760 acc1 98.25%
2026-07-14 19:38:16 - __main__ - INFO - 
Epoch 67/100 | lr 0.028419
2026-07-14 19:38:26 - __main__ - INFO - Train: loss 0.0367 acc1 98.89%
2026-07-14 19:38:26 - __main__ - INFO - Val:   loss 0.0744 acc1 98.25%
2026-07-14 19:38:26 - __main__ - INFO - 
Epoch 68/100 | lr 0.026940
2026-07-14 19:38:37 - __main__ - INFO - Train: loss 0.0373 acc1 98.85%
2026-07-14 19:38:37 - __main__ - INFO - Val:   loss 0.0721 acc1 98.15%
2026-07-14 19:38:37 - __main__ - INFO - 
Epoch 69/100 | lr 0.025486
2026-07-14 19:38:47 - __main__ - INFO - Train: loss 0.0359 acc1 98.89%
2026-07-14 19:38:47 - __main__ - INFO - Val:   loss 0.0731 acc1 98.15%
2026-07-14 19:38:47 - __main__ - INFO - 
Epoch 70/100 | lr 0.024059
2026-07-14 19:38:58 - __main__ - INFO - Train: loss 0.0365 acc1 98.85%
2026-07-14 19:38:58 - __main__ - INFO - Val:   loss 0.0743 acc1 98.15%
2026-07-14 19:38:58 - __main__ - INFO - 
Epoch 71/100 | lr 0.022660
2026-07-14 19:39:08 - __main__ - INFO - Train: loss 0.0356 acc1 98.89%
2026-07-14 19:39:08 - __main__ - INFO - Val:   loss 0.0760 acc1 98.15%
2026-07-14 19:39:08 - __main__ - INFO - 
Epoch 72/100 | lr 0.021291
2026-07-14 19:39:19 - __main__ - INFO - Train: loss 0.0427 acc1 98.68%
2026-07-14 19:39:19 - __main__ - INFO - Val:   loss 0.0660 acc1 98.44%
2026-07-14 19:39:19 - __main__ - INFO - saved best: 98.44%
2026-07-14 19:39:19 - __main__ - INFO - 
Epoch 73/100 | lr 0.019954
2026-07-14 19:39:29 - __main__ - INFO - Train: loss 0.0400 acc1 98.75%
2026-07-14 19:39:29 - __main__ - INFO - Val:   loss 0.0664 acc1 98.25%
2026-07-14 19:39:29 - __main__ - INFO - 
Epoch 74/100 | lr 0.018649
2026-07-14 19:39:40 - __main__ - INFO - Train: loss 0.0370 acc1 98.83%
2026-07-14 19:39:40 - __main__ - INFO - Val:   loss 0.0689 acc1 98.25%
2026-07-14 19:39:40 - __main__ - INFO - 
Epoch 75/100 | lr 0.017379
2026-07-14 19:39:50 - __main__ - INFO - Train: loss 0.0372 acc1 98.89%
2026-07-14 19:39:50 - __main__ - INFO - Val:   loss 0.0698 acc1 98.15%
2026-07-14 19:39:50 - __main__ - INFO - 
Epoch 76/100 | lr 0.016144
2026-07-14 19:40:01 - __main__ - INFO - Train: loss 0.0356 acc1 98.89%
2026-07-14 19:40:01 - __main__ - INFO - Val:   loss 0.0779 acc1 98.15%
2026-07-14 19:40:01 - __main__ - INFO - 
Epoch 77/100 | lr 0.014947
2026-07-14 19:40:11 - __main__ - INFO - Train: loss 0.0307 acc1 98.89%
2026-07-14 19:40:11 - __main__ - INFO - Val:   loss 0.0705 acc1 98.15%
2026-07-14 19:40:11 - __main__ - INFO - 
Epoch 78/100 | lr 0.013787
2026-07-14 19:40:22 - __main__ - INFO - Train: loss 0.0357 acc1 98.89%
2026-07-14 19:40:22 - __main__ - INFO - Val:   loss 0.0681 acc1 98.15%
2026-07-14 19:40:22 - __main__ - INFO - 
Epoch 79/100 | lr 0.012668
2026-07-14 19:40:33 - __main__ - INFO - Train: loss 0.0280 acc1 98.99%
2026-07-14 19:40:33 - __main__ - INFO - Val:   loss 0.0494 acc1 99.13%
2026-07-14 19:40:33 - __main__ - INFO - saved best: 99.13%
2026-07-14 19:40:33 - __main__ - INFO - 
Epoch 80/100 | lr 0.011589
2026-07-14 19:40:43 - __main__ - INFO - Train: loss 0.0079 acc1 99.99%
2026-07-14 19:40:43 - __main__ - INFO - Val:   loss 0.0412 acc1 99.13%
2026-07-14 19:40:43 - __main__ - INFO - 
Epoch 81/100 | lr 0.010552
2026-07-14 19:40:53 - __main__ - INFO - Train: loss 0.0353 acc1 99.20%
2026-07-14 19:40:53 - __main__ - INFO - Val:   loss 0.0842 acc1 98.25%
2026-07-14 19:40:53 - __main__ - INFO - 
Epoch 82/100 | lr 0.009558
2026-07-14 19:41:04 - __main__ - INFO - Train: loss 0.0398 acc1 98.79%
2026-07-14 19:41:04 - __main__ - INFO - Val:   loss 0.0865 acc1 97.99%
2026-07-14 19:41:04 - __main__ - INFO - 
Epoch 83/100 | lr 0.008609
2026-07-14 19:41:15 - __main__ - INFO - Train: loss 0.0381 acc1 98.84%
2026-07-14 19:41:15 - __main__ - INFO - Val:   loss 0.0805 acc1 98.15%
2026-07-14 19:41:15 - __main__ - INFO - 
Epoch 84/100 | lr 0.007704
2026-07-14 19:41:25 - __main__ - INFO - Train: loss 0.0378 acc1 98.89%
2026-07-14 19:41:25 - __main__ - INFO - Val:   loss 0.0812 acc1 97.99%
2026-07-14 19:41:25 - __main__ - INFO - 
Epoch 85/100 | lr 0.006846
2026-07-14 19:41:36 - __main__ - INFO - Train: loss 0.0376 acc1 98.85%
2026-07-14 19:41:36 - __main__ - INFO - Val:   loss 0.0786 acc1 98.15%
2026-07-14 19:41:36 - __main__ - INFO - 
Epoch 86/100 | lr 0.006036
2026-07-14 19:41:46 - __main__ - INFO - Train: loss 0.0360 acc1 98.89%
2026-07-14 19:41:46 - __main__ - INFO - Val:   loss 0.0788 acc1 98.15%
2026-07-14 19:41:46 - __main__ - INFO - 
Epoch 87/100 | lr 0.005273
2026-07-14 19:41:56 - __main__ - INFO - Train: loss 0.0359 acc1 98.89%
2026-07-14 19:41:56 - __main__ - INFO - Val:   loss 0.0783 acc1 98.25%
2026-07-14 19:41:56 - __main__ - INFO - 
Epoch 88/100 | lr 0.004559
2026-07-14 19:42:07 - __main__ - INFO - Train: loss 0.0376 acc1 98.82%
2026-07-14 19:42:07 - __main__ - INFO - Val:   loss 0.0775 acc1 98.15%
2026-07-14 19:42:07 - __main__ - INFO - 
Epoch 89/100 | lr 0.003895
2026-07-14 19:42:18 - __main__ - INFO - Train: loss 0.0361 acc1 98.89%
2026-07-14 19:42:18 - __main__ - INFO - Val:   loss 0.0816 acc1 98.15%
2026-07-14 19:42:18 - __main__ - INFO - 
Epoch 90/100 | lr 0.003281
2026-07-14 19:42:28 - __main__ - INFO - Train: loss 0.0371 acc1 98.85%
2026-07-14 19:42:28 - __main__ - INFO - Val:   loss 0.0780 acc1 98.25%
2026-07-14 19:42:28 - __main__ - INFO - 
Epoch 91/100 | lr 0.002719
2026-07-14 19:42:39 - __main__ - INFO - Train: loss 0.0352 acc1 98.89%
2026-07-14 19:42:39 - __main__ - INFO - Val:   loss 0.0787 acc1 98.15%
2026-07-14 19:42:39 - __main__ - INFO - 
Epoch 92/100 | lr 0.002208
2026-07-14 19:42:49 - __main__ - INFO - Train: loss 0.0377 acc1 98.82%
2026-07-14 19:42:49 - __main__ - INFO - Val:   loss 0.0797 acc1 98.15%
2026-07-14 19:42:49 - __main__ - INFO - 
Epoch 93/100 | lr 0.001749
2026-07-14 19:43:00 - __main__ - INFO - Train: loss 0.0366 acc1 98.85%
2026-07-14 19:43:00 - __main__ - INFO - Val:   loss 0.0778 acc1 98.25%
2026-07-14 19:43:00 - __main__ - INFO - 
Epoch 94/100 | lr 0.001344
2026-07-14 19:43:10 - __main__ - INFO - Train: loss 0.0365 acc1 98.85%
2026-07-14 19:43:10 - __main__ - INFO - Val:   loss 0.0786 acc1 98.15%
2026-07-14 19:43:10 - __main__ - INFO - 
Epoch 95/100 | lr 0.000991
2026-07-14 19:43:20 - __main__ - INFO - Train: loss 0.0368 acc1 98.82%
2026-07-14 19:43:20 - __main__ - INFO - Val:   loss 0.0769 acc1 98.15%
2026-07-14 19:43:20 - __main__ - INFO - 
Epoch 96/100 | lr 0.000692
2026-07-14 19:43:31 - __main__ - INFO - Train: loss 0.0356 acc1 98.89%
2026-07-14 19:43:31 - __main__ - INFO - Val:   loss 0.0777 acc1 98.15%
2026-07-14 19:43:31 - __main__ - INFO - 
Epoch 97/100 | lr 0.000447
2026-07-14 19:43:42 - __main__ - INFO - Train: loss 0.0366 acc1 98.82%
2026-07-14 19:43:42 - __main__ - INFO - Val:   loss 0.0775 acc1 98.15%
2026-07-14 19:43:42 - __main__ - INFO - 
Epoch 98/100 | lr 0.000256
2026-07-14 19:43:52 - __main__ - INFO - Train: loss 0.0366 acc1 98.82%
2026-07-14 19:43:52 - __main__ - INFO - Val:   loss 0.0787 acc1 98.15%
2026-07-14 19:43:52 - __main__ - INFO - 
Epoch 99/100 | lr 0.000119
2026-07-14 19:44:03 - __main__ - INFO - Train: loss 0.0366 acc1 98.85%
2026-07-14 19:44:03 - __main__ - INFO - Val:   loss 0.0786 acc1 98.15%
2026-07-14 19:44:03 - __main__ - INFO - 
Epoch 100/100 | lr 0.000037
2026-07-14 19:44:14 - __main__ - INFO - Train: loss 0.0362 acc1 98.89%
2026-07-14 19:44:14 - __main__ - INFO - Val:   loss 0.0769 acc1 98.15%
2026-07-14 19:44:14 - __main__ - INFO - Loaded best checkpoint weights for final test evaluation.
2026-07-14 19:44:15 - __main__ - INFO - 
Best tracked (val): 99.13%
2026-07-14 19:44:15 - __main__ - INFO - Final test: loss 0.0386 acc1 99.14%
2026-07-14 19:44:16 - __main__ - INFO - Saved best model checkpoint to runs/malimg/resnet18/43/resnet18_seed43_none/best_model.pt
