2026-02-27 19:41:51 - __main__ - INFO - Run parameters: {"amp": true, "batch_size": 256, "cam_layer": "layer4", "data_dir": "./data", "dataset": "cifar100", "epochs": 80, "gamma": 0.1, "label_smoothing": 0.05, "log_every": 1000, "lr": 0.15, "mask_area": 0.2, "mask_block": 8, "mask_prob": 0.75, "mask_warmup_epochs": 15, "masking": "none", "milestones": "60,80", "min_lr": 5e-05, "model": "resnet18", "momentum": 0.9, "nesterov": true, "num_workers": 4, "out_dir": "run_results/quick_run", "run_name": "baseline", "scheduler": "cosine", "seed": 42, "val_split": 0.1, "warmup_epochs": 5, "weight_decay": 0.0005}
2026-02-27 19:41:51 - __main__ - INFO - device: cuda | cuda: True | gpu: NVIDIA L4
2026-02-27 19:42:00 - __main__ - INFO - Model: resnet18 | Dataset: cifar100 | Classes: 100
2026-02-27 19:42:00 - __main__ - INFO - 
Epoch 1/80 | lr 0.000150
2026-02-27 19:42:12 - __main__ - INFO - Train: loss 4.6554 acc1 1.24% acc5 5.93%
2026-02-27 19:42:12 - __main__ - INFO - Val:   loss 4.6001 acc1 1.85% acc5 7.16%
2026-02-27 19:42:12 - __main__ - INFO - saved best: 1.85%
2026-02-27 19:42:12 - __main__ - INFO - 
Epoch 2/80 | lr 0.030120
2026-02-27 19:42:21 - __main__ - INFO - Train: loss 3.8355 acc1 12.60% acc5 34.62%
2026-02-27 19:42:21 - __main__ - INFO - Val:   loss 3.6319 acc1 17.71% acc5 44.15%
2026-02-27 19:42:21 - __main__ - INFO - saved best: 17.71%
2026-02-27 19:42:21 - __main__ - INFO - 
Epoch 3/80 | lr 0.060090
2026-02-27 19:42:30 - __main__ - INFO - Train: loss 3.2325 acc1 23.95% acc5 53.79%
2026-02-27 19:42:30 - __main__ - INFO - Val:   loss 3.1779 acc1 26.60% acc5 57.70%
2026-02-27 19:42:30 - __main__ - INFO - saved best: 26.60%
2026-02-27 19:42:30 - __main__ - INFO - 
Epoch 4/80 | lr 0.090060
2026-02-27 19:42:40 - __main__ - INFO - Train: loss 2.7788 acc1 33.86% acc5 66.35%
2026-02-27 19:42:40 - __main__ - INFO - Val:   loss 2.7597 acc1 36.24% acc5 67.83%
2026-02-27 19:42:40 - __main__ - INFO - saved best: 36.24%
2026-02-27 19:42:40 - __main__ - INFO - 
Epoch 5/80 | lr 0.120030
2026-02-27 19:42:49 - __main__ - INFO - Train: loss 2.4379 acc1 41.52% acc5 74.76%
2026-02-27 19:42:49 - __main__ - INFO - Val:   loss 2.6134 acc1 38.64% acc5 71.51%
2026-02-27 19:42:49 - __main__ - INFO - saved best: 38.64%
2026-02-27 19:42:49 - __main__ - INFO - 
Epoch 6/80 | lr 0.150000
2026-02-27 19:42:58 - __main__ - INFO - Train: loss 2.2075 acc1 47.72% acc5 79.74%
2026-02-27 19:42:58 - __main__ - INFO - Val:   loss 2.4448 acc1 42.35% acc5 75.50%
2026-02-27 19:42:58 - __main__ - INFO - saved best: 42.35%
2026-02-27 19:42:58 - __main__ - INFO - 
Epoch 7/80 | lr 0.149934
2026-02-27 19:43:08 - __main__ - INFO - Train: loss 1.9862 acc1 54.05% acc5 83.76%
2026-02-27 19:43:08 - __main__ - INFO - Val:   loss 2.5425 acc1 40.40% acc5 72.42%
2026-02-27 19:43:08 - __main__ - INFO - 
Epoch 8/80 | lr 0.149737
2026-02-27 19:43:17 - __main__ - INFO - Train: loss 1.8554 acc1 57.22% acc5 86.30%
2026-02-27 19:43:17 - __main__ - INFO - Val:   loss 2.1461 acc1 50.72% acc5 80.65%
2026-02-27 19:43:17 - __main__ - INFO - saved best: 50.72%
2026-02-27 19:43:17 - __main__ - INFO - 
Epoch 9/80 | lr 0.149409
2026-02-27 19:43:27 - __main__ - INFO - Train: loss 1.7561 acc1 60.21% acc5 88.02%
2026-02-27 19:43:27 - __main__ - INFO - Val:   loss 2.0427 acc1 52.20% acc5 83.31%
2026-02-27 19:43:27 - __main__ - INFO - saved best: 52.20%
2026-02-27 19:43:27 - __main__ - INFO - 
Epoch 10/80 | lr 0.148950
2026-02-27 19:43:36 - __main__ - INFO - Train: loss 1.6608 acc1 63.08% acc5 89.50%
2026-02-27 19:43:36 - __main__ - INFO - Val:   loss 1.9484 acc1 54.20% acc5 84.59%
2026-02-27 19:43:36 - __main__ - INFO - saved best: 54.20%
2026-02-27 19:43:36 - __main__ - INFO - 
Epoch 11/80 | lr 0.148362
2026-02-27 19:43:46 - __main__ - INFO - Train: loss 1.6026 acc1 64.44% acc5 90.53%
2026-02-27 19:43:46 - __main__ - INFO - Val:   loss 2.0729 acc1 52.24% acc5 83.05%
2026-02-27 19:43:46 - __main__ - INFO - 
Epoch 12/80 | lr 0.147645
2026-02-27 19:43:55 - __main__ - INFO - Train: loss 1.5514 acc1 65.73% acc5 91.22%
2026-02-27 19:43:55 - __main__ - INFO - Val:   loss 2.0167 acc1 54.05% acc5 82.58%
2026-02-27 19:43:55 - __main__ - INFO - 
Epoch 13/80 | lr 0.146800
2026-02-27 19:44:05 - __main__ - INFO - Train: loss 1.5008 acc1 67.25% acc5 91.99%
2026-02-27 19:44:05 - __main__ - INFO - Val:   loss 2.2699 acc1 48.18% acc5 78.49%
2026-02-27 19:44:05 - __main__ - INFO - 
Epoch 14/80 | lr 0.145830
2026-02-27 19:44:14 - __main__ - INFO - Train: loss 1.4686 acc1 68.22% acc5 92.48%
2026-02-27 19:44:14 - __main__ - INFO - Val:   loss 1.8698 acc1 57.22% acc5 85.43%
2026-02-27 19:44:14 - __main__ - INFO - saved best: 57.22%
2026-02-27 19:44:14 - __main__ - INFO - 
Epoch 15/80 | lr 0.144735
2026-02-27 19:44:24 - __main__ - INFO - Train: loss 1.4299 acc1 69.63% acc5 92.96%
2026-02-27 19:44:24 - __main__ - INFO - Val:   loss 1.9431 acc1 56.32% acc5 84.37%
2026-02-27 19:44:24 - __main__ - INFO - 
Epoch 16/80 | lr 0.143518
2026-02-27 19:44:33 - __main__ - INFO - Train: loss 1.4009 acc1 70.40% acc5 93.26%
2026-02-27 19:44:33 - __main__ - INFO - Val:   loss 1.8899 acc1 56.74% acc5 85.65%
2026-02-27 19:44:33 - __main__ - INFO - 
Epoch 17/80 | lr 0.142181
2026-02-27 19:44:42 - __main__ - INFO - Train: loss 1.3704 acc1 71.46% acc5 93.83%
2026-02-27 19:44:42 - __main__ - INFO - Val:   loss 1.8725 acc1 57.45% acc5 85.63%
2026-02-27 19:44:42 - __main__ - INFO - saved best: 57.45%
2026-02-27 19:44:42 - __main__ - INFO - 
Epoch 18/80 | lr 0.140726
2026-02-27 19:44:52 - __main__ - INFO - Train: loss 1.3431 acc1 72.04% acc5 94.23%
2026-02-27 19:44:52 - __main__ - INFO - Val:   loss 1.9579 acc1 55.48% acc5 83.80%
2026-02-27 19:44:52 - __main__ - INFO - 
Epoch 19/80 | lr 0.139156
2026-02-27 19:45:01 - __main__ - INFO - Train: loss 1.3143 acc1 73.26% acc5 94.41%
2026-02-27 19:45:01 - __main__ - INFO - Val:   loss 1.8942 acc1 57.09% acc5 85.41%
2026-02-27 19:45:01 - __main__ - INFO - 
Epoch 20/80 | lr 0.137473
2026-02-27 19:45:11 - __main__ - INFO - Train: loss 1.2867 acc1 73.89% acc5 94.90%
2026-02-27 19:45:11 - __main__ - INFO - Val:   loss 1.9572 acc1 56.07% acc5 84.68%
2026-02-27 19:45:11 - __main__ - INFO - 
Epoch 21/80 | lr 0.135681
2026-02-27 19:45:20 - __main__ - INFO - Train: loss 1.2609 acc1 74.79% acc5 95.09%
2026-02-27 19:45:20 - __main__ - INFO - Val:   loss 1.9764 acc1 56.32% acc5 83.77%
2026-02-27 19:45:20 - __main__ - INFO - 
Epoch 22/80 | lr 0.133782
2026-02-27 19:45:30 - __main__ - INFO - Train: loss 1.2394 acc1 75.32% acc5 95.48%
2026-02-27 19:45:30 - __main__ - INFO - Val:   loss 1.8483 acc1 59.83% acc5 86.40%
2026-02-27 19:45:30 - __main__ - INFO - saved best: 59.83%
2026-02-27 19:45:30 - __main__ - INFO - 
Epoch 23/80 | lr 0.131781
2026-02-27 19:45:39 - __main__ - INFO - Train: loss 1.2146 acc1 76.34% acc5 95.76%
2026-02-27 19:45:39 - __main__ - INFO - Val:   loss 1.8404 acc1 59.94% acc5 86.50%
2026-02-27 19:45:39 - __main__ - INFO - saved best: 59.94%
2026-02-27 19:45:39 - __main__ - INFO - 
Epoch 24/80 | lr 0.129679
2026-02-27 19:45:49 - __main__ - INFO - Train: loss 1.1938 acc1 76.84% acc5 95.98%
2026-02-27 19:45:49 - __main__ - INFO - Val:   loss 1.8214 acc1 59.50% acc5 85.67%
2026-02-27 19:45:49 - __main__ - INFO - 
Epoch 25/80 | lr 0.127482
2026-02-27 19:45:58 - __main__ - INFO - Train: loss 1.1718 acc1 77.58% acc5 96.29%
2026-02-27 19:45:58 - __main__ - INFO - Val:   loss 1.9490 acc1 56.34% acc5 84.02%
2026-02-27 19:45:58 - __main__ - INFO - 
Epoch 26/80 | lr 0.125193
2026-02-27 19:46:08 - __main__ - INFO - Train: loss 1.1416 acc1 78.54% acc5 96.69%
2026-02-27 19:46:08 - __main__ - INFO - Val:   loss 1.8534 acc1 59.16% acc5 86.39%
2026-02-27 19:46:08 - __main__ - INFO - 
Epoch 27/80 | lr 0.122816
2026-02-27 19:46:17 - __main__ - INFO - Train: loss 1.1239 acc1 79.18% acc5 96.80%
2026-02-27 19:46:17 - __main__ - INFO - Val:   loss 1.7546 acc1 62.12% acc5 87.60%
2026-02-27 19:46:17 - __main__ - INFO - saved best: 62.12%
2026-02-27 19:46:17 - __main__ - INFO - 
Epoch 28/80 | lr 0.120355
2026-02-27 19:46:27 - __main__ - INFO - Train: loss 1.1082 acc1 79.35% acc5 97.08%
2026-02-27 19:46:27 - __main__ - INFO - Val:   loss 1.8970 acc1 58.14% acc5 85.27%
2026-02-27 19:46:27 - __main__ - INFO - 
Epoch 29/80 | lr 0.117814
2026-02-27 19:46:36 - __main__ - INFO - Train: loss 1.1018 acc1 79.48% acc5 97.04%
2026-02-27 19:46:36 - __main__ - INFO - Val:   loss 1.8130 acc1 60.25% acc5 86.13%
2026-02-27 19:46:36 - __main__ - INFO - 
Epoch 30/80 | lr 0.115199
2026-02-27 19:46:46 - __main__ - INFO - Train: loss 1.0630 acc1 80.96% acc5 97.40%
2026-02-27 19:46:46 - __main__ - INFO - Val:   loss 1.8915 acc1 59.26% acc5 84.73%
2026-02-27 19:46:46 - __main__ - INFO - 
Epoch 31/80 | lr 0.112513
2026-02-27 19:46:55 - __main__ - INFO - Train: loss 1.0445 acc1 81.66% acc5 97.69%
2026-02-27 19:46:55 - __main__ - INFO - Val:   loss 1.7514 acc1 62.84% acc5 87.34%
2026-02-27 19:46:55 - __main__ - INFO - saved best: 62.84%
2026-02-27 19:46:55 - __main__ - INFO - 
Epoch 32/80 | lr 0.109761
2026-02-27 19:47:05 - __main__ - INFO - Train: loss 1.0285 acc1 82.04% acc5 97.93%
2026-02-27 19:47:05 - __main__ - INFO - Val:   loss 1.9669 acc1 57.81% acc5 83.79%
2026-02-27 19:47:05 - __main__ - INFO - 
Epoch 33/80 | lr 0.106948
2026-02-27 19:47:14 - __main__ - INFO - Train: loss 0.9997 acc1 82.90% acc5 98.10%
2026-02-27 19:47:14 - __main__ - INFO - Val:   loss 1.7887 acc1 62.02% acc5 87.86%
2026-02-27 19:47:14 - __main__ - INFO - 
Epoch 34/80 | lr 0.104079
2026-02-27 19:47:24 - __main__ - INFO - Train: loss 0.9685 acc1 84.09% acc5 98.32%
2026-02-27 19:47:24 - __main__ - INFO - Val:   loss 1.8087 acc1 61.66% acc5 86.66%
2026-02-27 19:47:24 - __main__ - INFO - 
Epoch 35/80 | lr 0.101159
2026-02-27 19:47:33 - __main__ - INFO - Train: loss 0.9515 acc1 84.75% acc5 98.45%
2026-02-27 19:47:33 - __main__ - INFO - Val:   loss 1.7280 acc1 62.99% acc5 88.49%
2026-02-27 19:47:33 - __main__ - INFO - saved best: 62.99%
2026-02-27 19:47:33 - __main__ - INFO - 
Epoch 36/80 | lr 0.098194
2026-02-27 19:47:43 - __main__ - INFO - Train: loss 0.9238 acc1 85.62% acc5 98.67%
2026-02-27 19:47:43 - __main__ - INFO - Val:   loss 1.8358 acc1 62.01% acc5 86.77%
2026-02-27 19:47:43 - __main__ - INFO - 
Epoch 37/80 | lr 0.095187
2026-02-27 19:47:52 - __main__ - INFO - Train: loss 0.9130 acc1 86.13% acc5 98.83%
2026-02-27 19:47:52 - __main__ - INFO - Val:   loss 1.7151 acc1 64.55% acc5 88.89%
2026-02-27 19:47:52 - __main__ - INFO - saved best: 64.55%
2026-02-27 19:47:52 - __main__ - INFO - 
Epoch 38/80 | lr 0.092146
2026-02-27 19:48:02 - __main__ - INFO - Train: loss 0.8885 acc1 86.89% acc5 99.00%
2026-02-27 19:48:02 - __main__ - INFO - Val:   loss 1.6911 acc1 65.25% acc5 88.57%
2026-02-27 19:48:02 - __main__ - INFO - saved best: 65.25%
2026-02-27 19:48:02 - __main__ - INFO - 
Epoch 39/80 | lr 0.089074
2026-02-27 19:48:11 - __main__ - INFO - Train: loss 0.8687 acc1 87.68% acc5 99.00%
2026-02-27 19:48:11 - __main__ - INFO - Val:   loss 1.8009 acc1 63.09% acc5 87.11%
2026-02-27 19:48:11 - __main__ - INFO - 
Epoch 40/80 | lr 0.085978
2026-02-27 19:48:21 - __main__ - INFO - Train: loss 0.8509 acc1 88.13% acc5 99.25%
2026-02-27 19:48:21 - __main__ - INFO - Val:   loss 1.7171 acc1 64.63% acc5 88.31%
2026-02-27 19:48:21 - __main__ - INFO - 
Epoch 41/80 | lr 0.082862
2026-02-27 19:48:31 - __main__ - INFO - Train: loss 0.8298 acc1 88.97% acc5 99.33%
2026-02-27 19:48:31 - __main__ - INFO - Val:   loss 1.7102 acc1 64.55% acc5 88.77%
2026-02-27 19:48:31 - __main__ - INFO - 
Epoch 42/80 | lr 0.079733
2026-02-27 19:48:40 - __main__ - INFO - Train: loss 0.7962 acc1 90.05% acc5 99.48%
2026-02-27 19:48:40 - __main__ - INFO - Val:   loss 1.7557 acc1 63.20% acc5 87.88%
2026-02-27 19:48:40 - __main__ - INFO - 
Epoch 43/80 | lr 0.076595
2026-02-27 19:48:50 - __main__ - INFO - Train: loss 0.7702 acc1 91.09% acc5 99.58%
2026-02-27 19:48:50 - __main__ - INFO - Val:   loss 1.7145 acc1 65.57% acc5 87.97%
2026-02-27 19:48:50 - __main__ - INFO - saved best: 65.57%
2026-02-27 19:48:50 - __main__ - INFO - 
Epoch 44/80 | lr 0.073455
2026-02-27 19:48:59 - __main__ - INFO - Train: loss 0.7486 acc1 91.71% acc5 99.66%
2026-02-27 19:48:59 - __main__ - INFO - Val:   loss 1.7152 acc1 64.83% acc5 88.01%
2026-02-27 19:48:59 - __main__ - INFO - 
Epoch 45/80 | lr 0.070317
2026-02-27 19:49:09 - __main__ - INFO - Train: loss 0.7325 acc1 92.40% acc5 99.71%
2026-02-27 19:49:09 - __main__ - INFO - Val:   loss 1.6316 acc1 66.39% acc5 89.23%
2026-02-27 19:49:09 - __main__ - INFO - saved best: 66.39%
2026-02-27 19:49:09 - __main__ - INFO - 
Epoch 46/80 | lr 0.067188
2026-02-27 19:49:19 - __main__ - INFO - Train: loss 0.7051 acc1 93.39% acc5 99.81%
2026-02-27 19:49:19 - __main__ - INFO - Val:   loss 1.5993 acc1 67.77% acc5 89.96%
2026-02-27 19:49:19 - __main__ - INFO - saved best: 67.77%
2026-02-27 19:49:19 - __main__ - INFO - 
Epoch 47/80 | lr 0.064072
2026-02-27 19:49:28 - __main__ - INFO - Train: loss 0.6842 acc1 94.11% acc5 99.85%
2026-02-27 19:49:28 - __main__ - INFO - Val:   loss 1.7360 acc1 64.22% acc5 87.77%
2026-02-27 19:49:28 - __main__ - INFO - 
Epoch 48/80 | lr 0.060976
2026-02-27 19:49:38 - __main__ - INFO - Train: loss 0.6612 acc1 94.96% acc5 99.89%
2026-02-27 19:49:38 - __main__ - INFO - Val:   loss 1.5580 acc1 69.25% acc5 90.46%
2026-02-27 19:49:38 - __main__ - INFO - saved best: 69.25%
2026-02-27 19:49:38 - __main__ - INFO - 
Epoch 49/80 | lr 0.057904
2026-02-27 19:49:47 - __main__ - INFO - Train: loss 0.6413 acc1 95.56% acc5 99.92%
2026-02-27 19:49:47 - __main__ - INFO - Val:   loss 1.6541 acc1 66.47% acc5 89.39%
2026-02-27 19:49:47 - __main__ - INFO - 
Epoch 50/80 | lr 0.054863
2026-02-27 19:49:57 - __main__ - INFO - Train: loss 0.6122 acc1 96.54% acc5 99.96%
2026-02-27 19:49:57 - __main__ - INFO - Val:   loss 1.5463 acc1 69.75% acc5 90.47%
2026-02-27 19:49:57 - __main__ - INFO - saved best: 69.75%
2026-02-27 19:49:57 - __main__ - INFO - 
Epoch 51/80 | lr 0.051856
2026-02-27 19:50:06 - __main__ - INFO - Train: loss 0.5974 acc1 97.00% acc5 99.97%
2026-02-27 19:50:06 - __main__ - INFO - Val:   loss 1.5145 acc1 70.92% acc5 90.95%
2026-02-27 19:50:06 - __main__ - INFO - saved best: 70.92%
2026-02-27 19:50:06 - __main__ - INFO - 
Epoch 52/80 | lr 0.048891
2026-02-27 19:50:16 - __main__ - INFO - Train: loss 0.5771 acc1 97.61% acc5 99.98%
2026-02-27 19:50:16 - __main__ - INFO - Val:   loss 1.5313 acc1 69.86% acc5 90.49%
2026-02-27 19:50:16 - __main__ - INFO - 
Epoch 53/80 | lr 0.045971
2026-02-27 19:50:25 - __main__ - INFO - Train: loss 0.5590 acc1 98.15% acc5 99.99%
2026-02-27 19:50:25 - __main__ - INFO - Val:   loss 1.4472 acc1 72.11% acc5 91.56%
2026-02-27 19:50:25 - __main__ - INFO - saved best: 72.11%
2026-02-27 19:50:25 - __main__ - INFO - 
Epoch 54/80 | lr 0.043102
2026-02-27 19:50:35 - __main__ - INFO - Train: loss 0.5392 acc1 98.64% acc5 99.99%
2026-02-27 19:50:35 - __main__ - INFO - Val:   loss 1.4469 acc1 72.40% acc5 92.14%
2026-02-27 19:50:35 - __main__ - INFO - saved best: 72.40%
2026-02-27 19:50:35 - __main__ - INFO - 
Epoch 55/80 | lr 0.040289
2026-02-27 19:50:45 - __main__ - INFO - Train: loss 0.5258 acc1 98.96% acc5 100.00%
2026-02-27 19:50:45 - __main__ - INFO - Val:   loss 1.4059 acc1 73.05% acc5 91.62%
2026-02-27 19:50:45 - __main__ - INFO - saved best: 73.05%
2026-02-27 19:50:45 - __main__ - INFO - 
Epoch 56/80 | lr 0.037538
2026-02-27 19:50:54 - __main__ - INFO - Train: loss 0.5103 acc1 99.27% acc5 100.00%
2026-02-27 19:50:54 - __main__ - INFO - Val:   loss 1.3919 acc1 73.28% acc5 92.07%
2026-02-27 19:50:54 - __main__ - INFO - saved best: 73.28%
2026-02-27 19:50:54 - __main__ - INFO - 
Epoch 57/80 | lr 0.034851
2026-02-27 19:51:04 - __main__ - INFO - Train: loss 0.4995 acc1 99.50% acc5 100.00%
2026-02-27 19:51:04 - __main__ - INFO - Val:   loss 1.3727 acc1 74.65% acc5 92.18%
2026-02-27 19:51:04 - __main__ - INFO - saved best: 74.65%
2026-02-27 19:51:04 - __main__ - INFO - 
Epoch 58/80 | lr 0.032236
2026-02-27 19:51:13 - __main__ - INFO - Train: loss 0.4885 acc1 99.68% acc5 100.00%
2026-02-27 19:51:13 - __main__ - INFO - Val:   loss 1.3592 acc1 74.46% acc5 92.63%
2026-02-27 19:51:13 - __main__ - INFO - 
Epoch 59/80 | lr 0.029695
2026-02-27 19:51:23 - __main__ - INFO - Train: loss 0.4790 acc1 99.78% acc5 100.00%
2026-02-27 19:51:23 - __main__ - INFO - Val:   loss 1.3464 acc1 75.37% acc5 92.73%
2026-02-27 19:51:23 - __main__ - INFO - saved best: 75.37%
2026-02-27 19:51:23 - __main__ - INFO - 
Epoch 60/80 | lr 0.027234
2026-02-27 19:51:32 - __main__ - INFO - Train: loss 0.4752 acc1 99.81% acc5 100.00%
2026-02-27 19:51:32 - __main__ - INFO - Val:   loss 1.3482 acc1 75.42% acc5 92.98%
2026-02-27 19:51:32 - __main__ - INFO - saved best: 75.42%
2026-02-27 19:51:32 - __main__ - INFO - 
Epoch 61/80 | lr 0.024857
2026-02-27 19:51:42 - __main__ - INFO - Train: loss 0.4684 acc1 99.88% acc5 100.00%
2026-02-27 19:51:42 - __main__ - INFO - Val:   loss 1.3311 acc1 75.90% acc5 93.38%
2026-02-27 19:51:42 - __main__ - INFO - saved best: 75.90%
2026-02-27 19:51:42 - __main__ - INFO - 
Epoch 62/80 | lr 0.022568
2026-02-27 19:51:52 - __main__ - INFO - Train: loss 0.4639 acc1 99.92% acc5 100.00%
2026-02-27 19:51:52 - __main__ - INFO - Val:   loss 1.3189 acc1 76.27% acc5 93.32%
2026-02-27 19:51:52 - __main__ - INFO - saved best: 76.27%
2026-02-27 19:51:52 - __main__ - INFO - 
Epoch 63/80 | lr 0.020371
2026-02-27 19:52:01 - __main__ - INFO - Train: loss 0.4607 acc1 99.93% acc5 100.00%
2026-02-27 19:52:01 - __main__ - INFO - Val:   loss 1.3153 acc1 76.22% acc5 93.32%
2026-02-27 19:52:01 - __main__ - INFO - 
Epoch 64/80 | lr 0.018269
2026-02-27 19:52:11 - __main__ - INFO - Train: loss 0.4582 acc1 99.93% acc5 100.00%
2026-02-27 19:52:11 - __main__ - INFO - Val:   loss 1.3257 acc1 75.89% acc5 92.97%
2026-02-27 19:52:11 - __main__ - INFO - 
Epoch 65/80 | lr 0.016268
2026-02-27 19:52:20 - __main__ - INFO - Train: loss 0.4563 acc1 99.94% acc5 100.00%
2026-02-27 19:52:20 - __main__ - INFO - Val:   loss 1.3178 acc1 76.35% acc5 93.38%
2026-02-27 19:52:20 - __main__ - INFO - saved best: 76.35%
2026-02-27 19:52:20 - __main__ - INFO - 
Epoch 66/80 | lr 0.014369
2026-02-27 19:52:30 - __main__ - INFO - Train: loss 0.4545 acc1 99.95% acc5 100.00%
2026-02-27 19:52:30 - __main__ - INFO - Val:   loss 1.3119 acc1 76.72% acc5 93.45%
2026-02-27 19:52:30 - __main__ - INFO - saved best: 76.72%
2026-02-27 19:52:30 - __main__ - INFO - 
Epoch 67/80 | lr 0.012577
2026-02-27 19:52:39 - __main__ - INFO - Train: loss 0.4526 acc1 99.96% acc5 100.00%
2026-02-27 19:52:39 - __main__ - INFO - Val:   loss 1.3215 acc1 76.17% acc5 93.65%
2026-02-27 19:52:39 - __main__ - INFO - 
Epoch 68/80 | lr 0.010894
2026-02-27 19:52:49 - __main__ - INFO - Train: loss 0.4510 acc1 99.96% acc5 100.00%
2026-02-27 19:52:49 - __main__ - INFO - Val:   loss 1.3170 acc1 76.57% acc5 93.57%
2026-02-27 19:52:49 - __main__ - INFO - 
Epoch 69/80 | lr 0.009324
2026-02-27 19:52:58 - __main__ - INFO - Train: loss 0.4498 acc1 99.96% acc5 100.00%
2026-02-27 19:52:58 - __main__ - INFO - Val:   loss 1.3154 acc1 76.85% acc5 93.42%
2026-02-27 19:52:58 - __main__ - INFO - saved best: 76.85%
2026-02-27 19:52:58 - __main__ - INFO - 
Epoch 70/80 | lr 0.007869
2026-02-27 19:53:08 - __main__ - INFO - Train: loss 0.4493 acc1 99.97% acc5 100.00%
2026-02-27 19:53:08 - __main__ - INFO - Val:   loss 1.3167 acc1 76.84% acc5 93.55%
2026-02-27 19:53:08 - __main__ - INFO - 
Epoch 71/80 | lr 0.006532
2026-02-27 19:53:18 - __main__ - INFO - Train: loss 0.4481 acc1 99.98% acc5 100.00%
2026-02-27 19:53:18 - __main__ - INFO - Val:   loss 1.3152 acc1 76.58% acc5 93.67%
2026-02-27 19:53:18 - __main__ - INFO - 
Epoch 72/80 | lr 0.005315
2026-02-27 19:53:27 - __main__ - INFO - Train: loss 0.4475 acc1 99.96% acc5 100.00%
2026-02-27 19:53:27 - __main__ - INFO - Val:   loss 1.3138 acc1 77.02% acc5 93.57%
2026-02-27 19:53:27 - __main__ - INFO - saved best: 77.02%
2026-02-27 19:53:27 - __main__ - INFO - 
Epoch 73/80 | lr 0.004220
2026-02-27 19:53:37 - __main__ - INFO - Train: loss 0.4473 acc1 99.97% acc5 100.00%
2026-02-27 19:53:37 - __main__ - INFO - Val:   loss 1.3170 acc1 77.19% acc5 93.42%
2026-02-27 19:53:37 - __main__ - INFO - saved best: 77.19%
2026-02-27 19:53:37 - __main__ - INFO - 
Epoch 74/80 | lr 0.003250
2026-02-27 19:53:46 - __main__ - INFO - Train: loss 0.4468 acc1 99.97% acc5 100.00%
2026-02-27 19:53:46 - __main__ - INFO - Val:   loss 1.3132 acc1 77.15% acc5 93.57%
2026-02-27 19:53:46 - __main__ - INFO - 
Epoch 75/80 | lr 0.002405
2026-02-27 19:53:56 - __main__ - INFO - Train: loss 0.4465 acc1 99.97% acc5 100.00%
2026-02-27 19:53:56 - __main__ - INFO - Val:   loss 1.3166 acc1 77.01% acc5 93.53%
2026-02-27 19:53:56 - __main__ - INFO - 
Epoch 76/80 | lr 0.001688
2026-02-27 19:54:05 - __main__ - INFO - Train: loss 0.4462 acc1 99.98% acc5 100.00%
2026-02-27 19:54:05 - __main__ - INFO - Val:   loss 1.3164 acc1 76.80% acc5 93.57%
2026-02-27 19:54:05 - __main__ - INFO - 
Epoch 77/80 | lr 0.001100
2026-02-27 19:54:15 - __main__ - INFO - Train: loss 0.4460 acc1 99.98% acc5 100.00%
2026-02-27 19:54:15 - __main__ - INFO - Val:   loss 1.3168 acc1 76.99% acc5 93.49%
2026-02-27 19:54:15 - __main__ - INFO - 
Epoch 78/80 | lr 0.000641
2026-02-27 19:54:24 - __main__ - INFO - Train: loss 0.4457 acc1 99.97% acc5 100.00%
2026-02-27 19:54:24 - __main__ - INFO - Val:   loss 1.3133 acc1 77.11% acc5 93.67%
2026-02-27 19:54:24 - __main__ - INFO - 
Epoch 79/80 | lr 0.000313
2026-02-27 19:54:34 - __main__ - INFO - Train: loss 0.4459 acc1 99.98% acc5 100.00%
2026-02-27 19:54:34 - __main__ - INFO - Val:   loss 1.3164 acc1 77.13% acc5 93.48%
2026-02-27 19:54:34 - __main__ - INFO - 
Epoch 80/80 | lr 0.000116
2026-02-27 19:54:44 - __main__ - INFO - Train: loss 0.4458 acc1 99.98% acc5 100.00%
2026-02-27 19:54:44 - __main__ - INFO - Val:   loss 1.3147 acc1 76.97% acc5 93.63%
2026-02-27 19:54:45 - __main__ - INFO - 
Best tracked (val): 77.19%
2026-02-27 19:54:45 - __main__ - INFO - Final test: loss 1.3277 acc1 76.93% acc5 92.87%
2026-02-27 19:54:46 - graphics - INFO - Metrics plot saved to run_results/quick_run/baseline/metrics_plot.png
