2026-02-26 16:46:18 - __main__ - INFO - Run parameters: {"amp": true, "batch_size": 128, "cam_layer": "layer2", "data_dir": "./data", "dataset": "cifar100", "epochs": 150, "gamma": 0.1, "label_smoothing": 0.05, "log_every": 1000, "lr": 0.1, "mask_area": 0.2, "mask_block": 8, "mask_prob": 0.5, "mask_warmup_epochs": 0, "masking": "cam_high", "milestones": "60,80", "min_lr": 1e-05, "model": "resnet18", "momentum": 0.9, "nesterov": true, "num_workers": 2, "out_dir": "./run_results", "run_name": "cam_high", "scheduler": "cosine", "seed": 42, "val_split": 0.1, "warmup_epochs": 5, "weight_decay": 0.0005}
2026-02-26 16:46:18 - __main__ - INFO - device: cuda | cuda: True | gpu: NVIDIA L4
2026-02-26 16:46:21 - __main__ - INFO - Masking enabled: {'strategy': 'cam_high', 'warmup_epochs': 0, 'prob': 0.5, 'area': 0.2, 'block': 8}
2026-02-26 16:46:21 - __main__ - INFO - Model: resnet18 | Dataset: cifar100 | Classes: 100
2026-02-26 16:46:21 - __main__ - INFO - 
Epoch 1/150 | lr 0.000100
2026-02-26 16:46:46 - __main__ - INFO - Train: loss 4.6401 acc1 1.38% acc5 6.20%
2026-02-26 16:46:46 - __main__ - INFO - Val:   loss 4.5789 acc1 1.96% acc5 7.96%
2026-02-26 16:46:46 - __main__ - INFO - saved best: 1.96%
2026-02-26 16:46:46 - __main__ - INFO - 
Epoch 2/150 | lr 0.020080
2026-02-26 16:47:11 - __main__ - INFO - Train: loss 3.8762 acc1 11.75% acc5 33.46%
2026-02-26 16:47:11 - __main__ - INFO - Val:   loss 3.5656 acc1 19.15% acc5 45.64%
2026-02-26 16:47:11 - __main__ - INFO - saved best: 19.15%
2026-02-26 16:47:11 - __main__ - INFO - 
Epoch 3/150 | lr 0.040060
2026-02-26 16:47:37 - __main__ - INFO - Train: loss 3.3841 acc1 20.55% acc5 49.17%
2026-02-26 16:47:37 - __main__ - INFO - Val:   loss 3.2820 acc1 25.72% acc5 55.62%
2026-02-26 16:47:37 - __main__ - INFO - saved best: 25.72%
2026-02-26 16:47:37 - __main__ - INFO - 
Epoch 4/150 | lr 0.060040
2026-02-26 16:48:02 - __main__ - INFO - Train: loss 2.9988 acc1 28.57% acc5 60.30%
2026-02-26 16:48:02 - __main__ - INFO - Val:   loss 2.9133 acc1 31.93% acc5 63.20%
2026-02-26 16:48:02 - __main__ - INFO - saved best: 31.93%
2026-02-26 16:48:02 - __main__ - INFO - 
Epoch 5/150 | lr 0.080020
2026-02-26 16:48:28 - __main__ - INFO - Train: loss 2.7111 acc1 34.73% acc5 67.96%
2026-02-26 16:48:28 - __main__ - INFO - Val:   loss 2.6447 acc1 38.22% acc5 69.99%
2026-02-26 16:48:28 - __main__ - INFO - saved best: 38.22%
2026-02-26 16:48:28 - __main__ - INFO - 
Epoch 6/150 | lr 0.100000
2026-02-26 16:48:53 - __main__ - INFO - Train: loss 2.4925 acc1 40.28% acc5 73.22%
2026-02-26 16:48:53 - __main__ - INFO - Val:   loss 2.5358 acc1 40.30% acc5 71.61%
2026-02-26 16:48:53 - __main__ - INFO - saved best: 40.30%
2026-02-26 16:48:53 - __main__ - INFO - 
Epoch 7/150 | lr 0.099988
2026-02-26 16:49:18 - __main__ - INFO - Train: loss 2.3028 acc1 45.35% acc5 77.33%
2026-02-26 16:49:18 - __main__ - INFO - Val:   loss 2.5865 acc1 40.99% acc5 72.52%
2026-02-26 16:49:18 - __main__ - INFO - saved best: 40.99%
2026-02-26 16:49:18 - __main__ - INFO - 
Epoch 8/150 | lr 0.099953
2026-02-26 16:49:43 - __main__ - INFO - Train: loss 2.1629 acc1 48.78% acc5 80.63%
2026-02-26 16:49:43 - __main__ - INFO - Val:   loss 2.2238 acc1 48.09% acc5 78.76%
2026-02-26 16:49:43 - __main__ - INFO - saved best: 48.09%
2026-02-26 16:49:43 - __main__ - INFO - 
Epoch 9/150 | lr 0.099894
2026-02-26 16:50:07 - __main__ - INFO - Train: loss 2.0823 acc1 50.87% acc5 81.96%
2026-02-26 16:50:07 - __main__ - INFO - Val:   loss 2.2556 acc1 47.07% acc5 78.91%
2026-02-26 16:50:07 - __main__ - INFO - 
Epoch 10/150 | lr 0.099812
2026-02-26 16:50:32 - __main__ - INFO - Train: loss 2.0141 acc1 52.71% acc5 83.25%
2026-02-26 16:50:32 - __main__ - INFO - Val:   loss 2.1149 acc1 49.77% acc5 80.87%
2026-02-26 16:50:32 - __main__ - INFO - saved best: 49.77%
2026-02-26 16:50:32 - __main__ - INFO - 
Epoch 11/150 | lr 0.099707
2026-02-26 16:50:57 - __main__ - INFO - Train: loss 1.9681 acc1 53.93% acc5 84.10%
2026-02-26 16:50:57 - __main__ - INFO - Val:   loss 2.1157 acc1 50.62% acc5 82.49%
2026-02-26 16:50:57 - __main__ - INFO - saved best: 50.62%
2026-02-26 16:50:57 - __main__ - INFO - 
Epoch 12/150 | lr 0.099578
2026-02-26 16:51:25 - __main__ - INFO - Train: loss 1.9378 acc1 54.92% acc5 84.71%
2026-02-26 16:51:25 - __main__ - INFO - Val:   loss 2.0995 acc1 52.19% acc5 81.26%
2026-02-26 16:51:25 - __main__ - INFO - saved best: 52.19%
2026-02-26 16:51:25 - __main__ - INFO - 
Epoch 13/150 | lr 0.099426
2026-02-26 16:51:51 - __main__ - INFO - Train: loss 1.8850 acc1 56.30% acc5 85.48%
2026-02-26 16:51:51 - __main__ - INFO - Val:   loss 2.2615 acc1 49.26% acc5 79.09%
2026-02-26 16:51:51 - __main__ - INFO - 
Epoch 14/150 | lr 0.099251
2026-02-26 16:52:17 - __main__ - INFO - Train: loss 1.8628 acc1 56.86% acc5 86.06%
2026-02-26 16:52:17 - __main__ - INFO - Val:   loss 2.1136 acc1 52.26% acc5 81.58%
2026-02-26 16:52:17 - __main__ - INFO - saved best: 52.26%
2026-02-26 16:52:17 - __main__ - INFO - 
Epoch 15/150 | lr 0.099053
2026-02-26 16:52:41 - __main__ - INFO - Train: loss 1.8109 acc1 58.48% acc5 86.79%
2026-02-26 16:52:41 - __main__ - INFO - Val:   loss 2.0281 acc1 52.65% acc5 82.95%
2026-02-26 16:52:41 - __main__ - INFO - saved best: 52.65%
2026-02-26 16:52:41 - __main__ - INFO - 
Epoch 16/150 | lr 0.098831
2026-02-26 16:53:05 - __main__ - INFO - Train: loss 1.7971 acc1 58.89% acc5 87.00%
2026-02-26 16:53:05 - __main__ - INFO - Val:   loss 2.1699 acc1 51.38% acc5 80.98%
2026-02-26 16:53:05 - __main__ - INFO - 
Epoch 17/150 | lr 0.098587
2026-02-26 16:53:31 - __main__ - INFO - Train: loss 1.7717 acc1 59.48% acc5 87.48%
2026-02-26 16:53:31 - __main__ - INFO - Val:   loss 2.0879 acc1 52.02% acc5 82.49%
2026-02-26 16:53:31 - __main__ - INFO - 
Epoch 18/150 | lr 0.098320
2026-02-26 16:53:56 - __main__ - INFO - Train: loss 1.7509 acc1 60.16% acc5 87.87%
2026-02-26 16:53:56 - __main__ - INFO - Val:   loss 1.9615 acc1 54.96% acc5 84.60%
2026-02-26 16:53:56 - __main__ - INFO - saved best: 54.96%
2026-02-26 16:53:56 - __main__ - INFO - 
Epoch 19/150 | lr 0.098030
2026-02-26 16:54:22 - __main__ - INFO - Train: loss 1.7374 acc1 60.45% acc5 87.97%
2026-02-26 16:54:22 - __main__ - INFO - Val:   loss 2.1075 acc1 52.36% acc5 81.63%
2026-02-26 16:54:22 - __main__ - INFO - 
Epoch 20/150 | lr 0.097718
2026-02-26 16:54:46 - __main__ - INFO - Train: loss 1.7035 acc1 61.34% acc5 88.67%
2026-02-26 16:54:46 - __main__ - INFO - Val:   loss 2.1526 acc1 51.31% acc5 81.62%
2026-02-26 16:54:46 - __main__ - INFO - 
Epoch 21/150 | lr 0.097383
2026-02-26 16:55:12 - __main__ - INFO - Train: loss 1.7119 acc1 61.48% acc5 88.42%
2026-02-26 16:55:12 - __main__ - INFO - Val:   loss 1.9509 acc1 56.21% acc5 84.54%
2026-02-26 16:55:12 - __main__ - INFO - saved best: 56.21%
2026-02-26 16:55:12 - __main__ - INFO - 
Epoch 22/150 | lr 0.097026
2026-02-26 16:55:38 - __main__ - INFO - Train: loss 1.6883 acc1 62.01% acc5 88.89%
2026-02-26 16:55:38 - __main__ - INFO - Val:   loss 2.0430 acc1 54.00% acc5 83.88%
2026-02-26 16:55:38 - __main__ - INFO - 
Epoch 23/150 | lr 0.096647
2026-02-26 16:56:03 - __main__ - INFO - Train: loss 1.6581 acc1 62.62% acc5 89.32%
2026-02-26 16:56:03 - __main__ - INFO - Val:   loss 1.8982 acc1 58.01% acc5 85.53%
2026-02-26 16:56:03 - __main__ - INFO - saved best: 58.01%
2026-02-26 16:56:03 - __main__ - INFO - 
Epoch 24/150 | lr 0.096246
2026-02-26 16:56:27 - __main__ - INFO - Train: loss 1.6569 acc1 62.66% acc5 89.48%
2026-02-26 16:56:27 - __main__ - INFO - Val:   loss 2.0417 acc1 53.52% acc5 82.53%
2026-02-26 16:56:27 - __main__ - INFO - 
Epoch 25/150 | lr 0.095823
2026-02-26 16:56:53 - __main__ - INFO - Train: loss 1.6444 acc1 63.15% acc5 89.53%
2026-02-26 16:56:53 - __main__ - INFO - Val:   loss 2.0747 acc1 53.07% acc5 81.69%
2026-02-26 16:56:53 - __main__ - INFO - 
Epoch 26/150 | lr 0.095379
2026-02-26 16:57:19 - __main__ - INFO - Train: loss 1.6265 acc1 63.70% acc5 89.86%
2026-02-26 16:57:19 - __main__ - INFO - Val:   loss 1.8320 acc1 58.95% acc5 86.78%
2026-02-26 16:57:19 - __main__ - INFO - saved best: 58.95%
2026-02-26 16:57:19 - __main__ - INFO - 
Epoch 27/150 | lr 0.094914
2026-02-26 16:57:45 - __main__ - INFO - Train: loss 1.6221 acc1 63.67% acc5 90.09%
2026-02-26 16:57:45 - __main__ - INFO - Val:   loss 1.9295 acc1 56.74% acc5 85.28%
2026-02-26 16:57:45 - __main__ - INFO - 
Epoch 28/150 | lr 0.094427
2026-02-26 16:58:09 - __main__ - INFO - Train: loss 1.6000 acc1 64.51% acc5 90.33%
2026-02-26 16:58:09 - __main__ - INFO - Val:   loss 1.9073 acc1 57.79% acc5 84.70%
2026-02-26 16:58:09 - __main__ - INFO - 
Epoch 29/150 | lr 0.093920
2026-02-26 16:58:34 - __main__ - INFO - Train: loss 1.5923 acc1 64.77% acc5 90.64%
2026-02-26 16:58:34 - __main__ - INFO - Val:   loss 1.9317 acc1 57.07% acc5 84.67%
2026-02-26 16:58:34 - __main__ - INFO - 
Epoch 30/150 | lr 0.093392
2026-02-26 16:58:58 - __main__ - INFO - Train: loss 1.5655 acc1 65.49% acc5 90.88%
2026-02-26 16:58:58 - __main__ - INFO - Val:   loss 1.8972 acc1 58.15% acc5 85.68%
2026-02-26 16:58:58 - __main__ - INFO - 
Epoch 31/150 | lr 0.092844
2026-02-26 16:59:22 - __main__ - INFO - Train: loss 1.5564 acc1 65.76% acc5 91.06%
2026-02-26 16:59:22 - __main__ - INFO - Val:   loss 1.8855 acc1 58.35% acc5 86.28%
2026-02-26 16:59:22 - __main__ - INFO - 
Epoch 32/150 | lr 0.092275
2026-02-26 16:59:47 - __main__ - INFO - Train: loss 1.5630 acc1 65.82% acc5 90.81%
2026-02-26 16:59:47 - __main__ - INFO - Val:   loss 1.8975 acc1 57.39% acc5 85.32%
2026-02-26 16:59:47 - __main__ - INFO - 
Epoch 33/150 | lr 0.091687
2026-02-26 17:00:13 - __main__ - INFO - Train: loss 1.5710 acc1 65.07% acc5 90.98%
2026-02-26 17:00:13 - __main__ - INFO - Val:   loss 1.9352 acc1 56.70% acc5 84.56%
2026-02-26 17:00:13 - __main__ - INFO - 
Epoch 34/150 | lr 0.091079
2026-02-26 17:00:39 - __main__ - INFO - Train: loss 1.5465 acc1 66.09% acc5 91.10%
2026-02-26 17:00:39 - __main__ - INFO - Val:   loss 1.8247 acc1 59.00% acc5 87.00%
2026-02-26 17:00:39 - __main__ - INFO - saved best: 59.00%
2026-02-26 17:00:39 - __main__ - INFO - 
Epoch 35/150 | lr 0.090452
2026-02-26 17:01:03 - __main__ - INFO - Train: loss 1.5193 acc1 66.90% acc5 91.62%
2026-02-26 17:01:03 - __main__ - INFO - Val:   loss 1.9229 acc1 56.82% acc5 85.58%
2026-02-26 17:01:03 - __main__ - INFO - 
Epoch 36/150 | lr 0.089806
2026-02-26 17:01:27 - __main__ - INFO - Train: loss 1.5182 acc1 66.74% acc5 91.62%
2026-02-26 17:01:27 - __main__ - INFO - Val:   loss 1.9537 acc1 57.59% acc5 84.19%
2026-02-26 17:01:27 - __main__ - INFO - 
Epoch 37/150 | lr 0.089141
2026-02-26 17:01:52 - __main__ - INFO - Train: loss 1.5202 acc1 66.68% acc5 91.67%
2026-02-26 17:01:52 - __main__ - INFO - Val:   loss 1.8898 acc1 58.10% acc5 86.18%
2026-02-26 17:01:52 - __main__ - INFO - 
Epoch 38/150 | lr 0.088458
2026-02-26 17:02:17 - __main__ - INFO - Train: loss 1.4971 acc1 67.55% acc5 91.89%
2026-02-26 17:02:17 - __main__ - INFO - Val:   loss 1.8887 acc1 57.49% acc5 85.81%
2026-02-26 17:02:17 - __main__ - INFO - 
Epoch 39/150 | lr 0.087756
2026-02-26 17:02:42 - __main__ - INFO - Train: loss 1.5065 acc1 67.28% acc5 91.80%
2026-02-26 17:02:42 - __main__ - INFO - Val:   loss 1.8836 acc1 57.94% acc5 85.77%
2026-02-26 17:02:42 - __main__ - INFO - 
Epoch 40/150 | lr 0.087037
2026-02-26 17:03:06 - __main__ - INFO - Train: loss 1.4730 acc1 68.16% acc5 92.30%
2026-02-26 17:03:06 - __main__ - INFO - Val:   loss 2.0221 acc1 56.55% acc5 84.48%
2026-02-26 17:03:06 - __main__ - INFO - 
Epoch 41/150 | lr 0.086301
2026-02-26 17:03:30 - __main__ - INFO - Train: loss 1.4755 acc1 68.03% acc5 92.34%
2026-02-26 17:03:30 - __main__ - INFO - Val:   loss 1.7970 acc1 60.64% acc5 86.81%
2026-02-26 17:03:30 - __main__ - INFO - saved best: 60.64%
2026-02-26 17:03:30 - __main__ - INFO - 
Epoch 42/150 | lr 0.085548
2026-02-26 17:03:55 - __main__ - INFO - Train: loss 1.4753 acc1 68.43% acc5 92.17%
2026-02-26 17:03:55 - __main__ - INFO - Val:   loss 1.7399 acc1 61.98% acc5 87.85%
2026-02-26 17:03:55 - __main__ - INFO - saved best: 61.98%
2026-02-26 17:03:55 - __main__ - INFO - 
Epoch 43/150 | lr 0.084778
2026-02-26 17:04:19 - __main__ - INFO - Train: loss 1.4483 acc1 69.16% acc5 92.72%
2026-02-26 17:04:19 - __main__ - INFO - Val:   loss 1.8723 acc1 59.57% acc5 86.27%
2026-02-26 17:04:19 - __main__ - INFO - 
Epoch 44/150 | lr 0.083991
2026-02-26 17:04:44 - __main__ - INFO - Train: loss 1.4614 acc1 68.68% acc5 92.37%
2026-02-26 17:04:44 - __main__ - INFO - Val:   loss 1.8026 acc1 59.62% acc5 86.67%
2026-02-26 17:04:44 - __main__ - INFO - 
Epoch 45/150 | lr 0.083189
2026-02-26 17:05:08 - __main__ - INFO - Train: loss 1.4334 acc1 69.36% acc5 92.85%
2026-02-26 17:05:08 - __main__ - INFO - Val:   loss 1.9907 acc1 56.30% acc5 83.90%
2026-02-26 17:05:08 - __main__ - INFO - 
Epoch 46/150 | lr 0.082371
2026-02-26 17:05:34 - __main__ - INFO - Train: loss 1.4373 acc1 69.16% acc5 92.71%
2026-02-26 17:05:34 - __main__ - INFO - Val:   loss 1.8066 acc1 60.93% acc5 86.09%
2026-02-26 17:05:34 - __main__ - INFO - 
Epoch 47/150 | lr 0.081538
2026-02-26 17:05:59 - __main__ - INFO - Train: loss 1.4259 acc1 69.72% acc5 92.92%
2026-02-26 17:05:59 - __main__ - INFO - Val:   loss 1.8232 acc1 60.63% acc5 86.95%
2026-02-26 17:05:59 - __main__ - INFO - 
Epoch 48/150 | lr 0.080690
2026-02-26 17:06:23 - __main__ - INFO - Train: loss 1.4149 acc1 69.94% acc5 92.96%
2026-02-26 17:06:23 - __main__ - INFO - Val:   loss 1.7932 acc1 60.34% acc5 87.21%
2026-02-26 17:06:23 - __main__ - INFO - 
Epoch 49/150 | lr 0.079828
2026-02-26 17:06:47 - __main__ - INFO - Train: loss 1.3999 acc1 70.37% acc5 93.33%
2026-02-26 17:06:47 - __main__ - INFO - Val:   loss 1.7126 acc1 62.69% acc5 88.61%
2026-02-26 17:06:47 - __main__ - INFO - saved best: 62.69%
2026-02-26 17:06:47 - __main__ - INFO - 
Epoch 50/150 | lr 0.078951
2026-02-26 17:07:10 - __main__ - INFO - Train: loss 1.3868 acc1 71.00% acc5 93.45%
2026-02-26 17:07:10 - __main__ - INFO - Val:   loss 1.7056 acc1 62.88% acc5 88.66%
2026-02-26 17:07:10 - __main__ - INFO - saved best: 62.88%
2026-02-26 17:07:10 - __main__ - INFO - 
Epoch 51/150 | lr 0.078062
2026-02-26 17:07:35 - __main__ - INFO - Train: loss 1.3953 acc1 70.73% acc5 93.46%
2026-02-26 17:07:35 - __main__ - INFO - Val:   loss 1.8145 acc1 61.05% acc5 86.35%
2026-02-26 17:07:35 - __main__ - INFO - 
Epoch 52/150 | lr 0.077158
2026-02-26 17:07:59 - __main__ - INFO - Train: loss 1.3795 acc1 71.31% acc5 93.61%
2026-02-26 17:07:59 - __main__ - INFO - Val:   loss 1.7715 acc1 61.63% acc5 87.52%
2026-02-26 17:07:59 - __main__ - INFO - 
Epoch 53/150 | lr 0.076243
2026-02-26 17:08:24 - __main__ - INFO - Train: loss 1.3697 acc1 71.41% acc5 93.80%
2026-02-26 17:08:24 - __main__ - INFO - Val:   loss 1.8831 acc1 59.33% acc5 86.27%
2026-02-26 17:08:24 - __main__ - INFO - 
Epoch 54/150 | lr 0.075315
2026-02-26 17:08:50 - __main__ - INFO - Train: loss 1.3900 acc1 70.69% acc5 93.52%
2026-02-26 17:08:50 - __main__ - INFO - Val:   loss 1.7754 acc1 61.52% acc5 88.29%
2026-02-26 17:08:50 - __main__ - INFO - 
Epoch 55/150 | lr 0.074375
2026-02-26 17:09:16 - __main__ - INFO - Train: loss 1.3631 acc1 71.35% acc5 93.78%
2026-02-26 17:09:16 - __main__ - INFO - Val:   loss 1.8274 acc1 60.15% acc5 86.68%
2026-02-26 17:09:16 - __main__ - INFO - 
Epoch 56/150 | lr 0.073423
2026-02-26 17:09:41 - __main__ - INFO - Train: loss 1.3537 acc1 71.61% acc5 94.09%
2026-02-26 17:09:41 - __main__ - INFO - Val:   loss 1.9337 acc1 58.58% acc5 84.81%
2026-02-26 17:09:41 - __main__ - INFO - 
Epoch 57/150 | lr 0.072461
2026-02-26 17:10:05 - __main__ - INFO - Train: loss 1.3370 acc1 72.38% acc5 94.11%
2026-02-26 17:10:05 - __main__ - INFO - Val:   loss 1.8687 acc1 59.71% acc5 86.11%
2026-02-26 17:10:05 - __main__ - INFO - 
Epoch 58/150 | lr 0.071488
2026-02-26 17:10:29 - __main__ - INFO - Train: loss 1.3062 acc1 73.29% acc5 94.71%
2026-02-26 17:10:29 - __main__ - INFO - Val:   loss 1.6846 acc1 63.68% acc5 88.44%
2026-02-26 17:10:29 - __main__ - INFO - saved best: 63.68%
2026-02-26 17:10:29 - __main__ - INFO - 
Epoch 59/150 | lr 0.070505
2026-02-26 17:10:54 - __main__ - INFO - Train: loss 1.3289 acc1 72.49% acc5 94.24%
2026-02-26 17:10:54 - __main__ - INFO - Val:   loss 1.8283 acc1 59.59% acc5 87.10%
2026-02-26 17:10:54 - __main__ - INFO - 
Epoch 60/150 | lr 0.069512
2026-02-26 17:11:18 - __main__ - INFO - Train: loss 1.2964 acc1 73.81% acc5 94.67%
2026-02-26 17:11:18 - __main__ - INFO - Val:   loss 1.7875 acc1 62.28% acc5 87.87%
2026-02-26 17:11:18 - __main__ - INFO - 
Epoch 61/150 | lr 0.068510
2026-02-26 17:11:44 - __main__ - INFO - Train: loss 1.3156 acc1 72.96% acc5 94.52%
2026-02-26 17:11:44 - __main__ - INFO - Val:   loss 1.8040 acc1 61.00% acc5 88.00%
2026-02-26 17:11:44 - __main__ - INFO - 
Epoch 62/150 | lr 0.067500
2026-02-26 17:12:09 - __main__ - INFO - Train: loss 1.3034 acc1 73.37% acc5 94.69%
2026-02-26 17:12:09 - __main__ - INFO - Val:   loss 1.8009 acc1 61.64% acc5 86.47%
2026-02-26 17:12:09 - __main__ - INFO - 
Epoch 63/150 | lr 0.066481
2026-02-26 17:12:34 - __main__ - INFO - Train: loss 1.2750 acc1 74.23% acc5 95.03%
2026-02-26 17:12:34 - __main__ - INFO - Val:   loss 1.6943 acc1 65.06% acc5 88.69%
2026-02-26 17:12:34 - __main__ - INFO - saved best: 65.06%
2026-02-26 17:12:34 - __main__ - INFO - 
Epoch 64/150 | lr 0.065454
2026-02-26 17:12:59 - __main__ - INFO - Train: loss 1.2705 acc1 74.45% acc5 95.06%
2026-02-26 17:12:59 - __main__ - INFO - Val:   loss 1.6687 acc1 64.40% acc5 89.09%
2026-02-26 17:12:59 - __main__ - INFO - 
Epoch 65/150 | lr 0.064421
2026-02-26 17:13:23 - __main__ - INFO - Train: loss 1.2335 acc1 75.78% acc5 95.36%
2026-02-26 17:13:23 - __main__ - INFO - Val:   loss 1.6898 acc1 64.66% acc5 88.73%
2026-02-26 17:13:23 - __main__ - INFO - 
Epoch 66/150 | lr 0.063380
2026-02-26 17:13:47 - __main__ - INFO - Train: loss 1.2430 acc1 75.25% acc5 95.44%
2026-02-26 17:13:47 - __main__ - INFO - Val:   loss 1.7813 acc1 62.23% acc5 88.37%
2026-02-26 17:13:47 - __main__ - INFO - 
Epoch 67/150 | lr 0.062333
2026-02-26 17:14:13 - __main__ - INFO - Train: loss 1.2450 acc1 75.32% acc5 95.32%
2026-02-26 17:14:13 - __main__ - INFO - Val:   loss 1.5683 acc1 67.26% acc5 90.61%
2026-02-26 17:14:13 - __main__ - INFO - saved best: 67.26%
2026-02-26 17:14:13 - __main__ - INFO - 
Epoch 68/150 | lr 0.061281
2026-02-26 17:14:38 - __main__ - INFO - Train: loss 1.2281 acc1 75.86% acc5 95.48%
2026-02-26 17:14:38 - __main__ - INFO - Val:   loss 1.6769 acc1 64.96% acc5 88.91%
2026-02-26 17:14:38 - __main__ - INFO - 
Epoch 69/150 | lr 0.060223
2026-02-26 17:15:03 - __main__ - INFO - Train: loss 1.2074 acc1 76.50% acc5 95.75%
2026-02-26 17:15:03 - __main__ - INFO - Val:   loss 1.6759 acc1 64.30% acc5 89.66%
2026-02-26 17:15:03 - __main__ - INFO - 
Epoch 70/150 | lr 0.059160
2026-02-26 17:15:27 - __main__ - INFO - Train: loss 1.2098 acc1 76.37% acc5 95.78%
2026-02-26 17:15:27 - __main__ - INFO - Val:   loss 1.7650 acc1 63.49% acc5 87.99%
2026-02-26 17:15:27 - __main__ - INFO - 
Epoch 71/150 | lr 0.058093
2026-02-26 17:15:53 - __main__ - INFO - Train: loss 1.2101 acc1 76.28% acc5 95.73%
2026-02-26 17:15:53 - __main__ - INFO - Val:   loss 1.7696 acc1 61.32% acc5 87.63%
2026-02-26 17:15:53 - __main__ - INFO - 
Epoch 72/150 | lr 0.057023
2026-02-26 17:16:20 - __main__ - INFO - Train: loss 1.2032 acc1 76.54% acc5 95.78%
2026-02-26 17:16:20 - __main__ - INFO - Val:   loss 1.6600 acc1 64.92% acc5 89.25%
2026-02-26 17:16:20 - __main__ - INFO - 
Epoch 73/150 | lr 0.055949
2026-02-26 17:16:45 - __main__ - INFO - Train: loss 1.1714 acc1 77.28% acc5 96.37%
2026-02-26 17:16:45 - __main__ - INFO - Val:   loss 1.7449 acc1 62.45% acc5 88.31%
2026-02-26 17:16:45 - __main__ - INFO - 
Epoch 74/150 | lr 0.054872
2026-02-26 17:17:10 - __main__ - INFO - Train: loss 1.1558 acc1 78.09% acc5 96.30%
2026-02-26 17:17:10 - __main__ - INFO - Val:   loss 1.7356 acc1 63.14% acc5 87.65%
2026-02-26 17:17:10 - __main__ - INFO - 
Epoch 75/150 | lr 0.053793
2026-02-26 17:17:36 - __main__ - INFO - Train: loss 1.1480 acc1 78.38% acc5 96.70%
2026-02-26 17:17:36 - __main__ - INFO - Val:   loss 1.7013 acc1 65.03% acc5 88.80%
2026-02-26 17:17:36 - __main__ - INFO - 
Epoch 76/150 | lr 0.052712
2026-02-26 17:18:02 - __main__ - INFO - Train: loss 1.1435 acc1 78.40% acc5 96.56%
2026-02-26 17:18:02 - __main__ - INFO - Val:   loss 1.8558 acc1 60.12% acc5 86.14%
2026-02-26 17:18:02 - __main__ - INFO - 
Epoch 77/150 | lr 0.051630
2026-02-26 17:18:26 - __main__ - INFO - Train: loss 1.1145 acc1 79.76% acc5 96.78%
2026-02-26 17:18:26 - __main__ - INFO - Val:   loss 1.5979 acc1 67.33% acc5 90.27%
2026-02-26 17:18:26 - __main__ - INFO - saved best: 67.33%
2026-02-26 17:18:26 - __main__ - INFO - 
Epoch 78/150 | lr 0.050547
2026-02-26 17:18:51 - __main__ - INFO - Train: loss 1.1074 acc1 79.67% acc5 96.94%
2026-02-26 17:18:51 - __main__ - INFO - Val:   loss 1.6345 acc1 65.35% acc5 89.40%
2026-02-26 17:18:51 - __main__ - INFO - 
Epoch 79/150 | lr 0.049463
2026-02-26 17:19:17 - __main__ - INFO - Train: loss 1.1090 acc1 79.42% acc5 96.93%
2026-02-26 17:19:17 - __main__ - INFO - Val:   loss 1.6659 acc1 66.25% acc5 89.70%
2026-02-26 17:19:17 - __main__ - INFO - 
Epoch 80/150 | lr 0.048380
2026-02-26 17:19:42 - __main__ - INFO - Train: loss 1.0817 acc1 80.71% acc5 97.11%
2026-02-26 17:19:42 - __main__ - INFO - Val:   loss 1.6751 acc1 66.16% acc5 88.96%
2026-02-26 17:19:42 - __main__ - INFO - 
Epoch 81/150 | lr 0.047298
2026-02-26 17:20:06 - __main__ - INFO - Train: loss 1.0570 acc1 81.44% acc5 97.43%
2026-02-26 17:20:06 - __main__ - INFO - Val:   loss 1.6042 acc1 66.78% acc5 89.95%
2026-02-26 17:20:06 - __main__ - INFO - 
Epoch 82/150 | lr 0.046217
2026-02-26 17:20:30 - __main__ - INFO - Train: loss 1.0465 acc1 81.62% acc5 97.65%
2026-02-26 17:20:30 - __main__ - INFO - Val:   loss 1.6754 acc1 65.39% acc5 89.33%
2026-02-26 17:20:30 - __main__ - INFO - 
Epoch 83/150 | lr 0.045138
2026-02-26 17:20:57 - __main__ - INFO - Train: loss 1.0740 acc1 80.79% acc5 97.39%
2026-02-26 17:20:57 - __main__ - INFO - Val:   loss 1.7048 acc1 64.72% acc5 89.12%
2026-02-26 17:20:57 - __main__ - INFO - 
Epoch 84/150 | lr 0.044061
2026-02-26 17:21:23 - __main__ - INFO - Train: loss 1.0406 acc1 81.74% acc5 97.68%
2026-02-26 17:21:23 - __main__ - INFO - Val:   loss 1.6876 acc1 64.41% acc5 88.65%
2026-02-26 17:21:23 - __main__ - INFO - 
Epoch 85/150 | lr 0.042987
2026-02-26 17:21:48 - __main__ - INFO - Train: loss 1.0252 acc1 82.46% acc5 97.63%
2026-02-26 17:21:48 - __main__ - INFO - Val:   loss 1.6380 acc1 66.75% acc5 89.81%
2026-02-26 17:21:48 - __main__ - INFO - 
Epoch 86/150 | lr 0.041917
2026-02-26 17:22:13 - __main__ - INFO - Train: loss 0.9936 acc1 83.42% acc5 98.07%
2026-02-26 17:22:13 - __main__ - INFO - Val:   loss 1.5814 acc1 67.65% acc5 90.37%
2026-02-26 17:22:13 - __main__ - INFO - saved best: 67.65%
2026-02-26 17:22:13 - __main__ - INFO - 
Epoch 87/150 | lr 0.040850
2026-02-26 17:22:37 - __main__ - INFO - Train: loss 0.9846 acc1 83.66% acc5 98.12%
2026-02-26 17:22:37 - __main__ - INFO - Val:   loss 1.6311 acc1 67.48% acc5 89.62%
2026-02-26 17:22:37 - __main__ - INFO - 
Epoch 88/150 | lr 0.039787
2026-02-26 17:23:03 - __main__ - INFO - Train: loss 0.9887 acc1 83.51% acc5 98.10%
2026-02-26 17:23:03 - __main__ - INFO - Val:   loss 1.5736 acc1 68.61% acc5 90.51%
2026-02-26 17:23:03 - __main__ - INFO - saved best: 68.61%
2026-02-26 17:23:03 - __main__ - INFO - 
Epoch 89/150 | lr 0.038729
2026-02-26 17:23:29 - __main__ - INFO - Train: loss 0.9616 acc1 84.69% acc5 98.26%
2026-02-26 17:23:29 - __main__ - INFO - Val:   loss 1.5769 acc1 68.07% acc5 91.05%
2026-02-26 17:23:29 - __main__ - INFO - 
Epoch 90/150 | lr 0.037677
2026-02-26 17:23:54 - __main__ - INFO - Train: loss 0.9497 acc1 84.94% acc5 98.32%
2026-02-26 17:23:54 - __main__ - INFO - Val:   loss 1.5767 acc1 67.74% acc5 90.23%
2026-02-26 17:23:54 - __main__ - INFO - 
Epoch 91/150 | lr 0.036630
2026-02-26 17:24:18 - __main__ - INFO - Train: loss 0.9279 acc1 85.77% acc5 98.53%
2026-02-26 17:24:18 - __main__ - INFO - Val:   loss 1.5832 acc1 67.71% acc5 89.97%
2026-02-26 17:24:18 - __main__ - INFO - 
Epoch 92/150 | lr 0.035589
2026-02-26 17:24:44 - __main__ - INFO - Train: loss 0.9268 acc1 85.68% acc5 98.55%
2026-02-26 17:24:44 - __main__ - INFO - Val:   loss 1.6121 acc1 67.00% acc5 89.70%
2026-02-26 17:24:44 - __main__ - INFO - 
Epoch 93/150 | lr 0.034556
2026-02-26 17:25:10 - __main__ - INFO - Train: loss 0.9249 acc1 85.69% acc5 98.57%
2026-02-26 17:25:10 - __main__ - INFO - Val:   loss 1.5711 acc1 67.46% acc5 90.19%
2026-02-26 17:25:10 - __main__ - INFO - 
Epoch 94/150 | lr 0.033529
2026-02-26 17:25:34 - __main__ - INFO - Train: loss 0.8770 acc1 87.40% acc5 98.90%
2026-02-26 17:25:34 - __main__ - INFO - Val:   loss 1.6216 acc1 66.60% acc5 89.29%
2026-02-26 17:25:34 - __main__ - INFO - 
Epoch 95/150 | lr 0.032510
2026-02-26 17:26:00 - __main__ - INFO - Train: loss 0.8871 acc1 87.12% acc5 98.73%
2026-02-26 17:26:00 - __main__ - INFO - Val:   loss 1.6039 acc1 67.24% acc5 90.24%
2026-02-26 17:26:00 - __main__ - INFO - 
Epoch 96/150 | lr 0.031500
2026-02-26 17:26:25 - __main__ - INFO - Train: loss 0.8686 acc1 87.79% acc5 98.82%
2026-02-26 17:26:25 - __main__ - INFO - Val:   loss 1.5557 acc1 67.96% acc5 90.40%
2026-02-26 17:26:25 - __main__ - INFO - 
Epoch 97/150 | lr 0.030498
2026-02-26 17:26:50 - __main__ - INFO - Train: loss 0.8412 acc1 88.75% acc5 99.11%
2026-02-26 17:26:50 - __main__ - INFO - Val:   loss 1.5793 acc1 68.69% acc5 90.17%
2026-02-26 17:26:50 - __main__ - INFO - saved best: 68.69%
2026-02-26 17:26:50 - __main__ - INFO - 
Epoch 98/150 | lr 0.029505
2026-02-26 17:27:14 - __main__ - INFO - Train: loss 0.8233 acc1 89.48% acc5 99.11%
2026-02-26 17:27:14 - __main__ - INFO - Val:   loss 1.6305 acc1 67.59% acc5 89.63%
2026-02-26 17:27:14 - __main__ - INFO - 
Epoch 99/150 | lr 0.028522
2026-02-26 17:27:38 - __main__ - INFO - Train: loss 0.7993 acc1 90.24% acc5 99.36%
2026-02-26 17:27:38 - __main__ - INFO - Val:   loss 1.5057 acc1 70.36% acc5 91.06%
2026-02-26 17:27:38 - __main__ - INFO - saved best: 70.36%
2026-02-26 17:27:38 - __main__ - INFO - 
Epoch 100/150 | lr 0.027549
2026-02-26 17:28:03 - __main__ - INFO - Train: loss 0.7986 acc1 90.32% acc5 99.30%
2026-02-26 17:28:03 - __main__ - INFO - Val:   loss 1.5053 acc1 69.69% acc5 90.81%
2026-02-26 17:28:03 - __main__ - INFO - 
Epoch 101/150 | lr 0.026587
2026-02-26 17:28:27 - __main__ - INFO - Train: loss 0.7936 acc1 90.35% acc5 99.28%
2026-02-26 17:28:27 - __main__ - INFO - Val:   loss 1.5351 acc1 69.86% acc5 90.69%
2026-02-26 17:28:27 - __main__ - INFO - 
Epoch 102/150 | lr 0.025635
2026-02-26 17:28:53 - __main__ - INFO - Train: loss 0.7871 acc1 90.58% acc5 99.33%
2026-02-26 17:28:53 - __main__ - INFO - Val:   loss 1.5122 acc1 69.63% acc5 91.00%
2026-02-26 17:28:53 - __main__ - INFO - 
Epoch 103/150 | lr 0.024695
2026-02-26 17:29:19 - __main__ - INFO - Train: loss 0.7715 acc1 91.11% acc5 99.46%
2026-02-26 17:29:19 - __main__ - INFO - Val:   loss 1.4996 acc1 70.40% acc5 91.17%
2026-02-26 17:29:19 - __main__ - INFO - saved best: 70.40%
2026-02-26 17:29:19 - __main__ - INFO - 
Epoch 104/150 | lr 0.023767
2026-02-26 17:29:45 - __main__ - INFO - Train: loss 0.7493 acc1 92.01% acc5 99.51%
2026-02-26 17:29:45 - __main__ - INFO - Val:   loss 1.5238 acc1 70.13% acc5 90.67%
2026-02-26 17:29:45 - __main__ - INFO - 
Epoch 105/150 | lr 0.022852
2026-02-26 17:30:10 - __main__ - INFO - Train: loss 0.7325 acc1 92.52% acc5 99.55%
2026-02-26 17:30:10 - __main__ - INFO - Val:   loss 1.5405 acc1 69.88% acc5 90.09%
2026-02-26 17:30:10 - __main__ - INFO - 
Epoch 106/150 | lr 0.021948
2026-02-26 17:30:34 - __main__ - INFO - Train: loss 0.7112 acc1 93.30% acc5 99.63%
2026-02-26 17:30:34 - __main__ - INFO - Val:   loss 1.4887 acc1 70.56% acc5 90.93%
2026-02-26 17:30:34 - __main__ - INFO - saved best: 70.56%
2026-02-26 17:30:34 - __main__ - INFO - 
Epoch 107/150 | lr 0.021059
2026-02-26 17:31:00 - __main__ - INFO - Train: loss 0.7064 acc1 93.51% acc5 99.65%
2026-02-26 17:31:00 - __main__ - INFO - Val:   loss 1.4509 acc1 71.78% acc5 91.48%
2026-02-26 17:31:00 - __main__ - INFO - saved best: 71.78%
2026-02-26 17:31:00 - __main__ - INFO - 
Epoch 108/150 | lr 0.020182
2026-02-26 17:31:25 - __main__ - INFO - Train: loss 0.6943 acc1 93.90% acc5 99.70%
2026-02-26 17:31:25 - __main__ - INFO - Val:   loss 1.5021 acc1 70.72% acc5 90.64%
2026-02-26 17:31:25 - __main__ - INFO - 
Epoch 109/150 | lr 0.019320
2026-02-26 17:31:51 - __main__ - INFO - Train: loss 0.6950 acc1 93.81% acc5 99.66%
2026-02-26 17:31:51 - __main__ - INFO - Val:   loss 1.4612 acc1 71.71% acc5 91.39%
2026-02-26 17:31:51 - __main__ - INFO - 
Epoch 110/150 | lr 0.018472
2026-02-26 17:32:16 - __main__ - INFO - Train: loss 0.6657 acc1 94.87% acc5 99.78%
2026-02-26 17:32:16 - __main__ - INFO - Val:   loss 1.4366 acc1 72.73% acc5 91.88%
2026-02-26 17:32:16 - __main__ - INFO - saved best: 72.73%
2026-02-26 17:32:16 - __main__ - INFO - 
Epoch 111/150 | lr 0.017639
2026-02-26 17:32:42 - __main__ - INFO - Train: loss 0.6615 acc1 94.91% acc5 99.75%
2026-02-26 17:32:42 - __main__ - INFO - Val:   loss 1.4742 acc1 71.61% acc5 91.05%
2026-02-26 17:32:42 - __main__ - INFO - 
Epoch 112/150 | lr 0.016821
2026-02-26 17:33:06 - __main__ - INFO - Train: loss 0.6371 acc1 95.79% acc5 99.78%
2026-02-26 17:33:06 - __main__ - INFO - Val:   loss 1.4167 acc1 72.43% acc5 91.94%
2026-02-26 17:33:06 - __main__ - INFO - 
Epoch 113/150 | lr 0.016019
2026-02-26 17:33:32 - __main__ - INFO - Train: loss 0.6312 acc1 95.92% acc5 99.85%
2026-02-26 17:33:32 - __main__ - INFO - Val:   loss 1.4111 acc1 73.14% acc5 91.68%
2026-02-26 17:33:32 - __main__ - INFO - saved best: 73.14%
2026-02-26 17:33:32 - __main__ - INFO - 
Epoch 114/150 | lr 0.015232
2026-02-26 17:33:58 - __main__ - INFO - Train: loss 0.6201 acc1 96.23% acc5 99.86%
2026-02-26 17:33:58 - __main__ - INFO - Val:   loss 1.4305 acc1 72.01% acc5 91.88%
2026-02-26 17:33:58 - __main__ - INFO - 
Epoch 115/150 | lr 0.014462
2026-02-26 17:34:23 - __main__ - INFO - Train: loss 0.6146 acc1 96.45% acc5 99.87%
2026-02-26 17:34:23 - __main__ - INFO - Val:   loss 1.4054 acc1 73.36% acc5 91.92%
2026-02-26 17:34:23 - __main__ - INFO - saved best: 73.36%
2026-02-26 17:34:23 - __main__ - INFO - 
Epoch 116/150 | lr 0.013709
2026-02-26 17:34:49 - __main__ - INFO - Train: loss 0.5947 acc1 97.13% acc5 99.92%
2026-02-26 17:34:49 - __main__ - INFO - Val:   loss 1.3958 acc1 74.04% acc5 92.23%
2026-02-26 17:34:49 - __main__ - INFO - saved best: 74.04%
2026-02-26 17:34:49 - __main__ - INFO - 
Epoch 117/150 | lr 0.012973
2026-02-26 17:35:14 - __main__ - INFO - Train: loss 0.5838 acc1 97.36% acc5 99.94%
2026-02-26 17:35:14 - __main__ - INFO - Val:   loss 1.3598 acc1 74.85% acc5 92.37%
2026-02-26 17:35:14 - __main__ - INFO - saved best: 74.85%
2026-02-26 17:35:14 - __main__ - INFO - 
Epoch 118/150 | lr 0.012254
2026-02-26 17:35:40 - __main__ - INFO - Train: loss 0.5749 acc1 97.65% acc5 99.92%
2026-02-26 17:35:40 - __main__ - INFO - Val:   loss 1.3601 acc1 74.56% acc5 92.17%
2026-02-26 17:35:40 - __main__ - INFO - 
Epoch 119/150 | lr 0.011552
2026-02-26 17:36:05 - __main__ - INFO - Train: loss 0.5650 acc1 97.84% acc5 99.92%
2026-02-26 17:36:05 - __main__ - INFO - Val:   loss 1.3370 acc1 75.07% acc5 92.62%
2026-02-26 17:36:05 - __main__ - INFO - saved best: 75.07%
2026-02-26 17:36:05 - __main__ - INFO - 
Epoch 120/150 | lr 0.010869
2026-02-26 17:36:30 - __main__ - INFO - Train: loss 0.5519 acc1 98.31% acc5 99.96%
2026-02-26 17:36:30 - __main__ - INFO - Val:   loss 1.3233 acc1 75.69% acc5 92.97%
2026-02-26 17:36:30 - __main__ - INFO - saved best: 75.69%
2026-02-26 17:36:30 - __main__ - INFO - 
Epoch 121/150 | lr 0.010204
2026-02-26 17:36:55 - __main__ - INFO - Train: loss 0.5461 acc1 98.35% acc5 99.94%
2026-02-26 17:36:55 - __main__ - INFO - Val:   loss 1.3196 acc1 75.66% acc5 92.70%
2026-02-26 17:36:55 - __main__ - INFO - 
Epoch 122/150 | lr 0.009558
2026-02-26 17:37:19 - __main__ - INFO - Train: loss 0.5380 acc1 98.57% acc5 99.97%
2026-02-26 17:37:19 - __main__ - INFO - Val:   loss 1.2944 acc1 76.48% acc5 93.24%
2026-02-26 17:37:19 - __main__ - INFO - saved best: 76.48%
2026-02-26 17:37:19 - __main__ - INFO - 
Epoch 123/150 | lr 0.008931
2026-02-26 17:37:45 - __main__ - INFO - Train: loss 0.5338 acc1 98.72% acc5 99.96%
2026-02-26 17:37:45 - __main__ - INFO - Val:   loss 1.2997 acc1 76.32% acc5 92.80%
2026-02-26 17:37:45 - __main__ - INFO - 
Epoch 124/150 | lr 0.008323
2026-02-26 17:38:09 - __main__ - INFO - Train: loss 0.5243 acc1 98.89% acc5 99.99%
2026-02-26 17:38:09 - __main__ - INFO - Val:   loss 1.2942 acc1 76.49% acc5 93.16%
2026-02-26 17:38:09 - __main__ - INFO - saved best: 76.49%
2026-02-26 17:38:09 - __main__ - INFO - 
Epoch 125/150 | lr 0.007735
2026-02-26 17:38:34 - __main__ - INFO - Train: loss 0.5179 acc1 99.08% acc5 99.98%
2026-02-26 17:38:34 - __main__ - INFO - Val:   loss 1.2976 acc1 77.10% acc5 93.07%
2026-02-26 17:38:34 - __main__ - INFO - saved best: 77.10%
2026-02-26 17:38:34 - __main__ - INFO - 
Epoch 126/150 | lr 0.007166
2026-02-26 17:38:59 - __main__ - INFO - Train: loss 0.5131 acc1 99.19% acc5 99.98%
2026-02-26 17:38:59 - __main__ - INFO - Val:   loss 1.2960 acc1 76.83% acc5 92.72%
2026-02-26 17:38:59 - __main__ - INFO - 
Epoch 127/150 | lr 0.006618
2026-02-26 17:39:23 - __main__ - INFO - Train: loss 0.5070 acc1 99.30% acc5 99.98%
2026-02-26 17:39:23 - __main__ - INFO - Val:   loss 1.3015 acc1 76.48% acc5 92.99%
2026-02-26 17:39:23 - __main__ - INFO - 
Epoch 128/150 | lr 0.006090
2026-02-26 17:39:47 - __main__ - INFO - Train: loss 0.5036 acc1 99.34% acc5 99.99%
2026-02-26 17:39:47 - __main__ - INFO - Val:   loss 1.2862 acc1 77.26% acc5 93.37%
2026-02-26 17:39:47 - __main__ - INFO - saved best: 77.26%
2026-02-26 17:39:47 - __main__ - INFO - 
Epoch 129/150 | lr 0.005583
2026-02-26 17:40:12 - __main__ - INFO - Train: loss 0.5004 acc1 99.38% acc5 99.99%
2026-02-26 17:40:12 - __main__ - INFO - Val:   loss 1.2815 acc1 77.19% acc5 93.17%
2026-02-26 17:40:12 - __main__ - INFO - 
Epoch 130/150 | lr 0.005096
2026-02-26 17:40:37 - __main__ - INFO - Train: loss 0.4956 acc1 99.50% acc5 100.00%
2026-02-26 17:40:37 - __main__ - INFO - Val:   loss 1.2861 acc1 77.10% acc5 92.95%
2026-02-26 17:40:37 - __main__ - INFO - 
Epoch 131/150 | lr 0.004631
2026-02-26 17:41:00 - __main__ - INFO - Train: loss 0.4913 acc1 99.55% acc5 99.99%
2026-02-26 17:41:00 - __main__ - INFO - Val:   loss 1.2799 acc1 77.68% acc5 93.05%
2026-02-26 17:41:00 - __main__ - INFO - saved best: 77.68%
2026-02-26 17:41:00 - __main__ - INFO - 
Epoch 132/150 | lr 0.004187
2026-02-26 17:41:25 - __main__ - INFO - Train: loss 0.4912 acc1 99.53% acc5 100.00%
2026-02-26 17:41:25 - __main__ - INFO - Val:   loss 1.2790 acc1 77.58% acc5 93.26%
2026-02-26 17:41:25 - __main__ - INFO - 
Epoch 133/150 | lr 0.003764
2026-02-26 17:41:50 - __main__ - INFO - Train: loss 0.4867 acc1 99.61% acc5 100.00%
2026-02-26 17:41:50 - __main__ - INFO - Val:   loss 1.2672 acc1 77.72% acc5 93.17%
2026-02-26 17:41:50 - __main__ - INFO - saved best: 77.72%
2026-02-26 17:41:50 - __main__ - INFO - 
Epoch 134/150 | lr 0.003363
2026-02-26 17:42:13 - __main__ - INFO - Train: loss 0.4831 acc1 99.68% acc5 100.00%
2026-02-26 17:42:13 - __main__ - INFO - Val:   loss 1.2803 acc1 77.66% acc5 93.03%
2026-02-26 17:42:13 - __main__ - INFO - 
Epoch 135/150 | lr 0.002984
2026-02-26 17:42:40 - __main__ - INFO - Train: loss 0.4865 acc1 99.65% acc5 99.99%
2026-02-26 17:42:40 - __main__ - INFO - Val:   loss 1.2744 acc1 77.96% acc5 93.21%
2026-02-26 17:42:40 - __main__ - INFO - saved best: 77.96%
2026-02-26 17:42:40 - __main__ - INFO - 
Epoch 136/150 | lr 0.002627
2026-02-26 17:43:03 - __main__ - INFO - Train: loss 0.4809 acc1 99.69% acc5 99.99%
2026-02-26 17:43:03 - __main__ - INFO - Val:   loss 1.2800 acc1 77.53% acc5 93.40%
2026-02-26 17:43:03 - __main__ - INFO - 
Epoch 137/150 | lr 0.002292
2026-02-26 17:43:28 - __main__ - INFO - Train: loss 0.4788 acc1 99.73% acc5 100.00%
2026-02-26 17:43:28 - __main__ - INFO - Val:   loss 1.2788 acc1 77.74% acc5 93.13%
2026-02-26 17:43:28 - __main__ - INFO - 
Epoch 138/150 | lr 0.001980
2026-02-26 17:43:52 - __main__ - INFO - Train: loss 0.4788 acc1 99.75% acc5 100.00%
2026-02-26 17:43:52 - __main__ - INFO - Val:   loss 1.2679 acc1 77.76% acc5 93.28%
2026-02-26 17:43:52 - __main__ - INFO - 
Epoch 139/150 | lr 0.001690
2026-02-26 17:44:17 - __main__ - INFO - Train: loss 0.4781 acc1 99.73% acc5 100.00%
2026-02-26 17:44:17 - __main__ - INFO - Val:   loss 1.2695 acc1 78.06% acc5 93.37%
2026-02-26 17:44:17 - __main__ - INFO - saved best: 78.06%
2026-02-26 17:44:17 - __main__ - INFO - 
Epoch 140/150 | lr 0.001423
2026-02-26 17:44:41 - __main__ - INFO - Train: loss 0.4759 acc1 99.79% acc5 100.00%
2026-02-26 17:44:41 - __main__ - INFO - Val:   loss 1.2711 acc1 77.94% acc5 93.40%
2026-02-26 17:44:41 - __main__ - INFO - 
Epoch 141/150 | lr 0.001179
2026-02-26 17:45:07 - __main__ - INFO - Train: loss 0.4773 acc1 99.75% acc5 100.00%
2026-02-26 17:45:07 - __main__ - INFO - Val:   loss 1.2700 acc1 78.00% acc5 93.50%
2026-02-26 17:45:07 - __main__ - INFO - 
Epoch 142/150 | lr 0.000957
2026-02-26 17:45:33 - __main__ - INFO - Train: loss 0.4766 acc1 99.76% acc5 100.00%
2026-02-26 17:45:33 - __main__ - INFO - Val:   loss 1.2679 acc1 78.31% acc5 93.24%
2026-02-26 17:45:33 - __main__ - INFO - saved best: 78.31%
2026-02-26 17:45:33 - __main__ - INFO - 
Epoch 143/150 | lr 0.000759
2026-02-26 17:45:57 - __main__ - INFO - Train: loss 0.4742 acc1 99.77% acc5 100.00%
2026-02-26 17:45:57 - __main__ - INFO - Val:   loss 1.2727 acc1 78.37% acc5 93.17%
2026-02-26 17:45:57 - __main__ - INFO - saved best: 78.37%
2026-02-26 17:45:57 - __main__ - INFO - 
Epoch 144/150 | lr 0.000584
2026-02-26 17:46:21 - __main__ - INFO - Train: loss 0.4728 acc1 99.81% acc5 100.00%
2026-02-26 17:46:21 - __main__ - INFO - Val:   loss 1.2691 acc1 78.37% acc5 93.38%
2026-02-26 17:46:21 - __main__ - INFO - 
Epoch 145/150 | lr 0.000432
2026-02-26 17:46:48 - __main__ - INFO - Train: loss 0.4763 acc1 99.80% acc5 100.00%
2026-02-26 17:46:48 - __main__ - INFO - Val:   loss 1.2683 acc1 78.53% acc5 93.42%
2026-02-26 17:46:48 - __main__ - INFO - saved best: 78.53%
2026-02-26 17:46:48 - __main__ - INFO - 
Epoch 146/150 | lr 0.000303
2026-02-26 17:47:13 - __main__ - INFO - Train: loss 0.4743 acc1 99.80% acc5 100.00%
2026-02-26 17:47:13 - __main__ - INFO - Val:   loss 1.2702 acc1 78.29% acc5 93.32%
2026-02-26 17:47:13 - __main__ - INFO - 
Epoch 147/150 | lr 0.000198
2026-02-26 17:47:39 - __main__ - INFO - Train: loss 0.4745 acc1 99.80% acc5 100.00%
2026-02-26 17:47:39 - __main__ - INFO - Val:   loss 1.2717 acc1 78.41% acc5 93.21%
2026-02-26 17:47:39 - __main__ - INFO - 
Epoch 148/150 | lr 0.000116
2026-02-26 17:48:04 - __main__ - INFO - Train: loss 0.4725 acc1 99.81% acc5 100.00%
2026-02-26 17:48:04 - __main__ - INFO - Val:   loss 1.2666 acc1 78.35% acc5 93.32%
2026-02-26 17:48:04 - __main__ - INFO - 
Epoch 149/150 | lr 0.000057
2026-02-26 17:48:29 - __main__ - INFO - Train: loss 0.4732 acc1 99.80% acc5 100.00%
2026-02-26 17:48:29 - __main__ - INFO - Val:   loss 1.2743 acc1 78.21% acc5 93.29%
2026-02-26 17:48:29 - __main__ - INFO - 
Epoch 150/150 | lr 0.000022
2026-02-26 17:48:54 - __main__ - INFO - Train: loss 0.4733 acc1 99.79% acc5 99.99%
2026-02-26 17:48:54 - __main__ - INFO - Val:   loss 1.2710 acc1 78.43% acc5 93.30%
2026-02-26 17:48:55 - __main__ - INFO - 
Best tracked (val): 78.53%
2026-02-26 17:48:55 - __main__ - INFO - Final test: loss 1.2800 acc1 77.61% acc5 93.39%
2026-02-26 17:48:56 - graphics - INFO - Metrics plot saved to ./run_results/cam_high/metrics_plot.png
