2026-02-26 16:09:23 - __main__ - INFO - Run parameters: {"amp": true, "batch_size": 128, "cam_layer": "layer2", "data_dir": "./data", "dataset": "cifar100", "epochs": 150, "gamma": 0.1, "label_smoothing": 0.05, "log_every": 1000, "lr": 0.1, "mask_area": 0.2, "mask_block": 8, "mask_prob": 0.5, "mask_warmup_epochs": 0, "masking": "random", "milestones": "60,80", "min_lr": 1e-05, "model": "resnet18", "momentum": 0.9, "nesterov": true, "num_workers": 2, "out_dir": "./run_results", "run_name": "random", "scheduler": "cosine", "seed": 42, "val_split": 0.1, "warmup_epochs": 5, "weight_decay": 0.0005}
2026-02-26 16:09:24 - __main__ - INFO - device: cuda | cuda: True | gpu: NVIDIA L4
2026-02-26 16:09:44 - __main__ - INFO - Masking enabled: {'strategy': 'random', 'warmup_epochs': 0, 'prob': 0.5, 'area': 0.2, 'block': 8}
2026-02-26 16:09:44 - __main__ - INFO - Model: resnet18 | Dataset: cifar100 | Classes: 100
2026-02-26 16:09:44 - __main__ - INFO - 
Epoch 1/150 | lr 0.000100
2026-02-26 16:10:00 - __main__ - INFO - Train: loss 4.6407 acc1 1.35% acc5 6.21%
2026-02-26 16:10:00 - __main__ - INFO - Val:   loss 4.5793 acc1 2.08% acc5 8.00%
2026-02-26 16:10:00 - __main__ - INFO - saved best: 2.08%
2026-02-26 16:10:00 - __main__ - INFO - 
Epoch 2/150 | lr 0.020080
2026-02-26 16:10:15 - __main__ - INFO - Train: loss 3.8736 acc1 11.94% acc5 33.51%
2026-02-26 16:10:15 - __main__ - INFO - Val:   loss 3.6036 acc1 17.97% acc5 44.29%
2026-02-26 16:10:15 - __main__ - INFO - saved best: 17.97%
2026-02-26 16:10:15 - __main__ - INFO - 
Epoch 3/150 | lr 0.040060
2026-02-26 16:10:29 - __main__ - INFO - Train: loss 3.3797 acc1 21.04% acc5 49.39%
2026-02-26 16:10:29 - __main__ - INFO - Val:   loss 3.1437 acc1 26.94% acc5 56.57%
2026-02-26 16:10:29 - __main__ - INFO - saved best: 26.94%
2026-02-26 16:10:29 - __main__ - INFO - 
Epoch 4/150 | lr 0.060040
2026-02-26 16:10:43 - __main__ - INFO - Train: loss 2.9821 acc1 29.21% acc5 60.87%
2026-02-26 16:10:43 - __main__ - INFO - Val:   loss 2.9423 acc1 32.11% acc5 63.01%
2026-02-26 16:10:43 - __main__ - INFO - saved best: 32.11%
2026-02-26 16:10:43 - __main__ - INFO - 
Epoch 5/150 | lr 0.080020
2026-02-26 16:10:58 - __main__ - INFO - Train: loss 2.6854 acc1 35.62% acc5 68.65%
2026-02-26 16:10:58 - __main__ - INFO - Val:   loss 2.7598 acc1 35.17% acc5 66.99%
2026-02-26 16:10:58 - __main__ - INFO - saved best: 35.17%
2026-02-26 16:10:58 - __main__ - INFO - 
Epoch 6/150 | lr 0.100000
2026-02-26 16:11:12 - __main__ - INFO - Train: loss 2.4731 acc1 40.86% acc5 73.62%
2026-02-26 16:11:12 - __main__ - INFO - Val:   loss 2.5669 acc1 39.98% acc5 71.00%
2026-02-26 16:11:12 - __main__ - INFO - saved best: 39.98%
2026-02-26 16:11:12 - __main__ - INFO - 
Epoch 7/150 | lr 0.099988
2026-02-26 16:11:27 - __main__ - INFO - Train: loss 2.2641 acc1 46.34% acc5 78.23%
2026-02-26 16:11:27 - __main__ - INFO - Val:   loss 2.5651 acc1 42.10% acc5 73.12%
2026-02-26 16:11:27 - __main__ - INFO - saved best: 42.10%
2026-02-26 16:11:27 - __main__ - INFO - 
Epoch 8/150 | lr 0.099953
2026-02-26 16:11:41 - __main__ - INFO - Train: loss 2.1288 acc1 49.88% acc5 80.99%
2026-02-26 16:11:41 - __main__ - INFO - Val:   loss 2.3206 acc1 47.01% acc5 78.07%
2026-02-26 16:11:41 - __main__ - INFO - saved best: 47.01%
2026-02-26 16:11:41 - __main__ - INFO - 
Epoch 9/150 | lr 0.099894
2026-02-26 16:11:56 - __main__ - INFO - Train: loss 2.0407 acc1 51.96% acc5 82.66%
2026-02-26 16:11:56 - __main__ - INFO - Val:   loss 2.2797 acc1 46.68% acc5 78.31%
2026-02-26 16:11:56 - __main__ - INFO - 
Epoch 10/150 | lr 0.099812
2026-02-26 16:12:10 - __main__ - INFO - Train: loss 1.9791 acc1 53.77% acc5 84.07%
2026-02-26 16:12:10 - __main__ - INFO - Val:   loss 2.0876 acc1 50.45% acc5 82.24%
2026-02-26 16:12:10 - __main__ - INFO - saved best: 50.45%
2026-02-26 16:12:10 - __main__ - INFO - 
Epoch 11/150 | lr 0.099707
2026-02-26 16:12:25 - __main__ - INFO - Train: loss 1.9390 acc1 54.87% acc5 84.78%
2026-02-26 16:12:25 - __main__ - INFO - Val:   loss 2.1064 acc1 50.91% acc5 81.38%
2026-02-26 16:12:25 - __main__ - INFO - saved best: 50.91%
2026-02-26 16:12:25 - __main__ - INFO - 
Epoch 12/150 | lr 0.099578
2026-02-26 16:12:39 - __main__ - INFO - Train: loss 1.8773 acc1 56.73% acc5 85.72%
2026-02-26 16:12:39 - __main__ - INFO - Val:   loss 2.0426 acc1 52.46% acc5 82.58%
2026-02-26 16:12:39 - __main__ - INFO - saved best: 52.46%
2026-02-26 16:12:39 - __main__ - INFO - 
Epoch 13/150 | lr 0.099426
2026-02-26 16:12:54 - __main__ - INFO - Train: loss 1.8535 acc1 57.14% acc5 86.09%
2026-02-26 16:12:54 - __main__ - INFO - Val:   loss 2.1488 acc1 50.79% acc5 81.20%
2026-02-26 16:12:54 - __main__ - INFO - 
Epoch 14/150 | lr 0.099251
2026-02-26 16:13:08 - __main__ - INFO - Train: loss 1.8065 acc1 58.49% acc5 86.96%
2026-02-26 16:13:08 - __main__ - INFO - Val:   loss 2.1601 acc1 50.55% acc5 80.32%
2026-02-26 16:13:08 - __main__ - INFO - 
Epoch 15/150 | lr 0.099053
2026-02-26 16:13:23 - __main__ - INFO - Train: loss 1.7807 acc1 59.43% acc5 87.39%
2026-02-26 16:13:23 - __main__ - INFO - Val:   loss 2.1741 acc1 50.40% acc5 80.52%
2026-02-26 16:13:23 - __main__ - INFO - 
Epoch 16/150 | lr 0.098831
2026-02-26 16:13:37 - __main__ - INFO - Train: loss 1.7566 acc1 60.23% acc5 87.77%
2026-02-26 16:13:37 - __main__ - INFO - Val:   loss 2.1134 acc1 51.82% acc5 81.92%
2026-02-26 16:13:37 - __main__ - INFO - 
Epoch 17/150 | lr 0.098587
2026-02-26 16:13:52 - __main__ - INFO - Train: loss 1.7413 acc1 60.67% acc5 88.07%
2026-02-26 16:13:52 - __main__ - INFO - Val:   loss 1.9906 acc1 54.78% acc5 84.08%
2026-02-26 16:13:52 - __main__ - INFO - saved best: 54.78%
2026-02-26 16:13:52 - __main__ - INFO - 
Epoch 18/150 | lr 0.098320
2026-02-26 16:14:06 - __main__ - INFO - Train: loss 1.7132 acc1 61.15% acc5 88.63%
2026-02-26 16:14:06 - __main__ - INFO - Val:   loss 2.0693 acc1 53.40% acc5 82.46%
2026-02-26 16:14:06 - __main__ - INFO - 
Epoch 19/150 | lr 0.098030
2026-02-26 16:14:20 - __main__ - INFO - Train: loss 1.6902 acc1 61.98% acc5 88.98%
2026-02-26 16:14:20 - __main__ - INFO - Val:   loss 2.0037 acc1 54.65% acc5 83.76%
2026-02-26 16:14:20 - __main__ - INFO - 
Epoch 20/150 | lr 0.097718
2026-02-26 16:14:34 - __main__ - INFO - Train: loss 1.6805 acc1 62.20% acc5 89.04%
2026-02-26 16:14:34 - __main__ - INFO - Val:   loss 1.9312 acc1 55.56% acc5 83.82%
2026-02-26 16:14:34 - __main__ - INFO - saved best: 55.56%
2026-02-26 16:14:34 - __main__ - INFO - 
Epoch 21/150 | lr 0.097383
2026-02-26 16:14:49 - __main__ - INFO - Train: loss 1.6628 acc1 62.82% acc5 89.28%
2026-02-26 16:14:49 - __main__ - INFO - Val:   loss 1.9272 acc1 56.82% acc5 85.02%
2026-02-26 16:14:49 - __main__ - INFO - saved best: 56.82%
2026-02-26 16:14:49 - __main__ - INFO - 
Epoch 22/150 | lr 0.097026
2026-02-26 16:15:04 - __main__ - INFO - Train: loss 1.6467 acc1 63.24% acc5 89.47%
2026-02-26 16:15:04 - __main__ - INFO - Val:   loss 1.8298 acc1 59.04% acc5 86.88%
2026-02-26 16:15:04 - __main__ - INFO - saved best: 59.04%
2026-02-26 16:15:04 - __main__ - INFO - 
Epoch 23/150 | lr 0.096647
2026-02-26 16:15:18 - __main__ - INFO - Train: loss 1.6421 acc1 63.40% acc5 89.63%
2026-02-26 16:15:18 - __main__ - INFO - Val:   loss 2.0354 acc1 53.27% acc5 83.39%
2026-02-26 16:15:18 - __main__ - INFO - 
Epoch 24/150 | lr 0.096246
2026-02-26 16:15:33 - __main__ - INFO - Train: loss 1.6206 acc1 63.81% acc5 89.98%
2026-02-26 16:15:33 - __main__ - INFO - Val:   loss 1.9557 acc1 56.36% acc5 84.45%
2026-02-26 16:15:33 - __main__ - INFO - 
Epoch 25/150 | lr 0.095823
2026-02-26 16:15:47 - __main__ - INFO - Train: loss 1.6096 acc1 64.20% acc5 90.21%
2026-02-26 16:15:47 - __main__ - INFO - Val:   loss 1.9241 acc1 57.04% acc5 84.46%
2026-02-26 16:15:47 - __main__ - INFO - 
Epoch 26/150 | lr 0.095379
2026-02-26 16:16:02 - __main__ - INFO - Train: loss 1.5880 acc1 65.06% acc5 90.55%
2026-02-26 16:16:02 - __main__ - INFO - Val:   loss 1.8841 acc1 58.48% acc5 85.49%
2026-02-26 16:16:02 - __main__ - INFO - 
Epoch 27/150 | lr 0.094914
2026-02-26 16:16:16 - __main__ - INFO - Train: loss 1.5839 acc1 65.19% acc5 90.55%
2026-02-26 16:16:16 - __main__ - INFO - Val:   loss 2.0967 acc1 52.37% acc5 82.34%
2026-02-26 16:16:16 - __main__ - INFO - 
Epoch 28/150 | lr 0.094427
2026-02-26 16:16:30 - __main__ - INFO - Train: loss 1.5769 acc1 65.10% acc5 90.85%
2026-02-26 16:16:30 - __main__ - INFO - Val:   loss 1.9050 acc1 57.41% acc5 85.07%
2026-02-26 16:16:30 - __main__ - INFO - 
Epoch 29/150 | lr 0.093920
2026-02-26 16:16:45 - __main__ - INFO - Train: loss 1.5602 acc1 65.78% acc5 90.86%
2026-02-26 16:16:45 - __main__ - INFO - Val:   loss 1.9601 acc1 56.06% acc5 84.87%
2026-02-26 16:16:45 - __main__ - INFO - 
Epoch 30/150 | lr 0.093392
2026-02-26 16:16:59 - __main__ - INFO - Train: loss 1.5520 acc1 66.04% acc5 90.90%
2026-02-26 16:16:59 - __main__ - INFO - Val:   loss 1.8833 acc1 58.18% acc5 85.28%
2026-02-26 16:16:59 - __main__ - INFO - 
Epoch 31/150 | lr 0.092844
2026-02-26 16:17:14 - __main__ - INFO - Train: loss 1.5498 acc1 66.07% acc5 91.15%
2026-02-26 16:17:14 - __main__ - INFO - Val:   loss 1.9970 acc1 56.16% acc5 84.03%
2026-02-26 16:17:14 - __main__ - INFO - 
Epoch 32/150 | lr 0.092275
2026-02-26 16:17:29 - __main__ - INFO - Train: loss 1.5405 acc1 66.18% acc5 91.43%
2026-02-26 16:17:29 - __main__ - INFO - Val:   loss 1.8404 acc1 59.20% acc5 86.39%
2026-02-26 16:17:29 - __main__ - INFO - saved best: 59.20%
2026-02-26 16:17:29 - __main__ - INFO - 
Epoch 33/150 | lr 0.091687
2026-02-26 16:17:43 - __main__ - INFO - Train: loss 1.5299 acc1 66.67% acc5 91.42%
2026-02-26 16:17:43 - __main__ - INFO - Val:   loss 2.0111 acc1 55.68% acc5 83.92%
2026-02-26 16:17:43 - __main__ - INFO - 
Epoch 34/150 | lr 0.091079
2026-02-26 16:17:59 - __main__ - INFO - Train: loss 1.5365 acc1 66.39% acc5 91.28%
2026-02-26 16:17:59 - __main__ - INFO - Val:   loss 1.8866 acc1 57.70% acc5 85.26%
2026-02-26 16:17:59 - __main__ - INFO - 
Epoch 35/150 | lr 0.090452
2026-02-26 16:18:13 - __main__ - INFO - Train: loss 1.4967 acc1 67.62% acc5 91.92%
2026-02-26 16:18:13 - __main__ - INFO - Val:   loss 1.8681 acc1 58.52% acc5 86.20%
2026-02-26 16:18:13 - __main__ - INFO - 
Epoch 36/150 | lr 0.089806
2026-02-26 16:18:27 - __main__ - INFO - Train: loss 1.4927 acc1 67.37% acc5 92.02%
2026-02-26 16:18:27 - __main__ - INFO - Val:   loss 1.9507 acc1 57.32% acc5 84.40%
2026-02-26 16:18:27 - __main__ - INFO - 
Epoch 37/150 | lr 0.089141
2026-02-26 16:18:42 - __main__ - INFO - Train: loss 1.4950 acc1 67.79% acc5 92.01%
2026-02-26 16:18:42 - __main__ - INFO - Val:   loss 1.8699 acc1 58.58% acc5 86.39%
2026-02-26 16:18:42 - __main__ - INFO - 
Epoch 38/150 | lr 0.088458
2026-02-26 16:18:56 - __main__ - INFO - Train: loss 1.4833 acc1 68.01% acc5 92.16%
2026-02-26 16:18:56 - __main__ - INFO - Val:   loss 1.8530 acc1 58.43% acc5 86.82%
2026-02-26 16:18:56 - __main__ - INFO - 
Epoch 39/150 | lr 0.087756
2026-02-26 16:19:11 - __main__ - INFO - Train: loss 1.4818 acc1 68.15% acc5 92.12%
2026-02-26 16:19:11 - __main__ - INFO - Val:   loss 1.8495 acc1 59.83% acc5 86.40%
2026-02-26 16:19:11 - __main__ - INFO - saved best: 59.83%
2026-02-26 16:19:11 - __main__ - INFO - 
Epoch 40/150 | lr 0.087037
2026-02-26 16:19:26 - __main__ - INFO - Train: loss 1.4594 acc1 68.84% acc5 92.54%
2026-02-26 16:19:26 - __main__ - INFO - Val:   loss 1.7497 acc1 61.68% acc5 88.02%
2026-02-26 16:19:26 - __main__ - INFO - saved best: 61.68%
2026-02-26 16:19:26 - __main__ - INFO - 
Epoch 41/150 | lr 0.086301
2026-02-26 16:19:40 - __main__ - INFO - Train: loss 1.4426 acc1 69.31% acc5 92.76%
2026-02-26 16:19:40 - __main__ - INFO - Val:   loss 1.9139 acc1 56.69% acc5 85.21%
2026-02-26 16:19:40 - __main__ - INFO - 
Epoch 42/150 | lr 0.085548
2026-02-26 16:19:54 - __main__ - INFO - Train: loss 1.4503 acc1 69.19% acc5 92.64%
2026-02-26 16:19:54 - __main__ - INFO - Val:   loss 1.8920 acc1 57.61% acc5 85.18%
2026-02-26 16:19:54 - __main__ - INFO - 
Epoch 43/150 | lr 0.084778
2026-02-26 16:20:09 - __main__ - INFO - Train: loss 1.4316 acc1 69.66% acc5 92.83%
2026-02-26 16:20:09 - __main__ - INFO - Val:   loss 1.8791 acc1 58.68% acc5 86.09%
2026-02-26 16:20:09 - __main__ - INFO - 
Epoch 44/150 | lr 0.083991
2026-02-26 16:20:24 - __main__ - INFO - Train: loss 1.4449 acc1 69.18% acc5 92.63%
2026-02-26 16:20:24 - __main__ - INFO - Val:   loss 1.7378 acc1 61.66% acc5 87.90%
2026-02-26 16:20:24 - __main__ - INFO - 
Epoch 45/150 | lr 0.083189
2026-02-26 16:20:38 - __main__ - INFO - Train: loss 1.4207 acc1 69.82% acc5 93.13%
2026-02-26 16:20:38 - __main__ - INFO - Val:   loss 1.8196 acc1 59.93% acc5 86.52%
2026-02-26 16:20:38 - __main__ - INFO - 
Epoch 46/150 | lr 0.082371
2026-02-26 16:20:52 - __main__ - INFO - Train: loss 1.4011 acc1 70.62% acc5 93.38%
2026-02-26 16:20:52 - __main__ - INFO - Val:   loss 1.6859 acc1 63.95% acc5 87.90%
2026-02-26 16:20:52 - __main__ - INFO - saved best: 63.95%
2026-02-26 16:20:52 - __main__ - INFO - 
Epoch 47/150 | lr 0.081538
2026-02-26 16:21:07 - __main__ - INFO - Train: loss 1.4056 acc1 70.61% acc5 93.30%
2026-02-26 16:21:07 - __main__ - INFO - Val:   loss 1.7637 acc1 61.05% acc5 88.22%
2026-02-26 16:21:07 - __main__ - INFO - 
Epoch 48/150 | lr 0.080690
2026-02-26 16:21:21 - __main__ - INFO - Train: loss 1.3955 acc1 70.83% acc5 93.37%
2026-02-26 16:21:21 - __main__ - INFO - Val:   loss 1.8839 acc1 58.14% acc5 85.26%
2026-02-26 16:21:21 - __main__ - INFO - 
Epoch 49/150 | lr 0.079828
2026-02-26 16:21:36 - __main__ - INFO - Train: loss 1.3958 acc1 70.78% acc5 93.36%
2026-02-26 16:21:36 - __main__ - INFO - Val:   loss 1.8259 acc1 60.15% acc5 87.45%
2026-02-26 16:21:36 - __main__ - INFO - 
Epoch 50/150 | lr 0.078951
2026-02-26 16:21:51 - __main__ - INFO - Train: loss 1.3852 acc1 71.10% acc5 93.58%
2026-02-26 16:21:51 - __main__ - INFO - Val:   loss 1.8574 acc1 59.13% acc5 86.49%
2026-02-26 16:21:51 - __main__ - INFO - 
Epoch 51/150 | lr 0.078062
2026-02-26 16:22:06 - __main__ - INFO - Train: loss 1.3699 acc1 71.59% acc5 93.78%
2026-02-26 16:22:06 - __main__ - INFO - Val:   loss 1.8684 acc1 59.08% acc5 86.07%
2026-02-26 16:22:06 - __main__ - INFO - 
Epoch 52/150 | lr 0.077158
2026-02-26 16:22:20 - __main__ - INFO - Train: loss 1.3522 acc1 72.04% acc5 93.94%
2026-02-26 16:22:20 - __main__ - INFO - Val:   loss 1.7673 acc1 61.85% acc5 88.36%
2026-02-26 16:22:20 - __main__ - INFO - 
Epoch 53/150 | lr 0.076243
2026-02-26 16:22:34 - __main__ - INFO - Train: loss 1.3449 acc1 72.17% acc5 94.05%
2026-02-26 16:22:34 - __main__ - INFO - Val:   loss 1.8495 acc1 60.73% acc5 86.30%
2026-02-26 16:22:34 - __main__ - INFO - 
Epoch 54/150 | lr 0.075315
2026-02-26 16:22:49 - __main__ - INFO - Train: loss 1.3457 acc1 72.14% acc5 94.04%
2026-02-26 16:22:49 - __main__ - INFO - Val:   loss 1.7252 acc1 63.25% acc5 88.75%
2026-02-26 16:22:49 - __main__ - INFO - 
Epoch 55/150 | lr 0.074375
2026-02-26 16:23:03 - __main__ - INFO - Train: loss 1.3352 acc1 72.46% acc5 94.26%
2026-02-26 16:23:03 - __main__ - INFO - Val:   loss 1.7190 acc1 62.44% acc5 88.31%
2026-02-26 16:23:03 - __main__ - INFO - 
Epoch 56/150 | lr 0.073423
2026-02-26 16:23:18 - __main__ - INFO - Train: loss 1.3223 acc1 72.94% acc5 94.40%
2026-02-26 16:23:18 - __main__ - INFO - Val:   loss 1.7580 acc1 62.36% acc5 88.15%
2026-02-26 16:23:18 - __main__ - INFO - 
Epoch 57/150 | lr 0.072461
2026-02-26 16:23:32 - __main__ - INFO - Train: loss 1.3217 acc1 72.96% acc5 94.28%
2026-02-26 16:23:32 - __main__ - INFO - Val:   loss 1.9083 acc1 59.63% acc5 85.35%
2026-02-26 16:23:32 - __main__ - INFO - 
Epoch 58/150 | lr 0.071488
2026-02-26 16:23:47 - __main__ - INFO - Train: loss 1.3146 acc1 73.09% acc5 94.53%
2026-02-26 16:23:47 - __main__ - INFO - Val:   loss 1.7797 acc1 61.52% acc5 87.28%
2026-02-26 16:23:47 - __main__ - INFO - 
Epoch 59/150 | lr 0.070505
2026-02-26 16:24:02 - __main__ - INFO - Train: loss 1.2941 acc1 73.95% acc5 94.73%
2026-02-26 16:24:02 - __main__ - INFO - Val:   loss 1.7393 acc1 61.50% acc5 87.93%
2026-02-26 16:24:02 - __main__ - INFO - 
Epoch 60/150 | lr 0.069512
2026-02-26 16:24:16 - __main__ - INFO - Train: loss 1.2752 acc1 74.41% acc5 94.98%
2026-02-26 16:24:16 - __main__ - INFO - Val:   loss 1.7153 acc1 62.48% acc5 88.21%
2026-02-26 16:24:16 - __main__ - INFO - 
Epoch 61/150 | lr 0.068510
2026-02-26 16:24:31 - __main__ - INFO - Train: loss 1.2639 acc1 74.84% acc5 95.13%
2026-02-26 16:24:31 - __main__ - INFO - Val:   loss 1.6636 acc1 65.05% acc5 89.38%
2026-02-26 16:24:31 - __main__ - INFO - saved best: 65.05%
2026-02-26 16:24:31 - __main__ - INFO - 
Epoch 62/150 | lr 0.067500
2026-02-26 16:24:45 - __main__ - INFO - Train: loss 1.2603 acc1 74.69% acc5 95.29%
2026-02-26 16:24:45 - __main__ - INFO - Val:   loss 1.7143 acc1 63.14% acc5 88.17%
2026-02-26 16:24:45 - __main__ - INFO - 
Epoch 63/150 | lr 0.066481
2026-02-26 16:25:00 - __main__ - INFO - Train: loss 1.2606 acc1 74.88% acc5 95.23%
2026-02-26 16:25:00 - __main__ - INFO - Val:   loss 1.7046 acc1 63.48% acc5 88.58%
2026-02-26 16:25:00 - __main__ - INFO - 
Epoch 64/150 | lr 0.065454
2026-02-26 16:25:14 - __main__ - INFO - Train: loss 1.2314 acc1 75.72% acc5 95.60%
2026-02-26 16:25:14 - __main__ - INFO - Val:   loss 1.6795 acc1 64.47% acc5 88.91%
2026-02-26 16:25:14 - __main__ - INFO - 
Epoch 65/150 | lr 0.064421
2026-02-26 16:25:28 - __main__ - INFO - Train: loss 1.2285 acc1 75.87% acc5 95.62%
2026-02-26 16:25:28 - __main__ - INFO - Val:   loss 1.6723 acc1 64.50% acc5 89.18%
2026-02-26 16:25:28 - __main__ - INFO - 
Epoch 66/150 | lr 0.063380
2026-02-26 16:25:42 - __main__ - INFO - Train: loss 1.2159 acc1 76.24% acc5 95.81%
2026-02-26 16:25:42 - __main__ - INFO - Val:   loss 1.6424 acc1 65.67% acc5 89.73%
2026-02-26 16:25:42 - __main__ - INFO - saved best: 65.67%
2026-02-26 16:25:42 - __main__ - INFO - 
Epoch 67/150 | lr 0.062333
2026-02-26 16:25:57 - __main__ - INFO - Train: loss 1.2076 acc1 76.48% acc5 95.83%
2026-02-26 16:25:57 - __main__ - INFO - Val:   loss 1.7562 acc1 62.56% acc5 87.62%
2026-02-26 16:25:57 - __main__ - INFO - 
Epoch 68/150 | lr 0.061281
2026-02-26 16:26:11 - __main__ - INFO - Train: loss 1.1971 acc1 76.83% acc5 95.91%
2026-02-26 16:26:11 - __main__ - INFO - Val:   loss 1.7186 acc1 64.06% acc5 87.91%
2026-02-26 16:26:11 - __main__ - INFO - 
Epoch 69/150 | lr 0.060223
2026-02-26 16:26:26 - __main__ - INFO - Train: loss 1.1939 acc1 76.98% acc5 96.10%
2026-02-26 16:26:26 - __main__ - INFO - Val:   loss 1.6462 acc1 64.78% acc5 89.09%
2026-02-26 16:26:26 - __main__ - INFO - 
Epoch 70/150 | lr 0.059160
2026-02-26 16:26:41 - __main__ - INFO - Train: loss 1.1924 acc1 76.99% acc5 96.08%
2026-02-26 16:26:41 - __main__ - INFO - Val:   loss 1.6916 acc1 63.97% acc5 88.60%
2026-02-26 16:26:41 - __main__ - INFO - 
Epoch 71/150 | lr 0.058093
2026-02-26 16:26:55 - __main__ - INFO - Train: loss 1.1723 acc1 77.42% acc5 96.18%
2026-02-26 16:26:55 - __main__ - INFO - Val:   loss 1.6357 acc1 65.40% acc5 89.25%
2026-02-26 16:26:55 - __main__ - INFO - 
Epoch 72/150 | lr 0.057023
2026-02-26 16:27:10 - __main__ - INFO - Train: loss 1.1580 acc1 78.07% acc5 96.27%
2026-02-26 16:27:10 - __main__ - INFO - Val:   loss 1.5905 acc1 66.89% acc5 90.06%
2026-02-26 16:27:10 - __main__ - INFO - saved best: 66.89%
2026-02-26 16:27:10 - __main__ - INFO - 
Epoch 73/150 | lr 0.055949
2026-02-26 16:27:25 - __main__ - INFO - Train: loss 1.1378 acc1 78.74% acc5 96.67%
2026-02-26 16:27:25 - __main__ - INFO - Val:   loss 1.7569 acc1 62.08% acc5 88.02%
2026-02-26 16:27:25 - __main__ - INFO - 
Epoch 74/150 | lr 0.054872
2026-02-26 16:27:39 - __main__ - INFO - Train: loss 1.1348 acc1 78.74% acc5 96.70%
2026-02-26 16:27:39 - __main__ - INFO - Val:   loss 1.7858 acc1 61.56% acc5 87.67%
2026-02-26 16:27:39 - __main__ - INFO - 
Epoch 75/150 | lr 0.053793
2026-02-26 16:27:54 - __main__ - INFO - Train: loss 1.1226 acc1 79.18% acc5 96.82%
2026-02-26 16:27:54 - __main__ - INFO - Val:   loss 1.6623 acc1 64.93% acc5 88.75%
2026-02-26 16:27:54 - __main__ - INFO - 
Epoch 76/150 | lr 0.052712
2026-02-26 16:28:09 - __main__ - INFO - Train: loss 1.1190 acc1 79.34% acc5 96.85%
2026-02-26 16:28:09 - __main__ - INFO - Val:   loss 1.8113 acc1 62.10% acc5 87.31%
2026-02-26 16:28:09 - __main__ - INFO - 
Epoch 77/150 | lr 0.051630
2026-02-26 16:28:23 - __main__ - INFO - Train: loss 1.1017 acc1 79.73% acc5 97.11%
2026-02-26 16:28:23 - __main__ - INFO - Val:   loss 1.6459 acc1 65.63% acc5 89.57%
2026-02-26 16:28:23 - __main__ - INFO - 
Epoch 78/150 | lr 0.050547
2026-02-26 16:28:37 - __main__ - INFO - Train: loss 1.0684 acc1 81.02% acc5 97.33%
2026-02-26 16:28:37 - __main__ - INFO - Val:   loss 1.6514 acc1 65.54% acc5 89.16%
2026-02-26 16:28:37 - __main__ - INFO - 
Epoch 79/150 | lr 0.049463
2026-02-26 16:28:52 - __main__ - INFO - Train: loss 1.0718 acc1 80.77% acc5 97.32%
2026-02-26 16:28:52 - __main__ - INFO - Val:   loss 1.6840 acc1 65.44% acc5 88.66%
2026-02-26 16:28:52 - __main__ - INFO - 
Epoch 80/150 | lr 0.048380
2026-02-26 16:29:07 - __main__ - INFO - Train: loss 1.0579 acc1 81.33% acc5 97.46%
2026-02-26 16:29:07 - __main__ - INFO - Val:   loss 1.6697 acc1 64.77% acc5 89.60%
2026-02-26 16:29:07 - __main__ - INFO - 
Epoch 81/150 | lr 0.047298
2026-02-26 16:29:21 - __main__ - INFO - Train: loss 1.0340 acc1 82.14% acc5 97.65%
2026-02-26 16:29:21 - __main__ - INFO - Val:   loss 1.6942 acc1 64.44% acc5 89.00%
2026-02-26 16:29:21 - __main__ - INFO - 
Epoch 82/150 | lr 0.046217
2026-02-26 16:29:35 - __main__ - INFO - Train: loss 1.0254 acc1 82.46% acc5 97.73%
2026-02-26 16:29:35 - __main__ - INFO - Val:   loss 1.6193 acc1 66.75% acc5 89.94%
2026-02-26 16:29:35 - __main__ - INFO - 
Epoch 83/150 | lr 0.045138
2026-02-26 16:29:50 - __main__ - INFO - Train: loss 1.0188 acc1 82.61% acc5 97.89%
2026-02-26 16:29:50 - __main__ - INFO - Val:   loss 1.7901 acc1 62.58% acc5 87.39%
2026-02-26 16:29:50 - __main__ - INFO - 
Epoch 84/150 | lr 0.044061
2026-02-26 16:30:04 - __main__ - INFO - Train: loss 0.9937 acc1 83.46% acc5 98.11%
2026-02-26 16:30:04 - __main__ - INFO - Val:   loss 1.6791 acc1 65.70% acc5 88.85%
2026-02-26 16:30:04 - __main__ - INFO - 
Epoch 85/150 | lr 0.042987
2026-02-26 16:30:19 - __main__ - INFO - Train: loss 0.9835 acc1 83.82% acc5 98.09%
2026-02-26 16:30:19 - __main__ - INFO - Val:   loss 1.6884 acc1 64.68% acc5 88.79%
2026-02-26 16:30:19 - __main__ - INFO - 
Epoch 86/150 | lr 0.041917
2026-02-26 16:30:33 - __main__ - INFO - Train: loss 0.9707 acc1 84.27% acc5 98.21%
2026-02-26 16:30:33 - __main__ - INFO - Val:   loss 1.6581 acc1 65.30% acc5 88.90%
2026-02-26 16:30:33 - __main__ - INFO - 
Epoch 87/150 | lr 0.040850
2026-02-26 16:30:48 - __main__ - INFO - Train: loss 0.9432 acc1 85.10% acc5 98.48%
2026-02-26 16:30:48 - __main__ - INFO - Val:   loss 1.6094 acc1 67.54% acc5 89.97%
2026-02-26 16:30:48 - __main__ - INFO - saved best: 67.54%
2026-02-26 16:30:48 - __main__ - INFO - 
Epoch 88/150 | lr 0.039787
2026-02-26 16:31:02 - __main__ - INFO - Train: loss 0.9642 acc1 84.50% acc5 98.29%
2026-02-26 16:31:02 - __main__ - INFO - Val:   loss 1.5923 acc1 67.37% acc5 90.31%
2026-02-26 16:31:02 - __main__ - INFO - 
Epoch 89/150 | lr 0.038729
2026-02-26 16:31:17 - __main__ - INFO - Train: loss 0.9310 acc1 85.70% acc5 98.56%
2026-02-26 16:31:17 - __main__ - INFO - Val:   loss 1.6076 acc1 66.38% acc5 90.09%
2026-02-26 16:31:17 - __main__ - INFO - 
Epoch 90/150 | lr 0.037677
2026-02-26 16:31:31 - __main__ - INFO - Train: loss 0.9118 acc1 86.30% acc5 98.67%
2026-02-26 16:31:31 - __main__ - INFO - Val:   loss 1.6571 acc1 66.09% acc5 89.52%
2026-02-26 16:31:31 - __main__ - INFO - 
Epoch 91/150 | lr 0.036630
2026-02-26 16:31:45 - __main__ - INFO - Train: loss 0.8915 acc1 87.14% acc5 98.84%
2026-02-26 16:31:45 - __main__ - INFO - Val:   loss 1.6097 acc1 67.94% acc5 90.77%
2026-02-26 16:31:45 - __main__ - INFO - saved best: 67.94%
2026-02-26 16:31:45 - __main__ - INFO - 
Epoch 92/150 | lr 0.035589
2026-02-26 16:32:00 - __main__ - INFO - Train: loss 0.8926 acc1 87.06% acc5 98.82%
2026-02-26 16:32:00 - __main__ - INFO - Val:   loss 1.5940 acc1 66.78% acc5 90.27%
2026-02-26 16:32:00 - __main__ - INFO - 
Epoch 93/150 | lr 0.034556
2026-02-26 16:32:15 - __main__ - INFO - Train: loss 0.8887 acc1 86.89% acc5 98.82%
2026-02-26 16:32:15 - __main__ - INFO - Val:   loss 1.5158 acc1 69.70% acc5 90.88%
2026-02-26 16:32:15 - __main__ - INFO - saved best: 69.70%
2026-02-26 16:32:15 - __main__ - INFO - 
Epoch 94/150 | lr 0.033529
2026-02-26 16:32:30 - __main__ - INFO - Train: loss 0.8717 acc1 87.65% acc5 98.92%
2026-02-26 16:32:30 - __main__ - INFO - Val:   loss 1.5738 acc1 68.15% acc5 90.17%
2026-02-26 16:32:30 - __main__ - INFO - 
Epoch 95/150 | lr 0.032510
2026-02-26 16:32:44 - __main__ - INFO - Train: loss 0.8563 acc1 88.18% acc5 99.07%
2026-02-26 16:32:44 - __main__ - INFO - Val:   loss 1.5963 acc1 67.34% acc5 89.98%
2026-02-26 16:32:44 - __main__ - INFO - 
Epoch 96/150 | lr 0.031500
2026-02-26 16:32:59 - __main__ - INFO - Train: loss 0.8349 acc1 88.90% acc5 99.15%
2026-02-26 16:32:59 - __main__ - INFO - Val:   loss 1.5468 acc1 68.86% acc5 90.82%
2026-02-26 16:32:59 - __main__ - INFO - 
Epoch 97/150 | lr 0.030498
2026-02-26 16:33:14 - __main__ - INFO - Train: loss 0.8124 acc1 89.87% acc5 99.19%
2026-02-26 16:33:14 - __main__ - INFO - Val:   loss 1.6046 acc1 67.78% acc5 90.25%
2026-02-26 16:33:14 - __main__ - INFO - 
Epoch 98/150 | lr 0.029505
2026-02-26 16:33:28 - __main__ - INFO - Train: loss 0.8158 acc1 89.49% acc5 99.25%
2026-02-26 16:33:28 - __main__ - INFO - Val:   loss 1.5875 acc1 67.76% acc5 89.83%
2026-02-26 16:33:28 - __main__ - INFO - 
Epoch 99/150 | lr 0.028522
2026-02-26 16:33:43 - __main__ - INFO - Train: loss 0.7895 acc1 90.58% acc5 99.37%
2026-02-26 16:33:43 - __main__ - INFO - Val:   loss 1.5463 acc1 69.65% acc5 90.16%
2026-02-26 16:33:43 - __main__ - INFO - 
Epoch 100/150 | lr 0.027549
2026-02-26 16:33:57 - __main__ - INFO - Train: loss 0.7815 acc1 90.93% acc5 99.47%
2026-02-26 16:33:57 - __main__ - INFO - Val:   loss 1.4999 acc1 69.79% acc5 91.05%
2026-02-26 16:33:57 - __main__ - INFO - saved best: 69.79%
2026-02-26 16:33:57 - __main__ - INFO - 
Epoch 101/150 | lr 0.026587
2026-02-26 16:34:12 - __main__ - INFO - Train: loss 0.7506 acc1 91.95% acc5 99.52%
2026-02-26 16:34:12 - __main__ - INFO - Val:   loss 1.5065 acc1 70.37% acc5 91.38%
2026-02-26 16:34:12 - __main__ - INFO - saved best: 70.37%
2026-02-26 16:34:12 - __main__ - INFO - 
Epoch 102/150 | lr 0.025635
2026-02-26 16:34:26 - __main__ - INFO - Train: loss 0.7359 acc1 92.41% acc5 99.62%
2026-02-26 16:34:26 - __main__ - INFO - Val:   loss 1.4911 acc1 70.49% acc5 91.57%
2026-02-26 16:34:26 - __main__ - INFO - saved best: 70.49%
2026-02-26 16:34:26 - __main__ - INFO - 
Epoch 103/150 | lr 0.024695
2026-02-26 16:34:40 - __main__ - INFO - Train: loss 0.7314 acc1 92.46% acc5 99.69%
2026-02-26 16:34:40 - __main__ - INFO - Val:   loss 1.5204 acc1 70.30% acc5 91.07%
2026-02-26 16:34:40 - __main__ - INFO - 
Epoch 104/150 | lr 0.023767
2026-02-26 16:34:55 - __main__ - INFO - Train: loss 0.7151 acc1 93.21% acc5 99.67%
2026-02-26 16:34:55 - __main__ - INFO - Val:   loss 1.4532 acc1 71.55% acc5 91.25%
2026-02-26 16:34:55 - __main__ - INFO - saved best: 71.55%
2026-02-26 16:34:55 - __main__ - INFO - 
Epoch 105/150 | lr 0.022852
2026-02-26 16:35:10 - __main__ - INFO - Train: loss 0.7161 acc1 93.03% acc5 99.65%
2026-02-26 16:35:10 - __main__ - INFO - Val:   loss 1.5641 acc1 69.82% acc5 90.09%
2026-02-26 16:35:10 - __main__ - INFO - 
Epoch 106/150 | lr 0.021948
2026-02-26 16:35:24 - __main__ - INFO - Train: loss 0.6916 acc1 94.00% acc5 99.74%
2026-02-26 16:35:24 - __main__ - INFO - Val:   loss 1.4773 acc1 70.73% acc5 91.31%
2026-02-26 16:35:24 - __main__ - INFO - 
Epoch 107/150 | lr 0.021059
2026-02-26 16:35:39 - __main__ - INFO - Train: loss 0.6872 acc1 94.06% acc5 99.80%
2026-02-26 16:35:39 - __main__ - INFO - Val:   loss 1.4599 acc1 71.90% acc5 91.44%
2026-02-26 16:35:39 - __main__ - INFO - saved best: 71.90%
2026-02-26 16:35:39 - __main__ - INFO - 
Epoch 108/150 | lr 0.020182
2026-02-26 16:35:53 - __main__ - INFO - Train: loss 0.6700 acc1 94.66% acc5 99.76%
2026-02-26 16:35:53 - __main__ - INFO - Val:   loss 1.4342 acc1 71.92% acc5 91.80%
2026-02-26 16:35:53 - __main__ - INFO - saved best: 71.92%
2026-02-26 16:35:53 - __main__ - INFO - 
Epoch 109/150 | lr 0.019320
2026-02-26 16:36:08 - __main__ - INFO - Train: loss 0.6567 acc1 95.12% acc5 99.81%
2026-02-26 16:36:08 - __main__ - INFO - Val:   loss 1.4484 acc1 72.12% acc5 91.84%
2026-02-26 16:36:08 - __main__ - INFO - saved best: 72.12%
2026-02-26 16:36:08 - __main__ - INFO - 
Epoch 110/150 | lr 0.018472
2026-02-26 16:36:23 - __main__ - INFO - Train: loss 0.6439 acc1 95.52% acc5 99.86%
2026-02-26 16:36:23 - __main__ - INFO - Val:   loss 1.4660 acc1 71.68% acc5 91.51%
2026-02-26 16:36:23 - __main__ - INFO - 
Epoch 111/150 | lr 0.017639
2026-02-26 16:36:37 - __main__ - INFO - Train: loss 0.6293 acc1 95.94% acc5 99.86%
2026-02-26 16:36:37 - __main__ - INFO - Val:   loss 1.4097 acc1 72.66% acc5 92.00%
2026-02-26 16:36:37 - __main__ - INFO - saved best: 72.66%
2026-02-26 16:36:37 - __main__ - INFO - 
Epoch 112/150 | lr 0.016821
2026-02-26 16:36:52 - __main__ - INFO - Train: loss 0.6151 acc1 96.54% acc5 99.87%
2026-02-26 16:36:52 - __main__ - INFO - Val:   loss 1.4267 acc1 72.44% acc5 91.92%
2026-02-26 16:36:52 - __main__ - INFO - 
Epoch 113/150 | lr 0.016019
2026-02-26 16:37:07 - __main__ - INFO - Train: loss 0.6100 acc1 96.65% acc5 99.88%
2026-02-26 16:37:07 - __main__ - INFO - Val:   loss 1.4057 acc1 73.11% acc5 92.22%
2026-02-26 16:37:07 - __main__ - INFO - saved best: 73.11%
2026-02-26 16:37:07 - __main__ - INFO - 
Epoch 114/150 | lr 0.015232
2026-02-26 16:37:21 - __main__ - INFO - Train: loss 0.5884 acc1 97.30% acc5 99.94%
2026-02-26 16:37:21 - __main__ - INFO - Val:   loss 1.3856 acc1 74.49% acc5 92.40%
2026-02-26 16:37:21 - __main__ - INFO - saved best: 74.49%
2026-02-26 16:37:21 - __main__ - INFO - 
Epoch 115/150 | lr 0.014462
2026-02-26 16:37:35 - __main__ - INFO - Train: loss 0.5783 acc1 97.70% acc5 99.95%
2026-02-26 16:37:35 - __main__ - INFO - Val:   loss 1.3552 acc1 74.51% acc5 92.58%
2026-02-26 16:37:35 - __main__ - INFO - saved best: 74.51%
2026-02-26 16:37:35 - __main__ - INFO - 
Epoch 116/150 | lr 0.013709
2026-02-26 16:37:49 - __main__ - INFO - Train: loss 0.5659 acc1 97.94% acc5 99.94%
2026-02-26 16:37:49 - __main__ - INFO - Val:   loss 1.3833 acc1 73.51% acc5 92.28%
2026-02-26 16:37:49 - __main__ - INFO - 
Epoch 117/150 | lr 0.012973
2026-02-26 16:38:03 - __main__ - INFO - Train: loss 0.5599 acc1 98.17% acc5 99.97%
2026-02-26 16:38:03 - __main__ - INFO - Val:   loss 1.3369 acc1 74.90% acc5 92.87%
2026-02-26 16:38:03 - __main__ - INFO - saved best: 74.90%
2026-02-26 16:38:03 - __main__ - INFO - 
Epoch 118/150 | lr 0.012254
2026-02-26 16:38:19 - __main__ - INFO - Train: loss 0.5666 acc1 97.85% acc5 99.97%
2026-02-26 16:38:19 - __main__ - INFO - Val:   loss 1.3237 acc1 75.08% acc5 93.01%
2026-02-26 16:38:19 - __main__ - INFO - saved best: 75.08%
2026-02-26 16:38:19 - __main__ - INFO - 
Epoch 119/150 | lr 0.011552
2026-02-26 16:38:33 - __main__ - INFO - Train: loss 0.5507 acc1 98.27% acc5 99.96%
2026-02-26 16:38:33 - __main__ - INFO - Val:   loss 1.3313 acc1 74.71% acc5 93.20%
2026-02-26 16:38:33 - __main__ - INFO - 
Epoch 120/150 | lr 0.010869
2026-02-26 16:38:48 - __main__ - INFO - Train: loss 0.5412 acc1 98.55% acc5 99.97%
2026-02-26 16:38:48 - __main__ - INFO - Val:   loss 1.3193 acc1 75.31% acc5 93.33%
2026-02-26 16:38:48 - __main__ - INFO - saved best: 75.31%
2026-02-26 16:38:48 - __main__ - INFO - 
Epoch 121/150 | lr 0.010204
2026-02-26 16:39:03 - __main__ - INFO - Train: loss 0.5386 acc1 98.61% acc5 99.97%
2026-02-26 16:39:03 - __main__ - INFO - Val:   loss 1.3132 acc1 75.39% acc5 93.77%
2026-02-26 16:39:03 - __main__ - INFO - saved best: 75.39%
2026-02-26 16:39:03 - __main__ - INFO - 
Epoch 122/150 | lr 0.009558
2026-02-26 16:39:18 - __main__ - INFO - Train: loss 0.5348 acc1 98.68% acc5 99.96%
2026-02-26 16:39:18 - __main__ - INFO - Val:   loss 1.3098 acc1 75.69% acc5 92.95%
2026-02-26 16:39:18 - __main__ - INFO - saved best: 75.69%
2026-02-26 16:39:18 - __main__ - INFO - 
Epoch 123/150 | lr 0.008931
2026-02-26 16:39:32 - __main__ - INFO - Train: loss 0.5180 acc1 99.17% acc5 99.98%
2026-02-26 16:39:32 - __main__ - INFO - Val:   loss 1.2850 acc1 76.32% acc5 93.36%
2026-02-26 16:39:32 - __main__ - INFO - saved best: 76.32%
2026-02-26 16:39:32 - __main__ - INFO - 
Epoch 124/150 | lr 0.008323
2026-02-26 16:39:47 - __main__ - INFO - Train: loss 0.5206 acc1 99.08% acc5 99.98%
2026-02-26 16:39:47 - __main__ - INFO - Val:   loss 1.2849 acc1 76.21% acc5 93.70%
2026-02-26 16:39:47 - __main__ - INFO - 
Epoch 125/150 | lr 0.007735
2026-02-26 16:40:02 - __main__ - INFO - Train: loss 0.5156 acc1 99.11% acc5 99.99%
2026-02-26 16:40:02 - __main__ - INFO - Val:   loss 1.2922 acc1 76.08% acc5 93.31%
2026-02-26 16:40:02 - __main__ - INFO - 
Epoch 126/150 | lr 0.007166
2026-02-26 16:40:17 - __main__ - INFO - Train: loss 0.5112 acc1 99.22% acc5 99.99%
2026-02-26 16:40:17 - __main__ - INFO - Val:   loss 1.2756 acc1 76.79% acc5 93.57%
2026-02-26 16:40:17 - __main__ - INFO - saved best: 76.79%
2026-02-26 16:40:17 - __main__ - INFO - 
Epoch 127/150 | lr 0.006618
2026-02-26 16:40:31 - __main__ - INFO - Train: loss 0.5014 acc1 99.35% acc5 99.99%
2026-02-26 16:40:31 - __main__ - INFO - Val:   loss 1.2778 acc1 76.42% acc5 93.90%
2026-02-26 16:40:31 - __main__ - INFO - 
Epoch 128/150 | lr 0.006090
2026-02-26 16:40:46 - __main__ - INFO - Train: loss 0.5010 acc1 99.42% acc5 99.99%
2026-02-26 16:40:46 - __main__ - INFO - Val:   loss 1.2646 acc1 77.51% acc5 93.84%
2026-02-26 16:40:46 - __main__ - INFO - saved best: 77.51%
2026-02-26 16:40:46 - __main__ - INFO - 
Epoch 129/150 | lr 0.005583
2026-02-26 16:41:01 - __main__ - INFO - Train: loss 0.4970 acc1 99.50% acc5 99.99%
2026-02-26 16:41:01 - __main__ - INFO - Val:   loss 1.2608 acc1 77.66% acc5 93.91%
2026-02-26 16:41:01 - __main__ - INFO - saved best: 77.66%
2026-02-26 16:41:01 - __main__ - INFO - 
Epoch 130/150 | lr 0.005096
2026-02-26 16:41:16 - __main__ - INFO - Train: loss 0.4924 acc1 99.55% acc5 100.00%
2026-02-26 16:41:16 - __main__ - INFO - Val:   loss 1.2666 acc1 77.88% acc5 93.87%
2026-02-26 16:41:16 - __main__ - INFO - saved best: 77.88%
2026-02-26 16:41:16 - __main__ - INFO - 
Epoch 131/150 | lr 0.004631
2026-02-26 16:41:30 - __main__ - INFO - Train: loss 0.4877 acc1 99.60% acc5 100.00%
2026-02-26 16:41:30 - __main__ - INFO - Val:   loss 1.2599 acc1 77.14% acc5 93.83%
2026-02-26 16:41:30 - __main__ - INFO - 
Epoch 132/150 | lr 0.004187
2026-02-26 16:41:44 - __main__ - INFO - Train: loss 0.4886 acc1 99.62% acc5 99.99%
2026-02-26 16:41:44 - __main__ - INFO - Val:   loss 1.2503 acc1 78.14% acc5 93.95%
2026-02-26 16:41:44 - __main__ - INFO - saved best: 78.14%
2026-02-26 16:41:44 - __main__ - INFO - 
Epoch 133/150 | lr 0.003764
2026-02-26 16:41:59 - __main__ - INFO - Train: loss 0.4868 acc1 99.64% acc5 100.00%
2026-02-26 16:41:59 - __main__ - INFO - Val:   loss 1.2510 acc1 77.79% acc5 94.07%
2026-02-26 16:41:59 - __main__ - INFO - 
Epoch 134/150 | lr 0.003363
2026-02-26 16:42:14 - __main__ - INFO - Train: loss 0.4833 acc1 99.67% acc5 100.00%
2026-02-26 16:42:14 - __main__ - INFO - Val:   loss 1.2451 acc1 77.87% acc5 94.03%
2026-02-26 16:42:14 - __main__ - INFO - 
Epoch 135/150 | lr 0.002984
2026-02-26 16:42:28 - __main__ - INFO - Train: loss 0.4812 acc1 99.69% acc5 99.99%
2026-02-26 16:42:28 - __main__ - INFO - Val:   loss 1.2469 acc1 77.95% acc5 94.14%
2026-02-26 16:42:28 - __main__ - INFO - 
Epoch 136/150 | lr 0.002627
2026-02-26 16:42:43 - __main__ - INFO - Train: loss 0.4798 acc1 99.71% acc5 99.99%
2026-02-26 16:42:43 - __main__ - INFO - Val:   loss 1.2486 acc1 78.19% acc5 94.36%
2026-02-26 16:42:43 - __main__ - INFO - saved best: 78.19%
2026-02-26 16:42:43 - __main__ - INFO - 
Epoch 137/150 | lr 0.002292
2026-02-26 16:42:57 - __main__ - INFO - Train: loss 0.4768 acc1 99.74% acc5 100.00%
2026-02-26 16:42:57 - __main__ - INFO - Val:   loss 1.2498 acc1 78.41% acc5 94.12%
2026-02-26 16:42:57 - __main__ - INFO - saved best: 78.41%
2026-02-26 16:42:57 - __main__ - INFO - 
Epoch 138/150 | lr 0.001980
2026-02-26 16:43:13 - __main__ - INFO - Train: loss 0.4791 acc1 99.70% acc5 100.00%
2026-02-26 16:43:13 - __main__ - INFO - Val:   loss 1.2456 acc1 78.41% acc5 94.28%
2026-02-26 16:43:13 - __main__ - INFO - 
Epoch 139/150 | lr 0.001690
2026-02-26 16:43:27 - __main__ - INFO - Train: loss 0.4747 acc1 99.80% acc5 100.00%
2026-02-26 16:43:27 - __main__ - INFO - Val:   loss 1.2421 acc1 78.33% acc5 94.42%
2026-02-26 16:43:27 - __main__ - INFO - 
Epoch 140/150 | lr 0.001423
2026-02-26 16:43:42 - __main__ - INFO - Train: loss 0.4753 acc1 99.74% acc5 99.99%
2026-02-26 16:43:42 - __main__ - INFO - Val:   loss 1.2430 acc1 78.45% acc5 94.30%
2026-02-26 16:43:42 - __main__ - INFO - saved best: 78.45%
2026-02-26 16:43:42 - __main__ - INFO - 
Epoch 141/150 | lr 0.001179
2026-02-26 16:43:57 - __main__ - INFO - Train: loss 0.4759 acc1 99.75% acc5 100.00%
2026-02-26 16:43:57 - __main__ - INFO - Val:   loss 1.2471 acc1 78.47% acc5 94.38%
2026-02-26 16:43:57 - __main__ - INFO - saved best: 78.47%
2026-02-26 16:43:57 - __main__ - INFO - 
Epoch 142/150 | lr 0.000957
2026-02-26 16:44:11 - __main__ - INFO - Train: loss 0.4741 acc1 99.77% acc5 100.00%
2026-02-26 16:44:11 - __main__ - INFO - Val:   loss 1.2479 acc1 78.68% acc5 94.36%
2026-02-26 16:44:11 - __main__ - INFO - saved best: 78.68%
2026-02-26 16:44:11 - __main__ - INFO - 
Epoch 143/150 | lr 0.000759
2026-02-26 16:44:26 - __main__ - INFO - Train: loss 0.4731 acc1 99.80% acc5 100.00%
2026-02-26 16:44:26 - __main__ - INFO - Val:   loss 1.2465 acc1 78.50% acc5 94.32%
2026-02-26 16:44:26 - __main__ - INFO - 
Epoch 144/150 | lr 0.000584
2026-02-26 16:44:40 - __main__ - INFO - Train: loss 0.4706 acc1 99.78% acc5 100.00%
2026-02-26 16:44:40 - __main__ - INFO - Val:   loss 1.2470 acc1 78.53% acc5 94.32%
2026-02-26 16:44:40 - __main__ - INFO - 
Epoch 145/150 | lr 0.000432
2026-02-26 16:44:54 - __main__ - INFO - Train: loss 0.4705 acc1 99.82% acc5 100.00%
2026-02-26 16:44:54 - __main__ - INFO - Val:   loss 1.2448 acc1 78.62% acc5 94.34%
2026-02-26 16:44:54 - __main__ - INFO - 
Epoch 146/150 | lr 0.000303
2026-02-26 16:45:09 - __main__ - INFO - Train: loss 0.4722 acc1 99.81% acc5 100.00%
2026-02-26 16:45:09 - __main__ - INFO - Val:   loss 1.2456 acc1 78.25% acc5 94.28%
2026-02-26 16:45:09 - __main__ - INFO - 
Epoch 147/150 | lr 0.000198
2026-02-26 16:45:23 - __main__ - INFO - Train: loss 0.4718 acc1 99.80% acc5 100.00%
2026-02-26 16:45:23 - __main__ - INFO - Val:   loss 1.2490 acc1 78.72% acc5 94.36%
2026-02-26 16:45:23 - __main__ - INFO - saved best: 78.72%
2026-02-26 16:45:23 - __main__ - INFO - 
Epoch 148/150 | lr 0.000116
2026-02-26 16:45:38 - __main__ - INFO - Train: loss 0.4715 acc1 99.79% acc5 100.00%
2026-02-26 16:45:38 - __main__ - INFO - Val:   loss 1.2432 acc1 78.64% acc5 94.46%
2026-02-26 16:45:38 - __main__ - INFO - 
Epoch 149/150 | lr 0.000057
2026-02-26 16:45:52 - __main__ - INFO - Train: loss 0.4701 acc1 99.81% acc5 99.99%
2026-02-26 16:45:52 - __main__ - INFO - Val:   loss 1.2481 acc1 78.64% acc5 94.40%
2026-02-26 16:45:52 - __main__ - INFO - 
Epoch 150/150 | lr 0.000022
2026-02-26 16:46:07 - __main__ - INFO - Train: loss 0.4725 acc1 99.79% acc5 100.00%
2026-02-26 16:46:07 - __main__ - INFO - Val:   loss 1.2469 acc1 78.58% acc5 94.42%
2026-02-26 16:46:09 - __main__ - INFO - 
Best tracked (val): 78.72%
2026-02-26 16:46:09 - __main__ - INFO - Final test: loss 1.2841 acc1 77.21% acc5 93.07%
2026-02-26 16:46:10 - graphics - INFO - Metrics plot saved to ./run_results/random/metrics_plot.png
