2026-05-28 19:32:56 - __main__ - INFO - Comparison pipeline | device=cuda | out_dir=./runs/drive_zip_2026_05/28 | args={"adamw_betas": [0.9, 0.999], "adamw_eps": 1e-08, "amp": false, "batch_size": 128, "cam_layer": "auto", "config": "/content/CAMRegularization/configs.json", "data_dir": "./data", "dataset": "drive_zip", "enable_low_saliency": false, "enable_original": true, "enable_random_control": true, "enable_shuffled_cam_control": false, "epochs": 100, "gamma": 0.1, "input_models": ["resnet18"], "label_smoothing": 0.0, "log_every": 100, "lr": 0.1, "mask_top_of_threshold": false, "milestones": "60,80", "min_lr": 1e-05, "momentum": 0.9, "nesterov": false, "num_workers": 2, "optimizer": "sgd", "out_dir": "./runs/drive_zip_2026_05/28", "output_models": ["densenet121"], "run_name": "", "scheduler": "cosine", "seed": 42, "threshold": 0.04, "val_split": 0.1, "warmup_epochs": 5, "weight_decay": 0.0005}
2026-05-28 19:32:56 - __main__ - INFO - Enabled variants: ['original', 'random_sparsity']
2026-05-28 19:32:56 - __main__ - INFO - 
============================================================
2026-05-28 19:32:56 - __main__ - INFO - Training input model: resnet18
2026-05-28 19:32:56 - __main__ - INFO -   Resolved config → opt=sgd, lr=0.1, wd=0.0005, bs=256, epochs=60, scheduler=cosine, warmup=5
2026-05-28 19:32:56 - __main__ - INFO - ============================================================
2026-05-28 19:32:56 - __main__ - INFO -   Retry policy: training input resnet18 with batch_size=256, amp=False
2026-05-28 19:32:56 - __main__ - INFO - device: cuda | cuda: True | gpu: NVIDIA L4
2026-05-28 19:34:52 - __main__ - INFO - Model: resnet18 | Dataset: drive_zip | Classes: 17 | Optimizer: sgd
2026-05-28 19:34:52 - __main__ - INFO - 
Epoch 1/60 | lr 0.000100
2026-05-28 19:37:56 - __main__ - INFO - Train: loss 2.8098 acc1 8.82%
2026-05-28 19:37:56 - __main__ - INFO - Val:   loss 2.7749 acc1 10.01%
2026-05-28 19:37:56 - __main__ - INFO - saved best: 10.01%
2026-05-28 19:37:56 - __main__ - INFO - 
Epoch 2/60 | lr 0.020080
2026-05-28 19:40:56 - __main__ - INFO - Train: loss 2.3692 acc1 22.25%
2026-05-28 19:40:56 - __main__ - INFO - Val:   loss 2.5403 acc1 19.24%
2026-05-28 19:40:56 - __main__ - INFO - saved best: 19.24%
2026-05-28 19:40:56 - __main__ - INFO - 
Epoch 3/60 | lr 0.040060
2026-05-28 19:43:56 - __main__ - INFO - Train: loss 2.1494 acc1 28.73%
2026-05-28 19:43:56 - __main__ - INFO - Val:   loss 2.6349 acc1 20.67%
2026-05-28 19:43:56 - __main__ - INFO - saved best: 20.67%
2026-05-28 19:43:56 - __main__ - INFO - 
Epoch 4/60 | lr 0.060040
2026-05-28 19:46:54 - __main__ - INFO - Train: loss 2.0484 acc1 31.75%
2026-05-28 19:46:54 - __main__ - INFO - Val:   loss 2.4769 acc1 25.40%
2026-05-28 19:46:54 - __main__ - INFO - saved best: 25.40%
2026-05-28 19:46:54 - __main__ - INFO - 
Epoch 5/60 | lr 0.080020
2026-05-28 19:49:52 - __main__ - INFO - Train: loss 1.9822 acc1 33.76%
2026-05-28 19:49:52 - __main__ - INFO - Val:   loss 2.5338 acc1 22.36%
2026-05-28 19:49:52 - __main__ - INFO - 
Epoch 6/60 | lr 0.100000
2026-05-28 19:52:50 - __main__ - INFO - Train: loss 1.9366 acc1 34.92%
2026-05-28 19:52:50 - __main__ - INFO - Val:   loss 2.4682 acc1 24.65%
2026-05-28 19:52:50 - __main__ - INFO - 
Epoch 7/60 | lr 0.099918
2026-05-28 19:55:48 - __main__ - INFO - Train: loss 1.8670 acc1 37.15%
2026-05-28 19:55:48 - __main__ - INFO - Val:   loss 1.9004 acc1 36.38%
2026-05-28 19:55:48 - __main__ - INFO - saved best: 36.38%
2026-05-28 19:55:48 - __main__ - INFO - 
Epoch 8/60 | lr 0.099674
2026-05-28 19:58:46 - __main__ - INFO - Train: loss 1.8320 acc1 37.97%
2026-05-28 19:58:46 - __main__ - INFO - Val:   loss 3.0173 acc1 23.15%
2026-05-28 19:58:46 - __main__ - INFO - 
Epoch 9/60 | lr 0.099268
2026-05-28 20:01:44 - __main__ - INFO - Train: loss 1.8012 acc1 38.90%
2026-05-28 20:01:44 - __main__ - INFO - Val:   loss 2.4949 acc1 25.17%
2026-05-28 20:01:44 - __main__ - INFO - 
Epoch 10/60 | lr 0.098701
2026-05-28 20:04:42 - __main__ - INFO - Train: loss 1.7773 acc1 39.54%
2026-05-28 20:04:42 - __main__ - INFO - Val:   loss 2.4827 acc1 24.62%
2026-05-28 20:04:42 - __main__ - INFO - 
Epoch 11/60 | lr 0.097975
2026-05-28 20:07:40 - __main__ - INFO - Train: loss 1.7601 acc1 40.27%
2026-05-28 20:07:40 - __main__ - INFO - Val:   loss 1.8046 acc1 38.87%
2026-05-28 20:07:40 - __main__ - INFO - saved best: 38.87%
2026-05-28 20:07:40 - __main__ - INFO - 
Epoch 12/60 | lr 0.097093
2026-05-28 20:10:37 - __main__ - INFO - Train: loss 1.7456 acc1 40.53%
2026-05-28 20:10:37 - __main__ - INFO - Val:   loss 2.3313 acc1 29.98%
2026-05-28 20:10:37 - __main__ - INFO - 
Epoch 13/60 | lr 0.096057
2026-05-28 20:13:35 - __main__ - INFO - Train: loss 1.7276 acc1 41.24%
2026-05-28 20:13:35 - __main__ - INFO - Val:   loss 2.7916 acc1 21.92%
2026-05-28 20:13:35 - __main__ - INFO - 
Epoch 14/60 | lr 0.094870
2026-05-28 20:16:33 - __main__ - INFO - Train: loss 1.7165 acc1 41.67%
2026-05-28 20:16:33 - __main__ - INFO - Val:   loss 2.3713 acc1 28.81%
2026-05-28 20:16:33 - __main__ - INFO - 
Epoch 15/60 | lr 0.093538
2026-05-28 20:19:30 - __main__ - INFO - Train: loss 1.6995 acc1 42.19%
2026-05-28 20:19:30 - __main__ - INFO - Val:   loss 1.9309 acc1 36.10%
2026-05-28 20:19:30 - __main__ - INFO - 
Epoch 16/60 | lr 0.092063
2026-05-28 20:22:28 - __main__ - INFO - Train: loss 1.6881 acc1 42.49%
2026-05-28 20:22:28 - __main__ - INFO - Val:   loss 1.8330 acc1 38.72%
2026-05-28 20:22:28 - __main__ - INFO - 
Epoch 17/60 | lr 0.090452
2026-05-28 20:25:26 - __main__ - INFO - Train: loss 1.6732 acc1 43.04%
2026-05-28 20:25:26 - __main__ - INFO - Val:   loss 1.7248 acc1 41.54%
2026-05-28 20:25:26 - __main__ - INFO - saved best: 41.54%
2026-05-28 20:25:26 - __main__ - INFO - 
Epoch 18/60 | lr 0.088708
2026-05-28 20:28:24 - __main__ - INFO - Train: loss 1.6669 acc1 43.30%
2026-05-28 20:28:24 - __main__ - INFO - Val:   loss 3.0041 acc1 24.89%
2026-05-28 20:28:24 - __main__ - INFO - 
Epoch 19/60 | lr 0.086838
2026-05-28 20:31:21 - __main__ - INFO - Train: loss 1.6469 acc1 44.11%
2026-05-28 20:31:21 - __main__ - INFO - Val:   loss 2.1463 acc1 32.15%
2026-05-28 20:31:21 - __main__ - INFO - 
Epoch 20/60 | lr 0.084848
2026-05-28 20:34:19 - __main__ - INFO - Train: loss 1.6388 acc1 44.26%
2026-05-28 20:34:19 - __main__ - INFO - Val:   loss 2.0001 acc1 35.12%
2026-05-28 20:34:19 - __main__ - INFO - 
Epoch 21/60 | lr 0.082745
2026-05-28 20:37:16 - __main__ - INFO - Train: loss 1.6314 acc1 44.52%
2026-05-28 20:37:16 - __main__ - INFO - Val:   loss 1.9307 acc1 37.09%
2026-05-28 20:37:16 - __main__ - INFO - 
Epoch 22/60 | lr 0.080534
2026-05-28 20:40:14 - __main__ - INFO - Train: loss 1.6151 acc1 45.02%
2026-05-28 20:40:14 - __main__ - INFO - Val:   loss 1.8039 acc1 41.12%
2026-05-28 20:40:14 - __main__ - INFO - 
Epoch 23/60 | lr 0.078224
2026-05-28 20:43:12 - __main__ - INFO - Train: loss 1.6034 acc1 45.58%
2026-05-28 20:43:12 - __main__ - INFO - Val:   loss 2.0087 acc1 34.29%
2026-05-28 20:43:12 - __main__ - INFO - 
Epoch 24/60 | lr 0.075822
2026-05-28 20:46:09 - __main__ - INFO - Train: loss 1.5906 acc1 45.91%
2026-05-28 20:46:09 - __main__ - INFO - Val:   loss 1.5685 acc1 47.74%
2026-05-28 20:46:09 - __main__ - INFO - saved best: 47.74%
2026-05-28 20:46:09 - __main__ - INFO - 
Epoch 25/60 | lr 0.073336
2026-05-28 20:49:07 - __main__ - INFO - Train: loss 1.5831 acc1 46.20%
2026-05-28 20:49:07 - __main__ - INFO - Val:   loss 1.6988 acc1 44.52%
2026-05-28 20:49:07 - __main__ - INFO - 
Epoch 26/60 | lr 0.070774
2026-05-28 20:52:05 - __main__ - INFO - Train: loss 1.5639 acc1 46.98%
2026-05-28 20:52:05 - __main__ - INFO - Val:   loss 1.7805 acc1 41.24%
2026-05-28 20:52:05 - __main__ - INFO - 
Epoch 27/60 | lr 0.068144
2026-05-28 20:55:02 - __main__ - INFO - Train: loss 1.5599 acc1 47.12%
2026-05-28 20:55:02 - __main__ - INFO - Val:   loss 1.8983 acc1 37.14%
2026-05-28 20:55:02 - __main__ - INFO - 
Epoch 28/60 | lr 0.065454
2026-05-28 20:57:59 - __main__ - INFO - Train: loss 1.5473 acc1 47.47%
2026-05-28 20:57:59 - __main__ - INFO - Val:   loss 1.7430 acc1 42.75%
2026-05-28 20:57:59 - __main__ - INFO - 
Epoch 29/60 | lr 0.062715
2026-05-28 21:00:57 - __main__ - INFO - Train: loss 1.5326 acc1 48.00%
2026-05-28 21:00:57 - __main__ - INFO - Val:   loss 1.8405 acc1 39.79%
2026-05-28 21:00:57 - __main__ - INFO - 
Epoch 30/60 | lr 0.059934
2026-05-28 21:03:55 - __main__ - INFO - Train: loss 1.5225 acc1 48.51%
2026-05-28 21:03:55 - __main__ - INFO - Val:   loss 1.7781 acc1 41.56%
2026-05-28 21:03:55 - __main__ - INFO - 
Epoch 31/60 | lr 0.057120
2026-05-28 21:06:53 - __main__ - INFO - Train: loss 1.5125 acc1 48.86%
2026-05-28 21:06:53 - __main__ - INFO - Val:   loss 1.9920 acc1 37.15%
2026-05-28 21:06:53 - __main__ - INFO - 
Epoch 32/60 | lr 0.054283
2026-05-28 21:09:51 - __main__ - INFO - Train: loss 1.4958 acc1 49.27%
2026-05-28 21:09:51 - __main__ - INFO - Val:   loss 1.8900 acc1 39.91%
2026-05-28 21:09:51 - __main__ - INFO - 
Epoch 33/60 | lr 0.051433
2026-05-28 21:12:48 - __main__ - INFO - Train: loss 1.4807 acc1 49.90%
2026-05-28 21:12:48 - __main__ - INFO - Val:   loss 1.8182 acc1 42.32%
2026-05-28 21:12:48 - __main__ - INFO - 
Epoch 34/60 | lr 0.048577
2026-05-28 21:15:46 - __main__ - INFO - Train: loss 1.4663 acc1 50.31%
2026-05-28 21:15:46 - __main__ - INFO - Val:   loss 2.2054 acc1 34.27%
2026-05-28 21:15:46 - __main__ - INFO - 
Epoch 35/60 | lr 0.045727
2026-05-28 21:18:44 - __main__ - INFO - Train: loss 1.4533 acc1 50.70%
2026-05-28 21:18:44 - __main__ - INFO - Val:   loss 1.6880 acc1 44.27%
2026-05-28 21:18:44 - __main__ - INFO - 
Epoch 36/60 | lr 0.042890
2026-05-28 21:21:41 - __main__ - INFO - Train: loss 1.4388 acc1 51.32%
2026-05-28 21:21:41 - __main__ - INFO - Val:   loss 2.6156 acc1 27.30%
2026-05-28 21:21:41 - __main__ - INFO - 
Epoch 37/60 | lr 0.040076
2026-05-28 21:24:38 - __main__ - INFO - Train: loss 1.4229 acc1 51.78%
2026-05-28 21:24:38 - __main__ - INFO - Val:   loss 1.4990 acc1 50.22%
2026-05-28 21:24:38 - __main__ - INFO - saved best: 50.22%
2026-05-28 21:24:38 - __main__ - INFO - 
Epoch 38/60 | lr 0.037295
2026-05-28 21:27:35 - __main__ - INFO - Train: loss 1.4038 acc1 52.44%
2026-05-28 21:27:35 - __main__ - INFO - Val:   loss 1.4875 acc1 50.98%
2026-05-28 21:27:35 - __main__ - INFO - saved best: 50.98%
2026-05-28 21:27:35 - __main__ - INFO - 
Epoch 39/60 | lr 0.034556
2026-05-28 21:30:33 - __main__ - INFO - Train: loss 1.3886 acc1 52.94%
2026-05-28 21:30:33 - __main__ - INFO - Val:   loss 2.1386 acc1 35.12%
2026-05-28 21:30:33 - __main__ - INFO - 
Epoch 40/60 | lr 0.031866
2026-05-28 21:33:30 - __main__ - INFO - Train: loss 1.3695 acc1 53.53%
2026-05-28 21:33:30 - __main__ - INFO - Val:   loss 1.7528 acc1 45.33%
2026-05-28 21:33:30 - __main__ - INFO - 
Epoch 41/60 | lr 0.029236
2026-05-28 21:36:28 - __main__ - INFO - Train: loss 1.3554 acc1 53.86%
2026-05-28 21:36:28 - __main__ - INFO - Val:   loss 1.3885 acc1 53.91%
2026-05-28 21:36:28 - __main__ - INFO - saved best: 53.91%
2026-05-28 21:36:28 - __main__ - INFO - 
Epoch 42/60 | lr 0.026674
2026-05-28 21:39:26 - __main__ - INFO - Train: loss 1.3333 acc1 54.81%
2026-05-28 21:39:26 - __main__ - INFO - Val:   loss 1.6906 acc1 47.11%
2026-05-28 21:39:26 - __main__ - INFO - 
Epoch 43/60 | lr 0.024188
2026-05-28 21:42:24 - __main__ - INFO - Train: loss 1.3149 acc1 55.42%
2026-05-28 21:42:24 - __main__ - INFO - Val:   loss 1.8709 acc1 44.91%
2026-05-28 21:42:24 - __main__ - INFO - 
Epoch 44/60 | lr 0.021786
2026-05-28 21:45:21 - __main__ - INFO - Train: loss 1.2922 acc1 56.24%
2026-05-28 21:45:21 - __main__ - INFO - Val:   loss 1.5907 acc1 49.28%
2026-05-28 21:45:21 - __main__ - INFO - 
Epoch 45/60 | lr 0.019476
2026-05-28 21:48:19 - __main__ - INFO - Train: loss 1.2709 acc1 56.76%
2026-05-28 21:48:19 - __main__ - INFO - Val:   loss 2.0685 acc1 39.96%
2026-05-28 21:48:19 - __main__ - INFO - 
Epoch 46/60 | lr 0.017265
2026-05-28 21:51:16 - __main__ - INFO - Train: loss 1.2440 acc1 57.75%
2026-05-28 21:51:16 - __main__ - INFO - Val:   loss 1.3557 acc1 55.50%
2026-05-28 21:51:16 - __main__ - INFO - saved best: 55.50%
2026-05-28 21:51:16 - __main__ - INFO - 
Epoch 47/60 | lr 0.015162
2026-05-28 21:54:14 - __main__ - INFO - Train: loss 1.2223 acc1 58.55%
2026-05-28 21:54:14 - __main__ - INFO - Val:   loss 1.6056 acc1 48.72%
2026-05-28 21:54:14 - __main__ - INFO - 
Epoch 48/60 | lr 0.013172
2026-05-28 21:57:12 - __main__ - INFO - Train: loss 1.1895 acc1 59.61%
2026-05-28 21:57:12 - __main__ - INFO - Val:   loss 1.2558 acc1 58.63%
2026-05-28 21:57:12 - __main__ - INFO - saved best: 58.63%
2026-05-28 21:57:12 - __main__ - INFO - 
Epoch 49/60 | lr 0.011302
2026-05-28 22:00:09 - __main__ - INFO - Train: loss 1.1683 acc1 60.54%
2026-05-28 22:00:09 - __main__ - INFO - Val:   loss 1.3859 acc1 55.66%
2026-05-28 22:00:09 - __main__ - INFO - 
Epoch 50/60 | lr 0.009558
2026-05-28 22:03:08 - __main__ - INFO - Train: loss 1.1355 acc1 61.35%
2026-05-28 22:03:08 - __main__ - INFO - Val:   loss 1.2171 acc1 60.62%
2026-05-28 22:03:08 - __main__ - INFO - saved best: 60.62%
2026-05-28 22:03:08 - __main__ - INFO - 
Epoch 51/60 | lr 0.007947
2026-05-28 22:06:05 - __main__ - INFO - Train: loss 1.1074 acc1 62.30%
2026-05-28 22:06:05 - __main__ - INFO - Val:   loss 1.3462 acc1 57.63%
2026-05-28 22:06:05 - __main__ - INFO - 
Epoch 52/60 | lr 0.006472
2026-05-28 22:09:03 - __main__ - INFO - Train: loss 1.0785 acc1 63.14%
2026-05-28 22:09:03 - __main__ - INFO - Val:   loss 1.3656 acc1 56.52%
2026-05-28 22:09:03 - __main__ - INFO - 
Epoch 53/60 | lr 0.005140
2026-05-28 22:12:01 - __main__ - INFO - Train: loss 1.0514 acc1 64.27%
2026-05-28 22:12:01 - __main__ - INFO - Val:   loss 1.2600 acc1 59.21%
2026-05-28 22:12:01 - __main__ - INFO - 
Epoch 54/60 | lr 0.003953
2026-05-28 22:14:58 - __main__ - INFO - Train: loss 1.0202 acc1 65.26%
2026-05-28 22:14:58 - __main__ - INFO - Val:   loss 1.1673 acc1 61.86%
2026-05-28 22:14:58 - __main__ - INFO - saved best: 61.86%
2026-05-28 22:14:58 - __main__ - INFO - 
Epoch 55/60 | lr 0.002917
2026-05-28 22:17:56 - __main__ - INFO - Train: loss 0.9953 acc1 66.23%
2026-05-28 22:17:56 - __main__ - INFO - Val:   loss 1.2046 acc1 61.40%
2026-05-28 22:17:56 - __main__ - INFO - 
Epoch 56/60 | lr 0.002035
2026-05-28 22:20:53 - __main__ - INFO - Train: loss 0.9638 acc1 67.40%
2026-05-28 22:20:53 - __main__ - INFO - Val:   loss 1.1501 acc1 62.81%
2026-05-28 22:20:53 - __main__ - INFO - saved best: 62.81%
2026-05-28 22:20:53 - __main__ - INFO - 
Epoch 57/60 | lr 0.001309
2026-05-28 22:23:51 - __main__ - INFO - Train: loss 0.9413 acc1 68.13%
2026-05-28 22:23:51 - __main__ - INFO - Val:   loss 1.1573 acc1 62.98%
2026-05-28 22:23:51 - __main__ - INFO - saved best: 62.98%
2026-05-28 22:23:51 - __main__ - INFO - 
Epoch 58/60 | lr 0.000742
2026-05-28 22:26:48 - __main__ - INFO - Train: loss 0.9213 acc1 68.70%
2026-05-28 22:26:48 - __main__ - INFO - Val:   loss 1.1487 acc1 63.24%
2026-05-28 22:26:48 - __main__ - INFO - saved best: 63.24%
2026-05-28 22:26:48 - __main__ - INFO - 
Epoch 59/60 | lr 0.000336
2026-05-28 22:29:46 - __main__ - INFO - Train: loss 0.9132 acc1 69.11%
2026-05-28 22:29:46 - __main__ - INFO - Val:   loss 1.1176 acc1 64.12%
2026-05-28 22:29:46 - __main__ - INFO - saved best: 64.12%
2026-05-28 22:29:46 - __main__ - INFO - 
Epoch 60/60 | lr 0.000092
2026-05-28 22:32:43 - __main__ - INFO - Train: loss 0.9038 acc1 69.38%
2026-05-28 22:32:43 - __main__ - INFO - Val:   loss 1.1128 acc1 64.26%
2026-05-28 22:32:43 - __main__ - INFO - saved best: 64.26%
2026-05-28 22:32:43 - __main__ - INFO - Loaded best checkpoint weights for final test evaluation.
2026-05-28 22:32:54 - __main__ - INFO - 
Best tracked (val): 64.26%
2026-05-28 22:32:54 - __main__ - INFO - Final test: loss 1.1194 acc1 64.19%
2026-05-28 22:32:55 - __main__ - INFO -   Final training settings for input resnet18: batch_size=256, amp=False
2026-05-28 22:32:55 - __main__ - INFO - Input model resnet18 done — test acc 64.19%, test loss 1.1194
2026-05-28 22:32:55 - __main__ - INFO - 
Preparing eval dataloaders for HiResCAM computation …
2026-05-28 22:32:57 - __main__ - INFO - 
Saving variant datasets to data/comparison_drive_zip_2026_05/28
2026-05-28 22:32:57 - __main__ - INFO - Generating train variants → data/comparison_drive_zip_2026_05/28
2026-05-28 22:33:16 - __main__ - INFO -   [train] processed 1280 images …
2026-05-28 22:33:33 - __main__ - INFO -   [train] processed 2560 images …
2026-05-28 22:33:50 - __main__ - INFO -   [train] processed 3840 images …
2026-05-28 22:34:07 - __main__ - INFO -   [train] processed 5120 images …
2026-05-28 22:34:25 - __main__ - INFO -   [train] processed 6400 images …
2026-05-28 22:34:42 - __main__ - INFO -   [train] processed 7680 images …
2026-05-28 22:34:59 - __main__ - INFO -   [train] processed 8960 images …
2026-05-28 22:35:16 - __main__ - INFO -   [train] processed 10240 images …
2026-05-28 22:35:33 - __main__ - INFO -   [train] processed 11520 images …
2026-05-28 22:35:50 - __main__ - INFO -   [train] processed 12800 images …
2026-05-28 22:36:07 - __main__ - INFO -   [train] processed 14080 images …
2026-05-28 22:36:24 - __main__ - INFO -   [train] processed 15360 images …
2026-05-28 22:36:41 - __main__ - INFO -   [train] processed 16640 images …
2026-05-28 22:36:58 - __main__ - INFO -   [train] processed 17920 images …
2026-05-28 22:37:15 - __main__ - INFO -   [train] processed 19200 images …
2026-05-28 22:37:31 - __main__ - INFO -   [train] processed 20480 images …
2026-05-28 22:37:48 - __main__ - INFO -   [train] processed 21760 images …
2026-05-28 22:38:05 - __main__ - INFO -   [train] processed 23040 images …
2026-05-28 22:38:22 - __main__ - INFO -   [train] processed 24320 images …
2026-05-28 22:38:39 - __main__ - INFO -   [train] processed 25600 images …
2026-05-28 22:38:56 - __main__ - INFO -   [train] processed 26880 images …
2026-05-28 22:39:13 - __main__ - INFO -   [train] processed 28160 images …
2026-05-28 22:39:30 - __main__ - INFO -   [train] processed 29440 images …
2026-05-28 22:39:47 - __main__ - INFO -   [train] processed 30720 images …
2026-05-28 22:40:04 - __main__ - INFO -   [train] processed 32000 images …
2026-05-28 22:40:21 - __main__ - INFO -   [train] processed 33280 images …
2026-05-28 22:40:37 - __main__ - INFO -   [train] processed 34560 images …
2026-05-28 22:40:54 - __main__ - INFO -   [train] processed 35840 images …
2026-05-28 22:41:11 - __main__ - INFO -   [train] processed 37120 images …
2026-05-28 22:41:28 - __main__ - INFO -   [train] processed 38400 images …
2026-05-28 22:41:45 - __main__ - INFO -   [train] processed 39680 images …
2026-05-28 22:42:02 - __main__ - INFO -   [train] processed 40960 images …
2026-05-28 22:42:19 - __main__ - INFO -   [train] processed 42240 images …
2026-05-28 22:42:36 - __main__ - INFO -   [train] processed 43520 images …
2026-05-28 22:42:53 - __main__ - INFO -   [train] processed 44800 images …
2026-05-28 22:43:10 - __main__ - INFO -   [train] processed 46080 images …
2026-05-28 22:43:28 - __main__ - INFO -   [train] processed 47360 images …
2026-05-28 22:43:45 - __main__ - INFO -   [train] processed 48640 images …
2026-05-28 22:44:02 - __main__ - INFO -   [train] processed 49920 images …
2026-05-28 22:44:19 - __main__ - INFO -   [train] processed 51200 images …
2026-05-28 22:44:36 - __main__ - INFO -   [train] processed 52480 images …
2026-05-28 22:44:53 - __main__ - INFO -   [train] processed 53760 images …
2026-05-28 22:45:10 - __main__ - INFO -   [train] processed 55040 images …
2026-05-28 22:45:26 - __main__ - INFO -   [train] processed 56320 images …
2026-05-28 22:45:43 - __main__ - INFO -   [train] processed 57600 images …
2026-05-28 22:46:00 - __main__ - INFO -   [train] processed 58880 images …
2026-05-28 22:46:17 - __main__ - INFO -   [train] processed 60160 images …
2026-05-28 22:46:35 - __main__ - INFO -   [train] processed 61440 images …
2026-05-28 22:46:51 - __main__ - INFO -   [train] processed 62720 images …
2026-05-28 22:47:08 - __main__ - INFO -   [train] processed 64000 images …
2026-05-28 22:47:25 - __main__ - INFO -   [train] processed 65280 images …
2026-05-28 22:47:42 - __main__ - INFO -   [train] processed 66560 images …
2026-05-28 22:47:59 - __main__ - INFO -   [train] processed 67840 images …
2026-05-28 22:48:16 - __main__ - INFO -   [train] processed 69120 images …
2026-05-28 22:48:33 - __main__ - INFO -   [train] processed 70400 images …
2026-05-28 22:48:50 - __main__ - INFO -   [train] processed 71680 images …
2026-05-28 22:49:07 - __main__ - INFO -   [train] processed 72960 images …
2026-05-28 22:49:23 - __main__ - INFO -   [train] processed 74240 images …
2026-05-28 22:49:40 - __main__ - INFO -   [train] processed 75520 images …
2026-05-28 22:49:58 - __main__ - INFO -   [train] processed 76800 images …
2026-05-28 22:50:15 - __main__ - INFO -   [train] processed 78080 images …
2026-05-28 22:50:32 - __main__ - INFO -   [train] processed 79360 images …
2026-05-28 22:50:49 - __main__ - INFO -   [train] processed 80640 images …
2026-05-28 22:51:06 - __main__ - INFO -   [train] processed 81920 images …
2026-05-28 22:51:23 - __main__ - INFO -   [train] processed 83200 images …
2026-05-28 22:51:40 - __main__ - INFO -   [train] processed 84480 images …
2026-05-28 22:51:58 - __main__ - INFO -   [train] processed 85760 images …
2026-05-28 22:52:15 - __main__ - INFO -   [train] processed 87040 images …
2026-05-28 22:52:32 - __main__ - INFO -   [train] processed 88320 images …
2026-05-28 22:52:49 - __main__ - INFO -   [train] processed 89600 images …
2026-05-28 22:53:06 - __main__ - INFO -   [train] processed 90880 images …
2026-05-28 22:53:22 - __main__ - INFO -   [train] processed 92160 images …
2026-05-28 22:53:39 - __main__ - INFO -   [train] processed 93440 images …
2026-05-28 22:53:56 - __main__ - INFO -   [train] processed 94720 images …
2026-05-28 22:54:14 - __main__ - INFO -   [train] processed 96000 images …
2026-05-28 22:54:30 - __main__ - INFO -   [train] processed 97280 images …
2026-05-28 22:54:47 - __main__ - INFO -   [train] processed 98560 images …
2026-05-28 22:55:04 - __main__ - INFO -   [train] processed 99840 images …
2026-05-28 22:55:21 - __main__ - INFO -   [train] processed 101120 images …
2026-05-28 22:55:38 - __main__ - INFO -   [train] processed 102400 images …
2026-05-28 22:55:55 - __main__ - INFO -   [train] processed 103680 images …
2026-05-28 22:56:12 - __main__ - INFO -   [train] processed 104960 images …
2026-05-28 22:56:29 - __main__ - INFO -   [train] processed 106240 images …
2026-05-28 22:56:46 - __main__ - INFO -   [train] processed 107520 images …
2026-05-28 22:57:03 - __main__ - INFO -   [train] processed 108800 images …
2026-05-28 22:57:03 - __main__ - INFO -   [train] saved 108800 images for all 2 variants
2026-05-28 22:57:03 - __main__ - INFO - Generating test variants → data/comparison_drive_zip_2026_05/28
2026-05-28 22:57:21 - __main__ - INFO -   [test] processed 1280 images …
2026-05-28 22:57:38 - __main__ - INFO -   [test] processed 2560 images …
2026-05-28 22:57:55 - __main__ - INFO -   [test] processed 3840 images …
2026-05-28 22:58:12 - __main__ - INFO -   [test] processed 5120 images …
2026-05-28 22:58:29 - __main__ - INFO -   [test] processed 6400 images …
2026-05-28 22:58:46 - __main__ - INFO -   [test] processed 7680 images …
2026-05-28 22:59:03 - __main__ - INFO -   [test] processed 8960 images …
2026-05-28 22:59:20 - __main__ - INFO -   [test] processed 10240 images …
2026-05-28 22:59:37 - __main__ - INFO -   [test] processed 11520 images …
2026-05-28 22:59:54 - __main__ - INFO -   [test] processed 12800 images …
2026-05-28 23:00:04 - __main__ - INFO -   [test] processed 13600 images …
2026-05-28 23:00:04 - __main__ - INFO -   [test] saved 13600 images for all 2 variants
2026-05-28 23:00:05 - __main__ - INFO - 
Starting output model sweep: densenet121
2026-05-28 23:00:05 - __main__ - INFO - 
============================================================
2026-05-28 23:00:05 - __main__ - INFO - Training output model: densenet121 [original]
2026-05-28 23:00:05 - __main__ - INFO -   Resolved config → opt=sgd, lr=0.1, wd=0.0001, bs=256, epochs=60, scheduler=cosine, warmup=5
2026-05-28 23:00:05 - __main__ - INFO - ============================================================
2026-05-28 23:00:05 - __main__ - INFO -   Validation during training uses variant split with val_split=0.1
2026-05-28 23:00:05 - __main__ - INFO -   Final test uses original test split
2026-05-28 23:00:05 - __main__ - INFO -   Retry policy: training output densenet121 [original] with batch_size=256, amp=False
2026-05-28 23:00:05 - __main__ - INFO - device: cuda | cuda: True | gpu: NVIDIA L4
2026-05-28 23:00:07 - __main__ - INFO - Model: densenet121 | Dataset: drive_zip | Classes: 17 | Optimizer: sgd
2026-05-28 23:00:07 - __main__ - INFO - 
Epoch 1/60 | lr 0.000100
2026-05-28 23:00:12 - __main__ - WARNING -   CUDA OOM for output densenet121 [original] at batch_size=256, amp=False; retrying with safer settings.
2026-05-28 23:00:12 - __main__ - INFO -   Retry policy: training output densenet121 [original] with batch_size=128, amp=False
2026-05-28 23:00:14 - __main__ - INFO - device: cuda | cuda: True | gpu: NVIDIA L4
2026-05-28 23:00:19 - __main__ - WARNING -   CUDA OOM for output densenet121 [original] at batch_size=128, amp=False; retrying with safer settings.
2026-05-28 23:00:19 - __main__ - INFO -   Retry policy: training output densenet121 [original] with batch_size=64, amp=False
2026-05-28 23:00:20 - __main__ - INFO - device: cuda | cuda: True | gpu: NVIDIA L4
2026-05-28 23:00:22 - __main__ - INFO - Model: densenet121 | Dataset: drive_zip | Classes: 17 | Optimizer: sgd
2026-05-28 23:00:22 - __main__ - INFO - 
Epoch 1/60 | lr 0.000100
2026-05-28 23:09:59 - __main__ - INFO - Train: loss 2.7282 acc1 13.63%
2026-05-28 23:09:59 - __main__ - INFO - Val:   loss 2.6065 acc1 17.53%
2026-05-28 23:09:59 - __main__ - INFO - saved best: 17.53%
2026-05-28 23:09:59 - __main__ - INFO - 
Epoch 2/60 | lr 0.020080
2026-05-28 23:19:33 - __main__ - INFO - Train: loss 2.1756 acc1 28.49%
2026-05-28 23:19:33 - __main__ - INFO - Val:   loss 2.1238 acc1 30.70%
2026-05-28 23:19:33 - __main__ - INFO - saved best: 30.70%
2026-05-28 23:19:33 - __main__ - INFO - 
Epoch 3/60 | lr 0.040060
2026-05-28 23:29:07 - __main__ - INFO - Train: loss 1.8392 acc1 37.70%
2026-05-28 23:29:07 - __main__ - INFO - Val:   loss 1.8268 acc1 38.77%
2026-05-28 23:29:07 - __main__ - INFO - saved best: 38.77%
2026-05-28 23:29:07 - __main__ - INFO - 
Epoch 4/60 | lr 0.060040
2026-05-28 23:38:42 - __main__ - INFO - Train: loss 1.6869 acc1 42.26%
2026-05-28 23:38:42 - __main__ - INFO - Val:   loss 1.8593 acc1 38.13%
2026-05-28 23:38:42 - __main__ - INFO - 
Epoch 5/60 | lr 0.080020
2026-05-28 23:48:16 - __main__ - INFO - Train: loss 1.5919 acc1 45.33%
2026-05-28 23:48:16 - __main__ - INFO - Val:   loss 1.7621 acc1 41.05%
2026-05-28 23:48:16 - __main__ - INFO - saved best: 41.05%
2026-05-28 23:48:16 - __main__ - INFO - 
Epoch 6/60 | lr 0.100000
2026-05-28 23:57:51 - __main__ - INFO - Train: loss 1.5328 acc1 47.59%
2026-05-28 23:57:51 - __main__ - INFO - Val:   loss 1.5720 acc1 46.63%
2026-05-28 23:57:51 - __main__ - INFO - saved best: 46.63%
2026-05-28 23:57:51 - __main__ - INFO - 
Epoch 7/60 | lr 0.099918
2026-05-29 00:07:25 - __main__ - INFO - Train: loss 1.4491 acc1 50.62%
2026-05-29 00:07:25 - __main__ - INFO - Val:   loss 1.5440 acc1 48.35%
2026-05-29 00:07:25 - __main__ - INFO - saved best: 48.35%
2026-05-29 00:07:25 - __main__ - INFO - 
Epoch 8/60 | lr 0.099674
2026-05-29 00:17:00 - __main__ - INFO - Train: loss 1.3826 acc1 53.11%
2026-05-29 00:17:00 - __main__ - INFO - Val:   loss 1.6025 acc1 48.00%
2026-05-29 00:17:00 - __main__ - INFO - 
Epoch 9/60 | lr 0.099268
2026-05-29 00:26:34 - __main__ - INFO - Train: loss 1.3290 acc1 55.04%
2026-05-29 00:26:34 - __main__ - INFO - Val:   loss 1.8472 acc1 41.05%
2026-05-29 00:26:34 - __main__ - INFO - 
Epoch 10/60 | lr 0.098701
2026-05-29 00:36:08 - __main__ - INFO - Train: loss 1.2851 acc1 56.53%
2026-05-29 00:36:08 - __main__ - INFO - Val:   loss 1.3954 acc1 53.29%
2026-05-29 00:36:09 - __main__ - INFO - saved best: 53.29%
2026-05-29 00:36:09 - __main__ - INFO - 
Epoch 11/60 | lr 0.097975
2026-05-29 00:45:43 - __main__ - INFO - Train: loss 1.2434 acc1 57.99%
2026-05-29 00:45:43 - __main__ - INFO - Val:   loss 1.3523 acc1 54.96%
2026-05-29 00:45:43 - __main__ - INFO - saved best: 54.96%
2026-05-29 00:45:43 - __main__ - INFO - 
Epoch 12/60 | lr 0.097093
2026-05-29 00:55:17 - __main__ - INFO - Train: loss 1.2084 acc1 59.33%
2026-05-29 00:55:17 - __main__ - INFO - Val:   loss 1.3970 acc1 54.00%
2026-05-29 00:55:17 - __main__ - INFO - 
Epoch 13/60 | lr 0.096057
2026-05-29 01:04:51 - __main__ - INFO - Train: loss 1.1802 acc1 60.32%
2026-05-29 01:04:51 - __main__ - INFO - Val:   loss 1.3946 acc1 53.60%
2026-05-29 01:04:51 - __main__ - INFO - 
Epoch 14/60 | lr 0.094870
2026-05-29 01:14:26 - __main__ - INFO - Train: loss 1.1485 acc1 61.38%
2026-05-29 01:14:26 - __main__ - INFO - Val:   loss 1.7278 acc1 46.63%
2026-05-29 01:14:26 - __main__ - INFO - 
Epoch 15/60 | lr 0.093538
2026-05-29 01:24:00 - __main__ - INFO - Train: loss 1.1280 acc1 62.27%
2026-05-29 01:24:00 - __main__ - INFO - Val:   loss 1.3958 acc1 54.87%
2026-05-29 01:24:00 - __main__ - INFO - 
Epoch 16/60 | lr 0.092063
2026-05-29 01:33:34 - __main__ - INFO - Train: loss 1.1015 acc1 62.92%
2026-05-29 01:33:34 - __main__ - INFO - Val:   loss 1.2530 acc1 59.05%
2026-05-29 01:33:34 - __main__ - INFO - saved best: 59.05%
2026-05-29 01:33:34 - __main__ - INFO - 
Epoch 17/60 | lr 0.090452
2026-05-29 01:43:09 - __main__ - INFO - Train: loss 1.0758 acc1 63.84%
2026-05-29 01:43:09 - __main__ - INFO - Val:   loss 1.2923 acc1 57.21%
2026-05-29 01:43:09 - __main__ - INFO - 
Epoch 18/60 | lr 0.088708
2026-05-29 01:52:43 - __main__ - INFO - Train: loss 1.0516 acc1 64.58%
2026-05-29 01:52:43 - __main__ - INFO - Val:   loss 1.2687 acc1 58.55%
2026-05-29 01:52:43 - __main__ - INFO - 
Epoch 19/60 | lr 0.086838
2026-05-29 02:02:17 - __main__ - INFO - Train: loss 1.0357 acc1 65.08%
2026-05-29 02:02:17 - __main__ - INFO - Val:   loss 1.3426 acc1 55.89%
2026-05-29 02:02:17 - __main__ - INFO - 
Epoch 20/60 | lr 0.084848
2026-05-29 02:11:51 - __main__ - INFO - Train: loss 1.0148 acc1 65.74%
2026-05-29 02:11:51 - __main__ - INFO - Val:   loss 1.3048 acc1 57.67%
2026-05-29 02:11:51 - __main__ - INFO - 
Epoch 21/60 | lr 0.082745
2026-05-29 02:21:25 - __main__ - INFO - Train: loss 0.9886 acc1 66.65%
2026-05-29 02:21:25 - __main__ - INFO - Val:   loss 1.3055 acc1 58.05%
2026-05-29 02:21:25 - __main__ - INFO - 
Epoch 22/60 | lr 0.080534
2026-05-29 02:30:58 - __main__ - INFO - Train: loss 0.9646 acc1 67.57%
2026-05-29 02:30:58 - __main__ - INFO - Val:   loss 1.2644 acc1 59.47%
2026-05-29 02:30:58 - __main__ - INFO - saved best: 59.47%
2026-05-29 02:30:58 - __main__ - INFO - 
Epoch 23/60 | lr 0.078224
2026-05-29 02:40:32 - __main__ - INFO - Train: loss 0.9478 acc1 67.82%
2026-05-29 02:40:32 - __main__ - INFO - Val:   loss 1.2647 acc1 59.54%
2026-05-29 02:40:32 - __main__ - INFO - saved best: 59.54%
2026-05-29 02:40:32 - __main__ - INFO - 
Epoch 24/60 | lr 0.075822
2026-05-29 02:50:06 - __main__ - INFO - Train: loss 0.9223 acc1 68.93%
2026-05-29 02:50:06 - __main__ - INFO - Val:   loss 1.3138 acc1 58.62%
2026-05-29 02:50:06 - __main__ - INFO - 
Epoch 25/60 | lr 0.073336
2026-05-29 02:59:40 - __main__ - INFO - Train: loss 0.9005 acc1 69.58%
2026-05-29 02:59:40 - __main__ - INFO - Val:   loss 1.2882 acc1 58.74%
2026-05-29 02:59:40 - __main__ - INFO - 
Epoch 26/60 | lr 0.070774
2026-05-29 03:09:14 - __main__ - INFO - Train: loss 0.8746 acc1 70.38%
2026-05-29 03:09:14 - __main__ - INFO - Val:   loss 1.3816 acc1 56.84%
2026-05-29 03:09:14 - __main__ - INFO - 
Epoch 27/60 | lr 0.068144
2026-05-29 03:18:48 - __main__ - INFO - Train: loss 0.8550 acc1 71.04%
2026-05-29 03:18:48 - __main__ - INFO - Val:   loss 1.3825 acc1 57.11%
2026-05-29 03:18:48 - __main__ - INFO - 
Epoch 28/60 | lr 0.065454
2026-05-29 03:28:23 - __main__ - INFO - Train: loss 0.8256 acc1 72.04%
2026-05-29 03:28:23 - __main__ - INFO - Val:   loss 1.1383 acc1 63.71%
2026-05-29 03:28:23 - __main__ - INFO - saved best: 63.71%
2026-05-29 03:28:23 - __main__ - INFO - 
Epoch 29/60 | lr 0.062715
2026-05-29 03:37:57 - __main__ - INFO - Train: loss 0.8045 acc1 72.81%
2026-05-29 03:37:57 - __main__ - INFO - Val:   loss 1.2160 acc1 62.60%
2026-05-29 03:37:57 - __main__ - INFO - 
Epoch 30/60 | lr 0.059934
2026-05-29 03:47:31 - __main__ - INFO - Train: loss 0.7816 acc1 73.49%
2026-05-29 03:47:31 - __main__ - INFO - Val:   loss 1.9333 acc1 50.80%
2026-05-29 03:47:31 - __main__ - INFO - 
Epoch 31/60 | lr 0.057120
2026-05-29 03:57:05 - __main__ - INFO - Train: loss 0.7472 acc1 74.69%
2026-05-29 03:57:05 - __main__ - INFO - Val:   loss 1.2154 acc1 61.89%
2026-05-29 03:57:05 - __main__ - INFO - 
Epoch 32/60 | lr 0.054283
2026-05-29 04:06:39 - __main__ - INFO - Train: loss 0.7221 acc1 75.45%
2026-05-29 04:06:39 - __main__ - INFO - Val:   loss 1.1391 acc1 64.72%
2026-05-29 04:06:40 - __main__ - INFO - saved best: 64.72%
2026-05-29 04:06:40 - __main__ - INFO - 
Epoch 33/60 | lr 0.051433
2026-05-29 04:16:14 - __main__ - INFO - Train: loss 0.6970 acc1 76.15%
2026-05-29 04:16:14 - __main__ - INFO - Val:   loss 1.1586 acc1 64.25%
2026-05-29 04:16:14 - __main__ - INFO - 
Epoch 34/60 | lr 0.048577
2026-05-29 04:25:48 - __main__ - INFO - Train: loss 0.6708 acc1 77.21%
2026-05-29 04:25:48 - __main__ - INFO - Val:   loss 1.1813 acc1 65.03%
2026-05-29 04:25:48 - __main__ - INFO - saved best: 65.03%
2026-05-29 04:25:48 - __main__ - INFO - 
Epoch 35/60 | lr 0.045727
2026-05-29 04:35:22 - __main__ - INFO - Train: loss 0.6324 acc1 78.39%
2026-05-29 04:35:22 - __main__ - INFO - Val:   loss 1.1314 acc1 66.47%
2026-05-29 04:35:22 - __main__ - INFO - saved best: 66.47%
2026-05-29 04:35:22 - __main__ - INFO - 
Epoch 36/60 | lr 0.042890
2026-05-29 04:44:56 - __main__ - INFO - Train: loss 0.6050 acc1 79.16%
2026-05-29 04:44:56 - __main__ - INFO - Val:   loss 1.2238 acc1 65.75%
2026-05-29 04:44:56 - __main__ - INFO - 
Epoch 37/60 | lr 0.040076
2026-05-29 04:54:30 - __main__ - INFO - Train: loss 0.5750 acc1 80.31%
2026-05-29 04:54:30 - __main__ - INFO - Val:   loss 1.1739 acc1 66.53%
2026-05-29 04:54:30 - __main__ - INFO - saved best: 66.53%
2026-05-29 04:54:30 - __main__ - INFO - 
Epoch 38/60 | lr 0.037295
2026-05-29 05:04:04 - __main__ - INFO - Train: loss 0.5451 acc1 81.21%
2026-05-29 05:04:04 - __main__ - INFO - Val:   loss 1.1239 acc1 68.53%
2026-05-29 05:04:04 - __main__ - INFO - saved best: 68.53%
2026-05-29 05:04:04 - __main__ - INFO - 
Epoch 39/60 | lr 0.034556
2026-05-29 05:13:39 - __main__ - INFO - Train: loss 0.5087 acc1 82.45%
2026-05-29 05:13:39 - __main__ - INFO - Val:   loss 1.1582 acc1 67.83%
2026-05-29 05:13:39 - __main__ - INFO - 
Epoch 40/60 | lr 0.031866
2026-05-29 05:23:13 - __main__ - INFO - Train: loss 0.4685 acc1 83.75%
2026-05-29 05:23:13 - __main__ - INFO - Val:   loss 1.4303 acc1 64.13%
2026-05-29 05:23:13 - __main__ - INFO - 
Epoch 41/60 | lr 0.029236
2026-05-29 05:32:47 - __main__ - INFO - Train: loss 0.4398 acc1 84.76%
2026-05-29 05:32:47 - __main__ - INFO - Val:   loss 1.1469 acc1 68.53%
2026-05-29 05:32:47 - __main__ - INFO - 
Epoch 42/60 | lr 0.026674
2026-05-29 05:42:22 - __main__ - INFO - Train: loss 0.4006 acc1 86.05%
2026-05-29 05:42:22 - __main__ - INFO - Val:   loss 1.3000 acc1 68.03%
2026-05-29 05:42:22 - __main__ - INFO - 
Epoch 43/60 | lr 0.024188
2026-05-29 05:51:56 - __main__ - INFO - Train: loss 0.3621 acc1 87.36%
2026-05-29 05:51:56 - __main__ - INFO - Val:   loss 1.2071 acc1 69.40%
2026-05-29 05:51:56 - __main__ - INFO - saved best: 69.40%
2026-05-29 05:51:56 - __main__ - INFO - 
Epoch 44/60 | lr 0.021786
2026-05-29 06:01:30 - __main__ - INFO - Train: loss 0.3289 acc1 88.51%
2026-05-29 06:01:30 - __main__ - INFO - Val:   loss 1.2025 acc1 70.78%
2026-05-29 06:01:30 - __main__ - INFO - saved best: 70.78%
2026-05-29 06:01:30 - __main__ - INFO - 
Epoch 45/60 | lr 0.019476
2026-05-29 06:11:05 - __main__ - INFO - Train: loss 0.2971 acc1 89.57%
2026-05-29 06:11:05 - __main__ - INFO - Val:   loss 1.2394 acc1 71.91%
2026-05-29 06:11:05 - __main__ - INFO - saved best: 71.91%
2026-05-29 06:11:05 - __main__ - INFO - 
Epoch 46/60 | lr 0.017265
2026-05-29 06:20:39 - __main__ - INFO - Train: loss 0.2596 acc1 90.83%
2026-05-29 06:20:39 - __main__ - INFO - Val:   loss 1.2408 acc1 71.88%
2026-05-29 06:20:39 - __main__ - INFO - 
Epoch 47/60 | lr 0.015162
2026-05-29 06:30:13 - __main__ - INFO - Train: loss 0.2235 acc1 92.06%
2026-05-29 06:30:13 - __main__ - INFO - Val:   loss 1.3032 acc1 72.21%
2026-05-29 06:30:13 - __main__ - INFO - saved best: 72.21%
2026-05-29 06:30:13 - __main__ - INFO - 
Epoch 48/60 | lr 0.013172
2026-05-29 06:39:48 - __main__ - INFO - Train: loss 0.1947 acc1 92.95%
2026-05-29 06:39:48 - __main__ - INFO - Val:   loss 1.2857 acc1 72.86%
2026-05-29 06:39:48 - __main__ - INFO - saved best: 72.86%
2026-05-29 06:39:48 - __main__ - INFO - 
Epoch 49/60 | lr 0.011302
2026-05-29 06:49:22 - __main__ - INFO - Train: loss 0.1648 acc1 93.97%
2026-05-29 06:49:22 - __main__ - INFO - Val:   loss 1.3204 acc1 73.12%
2026-05-29 06:49:22 - __main__ - INFO - saved best: 73.12%
2026-05-29 06:49:22 - __main__ - INFO - 
Epoch 50/60 | lr 0.009558
2026-05-29 06:58:56 - __main__ - INFO - Train: loss 0.1413 acc1 94.77%
2026-05-29 06:58:56 - __main__ - INFO - Val:   loss 1.3524 acc1 73.57%
2026-05-29 06:58:56 - __main__ - INFO - saved best: 73.57%
2026-05-29 06:58:56 - __main__ - INFO - 
Epoch 51/60 | lr 0.007947
2026-05-29 07:08:31 - __main__ - INFO - Train: loss 0.1226 acc1 95.41%
2026-05-29 07:08:31 - __main__ - INFO - Val:   loss 1.3442 acc1 73.82%
2026-05-29 07:08:31 - __main__ - INFO - saved best: 73.82%
2026-05-29 07:08:31 - __main__ - INFO - 
Epoch 52/60 | lr 0.006472
2026-05-29 07:18:05 - __main__ - INFO - Train: loss 0.1067 acc1 95.92%
2026-05-29 07:18:05 - __main__ - INFO - Val:   loss 1.3820 acc1 74.16%
2026-05-29 07:18:05 - __main__ - INFO - saved best: 74.16%
2026-05-29 07:18:05 - __main__ - INFO - 
Epoch 53/60 | lr 0.005140
2026-05-29 07:27:39 - __main__ - INFO - Train: loss 0.0951 acc1 96.31%
2026-05-29 07:27:39 - __main__ - INFO - Val:   loss 1.4150 acc1 74.25%
2026-05-29 07:27:39 - __main__ - INFO - saved best: 74.25%
2026-05-29 07:27:39 - __main__ - INFO - 
Epoch 54/60 | lr 0.003953
2026-05-29 07:37:14 - __main__ - INFO - Train: loss 0.0850 acc1 96.69%
2026-05-29 07:37:14 - __main__ - INFO - Val:   loss 1.4126 acc1 74.61%
2026-05-29 07:37:14 - __main__ - INFO - saved best: 74.61%
2026-05-29 07:37:14 - __main__ - INFO - 
Epoch 55/60 | lr 0.002917
2026-05-29 07:46:48 - __main__ - INFO - Train: loss 0.0768 acc1 96.97%
2026-05-29 07:46:48 - __main__ - INFO - Val:   loss 1.4397 acc1 74.38%
2026-05-29 07:46:48 - __main__ - INFO - 
Epoch 56/60 | lr 0.002035
2026-05-29 07:56:22 - __main__ - INFO - Train: loss 0.0717 acc1 97.18%
2026-05-29 07:56:22 - __main__ - INFO - Val:   loss 1.4265 acc1 74.69%
2026-05-29 07:56:22 - __main__ - INFO - saved best: 74.69%
2026-05-29 07:56:22 - __main__ - INFO - 
Epoch 57/60 | lr 0.001309
2026-05-29 08:05:56 - __main__ - INFO - Train: loss 0.0669 acc1 97.36%
2026-05-29 08:05:56 - __main__ - INFO - Val:   loss 1.4511 acc1 74.60%
2026-05-29 08:05:56 - __main__ - INFO - 
Epoch 58/60 | lr 0.000742
2026-05-29 08:15:30 - __main__ - INFO - Train: loss 0.0636 acc1 97.52%
2026-05-29 08:15:30 - __main__ - INFO - Val:   loss 1.4454 acc1 74.83%
2026-05-29 08:15:30 - __main__ - INFO - saved best: 74.83%
2026-05-29 08:15:30 - __main__ - INFO - 
Epoch 59/60 | lr 0.000336
2026-05-29 08:25:04 - __main__ - INFO - Train: loss 0.0621 acc1 97.56%
2026-05-29 08:25:04 - __main__ - INFO - Val:   loss 1.4526 acc1 74.80%
2026-05-29 08:25:04 - __main__ - INFO - 
Epoch 60/60 | lr 0.000092
2026-05-29 08:34:38 - __main__ - INFO - Train: loss 0.0616 acc1 97.61%
2026-05-29 08:34:38 - __main__ - INFO - Val:   loss 1.4482 acc1 74.93%
2026-05-29 08:34:38 - __main__ - INFO - saved best: 74.93%
2026-05-29 08:34:38 - __main__ - INFO - Loaded best checkpoint weights for final test evaluation.
2026-05-29 08:35:04 - __main__ - INFO - 
Best tracked (val): 74.93%
2026-05-29 08:35:04 - __main__ - INFO - Final test: loss 1.4308 acc1 74.48%
2026-05-29 08:35:05 - __main__ - INFO -   OOM recovery succeeded for output densenet121 [original] with batch_size=64, amp=False
2026-05-29 08:35:05 - __main__ - INFO -   Final training settings for output densenet121 [original]: batch_size=64, amp=False
2026-05-29 08:35:31 - __main__ - INFO - Variant [original] done — test acc 74.48%, test loss 1.4308
2026-05-29 08:35:31 - __main__ - INFO - 
============================================================
2026-05-29 08:35:31 - __main__ - INFO - Training output model: densenet121 [random_sparsity]
2026-05-29 08:35:31 - __main__ - INFO -   Resolved config → opt=sgd, lr=0.1, wd=0.0001, bs=256, epochs=60, scheduler=cosine, warmup=5
2026-05-29 08:35:31 - __main__ - INFO - ============================================================
2026-05-29 08:35:31 - __main__ - INFO -   Validation during training uses variant split with val_split=0.1
2026-05-29 08:35:31 - __main__ - INFO -   Final test uses random_sparsity variant test split
2026-05-29 08:35:31 - __main__ - INFO -   Retry policy: training output densenet121 [random_sparsity] with batch_size=256, amp=False
2026-05-29 08:35:32 - __main__ - INFO - device: cuda | cuda: True | gpu: NVIDIA L4
2026-05-29 08:35:34 - __main__ - INFO - Model: densenet121 | Dataset: drive_zip | Classes: 17 | Optimizer: sgd
2026-05-29 08:35:34 - __main__ - INFO - 
Epoch 1/60 | lr 0.000100
2026-05-29 08:35:41 - __main__ - WARNING -   CUDA OOM for output densenet121 [random_sparsity] at batch_size=256, amp=False; retrying with safer settings.
2026-05-29 08:39:02 - __main__ - INFO -   Retry policy: training output densenet121 [random_sparsity] with batch_size=128, amp=False
2026-05-29 08:39:03 - __main__ - INFO - device: cuda | cuda: True | gpu: NVIDIA L4
2026-05-29 08:39:04 - __main__ - INFO - Model: densenet121 | Dataset: drive_zip | Classes: 17 | Optimizer: sgd
2026-05-29 08:39:04 - __main__ - INFO - 
Epoch 1/60 | lr 0.000100
2026-05-29 08:39:06 - __main__ - WARNING -   CUDA OOM for output densenet121 [random_sparsity] at batch_size=128, amp=False; retrying with safer settings.
2026-05-29 08:39:07 - __main__ - INFO -   Retry policy: training output densenet121 [random_sparsity] with batch_size=64, amp=False
2026-05-29 08:39:08 - __main__ - INFO - device: cuda | cuda: True | gpu: NVIDIA L4
2026-05-29 08:39:09 - __main__ - INFO - Model: densenet121 | Dataset: drive_zip | Classes: 17 | Optimizer: sgd
2026-05-29 08:39:09 - __main__ - INFO - 
Epoch 1/60 | lr 0.000100
2026-05-29 08:48:46 - __main__ - INFO - Train: loss 2.7217 acc1 13.30%
2026-05-29 08:48:46 - __main__ - INFO - Val:   loss 2.6114 acc1 17.49%
2026-05-29 08:48:46 - __main__ - INFO - saved best: 17.49%
2026-05-29 08:48:46 - __main__ - INFO - 
Epoch 2/60 | lr 0.020080
2026-05-29 08:58:21 - __main__ - INFO - Train: loss 2.2648 acc1 26.47%
2026-05-29 08:58:21 - __main__ - INFO - Val:   loss 2.0913 acc1 30.86%
2026-05-29 08:58:21 - __main__ - INFO - saved best: 30.86%
2026-05-29 08:58:21 - __main__ - INFO - 
Epoch 3/60 | lr 0.040060
2026-05-29 09:07:55 - __main__ - INFO - Train: loss 1.9599 acc1 34.66%
2026-05-29 09:07:55 - __main__ - INFO - Val:   loss 1.9317 acc1 35.35%
2026-05-29 09:07:55 - __main__ - INFO - saved best: 35.35%
2026-05-29 09:07:55 - __main__ - INFO - 
Epoch 4/60 | lr 0.060040
2026-05-29 09:17:30 - __main__ - INFO - Train: loss 1.7673 acc1 40.13%
2026-05-29 09:17:30 - __main__ - INFO - Val:   loss 1.9352 acc1 36.50%
2026-05-29 09:17:30 - __main__ - INFO - saved best: 36.50%
2026-05-29 09:17:30 - __main__ - INFO - 
Epoch 5/60 | lr 0.080020
2026-05-29 09:27:04 - __main__ - INFO - Train: loss 1.6618 acc1 43.27%
2026-05-29 09:27:04 - __main__ - INFO - Val:   loss 1.6905 acc1 43.85%
2026-05-29 09:27:04 - __main__ - INFO - saved best: 43.85%
2026-05-29 09:27:04 - __main__ - INFO - 
Epoch 6/60 | lr 0.100000
2026-05-29 09:36:39 - __main__ - INFO - Train: loss 1.5980 acc1 45.56%
2026-05-29 09:36:39 - __main__ - INFO - Val:   loss 1.6023 acc1 45.87%
2026-05-29 09:36:39 - __main__ - INFO - saved best: 45.87%
2026-05-29 09:36:39 - __main__ - INFO - 
Epoch 7/60 | lr 0.099918
2026-05-29 09:46:13 - __main__ - INFO - Train: loss 1.5274 acc1 47.95%
2026-05-29 09:46:13 - __main__ - INFO - Val:   loss 1.5529 acc1 47.39%
2026-05-29 09:46:13 - __main__ - INFO - saved best: 47.39%
2026-05-29 09:46:13 - __main__ - INFO - 
Epoch 8/60 | lr 0.099674
2026-05-29 09:55:48 - __main__ - INFO - Train: loss 1.4676 acc1 50.10%
2026-05-29 09:55:48 - __main__ - INFO - Val:   loss 1.4912 acc1 50.08%
2026-05-29 09:55:48 - __main__ - INFO - saved best: 50.08%
2026-05-29 09:55:48 - __main__ - INFO - 
Epoch 9/60 | lr 0.099268
2026-05-29 10:05:22 - __main__ - INFO - Train: loss 1.4213 acc1 51.77%
2026-05-29 10:05:22 - __main__ - INFO - Val:   loss 1.5502 acc1 48.81%
2026-05-29 10:05:22 - __main__ - INFO - 
Epoch 10/60 | lr 0.098701
2026-05-29 10:14:56 - __main__ - INFO - Train: loss 1.3786 acc1 53.33%
2026-05-29 10:14:56 - __main__ - INFO - Val:   loss 1.5055 acc1 50.06%
2026-05-29 10:14:56 - __main__ - INFO - 
Epoch 11/60 | lr 0.097975
2026-05-29 10:24:30 - __main__ - INFO - Train: loss 1.3436 acc1 54.48%
2026-05-29 10:24:30 - __main__ - INFO - Val:   loss 1.4159 acc1 53.01%
2026-05-29 10:24:30 - __main__ - INFO - saved best: 53.01%
2026-05-29 10:24:30 - __main__ - INFO - 
Epoch 12/60 | lr 0.097093
2026-05-29 10:34:05 - __main__ - INFO - Train: loss 1.3098 acc1 55.81%
2026-05-29 10:34:05 - __main__ - INFO - Val:   loss 1.3915 acc1 53.26%
2026-05-29 10:34:05 - __main__ - INFO - saved best: 53.26%
2026-05-29 10:34:05 - __main__ - INFO - 
Epoch 13/60 | lr 0.096057
2026-05-29 10:43:39 - __main__ - INFO - Train: loss 1.2813 acc1 56.67%
2026-05-29 10:43:39 - __main__ - INFO - Val:   loss 1.4220 acc1 52.44%
2026-05-29 10:43:39 - __main__ - INFO - 
Epoch 14/60 | lr 0.094870
2026-05-29 10:53:13 - __main__ - INFO - Train: loss 1.2546 acc1 57.62%
2026-05-29 10:53:13 - __main__ - INFO - Val:   loss 1.3828 acc1 54.76%
2026-05-29 10:53:13 - __main__ - INFO - saved best: 54.76%
2026-05-29 10:53:13 - __main__ - INFO - 
Epoch 15/60 | lr 0.093538
2026-05-29 11:02:47 - __main__ - INFO - Train: loss 1.2290 acc1 58.49%
2026-05-29 11:02:47 - __main__ - INFO - Val:   loss 1.3963 acc1 54.59%
2026-05-29 11:02:47 - __main__ - INFO - 
Epoch 16/60 | lr 0.092063
2026-05-29 11:12:21 - __main__ - INFO - Train: loss 1.2053 acc1 59.37%
2026-05-29 11:12:21 - __main__ - INFO - Val:   loss 1.3630 acc1 55.94%
2026-05-29 11:12:21 - __main__ - INFO - saved best: 55.94%
2026-05-29 11:12:21 - __main__ - INFO - 
Epoch 17/60 | lr 0.090452
2026-05-29 11:21:55 - __main__ - INFO - Train: loss 1.1833 acc1 60.35%
2026-05-29 11:21:55 - __main__ - INFO - Val:   loss 1.3771 acc1 55.36%
2026-05-29 11:21:55 - __main__ - INFO - 
Epoch 18/60 | lr 0.088708
2026-05-29 11:31:29 - __main__ - INFO - Train: loss 1.1615 acc1 61.09%
2026-05-29 11:31:29 - __main__ - INFO - Val:   loss 1.3376 acc1 56.17%
2026-05-29 11:31:29 - __main__ - INFO - saved best: 56.17%
2026-05-29 11:31:29 - __main__ - INFO - 
Epoch 19/60 | lr 0.086838
2026-05-29 11:41:03 - __main__ - INFO - Train: loss 1.1402 acc1 61.70%
2026-05-29 11:41:03 - __main__ - INFO - Val:   loss 1.3284 acc1 56.07%
2026-05-29 11:41:03 - __main__ - INFO - 
Epoch 20/60 | lr 0.084848
2026-05-29 11:50:37 - __main__ - INFO - Train: loss 1.1188 acc1 62.40%
2026-05-29 11:50:37 - __main__ - INFO - Val:   loss 1.2798 acc1 58.60%
2026-05-29 11:50:37 - __main__ - INFO - saved best: 58.60%
2026-05-29 11:50:37 - __main__ - INFO - 
Epoch 21/60 | lr 0.082745
2026-05-29 12:00:11 - __main__ - INFO - Train: loss 1.0954 acc1 63.28%
2026-05-29 12:00:11 - __main__ - INFO - Val:   loss 1.2692 acc1 58.33%
2026-05-29 12:00:11 - __main__ - INFO - 
Epoch 22/60 | lr 0.080534
2026-05-29 12:09:45 - __main__ - INFO - Train: loss 1.0729 acc1 63.80%
2026-05-29 12:09:45 - __main__ - INFO - Val:   loss 1.2826 acc1 58.12%
2026-05-29 12:09:45 - __main__ - INFO - 
Epoch 23/60 | lr 0.078224
2026-05-29 12:19:19 - __main__ - INFO - Train: loss 1.0570 acc1 64.20%
2026-05-29 12:19:19 - __main__ - INFO - Val:   loss 1.2239 acc1 60.38%
2026-05-29 12:19:19 - __main__ - INFO - saved best: 60.38%
2026-05-29 12:19:19 - __main__ - INFO - 
Epoch 24/60 | lr 0.075822
2026-05-29 12:28:53 - __main__ - INFO - Train: loss 1.0333 acc1 65.14%
2026-05-29 12:28:53 - __main__ - INFO - Val:   loss 1.2210 acc1 60.47%
2026-05-29 12:28:53 - __main__ - INFO - saved best: 60.47%
2026-05-29 12:28:53 - __main__ - INFO - 
Epoch 25/60 | lr 0.073336
2026-05-29 12:38:27 - __main__ - INFO - Train: loss 1.0139 acc1 65.66%
2026-05-29 12:38:27 - __main__ - INFO - Val:   loss 1.2845 acc1 58.25%
2026-05-29 12:38:27 - __main__ - INFO - 
Epoch 26/60 | lr 0.070774
2026-05-29 12:48:01 - __main__ - INFO - Train: loss 0.9914 acc1 66.55%
2026-05-29 12:48:01 - __main__ - INFO - Val:   loss 1.2501 acc1 59.67%
2026-05-29 12:48:01 - __main__ - INFO - 
Epoch 27/60 | lr 0.068144
2026-05-29 12:57:35 - __main__ - INFO - Train: loss 0.9691 acc1 67.15%
2026-05-29 12:57:35 - __main__ - INFO - Val:   loss 1.1998 acc1 61.22%
2026-05-29 12:57:35 - __main__ - INFO - saved best: 61.22%
2026-05-29 12:57:35 - __main__ - INFO - 
Epoch 28/60 | lr 0.065454
2026-05-29 13:07:09 - __main__ - INFO - Train: loss 0.9445 acc1 67.90%
2026-05-29 13:07:09 - __main__ - INFO - Val:   loss 1.2538 acc1 60.97%
2026-05-29 13:07:09 - __main__ - INFO - 
Epoch 29/60 | lr 0.062715
2026-05-29 13:16:43 - __main__ - INFO - Train: loss 0.9215 acc1 68.83%
2026-05-29 13:16:43 - __main__ - INFO - Val:   loss 1.2281 acc1 60.22%
2026-05-29 13:16:43 - __main__ - INFO - 
Epoch 30/60 | lr 0.059934
2026-05-29 13:26:17 - __main__ - INFO - Train: loss 0.8981 acc1 69.48%
2026-05-29 13:26:17 - __main__ - INFO - Val:   loss 1.2392 acc1 60.51%
2026-05-29 13:26:17 - __main__ - INFO - 
Epoch 31/60 | lr 0.057120
2026-05-29 13:35:52 - __main__ - INFO - Train: loss 0.8723 acc1 70.49%
2026-05-29 13:35:52 - __main__ - INFO - Val:   loss 1.1744 acc1 62.56%
2026-05-29 13:35:52 - __main__ - INFO - saved best: 62.56%
2026-05-29 13:35:52 - __main__ - INFO - 
Epoch 32/60 | lr 0.054283
2026-05-29 13:45:26 - __main__ - INFO - Train: loss 0.8457 acc1 71.35%
2026-05-29 13:45:26 - __main__ - INFO - Val:   loss 1.1783 acc1 63.31%
2026-05-29 13:45:26 - __main__ - INFO - saved best: 63.31%
2026-05-29 13:45:26 - __main__ - INFO - 
Epoch 33/60 | lr 0.051433
2026-05-29 13:55:00 - __main__ - INFO - Train: loss 0.8210 acc1 71.98%
2026-05-29 13:55:00 - __main__ - INFO - Val:   loss 1.1760 acc1 62.82%
2026-05-29 13:55:00 - __main__ - INFO - 
Epoch 34/60 | lr 0.048577
2026-05-29 14:04:34 - __main__ - INFO - Train: loss 0.7941 acc1 72.82%
2026-05-29 14:04:34 - __main__ - INFO - Val:   loss 1.1691 acc1 64.11%
2026-05-29 14:04:34 - __main__ - INFO - saved best: 64.11%
2026-05-29 14:04:34 - __main__ - INFO - 
Epoch 35/60 | lr 0.045727
2026-05-29 14:14:08 - __main__ - INFO - Train: loss 0.7664 acc1 73.78%
2026-05-29 14:14:08 - __main__ - INFO - Val:   loss 1.1624 acc1 64.77%
2026-05-29 14:14:08 - __main__ - INFO - saved best: 64.77%
2026-05-29 14:14:08 - __main__ - INFO - 
Epoch 36/60 | lr 0.042890
2026-05-29 14:23:42 - __main__ - INFO - Train: loss 0.7358 acc1 74.82%
2026-05-29 14:23:42 - __main__ - INFO - Val:   loss 1.1618 acc1 64.77%
2026-05-29 14:23:42 - __main__ - INFO - 
Epoch 37/60 | lr 0.040076
2026-05-29 14:33:16 - __main__ - INFO - Train: loss 0.7009 acc1 75.92%
2026-05-29 14:33:16 - __main__ - INFO - Val:   loss 1.1743 acc1 64.66%
2026-05-29 14:33:16 - __main__ - INFO - 
Epoch 38/60 | lr 0.037295
2026-05-29 14:42:50 - __main__ - INFO - Train: loss 0.6725 acc1 76.79%
2026-05-29 14:42:50 - __main__ - INFO - Val:   loss 1.1653 acc1 66.08%
2026-05-29 14:42:50 - __main__ - INFO - saved best: 66.08%
2026-05-29 14:42:50 - __main__ - INFO - 
Epoch 39/60 | lr 0.034556
2026-05-29 14:52:24 - __main__ - INFO - Train: loss 0.6397 acc1 77.80%
2026-05-29 14:52:24 - __main__ - INFO - Val:   loss 1.1357 acc1 65.85%
2026-05-29 14:52:24 - __main__ - INFO - 
Epoch 40/60 | lr 0.031866
2026-05-29 15:01:58 - __main__ - INFO - Train: loss 0.6033 acc1 79.07%
2026-05-29 15:01:58 - __main__ - INFO - Val:   loss 1.1671 acc1 66.80%
2026-05-29 15:01:58 - __main__ - INFO - saved best: 66.80%
2026-05-29 15:01:58 - __main__ - INFO - 
Epoch 41/60 | lr 0.029236
2026-05-29 15:11:33 - __main__ - INFO - Train: loss 0.5701 acc1 80.25%
2026-05-29 15:11:33 - __main__ - INFO - Val:   loss 1.1941 acc1 65.72%
2026-05-29 15:11:33 - __main__ - INFO - 
Epoch 42/60 | lr 0.026674
2026-05-29 15:21:07 - __main__ - INFO - Train: loss 0.5307 acc1 81.49%
2026-05-29 15:21:07 - __main__ - INFO - Val:   loss 1.2084 acc1 66.88%
2026-05-29 15:21:07 - __main__ - INFO - saved best: 66.88%
2026-05-29 15:21:07 - __main__ - INFO - 
Epoch 43/60 | lr 0.024188
2026-05-29 15:30:41 - __main__ - INFO - Train: loss 0.4922 acc1 82.78%
2026-05-29 15:30:41 - __main__ - INFO - Val:   loss 1.1775 acc1 67.47%
2026-05-29 15:30:41 - __main__ - INFO - saved best: 67.47%
2026-05-29 15:30:41 - __main__ - INFO - 
Epoch 44/60 | lr 0.021786
2026-05-29 15:40:15 - __main__ - INFO - Train: loss 0.4519 acc1 84.11%
2026-05-29 15:40:15 - __main__ - INFO - Val:   loss 1.2276 acc1 67.69%
2026-05-29 15:40:15 - __main__ - INFO - saved best: 67.69%
2026-05-29 15:40:15 - __main__ - INFO - 
Epoch 45/60 | lr 0.019476
2026-05-29 15:49:49 - __main__ - INFO - Train: loss 0.4122 acc1 85.53%
2026-05-29 15:49:49 - __main__ - INFO - Val:   loss 1.2430 acc1 67.38%
2026-05-29 15:49:49 - __main__ - INFO - 
Epoch 46/60 | lr 0.017265
2026-05-29 15:59:23 - __main__ - INFO - Train: loss 0.3711 acc1 86.76%
2026-05-29 15:59:23 - __main__ - INFO - Val:   loss 1.2495 acc1 68.01%
2026-05-29 15:59:23 - __main__ - INFO - saved best: 68.01%
2026-05-29 15:59:23 - __main__ - INFO - 
Epoch 47/60 | lr 0.015162
2026-05-29 16:08:57 - __main__ - INFO - Train: loss 0.3217 acc1 88.48%
2026-05-29 16:08:57 - __main__ - INFO - Val:   loss 1.2769 acc1 68.81%
2026-05-29 16:08:57 - __main__ - INFO - saved best: 68.81%
2026-05-29 16:08:57 - __main__ - INFO - 
Epoch 48/60 | lr 0.013172
2026-05-29 16:18:31 - __main__ - INFO - Train: loss 0.2802 acc1 89.99%
2026-05-29 16:18:31 - __main__ - INFO - Val:   loss 1.3386 acc1 69.35%
2026-05-29 16:18:31 - __main__ - INFO - saved best: 69.35%
2026-05-29 16:18:31 - __main__ - INFO - 
Epoch 49/60 | lr 0.011302
2026-05-29 16:28:06 - __main__ - INFO - Train: loss 0.2382 acc1 91.48%
2026-05-29 16:28:06 - __main__ - INFO - Val:   loss 1.3709 acc1 69.86%
2026-05-29 16:28:06 - __main__ - INFO - saved best: 69.86%
2026-05-29 16:28:06 - __main__ - INFO - 
Epoch 50/60 | lr 0.009558
2026-05-29 16:37:40 - __main__ - INFO - Train: loss 0.1957 acc1 92.97%
2026-05-29 16:37:40 - __main__ - INFO - Val:   loss 1.4013 acc1 70.15%
2026-05-29 16:37:40 - __main__ - INFO - saved best: 70.15%
2026-05-29 16:37:40 - __main__ - INFO - 
Epoch 51/60 | lr 0.007947
2026-05-29 16:47:14 - __main__ - INFO - Train: loss 0.1598 acc1 94.31%
2026-05-29 16:47:14 - __main__ - INFO - Val:   loss 1.4698 acc1 70.18%
2026-05-29 16:47:14 - __main__ - INFO - saved best: 70.18%
2026-05-29 16:47:14 - __main__ - INFO - 
Epoch 52/60 | lr 0.006472
2026-05-29 16:56:48 - __main__ - INFO - Train: loss 0.1290 acc1 95.40%
2026-05-29 16:56:48 - __main__ - INFO - Val:   loss 1.5074 acc1 70.71%
2026-05-29 16:56:48 - __main__ - INFO - saved best: 70.71%
2026-05-29 16:56:48 - __main__ - INFO - 
Epoch 53/60 | lr 0.005140
2026-05-29 17:06:22 - __main__ - INFO - Train: loss 0.1033 acc1 96.33%
2026-05-29 17:06:22 - __main__ - INFO - Val:   loss 1.5399 acc1 71.16%
2026-05-29 17:06:23 - __main__ - INFO - saved best: 71.16%
2026-05-29 17:06:23 - __main__ - INFO - 
Epoch 54/60 | lr 0.003953
2026-05-29 17:15:57 - __main__ - INFO - Train: loss 0.0843 acc1 97.03%
2026-05-29 17:15:57 - __main__ - INFO - Val:   loss 1.5804 acc1 71.06%
2026-05-29 17:15:57 - __main__ - INFO - 
Epoch 55/60 | lr 0.002917
2026-05-29 17:25:31 - __main__ - INFO - Train: loss 0.0684 acc1 97.62%
2026-05-29 17:25:31 - __main__ - INFO - Val:   loss 1.6073 acc1 71.05%
2026-05-29 17:25:31 - __main__ - INFO - 
Epoch 56/60 | lr 0.002035
2026-05-29 17:35:05 - __main__ - INFO - Train: loss 0.0579 acc1 98.02%
2026-05-29 17:35:05 - __main__ - INFO - Val:   loss 1.6151 acc1 71.14%
2026-05-29 17:35:05 - __main__ - INFO - 
Epoch 57/60 | lr 0.001309
2026-05-29 17:44:39 - __main__ - INFO - Train: loss 0.0517 acc1 98.24%
2026-05-29 17:44:39 - __main__ - INFO - Val:   loss 1.6477 acc1 71.08%
2026-05-29 17:44:39 - __main__ - INFO - 
Epoch 58/60 | lr 0.000742
2026-05-29 17:54:13 - __main__ - INFO - Train: loss 0.0472 acc1 98.45%
2026-05-29 17:54:13 - __main__ - INFO - Val:   loss 1.6639 acc1 71.00%
2026-05-29 17:54:13 - __main__ - INFO - 
Epoch 59/60 | lr 0.000336
2026-05-29 18:03:48 - __main__ - INFO - Train: loss 0.0451 acc1 98.50%
2026-05-29 18:03:48 - __main__ - INFO - Val:   loss 1.6597 acc1 71.23%
2026-05-29 18:03:48 - __main__ - INFO - saved best: 71.23%
2026-05-29 18:03:48 - __main__ - INFO - 
Epoch 60/60 | lr 0.000092
2026-05-29 18:13:22 - __main__ - INFO - Train: loss 0.0438 acc1 98.57%
2026-05-29 18:13:22 - __main__ - INFO - Val:   loss 1.6522 acc1 71.26%
2026-05-29 18:13:22 - __main__ - INFO - saved best: 71.26%
2026-05-29 18:13:22 - __main__ - INFO - Loaded best checkpoint weights for final test evaluation.
2026-05-29 18:13:48 - __main__ - INFO - 
Best tracked (val): 71.26%
2026-05-29 18:13:48 - __main__ - INFO - Final test: loss 1.6767 acc1 70.97%
2026-05-29 18:13:48 - __main__ - INFO -   OOM recovery succeeded for output densenet121 [random_sparsity] with batch_size=64, amp=False
2026-05-29 18:13:48 - __main__ - INFO -   Final training settings for output densenet121 [random_sparsity]: batch_size=64, amp=False
2026-05-29 18:14:39 - __main__ - INFO - Variant [random_sparsity] done — test acc 70.97%, test loss 1.6767
2026-05-29 18:14:40 - __main__ - INFO - Saved validation comparison plot: runs/drive_zip_2026_05/28/output_models/densenet121/validation_comparison_random_sparsity.png
2026-05-29 18:14:40 - __main__ - INFO - 
Results saved to ./runs/drive_zip_2026_05/28/comparison_results.json
2026-05-29 18:14:40 - __main__ - INFO - 
================================================================================================
2026-05-29 18:14:40 - __main__ - INFO - COMPARISON RESULTS — output model: densenet121
2026-05-29 18:14:40 - __main__ - INFO - ================================================================================================
2026-05-29 18:14:40 - __main__ - INFO - Variant            PrimaryAcc PrimaryLoss  OrigTestAcc OrigTestLoss
2026-05-29 18:14:40 - __main__ - INFO - ------------------ ---------- ---------- ------------ ------------
2026-05-29 18:14:40 - __main__ - INFO - original               74.48%     1.4308       74.48%       1.4308
2026-05-29 18:14:40 - __main__ - INFO - random_sparsity        70.97%     1.6767       62.13%       2.3156
2026-05-29 18:14:40 - __main__ - INFO - Primary metrics use each variant's own test split; OrigTest* compares all variants on the same original test split.
2026-05-29 18:14:40 - __main__ - INFO - ================================================================================================
