2026-06-28 23:08:32 - __main__ - INFO - Run parameters: {"adamw_betas": [0.9, 0.999], "adamw_eps": 1e-08, "amp": true, "batch_size": 128, "cam_cache_dir": "", "cam_layer": "auto", "cam_precompute_only": false, "cam_precompute_windows": false, "cutout_area": null, "cutout_m": 0, "cutout_mode": "none", "cutout_size": 0, "data_dir": "./data", "dataset": "malimg", "debug_cam_timing": false, "deterministic_train_transforms": true, "epochs": 100, "gamma": 0.1, "grayscale": false, "include_regex": "", "label_smoothing": 0.0, "log_every": 100, "lr": 0.1, "milestones": "60,80", "min_lr": 1e-05, "model": "resnet18", "momentum": 0.9, "nesterov": false, "num_workers": 4, "optimizer": "sgd", "out_dir": "runs/malimg/resnet18/42", "run_name": "resnet18_seed42_none", "saliency_candidate_percent": 10.0, "scheduler": "cosine", "seed": 42, "teacher_checkpoint": "", "teacher_model": "", "val_split": 0.1, "warmup_epochs": 5, "weight_decay": 0.0005}
2026-06-28 23:08:32 - __main__ - INFO - device: cuda | cuda: True | gpu: NVIDIA A100-SXM4-40GB
2026-06-28 23:09:19 - __main__ - INFO - Model: resnet18 | Dataset: malimg | Classes: 25 | Optimizer: sgd
2026-06-28 23:09:19 - __main__ - INFO - 
Epoch 1/100 | lr 0.000100
2026-06-28 23:09:32 - __main__ - INFO - Train: loss 2.6682 acc1 29.56%
2026-06-28 23:09:32 - __main__ - INFO - Val:   loss 2.3068 acc1 41.61%
2026-06-28 23:09:32 - __main__ - INFO - saved best: 41.61%
2026-06-28 23:09:32 - __main__ - INFO - 
Epoch 2/100 | lr 0.020080
2026-06-28 23:09:43 - __main__ - INFO - Train: loss 0.7903 acc1 80.29%
2026-06-28 23:09:43 - __main__ - INFO - Val:   loss 0.2830 acc1 92.73%
2026-06-28 23:09:43 - __main__ - INFO - saved best: 92.73%
2026-06-28 23:09:43 - __main__ - INFO - 
Epoch 3/100 | lr 0.040060
2026-06-28 23:09:54 - __main__ - INFO - Train: loss 0.1253 acc1 96.35%
2026-06-28 23:09:54 - __main__ - INFO - Val:   loss 0.1106 acc1 96.82%
2026-06-28 23:09:54 - __main__ - INFO - saved best: 96.82%
2026-06-28 23:09:54 - __main__ - INFO - 
Epoch 4/100 | lr 0.060040
2026-06-28 23:10:04 - __main__ - INFO - Train: loss 0.1496 acc1 95.66%
2026-06-28 23:10:04 - __main__ - INFO - Val:   loss 2.0127 acc1 67.50%
2026-06-28 23:10:04 - __main__ - INFO - 
Epoch 5/100 | lr 0.080020
2026-06-28 23:10:15 - __main__ - INFO - Train: loss 0.2791 acc1 92.36%
2026-06-28 23:10:15 - __main__ - INFO - Val:   loss 0.1454 acc1 96.01%
2026-06-28 23:10:15 - __main__ - INFO - 
Epoch 6/100 | lr 0.100000
2026-06-28 23:10:26 - __main__ - INFO - Train: loss 0.1421 acc1 96.04%
2026-06-28 23:10:26 - __main__ - INFO - Val:   loss 0.0972 acc1 96.08%
2026-06-28 23:10:26 - __main__ - INFO - 
Epoch 7/100 | lr 0.099973
2026-06-28 23:10:36 - __main__ - INFO - Train: loss 0.0834 acc1 97.41%
2026-06-28 23:10:36 - __main__ - INFO - Val:   loss 0.0857 acc1 96.40%
2026-06-28 23:10:36 - __main__ - INFO - 
Epoch 8/100 | lr 0.099891
2026-06-28 23:10:47 - __main__ - INFO - Train: loss 0.0735 acc1 97.63%
2026-06-28 23:10:47 - __main__ - INFO - Val:   loss 0.0984 acc1 96.40%
2026-06-28 23:10:47 - __main__ - INFO - 
Epoch 9/100 | lr 0.099754
2026-06-28 23:10:58 - __main__ - INFO - Train: loss 0.0650 acc1 97.83%
2026-06-28 23:10:58 - __main__ - INFO - Val:   loss 0.0805 acc1 97.95%
2026-06-28 23:10:58 - __main__ - INFO - saved best: 97.95%
2026-06-28 23:10:58 - __main__ - INFO - 
Epoch 10/100 | lr 0.099563
2026-06-28 23:11:08 - __main__ - INFO - Train: loss 0.0641 acc1 98.11%
2026-06-28 23:11:08 - __main__ - INFO - Val:   loss 0.0834 acc1 97.44%
2026-06-28 23:11:08 - __main__ - INFO - 
Epoch 11/100 | lr 0.099318
2026-06-28 23:11:19 - __main__ - INFO - Train: loss 0.0618 acc1 98.12%
2026-06-28 23:11:19 - __main__ - INFO - Val:   loss 0.1088 acc1 96.40%
2026-06-28 23:11:19 - __main__ - INFO - 
Epoch 12/100 | lr 0.099019
2026-06-28 23:11:30 - __main__ - INFO - Train: loss 0.0631 acc1 98.12%
2026-06-28 23:11:30 - __main__ - INFO - Val:   loss 0.0663 acc1 98.15%
2026-06-28 23:11:30 - __main__ - INFO - saved best: 98.15%
2026-06-28 23:11:30 - __main__ - INFO - 
Epoch 13/100 | lr 0.098666
2026-06-28 23:11:41 - __main__ - INFO - Train: loss 0.0541 acc1 98.46%
2026-06-28 23:11:41 - __main__ - INFO - Val:   loss 0.0650 acc1 98.25%
2026-06-28 23:11:41 - __main__ - INFO - saved best: 98.25%
2026-06-28 23:11:41 - __main__ - INFO - 
Epoch 14/100 | lr 0.098261
2026-06-28 23:11:51 - __main__ - INFO - Train: loss 0.0721 acc1 97.87%
2026-06-28 23:11:51 - __main__ - INFO - Val:   loss 0.0715 acc1 97.86%
2026-06-28 23:11:51 - __main__ - INFO - 
Epoch 15/100 | lr 0.097802
2026-06-28 23:12:02 - __main__ - INFO - Train: loss 0.0546 acc1 98.11%
2026-06-28 23:12:02 - __main__ - INFO - Val:   loss 0.0834 acc1 98.25%
2026-06-28 23:12:02 - __main__ - INFO - 
Epoch 16/100 | lr 0.097291
2026-06-28 23:12:13 - __main__ - INFO - Train: loss 0.0659 acc1 97.97%
2026-06-28 23:12:13 - __main__ - INFO - Val:   loss 0.0676 acc1 97.69%
2026-06-28 23:12:13 - __main__ - INFO - 
Epoch 17/100 | lr 0.096729
2026-06-28 23:12:23 - __main__ - INFO - Train: loss 0.0551 acc1 98.28%
2026-06-28 23:12:23 - __main__ - INFO - Val:   loss 0.0791 acc1 97.95%
2026-06-28 23:12:23 - __main__ - INFO - 
Epoch 18/100 | lr 0.096115
2026-06-28 23:12:34 - __main__ - INFO - Train: loss 0.0480 acc1 98.50%
2026-06-28 23:12:34 - __main__ - INFO - Val:   loss 0.0657 acc1 98.34%
2026-06-28 23:12:34 - __main__ - INFO - saved best: 98.34%
2026-06-28 23:12:34 - __main__ - INFO - 
Epoch 19/100 | lr 0.095451
2026-06-28 23:12:45 - __main__ - INFO - Train: loss 0.0439 acc1 98.62%
2026-06-28 23:12:45 - __main__ - INFO - Val:   loss 0.0589 acc1 98.09%
2026-06-28 23:12:45 - __main__ - INFO - 
Epoch 20/100 | lr 0.094737
2026-06-28 23:12:55 - __main__ - INFO - Train: loss 0.0468 acc1 98.63%
2026-06-28 23:12:55 - __main__ - INFO - Val:   loss 0.0883 acc1 98.05%
2026-06-28 23:12:55 - __main__ - INFO - 
Epoch 21/100 | lr 0.093974
2026-06-28 23:13:06 - __main__ - INFO - Train: loss 0.0435 acc1 98.72%
2026-06-28 23:13:06 - __main__ - INFO - Val:   loss 0.0634 acc1 98.15%
2026-06-28 23:13:06 - __main__ - INFO - 
Epoch 22/100 | lr 0.093164
2026-06-28 23:13:17 - __main__ - INFO - Train: loss 0.0391 acc1 98.86%
2026-06-28 23:13:17 - __main__ - INFO - Val:   loss 0.0682 acc1 98.05%
2026-06-28 23:13:17 - __main__ - INFO - 
Epoch 23/100 | lr 0.092306
2026-06-28 23:13:28 - __main__ - INFO - Train: loss 0.0443 acc1 98.61%
2026-06-28 23:13:28 - __main__ - INFO - Val:   loss 0.0752 acc1 97.99%
2026-06-28 23:13:28 - __main__ - INFO - 
Epoch 24/100 | lr 0.091401
2026-06-28 23:13:38 - __main__ - INFO - Train: loss 0.0450 acc1 98.66%
2026-06-28 23:13:38 - __main__ - INFO - Val:   loss 0.0624 acc1 98.31%
2026-06-28 23:13:38 - __main__ - INFO - 
Epoch 25/100 | lr 0.090452
2026-06-28 23:13:49 - __main__ - INFO - Train: loss 0.0442 acc1 98.57%
2026-06-28 23:13:49 - __main__ - INFO - Val:   loss 0.0703 acc1 98.41%
2026-06-28 23:13:49 - __main__ - INFO - saved best: 98.41%
2026-06-28 23:13:49 - __main__ - INFO - 
Epoch 26/100 | lr 0.089458
2026-06-28 23:13:59 - __main__ - INFO - Train: loss 0.0515 acc1 98.45%
2026-06-28 23:13:59 - __main__ - INFO - Val:   loss 0.0668 acc1 98.21%
2026-06-28 23:13:59 - __main__ - INFO - 
Epoch 27/100 | lr 0.088421
2026-06-28 23:14:10 - __main__ - INFO - Train: loss 0.0528 acc1 98.46%
2026-06-28 23:14:10 - __main__ - INFO - Val:   loss 0.0798 acc1 98.15%
2026-06-28 23:14:10 - __main__ - INFO - 
Epoch 28/100 | lr 0.087342
2026-06-28 23:14:21 - __main__ - INFO - Train: loss 0.0435 acc1 98.74%
2026-06-28 23:14:21 - __main__ - INFO - Val:   loss 0.0746 acc1 98.25%
2026-06-28 23:14:21 - __main__ - INFO - 
Epoch 29/100 | lr 0.086223
2026-06-28 23:14:32 - __main__ - INFO - Train: loss 0.0412 acc1 98.72%
2026-06-28 23:14:32 - __main__ - INFO - Val:   loss 0.0809 acc1 97.76%
2026-06-28 23:14:32 - __main__ - INFO - 
Epoch 30/100 | lr 0.085063
2026-06-28 23:14:43 - __main__ - INFO - Train: loss 0.0392 acc1 98.87%
2026-06-28 23:14:43 - __main__ - INFO - Val:   loss 0.0643 acc1 98.51%
2026-06-28 23:14:43 - __main__ - INFO - saved best: 98.51%
2026-06-28 23:14:43 - __main__ - INFO - 
Epoch 31/100 | lr 0.083866
2026-06-28 23:14:53 - __main__ - INFO - Train: loss 0.0375 acc1 98.89%
2026-06-28 23:14:53 - __main__ - INFO - Val:   loss 0.0719 acc1 98.25%
2026-06-28 23:14:53 - __main__ - INFO - 
Epoch 32/100 | lr 0.082631
2026-06-28 23:15:04 - __main__ - INFO - Train: loss 0.0401 acc1 98.83%
2026-06-28 23:15:04 - __main__ - INFO - Val:   loss 0.0714 acc1 98.25%
2026-06-28 23:15:04 - __main__ - INFO - 
Epoch 33/100 | lr 0.081361
2026-06-28 23:15:15 - __main__ - INFO - Train: loss 0.0407 acc1 98.81%
2026-06-28 23:15:15 - __main__ - INFO - Val:   loss 0.0625 acc1 98.51%
2026-06-28 23:15:15 - __main__ - INFO - 
Epoch 34/100 | lr 0.080056
2026-06-28 23:15:26 - __main__ - INFO - Train: loss 0.0381 acc1 98.87%
2026-06-28 23:15:26 - __main__ - INFO - Val:   loss 0.0666 acc1 98.41%
2026-06-28 23:15:26 - __main__ - INFO - 
Epoch 35/100 | lr 0.078719
2026-06-28 23:15:36 - __main__ - INFO - Train: loss 0.0407 acc1 98.75%
2026-06-28 23:15:36 - __main__ - INFO - Val:   loss 0.0769 acc1 98.34%
2026-06-28 23:15:36 - __main__ - INFO - 
Epoch 36/100 | lr 0.077350
2026-06-28 23:15:47 - __main__ - INFO - Train: loss 0.0424 acc1 98.80%
2026-06-28 23:15:47 - __main__ - INFO - Val:   loss 0.0625 acc1 98.41%
2026-06-28 23:15:47 - __main__ - INFO - 
Epoch 37/100 | lr 0.075951
2026-06-28 23:15:58 - __main__ - INFO - Train: loss 0.0411 acc1 98.85%
2026-06-28 23:15:58 - __main__ - INFO - Val:   loss 0.0804 acc1 98.15%
2026-06-28 23:15:58 - __main__ - INFO - 
Epoch 38/100 | lr 0.074524
2026-06-28 23:16:09 - __main__ - INFO - Train: loss 0.0391 acc1 98.84%
2026-06-28 23:16:09 - __main__ - INFO - Val:   loss 0.0633 acc1 98.34%
2026-06-28 23:16:09 - __main__ - INFO - 
Epoch 39/100 | lr 0.073070
2026-06-28 23:16:20 - __main__ - INFO - Train: loss 0.0383 acc1 98.85%
2026-06-28 23:16:20 - __main__ - INFO - Val:   loss 0.0919 acc1 97.76%
2026-06-28 23:16:20 - __main__ - INFO - 
Epoch 40/100 | lr 0.071591
2026-06-28 23:16:30 - __main__ - INFO - Train: loss 0.0397 acc1 98.85%
2026-06-28 23:16:30 - __main__ - INFO - Val:   loss 0.0645 acc1 98.18%
2026-06-28 23:16:30 - __main__ - INFO - 
Epoch 41/100 | lr 0.070088
2026-06-28 23:16:41 - __main__ - INFO - Train: loss 0.0371 acc1 98.89%
2026-06-28 23:16:41 - __main__ - INFO - Val:   loss 0.0658 acc1 98.34%
2026-06-28 23:16:41 - __main__ - INFO - 
Epoch 42/100 | lr 0.068563
2026-06-28 23:16:52 - __main__ - INFO - Train: loss 0.0376 acc1 98.86%
2026-06-28 23:16:52 - __main__ - INFO - Val:   loss 0.0744 acc1 98.15%
2026-06-28 23:16:52 - __main__ - INFO - 
Epoch 43/100 | lr 0.067018
2026-06-28 23:17:03 - __main__ - INFO - Train: loss 0.0386 acc1 98.89%
2026-06-28 23:17:03 - __main__ - INFO - Val:   loss 0.0715 acc1 98.25%
2026-06-28 23:17:03 - __main__ - INFO - 
Epoch 44/100 | lr 0.065454
2026-06-28 23:17:13 - __main__ - INFO - Train: loss 0.0367 acc1 98.89%
2026-06-28 23:17:13 - __main__ - INFO - Val:   loss 0.0664 acc1 98.34%
2026-06-28 23:17:13 - __main__ - INFO - 
Epoch 45/100 | lr 0.063874
2026-06-28 23:17:24 - __main__ - INFO - Train: loss 0.0376 acc1 98.85%
2026-06-28 23:17:24 - __main__ - INFO - Val:   loss 0.0649 acc1 98.41%
2026-06-28 23:17:24 - __main__ - INFO - 
Epoch 46/100 | lr 0.062278
2026-06-28 23:17:35 - __main__ - INFO - Train: loss 0.0378 acc1 98.85%
2026-06-28 23:17:35 - __main__ - INFO - Val:   loss 0.0646 acc1 98.25%
2026-06-28 23:17:35 - __main__ - INFO - 
Epoch 47/100 | lr 0.060669
2026-06-28 23:17:45 - __main__ - INFO - Train: loss 0.0371 acc1 98.85%
2026-06-28 23:17:45 - __main__ - INFO - Val:   loss 0.0665 acc1 98.34%
2026-06-28 23:17:45 - __main__ - INFO - 
Epoch 48/100 | lr 0.059048
2026-06-28 23:17:56 - __main__ - INFO - Train: loss 0.0369 acc1 98.85%
2026-06-28 23:17:56 - __main__ - INFO - Val:   loss 0.0691 acc1 98.25%
2026-06-28 23:17:56 - __main__ - INFO - 
Epoch 49/100 | lr 0.057417
2026-06-28 23:18:07 - __main__ - INFO - Train: loss 0.0363 acc1 98.89%
2026-06-28 23:18:07 - __main__ - INFO - Val:   loss 0.0707 acc1 98.34%
2026-06-28 23:18:07 - __main__ - INFO - 
Epoch 50/100 | lr 0.055779
2026-06-28 23:18:17 - __main__ - INFO - Train: loss 0.0359 acc1 98.89%
2026-06-28 23:18:17 - __main__ - INFO - Val:   loss 0.0655 acc1 98.25%
2026-06-28 23:18:17 - __main__ - INFO - 
Epoch 51/100 | lr 0.054134
2026-06-28 23:18:28 - __main__ - INFO - Train: loss 0.0361 acc1 98.89%
2026-06-28 23:18:28 - __main__ - INFO - Val:   loss 0.0738 acc1 98.25%
2026-06-28 23:18:28 - __main__ - INFO - 
Epoch 52/100 | lr 0.052484
2026-06-28 23:18:39 - __main__ - INFO - Train: loss 0.0359 acc1 98.89%
2026-06-28 23:18:39 - __main__ - INFO - Val:   loss 0.0677 acc1 98.25%
2026-06-28 23:18:39 - __main__ - INFO - 
Epoch 53/100 | lr 0.050832
2026-06-28 23:18:50 - __main__ - INFO - Train: loss 0.0376 acc1 98.85%
2026-06-28 23:18:50 - __main__ - INFO - Val:   loss 0.0709 acc1 98.25%
2026-06-28 23:18:50 - __main__ - INFO - 
Epoch 54/100 | lr 0.049178
2026-06-28 23:19:01 - __main__ - INFO - Train: loss 0.0360 acc1 98.89%
2026-06-28 23:19:01 - __main__ - INFO - Val:   loss 0.0706 acc1 98.15%
2026-06-28 23:19:01 - __main__ - INFO - 
Epoch 55/100 | lr 0.047526
2026-06-28 23:19:11 - __main__ - INFO - Train: loss 0.0373 acc1 98.89%
2026-06-28 23:19:11 - __main__ - INFO - Val:   loss 0.0749 acc1 98.25%
2026-06-28 23:19:11 - __main__ - INFO - 
Epoch 56/100 | lr 0.045876
2026-06-28 23:19:22 - __main__ - INFO - Train: loss 0.0367 acc1 98.84%
2026-06-28 23:19:22 - __main__ - INFO - Val:   loss 0.0800 acc1 98.21%
2026-06-28 23:19:22 - __main__ - INFO - 
Epoch 57/100 | lr 0.044231
2026-06-28 23:19:33 - __main__ - INFO - Train: loss 0.0604 acc1 98.42%
2026-06-28 23:19:33 - __main__ - INFO - Val:   loss 0.0732 acc1 98.18%
2026-06-28 23:19:33 - __main__ - INFO - 
Epoch 58/100 | lr 0.042593
2026-06-28 23:19:44 - __main__ - INFO - Train: loss 0.0407 acc1 98.85%
2026-06-28 23:19:44 - __main__ - INFO - Val:   loss 0.0599 acc1 98.44%
2026-06-28 23:19:44 - __main__ - INFO - 
Epoch 59/100 | lr 0.040962
2026-06-28 23:19:55 - __main__ - INFO - Train: loss 0.0409 acc1 98.78%
2026-06-28 23:19:55 - __main__ - INFO - Val:   loss 0.0680 acc1 98.15%
2026-06-28 23:19:55 - __main__ - INFO - 
Epoch 60/100 | lr 0.039341
2026-06-28 23:20:05 - __main__ - INFO - Train: loss 0.0387 acc1 98.86%
2026-06-28 23:20:05 - __main__ - INFO - Val:   loss 0.0589 acc1 98.15%
2026-06-28 23:20:05 - __main__ - INFO - 
Epoch 61/100 | lr 0.037732
2026-06-28 23:20:16 - __main__ - INFO - Train: loss 0.0369 acc1 98.89%
2026-06-28 23:20:16 - __main__ - INFO - Val:   loss 0.0609 acc1 98.34%
2026-06-28 23:20:16 - __main__ - INFO - 
Epoch 62/100 | lr 0.036136
2026-06-28 23:20:27 - __main__ - INFO - Train: loss 0.0367 acc1 98.89%
2026-06-28 23:20:27 - __main__ - INFO - Val:   loss 0.0679 acc1 98.25%
2026-06-28 23:20:27 - __main__ - INFO - 
Epoch 63/100 | lr 0.034556
2026-06-28 23:20:37 - __main__ - INFO - Train: loss 0.0398 acc1 98.81%
2026-06-28 23:20:37 - __main__ - INFO - Val:   loss 0.0641 acc1 98.34%
2026-06-28 23:20:37 - __main__ - INFO - 
Epoch 64/100 | lr 0.032992
2026-06-28 23:20:48 - __main__ - INFO - Train: loss 0.0389 acc1 98.82%
2026-06-28 23:20:48 - __main__ - INFO - Val:   loss 0.0637 acc1 98.25%
2026-06-28 23:20:48 - __main__ - INFO - 
Epoch 65/100 | lr 0.031447
2026-06-28 23:20:59 - __main__ - INFO - Train: loss 0.0366 acc1 98.89%
2026-06-28 23:20:59 - __main__ - INFO - Val:   loss 0.0764 acc1 98.25%
2026-06-28 23:20:59 - __main__ - INFO - 
Epoch 66/100 | lr 0.029922
2026-06-28 23:21:10 - __main__ - INFO - Train: loss 0.0369 acc1 98.89%
2026-06-28 23:21:10 - __main__ - INFO - Val:   loss 0.0665 acc1 98.15%
2026-06-28 23:21:10 - __main__ - INFO - 
Epoch 67/100 | lr 0.028419
2026-06-28 23:21:21 - __main__ - INFO - Train: loss 0.0368 acc1 98.85%
2026-06-28 23:21:21 - __main__ - INFO - Val:   loss 0.0688 acc1 98.25%
2026-06-28 23:21:21 - __main__ - INFO - 
Epoch 68/100 | lr 0.026940
2026-06-28 23:21:31 - __main__ - INFO - Train: loss 0.0361 acc1 98.89%
2026-06-28 23:21:31 - __main__ - INFO - Val:   loss 0.0678 acc1 98.25%
2026-06-28 23:21:31 - __main__ - INFO - 
Epoch 69/100 | lr 0.025486
2026-06-28 23:21:42 - __main__ - INFO - Train: loss 0.0375 acc1 98.82%
2026-06-28 23:21:42 - __main__ - INFO - Val:   loss 0.0677 acc1 98.25%
2026-06-28 23:21:42 - __main__ - INFO - 
Epoch 70/100 | lr 0.024059
2026-06-28 23:21:53 - __main__ - INFO - Train: loss 0.0363 acc1 98.89%
2026-06-28 23:21:53 - __main__ - INFO - Val:   loss 0.0672 acc1 98.25%
2026-06-28 23:21:53 - __main__ - INFO - 
Epoch 71/100 | lr 0.022660
2026-06-28 23:22:03 - __main__ - INFO - Train: loss 0.0357 acc1 98.89%
2026-06-28 23:22:03 - __main__ - INFO - Val:   loss 0.0673 acc1 98.25%
2026-06-28 23:22:03 - __main__ - INFO - 
Epoch 72/100 | lr 0.021291
2026-06-28 23:22:14 - __main__ - INFO - Train: loss 0.0354 acc1 98.89%
2026-06-28 23:22:14 - __main__ - INFO - Val:   loss 0.0703 acc1 98.25%
2026-06-28 23:22:14 - __main__ - INFO - 
Epoch 73/100 | lr 0.019954
2026-06-28 23:22:25 - __main__ - INFO - Train: loss 0.0370 acc1 98.82%
2026-06-28 23:22:25 - __main__ - INFO - Val:   loss 0.0636 acc1 98.18%
2026-06-28 23:22:25 - __main__ - INFO - 
Epoch 74/100 | lr 0.018649
2026-06-28 23:22:35 - __main__ - INFO - Train: loss 0.0342 acc1 98.89%
2026-06-28 23:22:35 - __main__ - INFO - Val:   loss 0.0630 acc1 98.25%
2026-06-28 23:22:35 - __main__ - INFO - 
Epoch 75/100 | lr 0.017379
2026-06-28 23:22:46 - __main__ - INFO - Train: loss 0.0343 acc1 98.89%
2026-06-28 23:22:46 - __main__ - INFO - Val:   loss 0.0680 acc1 98.25%
2026-06-28 23:22:46 - __main__ - INFO - 
Epoch 76/100 | lr 0.016144
2026-06-28 23:22:57 - __main__ - INFO - Train: loss 0.0328 acc1 98.89%
2026-06-28 23:22:57 - __main__ - INFO - Val:   loss 0.1374 acc1 98.18%
2026-06-28 23:22:57 - __main__ - INFO - 
Epoch 77/100 | lr 0.014947
2026-06-28 23:23:07 - __main__ - INFO - Train: loss 0.0242 acc1 99.23%
2026-06-28 23:23:07 - __main__ - INFO - Val:   loss 0.3575 acc1 92.32%
2026-06-28 23:23:07 - __main__ - INFO - 
Epoch 78/100 | lr 0.013787
2026-06-28 23:23:18 - __main__ - INFO - Train: loss 0.0378 acc1 98.89%
2026-06-28 23:23:18 - __main__ - INFO - Val:   loss 0.0667 acc1 98.15%
2026-06-28 23:23:18 - __main__ - INFO - 
Epoch 79/100 | lr 0.012668
2026-06-28 23:23:29 - __main__ - INFO - Train: loss 0.0374 acc1 98.89%
2026-06-28 23:23:29 - __main__ - INFO - Val:   loss 0.0684 acc1 98.15%
2026-06-28 23:23:29 - __main__ - INFO - 
Epoch 80/100 | lr 0.011589
2026-06-28 23:23:40 - __main__ - INFO - Train: loss 0.0393 acc1 98.75%
2026-06-28 23:23:40 - __main__ - INFO - Val:   loss 0.0678 acc1 98.25%
2026-06-28 23:23:40 - __main__ - INFO - 
Epoch 81/100 | lr 0.010552
2026-06-28 23:23:51 - __main__ - INFO - Train: loss 0.0361 acc1 98.85%
2026-06-28 23:23:51 - __main__ - INFO - Val:   loss 0.0769 acc1 98.25%
2026-06-28 23:23:51 - __main__ - INFO - 
Epoch 82/100 | lr 0.009558
2026-06-28 23:24:01 - __main__ - INFO - Train: loss 0.0364 acc1 98.89%
2026-06-28 23:24:01 - __main__ - INFO - Val:   loss 0.0692 acc1 98.25%
2026-06-28 23:24:01 - __main__ - INFO - 
Epoch 83/100 | lr 0.008609
2026-06-28 23:24:12 - __main__ - INFO - Train: loss 0.0313 acc1 98.89%
2026-06-28 23:24:12 - __main__ - INFO - Val:   loss 0.2193 acc1 86.26%
2026-06-28 23:24:12 - __main__ - INFO - 
Epoch 84/100 | lr 0.007704
2026-06-28 23:24:23 - __main__ - INFO - Train: loss 0.0325 acc1 98.94%
2026-06-28 23:24:23 - __main__ - INFO - Val:   loss 0.0651 acc1 98.09%
2026-06-28 23:24:23 - __main__ - INFO - 
Epoch 85/100 | lr 0.006846
2026-06-28 23:24:34 - __main__ - INFO - Train: loss 0.0258 acc1 99.15%
2026-06-28 23:24:34 - __main__ - INFO - Val:   loss 0.2363 acc1 86.26%
2026-06-28 23:24:34 - __main__ - INFO - 
Epoch 86/100 | lr 0.006036
2026-06-28 23:24:44 - __main__ - INFO - Train: loss 0.0126 acc1 99.67%
2026-06-28 23:24:44 - __main__ - INFO - Val:   loss 0.0497 acc1 99.16%
2026-06-28 23:24:44 - __main__ - INFO - saved best: 99.16%
2026-06-28 23:24:44 - __main__ - INFO - 
Epoch 87/100 | lr 0.005273
2026-06-28 23:24:55 - __main__ - INFO - Train: loss 0.0044 acc1 99.99%
2026-06-28 23:24:55 - __main__ - INFO - Val:   loss 0.0364 acc1 99.16%
2026-06-28 23:24:55 - __main__ - INFO - 
Epoch 88/100 | lr 0.004559
2026-06-28 23:25:06 - __main__ - INFO - Train: loss 0.0033 acc1 100.00%
2026-06-28 23:25:06 - __main__ - INFO - Val:   loss 0.0351 acc1 99.16%
2026-06-28 23:25:06 - __main__ - INFO - 
Epoch 89/100 | lr 0.003895
2026-06-28 23:25:17 - __main__ - INFO - Train: loss 0.0027 acc1 100.00%
2026-06-28 23:25:17 - __main__ - INFO - Val:   loss 0.0349 acc1 99.06%
2026-06-28 23:25:17 - __main__ - INFO - 
Epoch 90/100 | lr 0.003281
2026-06-28 23:25:27 - __main__ - INFO - Train: loss 0.0024 acc1 100.00%
2026-06-28 23:25:27 - __main__ - INFO - Val:   loss 0.0365 acc1 99.16%
2026-06-28 23:25:27 - __main__ - INFO - 
Epoch 91/100 | lr 0.002719
2026-06-28 23:25:38 - __main__ - INFO - Train: loss 0.0023 acc1 100.00%
2026-06-28 23:25:38 - __main__ - INFO - Val:   loss 0.0364 acc1 99.06%
2026-06-28 23:25:38 - __main__ - INFO - 
Epoch 92/100 | lr 0.002208
2026-06-28 23:25:49 - __main__ - INFO - Train: loss 0.0024 acc1 100.00%
2026-06-28 23:25:49 - __main__ - INFO - Val:   loss 0.0348 acc1 99.06%
2026-06-28 23:25:49 - __main__ - INFO - 
Epoch 93/100 | lr 0.001749
2026-06-28 23:26:00 - __main__ - INFO - Train: loss 0.0022 acc1 100.00%
2026-06-28 23:26:00 - __main__ - INFO - Val:   loss 0.0343 acc1 99.06%
2026-06-28 23:26:00 - __main__ - INFO - 
Epoch 94/100 | lr 0.001344
2026-06-28 23:26:10 - __main__ - INFO - Train: loss 0.0023 acc1 100.00%
2026-06-28 23:26:10 - __main__ - INFO - Val:   loss 0.0350 acc1 99.06%
2026-06-28 23:26:10 - __main__ - INFO - 
Epoch 95/100 | lr 0.000991
2026-06-28 23:26:21 - __main__ - INFO - Train: loss 0.0021 acc1 100.00%
2026-06-28 23:26:21 - __main__ - INFO - Val:   loss 0.0363 acc1 99.06%
2026-06-28 23:26:21 - __main__ - INFO - 
Epoch 96/100 | lr 0.000692
2026-06-28 23:26:32 - __main__ - INFO - Train: loss 0.0021 acc1 100.00%
2026-06-28 23:26:32 - __main__ - INFO - Val:   loss 0.0360 acc1 99.06%
2026-06-28 23:26:32 - __main__ - INFO - 
Epoch 97/100 | lr 0.000447
2026-06-28 23:26:43 - __main__ - INFO - Train: loss 0.0023 acc1 100.00%
2026-06-28 23:26:43 - __main__ - INFO - Val:   loss 0.0353 acc1 99.32%
2026-06-28 23:26:43 - __main__ - INFO - saved best: 99.32%
2026-06-28 23:26:43 - __main__ - INFO - 
Epoch 98/100 | lr 0.000256
2026-06-28 23:26:53 - __main__ - INFO - Train: loss 0.0023 acc1 100.00%
2026-06-28 23:26:53 - __main__ - INFO - Val:   loss 0.0357 acc1 99.22%
2026-06-28 23:26:53 - __main__ - INFO - 
Epoch 99/100 | lr 0.000119
2026-06-28 23:27:04 - __main__ - INFO - Train: loss 0.0021 acc1 100.00%
2026-06-28 23:27:04 - __main__ - INFO - Val:   loss 0.0355 acc1 99.06%
2026-06-28 23:27:04 - __main__ - INFO - 
Epoch 100/100 | lr 0.000037
2026-06-28 23:27:14 - __main__ - INFO - Train: loss 0.0021 acc1 100.00%
2026-06-28 23:27:14 - __main__ - INFO - Val:   loss 0.0358 acc1 99.06%
2026-06-28 23:27:14 - __main__ - INFO - Loaded best checkpoint weights for final test evaluation.
2026-06-28 23:27:16 - __main__ - INFO - 
Best tracked (val): 99.32%
2026-06-28 23:27:16 - __main__ - INFO - Final test: loss 0.0171 acc1 99.41%
2026-06-28 23:27:16 - __main__ - INFO - Saved best model checkpoint to runs/malimg/resnet18/42/resnet18_seed42_none/best_model.pt
