2026-06-21 10:41:31 - __main__ - INFO - Run parameters: {"adamw_betas": [0.9, 0.999], "adamw_eps": 1e-08, "amp": true, "batch_size": 128, "cam_layer": "auto", "cutout_area": 0.1, "cutout_m": 4, "cutout_mode": "random", "cutout_size": 0, "data_dir": "./data", "dataset": "cifar100", "epochs": 100, "gamma": 0.1, "grayscale": false, "include_regex": "", "label_smoothing": 0.0, "log_every": 100, "lr": 0.1, "milestones": "60,80", "min_lr": 1e-05, "model": "resnet18", "momentum": 0.9, "nesterov": false, "num_workers": 4, "optimizer": "sgd", "out_dir": "runs/cifar100_colab/42", "run_name": "resnet18_seed42_random_M4_area0.1", "saliency_candidate_percent": 10.0, "scheduler": "cosine", "seed": 42, "teacher_checkpoint": "", "teacher_model": "", "val_split": 0.1, "warmup_epochs": 5, "weight_decay": 0.0005}
2026-06-21 10:41:31 - __main__ - INFO - device: cuda | cuda: True | gpu: NVIDIA L4
2026-06-21 10:41:34 - __main__ - INFO - Model: resnet18 | Dataset: cifar100 | Classes: 100 | Optimizer: sgd
2026-06-21 10:41:34 - __main__ - INFO - Cutout enabled: mode=random m=4 size=None area=0.1
2026-06-21 10:41:34 - __main__ - INFO - 
Epoch 1/100 | lr 0.000100
2026-06-21 10:42:17 - __main__ - INFO - Train: loss 4.5053 acc1 3.12%
2026-06-21 10:42:17 - __main__ - INFO - Val:   loss 4.3353 acc1 4.85%
2026-06-21 10:42:17 - __main__ - INFO - saved best: 4.85%
2026-06-21 10:42:17 - __main__ - INFO - 
Epoch 2/100 | lr 0.020080
2026-06-21 10:42:59 - __main__ - INFO - Train: loss 2.9032 acc1 27.32%
2026-06-21 10:42:59 - __main__ - INFO - Val:   loss 2.2999 acc1 40.94%
2026-06-21 10:42:59 - __main__ - INFO - saved best: 40.94%
2026-06-21 10:42:59 - __main__ - INFO - 
Epoch 3/100 | lr 0.040060
2026-06-21 10:43:41 - __main__ - INFO - Train: loss 1.8373 acc1 49.44%
2026-06-21 10:43:41 - __main__ - INFO - Val:   loss 1.7136 acc1 52.68%
2026-06-21 10:43:41 - __main__ - INFO - saved best: 52.68%
2026-06-21 10:43:41 - __main__ - INFO - 
Epoch 4/100 | lr 0.060040
2026-06-21 10:44:23 - __main__ - INFO - Train: loss 1.4406 acc1 58.96%
2026-06-21 10:44:23 - __main__ - INFO - Val:   loss 1.6509 acc1 56.10%
2026-06-21 10:44:23 - __main__ - INFO - saved best: 56.10%
2026-06-21 10:44:23 - __main__ - INFO - 
Epoch 5/100 | lr 0.080020
2026-06-21 10:45:05 - __main__ - INFO - Train: loss 1.3486 acc1 61.47%
2026-06-21 10:45:05 - __main__ - INFO - Val:   loss 1.6024 acc1 55.73%
2026-06-21 10:45:05 - __main__ - INFO - 
Epoch 6/100 | lr 0.100000
2026-06-21 10:45:46 - __main__ - INFO - Train: loss 1.3400 acc1 61.77%
2026-06-21 10:45:46 - __main__ - INFO - Val:   loss 1.7881 acc1 54.04%
2026-06-21 10:45:46 - __main__ - INFO - 
Epoch 7/100 | lr 0.099973
2026-06-21 10:46:28 - __main__ - INFO - Train: loss 1.2644 acc1 63.73%
2026-06-21 10:46:28 - __main__ - INFO - Val:   loss 1.7744 acc1 54.34%
2026-06-21 10:46:28 - __main__ - INFO - 
Epoch 8/100 | lr 0.099891
2026-06-21 10:47:10 - __main__ - INFO - Train: loss 1.2222 acc1 64.89%
2026-06-21 10:47:10 - __main__ - INFO - Val:   loss 1.9362 acc1 52.42%
2026-06-21 10:47:10 - __main__ - INFO - 
Epoch 9/100 | lr 0.099754
2026-06-21 10:47:51 - __main__ - INFO - Train: loss 1.1893 acc1 65.75%
2026-06-21 10:47:51 - __main__ - INFO - Val:   loss 1.6164 acc1 56.45%
2026-06-21 10:47:51 - __main__ - INFO - saved best: 56.45%
2026-06-21 10:47:51 - __main__ - INFO - 
Epoch 10/100 | lr 0.099563
2026-06-21 10:48:33 - __main__ - INFO - Train: loss 1.1642 acc1 66.34%
2026-06-21 10:48:33 - __main__ - INFO - Val:   loss 1.8155 acc1 55.05%
2026-06-21 10:48:33 - __main__ - INFO - 
Epoch 11/100 | lr 0.099318
2026-06-21 10:49:15 - __main__ - INFO - Train: loss 1.1514 acc1 66.70%
2026-06-21 10:49:15 - __main__ - INFO - Val:   loss 1.5536 acc1 59.32%
2026-06-21 10:49:15 - __main__ - INFO - saved best: 59.32%
2026-06-21 10:49:15 - __main__ - INFO - 
Epoch 12/100 | lr 0.099019
2026-06-21 10:49:57 - __main__ - INFO - Train: loss 1.1292 acc1 67.35%
2026-06-21 10:49:57 - __main__ - INFO - Val:   loss 1.5770 acc1 57.99%
2026-06-21 10:49:57 - __main__ - INFO - 
Epoch 13/100 | lr 0.098666
2026-06-21 10:50:39 - __main__ - INFO - Train: loss 1.1183 acc1 67.63%
2026-06-21 10:50:39 - __main__ - INFO - Val:   loss 1.6578 acc1 57.05%
2026-06-21 10:50:39 - __main__ - INFO - 
Epoch 14/100 | lr 0.098261
2026-06-21 10:51:20 - __main__ - INFO - Train: loss 1.1081 acc1 67.92%
2026-06-21 10:51:20 - __main__ - INFO - Val:   loss 1.5675 acc1 58.74%
2026-06-21 10:51:20 - __main__ - INFO - 
Epoch 15/100 | lr 0.097802
2026-06-21 10:52:02 - __main__ - INFO - Train: loss 1.0991 acc1 68.15%
2026-06-21 10:52:02 - __main__ - INFO - Val:   loss 1.5906 acc1 58.16%
2026-06-21 10:52:02 - __main__ - INFO - 
Epoch 16/100 | lr 0.097291
2026-06-21 10:52:44 - __main__ - INFO - Train: loss 1.0849 acc1 68.51%
2026-06-21 10:52:44 - __main__ - INFO - Val:   loss 1.8448 acc1 54.55%
2026-06-21 10:52:44 - __main__ - INFO - 
Epoch 17/100 | lr 0.096729
2026-06-21 10:53:25 - __main__ - INFO - Train: loss 1.0753 acc1 68.86%
2026-06-21 10:53:25 - __main__ - INFO - Val:   loss 1.7701 acc1 57.06%
2026-06-21 10:53:25 - __main__ - INFO - 
Epoch 18/100 | lr 0.096115
2026-06-21 10:54:07 - __main__ - INFO - Train: loss 1.0668 acc1 68.99%
2026-06-21 10:54:07 - __main__ - INFO - Val:   loss 1.5219 acc1 60.62%
2026-06-21 10:54:07 - __main__ - INFO - saved best: 60.62%
2026-06-21 10:54:07 - __main__ - INFO - 
Epoch 19/100 | lr 0.095451
2026-06-21 10:54:48 - __main__ - INFO - Train: loss 1.0559 acc1 69.35%
2026-06-21 10:54:48 - __main__ - INFO - Val:   loss 1.6607 acc1 56.55%
2026-06-21 10:54:48 - __main__ - INFO - 
Epoch 20/100 | lr 0.094737
2026-06-21 10:55:30 - __main__ - INFO - Train: loss 1.0501 acc1 69.44%
2026-06-21 10:55:30 - __main__ - INFO - Val:   loss 1.8488 acc1 54.29%
2026-06-21 10:55:30 - __main__ - INFO - 
Epoch 21/100 | lr 0.093974
2026-06-21 10:56:12 - __main__ - INFO - Train: loss 1.0365 acc1 69.80%
2026-06-21 10:56:12 - __main__ - INFO - Val:   loss 1.8212 acc1 54.71%
2026-06-21 10:56:12 - __main__ - INFO - 
Epoch 22/100 | lr 0.093164
2026-06-21 10:56:53 - __main__ - INFO - Train: loss 1.0255 acc1 70.20%
2026-06-21 10:56:53 - __main__ - INFO - Val:   loss 1.6875 acc1 56.86%
2026-06-21 10:56:53 - __main__ - INFO - 
Epoch 23/100 | lr 0.092306
2026-06-21 10:57:35 - __main__ - INFO - Train: loss 1.0157 acc1 70.31%
2026-06-21 10:57:35 - __main__ - INFO - Val:   loss 1.6077 acc1 58.47%
2026-06-21 10:57:35 - __main__ - INFO - 
Epoch 24/100 | lr 0.091401
2026-06-21 10:58:16 - __main__ - INFO - Train: loss 1.0107 acc1 70.48%
2026-06-21 10:58:16 - __main__ - INFO - Val:   loss 1.5508 acc1 60.10%
2026-06-21 10:58:16 - __main__ - INFO - 
Epoch 25/100 | lr 0.090452
2026-06-21 10:58:57 - __main__ - INFO - Train: loss 1.0012 acc1 70.68%
2026-06-21 10:58:57 - __main__ - INFO - Val:   loss 1.5377 acc1 60.48%
2026-06-21 10:58:57 - __main__ - INFO - 
Epoch 26/100 | lr 0.089458
2026-06-21 10:59:39 - __main__ - INFO - Train: loss 0.9891 acc1 71.06%
2026-06-21 10:59:39 - __main__ - INFO - Val:   loss 1.5939 acc1 58.87%
2026-06-21 10:59:39 - __main__ - INFO - 
Epoch 27/100 | lr 0.088421
2026-06-21 11:00:20 - __main__ - INFO - Train: loss 0.9811 acc1 71.39%
2026-06-21 11:00:20 - __main__ - INFO - Val:   loss 1.5683 acc1 59.37%
2026-06-21 11:00:20 - __main__ - INFO - 
Epoch 28/100 | lr 0.087342
2026-06-21 11:01:02 - __main__ - INFO - Train: loss 0.9707 acc1 71.49%
2026-06-21 11:01:02 - __main__ - INFO - Val:   loss 1.4312 acc1 62.38%
2026-06-21 11:01:02 - __main__ - INFO - saved best: 62.38%
2026-06-21 11:01:02 - __main__ - INFO - 
Epoch 29/100 | lr 0.086223
2026-06-21 11:01:44 - __main__ - INFO - Train: loss 0.9579 acc1 72.02%
2026-06-21 11:01:44 - __main__ - INFO - Val:   loss 1.5570 acc1 59.03%
2026-06-21 11:01:44 - __main__ - INFO - 
Epoch 30/100 | lr 0.085063
2026-06-21 11:02:26 - __main__ - INFO - Train: loss 0.9489 acc1 72.07%
2026-06-21 11:02:26 - __main__ - INFO - Val:   loss 1.5755 acc1 59.42%
2026-06-21 11:02:26 - __main__ - INFO - 
Epoch 31/100 | lr 0.083866
2026-06-21 11:03:08 - __main__ - INFO - Train: loss 0.9385 acc1 72.46%
2026-06-21 11:03:08 - __main__ - INFO - Val:   loss 1.9705 acc1 53.06%
2026-06-21 11:03:08 - __main__ - INFO - 
Epoch 32/100 | lr 0.082631
2026-06-21 11:03:49 - __main__ - INFO - Train: loss 0.9214 acc1 72.90%
2026-06-21 11:03:49 - __main__ - INFO - Val:   loss 1.6834 acc1 57.28%
2026-06-21 11:03:49 - __main__ - INFO - 
Epoch 33/100 | lr 0.081361
2026-06-21 11:04:31 - __main__ - INFO - Train: loss 0.9143 acc1 73.05%
2026-06-21 11:04:31 - __main__ - INFO - Val:   loss 1.6871 acc1 57.41%
2026-06-21 11:04:31 - __main__ - INFO - 
Epoch 34/100 | lr 0.080056
2026-06-21 11:05:13 - __main__ - INFO - Train: loss 0.8962 acc1 73.55%
2026-06-21 11:05:13 - __main__ - INFO - Val:   loss 1.6184 acc1 59.21%
2026-06-21 11:05:13 - __main__ - INFO - 
Epoch 35/100 | lr 0.078719
2026-06-21 11:05:55 - __main__ - INFO - Train: loss 0.8875 acc1 73.85%
2026-06-21 11:05:55 - __main__ - INFO - Val:   loss 1.4306 acc1 62.58%
2026-06-21 11:05:55 - __main__ - INFO - saved best: 62.58%
2026-06-21 11:05:55 - __main__ - INFO - 
Epoch 36/100 | lr 0.077350
2026-06-21 11:06:37 - __main__ - INFO - Train: loss 0.8690 acc1 74.25%
2026-06-21 11:06:37 - __main__ - INFO - Val:   loss 1.5431 acc1 60.26%
2026-06-21 11:06:37 - __main__ - INFO - 
Epoch 37/100 | lr 0.075951
2026-06-21 11:07:19 - __main__ - INFO - Train: loss 0.8584 acc1 74.59%
2026-06-21 11:07:19 - __main__ - INFO - Val:   loss 1.5353 acc1 59.80%
2026-06-21 11:07:19 - __main__ - INFO - 
Epoch 38/100 | lr 0.074524
2026-06-21 11:08:00 - __main__ - INFO - Train: loss 0.8471 acc1 74.90%
2026-06-21 11:08:00 - __main__ - INFO - Val:   loss 1.6306 acc1 59.35%
2026-06-21 11:08:00 - __main__ - INFO - 
Epoch 39/100 | lr 0.073070
2026-06-21 11:08:42 - __main__ - INFO - Train: loss 0.8311 acc1 75.35%
2026-06-21 11:08:42 - __main__ - INFO - Val:   loss 1.6421 acc1 58.05%
2026-06-21 11:08:42 - __main__ - INFO - 
Epoch 40/100 | lr 0.071591
2026-06-21 11:09:23 - __main__ - INFO - Train: loss 0.8189 acc1 75.65%
2026-06-21 11:09:23 - __main__ - INFO - Val:   loss 1.6237 acc1 59.95%
2026-06-21 11:09:23 - __main__ - INFO - 
Epoch 41/100 | lr 0.070088
2026-06-21 11:10:05 - __main__ - INFO - Train: loss 0.8006 acc1 76.21%
2026-06-21 11:10:05 - __main__ - INFO - Val:   loss 1.4266 acc1 63.80%
2026-06-21 11:10:05 - __main__ - INFO - saved best: 63.80%
2026-06-21 11:10:05 - __main__ - INFO - 
Epoch 42/100 | lr 0.068563
2026-06-21 11:10:47 - __main__ - INFO - Train: loss 0.7889 acc1 76.42%
2026-06-21 11:10:47 - __main__ - INFO - Val:   loss 1.5434 acc1 61.59%
2026-06-21 11:10:47 - __main__ - INFO - 
Epoch 43/100 | lr 0.067018
2026-06-21 11:11:28 - __main__ - INFO - Train: loss 0.7723 acc1 76.96%
2026-06-21 11:11:28 - __main__ - INFO - Val:   loss 1.7034 acc1 58.48%
2026-06-21 11:11:28 - __main__ - INFO - 
Epoch 44/100 | lr 0.065454
2026-06-21 11:12:10 - __main__ - INFO - Train: loss 0.7520 acc1 77.49%
2026-06-21 11:12:10 - __main__ - INFO - Val:   loss 1.4953 acc1 62.49%
2026-06-21 11:12:10 - __main__ - INFO - 
Epoch 45/100 | lr 0.063874
2026-06-21 11:12:52 - __main__ - INFO - Train: loss 0.7360 acc1 77.94%
2026-06-21 11:12:52 - __main__ - INFO - Val:   loss 1.5292 acc1 62.32%
2026-06-21 11:12:52 - __main__ - INFO - 
Epoch 46/100 | lr 0.062278
2026-06-21 11:13:34 - __main__ - INFO - Train: loss 0.7166 acc1 78.42%
2026-06-21 11:13:34 - __main__ - INFO - Val:   loss 1.5764 acc1 61.88%
2026-06-21 11:13:34 - __main__ - INFO - 
Epoch 47/100 | lr 0.060669
2026-06-21 11:14:16 - __main__ - INFO - Train: loss 0.7014 acc1 78.94%
2026-06-21 11:14:16 - __main__ - INFO - Val:   loss 1.5383 acc1 62.15%
2026-06-21 11:14:16 - __main__ - INFO - 
Epoch 48/100 | lr 0.059048
2026-06-21 11:14:58 - __main__ - INFO - Train: loss 0.6833 acc1 79.43%
2026-06-21 11:14:58 - __main__ - INFO - Val:   loss 1.5510 acc1 61.50%
2026-06-21 11:14:58 - __main__ - INFO - 
Epoch 49/100 | lr 0.057417
2026-06-21 11:15:40 - __main__ - INFO - Train: loss 0.6673 acc1 79.92%
2026-06-21 11:15:40 - __main__ - INFO - Val:   loss 1.4168 acc1 64.15%
2026-06-21 11:15:40 - __main__ - INFO - saved best: 64.15%
2026-06-21 11:15:40 - __main__ - INFO - 
Epoch 50/100 | lr 0.055779
2026-06-21 11:16:22 - __main__ - INFO - Train: loss 0.6497 acc1 80.45%
2026-06-21 11:16:22 - __main__ - INFO - Val:   loss 1.3862 acc1 64.47%
2026-06-21 11:16:22 - __main__ - INFO - saved best: 64.47%
2026-06-21 11:16:22 - __main__ - INFO - 
Epoch 51/100 | lr 0.054134
2026-06-21 11:17:04 - __main__ - INFO - Train: loss 0.6268 acc1 81.09%
2026-06-21 11:17:04 - __main__ - INFO - Val:   loss 1.5120 acc1 62.48%
2026-06-21 11:17:04 - __main__ - INFO - 
Epoch 52/100 | lr 0.052484
2026-06-21 11:17:46 - __main__ - INFO - Train: loss 0.6148 acc1 81.37%
2026-06-21 11:17:46 - __main__ - INFO - Val:   loss 1.3617 acc1 66.19%
2026-06-21 11:17:46 - __main__ - INFO - saved best: 66.19%
2026-06-21 11:17:46 - __main__ - INFO - 
Epoch 53/100 | lr 0.050832
2026-06-21 11:18:27 - __main__ - INFO - Train: loss 0.5825 acc1 82.21%
2026-06-21 11:18:27 - __main__ - INFO - Val:   loss 1.4619 acc1 63.86%
2026-06-21 11:18:27 - __main__ - INFO - 
Epoch 54/100 | lr 0.049178
2026-06-21 11:19:09 - __main__ - INFO - Train: loss 0.5708 acc1 82.71%
2026-06-21 11:19:09 - __main__ - INFO - Val:   loss 1.5175 acc1 62.15%
2026-06-21 11:19:09 - __main__ - INFO - 
Epoch 55/100 | lr 0.047526
2026-06-21 11:19:50 - __main__ - INFO - Train: loss 0.5453 acc1 83.44%
2026-06-21 11:19:50 - __main__ - INFO - Val:   loss 1.3797 acc1 66.12%
2026-06-21 11:19:50 - __main__ - INFO - 
Epoch 56/100 | lr 0.045876
2026-06-21 11:20:32 - __main__ - INFO - Train: loss 0.5303 acc1 83.90%
2026-06-21 11:20:32 - __main__ - INFO - Val:   loss 1.3973 acc1 65.78%
2026-06-21 11:20:32 - __main__ - INFO - 
Epoch 57/100 | lr 0.044231
2026-06-21 11:21:13 - __main__ - INFO - Train: loss 0.5020 acc1 84.70%
2026-06-21 11:21:13 - __main__ - INFO - Val:   loss 1.3484 acc1 66.59%
2026-06-21 11:21:13 - __main__ - INFO - saved best: 66.59%
2026-06-21 11:21:13 - __main__ - INFO - 
Epoch 58/100 | lr 0.042593
2026-06-21 11:21:55 - __main__ - INFO - Train: loss 0.4875 acc1 85.20%
2026-06-21 11:21:55 - __main__ - INFO - Val:   loss 1.5378 acc1 61.93%
2026-06-21 11:21:55 - __main__ - INFO - 
Epoch 59/100 | lr 0.040962
2026-06-21 11:22:37 - __main__ - INFO - Train: loss 0.4658 acc1 85.85%
2026-06-21 11:22:37 - __main__ - INFO - Val:   loss 1.4494 acc1 64.43%
2026-06-21 11:22:37 - __main__ - INFO - 
Epoch 60/100 | lr 0.039341
2026-06-21 11:23:19 - __main__ - INFO - Train: loss 0.4477 acc1 86.36%
2026-06-21 11:23:19 - __main__ - INFO - Val:   loss 1.5263 acc1 64.49%
2026-06-21 11:23:19 - __main__ - INFO - 
Epoch 61/100 | lr 0.037732
2026-06-21 11:24:01 - __main__ - INFO - Train: loss 0.4255 acc1 87.03%
2026-06-21 11:24:01 - __main__ - INFO - Val:   loss 1.4185 acc1 66.58%
2026-06-21 11:24:01 - __main__ - INFO - 
Epoch 62/100 | lr 0.036136
2026-06-21 11:24:42 - __main__ - INFO - Train: loss 0.4051 acc1 87.63%
2026-06-21 11:24:42 - __main__ - INFO - Val:   loss 1.3802 acc1 67.30%
2026-06-21 11:24:42 - __main__ - INFO - saved best: 67.30%
2026-06-21 11:24:42 - __main__ - INFO - 
Epoch 63/100 | lr 0.034556
2026-06-21 11:25:24 - __main__ - INFO - Train: loss 0.3875 acc1 88.21%
2026-06-21 11:25:24 - __main__ - INFO - Val:   loss 1.4623 acc1 64.87%
2026-06-21 11:25:24 - __main__ - INFO - 
Epoch 64/100 | lr 0.032992
2026-06-21 11:26:05 - __main__ - INFO - Train: loss 0.3638 acc1 88.93%
2026-06-21 11:26:05 - __main__ - INFO - Val:   loss 1.4958 acc1 65.64%
2026-06-21 11:26:05 - __main__ - INFO - 
Epoch 65/100 | lr 0.031447
2026-06-21 11:26:47 - __main__ - INFO - Train: loss 0.3448 acc1 89.52%
2026-06-21 11:26:47 - __main__ - INFO - Val:   loss 1.4355 acc1 66.59%
2026-06-21 11:26:47 - __main__ - INFO - 
Epoch 66/100 | lr 0.029922
2026-06-21 11:27:28 - __main__ - INFO - Train: loss 0.3262 acc1 90.11%
2026-06-21 11:27:28 - __main__ - INFO - Val:   loss 1.3999 acc1 67.52%
2026-06-21 11:27:28 - __main__ - INFO - saved best: 67.52%
2026-06-21 11:27:28 - __main__ - INFO - 
Epoch 67/100 | lr 0.028419
2026-06-21 11:28:10 - __main__ - INFO - Train: loss 0.3004 acc1 90.89%
2026-06-21 11:28:10 - __main__ - INFO - Val:   loss 1.3883 acc1 67.26%
2026-06-21 11:28:10 - __main__ - INFO - 
Epoch 68/100 | lr 0.026940
2026-06-21 11:28:52 - __main__ - INFO - Train: loss 0.2850 acc1 91.44%
2026-06-21 11:28:52 - __main__ - INFO - Val:   loss 1.3405 acc1 67.75%
2026-06-21 11:28:52 - __main__ - INFO - saved best: 67.75%
2026-06-21 11:28:52 - __main__ - INFO - 
Epoch 69/100 | lr 0.025486
2026-06-21 11:29:34 - __main__ - INFO - Train: loss 0.2636 acc1 92.16%
2026-06-21 11:29:34 - __main__ - INFO - Val:   loss 1.2762 acc1 69.53%
2026-06-21 11:29:34 - __main__ - INFO - saved best: 69.53%
2026-06-21 11:29:34 - __main__ - INFO - 
Epoch 70/100 | lr 0.024059
2026-06-21 11:30:15 - __main__ - INFO - Train: loss 0.2437 acc1 92.84%
2026-06-21 11:30:15 - __main__ - INFO - Val:   loss 1.3308 acc1 68.44%
2026-06-21 11:30:15 - __main__ - INFO - 
Epoch 71/100 | lr 0.022660
2026-06-21 11:30:57 - __main__ - INFO - Train: loss 0.2322 acc1 93.20%
2026-06-21 11:30:57 - __main__ - INFO - Val:   loss 1.3883 acc1 68.55%
2026-06-21 11:30:57 - __main__ - INFO - 
Epoch 72/100 | lr 0.021291
2026-06-21 11:31:38 - __main__ - INFO - Train: loss 0.2072 acc1 93.97%
2026-06-21 11:31:38 - __main__ - INFO - Val:   loss 1.4407 acc1 67.96%
2026-06-21 11:31:38 - __main__ - INFO - 
Epoch 73/100 | lr 0.019954
2026-06-21 11:32:20 - __main__ - INFO - Train: loss 0.1956 acc1 94.35%
2026-06-21 11:32:20 - __main__ - INFO - Val:   loss 1.3241 acc1 68.48%
2026-06-21 11:32:20 - __main__ - INFO - 
Epoch 74/100 | lr 0.018649
2026-06-21 11:33:01 - __main__ - INFO - Train: loss 0.1732 acc1 95.01%
2026-06-21 11:33:01 - __main__ - INFO - Val:   loss 1.3095 acc1 69.37%
2026-06-21 11:33:01 - __main__ - INFO - 
Epoch 75/100 | lr 0.017379
2026-06-21 11:33:42 - __main__ - INFO - Train: loss 0.1581 acc1 95.54%
2026-06-21 11:33:42 - __main__ - INFO - Val:   loss 1.2790 acc1 70.45%
2026-06-21 11:33:42 - __main__ - INFO - saved best: 70.45%
2026-06-21 11:33:42 - __main__ - INFO - 
Epoch 76/100 | lr 0.016144
2026-06-21 11:34:24 - __main__ - INFO - Train: loss 0.1385 acc1 96.25%
2026-06-21 11:34:24 - __main__ - INFO - Val:   loss 1.3022 acc1 69.91%
2026-06-21 11:34:24 - __main__ - INFO - 
Epoch 77/100 | lr 0.014947
2026-06-21 11:35:05 - __main__ - INFO - Train: loss 0.1277 acc1 96.56%
2026-06-21 11:35:05 - __main__ - INFO - Val:   loss 1.3288 acc1 69.13%
2026-06-21 11:35:05 - __main__ - INFO - 
Epoch 78/100 | lr 0.013787
2026-06-21 11:35:47 - __main__ - INFO - Train: loss 0.1116 acc1 97.09%
2026-06-21 11:35:47 - __main__ - INFO - Val:   loss 1.2580 acc1 70.73%
2026-06-21 11:35:47 - __main__ - INFO - saved best: 70.73%
2026-06-21 11:35:47 - __main__ - INFO - 
Epoch 79/100 | lr 0.012668
2026-06-21 11:36:28 - __main__ - INFO - Train: loss 0.0961 acc1 97.58%
2026-06-21 11:36:28 - __main__ - INFO - Val:   loss 1.1951 acc1 72.33%
2026-06-21 11:36:28 - __main__ - INFO - saved best: 72.33%
2026-06-21 11:36:28 - __main__ - INFO - 
Epoch 80/100 | lr 0.011589
2026-06-21 11:37:10 - __main__ - INFO - Train: loss 0.0791 acc1 98.10%
2026-06-21 11:37:10 - __main__ - INFO - Val:   loss 1.1800 acc1 71.78%
2026-06-21 11:37:10 - __main__ - INFO - 
Epoch 81/100 | lr 0.010552
2026-06-21 11:37:51 - __main__ - INFO - Train: loss 0.0655 acc1 98.53%
2026-06-21 11:37:51 - __main__ - INFO - Val:   loss 1.1969 acc1 71.48%
2026-06-21 11:37:51 - __main__ - INFO - 
Epoch 82/100 | lr 0.009558
2026-06-21 11:38:33 - __main__ - INFO - Train: loss 0.0553 acc1 98.83%
2026-06-21 11:38:33 - __main__ - INFO - Val:   loss 1.1018 acc1 73.70%
2026-06-21 11:38:33 - __main__ - INFO - saved best: 73.70%
2026-06-21 11:38:33 - __main__ - INFO - 
Epoch 83/100 | lr 0.008609
2026-06-21 11:39:15 - __main__ - INFO - Train: loss 0.0450 acc1 99.13%
2026-06-21 11:39:15 - __main__ - INFO - Val:   loss 1.1038 acc1 74.20%
2026-06-21 11:39:15 - __main__ - INFO - saved best: 74.20%
2026-06-21 11:39:15 - __main__ - INFO - 
Epoch 84/100 | lr 0.007704
2026-06-21 11:39:57 - __main__ - INFO - Train: loss 0.0330 acc1 99.44%
2026-06-21 11:39:57 - __main__ - INFO - Val:   loss 1.0468 acc1 74.63%
2026-06-21 11:39:57 - __main__ - INFO - saved best: 74.63%
2026-06-21 11:39:57 - __main__ - INFO - 
Epoch 85/100 | lr 0.006846
2026-06-21 11:40:39 - __main__ - INFO - Train: loss 0.0250 acc1 99.63%
2026-06-21 11:40:39 - __main__ - INFO - Val:   loss 1.0335 acc1 75.09%
2026-06-21 11:40:39 - __main__ - INFO - saved best: 75.09%
2026-06-21 11:40:39 - __main__ - INFO - 
Epoch 86/100 | lr 0.006036
2026-06-21 11:41:21 - __main__ - INFO - Train: loss 0.0204 acc1 99.76%
2026-06-21 11:41:21 - __main__ - INFO - Val:   loss 0.9812 acc1 76.19%
2026-06-21 11:41:21 - __main__ - INFO - saved best: 76.19%
2026-06-21 11:41:21 - __main__ - INFO - 
Epoch 87/100 | lr 0.005273
2026-06-21 11:42:03 - __main__ - INFO - Train: loss 0.0171 acc1 99.83%
2026-06-21 11:42:03 - __main__ - INFO - Val:   loss 0.9665 acc1 76.72%
2026-06-21 11:42:03 - __main__ - INFO - saved best: 76.72%
2026-06-21 11:42:03 - __main__ - INFO - 
Epoch 88/100 | lr 0.004559
2026-06-21 11:42:45 - __main__ - INFO - Train: loss 0.0148 acc1 99.89%
2026-06-21 11:42:45 - __main__ - INFO - Val:   loss 0.9478 acc1 77.02%
2026-06-21 11:42:45 - __main__ - INFO - saved best: 77.02%
2026-06-21 11:42:45 - __main__ - INFO - 
Epoch 89/100 | lr 0.003895
2026-06-21 11:43:26 - __main__ - INFO - Train: loss 0.0130 acc1 99.91%
2026-06-21 11:43:26 - __main__ - INFO - Val:   loss 0.9350 acc1 77.32%
2026-06-21 11:43:26 - __main__ - INFO - saved best: 77.32%
2026-06-21 11:43:26 - __main__ - INFO - 
Epoch 90/100 | lr 0.003281
2026-06-21 11:44:08 - __main__ - INFO - Train: loss 0.0117 acc1 99.94%
2026-06-21 11:44:08 - __main__ - INFO - Val:   loss 0.9238 acc1 78.04%
2026-06-21 11:44:08 - __main__ - INFO - saved best: 78.04%
2026-06-21 11:44:08 - __main__ - INFO - 
Epoch 91/100 | lr 0.002719
2026-06-21 11:44:50 - __main__ - INFO - Train: loss 0.0111 acc1 99.94%
2026-06-21 11:44:50 - __main__ - INFO - Val:   loss 0.9266 acc1 77.49%
2026-06-21 11:44:50 - __main__ - INFO - 
Epoch 92/100 | lr 0.002208
2026-06-21 11:45:32 - __main__ - INFO - Train: loss 0.0106 acc1 99.95%
2026-06-21 11:45:32 - __main__ - INFO - Val:   loss 0.9184 acc1 77.86%
2026-06-21 11:45:32 - __main__ - INFO - 
Epoch 93/100 | lr 0.001749
2026-06-21 11:46:13 - __main__ - INFO - Train: loss 0.0099 acc1 99.96%
2026-06-21 11:46:13 - __main__ - INFO - Val:   loss 0.9229 acc1 78.08%
2026-06-21 11:46:13 - __main__ - INFO - saved best: 78.08%
2026-06-21 11:46:13 - __main__ - INFO - 
Epoch 94/100 | lr 0.001344
2026-06-21 11:46:55 - __main__ - INFO - Train: loss 0.0098 acc1 99.96%
2026-06-21 11:46:55 - __main__ - INFO - Val:   loss 0.9248 acc1 78.04%
2026-06-21 11:46:55 - __main__ - INFO - 
Epoch 95/100 | lr 0.000991
2026-06-21 11:47:37 - __main__ - INFO - Train: loss 0.0094 acc1 99.97%
2026-06-21 11:47:37 - __main__ - INFO - Val:   loss 0.9179 acc1 78.15%
2026-06-21 11:47:37 - __main__ - INFO - saved best: 78.15%
2026-06-21 11:47:37 - __main__ - INFO - 
Epoch 96/100 | lr 0.000692
2026-06-21 11:48:18 - __main__ - INFO - Train: loss 0.0092 acc1 99.97%
2026-06-21 11:48:18 - __main__ - INFO - Val:   loss 0.9168 acc1 77.98%
2026-06-21 11:48:18 - __main__ - INFO - 
Epoch 97/100 | lr 0.000447
2026-06-21 11:49:00 - __main__ - INFO - Train: loss 0.0093 acc1 99.96%
2026-06-21 11:49:00 - __main__ - INFO - Val:   loss 0.9189 acc1 77.98%
2026-06-21 11:49:00 - __main__ - INFO - 
Epoch 98/100 | lr 0.000256
2026-06-21 11:49:42 - __main__ - INFO - Train: loss 0.0089 acc1 99.98%
2026-06-21 11:49:42 - __main__ - INFO - Val:   loss 0.9136 acc1 78.20%
2026-06-21 11:49:42 - __main__ - INFO - saved best: 78.20%
2026-06-21 11:49:42 - __main__ - INFO - 
Epoch 99/100 | lr 0.000119
2026-06-21 11:50:23 - __main__ - INFO - Train: loss 0.0090 acc1 99.98%
2026-06-21 11:50:23 - __main__ - INFO - Val:   loss 0.9186 acc1 78.17%
2026-06-21 11:50:23 - __main__ - INFO - 
Epoch 100/100 | lr 0.000037
2026-06-21 11:51:05 - __main__ - INFO - Train: loss 0.0090 acc1 99.97%
2026-06-21 11:51:05 - __main__ - INFO - Val:   loss 0.9153 acc1 78.29%
2026-06-21 11:51:05 - __main__ - INFO - saved best: 78.29%
2026-06-21 11:51:05 - __main__ - INFO - Loaded best checkpoint weights for final test evaluation.
2026-06-21 11:51:06 - __main__ - INFO - 
Best tracked (val): 78.29%
2026-06-21 11:51:06 - __main__ - INFO - Final test: loss 0.8912 acc1 78.70%
2026-06-21 11:51:06 - __main__ - INFO - Saved best model checkpoint to runs/cifar100_colab/42/resnet18_seed42_random_M4_area0.1/best_model.pt
