2026-06-29 17:01:38 - __main__ - INFO - Run parameters: {"_cam_checkpoint_fingerprint": {"mtime_ns": 1782752231836087771, "path": "/content/CAMRegularization/runs/malimg/resnet18/42/resnet18_seed42_none/best_model.pt", "sha256": "7313e45ed26cc7de88279b2ca93ef1450120c2efc3331ebafa41b45f1f46194a", "size": 44838347}, "adamw_betas": [0.9, 0.999], "adamw_eps": 1e-08, "amp": true, "batch_size": 128, "cam_cache_dir": "/content/cam_cache/malimg/resnet18/seed42", "cam_layer": "auto", "cam_precompute_only": false, "cam_precompute_windows": false, "cutout_area": 0.1, "cutout_m": 8, "cutout_mode": "cam_high", "cutout_size": 0, "data_dir": "./data", "dataset": "malimg", "debug_cam_timing": false, "deterministic_train_transforms": true, "epochs": 100, "gamma": 0.1, "grayscale": false, "include_regex": "", "label_smoothing": 0.0, "log_every": 100, "lr": 0.1, "milestones": "60,80", "min_lr": 1e-05, "model": "resnet18", "momentum": 0.9, "nesterov": false, "num_workers": 4, "optimizer": "sgd", "out_dir": "runs/malimg/resnet18/42", "run_name": "resnet18_seed42_cam_high_M8_area0.1", "saliency_candidate_percent": 10.0, "scheduler": "cosine", "seed": 42, "teacher_checkpoint": "runs/malimg/resnet18/42/resnet18_seed42_none/best_model.pt", "teacher_checkpoint_sha256": "7313e45ed26cc7de88279b2ca93ef1450120c2efc3331ebafa41b45f1f46194a", "teacher_model": "resnet18", "val_split": 0.1, "warmup_epochs": 5, "weight_decay": 0.0005}
2026-06-29 17:01:38 - __main__ - INFO - device: cuda | cuda: True | gpu: NVIDIA A100-SXM4-80GB
2026-06-29 17:01:39 - __main__ - INFO - Model: resnet18 | Dataset: malimg | Classes: 25 | Optimizer: sgd
2026-06-29 17:01:40 - __main__ - INFO - CAM saliency cache directory: /content/cam_cache/malimg/resnet18/seed42
2026-06-29 17:01:40 - __main__ - INFO - CAM cache-only mode for DataLoader workers; cache misses will raise. Run the same command once with --cam_precompute_only --num_workers 0 --deterministic_train_transforms before high-worker training.
2026-06-29 17:01:40 - __main__ - INFO - CAM saliency cache enabled: /content/cam_cache/malimg/resnet18/seed42
2026-06-29 17:01:40 - __main__ - INFO - CAM window cache enabled: /content/cam_cache/malimg/resnet18/seed42/windows
2026-06-29 17:01:40 - __main__ - INFO - Cutout enabled: mode=cam_high m=8 size=None area=0.1
2026-06-29 17:01:40 - __main__ - INFO - CAM window cache miss: /content/cam_cache/malimg/resnet18/seed42/windows/0f/34/0f3471bfe72050844c0dbfdbd8e0aa908b936e40305e44dfbeec2ad2999bd264.json
2026-06-29 17:01:40 - __main__ - INFO - CAM cache hit: /content/cam_cache/malimg/resnet18/seed42/30/cc/30cc98993348879725866b71c25e49a57affffd180978ecf6b3c2316eeb0cca6.pt
2026-06-29 17:01:40 - __main__ - INFO - CAM window cache saved: /content/cam_cache/malimg/resnet18/seed42/windows/0f/34/0f3471bfe72050844c0dbfdbd8e0aa908b936e40305e44dfbeec2ad2999bd264.json
2026-06-29 17:01:40 - __main__ - INFO - CAM cutout window: index=0 copy=1 cutout_mode=cam_high top=86 left=80 height=71 width=71
2026-06-29 17:01:40 - __main__ - INFO - CAM window cache miss: /content/cam_cache/malimg/resnet18/seed42/windows/50/39/5039d4f98d171f3b359cf303bda96cc23add88d8e84311b9e5abe15b488c7980.json
2026-06-29 17:01:40 - __main__ - INFO - CAM cache hit: /content/cam_cache/malimg/resnet18/seed42/30/cc/30cc98993348879725866b71c25e49a57affffd180978ecf6b3c2316eeb0cca6.pt
2026-06-29 17:01:40 - __main__ - INFO - CAM window cache saved: /content/cam_cache/malimg/resnet18/seed42/windows/50/39/5039d4f98d171f3b359cf303bda96cc23add88d8e84311b9e5abe15b488c7980.json
2026-06-29 17:01:40 - __main__ - INFO - CAM cutout window: index=0 copy=2 cutout_mode=cam_high top=72 left=59 height=71 width=71
2026-06-29 17:01:40 - __main__ - INFO - CAM window cache miss: /content/cam_cache/malimg/resnet18/seed42/windows/8f/2d/8f2d49db68c7f7a6b0f7a88730d4e9a7a3c1efe9524c81f7e8d9e76bcd2e827d.json
2026-06-29 17:01:40 - __main__ - INFO - CAM cache hit: /content/cam_cache/malimg/resnet18/seed42/30/cc/30cc98993348879725866b71c25e49a57affffd180978ecf6b3c2316eeb0cca6.pt
2026-06-29 17:01:40 - __main__ - INFO - CAM window cache saved: /content/cam_cache/malimg/resnet18/seed42/windows/8f/2d/8f2d49db68c7f7a6b0f7a88730d4e9a7a3c1efe9524c81f7e8d9e76bcd2e827d.json
2026-06-29 17:01:40 - __main__ - INFO - CAM cutout window: index=0 copy=3 cutout_mode=cam_high top=86 left=93 height=71 width=71
2026-06-29 17:01:40 - __main__ - INFO - Validated CAM cutout generation for mode cam_high
2026-06-29 17:01:40 - __main__ - INFO - 
Epoch 1/100 | lr 0.000100
2026-06-29 17:01:40 - __main__ - INFO - CAM window cache miss: /content/cam_cache/malimg/resnet18/seed42/windows/e0/d4/e0d4cde647983dfbe98d595e6774c06db172bf870ccf5f686c433b5d81bcb993.json
2026-06-29 17:01:40 - __main__ - INFO - CAM window cache miss: /content/cam_cache/malimg/resnet18/seed42/windows/01/0d/010ddc9872c77b8e5ffae6ab3d8e29b9f54eb01a54fe49116c9737f6ef5c520b.json
2026-06-29 17:01:40 - __main__ - INFO - CAM cache hit: /content/cam_cache/malimg/resnet18/seed42/7b/6c/7b6c2f86defc480d7448594eface44334c4154c5f517cd5d4c9e077b547e809c.pt
2026-06-29 17:01:40 - __main__ - INFO - CAM window cache miss: /content/cam_cache/malimg/resnet18/seed42/windows/7a/e3/7ae386e6050a2b72b26e184c1510ce88cbaf3b5376e894527ebae29f2bc40535.json
2026-06-29 17:01:40 - __main__ - INFO - CAM cache hit: /content/cam_cache/malimg/resnet18/seed42/fd/5b/fd5bc5117e9a002b0e301c890b478de1b14d044ff0d8bae965f6a296ad8783c7.pt
2026-06-29 17:01:40 - __main__ - INFO - CAM cache hit: /content/cam_cache/malimg/resnet18/seed42/a0/12/a012c93eca3667570323f109e266184a7a08cda76f2d37b9e1a5014555b0aa25.pt
2026-06-29 17:01:40 - __main__ - INFO - CAM window cache miss: /content/cam_cache/malimg/resnet18/seed42/windows/35/a0/35a05058feb841f54501d9baf421a52e1d34a525cfd60c593558910703d1d487.json
2026-06-29 17:01:40 - __main__ - INFO - CAM cache hit: /content/cam_cache/malimg/resnet18/seed42/75/cc/75cc775bf7bf95e27afdc54b12b262ad8f4db52da30e3a28d748a436e069fd36.pt
2026-06-29 17:01:41 - __main__ - INFO - CAM window cache saved: /content/cam_cache/malimg/resnet18/seed42/windows/e0/d4/e0d4cde647983dfbe98d595e6774c06db172bf870ccf5f686c433b5d81bcb993.json
2026-06-29 17:01:41 - __main__ - INFO - CAM cutout window: index=332 copy=7 cutout_mode=cam_high top=70 left=25 height=71 width=71
2026-06-29 17:01:41 - __main__ - INFO - CAM window cache saved: /content/cam_cache/malimg/resnet18/seed42/windows/01/0d/010ddc9872c77b8e5ffae6ab3d8e29b9f54eb01a54fe49116c9737f6ef5c520b.json
2026-06-29 17:01:41 - __main__ - INFO - CAM cutout window: index=5040 copy=5 cutout_mode=cam_high top=55 left=84 height=71 width=71
2026-06-29 17:01:41 - __main__ - INFO - CAM window cache saved: /content/cam_cache/malimg/resnet18/seed42/windows/7a/e3/7ae386e6050a2b72b26e184c1510ce88cbaf3b5376e894527ebae29f2bc40535.json
2026-06-29 17:01:41 - __main__ - INFO - CAM cutout window: index=166 copy=7 cutout_mode=cam_high top=84 left=56 height=71 width=71
2026-06-29 17:01:41 - __main__ - INFO - CAM window cache miss: /content/cam_cache/malimg/resnet18/seed42/windows/d4/8d/d48d7b715b445716588fdc77aace7179d0dc5e4bdc07d1a5c9b98de2b37f0f76.json
2026-06-29 17:01:41 - __main__ - INFO - CAM window cache miss: /content/cam_cache/malimg/resnet18/seed42/windows/a5/2f/a52f40c8583bd8cd7fbef7a3736cc717255fda6f963928d869f3cbc9be7c8535.json
2026-06-29 17:01:41 - __main__ - INFO - CAM cache hit: /content/cam_cache/malimg/resnet18/seed42/2f/e3/2fe32a4d4502fc3a8d545ba3268e398704212544f4a9ae8e7dd474df7f7c5db4.pt
2026-06-29 17:01:41 - __main__ - INFO - CAM cache hit: /content/cam_cache/malimg/resnet18/seed42/56/30/5630deca54fe577b772fb1614fc1c949337174ae484bd2bfc04667372a5de3ce.pt
2026-06-29 17:01:41 - __main__ - INFO - CAM window cache saved: /content/cam_cache/malimg/resnet18/seed42/windows/35/a0/35a05058feb841f54501d9baf421a52e1d34a525cfd60c593558910703d1d487.json
2026-06-29 17:01:41 - __main__ - INFO - CAM cutout window: index=7047 copy=4 cutout_mode=cam_high top=131 left=104 height=71 width=71
2026-06-29 17:01:41 - __main__ - INFO - CAM window cache miss: /content/cam_cache/malimg/resnet18/seed42/windows/b7/0c/b70c8b905cdfb58562096f35fdcfb30d0b72f5affaba808d1249b023f4610919.json
2026-06-29 17:01:41 - __main__ - INFO - CAM cache hit: /content/cam_cache/malimg/resnet18/seed42/01/45/0145e572111f1fe03d80f898a040aecc96e121f5f66a48c0b9690dfd8a68e8c1.pt
2026-06-29 17:01:41 - __main__ - INFO - CAM window cache miss: /content/cam_cache/malimg/resnet18/seed42/windows/52/95/5295af46111180d5c072ee27e93e16df6dd7468af5a615559beca5b859bb225c.json
2026-06-29 17:01:41 - __main__ - INFO - CAM cache hit: /content/cam_cache/malimg/resnet18/seed42/d3/ff/d3ff2482e7ba205b17ea4c8bd08f60aea8d9f695162abd6587cf39c333d5e92a.pt
2026-06-29 17:01:41 - __main__ - INFO - CAM window cache saved: /content/cam_cache/malimg/resnet18/seed42/windows/d4/8d/d48d7b715b445716588fdc77aace7179d0dc5e4bdc07d1a5c9b98de2b37f0f76.json
2026-06-29 17:01:41 - __main__ - INFO - CAM cutout window: index=2805 copy=1 cutout_mode=cam_high top=114 left=93 height=71 width=71
2026-06-29 17:01:41 - __main__ - INFO - CAM window cache saved: /content/cam_cache/malimg/resnet18/seed42/windows/a5/2f/a52f40c8583bd8cd7fbef7a3736cc717255fda6f963928d869f3cbc9be7c8535.json
2026-06-29 17:01:41 - __main__ - INFO - CAM cutout window: index=1583 copy=8 cutout_mode=cam_high top=60 left=22 height=71 width=71
2026-06-29 17:01:41 - __main__ - INFO - CAM window cache saved: /content/cam_cache/malimg/resnet18/seed42/windows/b7/0c/b70c8b905cdfb58562096f35fdcfb30d0b72f5affaba808d1249b023f4610919.json
2026-06-29 17:01:41 - __main__ - INFO - CAM cutout window: index=1504 copy=2 cutout_mode=cam_high top=117 left=113 height=71 width=71
2026-06-29 17:01:41 - __main__ - INFO - CAM window cache saved: /content/cam_cache/malimg/resnet18/seed42/windows/52/95/5295af46111180d5c072ee27e93e16df6dd7468af5a615559beca5b859bb225c.json
2026-06-29 17:01:41 - __main__ - INFO - CAM cutout window: index=7452 copy=1 cutout_mode=cam_high top=114 left=61 height=71 width=71
2026-06-29 17:13:53 - __main__ - INFO - CAM window cache hit: /content/cam_cache/malimg/resnet18/seed42/windows/0f/34/0f3471bfe72050844c0dbfdbd8e0aa908b936e40305e44dfbeec2ad2999bd264.json
2026-06-29 17:30:23 - __main__ - INFO - CAM window cache hit: /content/cam_cache/malimg/resnet18/seed42/windows/8f/2d/8f2d49db68c7f7a6b0f7a88730d4e9a7a3c1efe9524c81f7e8d9e76bcd2e827d.json
2026-06-29 17:32:35 - __main__ - INFO - CAM window cache hit: /content/cam_cache/malimg/resnet18/seed42/windows/50/39/5039d4f98d171f3b359cf303bda96cc23add88d8e84311b9e5abe15b488c7980.json
2026-06-29 17:45:20 - __main__ - INFO - Train: loss 1.8463 acc1 53.44%
2026-06-29 17:45:20 - __main__ - INFO - Val:   loss 1.2639 acc1 70.92%
2026-06-29 17:45:20 - __main__ - INFO - saved best: 70.92%
2026-06-29 17:45:20 - __main__ - INFO - 
Epoch 2/100 | lr 0.020080
2026-06-29 17:45:20 - __main__ - INFO - CAM window cache hit: /content/cam_cache/malimg/resnet18/seed42/windows/c4/dd/c4dd9c36c39ffc01b16cff7b6f271e12216ee84f928657e04cba82481afa7bcf.json
2026-06-29 17:45:20 - __main__ - INFO - CAM window cache hit: /content/cam_cache/malimg/resnet18/seed42/windows/bf/9c/bf9c2d1efec5b705f8447489bec3296672df74cec5b809e0720e29c8c7b4db5d.json
2026-06-29 17:45:20 - __main__ - INFO - CAM window cache hit: /content/cam_cache/malimg/resnet18/seed42/windows/2a/f0/2af08a95c8bc66d3c8e249e2f421bcb1a9e43ff5f3556201710c638b2718f6e2.json
2026-06-29 17:45:20 - __main__ - INFO - CAM window cache hit: /content/cam_cache/malimg/resnet18/seed42/windows/41/4c/414ca0af29eabb26a1dcb3aec215bfb32a8957bdd5ad5f50a6ca5ff5da25a775.json
2026-06-29 17:45:20 - __main__ - INFO - CAM window cache hit: /content/cam_cache/malimg/resnet18/seed42/windows/30/13/3013328f003c07d9653489196730a76303ec5bbadce597b5ac577fa807a17c5f.json
2026-06-29 17:45:20 - __main__ - INFO - CAM window cache hit: /content/cam_cache/malimg/resnet18/seed42/windows/e8/da/e8da105758e09eff7ad487b81ab591c5dce7f86e6bf5437808c95041a41bc4fa.json
2026-06-29 17:45:20 - __main__ - INFO - CAM window cache hit: /content/cam_cache/malimg/resnet18/seed42/windows/ef/25/ef258701c1d2eac5df270ac53dfd9496ec2038be7f80b1e0438fa255bcc07067.json
2026-06-29 17:45:20 - __main__ - INFO - CAM window cache hit: /content/cam_cache/malimg/resnet18/seed42/windows/02/5c/025c1fadbecbef4a1ec172411f2cccc238fecf9851b32d0eb498e769dbe064a3.json
2026-06-29 17:45:20 - __main__ - INFO - CAM window cache hit: /content/cam_cache/malimg/resnet18/seed42/windows/09/35/0935278bb7bfeba85e6a22867dff7035b7b12ed8d4a9656b2825c5c1ce8351a0.json
2026-06-29 17:45:20 - __main__ - INFO - CAM window cache hit: /content/cam_cache/malimg/resnet18/seed42/windows/48/99/489904d1f34a96f71fdbfdbb09a8634a2922b16d183dee3c702d51beef45b01c.json
2026-06-29 17:45:20 - __main__ - INFO - CAM window cache hit: /content/cam_cache/malimg/resnet18/seed42/windows/19/88/1988021fb21a4ab1c243faf2a75db6888a78c395ad6b56ea62767b13f6dd911b.json
2026-06-29 17:45:20 - __main__ - INFO - CAM window cache hit: /content/cam_cache/malimg/resnet18/seed42/windows/70/f5/70f5936e0d3a3fcd56c15e25c2cd8eca0e56f426d5bf14f1847262fd5163ba3e.json
2026-06-29 17:45:20 - __main__ - INFO - CAM window cache hit: /content/cam_cache/malimg/resnet18/seed42/windows/a5/3d/a53d874eff07db5da81a1bc171f6d90d5383032cc7479beac06ff212bf3e663a.json
2026-06-29 17:45:20 - __main__ - INFO - CAM window cache hit: /content/cam_cache/malimg/resnet18/seed42/windows/66/d7/66d787199057258d8b910396d44b36685726b96ac3fedf1fab05134b346e39a3.json
2026-06-29 17:45:20 - __main__ - INFO - CAM window cache hit: /content/cam_cache/malimg/resnet18/seed42/windows/01/41/0141e2215af8d746cf4ec766cbfa8060074c6e3dca419fd260dbff9249bb4cea.json
2026-06-29 17:45:20 - __main__ - INFO - CAM window cache hit: /content/cam_cache/malimg/resnet18/seed42/windows/41/11/4111a3d0b755af67efd22ef89149d65a53897e0face38cb6ff22b4d7fa9ccf63.json
2026-06-29 17:45:20 - __main__ - INFO - CAM window cache hit: /content/cam_cache/malimg/resnet18/seed42/windows/3b/70/3b7049317f7abed4be988cb8321d539dd049fff65a292e9e9112eca3fae520ec.json
2026-06-29 17:46:47 - __main__ - INFO - Train: loss 0.1020 acc1 96.97%
2026-06-29 17:46:47 - __main__ - INFO - Val:   loss 0.0821 acc1 97.73%
2026-06-29 17:46:47 - __main__ - INFO - saved best: 97.73%
2026-06-29 17:46:47 - __main__ - INFO - 
Epoch 3/100 | lr 0.040060
2026-06-29 17:48:15 - __main__ - INFO - Train: loss 0.0574 acc1 98.23%
2026-06-29 17:48:15 - __main__ - INFO - Val:   loss 0.0816 acc1 97.79%
2026-06-29 17:48:15 - __main__ - INFO - saved best: 97.79%
2026-06-29 17:48:15 - __main__ - INFO - 
Epoch 4/100 | lr 0.060040
2026-06-29 17:49:44 - __main__ - INFO - Train: loss 0.0518 acc1 98.41%
2026-06-29 17:49:44 - __main__ - INFO - Val:   loss 0.0720 acc1 98.05%
2026-06-29 17:49:44 - __main__ - INFO - saved best: 98.05%
2026-06-29 17:49:44 - __main__ - INFO - 
Epoch 5/100 | lr 0.080020
2026-06-29 17:51:14 - __main__ - INFO - Train: loss 0.0450 acc1 98.66%
2026-06-29 17:51:14 - __main__ - INFO - Val:   loss 0.0776 acc1 98.18%
2026-06-29 17:51:14 - __main__ - INFO - saved best: 98.18%
2026-06-29 17:51:14 - __main__ - INFO - 
Epoch 6/100 | lr 0.100000
2026-06-29 17:52:43 - __main__ - INFO - Train: loss 0.0439 acc1 98.66%
2026-06-29 17:52:43 - __main__ - INFO - Val:   loss 0.0759 acc1 97.92%
2026-06-29 17:52:43 - __main__ - INFO - 
Epoch 7/100 | lr 0.099973
2026-06-29 17:54:14 - __main__ - INFO - Train: loss 0.0383 acc1 98.86%
2026-06-29 17:54:14 - __main__ - INFO - Val:   loss 0.0747 acc1 97.83%
2026-06-29 17:54:14 - __main__ - INFO - 
Epoch 8/100 | lr 0.099891
2026-06-29 17:55:44 - __main__ - INFO - Train: loss 0.0535 acc1 98.41%
2026-06-29 17:55:44 - __main__ - INFO - Val:   loss 0.0832 acc1 97.83%
2026-06-29 17:55:44 - __main__ - INFO - 
Epoch 9/100 | lr 0.099754
2026-06-29 17:57:13 - __main__ - INFO - Train: loss 0.0412 acc1 98.76%
2026-06-29 17:57:13 - __main__ - INFO - Val:   loss 0.1000 acc1 97.12%
2026-06-29 17:57:13 - __main__ - INFO - 
Epoch 10/100 | lr 0.099563
2026-06-29 17:58:44 - __main__ - INFO - Train: loss 0.0437 acc1 98.72%
2026-06-29 17:58:44 - __main__ - INFO - Val:   loss 0.1039 acc1 97.08%
2026-06-29 17:58:44 - __main__ - INFO - 
Epoch 11/100 | lr 0.099318
2026-06-29 18:00:13 - __main__ - INFO - Train: loss 0.0462 acc1 98.65%
2026-06-29 18:00:13 - __main__ - INFO - Val:   loss 0.5341 acc1 87.06%
2026-06-29 18:00:13 - __main__ - INFO - 
Epoch 12/100 | lr 0.099019
2026-06-29 18:01:43 - __main__ - INFO - Train: loss 0.0490 acc1 98.56%
2026-06-29 18:01:43 - __main__ - INFO - Val:   loss 0.1882 acc1 96.08%
2026-06-29 18:01:43 - __main__ - INFO - 
Epoch 13/100 | lr 0.098666
2026-06-29 18:03:14 - __main__ - INFO - Train: loss 0.0420 acc1 98.79%
2026-06-29 18:03:14 - __main__ - INFO - Val:   loss 0.0829 acc1 97.73%
2026-06-29 18:03:14 - __main__ - INFO - 
Epoch 14/100 | lr 0.098261
2026-06-29 18:04:43 - __main__ - INFO - Train: loss 0.0436 acc1 98.72%
2026-06-29 18:04:43 - __main__ - INFO - Val:   loss 1.8637 acc1 57.44%
2026-06-29 18:04:43 - __main__ - INFO - 
Epoch 15/100 | lr 0.097802
2026-06-29 18:06:13 - __main__ - INFO - Train: loss 0.0470 acc1 98.60%
2026-06-29 18:06:13 - __main__ - INFO - Val:   loss 0.0821 acc1 97.99%
2026-06-29 18:06:13 - __main__ - INFO - 
Epoch 16/100 | lr 0.097291
2026-06-29 18:07:43 - __main__ - INFO - Train: loss 0.0444 acc1 98.71%
2026-06-29 18:07:43 - __main__ - INFO - Val:   loss 0.1395 acc1 96.54%
2026-06-29 18:07:43 - __main__ - INFO - 
Epoch 17/100 | lr 0.096729
2026-06-29 18:09:13 - __main__ - INFO - Train: loss 0.0387 acc1 98.85%
2026-06-29 18:09:13 - __main__ - INFO - Val:   loss 1.5340 acc1 83.29%
2026-06-29 18:09:13 - __main__ - INFO - 
Epoch 18/100 | lr 0.096115
2026-06-29 18:10:42 - __main__ - INFO - Train: loss 0.0392 acc1 98.84%
2026-06-29 18:10:42 - __main__ - INFO - Val:   loss 0.2976 acc1 93.83%
2026-06-29 18:10:42 - __main__ - INFO - 
Epoch 19/100 | lr 0.095451
2026-06-29 18:12:12 - __main__ - INFO - Train: loss 0.0468 acc1 98.62%
2026-06-29 18:12:12 - __main__ - INFO - Val:   loss 0.0784 acc1 98.34%
2026-06-29 18:12:12 - __main__ - INFO - saved best: 98.34%
2026-06-29 18:12:12 - __main__ - INFO - 
Epoch 20/100 | lr 0.094737
2026-06-29 18:13:41 - __main__ - INFO - Train: loss 0.0420 acc1 98.75%
2026-06-29 18:13:41 - __main__ - INFO - Val:   loss 0.0715 acc1 98.09%
2026-06-29 18:13:41 - __main__ - INFO - 
Epoch 21/100 | lr 0.093974
2026-06-29 18:15:11 - __main__ - INFO - Train: loss 0.0457 acc1 98.66%
2026-06-29 18:15:11 - __main__ - INFO - Val:   loss 0.0818 acc1 98.15%
2026-06-29 18:15:11 - __main__ - INFO - 
Epoch 22/100 | lr 0.093164
2026-06-29 18:16:41 - __main__ - INFO - Train: loss 0.0449 acc1 98.67%
2026-06-29 18:16:41 - __main__ - INFO - Val:   loss 0.0891 acc1 97.92%
2026-06-29 18:16:41 - __main__ - INFO - 
Epoch 23/100 | lr 0.092306
2026-06-29 18:18:11 - __main__ - INFO - Train: loss 0.0375 acc1 98.87%
2026-06-29 18:18:11 - __main__ - INFO - Val:   loss 0.0781 acc1 97.99%
2026-06-29 18:18:11 - __main__ - INFO - 
Epoch 24/100 | lr 0.091401
2026-06-29 18:19:40 - __main__ - INFO - Train: loss 0.0468 acc1 98.64%
2026-06-29 18:19:40 - __main__ - INFO - Val:   loss 0.0846 acc1 97.83%
2026-06-29 18:19:40 - __main__ - INFO - 
Epoch 25/100 | lr 0.090452
2026-06-29 18:21:10 - __main__ - INFO - Train: loss 0.0425 acc1 98.75%
2026-06-29 18:21:10 - __main__ - INFO - Val:   loss 0.0805 acc1 98.25%
2026-06-29 18:21:10 - __main__ - INFO - 
Epoch 26/100 | lr 0.089458
2026-06-29 18:22:40 - __main__ - INFO - Train: loss 0.0422 acc1 98.75%
2026-06-29 18:22:40 - __main__ - INFO - Val:   loss 0.2489 acc1 94.70%
2026-06-29 18:22:40 - __main__ - INFO - 
Epoch 27/100 | lr 0.088421
2026-06-29 18:24:10 - __main__ - INFO - Train: loss 0.0424 acc1 98.74%
2026-06-29 18:24:10 - __main__ - INFO - Val:   loss 0.0977 acc1 96.99%
2026-06-29 18:24:10 - __main__ - INFO - 
Epoch 28/100 | lr 0.087342
2026-06-29 18:25:39 - __main__ - INFO - Train: loss 0.0438 acc1 98.71%
2026-06-29 18:25:39 - __main__ - INFO - Val:   loss 0.0887 acc1 97.83%
2026-06-29 18:25:39 - __main__ - INFO - 
Epoch 29/100 | lr 0.086223
2026-06-29 18:27:09 - __main__ - INFO - Train: loss 0.0380 acc1 98.85%
2026-06-29 18:27:09 - __main__ - INFO - Val:   loss 0.0793 acc1 97.83%
2026-06-29 18:27:09 - __main__ - INFO - 
Epoch 30/100 | lr 0.085063
2026-06-29 18:28:39 - __main__ - INFO - Train: loss 0.0404 acc1 98.80%
2026-06-29 18:28:39 - __main__ - INFO - Val:   loss 0.1667 acc1 96.37%
2026-06-29 18:28:39 - __main__ - INFO - 
Epoch 31/100 | lr 0.083866
2026-06-29 18:30:09 - __main__ - INFO - Train: loss 0.0453 acc1 98.70%
2026-06-29 18:30:09 - __main__ - INFO - Val:   loss 0.0496 acc1 98.71%
2026-06-29 18:30:09 - __main__ - INFO - saved best: 98.71%
2026-06-29 18:30:09 - __main__ - INFO - 
Epoch 32/100 | lr 0.082631
2026-06-29 18:31:39 - __main__ - INFO - Train: loss 0.0241 acc1 99.34%
2026-06-29 18:31:39 - __main__ - INFO - Val:   loss 0.6040 acc1 83.56%
2026-06-29 18:31:39 - __main__ - INFO - 
Epoch 33/100 | lr 0.081361
2026-06-29 18:33:09 - __main__ - INFO - Train: loss 0.0050 acc1 99.90%
2026-06-29 18:33:09 - __main__ - INFO - Val:   loss 0.0422 acc1 99.00%
2026-06-29 18:33:09 - __main__ - INFO - saved best: 99.00%
2026-06-29 18:33:09 - __main__ - INFO - 
Epoch 34/100 | lr 0.080056
2026-06-29 18:34:38 - __main__ - INFO - Train: loss 0.0208 acc1 99.46%
2026-06-29 18:34:38 - __main__ - INFO - Val:   loss 0.3105 acc1 86.16%
2026-06-29 18:34:38 - __main__ - INFO - 
Epoch 35/100 | lr 0.078719
2026-06-29 18:36:08 - __main__ - INFO - Train: loss 0.0022 acc1 99.98%
2026-06-29 18:36:08 - __main__ - INFO - Val:   loss 0.0463 acc1 98.64%
2026-06-29 18:36:08 - __main__ - INFO - 
Epoch 36/100 | lr 0.077350
2026-06-29 18:37:37 - __main__ - INFO - Train: loss 0.0023 acc1 99.99%
2026-06-29 18:37:37 - __main__ - INFO - Val:   loss 0.0460 acc1 98.93%
2026-06-29 18:37:37 - __main__ - INFO - 
Epoch 37/100 | lr 0.075951
2026-06-29 18:39:07 - __main__ - INFO - Train: loss 0.0062 acc1 99.90%
2026-06-29 18:39:07 - __main__ - INFO - Val:   loss 2.1016 acc1 68.64%
2026-06-29 18:39:07 - __main__ - INFO - 
Epoch 38/100 | lr 0.074524
2026-06-29 18:40:37 - __main__ - INFO - Train: loss 0.0483 acc1 98.65%
2026-06-29 18:40:37 - __main__ - INFO - Val:   loss 0.0755 acc1 98.05%
2026-06-29 18:40:37 - __main__ - INFO - 
Epoch 39/100 | lr 0.073070
2026-06-29 18:42:07 - __main__ - INFO - Train: loss 0.0382 acc1 98.85%
2026-06-29 18:42:07 - __main__ - INFO - Val:   loss 0.0703 acc1 97.89%
2026-06-29 18:42:07 - __main__ - INFO - 
Epoch 40/100 | lr 0.071591
2026-06-29 18:43:36 - __main__ - INFO - Train: loss 0.0470 acc1 98.64%
2026-06-29 18:43:36 - __main__ - INFO - Val:   loss 0.0881 acc1 97.92%
2026-06-29 18:43:36 - __main__ - INFO - 
Epoch 41/100 | lr 0.070088
2026-06-29 18:45:06 - __main__ - INFO - Train: loss 0.0417 acc1 98.74%
2026-06-29 18:45:06 - __main__ - INFO - Val:   loss 0.1028 acc1 97.60%
2026-06-29 18:45:06 - __main__ - INFO - 
Epoch 42/100 | lr 0.068563
2026-06-29 18:46:35 - __main__ - INFO - Train: loss 0.0268 acc1 99.22%
2026-06-29 18:46:35 - __main__ - INFO - Val:   loss 0.1307 acc1 96.76%
2026-06-29 18:46:35 - __main__ - INFO - 
Epoch 43/100 | lr 0.067018
2026-06-29 18:48:05 - __main__ - INFO - Train: loss 0.0023 acc1 99.98%
2026-06-29 18:48:05 - __main__ - INFO - Val:   loss 0.0452 acc1 98.96%
2026-06-29 18:48:05 - __main__ - INFO - 
Epoch 44/100 | lr 0.065454
2026-06-29 18:51:05 - __main__ - INFO - Train: loss 0.0162 acc1 99.64%
2026-06-29 18:51:05 - __main__ - INFO - Val:   loss 0.6084 acc1 86.12%
2026-06-29 18:51:05 - __main__ - INFO - 
Epoch 46/100 | lr 0.062278
2026-06-29 18:52:34 - __main__ - INFO - Train: loss 0.0054 acc1 99.87%
2026-06-29 18:52:34 - __main__ - INFO - Val:   loss 0.0492 acc1 98.90%
2026-06-29 18:52:34 - __main__ - INFO - 
Epoch 47/100 | lr 0.060669
2026-06-29 18:54:05 - __main__ - INFO - Train: loss 0.0016 acc1 100.00%
2026-06-29 18:54:05 - __main__ - INFO - Val:   loss 0.0451 acc1 98.80%
2026-06-29 18:54:05 - __main__ - INFO - 
Epoch 48/100 | lr 0.059048
2026-06-29 18:55:34 - __main__ - INFO - Train: loss 0.0215 acc1 99.44%
2026-06-29 18:55:34 - __main__ - INFO - Val:   loss 0.0785 acc1 98.25%
2026-06-29 18:55:34 - __main__ - INFO - 
Epoch 49/100 | lr 0.057417
2026-06-29 18:57:04 - __main__ - INFO - Train: loss 0.0452 acc1 98.66%
2026-06-29 18:57:04 - __main__ - INFO - Val:   loss 0.0983 acc1 97.44%
2026-06-29 18:57:04 - __main__ - INFO - 
Epoch 50/100 | lr 0.055779
2026-06-29 18:58:34 - __main__ - INFO - Train: loss 0.0384 acc1 98.85%
2026-06-29 18:58:34 - __main__ - INFO - Val:   loss 0.0933 acc1 97.92%
2026-06-29 18:58:34 - __main__ - INFO - 
Epoch 51/100 | lr 0.054134
2026-06-29 19:00:03 - __main__ - INFO - Train: loss 0.0375 acc1 98.87%
2026-06-29 19:00:03 - __main__ - INFO - Val:   loss 0.0822 acc1 98.18%
2026-06-29 19:00:03 - __main__ - INFO - 
Epoch 52/100 | lr 0.052484
2026-06-29 19:01:33 - __main__ - INFO - Train: loss 0.0368 acc1 98.97%
2026-06-29 19:01:33 - __main__ - INFO - Val:   loss 0.0886 acc1 97.63%
2026-06-29 19:01:33 - __main__ - INFO - 
Epoch 53/100 | lr 0.050832
2026-06-29 19:03:02 - __main__ - INFO - Train: loss 0.0398 acc1 98.81%
2026-06-29 19:03:02 - __main__ - INFO - Val:   loss 0.0821 acc1 97.83%
2026-06-29 19:03:02 - __main__ - INFO - 
Epoch 54/100 | lr 0.049178
2026-06-29 19:04:32 - __main__ - INFO - Train: loss 0.0249 acc1 99.25%
2026-06-29 19:04:32 - __main__ - INFO - Val:   loss 0.0749 acc1 98.32%
2026-06-29 19:04:32 - __main__ - INFO - 
Epoch 55/100 | lr 0.047526
2026-06-29 19:06:02 - __main__ - INFO - Train: loss 0.0067 acc1 99.88%
2026-06-29 19:06:02 - __main__ - INFO - Val:   loss 0.0577 acc1 98.64%
2026-06-29 19:06:02 - __main__ - INFO - 
Epoch 56/100 | lr 0.045876
2026-06-29 19:07:31 - __main__ - INFO - Train: loss 0.0015 acc1 100.00%
2026-06-29 19:07:31 - __main__ - INFO - Val:   loss 0.0421 acc1 98.90%
2026-06-29 19:07:31 - __main__ - INFO - 
Epoch 57/100 | lr 0.044231
2026-06-29 19:09:00 - __main__ - INFO - Train: loss 0.0148 acc1 99.64%
2026-06-29 19:09:00 - __main__ - INFO - Val:   loss 0.1431 acc1 97.99%
2026-06-29 19:09:00 - __main__ - INFO - 
Epoch 58/100 | lr 0.042593
2026-06-29 19:10:30 - __main__ - INFO - Train: loss 0.0043 acc1 99.92%
2026-06-29 19:10:30 - __main__ - INFO - Val:   loss 0.0495 acc1 98.74%
2026-06-29 19:10:30 - __main__ - INFO - 
Epoch 59/100 | lr 0.040962
2026-06-29 19:12:00 - __main__ - INFO - Train: loss 0.0015 acc1 100.00%
2026-06-29 19:12:00 - __main__ - INFO - Val:   loss 0.0497 acc1 98.74%
2026-06-29 19:12:00 - __main__ - INFO - 
Epoch 60/100 | lr 0.039341
2026-06-29 19:13:30 - __main__ - INFO - Train: loss 0.0061 acc1 99.90%
2026-06-29 19:13:30 - __main__ - INFO - Val:   loss 0.1578 acc1 95.62%
2026-06-29 19:13:30 - __main__ - INFO - 
Epoch 61/100 | lr 0.037732
2026-06-29 19:14:59 - __main__ - INFO - Train: loss 0.0106 acc1 99.75%
2026-06-29 19:14:59 - __main__ - INFO - Val:   loss 0.0407 acc1 99.06%
2026-06-29 19:14:59 - __main__ - INFO - saved best: 99.06%
2026-06-29 19:14:59 - __main__ - INFO - 
Epoch 62/100 | lr 0.036136
2026-06-29 19:16:29 - __main__ - INFO - Train: loss 0.0014 acc1 100.00%
2026-06-29 19:16:29 - __main__ - INFO - Val:   loss 0.0362 acc1 99.22%
2026-06-29 19:16:29 - __main__ - INFO - saved best: 99.22%
2026-06-29 19:16:29 - __main__ - INFO - 
Epoch 63/100 | lr 0.034556
2026-06-29 19:17:59 - __main__ - INFO - Train: loss 0.0016 acc1 100.00%
2026-06-29 19:17:59 - __main__ - INFO - Val:   loss 0.0330 acc1 99.22%
2026-06-29 19:17:59 - __main__ - INFO - 
Epoch 64/100 | lr 0.032992
2026-06-29 19:19:29 - __main__ - INFO - Train: loss 0.0017 acc1 100.00%
2026-06-29 19:19:29 - __main__ - INFO - Val:   loss 0.0354 acc1 99.32%
2026-06-29 19:19:29 - __main__ - INFO - saved best: 99.32%
2026-06-29 19:19:29 - __main__ - INFO - 
Epoch 65/100 | lr 0.031447
2026-06-29 19:20:58 - __main__ - INFO - Train: loss 0.0017 acc1 100.00%
2026-06-29 19:20:58 - __main__ - INFO - Val:   loss 0.0319 acc1 99.13%
2026-06-29 19:20:58 - __main__ - INFO - 
Epoch 66/100 | lr 0.029922
2026-06-29 19:22:28 - __main__ - INFO - Train: loss 0.0146 acc1 99.69%
2026-06-29 19:22:28 - __main__ - INFO - Val:   loss 0.0546 acc1 98.68%
2026-06-29 19:22:28 - __main__ - INFO - 
Epoch 67/100 | lr 0.028419
2026-06-29 19:23:58 - __main__ - INFO - Train: loss 0.0019 acc1 99.99%
2026-06-29 19:23:58 - __main__ - INFO - Val:   loss 0.0361 acc1 98.90%
2026-06-29 19:23:58 - __main__ - INFO - 
Epoch 68/100 | lr 0.026940
2026-06-29 19:25:28 - __main__ - INFO - Train: loss 0.0014 acc1 100.00%
2026-06-29 19:25:28 - __main__ - INFO - Val:   loss 0.0410 acc1 98.90%
2026-06-29 19:25:28 - __main__ - INFO - 
Epoch 69/100 | lr 0.025486
2026-06-29 19:26:57 - __main__ - INFO - Train: loss 0.0015 acc1 100.00%
2026-06-29 19:26:57 - __main__ - INFO - Val:   loss 0.0408 acc1 99.06%
2026-06-29 19:26:57 - __main__ - INFO - 
Epoch 70/100 | lr 0.024059
2026-06-29 19:28:27 - __main__ - INFO - Train: loss 0.0017 acc1 100.00%
2026-06-29 19:28:27 - __main__ - INFO - Val:   loss 0.0393 acc1 98.90%
2026-06-29 19:28:27 - __main__ - INFO - 
Epoch 71/100 | lr 0.022660
2026-06-29 19:29:56 - __main__ - INFO - Train: loss 0.0017 acc1 100.00%
2026-06-29 19:29:56 - __main__ - INFO - Val:   loss 0.0383 acc1 99.00%
2026-06-29 19:29:56 - __main__ - INFO - 
Epoch 72/100 | lr 0.021291
2026-06-29 19:31:22 - __main__ - INFO - Train: loss 0.0017 acc1 100.00%
2026-06-29 19:31:22 - __main__ - INFO - Val:   loss 0.0353 acc1 98.74%
2026-06-29 19:31:22 - __main__ - INFO - 
Epoch 73/100 | lr 0.019954
2026-06-29 19:32:49 - __main__ - INFO - Train: loss 0.0017 acc1 100.00%
2026-06-29 19:32:49 - __main__ - INFO - Val:   loss 0.0387 acc1 98.90%
2026-06-29 19:32:49 - __main__ - INFO - 
Epoch 74/100 | lr 0.018649
2026-06-29 19:34:16 - __main__ - INFO - Train: loss 0.0017 acc1 100.00%
2026-06-29 19:34:16 - __main__ - INFO - Val:   loss 0.0393 acc1 98.84%
2026-06-29 19:34:16 - __main__ - INFO - 
Epoch 75/100 | lr 0.017379
2026-06-29 19:35:43 - __main__ - INFO - Train: loss 0.0017 acc1 100.00%
2026-06-29 19:35:43 - __main__ - INFO - Val:   loss 0.0350 acc1 98.96%
2026-06-29 19:35:43 - __main__ - INFO - 
Epoch 76/100 | lr 0.016144
2026-06-29 19:37:10 - __main__ - INFO - Train: loss 0.0017 acc1 100.00%
2026-06-29 19:37:10 - __main__ - INFO - Val:   loss 0.0353 acc1 98.80%
2026-06-29 19:37:10 - __main__ - INFO - 
Epoch 77/100 | lr 0.014947
2026-06-29 19:38:36 - __main__ - INFO - Train: loss 0.0018 acc1 100.00%
2026-06-29 19:38:36 - __main__ - INFO - Val:   loss 0.0339 acc1 98.80%
2026-06-29 19:38:36 - __main__ - INFO - 
Epoch 78/100 | lr 0.013787
2026-06-29 19:40:03 - __main__ - INFO - Train: loss 0.0016 acc1 100.00%
2026-06-29 19:40:03 - __main__ - INFO - Val:   loss 0.0351 acc1 99.06%
2026-06-29 19:40:03 - __main__ - INFO - 
Epoch 79/100 | lr 0.012668
2026-06-29 19:41:29 - __main__ - INFO - Train: loss 0.0017 acc1 100.00%
2026-06-29 19:41:29 - __main__ - INFO - Val:   loss 0.0322 acc1 98.80%
2026-06-29 19:41:29 - __main__ - INFO - 
Epoch 80/100 | lr 0.011589
2026-06-29 19:42:55 - __main__ - INFO - Train: loss 0.0017 acc1 100.00%
2026-06-29 19:42:55 - __main__ - INFO - Val:   loss 0.0367 acc1 99.06%
2026-06-29 19:42:55 - __main__ - INFO - 
Epoch 81/100 | lr 0.010552
2026-06-29 19:44:22 - __main__ - INFO - Train: loss 0.0020 acc1 99.99%
2026-06-29 19:44:22 - __main__ - INFO - Val:   loss 0.0326 acc1 98.96%
2026-06-29 19:44:22 - __main__ - INFO - 
Epoch 82/100 | lr 0.009558
2026-06-29 19:45:48 - __main__ - INFO - Train: loss 0.0016 acc1 100.00%
2026-06-29 19:45:48 - __main__ - INFO - Val:   loss 0.0299 acc1 99.13%
2026-06-29 19:45:48 - __main__ - INFO - 
Epoch 83/100 | lr 0.008609
2026-06-29 19:47:14 - __main__ - INFO - Train: loss 0.0017 acc1 100.00%
2026-06-29 19:47:14 - __main__ - INFO - Val:   loss 0.0317 acc1 98.80%
2026-06-29 19:47:14 - __main__ - INFO - 
Epoch 84/100 | lr 0.007704
2026-06-29 19:48:41 - __main__ - INFO - Train: loss 0.0017 acc1 100.00%
2026-06-29 19:48:41 - __main__ - INFO - Val:   loss 0.0310 acc1 98.80%
2026-06-29 19:48:41 - __main__ - INFO - 
Epoch 85/100 | lr 0.006846
2026-06-29 19:50:07 - __main__ - INFO - Train: loss 0.0016 acc1 100.00%
2026-06-29 19:50:07 - __main__ - INFO - Val:   loss 0.0340 acc1 99.06%
2026-06-29 19:50:07 - __main__ - INFO - 
Epoch 86/100 | lr 0.006036
2026-06-29 19:51:34 - __main__ - INFO - Train: loss 0.0016 acc1 100.00%
2026-06-29 19:51:34 - __main__ - INFO - Val:   loss 0.0323 acc1 99.13%
2026-06-29 19:51:34 - __main__ - INFO - 
Epoch 87/100 | lr 0.005273
2026-06-29 19:53:00 - __main__ - INFO - Train: loss 0.0016 acc1 100.00%
2026-06-29 19:53:00 - __main__ - INFO - Val:   loss 0.0317 acc1 99.06%
2026-06-29 19:53:00 - __main__ - INFO - 
Epoch 88/100 | lr 0.004559
2026-06-29 19:54:26 - __main__ - INFO - Train: loss 0.0016 acc1 100.00%
2026-06-29 19:54:26 - __main__ - INFO - Val:   loss 0.0331 acc1 99.06%
2026-06-29 19:54:26 - __main__ - INFO - 
Epoch 89/100 | lr 0.003895
2026-06-29 19:55:53 - __main__ - INFO - Train: loss 0.0016 acc1 100.00%
2026-06-29 19:55:53 - __main__ - INFO - Val:   loss 0.0306 acc1 98.96%
2026-06-29 19:55:53 - __main__ - INFO - 
Epoch 90/100 | lr 0.003281
2026-06-29 19:57:20 - __main__ - INFO - Train: loss 0.0017 acc1 100.00%
2026-06-29 19:57:20 - __main__ - INFO - Val:   loss 0.0319 acc1 98.96%
2026-06-29 19:57:20 - __main__ - INFO - 
Epoch 91/100 | lr 0.002719
2026-06-29 19:58:47 - __main__ - INFO - Train: loss 0.0016 acc1 100.00%
2026-06-29 19:58:47 - __main__ - INFO - Val:   loss 0.0319 acc1 98.96%
2026-06-29 19:58:47 - __main__ - INFO - 
Epoch 92/100 | lr 0.002208
2026-06-29 20:00:13 - __main__ - INFO - Train: loss 0.0015 acc1 100.00%
2026-06-29 20:00:13 - __main__ - INFO - Val:   loss 0.0306 acc1 98.96%
2026-06-29 20:00:13 - __main__ - INFO - 
Epoch 93/100 | lr 0.001749
2026-06-29 20:01:40 - __main__ - INFO - Train: loss 0.0016 acc1 100.00%
2026-06-29 20:01:40 - __main__ - INFO - Val:   loss 0.0318 acc1 98.96%
2026-06-29 20:01:40 - __main__ - INFO - 
Epoch 94/100 | lr 0.001344
2026-06-29 20:03:06 - __main__ - INFO - Train: loss 0.0016 acc1 100.00%
2026-06-29 20:03:06 - __main__ - INFO - Val:   loss 0.0328 acc1 99.06%
2026-06-29 20:03:06 - __main__ - INFO - 
Epoch 95/100 | lr 0.000991
2026-06-29 20:04:33 - __main__ - INFO - Train: loss 0.0016 acc1 100.00%
2026-06-29 20:04:33 - __main__ - INFO - Val:   loss 0.0313 acc1 98.96%
2026-06-29 20:04:33 - __main__ - INFO - 
Epoch 96/100 | lr 0.000692
2026-06-29 20:05:59 - __main__ - INFO - Train: loss 0.0015 acc1 100.00%
2026-06-29 20:05:59 - __main__ - INFO - Val:   loss 0.0321 acc1 98.96%
2026-06-29 20:05:59 - __main__ - INFO - 
Epoch 97/100 | lr 0.000447
2026-06-29 20:07:25 - __main__ - INFO - Train: loss 0.0016 acc1 100.00%
2026-06-29 20:07:25 - __main__ - INFO - Val:   loss 0.0328 acc1 99.06%
2026-06-29 20:07:25 - __main__ - INFO - 
Epoch 98/100 | lr 0.000256
2026-06-29 20:08:53 - __main__ - INFO - Train: loss 0.0016 acc1 100.00%
2026-06-29 20:08:53 - __main__ - INFO - Val:   loss 0.0316 acc1 99.06%
2026-06-29 20:08:53 - __main__ - INFO - 
Epoch 99/100 | lr 0.000119
2026-06-29 20:10:19 - __main__ - INFO - Train: loss 0.0015 acc1 100.00%
2026-06-29 20:10:19 - __main__ - INFO - Val:   loss 0.0335 acc1 98.96%
2026-06-29 20:10:19 - __main__ - INFO - 
Epoch 100/100 | lr 0.000037
2026-06-29 20:11:45 - __main__ - INFO - Train: loss 0.0016 acc1 100.00%
2026-06-29 20:11:45 - __main__ - INFO - Val:   loss 0.0321 acc1 99.06%
2026-06-29 20:11:45 - __main__ - INFO - Loaded best checkpoint weights for final test evaluation.
2026-06-29 20:11:47 - __main__ - INFO - 
Best tracked (val): 99.32%
2026-06-29 20:11:47 - __main__ - INFO - Final test: loss 0.0240 acc1 99.24%
2026-06-29 20:11:47 - __main__ - INFO - Saved best model checkpoint to runs/malimg/resnet18/42/resnet18_seed42_cam_high_M8_area0.1/best_model.pt
