2026-06-18 23:02:28 - __main__ - INFO - Run parameters: {"adamw_betas": [0.9, 0.999], "adamw_eps": 1e-08, "amp": true, "batch_size": 32, "cam_layer": "auto", "cutout_area": 0.1, "cutout_m": 8, "cutout_mode": "random", "cutout_size": 0, "data_dir": "./data", "dataset": "drive_zip", "epochs": 100, "gamma": 0.1, "grayscale": true, "include_regex": "_grayscale\\.tiff$", "label_smoothing": 0.0, "log_every": 100, "lr": 0.05, "milestones": "60,80", "min_lr": 1e-05, "model": "densenet121", "momentum": 0.9, "nesterov": false, "num_workers": 4, "optimizer": "sgd", "out_dir": "runs/drive_zip/42", "run_name": "densenet121_seed42_random_M8_area0.1", "saliency_candidate_percent": 10.0, "scheduler": "cosine", "seed": 42, "teacher_checkpoint": "", "teacher_model": "", "val_split": 0.1, "warmup_epochs": 5, "weight_decay": 0.0001}
2026-06-18 23:02:28 - __main__ - INFO - device: cuda | cuda: True | gpu: NVIDIA L4
2026-06-18 23:02:31 - __main__ - INFO - Model: densenet121 | Dataset: drive_zip | Classes: 17 | Optimizer: sgd
2026-06-18 23:02:31 - __main__ - INFO - Cutout enabled: mode=random m=8 size=None area=0.1
2026-06-18 23:02:31 - __main__ - INFO - 
Epoch 1/100 | lr 0.000050
2026-06-18 23:08:55 - __main__ - INFO - Train: loss 2.5469 acc1 21.43%
2026-06-18 23:08:55 - __main__ - INFO - Val:   loss 3.1829 acc1 7.87%
2026-06-18 23:08:55 - __main__ - INFO - saved best: 7.87%
2026-06-18 23:08:55 - __main__ - INFO - 
Epoch 2/100 | lr 0.010040
2026-06-18 23:15:17 - __main__ - INFO - Train: loss 1.7984 acc1 38.43%
2026-06-18 23:15:17 - __main__ - INFO - Val:   loss 2.2068 acc1 34.00%
2026-06-18 23:15:17 - __main__ - INFO - saved best: 34.00%
2026-06-18 23:15:17 - __main__ - INFO - 
Epoch 3/100 | lr 0.020030
2026-06-18 23:21:43 - __main__ - INFO - Train: loss 1.5985 acc1 44.97%
2026-06-18 23:21:43 - __main__ - INFO - Val:   loss 1.7919 acc1 41.52%
2026-06-18 23:21:43 - __main__ - INFO - saved best: 41.52%
2026-06-18 23:21:43 - __main__ - INFO - 
Epoch 4/100 | lr 0.030020
2026-06-18 23:28:09 - __main__ - INFO - Train: loss 1.4843 acc1 49.03%
2026-06-18 23:28:09 - __main__ - INFO - Val:   loss 2.0901 acc1 41.17%
2026-06-18 23:28:09 - __main__ - INFO - 
Epoch 5/100 | lr 0.040010
2026-06-18 23:34:33 - __main__ - INFO - Train: loss 1.3977 acc1 52.07%
2026-06-18 23:34:33 - __main__ - INFO - Val:   loss 1.7527 acc1 48.18%
2026-06-18 23:34:33 - __main__ - INFO - saved best: 48.18%
2026-06-18 23:34:33 - __main__ - INFO - 
Epoch 6/100 | lr 0.050000
2026-06-18 23:40:59 - __main__ - INFO - Train: loss 1.3285 acc1 54.55%
2026-06-18 23:40:59 - __main__ - INFO - Val:   loss 1.8542 acc1 43.13%
2026-06-18 23:40:59 - __main__ - INFO - 
Epoch 7/100 | lr 0.049986
2026-06-18 23:47:23 - __main__ - INFO - Train: loss 1.2441 acc1 57.60%
2026-06-18 23:47:23 - __main__ - INFO - Val:   loss 1.6487 acc1 51.97%
2026-06-18 23:47:23 - __main__ - INFO - saved best: 51.97%
2026-06-18 23:47:23 - __main__ - INFO - 
Epoch 8/100 | lr 0.049945
2026-06-18 23:53:48 - __main__ - INFO - Train: loss 1.1843 acc1 59.47%
2026-06-18 23:53:48 - __main__ - INFO - Val:   loss 1.4974 acc1 53.46%
2026-06-18 23:53:48 - __main__ - INFO - saved best: 53.46%
2026-06-18 23:53:48 - __main__ - INFO - 
Epoch 9/100 | lr 0.049877
2026-06-19 00:00:12 - __main__ - INFO - Train: loss 1.1289 acc1 61.34%
2026-06-19 00:00:12 - __main__ - INFO - Val:   loss 1.5698 acc1 54.64%
2026-06-19 00:00:12 - __main__ - INFO - saved best: 54.64%
2026-06-19 00:00:12 - __main__ - INFO - 
Epoch 10/100 | lr 0.049782
2026-06-19 00:06:36 - __main__ - INFO - Train: loss 1.0970 acc1 62.62%
2026-06-19 00:06:36 - __main__ - INFO - Val:   loss 1.4962 acc1 55.36%
2026-06-19 00:06:36 - __main__ - INFO - saved best: 55.36%
2026-06-19 00:06:36 - __main__ - INFO - 
Epoch 11/100 | lr 0.049659
2026-06-19 00:13:02 - __main__ - INFO - Train: loss 1.0633 acc1 63.73%
2026-06-19 00:13:02 - __main__ - INFO - Val:   loss 1.5759 acc1 55.67%
2026-06-19 00:13:02 - __main__ - INFO - saved best: 55.67%
2026-06-19 00:13:02 - __main__ - INFO - 
Epoch 12/100 | lr 0.049510
2026-06-19 00:19:27 - __main__ - INFO - Train: loss 1.0385 acc1 64.57%
2026-06-19 00:19:27 - __main__ - INFO - Val:   loss 1.4537 acc1 58.71%
2026-06-19 00:19:27 - __main__ - INFO - saved best: 58.71%
2026-06-19 00:19:27 - __main__ - INFO - 
Epoch 13/100 | lr 0.049333
2026-06-19 00:25:56 - __main__ - INFO - Train: loss 1.0161 acc1 65.34%
2026-06-19 00:25:56 - __main__ - INFO - Val:   loss 1.6960 acc1 53.97%
2026-06-19 00:25:56 - __main__ - INFO - 
Epoch 14/100 | lr 0.049130
2026-06-19 00:32:25 - __main__ - INFO - Train: loss 1.0020 acc1 65.81%
2026-06-19 00:32:25 - __main__ - INFO - Val:   loss 1.5650 acc1 56.51%
2026-06-19 00:32:25 - __main__ - INFO - 
Epoch 15/100 | lr 0.048901
2026-06-19 00:38:53 - __main__ - INFO - Train: loss 0.9852 acc1 66.37%
2026-06-19 00:38:53 - __main__ - INFO - Val:   loss 1.6604 acc1 53.74%
2026-06-19 00:38:53 - __main__ - INFO - 
Epoch 16/100 | lr 0.048646
2026-06-19 00:45:22 - __main__ - INFO - Train: loss 0.9664 acc1 66.82%
2026-06-19 00:45:22 - __main__ - INFO - Val:   loss 1.4701 acc1 60.17%
2026-06-19 00:45:22 - __main__ - INFO - saved best: 60.17%
2026-06-19 00:45:22 - __main__ - INFO - 
Epoch 17/100 | lr 0.048364
2026-06-19 00:51:51 - __main__ - INFO - Train: loss 0.9541 acc1 67.33%
2026-06-19 00:51:51 - __main__ - INFO - Val:   loss 1.4553 acc1 60.14%
2026-06-19 00:51:51 - __main__ - INFO - 
Epoch 18/100 | lr 0.048058
2026-06-19 00:58:22 - __main__ - INFO - Train: loss 0.9418 acc1 67.76%
2026-06-19 00:58:22 - __main__ - INFO - Val:   loss 1.7650 acc1 57.03%
2026-06-19 00:58:22 - __main__ - INFO - 
Epoch 19/100 | lr 0.047726
2026-06-19 01:04:53 - __main__ - INFO - Train: loss 0.9278 acc1 68.29%
2026-06-19 01:04:53 - __main__ - INFO - Val:   loss 1.3016 acc1 65.16%
2026-06-19 01:04:53 - __main__ - INFO - saved best: 65.16%
2026-06-19 01:04:53 - __main__ - INFO - 
Epoch 20/100 | lr 0.047369
2026-06-19 01:11:24 - __main__ - INFO - Train: loss 0.9155 acc1 68.57%
2026-06-19 01:11:24 - __main__ - INFO - Val:   loss 1.7151 acc1 55.62%
2026-06-19 01:11:24 - __main__ - INFO - 
Epoch 21/100 | lr 0.046987
2026-06-19 01:17:55 - __main__ - INFO - Train: loss 0.9084 acc1 68.76%
2026-06-19 01:17:55 - __main__ - INFO - Val:   loss 1.6817 acc1 54.03%
2026-06-19 01:17:55 - __main__ - INFO - 
Epoch 22/100 | lr 0.046582
2026-06-19 01:24:24 - __main__ - INFO - Train: loss 0.8947 acc1 69.34%
2026-06-19 01:24:24 - __main__ - INFO - Val:   loss 1.6195 acc1 57.86%
2026-06-19 01:24:24 - __main__ - INFO - 
Epoch 23/100 | lr 0.046153
2026-06-19 01:30:55 - __main__ - INFO - Train: loss 0.8827 acc1 69.71%
2026-06-19 01:30:55 - __main__ - INFO - Val:   loss 1.6635 acc1 56.06%
2026-06-19 01:30:55 - __main__ - INFO - 
Epoch 24/100 | lr 0.045701
2026-06-19 01:37:24 - __main__ - INFO - Train: loss 0.8770 acc1 69.95%
2026-06-19 01:37:24 - __main__ - INFO - Val:   loss 1.4352 acc1 61.02%
2026-06-19 01:37:24 - __main__ - INFO - 
Epoch 25/100 | lr 0.045226
2026-06-19 01:43:53 - __main__ - INFO - Train: loss 0.8641 acc1 70.17%
2026-06-19 01:43:53 - __main__ - INFO - Val:   loss 1.4076 acc1 63.32%
2026-06-19 01:43:53 - __main__ - INFO - 
Epoch 26/100 | lr 0.044730
2026-06-19 01:50:24 - __main__ - INFO - Train: loss 0.8585 acc1 70.40%
2026-06-19 01:50:24 - __main__ - INFO - Val:   loss 1.3638 acc1 66.23%
2026-06-19 01:50:24 - __main__ - INFO - saved best: 66.23%
2026-06-19 01:50:24 - __main__ - INFO - 
Epoch 27/100 | lr 0.044211
2026-06-19 01:56:52 - __main__ - INFO - Train: loss 0.8440 acc1 70.97%
2026-06-19 01:56:52 - __main__ - INFO - Val:   loss 1.4492 acc1 61.84%
2026-06-19 01:56:52 - __main__ - INFO - 
Epoch 28/100 | lr 0.043672
2026-06-19 02:03:23 - __main__ - INFO - Train: loss 0.8405 acc1 71.07%
2026-06-19 02:03:23 - __main__ - INFO - Val:   loss 1.4356 acc1 63.82%
2026-06-19 02:03:23 - __main__ - INFO - 
Epoch 29/100 | lr 0.043112
2026-06-19 02:09:53 - __main__ - INFO - Train: loss 0.8298 acc1 71.55%
2026-06-19 02:09:53 - __main__ - INFO - Val:   loss 1.4084 acc1 61.24%
2026-06-19 02:09:53 - __main__ - INFO - 
Epoch 30/100 | lr 0.042532
2026-06-19 02:16:23 - __main__ - INFO - Train: loss 0.8227 acc1 71.58%
2026-06-19 02:16:23 - __main__ - INFO - Val:   loss 1.5176 acc1 63.50%
2026-06-19 02:16:23 - __main__ - INFO - 
Epoch 31/100 | lr 0.041934
2026-06-19 02:22:53 - __main__ - INFO - Train: loss 0.8149 acc1 71.93%
2026-06-19 02:22:53 - __main__ - INFO - Val:   loss 1.4607 acc1 63.42%
2026-06-19 02:22:53 - __main__ - INFO - 
Epoch 32/100 | lr 0.041316
2026-06-19 02:29:23 - __main__ - INFO - Train: loss 0.8059 acc1 72.14%
2026-06-19 02:29:23 - __main__ - INFO - Val:   loss 1.5638 acc1 59.42%
2026-06-19 02:29:23 - __main__ - INFO - 
Epoch 33/100 | lr 0.040681
2026-06-19 02:35:53 - __main__ - INFO - Train: loss 0.8008 acc1 72.43%
2026-06-19 02:35:53 - __main__ - INFO - Val:   loss 1.4827 acc1 63.33%
2026-06-19 02:35:53 - __main__ - INFO - 
Epoch 34/100 | lr 0.040029
2026-06-19 02:42:21 - __main__ - INFO - Train: loss 0.7920 acc1 72.70%
2026-06-19 02:42:21 - __main__ - INFO - Val:   loss 1.2570 acc1 68.31%
2026-06-19 02:42:21 - __main__ - INFO - saved best: 68.31%
2026-06-19 02:42:21 - __main__ - INFO - 
Epoch 35/100 | lr 0.039360
2026-06-19 02:48:50 - __main__ - INFO - Train: loss 0.7828 acc1 72.90%
2026-06-19 02:48:50 - __main__ - INFO - Val:   loss 1.5664 acc1 59.49%
2026-06-19 02:48:50 - __main__ - INFO - 
Epoch 36/100 | lr 0.038676
2026-06-19 02:55:19 - __main__ - INFO - Train: loss 0.7708 acc1 73.46%
2026-06-19 02:55:19 - __main__ - INFO - Val:   loss 1.4287 acc1 64.45%
2026-06-19 02:55:19 - __main__ - INFO - 
Epoch 37/100 | lr 0.037977
2026-06-19 03:01:49 - __main__ - INFO - Train: loss 0.7668 acc1 73.42%
2026-06-19 03:01:49 - __main__ - INFO - Val:   loss 1.4605 acc1 64.47%
2026-06-19 03:01:49 - __main__ - INFO - 
Epoch 38/100 | lr 0.037263
2026-06-19 03:08:19 - __main__ - INFO - Train: loss 0.7593 acc1 73.75%
2026-06-19 03:08:19 - __main__ - INFO - Val:   loss 1.4359 acc1 65.34%
2026-06-19 03:08:19 - __main__ - INFO - 
Epoch 39/100 | lr 0.036536
2026-06-19 03:14:50 - __main__ - INFO - Train: loss 0.7486 acc1 74.15%
2026-06-19 03:14:50 - __main__ - INFO - Val:   loss 1.5541 acc1 62.90%
2026-06-19 03:14:50 - __main__ - INFO - 
Epoch 40/100 | lr 0.035797
2026-06-19 03:21:20 - __main__ - INFO - Train: loss 0.7425 acc1 74.36%
2026-06-19 03:21:20 - __main__ - INFO - Val:   loss 1.6051 acc1 61.91%
2026-06-19 03:21:20 - __main__ - INFO - 
Epoch 41/100 | lr 0.035045
2026-06-19 03:27:51 - __main__ - INFO - Train: loss 0.7329 acc1 74.69%
2026-06-19 03:27:51 - __main__ - INFO - Val:   loss 1.3996 acc1 67.73%
2026-06-19 03:27:51 - __main__ - INFO - 
Epoch 42/100 | lr 0.034283
2026-06-19 03:34:22 - __main__ - INFO - Train: loss 0.7293 acc1 74.77%
2026-06-19 03:34:22 - __main__ - INFO - Val:   loss 1.4058 acc1 64.49%
2026-06-19 03:34:22 - __main__ - INFO - 
Epoch 43/100 | lr 0.033511
2026-06-19 03:40:52 - __main__ - INFO - Train: loss 0.7229 acc1 74.96%
2026-06-19 03:40:52 - __main__ - INFO - Val:   loss 1.5555 acc1 62.00%
2026-06-19 03:40:52 - __main__ - INFO - 
Epoch 44/100 | lr 0.032729
2026-06-19 03:47:23 - __main__ - INFO - Train: loss 0.7117 acc1 75.38%
2026-06-19 03:47:23 - __main__ - INFO - Val:   loss 1.3798 acc1 68.52%
2026-06-19 03:47:23 - __main__ - INFO - saved best: 68.52%
2026-06-19 03:47:23 - __main__ - INFO - 
Epoch 45/100 | lr 0.031939
2026-06-19 03:53:54 - __main__ - INFO - Train: loss 0.7027 acc1 75.49%
2026-06-19 03:53:54 - __main__ - INFO - Val:   loss 1.3995 acc1 67.82%
2026-06-19 03:53:54 - __main__ - INFO - 
Epoch 46/100 | lr 0.031141
2026-06-19 04:00:24 - __main__ - INFO - Train: loss 0.6968 acc1 75.84%
2026-06-19 04:00:24 - __main__ - INFO - Val:   loss 1.4273 acc1 68.13%
2026-06-19 04:00:24 - __main__ - INFO - 
Epoch 47/100 | lr 0.030336
2026-06-19 04:06:55 - __main__ - INFO - Train: loss 0.6845 acc1 76.18%
2026-06-19 04:06:55 - __main__ - INFO - Val:   loss 1.3952 acc1 66.56%
2026-06-19 04:06:55 - __main__ - INFO - 
Epoch 48/100 | lr 0.029526
2026-06-19 04:13:24 - __main__ - INFO - Train: loss 0.6788 acc1 76.43%
2026-06-19 04:13:24 - __main__ - INFO - Val:   loss 1.5218 acc1 61.97%
2026-06-19 04:13:24 - __main__ - INFO - 
Epoch 49/100 | lr 0.028711
2026-06-19 04:19:55 - __main__ - INFO - Train: loss 0.6694 acc1 76.67%
2026-06-19 04:19:55 - __main__ - INFO - Val:   loss 1.4279 acc1 67.60%
2026-06-19 04:19:55 - __main__ - INFO - 
Epoch 50/100 | lr 0.027892
2026-06-19 04:26:27 - __main__ - INFO - Train: loss 0.6606 acc1 77.12%
2026-06-19 04:26:27 - __main__ - INFO - Val:   loss 1.2741 acc1 68.93%
2026-06-19 04:26:27 - __main__ - INFO - saved best: 68.93%
2026-06-19 04:26:27 - __main__ - INFO - 
Epoch 51/100 | lr 0.027069
2026-06-19 04:32:58 - __main__ - INFO - Train: loss 0.6551 acc1 77.04%
2026-06-19 04:32:58 - __main__ - INFO - Val:   loss 1.6703 acc1 62.92%
2026-06-19 04:32:58 - __main__ - INFO - 
Epoch 52/100 | lr 0.026244
2026-06-19 04:39:28 - __main__ - INFO - Train: loss 0.6407 acc1 77.62%
2026-06-19 04:39:28 - __main__ - INFO - Val:   loss 1.7575 acc1 63.24%
2026-06-19 04:39:28 - __main__ - INFO - 
Epoch 53/100 | lr 0.025418
2026-06-19 04:45:58 - __main__ - INFO - Train: loss 0.6329 acc1 77.86%
2026-06-19 04:45:58 - __main__ - INFO - Val:   loss 1.4066 acc1 67.65%
2026-06-19 04:45:58 - __main__ - INFO - 
Epoch 54/100 | lr 0.024592
2026-06-19 04:52:31 - __main__ - INFO - Train: loss 0.6272 acc1 78.17%
2026-06-19 04:52:31 - __main__ - INFO - Val:   loss 1.4720 acc1 67.38%
2026-06-19 04:52:31 - __main__ - INFO - 
Epoch 55/100 | lr 0.023766
2026-06-19 04:59:01 - __main__ - INFO - Train: loss 0.6196 acc1 78.31%
2026-06-19 04:59:01 - __main__ - INFO - Val:   loss 1.4432 acc1 67.09%
2026-06-19 04:59:01 - __main__ - INFO - 
Epoch 56/100 | lr 0.022941
2026-06-19 05:05:32 - __main__ - INFO - Train: loss 0.6075 acc1 78.68%
2026-06-19 05:05:32 - __main__ - INFO - Val:   loss 1.4167 acc1 71.08%
2026-06-19 05:05:32 - __main__ - INFO - saved best: 71.08%
2026-06-19 05:05:32 - __main__ - INFO - 
Epoch 57/100 | lr 0.022118
2026-06-19 05:12:03 - __main__ - INFO - Train: loss 0.6031 acc1 78.76%
2026-06-19 05:12:03 - __main__ - INFO - Val:   loss 1.4040 acc1 67.39%
2026-06-19 05:12:03 - __main__ - INFO - 
Epoch 58/100 | lr 0.021299
2026-06-19 05:18:32 - __main__ - INFO - Train: loss 0.5911 acc1 79.43%
2026-06-19 05:18:32 - __main__ - INFO - Val:   loss 1.5991 acc1 66.82%
2026-06-19 05:18:32 - __main__ - INFO - 
Epoch 59/100 | lr 0.020484
2026-06-19 05:25:03 - __main__ - INFO - Train: loss 0.5842 acc1 79.47%
2026-06-19 05:25:03 - __main__ - INFO - Val:   loss 1.4141 acc1 66.09%
2026-06-19 05:25:03 - __main__ - INFO - 
Epoch 60/100 | lr 0.019674
2026-06-19 05:31:31 - __main__ - INFO - Train: loss 0.5726 acc1 79.87%
2026-06-19 05:31:31 - __main__ - INFO - Val:   loss 1.5133 acc1 67.59%
2026-06-19 05:31:31 - __main__ - INFO - 
Epoch 61/100 | lr 0.018869
2026-06-19 05:38:02 - __main__ - INFO - Train: loss 0.5611 acc1 80.39%
2026-06-19 05:38:02 - __main__ - INFO - Val:   loss 1.4631 acc1 67.96%
2026-06-19 05:38:02 - __main__ - INFO - 
Epoch 62/100 | lr 0.018071
2026-06-19 05:44:34 - __main__ - INFO - Train: loss 0.5536 acc1 80.52%
2026-06-19 05:44:34 - __main__ - INFO - Val:   loss 1.4396 acc1 67.06%
2026-06-19 05:44:34 - __main__ - INFO - 
Epoch 63/100 | lr 0.017281
2026-06-19 05:51:04 - __main__ - INFO - Train: loss 0.5425 acc1 80.90%
2026-06-19 05:51:04 - __main__ - INFO - Val:   loss 1.5535 acc1 69.00%
2026-06-19 05:51:04 - __main__ - INFO - 
Epoch 64/100 | lr 0.016499
2026-06-19 05:57:35 - __main__ - INFO - Train: loss 0.5295 acc1 81.33%
2026-06-19 05:57:35 - __main__ - INFO - Val:   loss 1.4188 acc1 70.02%
2026-06-19 05:57:35 - __main__ - INFO - 
Epoch 65/100 | lr 0.015727
2026-06-19 06:04:05 - __main__ - INFO - Train: loss 0.5227 acc1 81.68%
2026-06-19 06:04:05 - __main__ - INFO - Val:   loss 1.3224 acc1 71.68%
2026-06-19 06:04:05 - __main__ - INFO - saved best: 71.68%
2026-06-19 06:04:05 - __main__ - INFO - 
Epoch 66/100 | lr 0.014965
2026-06-19 06:10:38 - __main__ - INFO - Train: loss 0.5116 acc1 81.89%
2026-06-19 06:10:38 - __main__ - INFO - Val:   loss 1.5686 acc1 68.80%
2026-06-19 06:10:38 - __main__ - INFO - 
Epoch 67/100 | lr 0.014213
2026-06-19 06:17:08 - __main__ - INFO - Train: loss 0.5046 acc1 82.12%
2026-06-19 06:17:08 - __main__ - INFO - Val:   loss 1.6056 acc1 68.86%
2026-06-19 06:17:08 - __main__ - INFO - 
Epoch 68/100 | lr 0.013474
2026-06-19 06:23:40 - __main__ - INFO - Train: loss 0.4939 acc1 82.61%
2026-06-19 06:23:40 - __main__ - INFO - Val:   loss 1.5757 acc1 71.70%
2026-06-19 06:23:40 - __main__ - INFO - saved best: 71.70%
2026-06-19 06:23:40 - __main__ - INFO - 
Epoch 69/100 | lr 0.012747
2026-06-19 06:30:12 - __main__ - INFO - Train: loss 0.4793 acc1 83.13%
2026-06-19 06:30:12 - __main__ - INFO - Val:   loss 1.3948 acc1 70.32%
2026-06-19 06:30:12 - __main__ - INFO - 
Epoch 70/100 | lr 0.012033
2026-06-19 06:36:43 - __main__ - INFO - Train: loss 0.4704 acc1 83.20%
2026-06-19 06:36:43 - __main__ - INFO - Val:   loss 1.4748 acc1 70.10%
2026-06-19 06:36:43 - __main__ - INFO - 
Epoch 71/100 | lr 0.011334
2026-06-19 06:43:15 - __main__ - INFO - Train: loss 0.4561 acc1 83.90%
2026-06-19 06:43:15 - __main__ - INFO - Val:   loss 1.4324 acc1 71.78%
2026-06-19 06:43:15 - __main__ - INFO - saved best: 71.78%
2026-06-19 06:43:15 - __main__ - INFO - 
Epoch 72/100 | lr 0.010650
2026-06-19 06:49:46 - __main__ - INFO - Train: loss 0.4509 acc1 83.99%
2026-06-19 06:49:46 - __main__ - INFO - Val:   loss 1.5809 acc1 68.98%
2026-06-19 06:49:46 - __main__ - INFO - 
Epoch 73/100 | lr 0.009981
2026-06-19 06:56:17 - __main__ - INFO - Train: loss 0.4389 acc1 84.37%
2026-06-19 06:56:17 - __main__ - INFO - Val:   loss 1.4682 acc1 71.23%
2026-06-19 06:56:17 - __main__ - INFO - 
Epoch 74/100 | lr 0.009329
2026-06-19 07:02:48 - __main__ - INFO - Train: loss 0.4246 acc1 84.82%
2026-06-19 07:02:48 - __main__ - INFO - Val:   loss 1.5643 acc1 71.33%
2026-06-19 07:02:48 - __main__ - INFO - 
Epoch 75/100 | lr 0.008694
2026-06-19 07:09:19 - __main__ - INFO - Train: loss 0.4155 acc1 85.25%
2026-06-19 07:09:19 - __main__ - INFO - Val:   loss 1.4629 acc1 71.60%
2026-06-19 07:09:19 - __main__ - INFO - 
Epoch 76/100 | lr 0.008076
2026-06-19 07:15:50 - __main__ - INFO - Train: loss 0.3987 acc1 85.74%
2026-06-19 07:15:50 - __main__ - INFO - Val:   loss 1.6194 acc1 71.22%
2026-06-19 07:15:50 - __main__ - INFO - 
Epoch 77/100 | lr 0.007478
2026-06-19 07:22:21 - __main__ - INFO - Train: loss 0.3927 acc1 85.92%
2026-06-19 07:22:21 - __main__ - INFO - Val:   loss 1.6841 acc1 71.64%
2026-06-19 07:22:21 - __main__ - INFO - 
Epoch 78/100 | lr 0.006898
2026-06-19 07:28:52 - __main__ - INFO - Train: loss 0.3783 acc1 86.44%
2026-06-19 07:28:52 - __main__ - INFO - Val:   loss 1.6984 acc1 72.19%
2026-06-19 07:28:52 - __main__ - INFO - saved best: 72.19%
2026-06-19 07:28:52 - __main__ - INFO - 
Epoch 79/100 | lr 0.006338
2026-06-19 07:35:22 - __main__ - INFO - Train: loss 0.3690 acc1 86.63%
2026-06-19 07:35:22 - __main__ - INFO - Val:   loss 1.5449 acc1 71.93%
2026-06-19 07:35:22 - __main__ - INFO - 
Epoch 80/100 | lr 0.005799
2026-06-19 07:41:54 - __main__ - INFO - Train: loss 0.3558 acc1 87.20%
2026-06-19 07:41:54 - __main__ - INFO - Val:   loss 1.6420 acc1 72.87%
2026-06-19 07:41:54 - __main__ - INFO - saved best: 72.87%
2026-06-19 07:41:54 - __main__ - INFO - 
Epoch 81/100 | lr 0.005280
2026-06-19 07:48:24 - __main__ - INFO - Train: loss 0.3422 acc1 87.56%
2026-06-19 07:48:24 - __main__ - INFO - Val:   loss 1.5272 acc1 72.29%
2026-06-19 07:48:24 - __main__ - INFO - 
Epoch 82/100 | lr 0.004784
2026-06-19 07:54:57 - __main__ - INFO - Train: loss 0.3292 acc1 88.11%
2026-06-19 07:54:57 - __main__ - INFO - Val:   loss 1.6119 acc1 71.33%
2026-06-19 07:54:57 - __main__ - INFO - 
Epoch 83/100 | lr 0.004309
2026-06-19 08:01:28 - __main__ - INFO - Train: loss 0.3197 acc1 88.47%
2026-06-19 08:01:28 - __main__ - INFO - Val:   loss 1.6199 acc1 71.64%
2026-06-19 08:01:28 - __main__ - INFO - 
Epoch 84/100 | lr 0.003857
2026-06-19 08:07:59 - __main__ - INFO - Train: loss 0.3091 acc1 88.78%
2026-06-19 08:07:59 - __main__ - INFO - Val:   loss 1.6120 acc1 71.79%
2026-06-19 08:07:59 - __main__ - INFO - 
Epoch 85/100 | lr 0.003428
2026-06-19 08:14:32 - __main__ - INFO - Train: loss 0.2991 acc1 89.09%
2026-06-19 08:14:32 - __main__ - INFO - Val:   loss 1.5655 acc1 72.38%
2026-06-19 08:14:32 - __main__ - INFO - 
Epoch 86/100 | lr 0.003023
2026-06-19 08:21:05 - __main__ - INFO - Train: loss 0.2832 acc1 89.60%
2026-06-19 08:21:05 - __main__ - INFO - Val:   loss 1.6257 acc1 72.85%
2026-06-19 08:21:05 - __main__ - INFO - 
Epoch 87/100 | lr 0.002641
2026-06-19 08:27:37 - __main__ - INFO - Train: loss 0.2731 acc1 89.98%
2026-06-19 08:27:37 - __main__ - INFO - Val:   loss 1.6456 acc1 71.95%
2026-06-19 08:27:37 - __main__ - INFO - 
Epoch 88/100 | lr 0.002284
2026-06-19 08:34:11 - __main__ - INFO - Train: loss 0.2620 acc1 90.36%
2026-06-19 08:34:11 - __main__ - INFO - Val:   loss 1.6439 acc1 72.54%
2026-06-19 08:34:11 - __main__ - INFO - 
Epoch 89/100 | lr 0.001952
2026-06-19 08:40:45 - __main__ - INFO - Train: loss 0.2558 acc1 90.55%
2026-06-19 08:40:45 - __main__ - INFO - Val:   loss 1.6462 acc1 73.72%
2026-06-19 08:40:45 - __main__ - INFO - saved best: 73.72%
2026-06-19 08:40:45 - __main__ - INFO - 
Epoch 90/100 | lr 0.001646
2026-06-19 08:47:19 - __main__ - INFO - Train: loss 0.2440 acc1 90.93%
2026-06-19 08:47:19 - __main__ - INFO - Val:   loss 1.5891 acc1 73.92%
2026-06-19 08:47:19 - __main__ - INFO - saved best: 73.92%
2026-06-19 08:47:19 - __main__ - INFO - 
Epoch 91/100 | lr 0.001364
2026-06-19 08:53:54 - __main__ - INFO - Train: loss 0.2386 acc1 91.18%
2026-06-19 08:53:54 - __main__ - INFO - Val:   loss 1.5708 acc1 73.23%
2026-06-19 08:53:54 - __main__ - INFO - 
Epoch 92/100 | lr 0.001109
2026-06-19 09:00:29 - __main__ - INFO - Train: loss 0.2326 acc1 91.39%
2026-06-19 09:00:29 - __main__ - INFO - Val:   loss 1.6316 acc1 73.41%
2026-06-19 09:00:29 - __main__ - INFO - 
Epoch 93/100 | lr 0.000880
2026-06-19 09:07:03 - __main__ - INFO - Train: loss 0.2226 acc1 91.71%
2026-06-19 09:07:03 - __main__ - INFO - Val:   loss 1.6573 acc1 73.36%
2026-06-19 09:07:03 - __main__ - INFO - 
Epoch 94/100 | lr 0.000677
2026-06-19 09:13:38 - __main__ - INFO - Train: loss 0.2172 acc1 91.81%
2026-06-19 09:13:38 - __main__ - INFO - Val:   loss 1.5979 acc1 73.64%
2026-06-19 09:13:38 - __main__ - INFO - 
Epoch 95/100 | lr 0.000500
2026-06-19 09:20:13 - __main__ - INFO - Train: loss 0.2164 acc1 91.86%
2026-06-19 09:20:13 - __main__ - INFO - Val:   loss 1.5954 acc1 73.64%
2026-06-19 09:20:13 - __main__ - INFO - 
Epoch 96/100 | lr 0.000351
2026-06-19 09:26:46 - __main__ - INFO - Train: loss 0.2105 acc1 92.12%
2026-06-19 09:26:46 - __main__ - INFO - Val:   loss 1.6204 acc1 73.83%
2026-06-19 09:26:46 - __main__ - INFO - 
Epoch 97/100 | lr 0.000228
2026-06-19 09:33:19 - __main__ - INFO - Train: loss 0.2040 acc1 92.33%
2026-06-19 09:33:19 - __main__ - INFO - Val:   loss 1.6038 acc1 73.75%
2026-06-19 09:33:19 - __main__ - INFO - 
Epoch 98/100 | lr 0.000133
2026-06-19 09:39:51 - __main__ - INFO - Train: loss 0.2044 acc1 92.33%
2026-06-19 09:39:51 - __main__ - INFO - Val:   loss 1.6085 acc1 73.89%
2026-06-19 09:39:51 - __main__ - INFO - 
Epoch 99/100 | lr 0.000065
2026-06-19 09:46:22 - __main__ - INFO - Train: loss 0.2031 acc1 92.43%
2026-06-19 09:46:22 - __main__ - INFO - Val:   loss 1.5925 acc1 73.64%
2026-06-19 09:46:22 - __main__ - INFO - 
Epoch 100/100 | lr 0.000024
2026-06-19 09:52:53 - __main__ - INFO - Train: loss 0.2016 acc1 92.44%
2026-06-19 09:52:53 - __main__ - INFO - Val:   loss 1.6016 acc1 73.75%
2026-06-19 09:52:53 - __main__ - INFO - Loaded best checkpoint weights for final test evaluation.
2026-06-19 09:52:58 - __main__ - INFO - 
Best tracked (val): 73.92%
2026-06-19 09:52:58 - __main__ - INFO - Final test: loss 1.5050 acc1 73.33%
2026-06-19 09:52:58 - __main__ - INFO - Saved best model checkpoint to runs/drive_zip/42/densenet121_seed42_random_M8_area0.1/best_model.pt
