2026-02-26 01:30:51 - __main__ - INFO - Resolved training args for optuna_mask_trial0003_resnet18_cifar100_ep30_bs128_lr0.1_wd5e-04_ls0.05_wu5_maskcam_high_mwu0_mp1.0_ma0.3_mb6_cllayer4: {"amp": true, "batch_size": 128, "cam_layer": "layer4", "data_dir": "./data", "dataset": "cifar100", "epochs": 30, "gamma": 0.1, "label_smoothing": 0.05, "log_every": 100, "lr": 0.1, "mask_area": 0.3, "mask_block": 6, "mask_prob": 1.0, "mask_warmup_epochs": 0, "masking": "cam_high", "milestones": "60,80", "min_lr": 1e-05, "model": "resnet18", "momentum": 0.9, "nesterov": true, "num_workers": 2, "out_dir": "runs_optuna/resnet18/cifar100", "run_name": "optuna_mask_trial0003_resnet18_cifar100_ep30_bs128_lr0.1_wd5e-04_ls0.05_wu5_maskcam_high_mwu0_mp1.0_ma0.3_mb6_cllayer4", "scheduler": "cosine", "seed": 42, "val_split": 0.1, "warmup_epochs": 5, "weight_decay": 0.0005}
2026-02-26 01:30:51 - __main__ - INFO - device: cuda | cuda: True | gpu: NVIDIA L4
2026-02-26 01:30:54 - __main__ - INFO - Masking enabled: {'strategy': 'cam_high', 'warmup_epochs': 0, 'prob': 1.0, 'area': 0.3, 'block': 6}
2026-02-26 01:30:54 - __main__ - INFO - Model: resnet18 | Dataset: cifar100 | Classes: 100
2026-02-26 01:30:54 - __main__ - INFO - 
Epoch 1/30 | lr 0.000100
2026-02-26 01:32:21 - __main__ - INFO - Train: loss 4.6420 acc1 1.36% acc5 6.17%
2026-02-26 01:32:21 - __main__ - INFO - Val:   loss 4.5824 acc1 1.85% acc5 7.64%
2026-02-26 01:32:21 - __main__ - INFO - saved best: 1.85%
2026-02-26 01:32:21 - __main__ - INFO - 
Epoch 2/30 | lr 0.020080
2026-02-26 01:33:50 - __main__ - INFO - Train: loss 3.9599 acc1 10.39% acc5 30.39%
2026-02-26 01:33:50 - __main__ - INFO - Val:   loss 3.7844 acc1 14.48% acc5 39.42%
2026-02-26 01:33:50 - __main__ - INFO - saved best: 14.48%
2026-02-26 01:33:50 - __main__ - INFO - 
Epoch 3/30 | lr 0.040060
2026-02-26 01:35:19 - __main__ - INFO - Train: loss 3.5534 acc1 17.50% acc5 44.12%
2026-02-26 01:35:19 - __main__ - INFO - Val:   loss 3.3877 acc1 21.12% acc5 50.29%
2026-02-26 01:35:19 - __main__ - INFO - saved best: 21.12%
2026-02-26 01:35:19 - __main__ - INFO - 
Epoch 4/30 | lr 0.060040
2026-02-26 01:36:48 - __main__ - INFO - Train: loss 3.2687 acc1 23.03% acc5 52.73%
2026-02-26 01:36:48 - __main__ - INFO - Val:   loss 3.3237 acc1 25.32% acc5 54.21%
2026-02-26 01:36:48 - __main__ - INFO - saved best: 25.32%
2026-02-26 01:36:48 - __main__ - INFO - 
Epoch 5/30 | lr 0.080020
2026-02-26 01:38:17 - __main__ - INFO - Train: loss 3.0300 acc1 27.84% acc5 59.15%
2026-02-26 01:38:17 - __main__ - INFO - Val:   loss 3.1769 acc1 27.34% acc5 56.31%
2026-02-26 01:38:17 - __main__ - INFO - saved best: 27.34%
2026-02-26 01:38:17 - __main__ - INFO - 
Epoch 6/30 | lr 0.100000
2026-02-26 01:39:46 - __main__ - INFO - Train: loss 2.8469 acc1 31.67% acc5 64.14%
2026-02-26 01:39:46 - __main__ - INFO - Val:   loss 2.7274 acc1 36.12% acc5 68.07%
2026-02-26 01:39:46 - __main__ - INFO - saved best: 36.12%
2026-02-26 01:39:46 - __main__ - INFO - 
Epoch 7/30 | lr 0.099606
2026-02-26 01:41:14 - __main__ - INFO - Train: loss 2.6584 acc1 36.17% acc5 68.73%
2026-02-26 01:41:14 - __main__ - INFO - Val:   loss 2.7572 acc1 35.63% acc5 67.74%
2026-02-26 01:41:14 - __main__ - INFO - 
Epoch 8/30 | lr 0.098429
2026-02-26 01:42:43 - __main__ - INFO - Train: loss 2.5314 acc1 39.24% acc5 71.94%
2026-02-26 01:42:43 - __main__ - INFO - Val:   loss 2.4532 acc1 41.81% acc5 74.06%
2026-02-26 01:42:43 - __main__ - INFO - saved best: 41.81%
2026-02-26 01:42:43 - __main__ - INFO - 
Epoch 9/30 | lr 0.096489
2026-02-26 01:44:12 - __main__ - INFO - Train: loss 2.4185 acc1 42.15% acc5 74.38%
2026-02-26 01:44:12 - __main__ - INFO - Val:   loss 2.4637 acc1 40.89% acc5 73.43%
2026-02-26 01:44:12 - __main__ - INFO - 
Epoch 10/30 | lr 0.093816
2026-02-26 01:45:41 - __main__ - INFO - Train: loss 2.3408 acc1 44.42% acc5 76.45%
2026-02-26 01:45:41 - __main__ - INFO - Val:   loss 2.4053 acc1 42.91% acc5 74.65%
2026-02-26 01:45:41 - __main__ - INFO - saved best: 42.91%
2026-02-26 01:45:41 - __main__ - INFO - 
Epoch 11/30 | lr 0.090452
2026-02-26 01:47:10 - __main__ - INFO - Train: loss 2.2762 acc1 45.95% acc5 77.40%
2026-02-26 01:47:10 - __main__ - INFO - Val:   loss 2.1728 acc1 48.30% acc5 79.80%
2026-02-26 01:47:10 - __main__ - INFO - saved best: 48.30%
2026-02-26 01:47:10 - __main__ - INFO - 
Epoch 12/30 | lr 0.086450
2026-02-26 01:48:39 - __main__ - INFO - Train: loss 2.2151 acc1 47.36% acc5 78.93%
2026-02-26 01:48:39 - __main__ - INFO - Val:   loss 2.2032 acc1 48.75% acc5 79.88%
2026-02-26 01:48:39 - __main__ - INFO - saved best: 48.75%
2026-02-26 01:48:39 - __main__ - INFO - 
Epoch 13/30 | lr 0.081873
2026-02-26 01:50:08 - __main__ - INFO - Train: loss 2.1450 acc1 49.07% acc5 80.14%
2026-02-26 01:50:08 - __main__ - INFO - Val:   loss 2.4009 acc1 43.17% acc5 75.54%
2026-02-26 01:50:08 - __main__ - INFO - 
Epoch 14/30 | lr 0.076794
2026-02-26 01:51:38 - __main__ - INFO - Train: loss 2.1029 acc1 50.53% acc5 81.01%
2026-02-26 01:51:38 - __main__ - INFO - Val:   loss 2.2854 acc1 46.46% acc5 77.72%
2026-02-26 01:51:38 - __main__ - INFO - 
Epoch 15/30 | lr 0.071292
2026-02-26 01:53:07 - __main__ - INFO - Train: loss 2.0462 acc1 52.03% acc5 82.46%
2026-02-26 01:53:07 - __main__ - INFO - Val:   loss 2.1954 acc1 49.00% acc5 78.90%
2026-02-26 01:53:07 - __main__ - INFO - saved best: 49.00%
2026-02-26 01:53:07 - __main__ - INFO - 
Epoch 16/30 | lr 0.065454
2026-02-26 01:54:36 - __main__ - INFO - Train: loss 1.9798 acc1 54.04% acc5 83.22%
2026-02-26 01:54:36 - __main__ - INFO - Val:   loss 2.0709 acc1 51.99% acc5 82.48%
2026-02-26 01:54:36 - __main__ - INFO - saved best: 51.99%
2026-02-26 01:54:36 - __main__ - INFO - 
Epoch 17/30 | lr 0.059373
2026-02-26 01:56:04 - __main__ - INFO - Train: loss 1.9235 acc1 55.37% acc5 84.65%
2026-02-26 01:56:04 - __main__ - INFO - Val:   loss 1.9175 acc1 55.16% acc5 84.78%
2026-02-26 01:56:04 - __main__ - INFO - saved best: 55.16%
2026-02-26 01:56:04 - __main__ - INFO - 
Epoch 18/30 | lr 0.053144
2026-02-26 01:57:33 - __main__ - INFO - Train: loss 1.8472 acc1 57.54% acc5 86.04%
2026-02-26 01:57:33 - __main__ - INFO - Val:   loss 1.9500 acc1 55.90% acc5 83.18%
2026-02-26 01:57:33 - __main__ - INFO - saved best: 55.90%
2026-02-26 01:57:33 - __main__ - INFO - 
Epoch 19/30 | lr 0.046866
2026-02-26 01:59:03 - __main__ - INFO - Train: loss 1.7924 acc1 59.10% acc5 86.84%
2026-02-26 01:59:03 - __main__ - INFO - Val:   loss 1.8661 acc1 57.17% acc5 85.99%
2026-02-26 01:59:03 - __main__ - INFO - saved best: 57.17%
2026-02-26 01:59:03 - __main__ - INFO - 
Epoch 20/30 | lr 0.040637
2026-02-26 02:00:32 - __main__ - INFO - Train: loss 1.7111 acc1 61.34% acc5 88.27%
2026-02-26 02:00:32 - __main__ - INFO - Val:   loss 1.8191 acc1 58.20% acc5 86.20%
2026-02-26 02:00:32 - __main__ - INFO - saved best: 58.20%
2026-02-26 02:00:32 - __main__ - INFO - 
Epoch 21/30 | lr 0.034556
2026-02-26 02:02:01 - __main__ - INFO - Train: loss 1.6329 acc1 63.63% acc5 89.59%
2026-02-26 02:02:01 - __main__ - INFO - Val:   loss 1.7512 acc1 60.66% acc5 87.79%
2026-02-26 02:02:01 - __main__ - INFO - saved best: 60.66%
2026-02-26 02:02:01 - __main__ - INFO - 
Epoch 22/30 | lr 0.028718
2026-02-26 02:03:31 - __main__ - INFO - Train: loss 1.5437 acc1 66.29% acc5 90.96%
2026-02-26 02:03:31 - __main__ - INFO - Val:   loss 1.7312 acc1 60.94% acc5 87.91%
2026-02-26 02:03:31 - __main__ - INFO - saved best: 60.94%
2026-02-26 02:03:31 - __main__ - INFO - 
Epoch 23/30 | lr 0.023216
2026-02-26 02:04:59 - __main__ - INFO - Train: loss 1.4573 acc1 69.18% acc5 92.37%
2026-02-26 02:04:59 - __main__ - INFO - Val:   loss 1.7037 acc1 62.61% acc5 87.44%
2026-02-26 02:04:59 - __main__ - INFO - saved best: 62.61%
2026-02-26 02:04:59 - __main__ - INFO - 
Epoch 24/30 | lr 0.018137
2026-02-26 02:06:28 - __main__ - INFO - Train: loss 1.3642 acc1 71.94% acc5 93.71%
2026-02-26 02:06:28 - __main__ - INFO - Val:   loss 1.5993 acc1 64.70% acc5 89.68%
2026-02-26 02:06:28 - __main__ - INFO - saved best: 64.70%
2026-02-26 02:06:28 - __main__ - INFO - 
Epoch 25/30 | lr 0.013560
2026-02-26 02:07:58 - __main__ - INFO - Train: loss 1.2664 acc1 75.11% acc5 94.82%
2026-02-26 02:07:58 - __main__ - INFO - Val:   loss 1.5628 acc1 66.72% acc5 90.05%
2026-02-26 02:07:58 - __main__ - INFO - saved best: 66.72%
2026-02-26 02:07:58 - __main__ - INFO - 
Epoch 26/30 | lr 0.009558
2026-02-26 02:09:27 - __main__ - INFO - Train: loss 1.1734 acc1 78.32% acc5 96.03%
2026-02-26 02:09:27 - __main__ - INFO - Val:   loss 1.5093 acc1 68.23% acc5 90.90%
2026-02-26 02:09:27 - __main__ - INFO - saved best: 68.23%
2026-02-26 02:09:27 - __main__ - INFO - 
Epoch 27/30 | lr 0.006194
2026-02-26 02:10:56 - __main__ - INFO - Train: loss 1.0884 acc1 81.31% acc5 96.98%
2026-02-26 02:10:56 - __main__ - INFO - Val:   loss 1.4992 acc1 68.48% acc5 90.81%
2026-02-26 02:10:56 - __main__ - INFO - saved best: 68.48%
2026-02-26 02:10:56 - __main__ - INFO - 
Epoch 28/30 | lr 0.003521
2026-02-26 02:12:25 - __main__ - INFO - Train: loss 1.0183 acc1 83.84% acc5 97.56%
2026-02-26 02:12:25 - __main__ - INFO - Val:   loss 1.4792 acc1 69.16% acc5 91.43%
2026-02-26 02:12:25 - __main__ - INFO - saved best: 69.16%
2026-02-26 02:12:25 - __main__ - INFO - 
Epoch 29/30 | lr 0.001581
2026-02-26 02:13:54 - __main__ - INFO - Train: loss 0.9781 acc1 85.09% acc5 97.94%
2026-02-26 02:13:54 - __main__ - INFO - Val:   loss 1.4745 acc1 69.31% acc5 91.18%
2026-02-26 02:13:54 - __main__ - INFO - saved best: 69.31%
2026-02-26 02:13:54 - __main__ - INFO - 
Epoch 30/30 | lr 0.000404
2026-02-26 02:15:24 - __main__ - INFO - Train: loss 0.9499 acc1 86.28% acc5 98.23%
2026-02-26 02:15:24 - __main__ - INFO - Val:   loss 1.4688 acc1 69.56% acc5 91.49%
2026-02-26 02:15:24 - __main__ - INFO - saved best: 69.56%
2026-02-26 02:15:26 - __main__ - INFO - 
Best tracked (val): 69.56%
2026-02-26 02:15:26 - __main__ - INFO - Final test: loss 1.4700 acc1 69.55% acc5 90.90%
2026-02-26 02:15:26 - graphics - INFO - Metrics plot saved to runs_optuna/resnet18/cifar100/optuna_mask_trial0003_resnet18_cifar100_ep30_bs128_lr0.1_wd5e-04_ls0.05_wu5_maskcam_high_mwu0_mp1.0_ma0.3_mb6_cllayer4/metrics_plot.png
2026-02-26 02:15:26 - __main__ - INFO - [Trial 3] Stage result | best_val_acc=0.695623 | best_so_far=0.695623
2026-02-26 02:15:26 - __main__ - INFO - [Trial 3] Stage 3/5 | epochs=60 | run=optuna_mask_trial0003_resnet18_cifar100_ep60_bs128_lr0.1_wd5e-04_ls0.05_wu5_maskcam_high_mwu0_mp1.0_ma0.3_mb6_cllayer4
