2026-06-22 01:45:52 - __main__ - INFO - Run parameters: {"adamw_betas": [0.9, 0.999], "adamw_eps": 1e-08, "amp": true, "batch_size": 64, "cam_layer": "auto", "cutout_area": null, "cutout_m": 0, "cutout_mode": "none", "cutout_size": 0, "data_dir": "./data", "dataset": "cifar100", "epochs": 100, "gamma": 0.1, "grayscale": false, "include_regex": "", "label_smoothing": 0.0, "log_every": 100, "lr": 0.05, "milestones": "60,80", "min_lr": 1e-05, "model": "densenet121", "momentum": 0.9, "nesterov": false, "num_workers": 4, "optimizer": "sgd", "out_dir": "runs/cifar100/densenet121/42", "run_name": "densenet121_seed42_none", "saliency_candidate_percent": 10.0, "scheduler": "cosine", "seed": 42, "teacher_checkpoint": "", "teacher_model": "", "val_split": 0.1, "warmup_epochs": 5, "weight_decay": 0.0001}
2026-06-22 01:45:52 - __main__ - INFO - device: cuda | cuda: True | gpu: NVIDIA L4
2026-06-22 02:30:07 - __main__ - INFO - Model: densenet121 | Dataset: cifar100 | Classes: 100 | Optimizer: sgd
2026-06-22 02:30:07 - __main__ - INFO - 
Epoch 1/100 | lr 0.000050
2026-06-22 02:30:58 - __main__ - INFO - Train: loss 4.6310 acc1 1.46%
2026-06-22 02:30:58 - __main__ - INFO - Val:   loss 4.5725 acc1 2.48%
2026-06-22 02:30:58 - __main__ - INFO - saved best: 2.48%
2026-06-22 02:30:58 - __main__ - INFO - 
Epoch 2/100 | lr 0.010040
2026-06-22 02:31:46 - __main__ - INFO - Train: loss 3.9031 acc1 10.41%
2026-06-22 02:31:46 - __main__ - INFO - Val:   loss 3.5067 acc1 17.15%
2026-06-22 02:31:46 - __main__ - INFO - saved best: 17.15%
2026-06-22 02:31:46 - __main__ - INFO - 
Epoch 3/100 | lr 0.020030
2026-06-22 02:32:33 - __main__ - INFO - Train: loss 3.4590 acc1 17.64%
2026-06-22 02:32:33 - __main__ - INFO - Val:   loss 3.0939 acc1 23.83%
2026-06-22 02:32:33 - __main__ - INFO - saved best: 23.83%
2026-06-22 02:32:33 - __main__ - INFO - 
Epoch 4/100 | lr 0.030020
2026-06-22 02:33:20 - __main__ - INFO - Train: loss 3.0608 acc1 24.43%
2026-06-22 02:33:20 - __main__ - INFO - Val:   loss 2.9314 acc1 27.69%
2026-06-22 02:33:20 - __main__ - INFO - saved best: 27.69%
2026-06-22 02:33:20 - __main__ - INFO - 
Epoch 5/100 | lr 0.040010
2026-06-22 02:34:08 - __main__ - INFO - Train: loss 2.7510 acc1 30.06%
2026-06-22 02:34:08 - __main__ - INFO - Val:   loss 2.6085 acc1 33.63%
2026-06-22 02:34:08 - __main__ - INFO - saved best: 33.63%
2026-06-22 02:34:08 - __main__ - INFO - 
Epoch 6/100 | lr 0.050000
2026-06-22 02:34:56 - __main__ - INFO - Train: loss 2.5282 acc1 34.47%
2026-06-22 02:34:56 - __main__ - INFO - Val:   loss 2.4303 acc1 36.15%
2026-06-22 02:34:56 - __main__ - INFO - saved best: 36.15%
2026-06-22 02:34:56 - __main__ - INFO - 
Epoch 7/100 | lr 0.049986
2026-06-22 02:35:43 - __main__ - INFO - Train: loss 2.2906 acc1 39.05%
2026-06-22 02:35:43 - __main__ - INFO - Val:   loss 2.2568 acc1 40.73%
2026-06-22 02:35:43 - __main__ - INFO - saved best: 40.73%
2026-06-22 02:35:43 - __main__ - INFO - 
Epoch 8/100 | lr 0.049945
2026-06-22 02:36:31 - __main__ - INFO - Train: loss 2.1174 acc1 42.96%
2026-06-22 02:36:31 - __main__ - INFO - Val:   loss 2.1640 acc1 43.58%
2026-06-22 02:36:31 - __main__ - INFO - saved best: 43.58%
2026-06-22 02:36:31 - __main__ - INFO - 
Epoch 9/100 | lr 0.049877
2026-06-22 02:37:19 - __main__ - INFO - Train: loss 1.9853 acc1 46.20%
2026-06-22 02:37:19 - __main__ - INFO - Val:   loss 2.1708 acc1 42.46%
2026-06-22 02:37:19 - __main__ - INFO - 
Epoch 10/100 | lr 0.049782
2026-06-22 02:38:07 - __main__ - INFO - Train: loss 1.8892 acc1 48.05%
2026-06-22 02:38:07 - __main__ - INFO - Val:   loss 2.0617 acc1 45.57%
2026-06-22 02:38:07 - __main__ - INFO - saved best: 45.57%
2026-06-22 02:38:07 - __main__ - INFO - 
Epoch 11/100 | lr 0.049659
2026-06-22 02:38:54 - __main__ - INFO - Train: loss 1.7942 acc1 50.32%
2026-06-22 02:38:54 - __main__ - INFO - Val:   loss 2.0048 acc1 46.56%
2026-06-22 02:38:55 - __main__ - INFO - saved best: 46.56%
2026-06-22 02:38:55 - __main__ - INFO - 
Epoch 12/100 | lr 0.049510
2026-06-22 02:39:42 - __main__ - INFO - Train: loss 1.7026 acc1 52.33%
2026-06-22 02:39:42 - __main__ - INFO - Val:   loss 1.9534 acc1 48.04%
2026-06-22 02:39:42 - __main__ - INFO - saved best: 48.04%
2026-06-22 02:39:42 - __main__ - INFO - 
Epoch 13/100 | lr 0.049333
2026-06-22 02:40:30 - __main__ - INFO - Train: loss 1.6295 acc1 54.02%
2026-06-22 02:40:30 - __main__ - INFO - Val:   loss 1.8801 acc1 49.84%
2026-06-22 02:40:30 - __main__ - INFO - saved best: 49.84%
2026-06-22 02:40:30 - __main__ - INFO - 
Epoch 14/100 | lr 0.049130
2026-06-22 02:41:17 - __main__ - INFO - Train: loss 1.5575 acc1 55.99%
2026-06-22 02:41:17 - __main__ - INFO - Val:   loss 1.8674 acc1 51.05%
2026-06-22 02:41:17 - __main__ - INFO - saved best: 51.05%
2026-06-22 02:41:17 - __main__ - INFO - 
Epoch 15/100 | lr 0.048901
2026-06-22 02:42:05 - __main__ - INFO - Train: loss 1.5022 acc1 57.32%
2026-06-22 02:42:05 - __main__ - INFO - Val:   loss 1.9449 acc1 49.52%
2026-06-22 02:42:05 - __main__ - INFO - 
Epoch 16/100 | lr 0.048646
2026-06-22 02:42:52 - __main__ - INFO - Train: loss 1.4420 acc1 58.66%
2026-06-22 02:42:52 - __main__ - INFO - Val:   loss 1.8751 acc1 50.29%
2026-06-22 02:42:52 - __main__ - INFO - 
Epoch 17/100 | lr 0.048364
2026-06-22 02:43:40 - __main__ - INFO - Train: loss 1.3809 acc1 60.12%
2026-06-22 02:43:40 - __main__ - INFO - Val:   loss 1.8707 acc1 50.76%
2026-06-22 02:43:40 - __main__ - INFO - 
Epoch 18/100 | lr 0.048058
2026-06-22 02:44:27 - __main__ - INFO - Train: loss 1.3334 acc1 61.31%
2026-06-22 02:44:27 - __main__ - INFO - Val:   loss 1.8656 acc1 51.27%
2026-06-22 02:44:27 - __main__ - INFO - saved best: 51.27%
2026-06-22 02:44:27 - __main__ - INFO - 
Epoch 19/100 | lr 0.047726
2026-06-22 02:45:15 - __main__ - INFO - Train: loss 1.2809 acc1 62.48%
2026-06-22 02:45:15 - __main__ - INFO - Val:   loss 1.8659 acc1 51.63%
2026-06-22 02:45:15 - __main__ - INFO - saved best: 51.63%
2026-06-22 02:45:15 - __main__ - INFO - 
Epoch 20/100 | lr 0.047369
2026-06-22 02:46:03 - __main__ - INFO - Train: loss 1.2444 acc1 63.46%
2026-06-22 02:46:03 - __main__ - INFO - Val:   loss 1.8976 acc1 51.49%
2026-06-22 02:46:03 - __main__ - INFO - 
Epoch 21/100 | lr 0.046987
2026-06-22 02:46:50 - __main__ - INFO - Train: loss 1.1997 acc1 64.85%
2026-06-22 02:46:50 - __main__ - INFO - Val:   loss 1.8764 acc1 51.89%
2026-06-22 02:46:50 - __main__ - INFO - saved best: 51.89%
2026-06-22 02:46:50 - __main__ - INFO - 
Epoch 22/100 | lr 0.046582
2026-06-22 02:47:38 - __main__ - INFO - Train: loss 1.1569 acc1 65.64%
2026-06-22 02:47:38 - __main__ - INFO - Val:   loss 1.8335 acc1 53.42%
2026-06-22 02:47:38 - __main__ - INFO - saved best: 53.42%
2026-06-22 02:47:38 - __main__ - INFO - 
Epoch 23/100 | lr 0.046153
2026-06-22 02:48:26 - __main__ - INFO - Train: loss 1.1002 acc1 67.32%
2026-06-22 02:48:26 - __main__ - INFO - Val:   loss 1.8116 acc1 53.55%
2026-06-22 02:48:26 - __main__ - INFO - saved best: 53.55%
2026-06-22 02:48:26 - __main__ - INFO - 
Epoch 24/100 | lr 0.045701
2026-06-22 02:49:13 - __main__ - INFO - Train: loss 1.0701 acc1 68.17%
2026-06-22 02:49:13 - __main__ - INFO - Val:   loss 1.8085 acc1 53.86%
2026-06-22 02:49:13 - __main__ - INFO - saved best: 53.86%
2026-06-22 02:49:13 - __main__ - INFO - 
Epoch 25/100 | lr 0.045226
2026-06-22 02:50:01 - __main__ - INFO - Train: loss 1.0301 acc1 68.97%
2026-06-22 02:50:01 - __main__ - INFO - Val:   loss 1.8302 acc1 54.27%
2026-06-22 02:50:01 - __main__ - INFO - saved best: 54.27%
2026-06-22 02:50:01 - __main__ - INFO - 
Epoch 26/100 | lr 0.044730
2026-06-22 02:50:49 - __main__ - INFO - Train: loss 1.0005 acc1 69.97%
2026-06-22 02:50:49 - __main__ - INFO - Val:   loss 1.9328 acc1 52.61%
2026-06-22 02:50:49 - __main__ - INFO - 
Epoch 27/100 | lr 0.044211
2026-06-22 02:51:37 - __main__ - INFO - Train: loss 0.9551 acc1 70.87%
2026-06-22 02:51:37 - __main__ - INFO - Val:   loss 1.9113 acc1 53.19%
2026-06-22 02:51:37 - __main__ - INFO - 
Epoch 28/100 | lr 0.043672
2026-06-22 02:52:24 - __main__ - INFO - Train: loss 0.9249 acc1 71.88%
2026-06-22 02:52:24 - __main__ - INFO - Val:   loss 1.9368 acc1 52.98%
2026-06-22 02:52:24 - __main__ - INFO - 
Epoch 29/100 | lr 0.043112
2026-06-22 02:53:12 - __main__ - INFO - Train: loss 0.8972 acc1 72.47%
2026-06-22 02:53:12 - __main__ - INFO - Val:   loss 1.9563 acc1 52.32%
2026-06-22 02:53:12 - __main__ - INFO - 
Epoch 30/100 | lr 0.042532
2026-06-22 02:53:59 - __main__ - INFO - Train: loss 0.8495 acc1 73.48%
2026-06-22 02:53:59 - __main__ - INFO - Val:   loss 1.8958 acc1 54.76%
2026-06-22 02:53:59 - __main__ - INFO - saved best: 54.76%
2026-06-22 02:53:59 - __main__ - INFO - 
Epoch 31/100 | lr 0.041934
2026-06-22 02:54:47 - __main__ - INFO - Train: loss 0.8038 acc1 74.90%
2026-06-22 02:54:47 - __main__ - INFO - Val:   loss 1.9532 acc1 53.41%
2026-06-22 02:54:47 - __main__ - INFO - 
Epoch 32/100 | lr 0.041316
2026-06-22 02:55:35 - __main__ - INFO - Train: loss 0.7885 acc1 75.35%
2026-06-22 02:55:35 - __main__ - INFO - Val:   loss 1.9184 acc1 54.14%
2026-06-22 02:55:35 - __main__ - INFO - 
Epoch 33/100 | lr 0.040681
2026-06-22 02:56:23 - __main__ - INFO - Train: loss 0.7502 acc1 76.47%
2026-06-22 02:56:23 - __main__ - INFO - Val:   loss 1.9601 acc1 54.05%
2026-06-22 02:56:23 - __main__ - INFO - 
Epoch 34/100 | lr 0.040029
2026-06-22 02:57:10 - __main__ - INFO - Train: loss 0.7366 acc1 76.85%
2026-06-22 02:57:10 - __main__ - INFO - Val:   loss 1.9510 acc1 54.82%
2026-06-22 02:57:10 - __main__ - INFO - saved best: 54.82%
2026-06-22 02:57:10 - __main__ - INFO - 
Epoch 35/100 | lr 0.039360
2026-06-22 02:57:58 - __main__ - INFO - Train: loss 0.6900 acc1 78.11%
2026-06-22 02:57:58 - __main__ - INFO - Val:   loss 1.9325 acc1 55.92%
2026-06-22 02:57:58 - __main__ - INFO - saved best: 55.92%
2026-06-22 02:57:58 - __main__ - INFO - 
Epoch 36/100 | lr 0.038676
2026-06-22 02:58:45 - __main__ - INFO - Train: loss 0.6491 acc1 79.71%
2026-06-22 02:58:45 - __main__ - INFO - Val:   loss 2.0790 acc1 53.40%
2026-06-22 02:58:45 - __main__ - INFO - 
Epoch 37/100 | lr 0.037977
2026-06-22 02:59:32 - __main__ - INFO - Train: loss 0.6409 acc1 79.75%
2026-06-22 02:59:32 - __main__ - INFO - Val:   loss 2.0788 acc1 54.56%
2026-06-22 02:59:32 - __main__ - INFO - 
Epoch 38/100 | lr 0.037263
2026-06-22 03:00:20 - __main__ - INFO - Train: loss 0.6043 acc1 80.86%
2026-06-22 03:00:20 - __main__ - INFO - Val:   loss 2.1051 acc1 53.44%
2026-06-22 03:00:20 - __main__ - INFO - 
Epoch 39/100 | lr 0.036536
2026-06-22 03:01:08 - __main__ - INFO - Train: loss 0.5934 acc1 81.15%
2026-06-22 03:01:08 - __main__ - INFO - Val:   loss 2.0880 acc1 54.17%
2026-06-22 03:01:08 - __main__ - INFO - 
Epoch 40/100 | lr 0.035797
2026-06-22 03:01:56 - __main__ - INFO - Train: loss 0.5478 acc1 82.46%
2026-06-22 03:01:56 - __main__ - INFO - Val:   loss 2.1194 acc1 53.87%
2026-06-22 03:01:56 - __main__ - INFO - 
Epoch 41/100 | lr 0.035045
2026-06-22 03:02:45 - __main__ - INFO - Train: loss 0.5251 acc1 83.29%
2026-06-22 03:02:45 - __main__ - INFO - Val:   loss 2.1148 acc1 54.34%
2026-06-22 03:02:45 - __main__ - INFO - 
Epoch 42/100 | lr 0.034283
2026-06-22 03:03:34 - __main__ - INFO - Train: loss 0.5121 acc1 83.80%
2026-06-22 03:03:34 - __main__ - INFO - Val:   loss 2.1566 acc1 54.41%
2026-06-22 03:03:34 - __main__ - INFO - 
Epoch 43/100 | lr 0.033511
2026-06-22 03:04:25 - __main__ - INFO - Train: loss 0.4729 acc1 84.79%
2026-06-22 03:04:25 - __main__ - INFO - Val:   loss 2.1554 acc1 53.92%
2026-06-22 03:04:25 - __main__ - INFO - 
Epoch 44/100 | lr 0.032729
2026-06-22 03:05:14 - __main__ - INFO - Train: loss 0.4409 acc1 85.81%
2026-06-22 03:05:14 - __main__ - INFO - Val:   loss 2.1912 acc1 54.93%
2026-06-22 03:05:14 - __main__ - INFO - 
Epoch 45/100 | lr 0.031939
2026-06-22 03:06:03 - __main__ - INFO - Train: loss 0.4118 acc1 86.70%
2026-06-22 03:06:03 - __main__ - INFO - Val:   loss 2.1886 acc1 54.73%
2026-06-22 03:06:03 - __main__ - INFO - 
Epoch 46/100 | lr 0.031141
2026-06-22 03:06:51 - __main__ - INFO - Train: loss 0.3901 acc1 87.43%
2026-06-22 03:06:51 - __main__ - INFO - Val:   loss 2.1963 acc1 55.53%
2026-06-22 03:06:51 - __main__ - INFO - 
Epoch 47/100 | lr 0.030336
2026-06-22 03:07:39 - __main__ - INFO - Train: loss 0.3483 acc1 88.99%
2026-06-22 03:07:39 - __main__ - INFO - Val:   loss 2.2070 acc1 54.71%
2026-06-22 03:07:39 - __main__ - INFO - 
Epoch 48/100 | lr 0.029526
2026-06-22 03:08:28 - __main__ - INFO - Train: loss 0.3741 acc1 87.84%
2026-06-22 03:08:28 - __main__ - INFO - Val:   loss 2.1405 acc1 55.76%
2026-06-22 03:08:28 - __main__ - INFO - 
Epoch 49/100 | lr 0.028711
2026-06-22 03:09:16 - __main__ - INFO - Train: loss 0.3089 acc1 89.91%
2026-06-22 03:09:16 - __main__ - INFO - Val:   loss 2.2435 acc1 55.48%
2026-06-22 03:09:16 - __main__ - INFO - 
Epoch 50/100 | lr 0.027892
2026-06-22 03:10:04 - __main__ - INFO - Train: loss 0.3008 acc1 90.20%
2026-06-22 03:10:04 - __main__ - INFO - Val:   loss 2.1829 acc1 56.15%
2026-06-22 03:10:04 - __main__ - INFO - saved best: 56.15%
2026-06-22 03:10:04 - __main__ - INFO - 
Epoch 51/100 | lr 0.027069
2026-06-22 03:10:52 - __main__ - INFO - Train: loss 0.2888 acc1 90.83%
2026-06-22 03:10:52 - __main__ - INFO - Val:   loss 2.2621 acc1 55.25%
2026-06-22 03:10:52 - __main__ - INFO - 
Epoch 52/100 | lr 0.026244
2026-06-22 03:11:40 - __main__ - INFO - Train: loss 0.2572 acc1 92.01%
2026-06-22 03:11:40 - __main__ - INFO - Val:   loss 2.1891 acc1 56.19%
2026-06-22 03:11:40 - __main__ - INFO - saved best: 56.19%
2026-06-22 03:11:40 - __main__ - INFO - 
Epoch 53/100 | lr 0.025418
2026-06-22 03:12:27 - __main__ - INFO - Train: loss 0.2410 acc1 92.43%
2026-06-22 03:12:27 - __main__ - INFO - Val:   loss 2.2676 acc1 56.49%
2026-06-22 03:12:28 - __main__ - INFO - saved best: 56.49%
2026-06-22 03:12:28 - __main__ - INFO - 
Epoch 54/100 | lr 0.024592
2026-06-22 03:13:15 - __main__ - INFO - Train: loss 0.2088 acc1 93.35%
2026-06-22 03:13:15 - __main__ - INFO - Val:   loss 2.2329 acc1 56.18%
2026-06-22 03:13:15 - __main__ - INFO - 
Epoch 55/100 | lr 0.023766
2026-06-22 03:14:03 - __main__ - INFO - Train: loss 0.2229 acc1 92.84%
2026-06-22 03:14:03 - __main__ - INFO - Val:   loss 2.2497 acc1 56.75%
2026-06-22 03:14:03 - __main__ - INFO - saved best: 56.75%
2026-06-22 03:14:03 - __main__ - INFO - 
Epoch 56/100 | lr 0.022941
2026-06-22 03:14:52 - __main__ - INFO - Train: loss 0.2081 acc1 93.46%
2026-06-22 03:14:52 - __main__ - INFO - Val:   loss 2.2257 acc1 57.08%
2026-06-22 03:14:52 - __main__ - INFO - saved best: 57.08%
2026-06-22 03:14:52 - __main__ - INFO - 
Epoch 57/100 | lr 0.022118
2026-06-22 03:15:39 - __main__ - INFO - Train: loss 0.1684 acc1 94.78%
2026-06-22 03:15:39 - __main__ - INFO - Val:   loss 2.2090 acc1 57.47%
2026-06-22 03:15:40 - __main__ - INFO - saved best: 57.47%
2026-06-22 03:15:40 - __main__ - INFO - 
Epoch 58/100 | lr 0.021299
2026-06-22 03:16:28 - __main__ - INFO - Train: loss 0.1738 acc1 94.57%
2026-06-22 03:16:28 - __main__ - INFO - Val:   loss 2.2097 acc1 58.05%
2026-06-22 03:16:28 - __main__ - INFO - saved best: 58.05%
2026-06-22 03:16:28 - __main__ - INFO - 
Epoch 59/100 | lr 0.020484
2026-06-22 03:17:15 - __main__ - INFO - Train: loss 0.1286 acc1 96.17%
2026-06-22 03:17:15 - __main__ - INFO - Val:   loss 2.2317 acc1 57.09%
2026-06-22 03:17:15 - __main__ - INFO - 
Epoch 60/100 | lr 0.019674
2026-06-22 03:18:03 - __main__ - INFO - Train: loss 0.1186 acc1 96.44%
2026-06-22 03:18:03 - __main__ - INFO - Val:   loss 2.2418 acc1 57.82%
2026-06-22 03:18:03 - __main__ - INFO - 
Epoch 61/100 | lr 0.018869
2026-06-22 03:18:51 - __main__ - INFO - Train: loss 0.1148 acc1 96.56%
2026-06-22 03:18:51 - __main__ - INFO - Val:   loss 2.2290 acc1 58.27%
2026-06-22 03:18:51 - __main__ - INFO - saved best: 58.27%
2026-06-22 03:18:51 - __main__ - INFO - 
Epoch 62/100 | lr 0.018071
2026-06-22 03:19:39 - __main__ - INFO - Train: loss 0.0886 acc1 97.49%
2026-06-22 03:19:39 - __main__ - INFO - Val:   loss 2.2142 acc1 58.48%
2026-06-22 03:19:39 - __main__ - INFO - saved best: 58.48%
2026-06-22 03:19:39 - __main__ - INFO - 
Epoch 63/100 | lr 0.017281
2026-06-22 03:20:28 - __main__ - INFO - Train: loss 0.0938 acc1 97.36%
2026-06-22 03:20:28 - __main__ - INFO - Val:   loss 2.1644 acc1 59.59%
2026-06-22 03:20:28 - __main__ - INFO - saved best: 59.59%
2026-06-22 03:20:28 - __main__ - INFO - 
Epoch 64/100 | lr 0.016499
2026-06-22 03:21:16 - __main__ - INFO - Train: loss 0.0873 acc1 97.52%
2026-06-22 03:21:16 - __main__ - INFO - Val:   loss 2.1661 acc1 58.88%
2026-06-22 03:21:16 - __main__ - INFO - 
Epoch 65/100 | lr 0.015727
2026-06-22 03:22:04 - __main__ - INFO - Train: loss 0.0654 acc1 98.27%
2026-06-22 03:22:04 - __main__ - INFO - Val:   loss 2.1704 acc1 59.59%
2026-06-22 03:22:04 - __main__ - INFO - 
Epoch 66/100 | lr 0.014965
2026-06-22 03:22:52 - __main__ - INFO - Train: loss 0.0628 acc1 98.36%
2026-06-22 03:22:52 - __main__ - INFO - Val:   loss 2.1893 acc1 59.08%
2026-06-22 03:22:52 - __main__ - INFO - 
Epoch 67/100 | lr 0.014213
2026-06-22 03:23:40 - __main__ - INFO - Train: loss 0.0486 acc1 98.80%
2026-06-22 03:23:40 - __main__ - INFO - Val:   loss 2.1904 acc1 59.03%
2026-06-22 03:23:40 - __main__ - INFO - 
Epoch 68/100 | lr 0.013474
2026-06-22 03:24:28 - __main__ - INFO - Train: loss 0.0490 acc1 98.86%
2026-06-22 03:24:28 - __main__ - INFO - Val:   loss 2.1349 acc1 59.50%
2026-06-22 03:24:28 - __main__ - INFO - 
Epoch 69/100 | lr 0.012747
2026-06-22 03:25:16 - __main__ - INFO - Train: loss 0.0482 acc1 98.89%
2026-06-22 03:25:16 - __main__ - INFO - Val:   loss 2.1341 acc1 60.09%
2026-06-22 03:25:16 - __main__ - INFO - saved best: 60.09%
2026-06-22 03:25:16 - __main__ - INFO - 
Epoch 70/100 | lr 0.012033
2026-06-22 03:26:04 - __main__ - INFO - Train: loss 0.0317 acc1 99.31%
2026-06-22 03:26:04 - __main__ - INFO - Val:   loss 2.1442 acc1 59.66%
2026-06-22 03:26:04 - __main__ - INFO - 
Epoch 71/100 | lr 0.011334
2026-06-22 03:26:52 - __main__ - INFO - Train: loss 0.0327 acc1 99.29%
2026-06-22 03:26:52 - __main__ - INFO - Val:   loss 2.1167 acc1 59.93%
2026-06-22 03:26:52 - __main__ - INFO - 
Epoch 72/100 | lr 0.010650
2026-06-22 03:27:39 - __main__ - INFO - Train: loss 0.0303 acc1 99.36%
2026-06-22 03:27:39 - __main__ - INFO - Val:   loss 2.0765 acc1 60.45%
2026-06-22 03:27:39 - __main__ - INFO - saved best: 60.45%
2026-06-22 03:27:39 - __main__ - INFO - 
Epoch 73/100 | lr 0.009981
2026-06-22 03:28:28 - __main__ - INFO - Train: loss 0.0254 acc1 99.53%
2026-06-22 03:28:28 - __main__ - INFO - Val:   loss 2.0965 acc1 60.24%
2026-06-22 03:28:28 - __main__ - INFO - 
Epoch 74/100 | lr 0.009329
2026-06-22 03:29:16 - __main__ - INFO - Train: loss 0.0252 acc1 99.50%
2026-06-22 03:29:16 - __main__ - INFO - Val:   loss 2.1050 acc1 59.97%
2026-06-22 03:29:16 - __main__ - INFO - 
Epoch 75/100 | lr 0.008694
2026-06-22 03:30:03 - __main__ - INFO - Train: loss 0.0238 acc1 99.51%
2026-06-22 03:30:03 - __main__ - INFO - Val:   loss 2.1161 acc1 60.03%
2026-06-22 03:30:03 - __main__ - INFO - 
Epoch 76/100 | lr 0.008076
2026-06-22 03:30:51 - __main__ - INFO - Train: loss 0.0196 acc1 99.61%
2026-06-22 03:30:51 - __main__ - INFO - Val:   loss 2.0744 acc1 60.55%
2026-06-22 03:30:51 - __main__ - INFO - saved best: 60.55%
2026-06-22 03:30:51 - __main__ - INFO - 
Epoch 77/100 | lr 0.007478
2026-06-22 03:31:39 - __main__ - INFO - Train: loss 0.0169 acc1 99.74%
2026-06-22 03:31:39 - __main__ - INFO - Val:   loss 2.0718 acc1 60.65%
2026-06-22 03:31:39 - __main__ - INFO - saved best: 60.65%
2026-06-22 03:31:39 - __main__ - INFO - 
Epoch 78/100 | lr 0.006898
2026-06-22 03:32:27 - __main__ - INFO - Train: loss 0.0170 acc1 99.68%
2026-06-22 03:32:27 - __main__ - INFO - Val:   loss 2.0707 acc1 60.79%
2026-06-22 03:32:27 - __main__ - INFO - saved best: 60.79%
2026-06-22 03:32:27 - __main__ - INFO - 
Epoch 79/100 | lr 0.006338
2026-06-22 03:33:15 - __main__ - INFO - Train: loss 0.0150 acc1 99.73%
2026-06-22 03:33:15 - __main__ - INFO - Val:   loss 2.1016 acc1 60.44%
2026-06-22 03:33:15 - __main__ - INFO - 
Epoch 80/100 | lr 0.005799
2026-06-22 03:34:03 - __main__ - INFO - Train: loss 0.0139 acc1 99.79%
2026-06-22 03:34:03 - __main__ - INFO - Val:   loss 2.0749 acc1 60.41%
2026-06-22 03:34:03 - __main__ - INFO - 
Epoch 81/100 | lr 0.005280
2026-06-22 03:34:51 - __main__ - INFO - Train: loss 0.0141 acc1 99.78%
2026-06-22 03:34:51 - __main__ - INFO - Val:   loss 2.0701 acc1 60.69%
2026-06-22 03:34:51 - __main__ - INFO - 
Epoch 82/100 | lr 0.004784
2026-06-22 03:35:39 - __main__ - INFO - Train: loss 0.0123 acc1 99.81%
2026-06-22 03:35:39 - __main__ - INFO - Val:   loss 2.0590 acc1 61.07%
2026-06-22 03:35:39 - __main__ - INFO - saved best: 61.07%
2026-06-22 03:35:39 - __main__ - INFO - 
Epoch 83/100 | lr 0.004309
2026-06-22 03:36:27 - __main__ - INFO - Train: loss 0.0139 acc1 99.78%
2026-06-22 03:36:27 - __main__ - INFO - Val:   loss 2.0404 acc1 61.33%
2026-06-22 03:36:27 - __main__ - INFO - saved best: 61.33%
2026-06-22 03:36:27 - __main__ - INFO - 
Epoch 84/100 | lr 0.003857
2026-06-22 03:37:15 - __main__ - INFO - Train: loss 0.0144 acc1 99.77%
2026-06-22 03:37:15 - __main__ - INFO - Val:   loss 2.0364 acc1 61.29%
2026-06-22 03:37:15 - __main__ - INFO - 
Epoch 85/100 | lr 0.003428
2026-06-22 03:38:03 - __main__ - INFO - Train: loss 0.0116 acc1 99.83%
2026-06-22 03:38:03 - __main__ - INFO - Val:   loss 2.0564 acc1 60.70%
2026-06-22 03:38:03 - __main__ - INFO - 
Epoch 86/100 | lr 0.003023
2026-06-22 03:38:51 - __main__ - INFO - Train: loss 0.0110 acc1 99.84%
2026-06-22 03:38:51 - __main__ - INFO - Val:   loss 2.0372 acc1 61.40%
2026-06-22 03:38:51 - __main__ - INFO - saved best: 61.40%
2026-06-22 03:38:51 - __main__ - INFO - 
Epoch 87/100 | lr 0.002641
2026-06-22 03:39:39 - __main__ - INFO - Train: loss 0.0108 acc1 99.84%
2026-06-22 03:39:39 - __main__ - INFO - Val:   loss 2.0406 acc1 61.13%
2026-06-22 03:39:39 - __main__ - INFO - 
Epoch 88/100 | lr 0.002284
2026-06-22 03:40:27 - __main__ - INFO - Train: loss 0.0102 acc1 99.87%
2026-06-22 03:40:27 - __main__ - INFO - Val:   loss 2.0335 acc1 61.30%
2026-06-22 03:40:27 - __main__ - INFO - 
Epoch 89/100 | lr 0.001952
2026-06-22 03:41:15 - __main__ - INFO - Train: loss 0.0126 acc1 99.84%
2026-06-22 03:41:15 - __main__ - INFO - Val:   loss 2.0470 acc1 61.09%
2026-06-22 03:41:15 - __main__ - INFO - 
Epoch 90/100 | lr 0.001646
2026-06-22 03:42:02 - __main__ - INFO - Train: loss 0.0112 acc1 99.83%
2026-06-22 03:42:02 - __main__ - INFO - Val:   loss 2.0445 acc1 61.14%
2026-06-22 03:42:02 - __main__ - INFO - 
Epoch 91/100 | lr 0.001364
2026-06-22 03:42:50 - __main__ - INFO - Train: loss 0.0089 acc1 99.89%
2026-06-22 03:42:50 - __main__ - INFO - Val:   loss 2.0464 acc1 61.18%
2026-06-22 03:42:50 - __main__ - INFO - 
Epoch 92/100 | lr 0.001109
2026-06-22 03:43:38 - __main__ - INFO - Train: loss 0.0091 acc1 99.87%
2026-06-22 03:43:38 - __main__ - INFO - Val:   loss 2.0403 acc1 61.40%
2026-06-22 03:43:38 - __main__ - INFO - 
Epoch 93/100 | lr 0.000880
2026-06-22 03:44:26 - __main__ - INFO - Train: loss 0.0086 acc1 99.88%
2026-06-22 03:44:26 - __main__ - INFO - Val:   loss 2.0372 acc1 61.03%
2026-06-22 03:44:26 - __main__ - INFO - 
Epoch 94/100 | lr 0.000677
2026-06-22 03:45:14 - __main__ - INFO - Train: loss 0.0085 acc1 99.91%
2026-06-22 03:45:14 - __main__ - INFO - Val:   loss 2.0287 acc1 61.20%
2026-06-22 03:45:14 - __main__ - INFO - 
Epoch 95/100 | lr 0.000500
2026-06-22 03:46:02 - __main__ - INFO - Train: loss 0.0087 acc1 99.88%
2026-06-22 03:46:02 - __main__ - INFO - Val:   loss 2.0311 acc1 61.45%
2026-06-22 03:46:02 - __main__ - INFO - saved best: 61.45%
2026-06-22 03:46:02 - __main__ - INFO - 
Epoch 96/100 | lr 0.000351
2026-06-22 03:46:50 - __main__ - INFO - Train: loss 0.0086 acc1 99.91%
2026-06-22 03:46:50 - __main__ - INFO - Val:   loss 2.0216 acc1 61.42%
2026-06-22 03:46:50 - __main__ - INFO - 
Epoch 97/100 | lr 0.000228
2026-06-22 03:47:38 - __main__ - INFO - Train: loss 0.0096 acc1 99.86%
2026-06-22 03:47:38 - __main__ - INFO - Val:   loss 2.0295 acc1 61.41%
2026-06-22 03:47:38 - __main__ - INFO - 
Epoch 98/100 | lr 0.000133
2026-06-22 03:48:26 - __main__ - INFO - Train: loss 0.0088 acc1 99.89%
2026-06-22 03:48:26 - __main__ - INFO - Val:   loss 2.0288 acc1 61.32%
2026-06-22 03:48:26 - __main__ - INFO - 
Epoch 99/100 | lr 0.000065
2026-06-22 03:49:15 - __main__ - INFO - Train: loss 0.0086 acc1 99.90%
2026-06-22 03:49:15 - __main__ - INFO - Val:   loss 2.0307 acc1 61.45%
2026-06-22 03:49:15 - __main__ - INFO - 
Epoch 100/100 | lr 0.000024
2026-06-22 03:50:03 - __main__ - INFO - Train: loss 0.0092 acc1 99.89%
2026-06-22 03:50:03 - __main__ - INFO - Val:   loss 2.0196 acc1 61.70%
2026-06-22 03:50:03 - __main__ - INFO - saved best: 61.70%
2026-06-22 03:50:03 - __main__ - INFO - Loaded best checkpoint weights for final test evaluation.
2026-06-22 03:50:04 - __main__ - INFO - 
Best tracked (val): 61.70%
2026-06-22 03:50:04 - __main__ - INFO - Final test: loss 2.0053 acc1 61.46%
2026-06-22 03:50:04 - __main__ - INFO - Saved best model checkpoint to runs/cifar100/densenet121/42/densenet121_seed42_none/best_model.pt
