2026-04-30 22:30:39 - __main__ - INFO - Comparison pipeline | device=cuda | out_dir=./runs/drive_zip_2026_04/30 | args={"adamw_betas": [0.9, 0.999], "adamw_eps": 1e-08, "amp": false, "batch_size": 128, "cam_layer": "auto", "config": "/content/CAMRegularization/configs.json", "data_dir": "./data", "dataset": "drive_zip", "enable_random_control": false, "enable_shuffled_cam_control": false, "epochs": 100, "gamma": 0.1, "input_models": ["resnet18"], "label_smoothing": 0.0, "log_every": 100, "lr": 0.1, "mask_top_of_threshold": true, "milestones": "60,80", "min_lr": 1e-05, "momentum": 0.9, "nesterov": false, "num_workers": 2, "optimizer": "sgd", "out_dir": "./runs/drive_zip_2026_04/30", "output_models": ["densenet121"], "run_name": "", "scheduler": "cosine", "seed": 42, "threshold": 0.04, "val_split": 0.1, "warmup_epochs": 5, "weight_decay": 0.0005}
2026-04-30 22:30:39 - __main__ - INFO - Enabled variants: ['original', 'low_saliency']
2026-04-30 22:30:39 - __main__ - INFO - 
============================================================
2026-04-30 22:30:39 - __main__ - INFO - Training input model: resnet18
2026-04-30 22:30:39 - __main__ - INFO -   Resolved config → opt=sgd, lr=0.1, wd=0.0005, bs=256, epochs=60, scheduler=cosine, warmup=5
2026-04-30 22:30:39 - __main__ - INFO - ============================================================
2026-04-30 22:30:39 - __main__ - INFO -   Retry policy: training input resnet18 with batch_size=256, amp=False
2026-04-30 22:30:39 - __main__ - INFO - device: cuda | cuda: True | gpu: NVIDIA L4
2026-04-30 22:32:34 - __main__ - INFO - Model: resnet18 | Dataset: drive_zip | Classes: 17 | Optimizer: sgd
2026-04-30 22:32:34 - __main__ - INFO - 
Epoch 1/60 | lr 0.000100
2026-04-30 22:35:38 - __main__ - INFO - Train: loss 2.8094 acc1 8.99%
2026-04-30 22:35:38 - __main__ - INFO - Val:   loss 2.7772 acc1 9.98%
2026-04-30 22:35:38 - __main__ - INFO - saved best: 9.98%
2026-04-30 22:35:38 - __main__ - INFO - 
Epoch 2/60 | lr 0.020080
2026-04-30 22:38:39 - __main__ - INFO - Train: loss 2.3549 acc1 22.82%
2026-04-30 22:38:39 - __main__ - INFO - Val:   loss 2.3406 acc1 25.00%
2026-04-30 22:38:39 - __main__ - INFO - saved best: 25.00%
2026-04-30 22:38:39 - __main__ - INFO - 
Epoch 3/60 | lr 0.040060
2026-04-30 22:41:38 - __main__ - INFO - Train: loss 2.1512 acc1 28.78%
2026-04-30 22:41:38 - __main__ - INFO - Val:   loss 2.8709 acc1 20.52%
2026-04-30 22:41:38 - __main__ - INFO - 
Epoch 4/60 | lr 0.060040
2026-04-30 22:44:38 - __main__ - INFO - Train: loss 2.0480 acc1 31.62%
2026-04-30 22:44:38 - __main__ - INFO - Val:   loss 2.1245 acc1 29.06%
2026-04-30 22:44:38 - __main__ - INFO - saved best: 29.06%
2026-04-30 22:44:38 - __main__ - INFO - 
Epoch 5/60 | lr 0.080020
2026-04-30 22:47:37 - __main__ - INFO - Train: loss 1.9784 acc1 33.92%
2026-04-30 22:47:37 - __main__ - INFO - Val:   loss 2.4843 acc1 22.15%
2026-04-30 22:47:37 - __main__ - INFO - 
Epoch 6/60 | lr 0.100000
2026-04-30 22:50:36 - __main__ - INFO - Train: loss 1.9296 acc1 35.10%
2026-04-30 22:50:36 - __main__ - INFO - Val:   loss 2.8022 acc1 23.22%
2026-04-30 22:50:36 - __main__ - INFO - 
Epoch 7/60 | lr 0.099918
2026-04-30 22:53:36 - __main__ - INFO - Train: loss 1.8667 acc1 37.10%
2026-04-30 22:53:36 - __main__ - INFO - Val:   loss 2.1717 acc1 29.93%
2026-04-30 22:53:36 - __main__ - INFO - saved best: 29.93%
2026-04-30 22:53:36 - __main__ - INFO - 
Epoch 8/60 | lr 0.099674
2026-04-30 22:56:35 - __main__ - INFO - Train: loss 1.8287 acc1 38.15%
2026-04-30 22:56:35 - __main__ - INFO - Val:   loss 2.5018 acc1 25.95%
2026-04-30 22:56:35 - __main__ - INFO - 
Epoch 9/60 | lr 0.099268
2026-04-30 22:59:33 - __main__ - INFO - Train: loss 1.7988 acc1 38.94%
2026-04-30 22:59:33 - __main__ - INFO - Val:   loss 3.4620 acc1 27.21%
2026-04-30 22:59:33 - __main__ - INFO - 
Epoch 10/60 | lr 0.098701
2026-04-30 23:02:32 - __main__ - INFO - Train: loss 1.7746 acc1 39.66%
2026-04-30 23:02:32 - __main__ - INFO - Val:   loss 2.2324 acc1 28.67%
2026-04-30 23:02:32 - __main__ - INFO - 
Epoch 11/60 | lr 0.097975
2026-04-30 23:05:30 - __main__ - INFO - Train: loss 1.7589 acc1 40.21%
2026-04-30 23:05:30 - __main__ - INFO - Val:   loss 2.6689 acc1 27.44%
2026-04-30 23:05:30 - __main__ - INFO - 
Epoch 12/60 | lr 0.097093
2026-04-30 23:08:29 - __main__ - INFO - Train: loss 1.7418 acc1 40.79%
2026-04-30 23:08:29 - __main__ - INFO - Val:   loss 2.3136 acc1 31.11%
2026-04-30 23:08:29 - __main__ - INFO - saved best: 31.11%
2026-04-30 23:08:29 - __main__ - INFO - 
Epoch 13/60 | lr 0.096057
2026-04-30 23:11:28 - __main__ - INFO - Train: loss 1.7287 acc1 41.31%
2026-04-30 23:11:28 - __main__ - INFO - Val:   loss 2.0273 acc1 33.34%
2026-04-30 23:11:28 - __main__ - INFO - saved best: 33.34%
2026-04-30 23:11:28 - __main__ - INFO - 
Epoch 14/60 | lr 0.094870
2026-04-30 23:14:27 - __main__ - INFO - Train: loss 1.7141 acc1 41.72%
2026-04-30 23:14:27 - __main__ - INFO - Val:   loss 2.2840 acc1 29.60%
2026-04-30 23:14:27 - __main__ - INFO - 
Epoch 15/60 | lr 0.093538
2026-04-30 23:17:26 - __main__ - INFO - Train: loss 1.6976 acc1 42.47%
2026-04-30 23:17:26 - __main__ - INFO - Val:   loss 1.9682 acc1 33.77%
2026-04-30 23:17:26 - __main__ - INFO - saved best: 33.77%
2026-04-30 23:17:26 - __main__ - INFO - 
Epoch 16/60 | lr 0.092063
2026-04-30 23:20:25 - __main__ - INFO - Train: loss 1.6868 acc1 42.76%
2026-04-30 23:20:25 - __main__ - INFO - Val:   loss 1.8473 acc1 40.29%
2026-04-30 23:20:25 - __main__ - INFO - saved best: 40.29%
2026-04-30 23:20:25 - __main__ - INFO - 
Epoch 17/60 | lr 0.090452
2026-04-30 23:23:24 - __main__ - INFO - Train: loss 1.6726 acc1 43.07%
2026-04-30 23:23:24 - __main__ - INFO - Val:   loss 2.0011 acc1 34.92%
2026-04-30 23:23:24 - __main__ - INFO - 
Epoch 18/60 | lr 0.088708
2026-04-30 23:26:22 - __main__ - INFO - Train: loss 1.6638 acc1 43.49%
2026-04-30 23:26:22 - __main__ - INFO - Val:   loss 3.1752 acc1 24.05%
2026-04-30 23:26:22 - __main__ - INFO - 
Epoch 19/60 | lr 0.086838
2026-04-30 23:29:20 - __main__ - INFO - Train: loss 1.6494 acc1 43.85%
2026-04-30 23:29:20 - __main__ - INFO - Val:   loss 2.0203 acc1 34.81%
2026-04-30 23:29:20 - __main__ - INFO - 
Epoch 20/60 | lr 0.084848
2026-04-30 23:32:18 - __main__ - INFO - Train: loss 1.6383 acc1 44.37%
2026-04-30 23:32:18 - __main__ - INFO - Val:   loss 1.5706 acc1 46.95%
2026-04-30 23:32:18 - __main__ - INFO - saved best: 46.95%
2026-04-30 23:32:18 - __main__ - INFO - 
Epoch 21/60 | lr 0.082745
2026-04-30 23:35:17 - __main__ - INFO - Train: loss 1.6315 acc1 44.57%
2026-04-30 23:35:17 - __main__ - INFO - Val:   loss 2.2671 acc1 30.94%
2026-04-30 23:35:17 - __main__ - INFO - 
Epoch 22/60 | lr 0.080534
2026-04-30 23:38:15 - __main__ - INFO - Train: loss 1.6119 acc1 45.33%
2026-04-30 23:38:15 - __main__ - INFO - Val:   loss 2.1457 acc1 34.80%
2026-04-30 23:38:15 - __main__ - INFO - 
Epoch 23/60 | lr 0.078224
2026-04-30 23:41:13 - __main__ - INFO - Train: loss 1.6023 acc1 45.53%
2026-04-30 23:41:13 - __main__ - INFO - Val:   loss 2.1201 acc1 35.61%
2026-04-30 23:41:13 - __main__ - INFO - 
Epoch 24/60 | lr 0.075822
2026-04-30 23:44:11 - __main__ - INFO - Train: loss 1.5876 acc1 46.03%
2026-04-30 23:44:11 - __main__ - INFO - Val:   loss 2.1250 acc1 33.23%
2026-04-30 23:44:11 - __main__ - INFO - 
Epoch 25/60 | lr 0.073336
2026-04-30 23:47:10 - __main__ - INFO - Train: loss 1.5798 acc1 46.43%
2026-04-30 23:47:10 - __main__ - INFO - Val:   loss 2.2606 acc1 36.18%
2026-04-30 23:47:10 - __main__ - INFO - 
Epoch 26/60 | lr 0.070774
2026-04-30 23:50:08 - __main__ - INFO - Train: loss 1.5637 acc1 46.99%
2026-04-30 23:50:08 - __main__ - INFO - Val:   loss 2.1368 acc1 34.59%
2026-04-30 23:50:08 - __main__ - INFO - 
Epoch 27/60 | lr 0.068144
2026-04-30 23:53:06 - __main__ - INFO - Train: loss 1.5570 acc1 47.19%
2026-04-30 23:53:06 - __main__ - INFO - Val:   loss 2.4197 acc1 29.79%
2026-04-30 23:53:06 - __main__ - INFO - 
Epoch 28/60 | lr 0.065454
2026-04-30 23:56:04 - __main__ - INFO - Train: loss 1.5460 acc1 47.70%
2026-04-30 23:56:04 - __main__ - INFO - Val:   loss 3.1047 acc1 23.55%
2026-04-30 23:56:04 - __main__ - INFO - 
Epoch 29/60 | lr 0.062715
2026-04-30 23:59:02 - __main__ - INFO - Train: loss 1.5312 acc1 48.12%
2026-04-30 23:59:02 - __main__ - INFO - Val:   loss 1.8809 acc1 38.53%
2026-04-30 23:59:02 - __main__ - INFO - 
Epoch 30/60 | lr 0.059934
2026-05-01 00:02:00 - __main__ - INFO - Train: loss 1.5219 acc1 48.42%
2026-05-01 00:02:00 - __main__ - INFO - Val:   loss 1.9412 acc1 38.78%
2026-05-01 00:02:00 - __main__ - INFO - 
Epoch 31/60 | lr 0.057120
2026-05-01 00:04:59 - __main__ - INFO - Train: loss 1.5105 acc1 48.91%
2026-05-01 00:04:59 - __main__ - INFO - Val:   loss 1.5946 acc1 46.61%
2026-05-01 00:04:59 - __main__ - INFO - 
Epoch 32/60 | lr 0.054283
2026-05-01 00:07:56 - __main__ - INFO - Train: loss 1.4932 acc1 49.45%
2026-05-01 00:07:56 - __main__ - INFO - Val:   loss 1.4923 acc1 49.75%
2026-05-01 00:07:56 - __main__ - INFO - saved best: 49.75%
2026-05-01 00:07:56 - __main__ - INFO - 
Epoch 33/60 | lr 0.051433
2026-05-01 00:10:54 - __main__ - INFO - Train: loss 1.4830 acc1 49.83%
2026-05-01 00:10:54 - __main__ - INFO - Val:   loss 1.9279 acc1 40.53%
2026-05-01 00:10:54 - __main__ - INFO - 
Epoch 34/60 | lr 0.048577
2026-05-01 00:13:52 - __main__ - INFO - Train: loss 1.4633 acc1 50.37%
2026-05-01 00:13:52 - __main__ - INFO - Val:   loss 2.4106 acc1 34.55%
2026-05-01 00:13:52 - __main__ - INFO - 
Epoch 35/60 | lr 0.045727
2026-05-01 00:16:50 - __main__ - INFO - Train: loss 1.4521 acc1 50.73%
2026-05-01 00:16:50 - __main__ - INFO - Val:   loss 1.6205 acc1 47.26%
2026-05-01 00:16:50 - __main__ - INFO - 
Epoch 36/60 | lr 0.042890
2026-05-01 00:19:48 - __main__ - INFO - Train: loss 1.4357 acc1 51.52%
2026-05-01 00:19:48 - __main__ - INFO - Val:   loss 1.8652 acc1 40.38%
2026-05-01 00:19:48 - __main__ - INFO - 
Epoch 37/60 | lr 0.040076
2026-05-01 00:22:46 - __main__ - INFO - Train: loss 1.4222 acc1 51.90%
2026-05-01 00:22:46 - __main__ - INFO - Val:   loss 1.8781 acc1 39.83%
2026-05-01 00:22:46 - __main__ - INFO - 
Epoch 38/60 | lr 0.037295
2026-05-01 00:25:45 - __main__ - INFO - Train: loss 1.4020 acc1 52.54%
2026-05-01 00:25:45 - __main__ - INFO - Val:   loss 1.9560 acc1 40.44%
2026-05-01 00:25:45 - __main__ - INFO - 
Epoch 39/60 | lr 0.034556
2026-05-01 00:28:43 - __main__ - INFO - Train: loss 1.3852 acc1 53.10%
2026-05-01 00:28:43 - __main__ - INFO - Val:   loss 2.3847 acc1 34.72%
2026-05-01 00:28:43 - __main__ - INFO - 
Epoch 40/60 | lr 0.031866
2026-05-01 00:31:41 - __main__ - INFO - Train: loss 1.3683 acc1 53.64%
2026-05-01 00:31:41 - __main__ - INFO - Val:   loss 1.5272 acc1 49.96%
2026-05-01 00:31:41 - __main__ - INFO - saved best: 49.96%
2026-05-01 00:31:41 - __main__ - INFO - 
Epoch 41/60 | lr 0.029236
2026-05-01 00:34:38 - __main__ - INFO - Train: loss 1.3550 acc1 54.04%
2026-05-01 00:34:38 - __main__ - INFO - Val:   loss 1.5844 acc1 48.16%
2026-05-01 00:34:38 - __main__ - INFO - 
Epoch 42/60 | lr 0.026674
2026-05-01 00:37:36 - __main__ - INFO - Train: loss 1.3287 acc1 55.03%
2026-05-01 00:37:36 - __main__ - INFO - Val:   loss 1.4628 acc1 51.67%
2026-05-01 00:37:36 - __main__ - INFO - saved best: 51.67%
2026-05-01 00:37:36 - __main__ - INFO - 
Epoch 43/60 | lr 0.024188
2026-05-01 00:40:34 - __main__ - INFO - Train: loss 1.3138 acc1 55.54%
2026-05-01 00:40:34 - __main__ - INFO - Val:   loss 1.9471 acc1 39.76%
2026-05-01 00:40:34 - __main__ - INFO - 
Epoch 44/60 | lr 0.021786
2026-05-01 00:43:32 - __main__ - INFO - Train: loss 1.2911 acc1 56.25%
2026-05-01 00:43:32 - __main__ - INFO - Val:   loss 1.5496 acc1 50.90%
2026-05-01 00:43:32 - __main__ - INFO - 
Epoch 45/60 | lr 0.019476
2026-05-01 00:46:30 - __main__ - INFO - Train: loss 1.2686 acc1 56.74%
2026-05-01 00:46:30 - __main__ - INFO - Val:   loss 2.0122 acc1 40.21%
2026-05-01 00:46:30 - __main__ - INFO - 
Epoch 46/60 | lr 0.017265
2026-05-01 00:49:28 - __main__ - INFO - Train: loss 1.2387 acc1 57.98%
2026-05-01 00:49:28 - __main__ - INFO - Val:   loss 1.4771 acc1 51.34%
2026-05-01 00:49:28 - __main__ - INFO - 
Epoch 47/60 | lr 0.015162
2026-05-01 00:52:27 - __main__ - INFO - Train: loss 1.2206 acc1 58.58%
2026-05-01 00:52:27 - __main__ - INFO - Val:   loss 1.8343 acc1 42.10%
2026-05-01 00:52:27 - __main__ - INFO - 
Epoch 48/60 | lr 0.013172
2026-05-01 00:55:25 - __main__ - INFO - Train: loss 1.1883 acc1 59.60%
2026-05-01 00:55:25 - __main__ - INFO - Val:   loss 1.9207 acc1 43.06%
2026-05-01 00:55:25 - __main__ - INFO - 
Epoch 49/60 | lr 0.011302
2026-05-01 00:58:23 - __main__ - INFO - Train: loss 1.1699 acc1 60.36%
2026-05-01 00:58:23 - __main__ - INFO - Val:   loss 2.1688 acc1 37.06%
2026-05-01 00:58:23 - __main__ - INFO - 
Epoch 50/60 | lr 0.009558
2026-05-01 01:01:22 - __main__ - INFO - Train: loss 1.1314 acc1 61.58%
2026-05-01 01:01:22 - __main__ - INFO - Val:   loss 1.1706 acc1 61.65%
2026-05-01 01:01:22 - __main__ - INFO - saved best: 61.65%
2026-05-01 01:01:22 - __main__ - INFO - 
Epoch 51/60 | lr 0.007947
2026-05-01 01:04:20 - __main__ - INFO - Train: loss 1.1062 acc1 62.40%
2026-05-01 01:04:20 - __main__ - INFO - Val:   loss 1.3718 acc1 56.76%
2026-05-01 01:04:20 - __main__ - INFO - 
Epoch 52/60 | lr 0.006472
2026-05-01 01:07:18 - __main__ - INFO - Train: loss 1.0737 acc1 63.50%
2026-05-01 01:07:18 - __main__ - INFO - Val:   loss 1.5695 acc1 51.95%
2026-05-01 01:07:18 - __main__ - INFO - 
Epoch 53/60 | lr 0.005140
2026-05-01 01:10:16 - __main__ - INFO - Train: loss 1.0491 acc1 64.47%
2026-05-01 01:10:16 - __main__ - INFO - Val:   loss 1.1894 acc1 61.89%
2026-05-01 01:10:16 - __main__ - INFO - saved best: 61.89%
2026-05-01 01:10:16 - __main__ - INFO - 
Epoch 54/60 | lr 0.003953
2026-05-01 01:13:14 - __main__ - INFO - Train: loss 1.0201 acc1 65.27%
2026-05-01 01:13:14 - __main__ - INFO - Val:   loss 1.1863 acc1 61.40%
2026-05-01 01:13:14 - __main__ - INFO - 
Epoch 55/60 | lr 0.002917
2026-05-01 01:16:12 - __main__ - INFO - Train: loss 0.9938 acc1 66.23%
2026-05-01 01:16:12 - __main__ - INFO - Val:   loss 1.2474 acc1 59.64%
2026-05-01 01:16:12 - __main__ - INFO - 
Epoch 56/60 | lr 0.002035
2026-05-01 01:19:11 - __main__ - INFO - Train: loss 0.9632 acc1 67.36%
2026-05-01 01:19:11 - __main__ - INFO - Val:   loss 1.1332 acc1 64.04%
2026-05-01 01:19:11 - __main__ - INFO - saved best: 64.04%
2026-05-01 01:19:11 - __main__ - INFO - 
Epoch 57/60 | lr 0.001309
2026-05-01 01:22:08 - __main__ - INFO - Train: loss 0.9420 acc1 68.04%
2026-05-01 01:22:08 - __main__ - INFO - Val:   loss 1.1137 acc1 64.43%
2026-05-01 01:22:08 - __main__ - INFO - saved best: 64.43%
2026-05-01 01:22:08 - __main__ - INFO - 
Epoch 58/60 | lr 0.000742
2026-05-01 01:25:06 - __main__ - INFO - Train: loss 0.9256 acc1 68.54%
2026-05-01 01:25:06 - __main__ - INFO - Val:   loss 1.1375 acc1 63.82%
2026-05-01 01:25:06 - __main__ - INFO - 
Epoch 59/60 | lr 0.000336
2026-05-01 01:28:04 - __main__ - INFO - Train: loss 0.9146 acc1 68.93%
2026-05-01 01:28:04 - __main__ - INFO - Val:   loss 1.1443 acc1 63.64%
2026-05-01 01:28:04 - __main__ - INFO - 
Epoch 60/60 | lr 0.000092
2026-05-01 01:31:03 - __main__ - INFO - Train: loss 0.9063 acc1 69.26%
2026-05-01 01:31:03 - __main__ - INFO - Val:   loss 1.1290 acc1 64.13%
2026-05-01 01:31:03 - __main__ - INFO - Loaded best checkpoint weights for final test evaluation.
2026-05-01 01:31:14 - __main__ - INFO - 
Best tracked (val): 64.43%
2026-05-01 01:31:14 - __main__ - INFO - Final test: loss 1.1337 acc1 63.06%
2026-05-01 01:31:15 - __main__ - INFO -   Final training settings for input resnet18: batch_size=256, amp=False
2026-05-01 01:31:15 - __main__ - INFO - Input model resnet18 done — test acc 63.06%, test loss 1.1337
2026-05-01 01:31:15 - __main__ - INFO - 
Preparing eval dataloaders for HiResCAM computation …
2026-05-01 01:31:17 - __main__ - INFO - 
Saving variant datasets to data/comparison_drive_zip_2026_04/30
2026-05-01 01:31:17 - __main__ - INFO - Generating train variants → data/comparison_drive_zip_2026_04/30
2026-05-01 01:31:36 - __main__ - INFO -   [train] processed 1280 images …
2026-05-01 01:31:51 - __main__ - INFO -   [train] processed 2560 images …
2026-05-01 01:32:07 - __main__ - INFO -   [train] processed 3840 images …
2026-05-01 01:32:23 - __main__ - INFO -   [train] processed 5120 images …
2026-05-01 01:32:39 - __main__ - INFO -   [train] processed 6400 images …
2026-05-01 01:32:54 - __main__ - INFO -   [train] processed 7680 images …
2026-05-01 01:33:10 - __main__ - INFO -   [train] processed 8960 images …
2026-05-01 01:33:26 - __main__ - INFO -   [train] processed 10240 images …
2026-05-01 01:33:41 - __main__ - INFO -   [train] processed 11520 images …
2026-05-01 01:33:57 - __main__ - INFO -   [train] processed 12800 images …
2026-05-01 01:34:13 - __main__ - INFO -   [train] processed 14080 images …
2026-05-01 01:34:29 - __main__ - INFO -   [train] processed 15360 images …
2026-05-01 01:34:45 - __main__ - INFO -   [train] processed 16640 images …
2026-05-01 01:35:01 - __main__ - INFO -   [train] processed 17920 images …
2026-05-01 01:35:16 - __main__ - INFO -   [train] processed 19200 images …
2026-05-01 01:35:32 - __main__ - INFO -   [train] processed 20480 images …
2026-05-01 01:35:48 - __main__ - INFO -   [train] processed 21760 images …
2026-05-01 01:36:04 - __main__ - INFO -   [train] processed 23040 images …
2026-05-01 01:36:20 - __main__ - INFO -   [train] processed 24320 images …
2026-05-01 01:36:35 - __main__ - INFO -   [train] processed 25600 images …
2026-05-01 01:36:51 - __main__ - INFO -   [train] processed 26880 images …
2026-05-01 01:37:07 - __main__ - INFO -   [train] processed 28160 images …
2026-05-01 01:37:23 - __main__ - INFO -   [train] processed 29440 images …
2026-05-01 01:37:38 - __main__ - INFO -   [train] processed 30720 images …
2026-05-01 01:37:54 - __main__ - INFO -   [train] processed 32000 images …
2026-05-01 01:38:10 - __main__ - INFO -   [train] processed 33280 images …
2026-05-01 01:38:26 - __main__ - INFO -   [train] processed 34560 images …
2026-05-01 01:38:41 - __main__ - INFO -   [train] processed 35840 images …
2026-05-01 01:38:57 - __main__ - INFO -   [train] processed 37120 images …
2026-05-01 01:39:13 - __main__ - INFO -   [train] processed 38400 images …
2026-05-01 01:39:29 - __main__ - INFO -   [train] processed 39680 images …
2026-05-01 01:39:44 - __main__ - INFO -   [train] processed 40960 images …
2026-05-01 01:40:00 - __main__ - INFO -   [train] processed 42240 images …
2026-05-01 01:40:16 - __main__ - INFO -   [train] processed 43520 images …
2026-05-01 01:40:32 - __main__ - INFO -   [train] processed 44800 images …
2026-05-01 01:40:48 - __main__ - INFO -   [train] processed 46080 images …
2026-05-01 01:41:04 - __main__ - INFO -   [train] processed 47360 images …
2026-05-01 01:41:20 - __main__ - INFO -   [train] processed 48640 images …
2026-05-01 01:41:35 - __main__ - INFO -   [train] processed 49920 images …
2026-05-01 01:41:51 - __main__ - INFO -   [train] processed 51200 images …
2026-05-01 01:42:07 - __main__ - INFO -   [train] processed 52480 images …
2026-05-01 01:42:23 - __main__ - INFO -   [train] processed 53760 images …
2026-05-01 01:42:38 - __main__ - INFO -   [train] processed 55040 images …
2026-05-01 01:42:54 - __main__ - INFO -   [train] processed 56320 images …
2026-05-01 01:43:10 - __main__ - INFO -   [train] processed 57600 images …
2026-05-01 01:43:25 - __main__ - INFO -   [train] processed 58880 images …
2026-05-01 01:43:41 - __main__ - INFO -   [train] processed 60160 images …
2026-05-01 01:43:57 - __main__ - INFO -   [train] processed 61440 images …
2026-05-01 01:44:13 - __main__ - INFO -   [train] processed 62720 images …
2026-05-01 01:44:29 - __main__ - INFO -   [train] processed 64000 images …
2026-05-01 01:44:45 - __main__ - INFO -   [train] processed 65280 images …
2026-05-01 01:45:00 - __main__ - INFO -   [train] processed 66560 images …
2026-05-01 01:45:17 - __main__ - INFO -   [train] processed 67840 images …
2026-05-01 01:45:32 - __main__ - INFO -   [train] processed 69120 images …
2026-05-01 01:45:48 - __main__ - INFO -   [train] processed 70400 images …
2026-05-01 01:46:04 - __main__ - INFO -   [train] processed 71680 images …
2026-05-01 01:46:20 - __main__ - INFO -   [train] processed 72960 images …
2026-05-01 01:46:36 - __main__ - INFO -   [train] processed 74240 images …
2026-05-01 01:46:52 - __main__ - INFO -   [train] processed 75520 images …
2026-05-01 01:47:08 - __main__ - INFO -   [train] processed 76800 images …
2026-05-01 01:47:24 - __main__ - INFO -   [train] processed 78080 images …
2026-05-01 01:47:40 - __main__ - INFO -   [train] processed 79360 images …
2026-05-01 01:47:55 - __main__ - INFO -   [train] processed 80640 images …
2026-05-01 01:48:12 - __main__ - INFO -   [train] processed 81920 images …
2026-05-01 01:48:28 - __main__ - INFO -   [train] processed 83200 images …
2026-05-01 01:48:43 - __main__ - INFO -   [train] processed 84480 images …
2026-05-01 01:48:59 - __main__ - INFO -   [train] processed 85760 images …
2026-05-01 01:49:15 - __main__ - INFO -   [train] processed 87040 images …
2026-05-01 01:49:31 - __main__ - INFO -   [train] processed 88320 images …
2026-05-01 01:49:47 - __main__ - INFO -   [train] processed 89600 images …
2026-05-01 01:50:02 - __main__ - INFO -   [train] processed 90880 images …
2026-05-01 01:50:18 - __main__ - INFO -   [train] processed 92160 images …
2026-05-01 01:50:34 - __main__ - INFO -   [train] processed 93440 images …
2026-05-01 01:50:50 - __main__ - INFO -   [train] processed 94720 images …
2026-05-01 01:51:05 - __main__ - INFO -   [train] processed 96000 images …
2026-05-01 01:51:21 - __main__ - INFO -   [train] processed 97280 images …
2026-05-01 01:51:37 - __main__ - INFO -   [train] processed 98560 images …
2026-05-01 01:51:53 - __main__ - INFO -   [train] processed 99840 images …
2026-05-01 01:52:09 - __main__ - INFO -   [train] processed 101120 images …
2026-05-01 01:52:24 - __main__ - INFO -   [train] processed 102400 images …
2026-05-01 01:52:40 - __main__ - INFO -   [train] processed 103680 images …
2026-05-01 01:52:56 - __main__ - INFO -   [train] processed 104960 images …
2026-05-01 01:53:12 - __main__ - INFO -   [train] processed 106240 images …
2026-05-01 01:53:28 - __main__ - INFO -   [train] processed 107520 images …
2026-05-01 01:53:44 - __main__ - INFO -   [train] processed 108800 images …
2026-05-01 01:53:44 - __main__ - INFO -   [train] saved 108800 images for all 2 variants
2026-05-01 01:53:44 - __main__ - INFO - Generating test variants → data/comparison_drive_zip_2026_04/30
2026-05-01 01:54:00 - __main__ - INFO -   [test] processed 1280 images …
2026-05-01 01:54:16 - __main__ - INFO -   [test] processed 2560 images …
2026-05-01 01:54:32 - __main__ - INFO -   [test] processed 3840 images …
2026-05-01 01:54:48 - __main__ - INFO -   [test] processed 5120 images …
2026-05-01 01:55:04 - __main__ - INFO -   [test] processed 6400 images …
2026-05-01 01:55:20 - __main__ - INFO -   [test] processed 7680 images …
2026-05-01 01:55:36 - __main__ - INFO -   [test] processed 8960 images …
2026-05-01 01:55:52 - __main__ - INFO -   [test] processed 10240 images …
2026-05-01 01:56:08 - __main__ - INFO -   [test] processed 11520 images …
2026-05-01 01:56:24 - __main__ - INFO -   [test] processed 12800 images …
2026-05-01 01:56:33 - __main__ - INFO -   [test] processed 13600 images …
2026-05-01 01:56:33 - __main__ - INFO -   [test] saved 13600 images for all 2 variants
2026-05-01 01:56:34 - __main__ - INFO - 
Starting output model sweep: densenet121
2026-05-01 01:56:34 - __main__ - INFO - 
============================================================
2026-05-01 01:56:34 - __main__ - INFO - Training output model: densenet121 [original]
2026-05-01 01:56:34 - __main__ - INFO -   Resolved config → opt=sgd, lr=0.1, wd=0.0001, bs=256, epochs=60, scheduler=cosine, warmup=5
2026-05-01 01:56:34 - __main__ - INFO - ============================================================
2026-05-01 01:56:34 - __main__ - INFO -   Validation during training uses variant split with val_split=0.1
2026-05-01 01:56:34 - __main__ - INFO -   Final test uses original test split
2026-05-01 01:56:34 - __main__ - INFO -   Retry policy: training output densenet121 [original] with batch_size=256, amp=False
2026-05-01 01:56:34 - __main__ - INFO - device: cuda | cuda: True | gpu: NVIDIA L4
2026-05-01 01:56:36 - __main__ - INFO - Model: densenet121 | Dataset: drive_zip | Classes: 17 | Optimizer: sgd
2026-05-01 01:56:36 - __main__ - INFO - 
Epoch 1/60 | lr 0.000100
2026-05-01 01:56:41 - __main__ - WARNING -   CUDA OOM for output densenet121 [original] at batch_size=256, amp=False; retrying with safer settings.
2026-05-01 01:56:42 - __main__ - INFO -   Retry policy: training output densenet121 [original] with batch_size=128, amp=False
2026-05-01 01:56:44 - __main__ - INFO - device: cuda | cuda: True | gpu: NVIDIA L4
2026-05-01 01:56:47 - __main__ - WARNING -   CUDA OOM for output densenet121 [original] at batch_size=128, amp=False; retrying with safer settings.
2026-05-01 01:56:47 - __main__ - INFO -   Retry policy: training output densenet121 [original] with batch_size=64, amp=False
2026-05-01 01:56:49 - __main__ - INFO - device: cuda | cuda: True | gpu: NVIDIA L4
2026-05-01 01:56:50 - __main__ - INFO - Model: densenet121 | Dataset: drive_zip | Classes: 17 | Optimizer: sgd
2026-05-01 01:56:50 - __main__ - INFO - 
Epoch 1/60 | lr 0.000100
2026-05-01 02:06:37 - __main__ - INFO - Train: loss 2.7280 acc1 13.55%
2026-05-01 02:06:37 - __main__ - INFO - Val:   loss 2.6066 acc1 17.27%
2026-05-01 02:06:38 - __main__ - INFO - saved best: 17.27%
2026-05-01 02:06:38 - __main__ - INFO - 
Epoch 2/60 | lr 0.020080
2026-05-01 02:16:22 - __main__ - INFO - Train: loss 2.1835 acc1 28.26%
2026-05-01 02:16:22 - __main__ - INFO - Val:   loss 1.9203 acc1 36.65%
2026-05-01 02:16:22 - __main__ - INFO - saved best: 36.65%
2026-05-01 02:16:22 - __main__ - INFO - 
Epoch 3/60 | lr 0.040060
2026-05-01 02:26:06 - __main__ - INFO - Train: loss 1.8378 acc1 37.67%
2026-05-01 02:26:06 - __main__ - INFO - Val:   loss 1.7601 acc1 39.64%
2026-05-01 02:26:06 - __main__ - INFO - saved best: 39.64%
2026-05-01 02:26:06 - __main__ - INFO - 
Epoch 4/60 | lr 0.060040
2026-05-01 02:35:51 - __main__ - INFO - Train: loss 1.6875 acc1 42.29%
2026-05-01 02:35:51 - __main__ - INFO - Val:   loss 1.8030 acc1 38.23%
2026-05-01 02:35:51 - __main__ - INFO - 
Epoch 5/60 | lr 0.080020
2026-05-01 02:45:36 - __main__ - INFO - Train: loss 1.5924 acc1 45.45%
2026-05-01 02:45:36 - __main__ - INFO - Val:   loss 1.6860 acc1 42.55%
2026-05-01 02:45:36 - __main__ - INFO - saved best: 42.55%
2026-05-01 02:45:36 - __main__ - INFO - 
Epoch 6/60 | lr 0.100000
2026-05-01 02:55:20 - __main__ - INFO - Train: loss 1.5245 acc1 48.09%
2026-05-01 02:55:20 - __main__ - INFO - Val:   loss 1.6795 acc1 44.67%
2026-05-01 02:55:20 - __main__ - INFO - saved best: 44.67%
2026-05-01 02:55:20 - __main__ - INFO - 
Epoch 7/60 | lr 0.099918
2026-05-01 03:05:04 - __main__ - INFO - Train: loss 1.4448 acc1 50.80%
2026-05-01 03:05:04 - __main__ - INFO - Val:   loss 1.6266 acc1 45.02%
2026-05-01 03:05:04 - __main__ - INFO - saved best: 45.02%
2026-05-01 03:05:04 - __main__ - INFO - 
Epoch 8/60 | lr 0.099674
2026-05-01 03:14:49 - __main__ - INFO - Train: loss 1.3825 acc1 53.28%
2026-05-01 03:14:49 - __main__ - INFO - Val:   loss 1.5359 acc1 49.58%
2026-05-01 03:14:49 - __main__ - INFO - saved best: 49.58%
2026-05-01 03:14:49 - __main__ - INFO - 
Epoch 9/60 | lr 0.099268
2026-05-01 03:24:33 - __main__ - INFO - Train: loss 1.3274 acc1 55.27%
2026-05-01 03:24:33 - __main__ - INFO - Val:   loss 1.3570 acc1 54.18%
2026-05-01 03:24:33 - __main__ - INFO - saved best: 54.18%
2026-05-01 03:24:33 - __main__ - INFO - 
Epoch 10/60 | lr 0.098701
2026-05-01 03:34:17 - __main__ - INFO - Train: loss 1.2840 acc1 56.67%
2026-05-01 03:34:17 - __main__ - INFO - Val:   loss 1.3815 acc1 54.38%
2026-05-01 03:34:17 - __main__ - INFO - saved best: 54.38%
2026-05-01 03:34:17 - __main__ - INFO - 
Epoch 11/60 | lr 0.097975
2026-05-01 03:44:02 - __main__ - INFO - Train: loss 1.2425 acc1 58.15%
2026-05-01 03:44:02 - __main__ - INFO - Val:   loss 1.3308 acc1 55.41%
2026-05-01 03:44:02 - __main__ - INFO - saved best: 55.41%
2026-05-01 03:44:02 - __main__ - INFO - 
Epoch 12/60 | lr 0.097093
2026-05-01 03:53:45 - __main__ - INFO - Train: loss 1.2090 acc1 59.29%
2026-05-01 03:53:45 - __main__ - INFO - Val:   loss 1.3047 acc1 57.13%
2026-05-01 03:53:45 - __main__ - INFO - saved best: 57.13%
2026-05-01 03:53:45 - __main__ - INFO - 
Epoch 13/60 | lr 0.096057
2026-05-01 04:03:30 - __main__ - INFO - Train: loss 1.1786 acc1 60.37%
2026-05-01 04:03:30 - __main__ - INFO - Val:   loss 1.2842 acc1 57.59%
2026-05-01 04:03:30 - __main__ - INFO - saved best: 57.59%
2026-05-01 04:03:30 - __main__ - INFO - 
Epoch 14/60 | lr 0.094870
2026-05-01 04:13:14 - __main__ - INFO - Train: loss 1.1514 acc1 61.35%
2026-05-01 04:13:14 - __main__ - INFO - Val:   loss 1.2651 acc1 58.02%
2026-05-01 04:13:14 - __main__ - INFO - saved best: 58.02%
2026-05-01 04:13:14 - __main__ - INFO - 
Epoch 15/60 | lr 0.093538
2026-05-01 04:22:58 - __main__ - INFO - Train: loss 1.1274 acc1 62.24%
2026-05-01 04:22:58 - __main__ - INFO - Val:   loss 1.6816 acc1 49.81%
2026-05-01 04:22:58 - __main__ - INFO - 
Epoch 16/60 | lr 0.092063
2026-05-01 04:32:41 - __main__ - INFO - Train: loss 1.1051 acc1 63.05%
2026-05-01 04:32:41 - __main__ - INFO - Val:   loss 1.3031 acc1 56.88%
2026-05-01 04:32:41 - __main__ - INFO - 
Epoch 17/60 | lr 0.090452
2026-05-01 04:42:25 - __main__ - INFO - Train: loss 1.0782 acc1 63.86%
2026-05-01 04:42:25 - __main__ - INFO - Val:   loss 1.3227 acc1 56.63%
2026-05-01 04:42:25 - __main__ - INFO - 
Epoch 18/60 | lr 0.088708
2026-05-01 04:52:08 - __main__ - INFO - Train: loss 1.0582 acc1 64.36%
2026-05-01 04:52:08 - __main__ - INFO - Val:   loss 1.2262 acc1 60.25%
2026-05-01 04:52:08 - __main__ - INFO - saved best: 60.25%
2026-05-01 04:52:08 - __main__ - INFO - 
Epoch 19/60 | lr 0.086838
2026-05-01 05:01:53 - __main__ - INFO - Train: loss 1.0370 acc1 65.43%
2026-05-01 05:01:53 - __main__ - INFO - Val:   loss 1.2242 acc1 59.85%
2026-05-01 05:01:53 - __main__ - INFO - 
Epoch 20/60 | lr 0.084848
2026-05-01 05:11:37 - __main__ - INFO - Train: loss 1.0148 acc1 65.83%
2026-05-01 05:11:37 - __main__ - INFO - Val:   loss 1.1909 acc1 61.40%
2026-05-01 05:11:37 - __main__ - INFO - saved best: 61.40%
2026-05-01 05:11:37 - __main__ - INFO - 
Epoch 21/60 | lr 0.082745
2026-05-01 05:21:21 - __main__ - INFO - Train: loss 0.9927 acc1 66.52%
2026-05-01 05:21:21 - __main__ - INFO - Val:   loss 1.2619 acc1 58.94%
2026-05-01 05:21:21 - __main__ - INFO - 
Epoch 22/60 | lr 0.080534
2026-05-01 05:31:05 - __main__ - INFO - Train: loss 0.9697 acc1 67.46%
2026-05-01 05:31:05 - __main__ - INFO - Val:   loss 1.2088 acc1 61.01%
2026-05-01 05:31:05 - __main__ - INFO - 
Epoch 23/60 | lr 0.078224
2026-05-01 05:40:49 - __main__ - INFO - Train: loss 0.9528 acc1 67.94%
2026-05-01 05:40:49 - __main__ - INFO - Val:   loss 1.2555 acc1 59.14%
2026-05-01 05:40:49 - __main__ - INFO - 
Epoch 24/60 | lr 0.075822
2026-05-01 05:50:33 - __main__ - INFO - Train: loss 0.9296 acc1 68.57%
2026-05-01 05:50:33 - __main__ - INFO - Val:   loss 1.3070 acc1 58.66%
2026-05-01 05:50:33 - __main__ - INFO - 
Epoch 25/60 | lr 0.073336
2026-05-01 06:00:17 - __main__ - INFO - Train: loss 0.9047 acc1 69.60%
2026-05-01 06:00:17 - __main__ - INFO - Val:   loss 1.1560 acc1 62.71%
2026-05-01 06:00:17 - __main__ - INFO - saved best: 62.71%
2026-05-01 06:00:17 - __main__ - INFO - 
Epoch 26/60 | lr 0.070774
2026-05-01 06:10:01 - __main__ - INFO - Train: loss 0.8842 acc1 70.10%
2026-05-01 06:10:01 - __main__ - INFO - Val:   loss 1.2538 acc1 60.98%
2026-05-01 06:10:01 - __main__ - INFO - 
Epoch 27/60 | lr 0.068144
2026-05-01 06:19:45 - __main__ - INFO - Train: loss 0.8618 acc1 70.92%
2026-05-01 06:19:45 - __main__ - INFO - Val:   loss 1.1749 acc1 62.75%
2026-05-01 06:19:45 - __main__ - INFO - saved best: 62.75%
2026-05-01 06:19:45 - __main__ - INFO - 
Epoch 28/60 | lr 0.065454
2026-05-01 06:29:29 - __main__ - INFO - Train: loss 0.8372 acc1 71.80%
2026-05-01 06:29:29 - __main__ - INFO - Val:   loss 1.1756 acc1 62.87%
2026-05-01 06:29:29 - __main__ - INFO - saved best: 62.87%
2026-05-01 06:29:29 - __main__ - INFO - 
Epoch 29/60 | lr 0.062715
2026-05-01 06:39:13 - __main__ - INFO - Train: loss 0.8104 acc1 72.75%
2026-05-01 06:39:13 - __main__ - INFO - Val:   loss 1.4117 acc1 58.41%
2026-05-01 06:39:13 - __main__ - INFO - 
Epoch 30/60 | lr 0.059934
2026-05-01 06:48:57 - __main__ - INFO - Train: loss 0.7902 acc1 73.20%
2026-05-01 06:48:57 - __main__ - INFO - Val:   loss 1.2548 acc1 60.61%
2026-05-01 06:48:57 - __main__ - INFO - 
Epoch 31/60 | lr 0.057120
2026-05-01 06:58:41 - __main__ - INFO - Train: loss 0.7559 acc1 74.43%
2026-05-01 06:58:41 - __main__ - INFO - Val:   loss 1.1241 acc1 64.42%
2026-05-01 06:58:41 - __main__ - INFO - saved best: 64.42%
2026-05-01 06:58:41 - __main__ - INFO - 
Epoch 32/60 | lr 0.054283
2026-05-01 07:08:25 - __main__ - INFO - Train: loss 0.7320 acc1 75.21%
2026-05-01 07:08:25 - __main__ - INFO - Val:   loss 1.1410 acc1 65.23%
2026-05-01 07:08:25 - __main__ - INFO - saved best: 65.23%
2026-05-01 07:08:25 - __main__ - INFO - 
Epoch 33/60 | lr 0.051433
2026-05-01 07:18:10 - __main__ - INFO - Train: loss 0.7019 acc1 76.15%
2026-05-01 07:18:10 - __main__ - INFO - Val:   loss 1.2109 acc1 62.70%
2026-05-01 07:18:10 - __main__ - INFO - 
Epoch 34/60 | lr 0.048577
2026-05-01 07:27:54 - __main__ - INFO - Train: loss 0.6764 acc1 76.87%
2026-05-01 07:27:54 - __main__ - INFO - Val:   loss 1.1898 acc1 64.76%
2026-05-01 07:27:54 - __main__ - INFO - 
Epoch 35/60 | lr 0.045727
2026-05-01 07:37:38 - __main__ - INFO - Train: loss 0.6472 acc1 77.94%
2026-05-01 07:37:38 - __main__ - INFO - Val:   loss 1.1181 acc1 66.40%
2026-05-01 07:37:38 - __main__ - INFO - saved best: 66.40%
2026-05-01 07:37:38 - __main__ - INFO - 
Epoch 36/60 | lr 0.042890
2026-05-01 07:47:23 - __main__ - INFO - Train: loss 0.6148 acc1 79.00%
2026-05-01 07:47:23 - __main__ - INFO - Val:   loss 1.1409 acc1 66.95%
2026-05-01 07:47:23 - __main__ - INFO - saved best: 66.95%
2026-05-01 07:47:23 - __main__ - INFO - 
Epoch 37/60 | lr 0.040076
2026-05-01 07:57:06 - __main__ - INFO - Train: loss 0.5831 acc1 80.00%
2026-05-01 07:57:06 - __main__ - INFO - Val:   loss 1.0812 acc1 68.36%
2026-05-01 07:57:06 - __main__ - INFO - saved best: 68.36%
2026-05-01 07:57:06 - __main__ - INFO - 
Epoch 38/60 | lr 0.037295
2026-05-01 08:06:51 - __main__ - INFO - Train: loss 0.5504 acc1 80.96%
2026-05-01 08:06:51 - __main__ - INFO - Val:   loss 1.1066 acc1 69.07%
2026-05-01 08:06:51 - __main__ - INFO - saved best: 69.07%
2026-05-01 08:06:51 - __main__ - INFO - 
Epoch 39/60 | lr 0.034556
2026-05-01 08:16:35 - __main__ - INFO - Train: loss 0.5153 acc1 82.29%
2026-05-01 08:16:35 - __main__ - INFO - Val:   loss 1.1535 acc1 67.73%
2026-05-01 08:16:35 - __main__ - INFO - 
Epoch 40/60 | lr 0.031866
2026-05-01 08:26:19 - __main__ - INFO - Train: loss 0.4763 acc1 83.59%
2026-05-01 08:26:19 - __main__ - INFO - Val:   loss 1.1660 acc1 68.93%
2026-05-01 08:26:19 - __main__ - INFO - 
Epoch 41/60 | lr 0.029236
2026-05-01 08:36:03 - __main__ - INFO - Train: loss 0.4427 acc1 84.70%
2026-05-01 08:36:03 - __main__ - INFO - Val:   loss 1.2459 acc1 65.17%
2026-05-01 08:36:03 - __main__ - INFO - 
Epoch 42/60 | lr 0.026674
2026-05-01 08:45:48 - __main__ - INFO - Train: loss 0.4105 acc1 85.85%
2026-05-01 08:45:48 - __main__ - INFO - Val:   loss 1.2027 acc1 68.94%
2026-05-01 08:45:48 - __main__ - INFO - 
Epoch 43/60 | lr 0.024188
2026-05-01 08:55:32 - __main__ - INFO - Train: loss 0.3712 acc1 87.18%
2026-05-01 08:55:32 - __main__ - INFO - Val:   loss 1.1545 acc1 70.64%
2026-05-01 08:55:32 - __main__ - INFO - saved best: 70.64%
2026-05-01 08:55:32 - __main__ - INFO - 
Epoch 44/60 | lr 0.021786
2026-05-01 09:05:16 - __main__ - INFO - Train: loss 0.3347 acc1 88.31%
2026-05-01 09:05:16 - __main__ - INFO - Val:   loss 1.1787 acc1 71.25%
2026-05-01 09:05:16 - __main__ - INFO - saved best: 71.25%
2026-05-01 09:05:16 - __main__ - INFO - 
Epoch 45/60 | lr 0.019476
2026-05-01 09:15:00 - __main__ - INFO - Train: loss 0.3007 acc1 89.47%
2026-05-01 09:15:00 - __main__ - INFO - Val:   loss 1.2031 acc1 71.19%
2026-05-01 09:15:00 - __main__ - INFO - 
Epoch 46/60 | lr 0.017265
2026-05-01 09:24:45 - __main__ - INFO - Train: loss 0.2633 acc1 90.75%
2026-05-01 09:24:45 - __main__ - INFO - Val:   loss 1.2943 acc1 70.51%
2026-05-01 09:24:45 - __main__ - INFO - 
Epoch 47/60 | lr 0.015162
2026-05-01 09:34:29 - __main__ - INFO - Train: loss 0.2288 acc1 91.81%
2026-05-01 09:34:29 - __main__ - INFO - Val:   loss 1.2490 acc1 72.43%
2026-05-01 09:34:29 - __main__ - INFO - saved best: 72.43%
2026-05-01 09:34:29 - __main__ - INFO - 
Epoch 48/60 | lr 0.013172
2026-05-01 09:44:13 - __main__ - INFO - Train: loss 0.1986 acc1 92.92%
2026-05-01 09:44:13 - __main__ - INFO - Val:   loss 1.2890 acc1 73.02%
2026-05-01 09:44:13 - __main__ - INFO - saved best: 73.02%
2026-05-01 09:44:13 - __main__ - INFO - 
Epoch 49/60 | lr 0.011302
2026-05-01 09:53:57 - __main__ - INFO - Train: loss 0.1721 acc1 93.72%
2026-05-01 09:53:57 - __main__ - INFO - Val:   loss 1.3033 acc1 72.78%
2026-05-01 09:53:57 - __main__ - INFO - 
Epoch 50/60 | lr 0.009558
2026-05-01 10:03:41 - __main__ - INFO - Train: loss 0.1483 acc1 94.51%
2026-05-01 10:03:41 - __main__ - INFO - Val:   loss 1.3096 acc1 73.56%
2026-05-01 10:03:41 - __main__ - INFO - saved best: 73.56%
2026-05-01 10:03:41 - __main__ - INFO - 
Epoch 51/60 | lr 0.007947
2026-05-01 10:13:25 - __main__ - INFO - Train: loss 0.1298 acc1 95.12%
2026-05-01 10:13:25 - __main__ - INFO - Val:   loss 1.3302 acc1 73.65%
2026-05-01 10:13:25 - __main__ - INFO - saved best: 73.65%
2026-05-01 10:13:25 - __main__ - INFO - 
Epoch 52/60 | lr 0.006472
2026-05-01 10:23:10 - __main__ - INFO - Train: loss 0.1140 acc1 95.66%
2026-05-01 10:23:10 - __main__ - INFO - Val:   loss 1.3693 acc1 74.03%
2026-05-01 10:23:10 - __main__ - INFO - saved best: 74.03%
2026-05-01 10:23:10 - __main__ - INFO - 
Epoch 53/60 | lr 0.005140
2026-05-01 10:32:53 - __main__ - INFO - Train: loss 0.0997 acc1 96.17%
2026-05-01 10:32:53 - __main__ - INFO - Val:   loss 1.3991 acc1 74.50%
2026-05-01 10:32:53 - __main__ - INFO - saved best: 74.50%
2026-05-01 10:32:53 - __main__ - INFO - 
Epoch 54/60 | lr 0.003953
2026-05-01 10:42:38 - __main__ - INFO - Train: loss 0.0903 acc1 96.51%
2026-05-01 10:42:38 - __main__ - INFO - Val:   loss 1.4063 acc1 74.31%
2026-05-01 10:42:38 - __main__ - INFO - 
Epoch 55/60 | lr 0.002917
2026-05-01 10:52:22 - __main__ - INFO - Train: loss 0.0813 acc1 96.85%
2026-05-01 10:52:22 - __main__ - INFO - Val:   loss 1.4257 acc1 74.54%
2026-05-01 10:52:22 - __main__ - INFO - saved best: 74.54%
2026-05-01 10:52:22 - __main__ - INFO - 
Epoch 56/60 | lr 0.002035
2026-05-01 11:02:07 - __main__ - INFO - Train: loss 0.0757 acc1 97.07%
2026-05-01 11:02:07 - __main__ - INFO - Val:   loss 1.4151 acc1 74.65%
2026-05-01 11:02:07 - __main__ - INFO - saved best: 74.65%
2026-05-01 11:02:07 - __main__ - INFO - 
Epoch 57/60 | lr 0.001309
2026-05-01 11:11:51 - __main__ - INFO - Train: loss 0.0707 acc1 97.22%
2026-05-01 11:11:51 - __main__ - INFO - Val:   loss 1.4355 acc1 74.60%
2026-05-01 11:11:51 - __main__ - INFO - 
Epoch 58/60 | lr 0.000742
2026-05-01 11:21:35 - __main__ - INFO - Train: loss 0.0671 acc1 97.39%
2026-05-01 11:21:35 - __main__ - INFO - Val:   loss 1.4332 acc1 74.72%
2026-05-01 11:21:35 - __main__ - INFO - saved best: 74.72%
2026-05-01 11:21:35 - __main__ - INFO - 
Epoch 59/60 | lr 0.000336
2026-05-01 11:31:19 - __main__ - INFO - Train: loss 0.0650 acc1 97.50%
2026-05-01 11:31:19 - __main__ - INFO - Val:   loss 1.4307 acc1 74.61%
2026-05-01 11:31:19 - __main__ - INFO - 
Epoch 60/60 | lr 0.000092
2026-05-01 11:41:04 - __main__ - INFO - Train: loss 0.0642 acc1 97.49%
2026-05-01 11:41:04 - __main__ - INFO - Val:   loss 1.4383 acc1 74.50%
2026-05-01 11:41:04 - __main__ - INFO - Loaded best checkpoint weights for final test evaluation.
2026-05-01 11:41:30 - __main__ - INFO - 
Best tracked (val): 74.72%
2026-05-01 11:41:30 - __main__ - INFO - Final test: loss 1.4126 acc1 74.53%
2026-05-01 11:41:30 - __main__ - INFO -   OOM recovery succeeded for output densenet121 [original] with batch_size=64, amp=False
2026-05-01 11:41:30 - __main__ - INFO -   Final training settings for output densenet121 [original]: batch_size=64, amp=False
2026-05-01 11:42:22 - __main__ - INFO - Variant [original] done — test acc 74.53%, test loss 1.4126
2026-05-01 11:42:22 - __main__ - INFO - 
============================================================
2026-05-01 11:42:22 - __main__ - INFO - Training output model: densenet121 [low_saliency]
2026-05-01 11:42:22 - __main__ - INFO -   Resolved config → opt=sgd, lr=0.1, wd=0.0001, bs=256, epochs=60, scheduler=cosine, warmup=5
2026-05-01 11:42:22 - __main__ - INFO - ============================================================
2026-05-01 11:42:22 - __main__ - INFO -   Validation during training uses variant split with val_split=0.1
2026-05-01 11:42:22 - __main__ - INFO -   Final test uses low_saliency variant test split
2026-05-01 11:42:22 - __main__ - INFO -   Retry policy: training output densenet121 [low_saliency] with batch_size=256, amp=False
2026-05-01 11:42:22 - __main__ - INFO - device: cuda | cuda: True | gpu: NVIDIA L4
2026-05-01 11:42:25 - __main__ - INFO - Model: densenet121 | Dataset: drive_zip | Classes: 17 | Optimizer: sgd
2026-05-01 11:42:25 - __main__ - INFO - 
Epoch 1/60 | lr 0.000100
2026-05-01 11:42:30 - __main__ - WARNING -   CUDA OOM for output densenet121 [low_saliency] at batch_size=256, amp=False; retrying with safer settings.
2026-05-01 11:45:51 - __main__ - INFO -   Retry policy: training output densenet121 [low_saliency] with batch_size=128, amp=False
2026-05-01 11:45:51 - __main__ - INFO - device: cuda | cuda: True | gpu: NVIDIA L4
2026-05-01 11:45:53 - __main__ - INFO - Model: densenet121 | Dataset: drive_zip | Classes: 17 | Optimizer: sgd
2026-05-01 11:45:53 - __main__ - INFO - 
Epoch 1/60 | lr 0.000100
2026-05-01 11:45:55 - __main__ - WARNING -   CUDA OOM for output densenet121 [low_saliency] at batch_size=128, amp=False; retrying with safer settings.
2026-05-01 11:45:55 - __main__ - INFO -   Retry policy: training output densenet121 [low_saliency] with batch_size=64, amp=False
2026-05-01 11:45:56 - __main__ - INFO - device: cuda | cuda: True | gpu: NVIDIA L4
2026-05-01 11:45:57 - __main__ - INFO - Model: densenet121 | Dataset: drive_zip | Classes: 17 | Optimizer: sgd
2026-05-01 11:45:57 - __main__ - INFO - 
Epoch 1/60 | lr 0.000100
2026-05-01 11:55:43 - __main__ - INFO - Train: loss 2.7301 acc1 13.58%
2026-05-01 11:55:43 - __main__ - INFO - Val:   loss 2.6103 acc1 17.51%
2026-05-01 11:55:43 - __main__ - INFO - saved best: 17.51%
2026-05-01 11:55:43 - __main__ - INFO - 
Epoch 2/60 | lr 0.020080
2026-05-01 12:05:28 - __main__ - INFO - Train: loss 2.1825 acc1 28.19%
2026-05-01 12:05:28 - __main__ - INFO - Val:   loss 2.6358 acc1 28.14%
2026-05-01 12:05:28 - __main__ - INFO - saved best: 28.14%
2026-05-01 12:05:28 - __main__ - INFO - 
Epoch 3/60 | lr 0.040060
2026-05-01 12:15:12 - __main__ - INFO - Train: loss 1.8421 acc1 37.62%
2026-05-01 12:15:12 - __main__ - INFO - Val:   loss 1.7343 acc1 40.85%
2026-05-01 12:15:12 - __main__ - INFO - saved best: 40.85%
2026-05-01 12:15:12 - __main__ - INFO - 
Epoch 4/60 | lr 0.060040
2026-05-01 12:24:56 - __main__ - INFO - Train: loss 1.6887 acc1 42.20%
2026-05-01 12:24:56 - __main__ - INFO - Val:   loss 1.7876 acc1 38.91%
2026-05-01 12:24:56 - __main__ - INFO - 
Epoch 5/60 | lr 0.080020
2026-05-01 12:34:40 - __main__ - INFO - Train: loss 1.5984 acc1 45.29%
2026-05-01 12:34:40 - __main__ - INFO - Val:   loss 1.8006 acc1 40.88%
2026-05-01 12:34:41 - __main__ - INFO - saved best: 40.88%
2026-05-01 12:34:41 - __main__ - INFO - 
Epoch 6/60 | lr 0.100000
2026-05-01 12:44:25 - __main__ - INFO - Train: loss 1.5323 acc1 47.89%
2026-05-01 12:44:25 - __main__ - INFO - Val:   loss 1.7217 acc1 42.62%
2026-05-01 12:44:25 - __main__ - INFO - saved best: 42.62%
2026-05-01 12:44:25 - __main__ - INFO - 
Epoch 7/60 | lr 0.099918
2026-05-01 12:54:09 - __main__ - INFO - Train: loss 1.4531 acc1 50.66%
2026-05-01 12:54:09 - __main__ - INFO - Val:   loss 1.5871 acc1 47.66%
2026-05-01 12:54:09 - __main__ - INFO - saved best: 47.66%
2026-05-01 12:54:09 - __main__ - INFO - 
Epoch 8/60 | lr 0.099674
2026-05-01 13:03:53 - __main__ - INFO - Train: loss 1.3827 acc1 53.08%
2026-05-01 13:03:53 - __main__ - INFO - Val:   loss 1.4940 acc1 50.31%
2026-05-01 13:03:53 - __main__ - INFO - saved best: 50.31%
2026-05-01 13:03:53 - __main__ - INFO - 
Epoch 9/60 | lr 0.099268
2026-05-01 13:13:37 - __main__ - INFO - Train: loss 1.3264 acc1 55.36%
2026-05-01 13:13:37 - __main__ - INFO - Val:   loss 1.7951 acc1 43.00%
2026-05-01 13:13:37 - __main__ - INFO - 
Epoch 10/60 | lr 0.098701
2026-05-01 13:23:21 - __main__ - INFO - Train: loss 1.2791 acc1 56.98%
2026-05-01 13:23:21 - __main__ - INFO - Val:   loss 1.3532 acc1 55.22%
2026-05-01 13:23:21 - __main__ - INFO - saved best: 55.22%
2026-05-01 13:23:21 - __main__ - INFO - 
Epoch 11/60 | lr 0.097975
2026-05-01 13:33:05 - __main__ - INFO - Train: loss 1.2395 acc1 58.29%
2026-05-01 13:33:05 - __main__ - INFO - Val:   loss 1.4685 acc1 51.97%
2026-05-01 13:33:05 - __main__ - INFO - 
Epoch 12/60 | lr 0.097093
2026-05-01 13:42:49 - __main__ - INFO - Train: loss 1.2019 acc1 59.61%
2026-05-01 13:42:49 - __main__ - INFO - Val:   loss 1.4082 acc1 53.42%
2026-05-01 13:42:49 - __main__ - INFO - 
Epoch 13/60 | lr 0.096057
2026-05-01 13:52:33 - __main__ - INFO - Train: loss 1.1734 acc1 60.61%
2026-05-01 13:52:33 - __main__ - INFO - Val:   loss 1.3527 acc1 55.72%
2026-05-01 13:52:33 - __main__ - INFO - saved best: 55.72%
2026-05-01 13:52:33 - __main__ - INFO - 
Epoch 14/60 | lr 0.094870
2026-05-01 14:02:17 - __main__ - INFO - Train: loss 1.1458 acc1 61.56%
2026-05-01 14:02:17 - __main__ - INFO - Val:   loss 1.2556 acc1 59.18%
2026-05-01 14:02:17 - __main__ - INFO - saved best: 59.18%
2026-05-01 14:02:17 - __main__ - INFO - 
Epoch 15/60 | lr 0.093538
2026-05-01 14:12:00 - __main__ - INFO - Train: loss 1.1224 acc1 62.47%
2026-05-01 14:12:00 - __main__ - INFO - Val:   loss 1.3519 acc1 56.07%
2026-05-01 14:12:00 - __main__ - INFO - 
Epoch 16/60 | lr 0.092063
2026-05-01 14:21:44 - __main__ - INFO - Train: loss 1.1003 acc1 63.22%
2026-05-01 14:21:44 - __main__ - INFO - Val:   loss 1.3131 acc1 57.77%
2026-05-01 14:21:44 - __main__ - INFO - 
Epoch 17/60 | lr 0.090452
2026-05-01 14:31:28 - __main__ - INFO - Train: loss 1.0747 acc1 64.13%
2026-05-01 14:31:28 - __main__ - INFO - Val:   loss 1.3098 acc1 57.89%
2026-05-01 14:31:28 - __main__ - INFO - 
Epoch 18/60 | lr 0.088708
2026-05-01 14:41:12 - __main__ - INFO - Train: loss 1.0512 acc1 64.79%
2026-05-01 14:41:12 - __main__ - INFO - Val:   loss 1.2428 acc1 59.72%
2026-05-01 14:41:12 - __main__ - INFO - saved best: 59.72%
2026-05-01 14:41:12 - __main__ - INFO - 
Epoch 19/60 | lr 0.086838
2026-05-01 14:50:55 - __main__ - INFO - Train: loss 1.0351 acc1 65.41%
2026-05-01 14:50:55 - __main__ - INFO - Val:   loss 1.6218 acc1 50.21%
2026-05-01 14:50:55 - __main__ - INFO - 
Epoch 20/60 | lr 0.084848
2026-05-01 15:00:39 - __main__ - INFO - Train: loss 1.0105 acc1 66.16%
2026-05-01 15:00:39 - __main__ - INFO - Val:   loss 1.2690 acc1 59.42%
2026-05-01 15:00:39 - __main__ - INFO - 
Epoch 21/60 | lr 0.082745
2026-05-01 15:10:22 - __main__ - INFO - Train: loss 0.9893 acc1 66.83%
2026-05-01 15:10:22 - __main__ - INFO - Val:   loss 1.2927 acc1 58.79%
2026-05-01 15:10:22 - __main__ - INFO - 
Epoch 22/60 | lr 0.080534
2026-05-01 15:20:06 - __main__ - INFO - Train: loss 0.9674 acc1 67.66%
2026-05-01 15:20:06 - __main__ - INFO - Val:   loss 1.1910 acc1 61.19%
2026-05-01 15:20:06 - __main__ - INFO - saved best: 61.19%
2026-05-01 15:20:06 - __main__ - INFO - 
Epoch 23/60 | lr 0.078224
2026-05-01 15:29:50 - __main__ - INFO - Train: loss 0.9486 acc1 68.19%
2026-05-01 15:29:50 - __main__ - INFO - Val:   loss 1.2440 acc1 59.43%
2026-05-01 15:29:50 - __main__ - INFO - 
Epoch 24/60 | lr 0.075822
2026-05-01 15:39:33 - __main__ - INFO - Train: loss 0.9257 acc1 68.83%
2026-05-01 15:39:33 - __main__ - INFO - Val:   loss 1.1687 acc1 62.88%
2026-05-01 15:39:33 - __main__ - INFO - saved best: 62.88%
2026-05-01 15:39:33 - __main__ - INFO - 
Epoch 25/60 | lr 0.073336
2026-05-01 15:49:17 - __main__ - INFO - Train: loss 0.9031 acc1 69.56%
2026-05-01 15:49:17 - __main__ - INFO - Val:   loss 1.2471 acc1 60.96%
2026-05-01 15:49:17 - __main__ - INFO - 
Epoch 26/60 | lr 0.070774
2026-05-01 15:59:00 - __main__ - INFO - Train: loss 0.8817 acc1 70.30%
2026-05-01 15:59:00 - __main__ - INFO - Val:   loss 1.2548 acc1 61.16%
2026-05-01 15:59:00 - __main__ - INFO - 
Epoch 27/60 | lr 0.068144
2026-05-01 16:08:44 - __main__ - INFO - Train: loss 0.8565 acc1 71.07%
2026-05-01 16:08:44 - __main__ - INFO - Val:   loss 1.1393 acc1 63.21%
2026-05-01 16:08:44 - __main__ - INFO - saved best: 63.21%
2026-05-01 16:08:44 - __main__ - INFO - 
Epoch 28/60 | lr 0.065454
2026-05-01 16:18:28 - __main__ - INFO - Train: loss 0.8294 acc1 72.11%
2026-05-01 16:18:28 - __main__ - INFO - Val:   loss 1.2090 acc1 61.35%
2026-05-01 16:18:28 - __main__ - INFO - 
Epoch 29/60 | lr 0.062715
2026-05-01 16:28:12 - __main__ - INFO - Train: loss 0.8034 acc1 72.89%
2026-05-01 16:28:12 - __main__ - INFO - Val:   loss 1.2227 acc1 61.97%
2026-05-01 16:28:12 - __main__ - INFO - 
Epoch 30/60 | lr 0.059934
2026-05-01 16:37:56 - __main__ - INFO - Train: loss 0.7820 acc1 73.63%
2026-05-01 16:37:56 - __main__ - INFO - Val:   loss 1.2233 acc1 62.74%
2026-05-01 16:37:56 - __main__ - INFO - 
Epoch 31/60 | lr 0.057120
2026-05-01 16:47:39 - __main__ - INFO - Train: loss 0.7526 acc1 74.48%
2026-05-01 16:47:39 - __main__ - INFO - Val:   loss 1.3585 acc1 59.53%
2026-05-01 16:47:39 - __main__ - INFO - 
Epoch 32/60 | lr 0.054283
2026-05-01 16:57:23 - __main__ - INFO - Train: loss 0.7229 acc1 75.53%
2026-05-01 16:57:23 - __main__ - INFO - Val:   loss 1.2560 acc1 60.71%
2026-05-01 16:57:23 - __main__ - INFO - 
Epoch 33/60 | lr 0.051433
2026-05-01 17:07:07 - __main__ - INFO - Train: loss 0.6934 acc1 76.39%
2026-05-01 17:07:07 - __main__ - INFO - Val:   loss 1.1973 acc1 64.22%
2026-05-01 17:07:07 - __main__ - INFO - saved best: 64.22%
2026-05-01 17:07:07 - __main__ - INFO - 
Epoch 34/60 | lr 0.048577
2026-05-01 17:16:51 - __main__ - INFO - Train: loss 0.6671 acc1 77.26%
2026-05-01 17:16:51 - __main__ - INFO - Val:   loss 1.4293 acc1 58.41%
2026-05-01 17:16:51 - __main__ - INFO - 
Epoch 35/60 | lr 0.045727
2026-05-01 17:26:35 - __main__ - INFO - Train: loss 0.6357 acc1 78.41%
2026-05-01 17:26:35 - __main__ - INFO - Val:   loss 1.1792 acc1 66.10%
2026-05-01 17:26:35 - __main__ - INFO - saved best: 66.10%
2026-05-01 17:26:35 - __main__ - INFO - 
Epoch 36/60 | lr 0.042890
2026-05-01 17:36:19 - __main__ - INFO - Train: loss 0.6030 acc1 79.41%
2026-05-01 17:36:19 - __main__ - INFO - Val:   loss 1.2058 acc1 65.49%
2026-05-01 17:36:19 - __main__ - INFO - 
Epoch 37/60 | lr 0.040076
2026-05-01 17:46:02 - __main__ - INFO - Train: loss 0.5735 acc1 80.21%
2026-05-01 17:46:02 - __main__ - INFO - Val:   loss 1.1912 acc1 65.97%
2026-05-01 17:46:02 - __main__ - INFO - 
Epoch 38/60 | lr 0.037295
2026-05-01 17:55:46 - __main__ - INFO - Train: loss 0.5358 acc1 81.59%
2026-05-01 17:55:46 - __main__ - INFO - Val:   loss 1.1849 acc1 67.06%
2026-05-01 17:55:46 - __main__ - INFO - saved best: 67.06%
2026-05-01 17:55:46 - __main__ - INFO - 
Epoch 39/60 | lr 0.034556
2026-05-01 18:05:30 - __main__ - INFO - Train: loss 0.5006 acc1 82.78%
2026-05-01 18:05:30 - __main__ - INFO - Val:   loss 1.3398 acc1 62.99%
2026-05-01 18:05:30 - __main__ - INFO - 
Epoch 40/60 | lr 0.031866
2026-05-01 18:15:14 - __main__ - INFO - Train: loss 0.4626 acc1 83.96%
2026-05-01 18:15:14 - __main__ - INFO - Val:   loss 1.2399 acc1 66.42%
2026-05-01 18:15:14 - __main__ - INFO - 
Epoch 41/60 | lr 0.029236
2026-05-01 18:24:58 - __main__ - INFO - Train: loss 0.4293 acc1 84.97%
2026-05-01 18:24:58 - __main__ - INFO - Val:   loss 1.2289 acc1 67.37%
2026-05-01 18:24:58 - __main__ - INFO - saved best: 67.37%
2026-05-01 18:24:58 - __main__ - INFO - 
Epoch 42/60 | lr 0.026674
2026-05-01 18:34:42 - __main__ - INFO - Train: loss 0.3924 acc1 86.38%
2026-05-01 18:34:42 - __main__ - INFO - Val:   loss 1.2431 acc1 68.83%
2026-05-01 18:34:42 - __main__ - INFO - saved best: 68.83%
2026-05-01 18:34:42 - __main__ - INFO - 
Epoch 43/60 | lr 0.024188
2026-05-01 18:44:26 - __main__ - INFO - Train: loss 0.3504 acc1 87.76%
2026-05-01 18:44:26 - __main__ - INFO - Val:   loss 1.2729 acc1 69.11%
2026-05-01 18:44:26 - __main__ - INFO - saved best: 69.11%
2026-05-01 18:44:26 - __main__ - INFO - 
Epoch 44/60 | lr 0.021786
2026-05-01 18:54:09 - __main__ - INFO - Train: loss 0.3130 acc1 89.14%
2026-05-01 18:54:09 - __main__ - INFO - Val:   loss 1.2200 acc1 70.68%
2026-05-01 18:54:10 - __main__ - INFO - saved best: 70.68%
2026-05-01 18:54:10 - __main__ - INFO - 
Epoch 45/60 | lr 0.019476
2026-05-01 19:03:53 - __main__ - INFO - Train: loss 0.2791 acc1 90.21%
2026-05-01 19:03:53 - __main__ - INFO - Val:   loss 1.2708 acc1 70.29%
2026-05-01 19:03:53 - __main__ - INFO - 
Epoch 46/60 | lr 0.017265
2026-05-01 19:13:37 - __main__ - INFO - Train: loss 0.2394 acc1 91.56%
2026-05-01 19:13:37 - __main__ - INFO - Val:   loss 1.3556 acc1 70.28%
2026-05-01 19:13:37 - __main__ - INFO - 
Epoch 47/60 | lr 0.015162
2026-05-01 19:23:21 - __main__ - INFO - Train: loss 0.2053 acc1 92.65%
2026-05-01 19:23:21 - __main__ - INFO - Val:   loss 1.3371 acc1 71.71%
2026-05-01 19:23:21 - __main__ - INFO - saved best: 71.71%
2026-05-01 19:23:21 - __main__ - INFO - 
Epoch 48/60 | lr 0.013172
2026-05-01 19:33:05 - __main__ - INFO - Train: loss 0.1742 acc1 93.76%
2026-05-01 19:33:05 - __main__ - INFO - Val:   loss 1.4125 acc1 71.86%
2026-05-01 19:33:05 - __main__ - INFO - saved best: 71.86%
2026-05-01 19:33:05 - __main__ - INFO - 
Epoch 49/60 | lr 0.011302
2026-05-01 19:42:49 - __main__ - INFO - Train: loss 0.1493 acc1 94.58%
2026-05-01 19:42:49 - __main__ - INFO - Val:   loss 1.4366 acc1 72.04%
2026-05-01 19:42:49 - __main__ - INFO - saved best: 72.04%
2026-05-01 19:42:49 - __main__ - INFO - 
Epoch 50/60 | lr 0.009558
2026-05-01 19:52:33 - __main__ - INFO - Train: loss 0.1258 acc1 95.39%
2026-05-01 19:52:33 - __main__ - INFO - Val:   loss 1.4346 acc1 72.52%
2026-05-01 19:52:33 - __main__ - INFO - saved best: 72.52%
2026-05-01 19:52:33 - __main__ - INFO - 
Epoch 51/60 | lr 0.007947
2026-05-01 20:02:17 - __main__ - INFO - Train: loss 0.1086 acc1 95.92%
2026-05-01 20:02:17 - __main__ - INFO - Val:   loss 1.4505 acc1 72.63%
2026-05-01 20:02:17 - __main__ - INFO - saved best: 72.63%
2026-05-01 20:02:17 - __main__ - INFO - 
Epoch 52/60 | lr 0.006472
2026-05-01 20:12:00 - __main__ - INFO - Train: loss 0.0951 acc1 96.38%
2026-05-01 20:12:00 - __main__ - INFO - Val:   loss 1.4832 acc1 72.78%
2026-05-01 20:12:00 - __main__ - INFO - saved best: 72.78%
2026-05-01 20:12:00 - __main__ - INFO - 
Epoch 53/60 | lr 0.005140
2026-05-01 20:21:44 - __main__ - INFO - Train: loss 0.0830 acc1 96.84%
2026-05-01 20:21:44 - __main__ - INFO - Val:   loss 1.5272 acc1 73.01%
2026-05-01 20:21:44 - __main__ - INFO - saved best: 73.01%
2026-05-01 20:21:44 - __main__ - INFO - 
Epoch 54/60 | lr 0.003953
2026-05-01 20:31:28 - __main__ - INFO - Train: loss 0.0750 acc1 97.13%
2026-05-01 20:31:28 - __main__ - INFO - Val:   loss 1.5215 acc1 72.95%
2026-05-01 20:31:28 - __main__ - INFO - 
Epoch 55/60 | lr 0.002917
2026-05-01 20:41:12 - __main__ - INFO - Train: loss 0.0684 acc1 97.34%
2026-05-01 20:41:12 - __main__ - INFO - Val:   loss 1.5236 acc1 72.97%
2026-05-01 20:41:12 - __main__ - INFO - 
Epoch 56/60 | lr 0.002035
2026-05-01 20:50:55 - __main__ - INFO - Train: loss 0.0642 acc1 97.48%
2026-05-01 20:50:55 - __main__ - INFO - Val:   loss 1.5295 acc1 73.27%
2026-05-01 20:50:55 - __main__ - INFO - saved best: 73.27%
2026-05-01 20:50:55 - __main__ - INFO - 
Epoch 57/60 | lr 0.001309
2026-05-01 21:00:39 - __main__ - INFO - Train: loss 0.0606 acc1 97.67%
2026-05-01 21:00:39 - __main__ - INFO - Val:   loss 1.5520 acc1 73.37%
2026-05-01 21:00:39 - __main__ - INFO - saved best: 73.37%
2026-05-01 21:00:39 - __main__ - INFO - 
Epoch 58/60 | lr 0.000742
2026-05-01 21:10:23 - __main__ - INFO - Train: loss 0.0571 acc1 97.83%
2026-05-01 21:10:23 - __main__ - INFO - Val:   loss 1.5364 acc1 73.24%
2026-05-01 21:10:23 - __main__ - INFO - 
Epoch 59/60 | lr 0.000336
2026-05-01 21:20:07 - __main__ - INFO - Train: loss 0.0559 acc1 97.84%
2026-05-01 21:20:07 - __main__ - INFO - Val:   loss 1.5538 acc1 73.44%
2026-05-01 21:20:07 - __main__ - INFO - saved best: 73.44%
2026-05-01 21:20:07 - __main__ - INFO - 
Epoch 60/60 | lr 0.000092
2026-05-01 21:29:51 - __main__ - INFO - Train: loss 0.0553 acc1 97.89%
2026-05-01 21:29:51 - __main__ - INFO - Val:   loss 1.5425 acc1 73.25%
2026-05-01 21:29:51 - __main__ - INFO - Loaded best checkpoint weights for final test evaluation.
2026-05-01 21:30:16 - __main__ - INFO - 
Best tracked (val): 73.44%
2026-05-01 21:30:16 - __main__ - INFO - Final test: loss 1.5305 acc1 73.29%
2026-05-01 21:30:17 - __main__ - INFO -   OOM recovery succeeded for output densenet121 [low_saliency] with batch_size=64, amp=False
2026-05-01 21:30:17 - __main__ - INFO -   Final training settings for output densenet121 [low_saliency]: batch_size=64, amp=False
2026-05-01 21:31:08 - __main__ - INFO - Variant [low_saliency] done — test acc 73.29%, test loss 1.5305
2026-05-01 21:31:09 - __main__ - INFO - Saved validation comparison plot: runs/drive_zip_2026_04/30/output_models/densenet121/validation_comparison_plot.png
2026-05-01 21:31:09 - __main__ - INFO - 
Results saved to ./runs/drive_zip_2026_04/30/comparison_results.json
2026-05-01 21:31:09 - __main__ - INFO - 
================================================================================================
2026-05-01 21:31:09 - __main__ - INFO - COMPARISON RESULTS — output model: densenet121
2026-05-01 21:31:09 - __main__ - INFO - ================================================================================================
2026-05-01 21:31:09 - __main__ - INFO - Variant            PrimaryAcc PrimaryLoss  OrigTestAcc OrigTestLoss
2026-05-01 21:31:09 - __main__ - INFO - ------------------ ---------- ---------- ------------ ------------
2026-05-01 21:31:09 - __main__ - INFO - original               74.53%     1.4126       74.53%       1.4126
2026-05-01 21:31:09 - __main__ - INFO - low_saliency           73.29%     1.5305       71.82%       1.4946
2026-05-01 21:31:09 - __main__ - INFO - Primary metrics use each variant's own test split; OrigTest* compares all variants on the same original test split.
2026-05-01 21:31:09 - __main__ - INFO - ================================================================================================
2026-05-01 21:31:09 - __main__ - INFO - CROSS-EVAL MATRIX — output model: densenet121
2026-05-01 21:31:09 - __main__ - INFO - Train / Test               original low_saliency
2026-05-01 21:31:09 - __main__ - INFO - ---------------------- ------------ ------------
2026-05-01 21:31:09 - __main__ - INFO - original                     74.53%       69.00%
2026-05-01 21:31:09 - __main__ - INFO - low_saliency                 71.82%       73.29%
2026-05-01 21:31:09 - __main__ - INFO - Interpretation: train(masked)->test(original) isolates augmentation transfer; train(original)->test(masked) isolates preprocessing effect.
2026-05-01 21:31:09 - __main__ - INFO - ================================================================================================
