2026-04-15 22:03:00 - __main__ - INFO - Comparison pipeline | device=cuda | out_dir=./runs/drive_zip_2026_04/15 | args={"adamw_betas": [0.9, 0.999], "adamw_eps": 1e-08, "amp": false, "batch_size": 128, "cam_layer": "auto", "config": "/content/CAMRegularization/configs.json", "data_dir": "./data", "dataset": "drive_zip", "enable_random_control": false, "enable_shuffled_cam_control": false, "epochs": 100, "gamma": 0.1, "input_models": ["efficientnet_b0"], "label_smoothing": 0.0, "log_every": 100, "lr": 0.1, "milestones": "60,80", "min_lr": 1e-05, "momentum": 0.9, "nesterov": false, "num_workers": 2, "optimizer": "sgd", "out_dir": "./runs/drive_zip_2026_04/15", "output_models": ["resnet18"], "run_name": "", "scheduler": "cosine", "seed": 42, "threshold": 0.1, "val_split": 0.1, "warmup_epochs": 5, "weight_decay": 0.0005}
2026-04-15 22:03:00 - __main__ - INFO - Enabled variants: ['original', 'low_saliency']
2026-04-15 22:03:00 - __main__ - INFO - 
============================================================
2026-04-15 22:03:00 - __main__ - INFO - Training input model: efficientnet_b0
2026-04-15 22:03:00 - __main__ - INFO -   Resolved config → opt=sgd, lr=0.05, wd=0.0001, bs=64, epochs=100, scheduler=cosine, warmup=5
2026-04-15 22:03:00 - __main__ - INFO - ============================================================
2026-04-15 22:03:00 - __main__ - INFO - device: cuda | cuda: True | gpu: NVIDIA L4
2026-04-15 22:04:58 - __main__ - INFO - Model: efficientnet_b0 | Dataset: drive_zip | Classes: 17 | Optimizer: sgd
2026-04-15 22:04:58 - __main__ - INFO - 
Epoch 1/100 | lr 0.000050
2026-04-15 22:10:35 - __main__ - INFO - Train: loss 2.8319 acc1 6.43%
2026-04-15 22:10:35 - __main__ - INFO - Val:   loss 2.9065 acc1 7.05%
2026-04-15 22:10:35 - __main__ - INFO - saved best: 7.05%
2026-04-15 22:10:35 - __main__ - INFO - 
Epoch 2/100 | lr 0.010040
2026-04-15 22:16:10 - __main__ - INFO - Train: loss 2.4801 acc1 19.06%
2026-04-15 22:16:10 - __main__ - INFO - Val:   loss 2.3122 acc1 25.68%
2026-04-15 22:16:10 - __main__ - INFO - saved best: 25.68%
2026-04-15 22:16:10 - __main__ - INFO - 
Epoch 3/100 | lr 0.020030
2026-04-15 22:21:45 - __main__ - INFO - Train: loss 2.2053 acc1 26.92%
2026-04-15 22:21:45 - __main__ - INFO - Val:   loss 2.2671 acc1 26.22%
2026-04-15 22:21:45 - __main__ - INFO - saved best: 26.22%
2026-04-15 22:21:45 - __main__ - INFO - 
Epoch 4/100 | lr 0.030020
2026-04-15 22:27:20 - __main__ - INFO - Train: loss 2.0764 acc1 30.60%
2026-04-15 22:27:20 - __main__ - INFO - Val:   loss 1.9473 acc1 35.68%
2026-04-15 22:27:20 - __main__ - INFO - saved best: 35.68%
2026-04-15 22:27:20 - __main__ - INFO - 
Epoch 5/100 | lr 0.040010
2026-04-15 22:32:54 - __main__ - INFO - Train: loss 1.9901 acc1 33.08%
2026-04-15 22:32:54 - __main__ - INFO - Val:   loss 2.2006 acc1 28.32%
2026-04-15 22:32:54 - __main__ - INFO - 
Epoch 6/100 | lr 0.050000
2026-04-15 22:38:29 - __main__ - INFO - Train: loss 1.9360 acc1 34.65%
2026-04-15 22:38:29 - __main__ - INFO - Val:   loss 2.0171 acc1 33.46%
2026-04-15 22:38:29 - __main__ - INFO - 
Epoch 7/100 | lr 0.049986
2026-04-15 22:44:03 - __main__ - INFO - Train: loss 1.8746 acc1 36.67%
2026-04-15 22:44:03 - __main__ - INFO - Val:   loss 1.9515 acc1 34.30%
2026-04-15 22:44:03 - __main__ - INFO - 
Epoch 8/100 | lr 0.049945
2026-04-15 22:49:38 - __main__ - INFO - Train: loss 1.8403 acc1 37.60%
2026-04-15 22:49:38 - __main__ - INFO - Val:   loss 1.7324 acc1 41.24%
2026-04-15 22:49:38 - __main__ - INFO - saved best: 41.24%
2026-04-15 22:49:38 - __main__ - INFO - 
Epoch 9/100 | lr 0.049877
2026-04-15 22:55:13 - __main__ - INFO - Train: loss 1.8123 acc1 38.36%
2026-04-15 22:55:13 - __main__ - INFO - Val:   loss 1.6696 acc1 42.18%
2026-04-15 22:55:13 - __main__ - INFO - saved best: 42.18%
2026-04-15 22:55:13 - __main__ - INFO - 
Epoch 10/100 | lr 0.049782
2026-04-15 23:00:47 - __main__ - INFO - Train: loss 1.7943 acc1 38.66%
2026-04-15 23:00:47 - __main__ - INFO - Val:   loss 1.7771 acc1 40.69%
2026-04-15 23:00:47 - __main__ - INFO - 
Epoch 11/100 | lr 0.049659
2026-04-15 23:06:21 - __main__ - INFO - Train: loss 1.7737 acc1 39.56%
2026-04-15 23:06:21 - __main__ - INFO - Val:   loss 1.6581 acc1 43.59%
2026-04-15 23:06:22 - __main__ - INFO - saved best: 43.59%
2026-04-15 23:06:22 - __main__ - INFO - 
Epoch 12/100 | lr 0.049510
2026-04-15 23:11:56 - __main__ - INFO - Train: loss 1.7623 acc1 39.81%
2026-04-15 23:11:56 - __main__ - INFO - Val:   loss 1.7576 acc1 40.65%
2026-04-15 23:11:56 - __main__ - INFO - 
Epoch 13/100 | lr 0.049333
2026-04-15 23:17:31 - __main__ - INFO - Train: loss 1.7486 acc1 40.30%
2026-04-15 23:17:31 - __main__ - INFO - Val:   loss 1.9241 acc1 35.23%
2026-04-15 23:17:31 - __main__ - INFO - 
Epoch 14/100 | lr 0.049130
2026-04-15 23:23:05 - __main__ - INFO - Train: loss 1.7358 acc1 40.65%
2026-04-15 23:23:05 - __main__ - INFO - Val:   loss 1.9067 acc1 35.65%
2026-04-15 23:23:05 - __main__ - INFO - 
Epoch 15/100 | lr 0.048901
2026-04-15 23:28:40 - __main__ - INFO - Train: loss 1.7252 acc1 41.17%
2026-04-15 23:28:40 - __main__ - INFO - Val:   loss 1.7364 acc1 41.50%
2026-04-15 23:28:40 - __main__ - INFO - 
Epoch 16/100 | lr 0.048646
2026-04-15 23:34:14 - __main__ - INFO - Train: loss 1.7185 acc1 41.40%
2026-04-15 23:34:14 - __main__ - INFO - Val:   loss 1.5925 acc1 44.44%
2026-04-15 23:34:14 - __main__ - INFO - saved best: 44.44%
2026-04-15 23:34:14 - __main__ - INFO - 
Epoch 17/100 | lr 0.048364
2026-04-15 23:39:49 - __main__ - INFO - Train: loss 1.7059 acc1 41.50%
2026-04-15 23:39:49 - __main__ - INFO - Val:   loss 1.8201 acc1 39.74%
2026-04-15 23:39:49 - __main__ - INFO - 
Epoch 18/100 | lr 0.048058
2026-04-15 23:45:23 - __main__ - INFO - Train: loss 1.7013 acc1 41.98%
2026-04-15 23:45:23 - __main__ - INFO - Val:   loss 1.6130 acc1 44.30%
2026-04-15 23:45:23 - __main__ - INFO - 
Epoch 19/100 | lr 0.047726
2026-04-15 23:50:57 - __main__ - INFO - Train: loss 1.6884 acc1 42.35%
2026-04-15 23:50:57 - __main__ - INFO - Val:   loss 1.7568 acc1 40.05%
2026-04-15 23:50:57 - __main__ - INFO - 
Epoch 20/100 | lr 0.047369
2026-04-15 23:56:32 - __main__ - INFO - Train: loss 1.6847 acc1 42.42%
2026-04-15 23:56:32 - __main__ - INFO - Val:   loss 1.7899 acc1 40.98%
2026-04-15 23:56:32 - __main__ - INFO - 
Epoch 21/100 | lr 0.046987
2026-04-16 00:02:06 - __main__ - INFO - Train: loss 1.6710 acc1 43.00%
2026-04-16 00:02:06 - __main__ - INFO - Val:   loss 2.0042 acc1 35.54%
2026-04-16 00:02:06 - __main__ - INFO - 
Epoch 22/100 | lr 0.046582
2026-04-16 00:07:40 - __main__ - INFO - Train: loss 1.6691 acc1 43.01%
2026-04-16 00:07:40 - __main__ - INFO - Val:   loss 1.7254 acc1 42.05%
2026-04-16 00:07:40 - __main__ - INFO - 
Epoch 23/100 | lr 0.046153
2026-04-16 00:13:15 - __main__ - INFO - Train: loss 1.6562 acc1 43.66%
2026-04-16 00:13:15 - __main__ - INFO - Val:   loss 1.6263 acc1 43.24%
2026-04-16 00:13:15 - __main__ - INFO - 
Epoch 24/100 | lr 0.045701
2026-04-16 00:18:49 - __main__ - INFO - Train: loss 1.6516 acc1 43.82%
2026-04-16 00:18:49 - __main__ - INFO - Val:   loss 1.5297 acc1 47.97%
2026-04-16 00:18:49 - __main__ - INFO - saved best: 47.97%
2026-04-16 00:18:49 - __main__ - INFO - 
Epoch 25/100 | lr 0.045226
2026-04-16 00:24:24 - __main__ - INFO - Train: loss 1.6408 acc1 44.02%
2026-04-16 00:24:24 - __main__ - INFO - Val:   loss 1.6365 acc1 44.70%
2026-04-16 00:24:24 - __main__ - INFO - 
Epoch 26/100 | lr 0.044730
2026-04-16 00:29:58 - __main__ - INFO - Train: loss 1.6378 acc1 44.22%
2026-04-16 00:29:58 - __main__ - INFO - Val:   loss 1.5257 acc1 47.68%
2026-04-16 00:29:58 - __main__ - INFO - 
Epoch 27/100 | lr 0.044211
2026-04-16 00:35:33 - __main__ - INFO - Train: loss 1.6292 acc1 44.34%
2026-04-16 00:35:33 - __main__ - INFO - Val:   loss 1.9553 acc1 35.90%
2026-04-16 00:35:33 - __main__ - INFO - 
Epoch 28/100 | lr 0.043672
2026-04-16 00:41:08 - __main__ - INFO - Train: loss 1.6270 acc1 44.74%
2026-04-16 00:41:08 - __main__ - INFO - Val:   loss 1.8408 acc1 39.33%
2026-04-16 00:41:08 - __main__ - INFO - 
Epoch 29/100 | lr 0.043112
2026-04-16 00:46:42 - __main__ - INFO - Train: loss 1.6171 acc1 44.81%
2026-04-16 00:46:42 - __main__ - INFO - Val:   loss 1.9890 acc1 37.47%
2026-04-16 00:46:42 - __main__ - INFO - 
Epoch 30/100 | lr 0.042532
2026-04-16 00:52:17 - __main__ - INFO - Train: loss 1.6111 acc1 45.08%
2026-04-16 00:52:17 - __main__ - INFO - Val:   loss 1.5746 acc1 46.48%
2026-04-16 00:52:17 - __main__ - INFO - 
Epoch 31/100 | lr 0.041934
2026-04-16 00:57:52 - __main__ - INFO - Train: loss 1.6022 acc1 45.43%
2026-04-16 00:57:52 - __main__ - INFO - Val:   loss 1.5780 acc1 46.68%
2026-04-16 00:57:52 - __main__ - INFO - 
Epoch 32/100 | lr 0.041316
2026-04-16 01:03:27 - __main__ - INFO - Train: loss 1.5969 acc1 45.55%
2026-04-16 01:03:27 - __main__ - INFO - Val:   loss 1.7834 acc1 40.84%
2026-04-16 01:03:27 - __main__ - INFO - 
Epoch 33/100 | lr 0.040681
2026-04-16 01:09:01 - __main__ - INFO - Train: loss 1.5885 acc1 45.78%
2026-04-16 01:09:01 - __main__ - INFO - Val:   loss 1.7655 acc1 42.38%
2026-04-16 01:09:01 - __main__ - INFO - 
Epoch 34/100 | lr 0.040029
2026-04-16 01:14:36 - __main__ - INFO - Train: loss 1.5849 acc1 46.01%
2026-04-16 01:14:36 - __main__ - INFO - Val:   loss 1.6502 acc1 43.95%
2026-04-16 01:14:36 - __main__ - INFO - 
Epoch 35/100 | lr 0.039360
2026-04-16 01:20:11 - __main__ - INFO - Train: loss 1.5767 acc1 46.43%
2026-04-16 01:20:11 - __main__ - INFO - Val:   loss 1.4686 acc1 49.72%
2026-04-16 01:20:11 - __main__ - INFO - saved best: 49.72%
2026-04-16 01:20:11 - __main__ - INFO - 
Epoch 36/100 | lr 0.038676
2026-04-16 01:25:45 - __main__ - INFO - Train: loss 1.5687 acc1 46.64%
2026-04-16 01:25:45 - __main__ - INFO - Val:   loss 1.6237 acc1 45.66%
2026-04-16 01:25:45 - __main__ - INFO - 
Epoch 37/100 | lr 0.037977
2026-04-16 01:31:20 - __main__ - INFO - Train: loss 1.5690 acc1 46.43%
2026-04-16 01:31:20 - __main__ - INFO - Val:   loss 1.7331 acc1 41.09%
2026-04-16 01:31:20 - __main__ - INFO - 
Epoch 38/100 | lr 0.037263
2026-04-16 01:36:54 - __main__ - INFO - Train: loss 1.5589 acc1 47.09%
2026-04-16 01:36:54 - __main__ - INFO - Val:   loss 1.5047 acc1 49.67%
2026-04-16 01:36:54 - __main__ - INFO - 
Epoch 39/100 | lr 0.036536
2026-04-16 01:42:28 - __main__ - INFO - Train: loss 1.5537 acc1 47.13%
2026-04-16 01:42:28 - __main__ - INFO - Val:   loss 1.4511 acc1 50.38%
2026-04-16 01:42:28 - __main__ - INFO - saved best: 50.38%
2026-04-16 01:42:28 - __main__ - INFO - 
Epoch 40/100 | lr 0.035797
2026-04-16 01:48:03 - __main__ - INFO - Train: loss 1.5460 acc1 47.49%
2026-04-16 01:48:03 - __main__ - INFO - Val:   loss 1.5001 acc1 49.46%
2026-04-16 01:48:03 - __main__ - INFO - 
Epoch 41/100 | lr 0.035045
2026-04-16 01:53:38 - __main__ - INFO - Train: loss 1.5421 acc1 47.51%
2026-04-16 01:53:38 - __main__ - INFO - Val:   loss 1.7401 acc1 41.93%
2026-04-16 01:53:38 - __main__ - INFO - 
Epoch 42/100 | lr 0.034283
2026-04-16 01:59:13 - __main__ - INFO - Train: loss 1.5315 acc1 47.91%
2026-04-16 01:59:13 - __main__ - INFO - Val:   loss 1.5101 acc1 48.59%
2026-04-16 01:59:13 - __main__ - INFO - 
Epoch 43/100 | lr 0.033511
2026-04-16 02:04:48 - __main__ - INFO - Train: loss 1.5323 acc1 48.00%
2026-04-16 02:04:48 - __main__ - INFO - Val:   loss 1.5292 acc1 48.56%
2026-04-16 02:04:48 - __main__ - INFO - 
Epoch 44/100 | lr 0.032729
2026-04-16 02:10:23 - __main__ - INFO - Train: loss 1.5237 acc1 48.26%
2026-04-16 02:10:23 - __main__ - INFO - Val:   loss 1.6369 acc1 45.49%
2026-04-16 02:10:23 - __main__ - INFO - 
Epoch 45/100 | lr 0.031939
2026-04-16 02:15:58 - __main__ - INFO - Train: loss 1.5172 acc1 48.34%
2026-04-16 02:15:58 - __main__ - INFO - Val:   loss 1.4406 acc1 51.06%
2026-04-16 02:15:58 - __main__ - INFO - saved best: 51.06%
2026-04-16 02:15:58 - __main__ - INFO - 
Epoch 46/100 | lr 0.031141
2026-04-16 02:21:32 - __main__ - INFO - Train: loss 1.5072 acc1 48.60%
2026-04-16 02:21:32 - __main__ - INFO - Val:   loss 1.5262 acc1 49.33%
2026-04-16 02:21:32 - __main__ - INFO - 
Epoch 47/100 | lr 0.030336
2026-04-16 02:27:07 - __main__ - INFO - Train: loss 1.5043 acc1 48.78%
2026-04-16 02:27:07 - __main__ - INFO - Val:   loss 1.5077 acc1 49.48%
2026-04-16 02:27:07 - __main__ - INFO - 
Epoch 48/100 | lr 0.029526
2026-04-16 02:32:41 - __main__ - INFO - Train: loss 1.4970 acc1 49.15%
2026-04-16 02:32:41 - __main__ - INFO - Val:   loss 1.5615 acc1 48.24%
2026-04-16 02:32:41 - __main__ - INFO - 
Epoch 49/100 | lr 0.028711
2026-04-16 02:38:16 - __main__ - INFO - Train: loss 1.4913 acc1 49.25%
2026-04-16 02:38:16 - __main__ - INFO - Val:   loss 1.6139 acc1 46.20%
2026-04-16 02:38:16 - __main__ - INFO - 
Epoch 50/100 | lr 0.027892
2026-04-16 02:43:50 - __main__ - INFO - Train: loss 1.4849 acc1 49.46%
2026-04-16 02:43:50 - __main__ - INFO - Val:   loss 1.4300 acc1 51.66%
2026-04-16 02:43:50 - __main__ - INFO - saved best: 51.66%
2026-04-16 02:43:50 - __main__ - INFO - 
Epoch 51/100 | lr 0.027069
2026-04-16 02:49:25 - __main__ - INFO - Train: loss 1.4741 acc1 49.98%
2026-04-16 02:49:25 - __main__ - INFO - Val:   loss 1.3881 acc1 52.58%
2026-04-16 02:49:25 - __main__ - INFO - saved best: 52.58%
2026-04-16 02:49:25 - __main__ - INFO - 
Epoch 52/100 | lr 0.026244
2026-04-16 02:54:59 - __main__ - INFO - Train: loss 1.4749 acc1 49.86%
2026-04-16 02:54:59 - __main__ - INFO - Val:   loss 1.4045 acc1 52.97%
2026-04-16 02:54:59 - __main__ - INFO - saved best: 52.97%
2026-04-16 02:54:59 - __main__ - INFO - 
Epoch 53/100 | lr 0.025418
2026-04-16 03:00:34 - __main__ - INFO - Train: loss 1.4589 acc1 50.50%
2026-04-16 03:00:34 - __main__ - INFO - Val:   loss 1.4719 acc1 50.86%
2026-04-16 03:00:34 - __main__ - INFO - 
Epoch 54/100 | lr 0.024592
2026-04-16 03:06:09 - __main__ - INFO - Train: loss 1.4570 acc1 50.39%
2026-04-16 03:06:09 - __main__ - INFO - Val:   loss 1.4264 acc1 52.45%
2026-04-16 03:06:09 - __main__ - INFO - 
Epoch 55/100 | lr 0.023766
2026-04-16 03:11:44 - __main__ - INFO - Train: loss 1.4499 acc1 50.56%
2026-04-16 03:11:44 - __main__ - INFO - Val:   loss 1.5575 acc1 48.63%
2026-04-16 03:11:44 - __main__ - INFO - 
Epoch 56/100 | lr 0.022941
2026-04-16 03:17:19 - __main__ - INFO - Train: loss 1.4402 acc1 51.13%
2026-04-16 03:17:19 - __main__ - INFO - Val:   loss 1.4629 acc1 51.67%
2026-04-16 03:17:19 - __main__ - INFO - 
Epoch 57/100 | lr 0.022118
2026-04-16 03:22:54 - __main__ - INFO - Train: loss 1.4337 acc1 51.23%
2026-04-16 03:22:54 - __main__ - INFO - Val:   loss 1.5228 acc1 49.37%
2026-04-16 03:22:54 - __main__ - INFO - 
Epoch 58/100 | lr 0.021299
2026-04-16 03:28:29 - __main__ - INFO - Train: loss 1.4300 acc1 51.45%
2026-04-16 03:28:29 - __main__ - INFO - Val:   loss 1.3695 acc1 54.48%
2026-04-16 03:28:29 - __main__ - INFO - saved best: 54.48%
2026-04-16 03:28:29 - __main__ - INFO - 
Epoch 59/100 | lr 0.020484
2026-04-16 03:34:03 - __main__ - INFO - Train: loss 1.4174 acc1 51.78%
2026-04-16 03:34:03 - __main__ - INFO - Val:   loss 1.3394 acc1 54.60%
2026-04-16 03:34:03 - __main__ - INFO - saved best: 54.60%
2026-04-16 03:34:03 - __main__ - INFO - 
Epoch 60/100 | lr 0.019674
2026-04-16 03:39:38 - __main__ - INFO - Train: loss 1.4126 acc1 51.87%
2026-04-16 03:39:38 - __main__ - INFO - Val:   loss 1.3567 acc1 54.27%
2026-04-16 03:39:38 - __main__ - INFO - 
Epoch 61/100 | lr 0.018869
2026-04-16 03:45:13 - __main__ - INFO - Train: loss 1.4015 acc1 52.08%
2026-04-16 03:45:13 - __main__ - INFO - Val:   loss 1.3643 acc1 53.96%
2026-04-16 03:45:13 - __main__ - INFO - 
Epoch 62/100 | lr 0.018071
2026-04-16 03:50:48 - __main__ - INFO - Train: loss 1.3968 acc1 52.53%
2026-04-16 03:50:48 - __main__ - INFO - Val:   loss 1.5646 acc1 48.34%
2026-04-16 03:50:48 - __main__ - INFO - 
Epoch 63/100 | lr 0.017281
2026-04-16 03:56:23 - __main__ - INFO - Train: loss 1.3884 acc1 52.69%
2026-04-16 03:56:23 - __main__ - INFO - Val:   loss 1.3769 acc1 53.30%
2026-04-16 03:56:23 - __main__ - INFO - 
Epoch 64/100 | lr 0.016499
2026-04-16 04:01:58 - __main__ - INFO - Train: loss 1.3829 acc1 52.90%
2026-04-16 04:01:58 - __main__ - INFO - Val:   loss 1.3390 acc1 54.58%
2026-04-16 04:01:58 - __main__ - INFO - 
Epoch 65/100 | lr 0.015727
2026-04-16 04:07:33 - __main__ - INFO - Train: loss 1.3669 acc1 53.48%
2026-04-16 04:07:33 - __main__ - INFO - Val:   loss 1.2535 acc1 57.65%
2026-04-16 04:07:33 - __main__ - INFO - saved best: 57.65%
2026-04-16 04:07:33 - __main__ - INFO - 
Epoch 66/100 | lr 0.014965
2026-04-16 04:13:07 - __main__ - INFO - Train: loss 1.3571 acc1 53.87%
2026-04-16 04:13:07 - __main__ - INFO - Val:   loss 1.3886 acc1 54.17%
2026-04-16 04:13:07 - __main__ - INFO - 
Epoch 67/100 | lr 0.014213
2026-04-16 04:18:42 - __main__ - INFO - Train: loss 1.3576 acc1 53.74%
2026-04-16 04:18:42 - __main__ - INFO - Val:   loss 1.3590 acc1 54.33%
2026-04-16 04:18:42 - __main__ - INFO - 
Epoch 68/100 | lr 0.013474
2026-04-16 04:24:17 - __main__ - INFO - Train: loss 1.3441 acc1 54.12%
2026-04-16 04:24:17 - __main__ - INFO - Val:   loss 1.3809 acc1 54.54%
2026-04-16 04:24:17 - __main__ - INFO - 
Epoch 69/100 | lr 0.012747
2026-04-16 04:29:51 - __main__ - INFO - Train: loss 1.3306 acc1 54.79%
2026-04-16 04:29:51 - __main__ - INFO - Val:   loss 1.3223 acc1 56.15%
2026-04-16 04:29:51 - __main__ - INFO - 
Epoch 70/100 | lr 0.012033
2026-04-16 04:35:26 - __main__ - INFO - Train: loss 1.3256 acc1 54.95%
2026-04-16 04:35:26 - __main__ - INFO - Val:   loss 1.3117 acc1 55.76%
2026-04-16 04:35:26 - __main__ - INFO - 
Epoch 71/100 | lr 0.011334
2026-04-16 04:41:00 - __main__ - INFO - Train: loss 1.3129 acc1 55.06%
2026-04-16 04:41:00 - __main__ - INFO - Val:   loss 1.3208 acc1 56.09%
2026-04-16 04:41:00 - __main__ - INFO - 
Epoch 72/100 | lr 0.010650
2026-04-16 04:46:34 - __main__ - INFO - Train: loss 1.3042 acc1 55.58%
2026-04-16 04:46:34 - __main__ - INFO - Val:   loss 1.2582 acc1 58.36%
2026-04-16 04:46:34 - __main__ - INFO - saved best: 58.36%
2026-04-16 04:46:34 - __main__ - INFO - 
Epoch 73/100 | lr 0.009981
2026-04-16 04:52:09 - __main__ - INFO - Train: loss 1.2919 acc1 55.98%
2026-04-16 04:52:09 - __main__ - INFO - Val:   loss 1.2709 acc1 57.62%
2026-04-16 04:52:09 - __main__ - INFO - 
Epoch 74/100 | lr 0.009329
2026-04-16 04:57:44 - __main__ - INFO - Train: loss 1.2853 acc1 56.11%
2026-04-16 04:57:44 - __main__ - INFO - Val:   loss 1.3435 acc1 55.79%
2026-04-16 04:57:44 - __main__ - INFO - 
Epoch 75/100 | lr 0.008694
2026-04-16 05:03:19 - __main__ - INFO - Train: loss 1.2765 acc1 56.55%
2026-04-16 05:03:19 - __main__ - INFO - Val:   loss 1.2581 acc1 58.64%
2026-04-16 05:03:19 - __main__ - INFO - saved best: 58.64%
2026-04-16 05:03:19 - __main__ - INFO - 
Epoch 76/100 | lr 0.008076
2026-04-16 05:08:54 - __main__ - INFO - Train: loss 1.2624 acc1 56.96%
2026-04-16 05:08:54 - __main__ - INFO - Val:   loss 1.2774 acc1 57.36%
2026-04-16 05:08:54 - __main__ - INFO - 
Epoch 77/100 | lr 0.007478
2026-04-16 05:14:28 - __main__ - INFO - Train: loss 1.2502 acc1 57.16%
2026-04-16 05:14:28 - __main__ - INFO - Val:   loss 1.3237 acc1 56.46%
2026-04-16 05:14:28 - __main__ - INFO - 
Epoch 78/100 | lr 0.006898
2026-04-16 05:20:03 - __main__ - INFO - Train: loss 1.2428 acc1 57.65%
2026-04-16 05:20:03 - __main__ - INFO - Val:   loss 1.3014 acc1 57.57%
2026-04-16 05:20:03 - __main__ - INFO - 
Epoch 79/100 | lr 0.006338
2026-04-16 05:25:37 - __main__ - INFO - Train: loss 1.2283 acc1 58.14%
2026-04-16 05:25:37 - __main__ - INFO - Val:   loss 1.2908 acc1 57.69%
2026-04-16 05:25:37 - __main__ - INFO - 
Epoch 80/100 | lr 0.005799
2026-04-16 05:31:12 - __main__ - INFO - Train: loss 1.2213 acc1 58.35%
2026-04-16 05:31:12 - __main__ - INFO - Val:   loss 1.3703 acc1 55.80%
2026-04-16 05:31:12 - __main__ - INFO - 
Epoch 81/100 | lr 0.005280
2026-04-16 05:36:47 - __main__ - INFO - Train: loss 1.2088 acc1 58.96%
2026-04-16 05:36:47 - __main__ - INFO - Val:   loss 1.3220 acc1 56.21%
2026-04-16 05:36:47 - __main__ - INFO - 
Epoch 82/100 | lr 0.004784
2026-04-16 05:42:21 - __main__ - INFO - Train: loss 1.1930 acc1 59.29%
2026-04-16 05:42:21 - __main__ - INFO - Val:   loss 1.2343 acc1 59.88%
2026-04-16 05:42:21 - __main__ - INFO - saved best: 59.88%
2026-04-16 05:42:21 - __main__ - INFO - 
Epoch 83/100 | lr 0.004309
2026-04-16 05:47:56 - __main__ - INFO - Train: loss 1.1824 acc1 59.64%
2026-04-16 05:47:56 - __main__ - INFO - Val:   loss 1.2899 acc1 58.33%
2026-04-16 05:47:56 - __main__ - INFO - 
Epoch 84/100 | lr 0.003857
2026-04-16 05:53:31 - __main__ - INFO - Train: loss 1.1724 acc1 60.02%
2026-04-16 05:53:31 - __main__ - INFO - Val:   loss 1.2992 acc1 57.82%
2026-04-16 05:53:31 - __main__ - INFO - 
Epoch 85/100 | lr 0.003428
2026-04-16 05:59:06 - __main__ - INFO - Train: loss 1.1551 acc1 60.65%
2026-04-16 05:59:06 - __main__ - INFO - Val:   loss 1.3428 acc1 56.29%
2026-04-16 05:59:06 - __main__ - INFO - 
Epoch 86/100 | lr 0.003023
2026-04-16 06:04:41 - __main__ - INFO - Train: loss 1.1535 acc1 60.65%
2026-04-16 06:04:41 - __main__ - INFO - Val:   loss 1.1698 acc1 61.89%
2026-04-16 06:04:41 - __main__ - INFO - saved best: 61.89%
2026-04-16 06:04:41 - __main__ - INFO - 
Epoch 87/100 | lr 0.002641
2026-04-16 06:10:15 - __main__ - INFO - Train: loss 1.1414 acc1 61.08%
2026-04-16 06:10:15 - __main__ - INFO - Val:   loss 1.2877 acc1 58.05%
2026-04-16 06:10:15 - __main__ - INFO - 
Epoch 88/100 | lr 0.002284
2026-04-16 06:15:50 - __main__ - INFO - Train: loss 1.1244 acc1 61.75%
2026-04-16 06:15:50 - __main__ - INFO - Val:   loss 1.2092 acc1 60.39%
2026-04-16 06:15:50 - __main__ - INFO - 
Epoch 89/100 | lr 0.001952
2026-04-16 06:21:24 - __main__ - INFO - Train: loss 1.1192 acc1 61.84%
2026-04-16 06:21:24 - __main__ - INFO - Val:   loss 1.2361 acc1 59.58%
2026-04-16 06:21:24 - __main__ - INFO - 
Epoch 90/100 | lr 0.001646
2026-04-16 06:26:59 - __main__ - INFO - Train: loss 1.1003 acc1 62.54%
2026-04-16 06:26:59 - __main__ - INFO - Val:   loss 1.1759 acc1 61.91%
2026-04-16 06:26:59 - __main__ - INFO - saved best: 61.91%
2026-04-16 06:26:59 - __main__ - INFO - 
Epoch 91/100 | lr 0.001364
2026-04-16 06:32:34 - __main__ - INFO - Train: loss 1.0979 acc1 62.64%
2026-04-16 06:32:34 - __main__ - INFO - Val:   loss 1.1715 acc1 62.21%
2026-04-16 06:32:34 - __main__ - INFO - saved best: 62.21%
2026-04-16 06:32:34 - __main__ - INFO - 
Epoch 92/100 | lr 0.001109
2026-04-16 06:38:08 - __main__ - INFO - Train: loss 1.0820 acc1 63.10%
2026-04-16 06:38:08 - __main__ - INFO - Val:   loss 1.1811 acc1 61.70%
2026-04-16 06:38:08 - __main__ - INFO - 
Epoch 93/100 | lr 0.000880
2026-04-16 06:43:43 - __main__ - INFO - Train: loss 1.0730 acc1 63.35%
2026-04-16 06:43:43 - __main__ - INFO - Val:   loss 1.1852 acc1 61.47%
2026-04-16 06:43:43 - __main__ - INFO - 
Epoch 94/100 | lr 0.000677
2026-04-16 06:49:18 - __main__ - INFO - Train: loss 1.0616 acc1 63.69%
2026-04-16 06:49:18 - __main__ - INFO - Val:   loss 1.1830 acc1 61.93%
2026-04-16 06:49:18 - __main__ - INFO - 
Epoch 95/100 | lr 0.000500
2026-04-16 06:54:52 - __main__ - INFO - Train: loss 1.0607 acc1 63.88%
2026-04-16 06:54:52 - __main__ - INFO - Val:   loss 1.1424 acc1 63.17%
2026-04-16 06:54:52 - __main__ - INFO - saved best: 63.17%
2026-04-16 06:54:52 - __main__ - INFO - 
Epoch 96/100 | lr 0.000351
2026-04-16 07:00:27 - __main__ - INFO - Train: loss 1.0550 acc1 64.02%
2026-04-16 07:00:27 - __main__ - INFO - Val:   loss 1.1904 acc1 61.58%
2026-04-16 07:00:27 - __main__ - INFO - 
Epoch 97/100 | lr 0.000228
2026-04-16 07:06:02 - __main__ - INFO - Train: loss 1.0484 acc1 64.27%
2026-04-16 07:06:02 - __main__ - INFO - Val:   loss 1.2219 acc1 60.87%
2026-04-16 07:06:02 - __main__ - INFO - 
Epoch 98/100 | lr 0.000133
2026-04-16 07:11:37 - __main__ - INFO - Train: loss 1.0440 acc1 64.65%
2026-04-16 07:11:37 - __main__ - INFO - Val:   loss 1.1636 acc1 62.53%
2026-04-16 07:11:37 - __main__ - INFO - 
Epoch 99/100 | lr 0.000065
2026-04-16 07:17:12 - __main__ - INFO - Train: loss 1.0398 acc1 64.38%
2026-04-16 07:17:12 - __main__ - INFO - Val:   loss 1.1515 acc1 62.86%
2026-04-16 07:17:12 - __main__ - INFO - 
Epoch 100/100 | lr 0.000024
2026-04-16 07:22:47 - __main__ - INFO - Train: loss 1.0387 acc1 64.38%
2026-04-16 07:22:47 - __main__ - INFO - Val:   loss 1.1943 acc1 61.82%
2026-04-16 07:22:47 - __main__ - INFO - Loaded best checkpoint weights for final test evaluation.
2026-04-16 07:23:02 - __main__ - INFO - 
Best tracked (val): 63.17%
2026-04-16 07:23:02 - __main__ - INFO - Final test: loss 1.1636 acc1 62.93%
2026-04-16 07:23:02 - __main__ - INFO - Input model efficientnet_b0 done — test acc 62.93%, test loss 1.1636
2026-04-16 07:23:02 - __main__ - INFO - 
Preparing eval dataloaders for HiResCAM computation …
2026-04-16 07:23:05 - __main__ - INFO - 
Saving variant datasets to data/comparison_drive_zip_2026_04/15
2026-04-16 07:23:05 - __main__ - INFO - Generating train variants → data/comparison_drive_zip_2026_04/15
2026-04-16 07:23:39 - __main__ - INFO -   [train] processed 1280 images …
2026-04-16 07:24:12 - __main__ - INFO -   [train] processed 2560 images …
2026-04-16 07:24:44 - __main__ - INFO -   [train] processed 3840 images …
2026-04-16 07:25:17 - __main__ - INFO -   [train] processed 5120 images …
2026-04-16 07:25:50 - __main__ - INFO -   [train] processed 6400 images …
2026-04-16 07:26:23 - __main__ - INFO -   [train] processed 7680 images …
2026-04-16 07:26:56 - __main__ - INFO -   [train] processed 8960 images …
2026-04-16 07:27:29 - __main__ - INFO -   [train] processed 10240 images …
2026-04-16 07:28:01 - __main__ - INFO -   [train] processed 11520 images …
2026-04-16 07:28:34 - __main__ - INFO -   [train] processed 12800 images …
2026-04-16 07:29:08 - __main__ - INFO -   [train] processed 14080 images …
2026-04-16 07:29:41 - __main__ - INFO -   [train] processed 15360 images …
2026-04-16 07:30:14 - __main__ - INFO -   [train] processed 16640 images …
2026-04-16 07:30:47 - __main__ - INFO -   [train] processed 17920 images …
2026-04-16 07:31:21 - __main__ - INFO -   [train] processed 19200 images …
2026-04-16 07:31:54 - __main__ - INFO -   [train] processed 20480 images …
2026-04-16 07:32:27 - __main__ - INFO -   [train] processed 21760 images …
2026-04-16 07:32:59 - __main__ - INFO -   [train] processed 23040 images …
2026-04-16 07:33:33 - __main__ - INFO -   [train] processed 24320 images …
2026-04-16 07:34:06 - __main__ - INFO -   [train] processed 25600 images …
2026-04-16 07:34:38 - __main__ - INFO -   [train] processed 26880 images …
2026-04-16 07:35:10 - __main__ - INFO -   [train] processed 28160 images …
2026-04-16 07:35:43 - __main__ - INFO -   [train] processed 29440 images …
2026-04-16 07:36:16 - __main__ - INFO -   [train] processed 30720 images …
2026-04-16 07:36:49 - __main__ - INFO -   [train] processed 32000 images …
2026-04-16 07:37:22 - __main__ - INFO -   [train] processed 33280 images …
2026-04-16 07:37:56 - __main__ - INFO -   [train] processed 34560 images …
2026-04-16 07:38:28 - __main__ - INFO -   [train] processed 35840 images …
2026-04-16 07:39:02 - __main__ - INFO -   [train] processed 37120 images …
2026-04-16 07:39:35 - __main__ - INFO -   [train] processed 38400 images …
2026-04-16 07:40:08 - __main__ - INFO -   [train] processed 39680 images …
2026-04-16 07:40:41 - __main__ - INFO -   [train] processed 40960 images …
2026-04-16 07:41:14 - __main__ - INFO -   [train] processed 42240 images …
2026-04-16 07:41:48 - __main__ - INFO -   [train] processed 43520 images …
2026-04-16 07:42:21 - __main__ - INFO -   [train] processed 44800 images …
2026-04-16 07:42:55 - __main__ - INFO -   [train] processed 46080 images …
2026-04-16 07:43:28 - __main__ - INFO -   [train] processed 47360 images …
2026-04-16 07:44:01 - __main__ - INFO -   [train] processed 48640 images …
2026-04-16 07:44:33 - __main__ - INFO -   [train] processed 49920 images …
2026-04-16 07:45:06 - __main__ - INFO -   [train] processed 51200 images …
2026-04-16 07:45:39 - __main__ - INFO -   [train] processed 52480 images …
2026-04-16 07:46:13 - __main__ - INFO -   [train] processed 53760 images …
2026-04-16 07:46:47 - __main__ - INFO -   [train] processed 55040 images …
2026-04-16 07:47:21 - __main__ - INFO -   [train] processed 56320 images …
2026-04-16 07:47:54 - __main__ - INFO -   [train] processed 57600 images …
2026-04-16 07:48:26 - __main__ - INFO -   [train] processed 58880 images …
2026-04-16 07:48:59 - __main__ - INFO -   [train] processed 60160 images …
2026-04-16 07:49:32 - __main__ - INFO -   [train] processed 61440 images …
2026-04-16 07:50:05 - __main__ - INFO -   [train] processed 62720 images …
2026-04-16 07:50:38 - __main__ - INFO -   [train] processed 64000 images …
2026-04-16 07:51:10 - __main__ - INFO -   [train] processed 65280 images …
2026-04-16 07:51:43 - __main__ - INFO -   [train] processed 66560 images …
2026-04-16 07:52:16 - __main__ - INFO -   [train] processed 67840 images …
2026-04-16 07:52:49 - __main__ - INFO -   [train] processed 69120 images …
2026-04-16 07:53:21 - __main__ - INFO -   [train] processed 70400 images …
2026-04-16 07:53:54 - __main__ - INFO -   [train] processed 71680 images …
2026-04-16 07:54:27 - __main__ - INFO -   [train] processed 72960 images …
2026-04-16 07:54:59 - __main__ - INFO -   [train] processed 74240 images …
2026-04-16 07:55:32 - __main__ - INFO -   [train] processed 75520 images …
2026-04-16 07:56:05 - __main__ - INFO -   [train] processed 76800 images …
2026-04-16 07:56:37 - __main__ - INFO -   [train] processed 78080 images …
2026-04-16 07:57:10 - __main__ - INFO -   [train] processed 79360 images …
2026-04-16 07:57:43 - __main__ - INFO -   [train] processed 80640 images …
2026-04-16 07:58:16 - __main__ - INFO -   [train] processed 81920 images …
2026-04-16 07:58:49 - __main__ - INFO -   [train] processed 83200 images …
2026-04-16 07:59:22 - __main__ - INFO -   [train] processed 84480 images …
2026-04-16 07:59:55 - __main__ - INFO -   [train] processed 85760 images …
2026-04-16 08:00:28 - __main__ - INFO -   [train] processed 87040 images …
2026-04-16 08:01:01 - __main__ - INFO -   [train] processed 88320 images …
2026-04-16 08:01:35 - __main__ - INFO -   [train] processed 89600 images …
2026-04-16 08:02:07 - __main__ - INFO -   [train] processed 90880 images …
2026-04-16 08:02:41 - __main__ - INFO -   [train] processed 92160 images …
2026-04-16 08:03:13 - __main__ - INFO -   [train] processed 93440 images …
2026-04-16 08:03:46 - __main__ - INFO -   [train] processed 94720 images …
2026-04-16 08:04:19 - __main__ - INFO -   [train] processed 96000 images …
2026-04-16 08:04:53 - __main__ - INFO -   [train] processed 97280 images …
2026-04-16 08:05:26 - __main__ - INFO -   [train] processed 98560 images …
2026-04-16 08:05:58 - __main__ - INFO -   [train] processed 99840 images …
2026-04-16 08:06:31 - __main__ - INFO -   [train] processed 101120 images …
2026-04-16 08:07:04 - __main__ - INFO -   [train] processed 102400 images …
2026-04-16 08:07:37 - __main__ - INFO -   [train] processed 103680 images …
2026-04-16 08:08:10 - __main__ - INFO -   [train] processed 104960 images …
2026-04-16 08:08:42 - __main__ - INFO -   [train] processed 106240 images …
2026-04-16 08:09:15 - __main__ - INFO -   [train] processed 107520 images …
2026-04-16 08:09:49 - __main__ - INFO -   [train] processed 108800 images …
2026-04-16 08:09:49 - __main__ - INFO -   [train] saved 108800 images for all 2 variants
2026-04-16 08:09:49 - __main__ - INFO - Generating test variants → data/comparison_drive_zip_2026_04/15
2026-04-16 08:10:23 - __main__ - INFO -   [test] processed 1280 images …
2026-04-16 08:10:56 - __main__ - INFO -   [test] processed 2560 images …
2026-04-16 08:11:29 - __main__ - INFO -   [test] processed 3840 images …
2026-04-16 08:12:02 - __main__ - INFO -   [test] processed 5120 images …
2026-04-16 08:12:35 - __main__ - INFO -   [test] processed 6400 images …
2026-04-16 08:13:08 - __main__ - INFO -   [test] processed 7680 images …
2026-04-16 08:13:42 - __main__ - INFO -   [test] processed 8960 images …
2026-04-16 08:14:16 - __main__ - INFO -   [test] processed 10240 images …
2026-04-16 08:14:49 - __main__ - INFO -   [test] processed 11520 images …
2026-04-16 08:15:22 - __main__ - INFO -   [test] processed 12800 images …
2026-04-16 08:15:42 - __main__ - INFO -   [test] processed 13600 images …
2026-04-16 08:15:42 - __main__ - INFO -   [test] saved 13600 images for all 2 variants
2026-04-16 08:15:42 - __main__ - INFO - 
Starting output model sweep: resnet18
2026-04-16 08:15:42 - __main__ - INFO - 
============================================================
2026-04-16 08:15:42 - __main__ - INFO - Training output model: resnet18 [original]
2026-04-16 08:15:42 - __main__ - INFO -   Resolved config → opt=sgd, lr=0.1, wd=0.0005, bs=64, epochs=100, scheduler=cosine, warmup=5
2026-04-16 08:15:42 - __main__ - INFO - ============================================================
2026-04-16 08:15:42 - __main__ - INFO -   Validation during training uses variant split with val_split=0.1
2026-04-16 08:15:42 - __main__ - INFO -   Final test uses original test split
2026-04-16 08:15:43 - __main__ - INFO - device: cuda | cuda: True | gpu: NVIDIA L4
2026-04-16 08:15:44 - __main__ - INFO - Model: resnet18 | Dataset: drive_zip | Classes: 17 | Optimizer: sgd
2026-04-16 08:15:44 - __main__ - INFO - 
Epoch 1/100 | lr 0.000100
2026-04-16 08:18:14 - __main__ - INFO - Train: loss 2.7228 acc1 13.77%
2026-04-16 08:18:14 - __main__ - INFO - Val:   loss 2.5831 acc1 18.50%
2026-04-16 08:18:14 - __main__ - INFO - saved best: 18.50%
2026-04-16 08:18:14 - __main__ - INFO - 
Epoch 2/100 | lr 0.020080
2026-04-16 08:20:45 - __main__ - INFO - Train: loss 2.1446 acc1 28.95%
2026-04-16 08:20:45 - __main__ - INFO - Val:   loss 1.9542 acc1 33.09%
2026-04-16 08:20:45 - __main__ - INFO - saved best: 33.09%
2026-04-16 08:20:45 - __main__ - INFO - 
Epoch 3/100 | lr 0.040060
2026-04-16 08:23:15 - __main__ - INFO - Train: loss 1.7423 acc1 40.53%
2026-04-16 08:23:15 - __main__ - INFO - Val:   loss 1.6820 acc1 42.76%
2026-04-16 08:23:15 - __main__ - INFO - saved best: 42.76%
2026-04-16 08:23:15 - __main__ - INFO - 
Epoch 4/100 | lr 0.060040
2026-04-16 08:25:45 - __main__ - INFO - Train: loss 1.6282 acc1 44.45%
2026-04-16 08:25:45 - __main__ - INFO - Val:   loss 1.7823 acc1 39.95%
2026-04-16 08:25:45 - __main__ - INFO - 
Epoch 5/100 | lr 0.080020
2026-04-16 08:28:15 - __main__ - INFO - Train: loss 1.5737 acc1 46.67%
2026-04-16 08:28:15 - __main__ - INFO - Val:   loss 1.7463 acc1 42.50%
2026-04-16 08:28:15 - __main__ - INFO - 
Epoch 6/100 | lr 0.100000
2026-04-16 08:30:45 - __main__ - INFO - Train: loss 1.5576 acc1 47.38%
2026-04-16 08:30:45 - __main__ - INFO - Val:   loss 1.9127 acc1 38.13%
2026-04-16 08:30:45 - __main__ - INFO - 
Epoch 7/100 | lr 0.099973
2026-04-16 08:33:15 - __main__ - INFO - Train: loss 1.5197 acc1 48.69%
2026-04-16 08:33:15 - __main__ - INFO - Val:   loss 1.6379 acc1 45.68%
2026-04-16 08:33:15 - __main__ - INFO - saved best: 45.68%
2026-04-16 08:33:15 - __main__ - INFO - 
Epoch 8/100 | lr 0.099891
2026-04-16 08:35:45 - __main__ - INFO - Train: loss 1.4787 acc1 50.11%
2026-04-16 08:35:45 - __main__ - INFO - Val:   loss 1.5630 acc1 48.58%
2026-04-16 08:35:45 - __main__ - INFO - saved best: 48.58%
2026-04-16 08:35:45 - __main__ - INFO - 
Epoch 9/100 | lr 0.099754
2026-04-16 08:38:15 - __main__ - INFO - Train: loss 1.4503 acc1 51.14%
2026-04-16 08:38:15 - __main__ - INFO - Val:   loss 1.5772 acc1 46.57%
2026-04-16 08:38:15 - __main__ - INFO - 
Epoch 10/100 | lr 0.099563
2026-04-16 08:40:44 - __main__ - INFO - Train: loss 1.4276 acc1 52.06%
2026-04-16 08:40:44 - __main__ - INFO - Val:   loss 1.5128 acc1 50.10%
2026-04-16 08:40:44 - __main__ - INFO - saved best: 50.10%
2026-04-16 08:40:44 - __main__ - INFO - 
Epoch 11/100 | lr 0.099318
2026-04-16 08:43:14 - __main__ - INFO - Train: loss 1.4067 acc1 52.68%
2026-04-16 08:43:14 - __main__ - INFO - Val:   loss 1.6308 acc1 46.49%
2026-04-16 08:43:14 - __main__ - INFO - 
Epoch 12/100 | lr 0.099019
2026-04-16 08:45:43 - __main__ - INFO - Train: loss 1.3937 acc1 53.33%
2026-04-16 08:45:43 - __main__ - INFO - Val:   loss 1.5422 acc1 49.77%
2026-04-16 08:45:43 - __main__ - INFO - 
Epoch 13/100 | lr 0.098666
2026-04-16 08:48:12 - __main__ - INFO - Train: loss 1.3819 acc1 53.78%
2026-04-16 08:48:12 - __main__ - INFO - Val:   loss 2.0075 acc1 37.96%
2026-04-16 08:48:12 - __main__ - INFO - 
Epoch 14/100 | lr 0.098261
2026-04-16 08:50:41 - __main__ - INFO - Train: loss 1.3661 acc1 54.26%
2026-04-16 08:50:41 - __main__ - INFO - Val:   loss 1.4269 acc1 52.48%
2026-04-16 08:50:41 - __main__ - INFO - saved best: 52.48%
2026-04-16 08:50:41 - __main__ - INFO - 
Epoch 15/100 | lr 0.097802
2026-04-16 08:53:10 - __main__ - INFO - Train: loss 1.3589 acc1 54.57%
2026-04-16 08:53:10 - __main__ - INFO - Val:   loss 1.4253 acc1 52.22%
2026-04-16 08:53:10 - __main__ - INFO - 
Epoch 16/100 | lr 0.097291
2026-04-16 08:55:38 - __main__ - INFO - Train: loss 1.3485 acc1 55.11%
2026-04-16 08:55:38 - __main__ - INFO - Val:   loss 1.4431 acc1 52.18%
2026-04-16 08:55:38 - __main__ - INFO - 
Epoch 17/100 | lr 0.096729
2026-04-16 08:58:07 - __main__ - INFO - Train: loss 1.3404 acc1 55.29%
2026-04-16 08:58:07 - __main__ - INFO - Val:   loss 1.6921 acc1 46.31%
2026-04-16 08:58:07 - __main__ - INFO - 
Epoch 18/100 | lr 0.096115
2026-04-16 09:00:35 - __main__ - INFO - Train: loss 1.3318 acc1 55.79%
2026-04-16 09:00:35 - __main__ - INFO - Val:   loss 1.4226 acc1 52.99%
2026-04-16 09:00:35 - __main__ - INFO - saved best: 52.99%
2026-04-16 09:00:35 - __main__ - INFO - 
Epoch 19/100 | lr 0.095451
2026-04-16 09:03:04 - __main__ - INFO - Train: loss 1.3240 acc1 55.91%
2026-04-16 09:03:04 - __main__ - INFO - Val:   loss 1.4787 acc1 51.74%
2026-04-16 09:03:04 - __main__ - INFO - 
Epoch 20/100 | lr 0.094737
2026-04-16 09:05:33 - __main__ - INFO - Train: loss 1.3130 acc1 56.18%
2026-04-16 09:05:33 - __main__ - INFO - Val:   loss 1.4357 acc1 52.71%
2026-04-16 09:05:33 - __main__ - INFO - 
Epoch 21/100 | lr 0.093974
2026-04-16 09:08:02 - __main__ - INFO - Train: loss 1.3103 acc1 56.33%
2026-04-16 09:08:02 - __main__ - INFO - Val:   loss 1.4212 acc1 53.32%
2026-04-16 09:08:02 - __main__ - INFO - saved best: 53.32%
2026-04-16 09:08:02 - __main__ - INFO - 
Epoch 22/100 | lr 0.093164
2026-04-16 09:10:31 - __main__ - INFO - Train: loss 1.3022 acc1 56.79%
2026-04-16 09:10:31 - __main__ - INFO - Val:   loss 1.4381 acc1 52.89%
2026-04-16 09:10:31 - __main__ - INFO - 
Epoch 23/100 | lr 0.092306
2026-04-16 09:13:00 - __main__ - INFO - Train: loss 1.2940 acc1 57.20%
2026-04-16 09:13:00 - __main__ - INFO - Val:   loss 1.7858 acc1 43.64%
2026-04-16 09:13:00 - __main__ - INFO - 
Epoch 24/100 | lr 0.091401
2026-04-16 09:15:29 - __main__ - INFO - Train: loss 1.2894 acc1 57.24%
2026-04-16 09:15:29 - __main__ - INFO - Val:   loss 1.5651 acc1 48.96%
2026-04-16 09:15:29 - __main__ - INFO - 
Epoch 25/100 | lr 0.090452
2026-04-16 09:17:58 - __main__ - INFO - Train: loss 1.2820 acc1 57.37%
2026-04-16 09:17:58 - __main__ - INFO - Val:   loss 1.4579 acc1 53.22%
2026-04-16 09:17:58 - __main__ - INFO - 
Epoch 26/100 | lr 0.089458
2026-04-16 09:20:26 - __main__ - INFO - Train: loss 1.2777 acc1 57.62%
2026-04-16 09:20:26 - __main__ - INFO - Val:   loss 2.1560 acc1 40.58%
2026-04-16 09:20:26 - __main__ - INFO - 
Epoch 27/100 | lr 0.088421
2026-04-16 09:22:53 - __main__ - INFO - Train: loss 1.2687 acc1 57.91%
2026-04-16 09:22:53 - __main__ - INFO - Val:   loss 1.5624 acc1 49.24%
2026-04-16 09:22:53 - __main__ - INFO - 
Epoch 28/100 | lr 0.087342
2026-04-16 09:25:22 - __main__ - INFO - Train: loss 1.2619 acc1 58.10%
2026-04-16 09:25:22 - __main__ - INFO - Val:   loss 1.4290 acc1 52.31%
2026-04-16 09:25:22 - __main__ - INFO - 
Epoch 29/100 | lr 0.086223
2026-04-16 09:27:50 - __main__ - INFO - Train: loss 1.2575 acc1 58.58%
2026-04-16 09:27:50 - __main__ - INFO - Val:   loss 1.4327 acc1 52.17%
2026-04-16 09:27:50 - __main__ - INFO - 
Epoch 30/100 | lr 0.085063
2026-04-16 09:30:19 - __main__ - INFO - Train: loss 1.2480 acc1 58.79%
2026-04-16 09:30:19 - __main__ - INFO - Val:   loss 1.3439 acc1 55.48%
2026-04-16 09:30:19 - __main__ - INFO - saved best: 55.48%
2026-04-16 09:30:19 - __main__ - INFO - 
Epoch 31/100 | lr 0.083866
2026-04-16 09:32:47 - __main__ - INFO - Train: loss 1.2403 acc1 58.92%
2026-04-16 09:32:47 - __main__ - INFO - Val:   loss 1.3984 acc1 54.12%
2026-04-16 09:32:47 - __main__ - INFO - 
Epoch 32/100 | lr 0.082631
2026-04-16 09:35:16 - __main__ - INFO - Train: loss 1.2307 acc1 59.34%
2026-04-16 09:35:16 - __main__ - INFO - Val:   loss 1.6088 acc1 50.09%
2026-04-16 09:35:16 - __main__ - INFO - 
Epoch 33/100 | lr 0.081361
2026-04-16 09:37:44 - __main__ - INFO - Train: loss 1.2226 acc1 59.68%
2026-04-16 09:37:44 - __main__ - INFO - Val:   loss 1.3419 acc1 55.89%
2026-04-16 09:37:44 - __main__ - INFO - saved best: 55.89%
2026-04-16 09:37:44 - __main__ - INFO - 
Epoch 34/100 | lr 0.080056
2026-04-16 09:40:12 - __main__ - INFO - Train: loss 1.2129 acc1 59.84%
2026-04-16 09:40:12 - __main__ - INFO - Val:   loss 1.3737 acc1 55.77%
2026-04-16 09:40:12 - __main__ - INFO - 
Epoch 35/100 | lr 0.078719
2026-04-16 09:42:40 - __main__ - INFO - Train: loss 1.2094 acc1 60.14%
2026-04-16 09:42:40 - __main__ - INFO - Val:   loss 1.4154 acc1 54.68%
2026-04-16 09:42:40 - __main__ - INFO - 
Epoch 36/100 | lr 0.077350
2026-04-16 09:45:08 - __main__ - INFO - Train: loss 1.2004 acc1 60.32%
2026-04-16 09:45:08 - __main__ - INFO - Val:   loss 1.4783 acc1 51.84%
2026-04-16 09:45:08 - __main__ - INFO - 
Epoch 37/100 | lr 0.075951
2026-04-16 09:47:36 - __main__ - INFO - Train: loss 1.1899 acc1 60.54%
2026-04-16 09:47:36 - __main__ - INFO - Val:   loss 1.3314 acc1 56.42%
2026-04-16 09:47:36 - __main__ - INFO - saved best: 56.42%
2026-04-16 09:47:36 - __main__ - INFO - 
Epoch 38/100 | lr 0.074524
2026-04-16 09:50:04 - __main__ - INFO - Train: loss 1.1812 acc1 60.90%
2026-04-16 09:50:04 - __main__ - INFO - Val:   loss 1.3977 acc1 54.16%
2026-04-16 09:50:04 - __main__ - INFO - 
Epoch 39/100 | lr 0.073070
2026-04-16 09:52:32 - __main__ - INFO - Train: loss 1.1722 acc1 61.36%
2026-04-16 09:52:32 - __main__ - INFO - Val:   loss 1.3349 acc1 57.43%
2026-04-16 09:52:32 - __main__ - INFO - saved best: 57.43%
2026-04-16 09:52:32 - __main__ - INFO - 
Epoch 40/100 | lr 0.071591
2026-04-16 09:55:01 - __main__ - INFO - Train: loss 1.1625 acc1 61.65%
2026-04-16 09:55:01 - __main__ - INFO - Val:   loss 1.3110 acc1 56.89%
2026-04-16 09:55:01 - __main__ - INFO - 
Epoch 41/100 | lr 0.070088
2026-04-16 09:57:29 - __main__ - INFO - Train: loss 1.1553 acc1 61.93%
2026-04-16 09:57:29 - __main__ - INFO - Val:   loss 1.3085 acc1 57.69%
2026-04-16 09:57:29 - __main__ - INFO - saved best: 57.69%
2026-04-16 09:57:29 - __main__ - INFO - 
Epoch 42/100 | lr 0.068563
2026-04-16 09:59:57 - __main__ - INFO - Train: loss 1.1426 acc1 62.27%
2026-04-16 09:59:57 - __main__ - INFO - Val:   loss 1.4992 acc1 53.77%
2026-04-16 09:59:57 - __main__ - INFO - 
Epoch 43/100 | lr 0.067018
2026-04-16 10:02:26 - __main__ - INFO - Train: loss 1.1288 acc1 62.59%
2026-04-16 10:02:26 - __main__ - INFO - Val:   loss 1.3106 acc1 57.60%
2026-04-16 10:02:26 - __main__ - INFO - 
Epoch 44/100 | lr 0.065454
2026-04-16 10:04:54 - __main__ - INFO - Train: loss 1.1228 acc1 63.00%
2026-04-16 10:04:54 - __main__ - INFO - Val:   loss 1.2795 acc1 58.19%
2026-04-16 10:04:54 - __main__ - INFO - saved best: 58.19%
2026-04-16 10:04:54 - __main__ - INFO - 
Epoch 45/100 | lr 0.063874
2026-04-16 10:07:22 - __main__ - INFO - Train: loss 1.1071 acc1 63.43%
2026-04-16 10:07:22 - __main__ - INFO - Val:   loss 1.3353 acc1 56.04%
2026-04-16 10:07:22 - __main__ - INFO - 
Epoch 46/100 | lr 0.062278
2026-04-16 10:09:51 - __main__ - INFO - Train: loss 1.0945 acc1 63.96%
2026-04-16 10:09:51 - __main__ - INFO - Val:   loss 1.2269 acc1 59.70%
2026-04-16 10:09:51 - __main__ - INFO - saved best: 59.70%
2026-04-16 10:09:51 - __main__ - INFO - 
Epoch 47/100 | lr 0.060669
2026-04-16 10:12:19 - __main__ - INFO - Train: loss 1.0792 acc1 64.54%
2026-04-16 10:12:19 - __main__ - INFO - Val:   loss 1.3216 acc1 57.53%
2026-04-16 10:12:19 - __main__ - INFO - 
Epoch 48/100 | lr 0.059048
2026-04-16 10:14:48 - __main__ - INFO - Train: loss 1.0691 acc1 64.83%
2026-04-16 10:14:48 - __main__ - INFO - Val:   loss 1.2474 acc1 59.05%
2026-04-16 10:14:48 - __main__ - INFO - 
Epoch 49/100 | lr 0.057417
2026-04-16 10:17:16 - __main__ - INFO - Train: loss 1.0553 acc1 65.18%
2026-04-16 10:17:16 - __main__ - INFO - Val:   loss 1.4720 acc1 53.12%
2026-04-16 10:17:16 - __main__ - INFO - 
Epoch 50/100 | lr 0.055779
2026-04-16 10:19:44 - __main__ - INFO - Train: loss 1.0428 acc1 65.60%
2026-04-16 10:19:44 - __main__ - INFO - Val:   loss 1.3034 acc1 57.25%
2026-04-16 10:19:44 - __main__ - INFO - 
Epoch 51/100 | lr 0.054134
2026-04-16 10:22:12 - __main__ - INFO - Train: loss 1.0275 acc1 66.23%
2026-04-16 10:22:12 - __main__ - INFO - Val:   loss 1.2317 acc1 59.95%
2026-04-16 10:22:12 - __main__ - INFO - saved best: 59.95%
2026-04-16 10:22:12 - __main__ - INFO - 
Epoch 52/100 | lr 0.052484
2026-04-16 10:24:40 - __main__ - INFO - Train: loss 1.0126 acc1 66.67%
2026-04-16 10:24:40 - __main__ - INFO - Val:   loss 1.3478 acc1 58.44%
2026-04-16 10:24:40 - __main__ - INFO - 
Epoch 53/100 | lr 0.050832
2026-04-16 10:27:08 - __main__ - INFO - Train: loss 1.0009 acc1 67.05%
2026-04-16 10:27:08 - __main__ - INFO - Val:   loss 1.2614 acc1 60.06%
2026-04-16 10:27:08 - __main__ - INFO - saved best: 60.06%
2026-04-16 10:27:08 - __main__ - INFO - 
Epoch 54/100 | lr 0.049178
2026-04-16 10:29:37 - __main__ - INFO - Train: loss 0.9807 acc1 67.82%
2026-04-16 10:29:37 - __main__ - INFO - Val:   loss 1.2010 acc1 61.31%
2026-04-16 10:29:37 - __main__ - INFO - saved best: 61.31%
2026-04-16 10:29:37 - __main__ - INFO - 
Epoch 55/100 | lr 0.047526
2026-04-16 10:32:05 - __main__ - INFO - Train: loss 0.9673 acc1 68.20%
2026-04-16 10:32:05 - __main__ - INFO - Val:   loss 1.2270 acc1 61.03%
2026-04-16 10:32:05 - __main__ - INFO - 
Epoch 56/100 | lr 0.045876
2026-04-16 10:34:34 - __main__ - INFO - Train: loss 0.9489 acc1 68.75%
2026-04-16 10:34:34 - __main__ - INFO - Val:   loss 1.2182 acc1 60.94%
2026-04-16 10:34:34 - __main__ - INFO - 
Epoch 57/100 | lr 0.044231
2026-04-16 10:37:01 - __main__ - INFO - Train: loss 0.9308 acc1 69.34%
2026-04-16 10:37:01 - __main__ - INFO - Val:   loss 1.2060 acc1 62.55%
2026-04-16 10:37:01 - __main__ - INFO - saved best: 62.55%
2026-04-16 10:37:01 - __main__ - INFO - 
Epoch 58/100 | lr 0.042593
2026-04-16 10:39:29 - __main__ - INFO - Train: loss 0.9100 acc1 69.96%
2026-04-16 10:39:29 - __main__ - INFO - Val:   loss 1.2271 acc1 61.90%
2026-04-16 10:39:29 - __main__ - INFO - 
Epoch 59/100 | lr 0.040962
2026-04-16 10:41:57 - __main__ - INFO - Train: loss 0.8925 acc1 70.53%
2026-04-16 10:41:57 - __main__ - INFO - Val:   loss 1.2645 acc1 59.86%
2026-04-16 10:41:57 - __main__ - INFO - 
Epoch 60/100 | lr 0.039341
2026-04-16 10:44:25 - __main__ - INFO - Train: loss 0.8712 acc1 71.31%
2026-04-16 10:44:25 - __main__ - INFO - Val:   loss 1.1689 acc1 63.71%
2026-04-16 10:44:25 - __main__ - INFO - saved best: 63.71%
2026-04-16 10:44:25 - __main__ - INFO - 
Epoch 61/100 | lr 0.037732
2026-04-16 10:46:53 - __main__ - INFO - Train: loss 0.8509 acc1 71.98%
2026-04-16 10:46:53 - __main__ - INFO - Val:   loss 1.1818 acc1 62.93%
2026-04-16 10:46:53 - __main__ - INFO - 
Epoch 62/100 | lr 0.036136
2026-04-16 10:49:21 - __main__ - INFO - Train: loss 0.8306 acc1 72.58%
2026-04-16 10:49:21 - __main__ - INFO - Val:   loss 1.2064 acc1 62.87%
2026-04-16 10:49:21 - __main__ - INFO - 
Epoch 63/100 | lr 0.034556
2026-04-16 10:51:49 - __main__ - INFO - Train: loss 0.8084 acc1 73.41%
2026-04-16 10:51:49 - __main__ - INFO - Val:   loss 1.1667 acc1 62.97%
2026-04-16 10:51:49 - __main__ - INFO - 
Epoch 64/100 | lr 0.032992
2026-04-16 10:54:17 - __main__ - INFO - Train: loss 0.7846 acc1 74.06%
2026-04-16 10:54:17 - __main__ - INFO - Val:   loss 1.1489 acc1 64.78%
2026-04-16 10:54:17 - __main__ - INFO - saved best: 64.78%
2026-04-16 10:54:17 - __main__ - INFO - 
Epoch 65/100 | lr 0.031447
2026-04-16 10:56:45 - __main__ - INFO - Train: loss 0.7583 acc1 74.75%
2026-04-16 10:56:45 - __main__ - INFO - Val:   loss 1.1881 acc1 64.70%
2026-04-16 10:56:45 - __main__ - INFO - 
Epoch 66/100 | lr 0.029922
2026-04-16 10:59:12 - __main__ - INFO - Train: loss 0.7345 acc1 75.67%
2026-04-16 10:59:12 - __main__ - INFO - Val:   loss 1.2056 acc1 63.64%
2026-04-16 10:59:12 - __main__ - INFO - 
Epoch 67/100 | lr 0.028419
2026-04-16 11:01:41 - __main__ - INFO - Train: loss 0.7071 acc1 76.66%
2026-04-16 11:01:41 - __main__ - INFO - Val:   loss 1.1862 acc1 64.56%
2026-04-16 11:01:41 - __main__ - INFO - 
Epoch 68/100 | lr 0.026940
2026-04-16 11:04:09 - __main__ - INFO - Train: loss 0.6864 acc1 77.30%
2026-04-16 11:04:09 - __main__ - INFO - Val:   loss 1.1605 acc1 65.12%
2026-04-16 11:04:09 - __main__ - INFO - saved best: 65.12%
2026-04-16 11:04:09 - __main__ - INFO - 
Epoch 69/100 | lr 0.025486
2026-04-16 11:06:37 - __main__ - INFO - Train: loss 0.6552 acc1 78.31%
2026-04-16 11:06:37 - __main__ - INFO - Val:   loss 1.1669 acc1 64.95%
2026-04-16 11:06:37 - __main__ - INFO - 
Epoch 70/100 | lr 0.024059
2026-04-16 11:09:05 - __main__ - INFO - Train: loss 0.6321 acc1 79.10%
2026-04-16 11:09:05 - __main__ - INFO - Val:   loss 1.1125 acc1 66.66%
2026-04-16 11:09:05 - __main__ - INFO - saved best: 66.66%
2026-04-16 11:09:05 - __main__ - INFO - 
Epoch 71/100 | lr 0.022660
2026-04-16 11:11:33 - __main__ - INFO - Train: loss 0.5956 acc1 80.27%
2026-04-16 11:11:33 - __main__ - INFO - Val:   loss 1.1324 acc1 66.67%
2026-04-16 11:11:33 - __main__ - INFO - saved best: 66.67%
2026-04-16 11:11:33 - __main__ - INFO - 
Epoch 72/100 | lr 0.021291
2026-04-16 11:14:00 - __main__ - INFO - Train: loss 0.5700 acc1 81.09%
2026-04-16 11:14:00 - __main__ - INFO - Val:   loss 1.1248 acc1 67.53%
2026-04-16 11:14:00 - __main__ - INFO - saved best: 67.53%
2026-04-16 11:14:00 - __main__ - INFO - 
Epoch 73/100 | lr 0.019954
2026-04-16 11:16:27 - __main__ - INFO - Train: loss 0.5405 acc1 81.98%
2026-04-16 11:16:27 - __main__ - INFO - Val:   loss 1.1747 acc1 67.39%
2026-04-16 11:16:27 - __main__ - INFO - 
Epoch 74/100 | lr 0.018649
2026-04-16 11:18:56 - __main__ - INFO - Train: loss 0.5142 acc1 82.89%
2026-04-16 11:18:56 - __main__ - INFO - Val:   loss 1.1572 acc1 67.71%
2026-04-16 11:18:56 - __main__ - INFO - saved best: 67.71%
2026-04-16 11:18:56 - __main__ - INFO - 
Epoch 75/100 | lr 0.017379
2026-04-16 11:21:23 - __main__ - INFO - Train: loss 0.4815 acc1 84.00%
2026-04-16 11:21:23 - __main__ - INFO - Val:   loss 1.1960 acc1 67.71%
2026-04-16 11:21:23 - __main__ - INFO - saved best: 67.71%
2026-04-16 11:21:23 - __main__ - INFO - 
Epoch 76/100 | lr 0.016144
2026-04-16 11:23:51 - __main__ - INFO - Train: loss 0.4469 acc1 85.21%
2026-04-16 11:23:51 - __main__ - INFO - Val:   loss 1.1894 acc1 67.88%
2026-04-16 11:23:51 - __main__ - INFO - saved best: 67.88%
2026-04-16 11:23:51 - __main__ - INFO - 
Epoch 77/100 | lr 0.014947
2026-04-16 11:26:19 - __main__ - INFO - Train: loss 0.4173 acc1 86.08%
2026-04-16 11:26:19 - __main__ - INFO - Val:   loss 1.1519 acc1 69.30%
2026-04-16 11:26:19 - __main__ - INFO - saved best: 69.30%
2026-04-16 11:26:19 - __main__ - INFO - 
Epoch 78/100 | lr 0.013787
2026-04-16 11:28:47 - __main__ - INFO - Train: loss 0.3846 acc1 87.31%
2026-04-16 11:28:47 - __main__ - INFO - Val:   loss 1.1682 acc1 69.09%
2026-04-16 11:28:47 - __main__ - INFO - 
Epoch 79/100 | lr 0.012668
2026-04-16 11:31:15 - __main__ - INFO - Train: loss 0.3526 acc1 88.31%
2026-04-16 11:31:15 - __main__ - INFO - Val:   loss 1.1599 acc1 69.49%
2026-04-16 11:31:15 - __main__ - INFO - saved best: 69.49%
2026-04-16 11:31:15 - __main__ - INFO - 
Epoch 80/100 | lr 0.011589
2026-04-16 11:33:43 - __main__ - INFO - Train: loss 0.3243 acc1 89.24%
2026-04-16 11:33:43 - __main__ - INFO - Val:   loss 1.1371 acc1 71.14%
2026-04-16 11:33:43 - __main__ - INFO - saved best: 71.14%
2026-04-16 11:33:43 - __main__ - INFO - 
Epoch 81/100 | lr 0.010552
2026-04-16 11:36:11 - __main__ - INFO - Train: loss 0.2877 acc1 90.36%
2026-04-16 11:36:11 - __main__ - INFO - Val:   loss 1.1708 acc1 70.96%
2026-04-16 11:36:11 - __main__ - INFO - 
Epoch 82/100 | lr 0.009558
2026-04-16 11:38:39 - __main__ - INFO - Train: loss 0.2568 acc1 91.33%
2026-04-16 11:38:39 - __main__ - INFO - Val:   loss 1.1809 acc1 71.64%
2026-04-16 11:38:39 - __main__ - INFO - saved best: 71.64%
2026-04-16 11:38:39 - __main__ - INFO - 
Epoch 83/100 | lr 0.008609
2026-04-16 11:41:08 - __main__ - INFO - Train: loss 0.2274 acc1 92.20%
2026-04-16 11:41:08 - __main__ - INFO - Val:   loss 1.1313 acc1 71.64%
2026-04-16 11:41:08 - __main__ - INFO - 
Epoch 84/100 | lr 0.007704
2026-04-16 11:43:35 - __main__ - INFO - Train: loss 0.1991 acc1 93.20%
2026-04-16 11:43:35 - __main__ - INFO - Val:   loss 1.1084 acc1 72.76%
2026-04-16 11:43:35 - __main__ - INFO - saved best: 72.76%
2026-04-16 11:43:35 - __main__ - INFO - 
Epoch 85/100 | lr 0.006846
2026-04-16 11:46:04 - __main__ - INFO - Train: loss 0.1751 acc1 93.80%
2026-04-16 11:46:04 - __main__ - INFO - Val:   loss 1.1191 acc1 72.68%
2026-04-16 11:46:04 - __main__ - INFO - 
Epoch 86/100 | lr 0.006036
2026-04-16 11:48:32 - __main__ - INFO - Train: loss 0.1545 acc1 94.50%
2026-04-16 11:48:32 - __main__ - INFO - Val:   loss 1.0827 acc1 73.45%
2026-04-16 11:48:32 - __main__ - INFO - saved best: 73.45%
2026-04-16 11:48:32 - __main__ - INFO - 
Epoch 87/100 | lr 0.005273
2026-04-16 11:51:00 - __main__ - INFO - Train: loss 0.1368 acc1 95.05%
2026-04-16 11:51:00 - __main__ - INFO - Val:   loss 1.0742 acc1 74.10%
2026-04-16 11:51:00 - __main__ - INFO - saved best: 74.10%
2026-04-16 11:51:00 - __main__ - INFO - 
Epoch 88/100 | lr 0.004559
2026-04-16 11:53:28 - __main__ - INFO - Train: loss 0.1185 acc1 95.66%
2026-04-16 11:53:28 - __main__ - INFO - Val:   loss 1.0742 acc1 74.04%
2026-04-16 11:53:28 - __main__ - INFO - 
Epoch 89/100 | lr 0.003895
2026-04-16 11:55:56 - __main__ - INFO - Train: loss 0.1063 acc1 96.02%
2026-04-16 11:55:56 - __main__ - INFO - Val:   loss 1.0706 acc1 74.26%
2026-04-16 11:55:56 - __main__ - INFO - saved best: 74.26%
2026-04-16 11:55:56 - __main__ - INFO - 
Epoch 90/100 | lr 0.003281
2026-04-16 11:58:24 - __main__ - INFO - Train: loss 0.0957 acc1 96.36%
2026-04-16 11:58:24 - __main__ - INFO - Val:   loss 1.0561 acc1 74.68%
2026-04-16 11:58:24 - __main__ - INFO - saved best: 74.68%
2026-04-16 11:58:24 - __main__ - INFO - 
Epoch 91/100 | lr 0.002719
2026-04-16 12:00:52 - __main__ - INFO - Train: loss 0.0857 acc1 96.75%
2026-04-16 12:00:52 - __main__ - INFO - Val:   loss 1.0552 acc1 74.79%
2026-04-16 12:00:52 - __main__ - INFO - saved best: 74.79%
2026-04-16 12:00:52 - __main__ - INFO - 
Epoch 92/100 | lr 0.002208
2026-04-16 12:03:20 - __main__ - INFO - Train: loss 0.0775 acc1 97.03%
2026-04-16 12:03:20 - __main__ - INFO - Val:   loss 1.0481 acc1 75.10%
2026-04-16 12:03:20 - __main__ - INFO - saved best: 75.10%
2026-04-16 12:03:20 - __main__ - INFO - 
Epoch 93/100 | lr 0.001749
2026-04-16 12:05:48 - __main__ - INFO - Train: loss 0.0709 acc1 97.27%
2026-04-16 12:05:48 - __main__ - INFO - Val:   loss 1.0573 acc1 74.80%
2026-04-16 12:05:48 - __main__ - INFO - 
Epoch 94/100 | lr 0.001344
2026-04-16 12:08:17 - __main__ - INFO - Train: loss 0.0668 acc1 97.46%
2026-04-16 12:08:17 - __main__ - INFO - Val:   loss 1.0617 acc1 75.01%
2026-04-16 12:08:17 - __main__ - INFO - 
Epoch 95/100 | lr 0.000991
2026-04-16 12:10:45 - __main__ - INFO - Train: loss 0.0631 acc1 97.56%
2026-04-16 12:10:45 - __main__ - INFO - Val:   loss 1.0509 acc1 74.90%
2026-04-16 12:10:45 - __main__ - INFO - 
Epoch 96/100 | lr 0.000692
2026-04-16 12:13:12 - __main__ - INFO - Train: loss 0.0601 acc1 97.70%
2026-04-16 12:13:12 - __main__ - INFO - Val:   loss 1.0589 acc1 75.04%
2026-04-16 12:13:12 - __main__ - INFO - 
Epoch 97/100 | lr 0.000447
2026-04-16 12:15:40 - __main__ - INFO - Train: loss 0.0580 acc1 97.77%
2026-04-16 12:15:40 - __main__ - INFO - Val:   loss 1.0569 acc1 75.02%
2026-04-16 12:15:40 - __main__ - INFO - 
Epoch 98/100 | lr 0.000256
2026-04-16 12:18:08 - __main__ - INFO - Train: loss 0.0564 acc1 97.87%
2026-04-16 12:18:08 - __main__ - INFO - Val:   loss 1.0489 acc1 75.09%
2026-04-16 12:18:08 - __main__ - INFO - 
Epoch 99/100 | lr 0.000119
2026-04-16 12:20:36 - __main__ - INFO - Train: loss 0.0552 acc1 97.88%
2026-04-16 12:20:36 - __main__ - INFO - Val:   loss 1.0548 acc1 75.11%
2026-04-16 12:20:36 - __main__ - INFO - saved best: 75.11%
2026-04-16 12:20:36 - __main__ - INFO - 
Epoch 100/100 | lr 0.000037
2026-04-16 12:23:05 - __main__ - INFO - Train: loss 0.0545 acc1 97.94%
2026-04-16 12:23:05 - __main__ - INFO - Val:   loss 1.0579 acc1 75.08%
2026-04-16 12:23:05 - __main__ - INFO - Loaded best checkpoint weights for final test evaluation.
2026-04-16 12:23:24 - __main__ - INFO - 
Best tracked (val): 75.11%
2026-04-16 12:23:24 - __main__ - INFO - Final test: loss 1.0579 acc1 74.79%
2026-04-16 12:23:45 - __main__ - INFO - Variant [original] done — test acc 74.79%, test loss 1.0579
2026-04-16 12:23:45 - __main__ - INFO - 
============================================================
2026-04-16 12:23:45 - __main__ - INFO - Training output model: resnet18 [low_saliency]
2026-04-16 12:23:45 - __main__ - INFO -   Resolved config → opt=sgd, lr=0.1, wd=0.0005, bs=64, epochs=100, scheduler=cosine, warmup=5
2026-04-16 12:23:45 - __main__ - INFO - ============================================================
2026-04-16 12:23:45 - __main__ - INFO -   Validation during training uses variant split with val_split=0.1
2026-04-16 12:23:45 - __main__ - INFO -   Final test uses low_saliency variant test split
2026-04-16 12:23:45 - __main__ - INFO - device: cuda | cuda: True | gpu: NVIDIA L4
2026-04-16 12:23:46 - __main__ - INFO - Model: resnet18 | Dataset: drive_zip | Classes: 17 | Optimizer: sgd
2026-04-16 12:23:46 - __main__ - INFO - 
Epoch 1/100 | lr 0.000100
2026-04-16 12:26:15 - __main__ - INFO - Train: loss 2.7584 acc1 11.43%
2026-04-16 12:26:15 - __main__ - INFO - Val:   loss 2.6613 acc1 16.02%
2026-04-16 12:26:15 - __main__ - INFO - saved best: 16.02%
2026-04-16 12:26:15 - __main__ - INFO - 
Epoch 2/100 | lr 0.020080
2026-04-16 12:28:44 - __main__ - INFO - Train: loss 2.0926 acc1 31.04%
2026-04-16 12:28:44 - __main__ - INFO - Val:   loss 2.4068 acc1 31.33%
2026-04-16 12:28:44 - __main__ - INFO - saved best: 31.33%
2026-04-16 12:28:44 - __main__ - INFO - 
Epoch 3/100 | lr 0.040060
2026-04-16 12:31:14 - __main__ - INFO - Train: loss 1.7455 acc1 40.93%
2026-04-16 12:31:14 - __main__ - INFO - Val:   loss 2.9440 acc1 30.90%
2026-04-16 12:31:14 - __main__ - INFO - 
Epoch 4/100 | lr 0.060040
2026-04-16 12:33:43 - __main__ - INFO - Train: loss 1.6374 acc1 44.74%
2026-04-16 12:33:43 - __main__ - INFO - Val:   loss 1.9471 acc1 37.75%
2026-04-16 12:33:43 - __main__ - INFO - saved best: 37.75%
2026-04-16 12:33:43 - __main__ - INFO - 
Epoch 5/100 | lr 0.080020
2026-04-16 12:36:12 - __main__ - INFO - Train: loss 1.5898 acc1 46.32%
2026-04-16 12:36:12 - __main__ - INFO - Val:   loss 1.7522 acc1 42.71%
2026-04-16 12:36:12 - __main__ - INFO - saved best: 42.71%
2026-04-16 12:36:12 - __main__ - INFO - 
Epoch 6/100 | lr 0.100000
2026-04-16 12:38:41 - __main__ - INFO - Train: loss 1.5788 acc1 46.93%
2026-04-16 12:38:41 - __main__ - INFO - Val:   loss 1.6500 acc1 45.13%
2026-04-16 12:38:41 - __main__ - INFO - saved best: 45.13%
2026-04-16 12:38:41 - __main__ - INFO - 
Epoch 7/100 | lr 0.099973
2026-04-16 12:41:10 - __main__ - INFO - Train: loss 1.5380 acc1 48.46%
2026-04-16 12:41:10 - __main__ - INFO - Val:   loss 1.8248 acc1 41.58%
2026-04-16 12:41:10 - __main__ - INFO - 
Epoch 8/100 | lr 0.099891
2026-04-16 12:43:39 - __main__ - INFO - Train: loss 1.5099 acc1 49.34%
2026-04-16 12:43:39 - __main__ - INFO - Val:   loss 1.5590 acc1 48.59%
2026-04-16 12:43:39 - __main__ - INFO - saved best: 48.59%
2026-04-16 12:43:39 - __main__ - INFO - 
Epoch 9/100 | lr 0.099754
2026-04-16 12:46:07 - __main__ - INFO - Train: loss 1.4811 acc1 50.34%
2026-04-16 12:46:07 - __main__ - INFO - Val:   loss 1.5888 acc1 46.65%
2026-04-16 12:46:07 - __main__ - INFO - 
Epoch 10/100 | lr 0.099563
2026-04-16 12:48:36 - __main__ - INFO - Train: loss 1.4609 acc1 51.19%
2026-04-16 12:48:36 - __main__ - INFO - Val:   loss 1.7573 acc1 43.84%
2026-04-16 12:48:36 - __main__ - INFO - 
Epoch 11/100 | lr 0.099318
2026-04-16 12:51:05 - __main__ - INFO - Train: loss 1.4445 acc1 51.63%
2026-04-16 12:51:05 - __main__ - INFO - Val:   loss 1.7986 acc1 42.75%
2026-04-16 12:51:05 - __main__ - INFO - 
Epoch 12/100 | lr 0.099019
2026-04-16 12:53:33 - __main__ - INFO - Train: loss 1.4357 acc1 52.10%
2026-04-16 12:53:33 - __main__ - INFO - Val:   loss 1.5995 acc1 48.19%
2026-04-16 12:53:33 - __main__ - INFO - 
Epoch 13/100 | lr 0.098666
2026-04-16 12:56:01 - __main__ - INFO - Train: loss 1.4208 acc1 52.70%
2026-04-16 12:56:01 - __main__ - INFO - Val:   loss 1.5894 acc1 48.28%
2026-04-16 12:56:01 - __main__ - INFO - 
Epoch 14/100 | lr 0.098261
2026-04-16 12:58:30 - __main__ - INFO - Train: loss 1.4040 acc1 53.26%
2026-04-16 12:58:30 - __main__ - INFO - Val:   loss 2.1682 acc1 39.09%
2026-04-16 12:58:30 - __main__ - INFO - 
Epoch 15/100 | lr 0.097802
2026-04-16 13:00:58 - __main__ - INFO - Train: loss 1.4020 acc1 53.39%
2026-04-16 13:00:58 - __main__ - INFO - Val:   loss 1.4737 acc1 51.64%
2026-04-16 13:00:58 - __main__ - INFO - saved best: 51.64%
2026-04-16 13:00:58 - __main__ - INFO - 
Epoch 16/100 | lr 0.097291
2026-04-16 13:03:27 - __main__ - INFO - Train: loss 1.3923 acc1 53.88%
2026-04-16 13:03:27 - __main__ - INFO - Val:   loss 1.5255 acc1 50.25%
2026-04-16 13:03:27 - __main__ - INFO - 
Epoch 17/100 | lr 0.096729
2026-04-16 13:05:55 - __main__ - INFO - Train: loss 1.3803 acc1 54.15%
2026-04-16 13:05:55 - __main__ - INFO - Val:   loss 1.4907 acc1 50.44%
2026-04-16 13:05:55 - __main__ - INFO - 
Epoch 18/100 | lr 0.096115
2026-04-16 13:08:24 - __main__ - INFO - Train: loss 1.3785 acc1 54.30%
2026-04-16 13:08:24 - __main__ - INFO - Val:   loss 1.4768 acc1 51.49%
2026-04-16 13:08:24 - __main__ - INFO - 
Epoch 19/100 | lr 0.095451
2026-04-16 13:10:52 - __main__ - INFO - Train: loss 1.3680 acc1 54.73%
2026-04-16 13:10:52 - __main__ - INFO - Val:   loss 1.4446 acc1 52.01%
2026-04-16 13:10:52 - __main__ - INFO - saved best: 52.01%
2026-04-16 13:10:52 - __main__ - INFO - 
Epoch 20/100 | lr 0.094737
2026-04-16 13:13:20 - __main__ - INFO - Train: loss 1.3556 acc1 54.98%
2026-04-16 13:13:20 - __main__ - INFO - Val:   loss 1.6003 acc1 48.86%
2026-04-16 13:13:20 - __main__ - INFO - 
Epoch 21/100 | lr 0.093974
2026-04-16 13:15:48 - __main__ - INFO - Train: loss 1.3502 acc1 55.32%
2026-04-16 13:15:48 - __main__ - INFO - Val:   loss 1.4920 acc1 50.74%
2026-04-16 13:15:48 - __main__ - INFO - 
Epoch 22/100 | lr 0.093164
2026-04-16 13:18:16 - __main__ - INFO - Train: loss 1.3407 acc1 55.69%
2026-04-16 13:18:16 - __main__ - INFO - Val:   loss 1.4377 acc1 52.86%
2026-04-16 13:18:16 - __main__ - INFO - saved best: 52.86%
2026-04-16 13:18:16 - __main__ - INFO - 
Epoch 23/100 | lr 0.092306
2026-04-16 13:20:45 - __main__ - INFO - Train: loss 1.3363 acc1 55.90%
2026-04-16 13:20:45 - __main__ - INFO - Val:   loss 1.5069 acc1 51.17%
2026-04-16 13:20:45 - __main__ - INFO - 
Epoch 24/100 | lr 0.091401
2026-04-16 13:23:13 - __main__ - INFO - Train: loss 1.3284 acc1 56.25%
2026-04-16 13:23:13 - __main__ - INFO - Val:   loss 1.4646 acc1 51.36%
2026-04-16 13:23:13 - __main__ - INFO - 
Epoch 25/100 | lr 0.090452
2026-04-16 13:25:41 - __main__ - INFO - Train: loss 1.3219 acc1 56.38%
2026-04-16 13:25:41 - __main__ - INFO - Val:   loss 1.4388 acc1 52.76%
2026-04-16 13:25:41 - __main__ - INFO - 
Epoch 26/100 | lr 0.089458
2026-04-16 13:28:10 - __main__ - INFO - Train: loss 1.3137 acc1 56.72%
2026-04-16 13:28:10 - __main__ - INFO - Val:   loss 1.4540 acc1 52.89%
2026-04-16 13:28:10 - __main__ - INFO - saved best: 52.89%
2026-04-16 13:28:10 - __main__ - INFO - 
Epoch 27/100 | lr 0.088421
2026-04-16 13:30:38 - __main__ - INFO - Train: loss 1.3060 acc1 56.88%
2026-04-16 13:30:38 - __main__ - INFO - Val:   loss 1.4353 acc1 53.57%
2026-04-16 13:30:38 - __main__ - INFO - saved best: 53.57%
2026-04-16 13:30:38 - __main__ - INFO - 
Epoch 28/100 | lr 0.087342
2026-04-16 13:33:06 - __main__ - INFO - Train: loss 1.2980 acc1 57.20%
2026-04-16 13:33:06 - __main__ - INFO - Val:   loss 1.4500 acc1 52.12%
2026-04-16 13:33:06 - __main__ - INFO - 
Epoch 29/100 | lr 0.086223
2026-04-16 13:35:34 - __main__ - INFO - Train: loss 1.2957 acc1 57.43%
2026-04-16 13:35:34 - __main__ - INFO - Val:   loss 1.4447 acc1 52.82%
2026-04-16 13:35:34 - __main__ - INFO - 
Epoch 30/100 | lr 0.085063
2026-04-16 13:38:02 - __main__ - INFO - Train: loss 1.2832 acc1 57.84%
2026-04-16 13:38:02 - __main__ - INFO - Val:   loss 1.3761 acc1 55.21%
2026-04-16 13:38:02 - __main__ - INFO - saved best: 55.21%
2026-04-16 13:38:02 - __main__ - INFO - 
Epoch 31/100 | lr 0.083866
2026-04-16 13:40:30 - __main__ - INFO - Train: loss 1.2801 acc1 57.86%
2026-04-16 13:40:30 - __main__ - INFO - Val:   loss 1.4639 acc1 52.80%
2026-04-16 13:40:30 - __main__ - INFO - 
Epoch 32/100 | lr 0.082631
2026-04-16 13:42:58 - __main__ - INFO - Train: loss 1.2706 acc1 58.20%
2026-04-16 13:42:58 - __main__ - INFO - Val:   loss 1.4180 acc1 53.33%
2026-04-16 13:42:58 - __main__ - INFO - 
Epoch 33/100 | lr 0.081361
2026-04-16 13:45:26 - __main__ - INFO - Train: loss 1.2648 acc1 58.38%
2026-04-16 13:45:26 - __main__ - INFO - Val:   loss 1.5564 acc1 50.79%
2026-04-16 13:45:26 - __main__ - INFO - 
Epoch 34/100 | lr 0.080056
2026-04-16 13:47:54 - __main__ - INFO - Train: loss 1.2522 acc1 58.88%
2026-04-16 13:47:54 - __main__ - INFO - Val:   loss 1.4950 acc1 51.74%
2026-04-16 13:47:54 - __main__ - INFO - 
Epoch 35/100 | lr 0.078719
2026-04-16 13:50:22 - __main__ - INFO - Train: loss 1.2477 acc1 59.03%
2026-04-16 13:50:22 - __main__ - INFO - Val:   loss 1.4111 acc1 54.37%
2026-04-16 13:50:22 - __main__ - INFO - 
Epoch 36/100 | lr 0.077350
2026-04-16 13:52:50 - __main__ - INFO - Train: loss 1.2400 acc1 59.30%
2026-04-16 13:52:50 - __main__ - INFO - Val:   loss 1.4163 acc1 53.43%
2026-04-16 13:52:50 - __main__ - INFO - 
Epoch 37/100 | lr 0.075951
2026-04-16 13:55:17 - __main__ - INFO - Train: loss 1.2285 acc1 59.54%
2026-04-16 13:55:17 - __main__ - INFO - Val:   loss 1.4235 acc1 54.00%
2026-04-16 13:55:17 - __main__ - INFO - 
Epoch 38/100 | lr 0.074524
2026-04-16 13:57:45 - __main__ - INFO - Train: loss 1.2223 acc1 60.02%
2026-04-16 13:57:45 - __main__ - INFO - Val:   loss 1.5037 acc1 51.82%
2026-04-16 13:57:45 - __main__ - INFO - 
Epoch 39/100 | lr 0.073070
2026-04-16 14:00:13 - __main__ - INFO - Train: loss 1.2121 acc1 60.48%
2026-04-16 14:00:13 - __main__ - INFO - Val:   loss 1.3393 acc1 56.73%
2026-04-16 14:00:13 - __main__ - INFO - saved best: 56.73%
2026-04-16 14:00:13 - __main__ - INFO - 
Epoch 40/100 | lr 0.071591
2026-04-16 14:02:41 - __main__ - INFO - Train: loss 1.1979 acc1 60.78%
2026-04-16 14:02:41 - __main__ - INFO - Val:   loss 1.4411 acc1 53.89%
2026-04-16 14:02:41 - __main__ - INFO - 
Epoch 41/100 | lr 0.070088
2026-04-16 14:05:08 - __main__ - INFO - Train: loss 1.1932 acc1 60.88%
2026-04-16 14:05:08 - __main__ - INFO - Val:   loss 1.3316 acc1 57.46%
2026-04-16 14:05:08 - __main__ - INFO - saved best: 57.46%
2026-04-16 14:05:08 - __main__ - INFO - 
Epoch 42/100 | lr 0.068563
2026-04-16 14:07:36 - __main__ - INFO - Train: loss 1.1828 acc1 61.10%
2026-04-16 14:07:36 - __main__ - INFO - Val:   loss 1.3373 acc1 56.78%
2026-04-16 14:07:36 - __main__ - INFO - 
Epoch 43/100 | lr 0.067018
2026-04-16 14:10:04 - __main__ - INFO - Train: loss 1.1711 acc1 61.56%
2026-04-16 14:10:04 - __main__ - INFO - Val:   loss 1.3670 acc1 55.27%
2026-04-16 14:10:04 - __main__ - INFO - 
Epoch 44/100 | lr 0.065454
2026-04-16 14:12:31 - __main__ - INFO - Train: loss 1.1577 acc1 62.09%
2026-04-16 14:12:31 - __main__ - INFO - Val:   loss 1.4680 acc1 52.50%
2026-04-16 14:12:31 - __main__ - INFO - 
Epoch 45/100 | lr 0.063874
2026-04-16 14:14:59 - __main__ - INFO - Train: loss 1.1498 acc1 62.37%
2026-04-16 14:14:59 - __main__ - INFO - Val:   loss 1.4012 acc1 55.70%
2026-04-16 14:14:59 - __main__ - INFO - 
Epoch 46/100 | lr 0.062278
2026-04-16 14:17:27 - __main__ - INFO - Train: loss 1.1338 acc1 62.73%
2026-04-16 14:17:27 - __main__ - INFO - Val:   loss 1.3088 acc1 57.00%
2026-04-16 14:17:27 - __main__ - INFO - 
Epoch 47/100 | lr 0.060669
2026-04-16 14:19:54 - __main__ - INFO - Train: loss 1.1187 acc1 63.44%
2026-04-16 14:19:54 - __main__ - INFO - Val:   loss 1.3362 acc1 57.00%
2026-04-16 14:19:54 - __main__ - INFO - 
Epoch 48/100 | lr 0.059048
2026-04-16 14:22:22 - __main__ - INFO - Train: loss 1.1095 acc1 63.61%
2026-04-16 14:22:22 - __main__ - INFO - Val:   loss 1.3411 acc1 56.92%
2026-04-16 14:22:22 - __main__ - INFO - 
Epoch 49/100 | lr 0.057417
2026-04-16 14:24:50 - __main__ - INFO - Train: loss 1.0968 acc1 64.12%
2026-04-16 14:24:50 - __main__ - INFO - Val:   loss 1.3011 acc1 56.83%
2026-04-16 14:24:50 - __main__ - INFO - 
Epoch 50/100 | lr 0.055779
2026-04-16 14:27:17 - __main__ - INFO - Train: loss 1.0789 acc1 64.67%
2026-04-16 14:27:17 - __main__ - INFO - Val:   loss 1.2906 acc1 59.57%
2026-04-16 14:27:17 - __main__ - INFO - saved best: 59.57%
2026-04-16 14:27:17 - __main__ - INFO - 
Epoch 51/100 | lr 0.054134
2026-04-16 14:29:45 - __main__ - INFO - Train: loss 1.0645 acc1 65.14%
2026-04-16 14:29:45 - __main__ - INFO - Val:   loss 1.3133 acc1 57.94%
2026-04-16 14:29:45 - __main__ - INFO - 
Epoch 52/100 | lr 0.052484
2026-04-16 14:32:12 - __main__ - INFO - Train: loss 1.0500 acc1 65.70%
2026-04-16 14:32:12 - __main__ - INFO - Val:   loss 1.2960 acc1 59.08%
2026-04-16 14:32:12 - __main__ - INFO - 
Epoch 53/100 | lr 0.050832
2026-04-16 14:34:40 - __main__ - INFO - Train: loss 1.0342 acc1 66.12%
2026-04-16 14:34:40 - __main__ - INFO - Val:   loss 1.2857 acc1 59.51%
2026-04-16 14:34:40 - __main__ - INFO - 
Epoch 54/100 | lr 0.049178
2026-04-16 14:37:08 - __main__ - INFO - Train: loss 1.0160 acc1 66.84%
2026-04-16 14:37:08 - __main__ - INFO - Val:   loss 1.2598 acc1 59.63%
2026-04-16 14:37:08 - __main__ - INFO - saved best: 59.63%
2026-04-16 14:37:08 - __main__ - INFO - 
Epoch 55/100 | lr 0.047526
2026-04-16 14:39:35 - __main__ - INFO - Train: loss 1.0017 acc1 67.12%
2026-04-16 14:39:35 - __main__ - INFO - Val:   loss 1.2684 acc1 60.01%
2026-04-16 14:39:35 - __main__ - INFO - saved best: 60.01%
2026-04-16 14:39:35 - __main__ - INFO - 
Epoch 56/100 | lr 0.045876
2026-04-16 14:42:03 - __main__ - INFO - Train: loss 0.9813 acc1 67.77%
2026-04-16 14:42:03 - __main__ - INFO - Val:   loss 1.2751 acc1 59.69%
2026-04-16 14:42:03 - __main__ - INFO - 
Epoch 57/100 | lr 0.044231
2026-04-16 14:44:31 - __main__ - INFO - Train: loss 0.9626 acc1 68.51%
2026-04-16 14:44:31 - __main__ - INFO - Val:   loss 1.2485 acc1 59.63%
2026-04-16 14:44:31 - __main__ - INFO - 
Epoch 58/100 | lr 0.042593
2026-04-16 14:46:59 - __main__ - INFO - Train: loss 0.9461 acc1 69.16%
2026-04-16 14:46:59 - __main__ - INFO - Val:   loss 1.2358 acc1 60.90%
2026-04-16 14:46:59 - __main__ - INFO - saved best: 60.90%
2026-04-16 14:46:59 - __main__ - INFO - 
Epoch 59/100 | lr 0.040962
2026-04-16 14:49:26 - __main__ - INFO - Train: loss 0.9229 acc1 69.52%
2026-04-16 14:49:26 - __main__ - INFO - Val:   loss 1.2306 acc1 60.66%
2026-04-16 14:49:26 - __main__ - INFO - 
Epoch 60/100 | lr 0.039341
2026-04-16 14:51:54 - __main__ - INFO - Train: loss 0.9009 acc1 70.52%
2026-04-16 14:51:54 - __main__ - INFO - Val:   loss 1.2877 acc1 60.28%
2026-04-16 14:51:54 - __main__ - INFO - 
Epoch 61/100 | lr 0.037732
2026-04-16 14:54:21 - __main__ - INFO - Train: loss 0.8794 acc1 71.09%
2026-04-16 14:54:21 - __main__ - INFO - Val:   loss 1.2064 acc1 62.57%
2026-04-16 14:54:21 - __main__ - INFO - saved best: 62.57%
2026-04-16 14:54:21 - __main__ - INFO - 
Epoch 62/100 | lr 0.036136
2026-04-16 14:56:49 - __main__ - INFO - Train: loss 0.8585 acc1 71.80%
2026-04-16 14:56:49 - __main__ - INFO - Val:   loss 1.2058 acc1 62.05%
2026-04-16 14:56:49 - __main__ - INFO - 
Epoch 63/100 | lr 0.034556
2026-04-16 14:59:17 - __main__ - INFO - Train: loss 0.8328 acc1 72.60%
2026-04-16 14:59:17 - __main__ - INFO - Val:   loss 1.2034 acc1 61.94%
2026-04-16 14:59:17 - __main__ - INFO - 
Epoch 64/100 | lr 0.032992
2026-04-16 15:01:44 - __main__ - INFO - Train: loss 0.8056 acc1 73.41%
2026-04-16 15:01:44 - __main__ - INFO - Val:   loss 1.1737 acc1 63.86%
2026-04-16 15:01:44 - __main__ - INFO - saved best: 63.86%
2026-04-16 15:01:44 - __main__ - INFO - 
Epoch 65/100 | lr 0.031447
2026-04-16 15:04:13 - __main__ - INFO - Train: loss 0.7834 acc1 74.16%
2026-04-16 15:04:13 - __main__ - INFO - Val:   loss 1.2378 acc1 63.05%
2026-04-16 15:04:13 - __main__ - INFO - 
Epoch 66/100 | lr 0.029922
2026-04-16 15:06:40 - __main__ - INFO - Train: loss 0.7571 acc1 75.17%
2026-04-16 15:06:40 - __main__ - INFO - Val:   loss 1.2535 acc1 62.44%
2026-04-16 15:06:40 - __main__ - INFO - 
Epoch 67/100 | lr 0.028419
2026-04-16 15:09:08 - __main__ - INFO - Train: loss 0.7280 acc1 76.05%
2026-04-16 15:09:08 - __main__ - INFO - Val:   loss 1.2154 acc1 64.27%
2026-04-16 15:09:08 - __main__ - INFO - saved best: 64.27%
2026-04-16 15:09:08 - __main__ - INFO - 
Epoch 68/100 | lr 0.026940
2026-04-16 15:11:35 - __main__ - INFO - Train: loss 0.7001 acc1 77.00%
2026-04-16 15:11:35 - __main__ - INFO - Val:   loss 1.2157 acc1 63.35%
2026-04-16 15:11:35 - __main__ - INFO - 
Epoch 69/100 | lr 0.025486
2026-04-16 15:14:03 - __main__ - INFO - Train: loss 0.6683 acc1 78.01%
2026-04-16 15:14:03 - __main__ - INFO - Val:   loss 1.2607 acc1 64.36%
2026-04-16 15:14:03 - __main__ - INFO - saved best: 64.36%
2026-04-16 15:14:03 - __main__ - INFO - 
Epoch 70/100 | lr 0.024059
2026-04-16 15:16:30 - __main__ - INFO - Train: loss 0.6372 acc1 78.93%
2026-04-16 15:16:30 - __main__ - INFO - Val:   loss 1.2206 acc1 64.04%
2026-04-16 15:16:30 - __main__ - INFO - 
Epoch 71/100 | lr 0.022660
2026-04-16 15:18:58 - __main__ - INFO - Train: loss 0.6070 acc1 79.94%
2026-04-16 15:18:58 - __main__ - INFO - Val:   loss 1.2493 acc1 65.45%
2026-04-16 15:18:58 - __main__ - INFO - saved best: 65.45%
2026-04-16 15:18:58 - __main__ - INFO - 
Epoch 72/100 | lr 0.021291
2026-04-16 15:21:25 - __main__ - INFO - Train: loss 0.5740 acc1 80.99%
2026-04-16 15:21:25 - __main__ - INFO - Val:   loss 1.2654 acc1 64.10%
2026-04-16 15:21:25 - __main__ - INFO - 
Epoch 73/100 | lr 0.019954
2026-04-16 15:23:53 - __main__ - INFO - Train: loss 0.5416 acc1 82.08%
2026-04-16 15:23:53 - __main__ - INFO - Val:   loss 1.2175 acc1 65.54%
2026-04-16 15:23:53 - __main__ - INFO - saved best: 65.54%
2026-04-16 15:23:53 - __main__ - INFO - 
Epoch 74/100 | lr 0.018649
2026-04-16 15:26:20 - __main__ - INFO - Train: loss 0.5111 acc1 83.06%
2026-04-16 15:26:20 - __main__ - INFO - Val:   loss 1.2287 acc1 66.39%
2026-04-16 15:26:20 - __main__ - INFO - saved best: 66.39%
2026-04-16 15:26:20 - __main__ - INFO - 
Epoch 75/100 | lr 0.017379
2026-04-16 15:28:48 - __main__ - INFO - Train: loss 0.4784 acc1 84.10%
2026-04-16 15:28:48 - __main__ - INFO - Val:   loss 1.2627 acc1 65.31%
2026-04-16 15:28:48 - __main__ - INFO - 
Epoch 76/100 | lr 0.016144
2026-04-16 15:31:15 - __main__ - INFO - Train: loss 0.4386 acc1 85.48%
2026-04-16 15:31:15 - __main__ - INFO - Val:   loss 1.3171 acc1 65.92%
2026-04-16 15:31:15 - __main__ - INFO - 
Epoch 77/100 | lr 0.014947
2026-04-16 15:33:43 - __main__ - INFO - Train: loss 0.3987 acc1 86.88%
2026-04-16 15:33:43 - __main__ - INFO - Val:   loss 1.2627 acc1 66.97%
2026-04-16 15:33:43 - __main__ - INFO - saved best: 66.97%
2026-04-16 15:33:43 - __main__ - INFO - 
Epoch 78/100 | lr 0.013787
2026-04-16 15:36:11 - __main__ - INFO - Train: loss 0.3757 acc1 87.61%
2026-04-16 15:36:11 - __main__ - INFO - Val:   loss 1.2487 acc1 66.70%
2026-04-16 15:36:11 - __main__ - INFO - 
Epoch 79/100 | lr 0.012668
2026-04-16 15:38:38 - __main__ - INFO - Train: loss 0.3355 acc1 88.93%
2026-04-16 15:38:38 - __main__ - INFO - Val:   loss 1.2436 acc1 68.31%
2026-04-16 15:38:38 - __main__ - INFO - saved best: 68.31%
2026-04-16 15:38:38 - __main__ - INFO - 
Epoch 80/100 | lr 0.011589
2026-04-16 15:41:05 - __main__ - INFO - Train: loss 0.3016 acc1 90.13%
2026-04-16 15:41:05 - __main__ - INFO - Val:   loss 1.3259 acc1 67.46%
2026-04-16 15:41:05 - __main__ - INFO - 
Epoch 81/100 | lr 0.010552
2026-04-16 15:43:33 - __main__ - INFO - Train: loss 0.2628 acc1 91.38%
2026-04-16 15:43:33 - __main__ - INFO - Val:   loss 1.2580 acc1 68.15%
2026-04-16 15:43:33 - __main__ - INFO - 
Epoch 82/100 | lr 0.009558
2026-04-16 15:46:00 - __main__ - INFO - Train: loss 0.2253 acc1 92.58%
2026-04-16 15:46:00 - __main__ - INFO - Val:   loss 1.3330 acc1 68.97%
2026-04-16 15:46:00 - __main__ - INFO - saved best: 68.97%
2026-04-16 15:46:00 - __main__ - INFO - 
Epoch 83/100 | lr 0.008609
2026-04-16 15:48:28 - __main__ - INFO - Train: loss 0.1970 acc1 93.48%
2026-04-16 15:48:28 - __main__ - INFO - Val:   loss 1.3073 acc1 69.49%
2026-04-16 15:48:28 - __main__ - INFO - saved best: 69.49%
2026-04-16 15:48:28 - __main__ - INFO - 
Epoch 84/100 | lr 0.007704
2026-04-16 15:50:55 - __main__ - INFO - Train: loss 0.1648 acc1 94.57%
2026-04-16 15:50:55 - __main__ - INFO - Val:   loss 1.3154 acc1 69.47%
2026-04-16 15:50:55 - __main__ - INFO - 
Epoch 85/100 | lr 0.006846
2026-04-16 15:53:23 - __main__ - INFO - Train: loss 0.1398 acc1 95.30%
2026-04-16 15:53:23 - __main__ - INFO - Val:   loss 1.2824 acc1 70.09%
2026-04-16 15:53:23 - __main__ - INFO - saved best: 70.09%
2026-04-16 15:53:23 - __main__ - INFO - 
Epoch 86/100 | lr 0.006036
2026-04-16 15:55:51 - __main__ - INFO - Train: loss 0.1144 acc1 96.09%
2026-04-16 15:55:51 - __main__ - INFO - Val:   loss 1.2742 acc1 71.09%
2026-04-16 15:55:51 - __main__ - INFO - saved best: 71.09%
2026-04-16 15:55:51 - __main__ - INFO - 
Epoch 87/100 | lr 0.005273
2026-04-16 15:58:19 - __main__ - INFO - Train: loss 0.0984 acc1 96.56%
2026-04-16 15:58:19 - __main__ - INFO - Val:   loss 1.2538 acc1 71.43%
2026-04-16 15:58:19 - __main__ - INFO - saved best: 71.43%
2026-04-16 15:58:19 - __main__ - INFO - 
Epoch 88/100 | lr 0.004559
2026-04-16 16:00:46 - __main__ - INFO - Train: loss 0.0829 acc1 97.04%
2026-04-16 16:00:46 - __main__ - INFO - Val:   loss 1.2290 acc1 71.55%
2026-04-16 16:00:46 - __main__ - INFO - saved best: 71.55%
2026-04-16 16:00:46 - __main__ - INFO - 
Epoch 89/100 | lr 0.003895
2026-04-16 16:03:14 - __main__ - INFO - Train: loss 0.0726 acc1 97.36%
2026-04-16 16:03:14 - __main__ - INFO - Val:   loss 1.2139 acc1 71.76%
2026-04-16 16:03:14 - __main__ - INFO - saved best: 71.76%
2026-04-16 16:03:14 - __main__ - INFO - 
Epoch 90/100 | lr 0.003281
2026-04-16 16:05:41 - __main__ - INFO - Train: loss 0.0658 acc1 97.58%
2026-04-16 16:05:41 - __main__ - INFO - Val:   loss 1.2053 acc1 71.61%
2026-04-16 16:05:41 - __main__ - INFO - 
Epoch 91/100 | lr 0.002719
2026-04-16 16:08:09 - __main__ - INFO - Train: loss 0.0586 acc1 97.83%
2026-04-16 16:08:09 - __main__ - INFO - Val:   loss 1.1964 acc1 72.12%
2026-04-16 16:08:09 - __main__ - INFO - saved best: 72.12%
2026-04-16 16:08:09 - __main__ - INFO - 
Epoch 92/100 | lr 0.002208
2026-04-16 16:10:36 - __main__ - INFO - Train: loss 0.0549 acc1 97.93%
2026-04-16 16:10:36 - __main__ - INFO - Val:   loss 1.2021 acc1 72.09%
2026-04-16 16:10:36 - __main__ - INFO - 
Epoch 93/100 | lr 0.001749
2026-04-16 16:13:04 - __main__ - INFO - Train: loss 0.0513 acc1 98.06%
2026-04-16 16:13:04 - __main__ - INFO - Val:   loss 1.1974 acc1 72.01%
2026-04-16 16:13:04 - __main__ - INFO - 
Epoch 94/100 | lr 0.001344
2026-04-16 16:15:31 - __main__ - INFO - Train: loss 0.0489 acc1 98.18%
2026-04-16 16:15:31 - __main__ - INFO - Val:   loss 1.2069 acc1 72.26%
2026-04-16 16:15:32 - __main__ - INFO - saved best: 72.26%
2026-04-16 16:15:32 - __main__ - INFO - 
Epoch 95/100 | lr 0.000991
2026-04-16 16:17:59 - __main__ - INFO - Train: loss 0.0468 acc1 98.24%
2026-04-16 16:17:59 - __main__ - INFO - Val:   loss 1.2028 acc1 72.20%
2026-04-16 16:17:59 - __main__ - INFO - 
Epoch 96/100 | lr 0.000692
2026-04-16 16:20:27 - __main__ - INFO - Train: loss 0.0452 acc1 98.30%
2026-04-16 16:20:27 - __main__ - INFO - Val:   loss 1.1970 acc1 72.10%
2026-04-16 16:20:27 - __main__ - INFO - 
Epoch 97/100 | lr 0.000447
2026-04-16 16:22:54 - __main__ - INFO - Train: loss 0.0442 acc1 98.32%
2026-04-16 16:22:54 - __main__ - INFO - Val:   loss 1.1957 acc1 72.12%
2026-04-16 16:22:54 - __main__ - INFO - 
Epoch 98/100 | lr 0.000256
2026-04-16 16:25:22 - __main__ - INFO - Train: loss 0.0429 acc1 98.40%
2026-04-16 16:25:22 - __main__ - INFO - Val:   loss 1.1930 acc1 72.18%
2026-04-16 16:25:22 - __main__ - INFO - 
Epoch 99/100 | lr 0.000119
2026-04-16 16:27:49 - __main__ - INFO - Train: loss 0.0423 acc1 98.42%
2026-04-16 16:27:49 - __main__ - INFO - Val:   loss 1.1950 acc1 72.27%
2026-04-16 16:27:49 - __main__ - INFO - saved best: 72.27%
2026-04-16 16:27:49 - __main__ - INFO - 
Epoch 100/100 | lr 0.000037
2026-04-16 16:30:17 - __main__ - INFO - Train: loss 0.0420 acc1 98.46%
2026-04-16 16:30:17 - __main__ - INFO - Val:   loss 1.2026 acc1 72.16%
2026-04-16 16:30:17 - __main__ - INFO - Loaded best checkpoint weights for final test evaluation.
2026-04-16 16:30:26 - __main__ - INFO - 
Best tracked (val): 72.27%
2026-04-16 16:30:26 - __main__ - INFO - Final test: loss 1.2031 acc1 71.97%
2026-04-16 16:30:45 - __main__ - INFO - Variant [low_saliency] done — test acc 71.97%, test loss 1.2031
2026-04-16 16:30:45 - __main__ - INFO - Saved validation comparison plot: runs/drive_zip_2026_04/15/resnet18/validation_comparison_plot.png
2026-04-16 16:30:45 - __main__ - INFO - 
Results saved to ./runs/drive_zip_2026_04/15/comparison_results.json
2026-04-16 16:30:45 - __main__ - INFO - 
========================================================================
2026-04-16 16:30:45 - __main__ - INFO - COMPARISON RESULTS — output model: resnet18
2026-04-16 16:30:45 - __main__ - INFO - ========================================================================
2026-04-16 16:30:45 - __main__ - INFO - Variant              Accuracy       Loss
2026-04-16 16:30:45 - __main__ - INFO - ------------------ ---------- ----------
2026-04-16 16:30:45 - __main__ - INFO - original               74.79%     1.0579
2026-04-16 16:30:45 - __main__ - INFO - low_saliency           71.97%     1.2031
2026-04-16 16:30:45 - __main__ - INFO - ========================================================================
2026-04-16 16:30:45 - __main__ - INFO - CROSS-EVAL MATRIX — output model: resnet18
2026-04-16 16:30:45 - __main__ - INFO - Train / Test               original low_saliency
2026-04-16 16:30:45 - __main__ - INFO - ---------------------- ------------ ------------
2026-04-16 16:30:45 - __main__ - INFO - original                     74.79%       54.96%
2026-04-16 16:30:45 - __main__ - INFO - low_saliency                 67.00%       71.97%
2026-04-16 16:30:45 - __main__ - INFO - Interpretation: train(masked)->test(original) isolates augmentation transfer; train(original)->test(masked) isolates preprocessing effect.
2026-04-16 16:30:45 - __main__ - INFO - ========================================================================
