2026-06-28 23:48:07 - __main__ - INFO - Run parameters: {"adamw_betas": [0.9, 0.999], "adamw_eps": 1e-08, "amp": true, "batch_size": 128, "cam_cache_dir": "", "cam_layer": "auto", "cam_precompute_only": false, "cam_precompute_windows": false, "cutout_area": 0.1, "cutout_m": 4, "cutout_mode": "random", "cutout_size": 0, "data_dir": "./data", "dataset": "drive_zip", "debug_cam_timing": false, "deterministic_train_transforms": true, "epochs": 100, "gamma": 0.1, "grayscale": true, "include_regex": "_grayscale\\.tiff$", "label_smoothing": 0.0, "log_every": 100, "lr": 0.1, "milestones": "60,80", "min_lr": 1e-05, "model": "resnet18", "momentum": 0.9, "nesterov": false, "num_workers": 4, "optimizer": "sgd", "out_dir": "runs/drive_zip/resnet18/42", "run_name": "resnet18_seed42_random_M4_area0.1", "saliency_candidate_percent": 10.0, "scheduler": "cosine", "seed": 42, "teacher_checkpoint": "", "teacher_model": "", "val_split": 0.1, "warmup_epochs": 5, "weight_decay": 0.0005}
2026-06-28 23:48:07 - __main__ - INFO - device: cuda | cuda: True | gpu: NVIDIA A100-SXM4-80GB
2026-06-28 23:49:57 - __main__ - INFO - Model: resnet18 | Dataset: drive_zip | Classes: 17 | Optimizer: sgd
2026-06-28 23:49:57 - __main__ - INFO - Cutout enabled: mode=random m=4 size=None area=0.1
2026-06-28 23:49:57 - __main__ - INFO - 
Epoch 1/100 | lr 0.000100
2026-06-28 23:50:54 - __main__ - INFO - Train: loss 2.5900 acc1 23.84%
2026-06-28 23:50:54 - __main__ - INFO - Val:   loss 2.3692 acc1 30.98%
2026-06-28 23:50:54 - __main__ - INFO - saved best: 30.98%
2026-06-28 23:50:54 - __main__ - INFO - 
Epoch 2/100 | lr 0.020080
2026-06-28 23:51:50 - __main__ - INFO - Train: loss 1.4119 acc1 52.69%
2026-06-28 23:51:50 - __main__ - INFO - Val:   loss 1.5121 acc1 54.44%
2026-06-28 23:51:50 - __main__ - INFO - saved best: 54.44%
2026-06-28 23:51:50 - __main__ - INFO - 
Epoch 3/100 | lr 0.040060
2026-06-28 23:52:45 - __main__ - INFO - Train: loss 0.8858 acc1 71.35%
2026-06-28 23:52:45 - __main__ - INFO - Val:   loss 1.4176 acc1 64.50%
2026-06-28 23:52:45 - __main__ - INFO - saved best: 64.50%
2026-06-28 23:52:45 - __main__ - INFO - 
Epoch 4/100 | lr 0.060040
2026-06-28 23:53:41 - __main__ - INFO - Train: loss 0.5723 acc1 81.89%
2026-06-28 23:53:41 - __main__ - INFO - Val:   loss 1.6176 acc1 66.32%
2026-06-28 23:53:41 - __main__ - INFO - saved best: 66.32%
2026-06-28 23:53:41 - __main__ - INFO - 
Epoch 5/100 | lr 0.080020
2026-06-28 23:54:37 - __main__ - INFO - Train: loss 0.4246 acc1 86.47%
2026-06-28 23:54:37 - __main__ - INFO - Val:   loss 1.7985 acc1 61.53%
2026-06-28 23:54:37 - __main__ - INFO - 
Epoch 6/100 | lr 0.100000
2026-06-28 23:55:33 - __main__ - INFO - Train: loss 0.3747 acc1 88.05%
2026-06-28 23:55:33 - __main__ - INFO - Val:   loss 1.5153 acc1 66.32%
2026-06-28 23:55:33 - __main__ - INFO - 
Epoch 7/100 | lr 0.099973
2026-06-28 23:56:28 - __main__ - INFO - Train: loss 0.2788 acc1 91.17%
2026-06-28 23:56:28 - __main__ - INFO - Val:   loss 1.5183 acc1 67.16%
2026-06-28 23:56:28 - __main__ - INFO - saved best: 67.16%
2026-06-28 23:56:28 - __main__ - INFO - 
Epoch 8/100 | lr 0.099891
2026-06-28 23:57:24 - __main__ - INFO - Train: loss 0.2800 acc1 90.95%
2026-06-28 23:57:24 - __main__ - INFO - Val:   loss 1.4760 acc1 66.72%
2026-06-28 23:57:24 - __main__ - INFO - 
Epoch 9/100 | lr 0.099754
2026-06-28 23:58:19 - __main__ - INFO - Train: loss 0.2630 acc1 91.48%
2026-06-28 23:58:19 - __main__ - INFO - Val:   loss 1.4733 acc1 67.18%
2026-06-28 23:58:19 - __main__ - INFO - saved best: 67.18%
2026-06-28 23:58:19 - __main__ - INFO - 
Epoch 10/100 | lr 0.099563
2026-06-28 23:59:15 - __main__ - INFO - Train: loss 0.2571 acc1 91.58%
2026-06-28 23:59:15 - __main__ - INFO - Val:   loss 1.5390 acc1 65.73%
2026-06-28 23:59:15 - __main__ - INFO - 
Epoch 11/100 | lr 0.099318
2026-06-29 00:00:11 - __main__ - INFO - Train: loss 0.2497 acc1 91.80%
2026-06-29 00:00:11 - __main__ - INFO - Val:   loss 1.4642 acc1 68.02%
2026-06-29 00:00:11 - __main__ - INFO - saved best: 68.02%
2026-06-29 00:00:11 - __main__ - INFO - 
Epoch 12/100 | lr 0.099019
2026-06-29 00:01:07 - __main__ - INFO - Train: loss 0.2459 acc1 91.90%
2026-06-29 00:01:07 - __main__ - INFO - Val:   loss 1.5220 acc1 66.71%
2026-06-29 00:01:07 - __main__ - INFO - 
Epoch 13/100 | lr 0.098666
2026-06-29 00:02:03 - __main__ - INFO - Train: loss 0.2252 acc1 92.55%
2026-06-29 00:02:03 - __main__ - INFO - Val:   loss 1.8729 acc1 61.61%
2026-06-29 00:02:03 - __main__ - INFO - 
Epoch 14/100 | lr 0.098261
2026-06-29 00:02:58 - __main__ - INFO - Train: loss 0.2362 acc1 92.31%
2026-06-29 00:02:58 - __main__ - INFO - Val:   loss 1.5198 acc1 66.43%
2026-06-29 00:02:58 - __main__ - INFO - 
Epoch 15/100 | lr 0.097802
2026-06-29 00:03:54 - __main__ - INFO - Train: loss 0.2412 acc1 91.88%
2026-06-29 00:03:54 - __main__ - INFO - Val:   loss 1.6364 acc1 67.30%
2026-06-29 00:03:54 - __main__ - INFO - 
Epoch 16/100 | lr 0.097291
2026-06-29 00:04:49 - __main__ - INFO - Train: loss 0.1992 acc1 93.25%
2026-06-29 00:04:49 - __main__ - INFO - Val:   loss 1.7776 acc1 64.58%
2026-06-29 00:04:49 - __main__ - INFO - 
Epoch 17/100 | lr 0.096729
2026-06-29 00:05:45 - __main__ - INFO - Train: loss 0.2486 acc1 91.73%
2026-06-29 00:05:45 - __main__ - INFO - Val:   loss 1.7541 acc1 66.31%
2026-06-29 00:05:45 - __main__ - INFO - 
Epoch 18/100 | lr 0.096115
2026-06-29 00:06:40 - __main__ - INFO - Train: loss 0.1713 acc1 94.23%
2026-06-29 00:06:40 - __main__ - INFO - Val:   loss 1.8505 acc1 65.24%
2026-06-29 00:06:40 - __main__ - INFO - 
Epoch 19/100 | lr 0.095451
2026-06-29 00:07:36 - __main__ - INFO - Train: loss 0.2539 acc1 91.61%
2026-06-29 00:07:36 - __main__ - INFO - Val:   loss 1.7159 acc1 67.35%
2026-06-29 00:07:36 - __main__ - INFO - 
Epoch 20/100 | lr 0.094737
2026-06-29 00:08:31 - __main__ - INFO - Train: loss 0.1890 acc1 93.59%
2026-06-29 00:08:31 - __main__ - INFO - Val:   loss 1.7998 acc1 65.88%
2026-06-29 00:08:31 - __main__ - INFO - 
Epoch 21/100 | lr 0.093974
2026-06-29 00:09:27 - __main__ - INFO - Train: loss 0.2234 acc1 92.51%
2026-06-29 00:09:27 - __main__ - INFO - Val:   loss 1.6724 acc1 67.42%
2026-06-29 00:09:27 - __main__ - INFO - 
Epoch 22/100 | lr 0.093164
2026-06-29 00:10:23 - __main__ - INFO - Train: loss 0.1809 acc1 93.79%
2026-06-29 00:10:23 - __main__ - INFO - Val:   loss 1.5544 acc1 65.43%
2026-06-29 00:10:23 - __main__ - INFO - 
Epoch 23/100 | lr 0.092306
2026-06-29 00:11:18 - __main__ - INFO - Train: loss 0.2231 acc1 92.49%
2026-06-29 00:11:18 - __main__ - INFO - Val:   loss 1.5472 acc1 66.30%
2026-06-29 00:11:18 - __main__ - INFO - 
Epoch 24/100 | lr 0.091401
2026-06-29 00:12:14 - __main__ - INFO - Train: loss 0.1631 acc1 94.50%
2026-06-29 00:12:14 - __main__ - INFO - Val:   loss 1.6142 acc1 67.11%
2026-06-29 00:12:14 - __main__ - INFO - 
Epoch 25/100 | lr 0.090452
2026-06-29 00:13:09 - __main__ - INFO - Train: loss 0.2238 acc1 92.49%
2026-06-29 00:13:09 - __main__ - INFO - Val:   loss 1.6284 acc1 64.15%
2026-06-29 00:13:09 - __main__ - INFO - 
Epoch 26/100 | lr 0.089458
2026-06-29 00:14:05 - __main__ - INFO - Train: loss 0.1525 acc1 94.70%
2026-06-29 00:14:05 - __main__ - INFO - Val:   loss 1.5247 acc1 67.24%
2026-06-29 00:14:05 - __main__ - INFO - 
Epoch 27/100 | lr 0.088421
2026-06-29 00:15:00 - __main__ - INFO - Train: loss 0.2369 acc1 91.92%
2026-06-29 00:15:00 - __main__ - INFO - Val:   loss 1.4943 acc1 66.73%
2026-06-29 00:15:00 - __main__ - INFO - 
Epoch 28/100 | lr 0.087342
2026-06-29 00:15:56 - __main__ - INFO - Train: loss 0.1555 acc1 94.62%
2026-06-29 00:15:56 - __main__ - INFO - Val:   loss 1.4102 acc1 69.24%
2026-06-29 00:15:56 - __main__ - INFO - saved best: 69.24%
2026-06-29 00:15:56 - __main__ - INFO - 
Epoch 29/100 | lr 0.086223
2026-06-29 00:16:51 - __main__ - INFO - Train: loss 0.1255 acc1 95.48%
2026-06-29 00:16:51 - __main__ - INFO - Val:   loss 1.6563 acc1 64.90%
2026-06-29 00:16:51 - __main__ - INFO - 
Epoch 30/100 | lr 0.085063
2026-06-29 00:17:47 - __main__ - INFO - Train: loss 0.2762 acc1 90.72%
2026-06-29 00:17:47 - __main__ - INFO - Val:   loss 1.5353 acc1 67.71%
2026-06-29 00:17:47 - __main__ - INFO - 
Epoch 31/100 | lr 0.083866
2026-06-29 00:18:42 - __main__ - INFO - Train: loss 0.1170 acc1 95.75%
2026-06-29 00:18:42 - __main__ - INFO - Val:   loss 1.4435 acc1 68.39%
2026-06-29 00:18:42 - __main__ - INFO - 
Epoch 32/100 | lr 0.082631
2026-06-29 00:19:38 - __main__ - INFO - Train: loss 0.2311 acc1 92.10%
2026-06-29 00:19:38 - __main__ - INFO - Val:   loss 1.5483 acc1 65.11%
2026-06-29 00:19:38 - __main__ - INFO - 
Epoch 33/100 | lr 0.081361
2026-06-29 00:20:34 - __main__ - INFO - Train: loss 0.1978 acc1 93.38%
2026-06-29 00:20:34 - __main__ - INFO - Val:   loss 1.4903 acc1 68.59%
2026-06-29 00:20:34 - __main__ - INFO - 
Epoch 34/100 | lr 0.080056
2026-06-29 00:21:29 - __main__ - INFO - Train: loss 0.1142 acc1 95.85%
2026-06-29 00:21:29 - __main__ - INFO - Val:   loss 1.5482 acc1 67.30%
2026-06-29 00:21:29 - __main__ - INFO - 
Epoch 35/100 | lr 0.078719
2026-06-29 00:22:25 - __main__ - INFO - Train: loss 0.2604 acc1 91.34%
2026-06-29 00:22:25 - __main__ - INFO - Val:   loss 1.6265 acc1 65.53%
2026-06-29 00:22:25 - __main__ - INFO - 
Epoch 36/100 | lr 0.077350
2026-06-29 00:23:20 - __main__ - INFO - Train: loss 0.1352 acc1 95.20%
2026-06-29 00:23:20 - __main__ - INFO - Val:   loss 1.4546 acc1 68.35%
2026-06-29 00:23:20 - __main__ - INFO - 
Epoch 37/100 | lr 0.075951
2026-06-29 00:24:16 - __main__ - INFO - Train: loss 0.1004 acc1 96.22%
2026-06-29 00:24:16 - __main__ - INFO - Val:   loss 1.4192 acc1 68.23%
2026-06-29 00:24:16 - __main__ - INFO - 
Epoch 38/100 | lr 0.074524
2026-06-29 00:25:12 - __main__ - INFO - Train: loss 0.2707 acc1 90.96%
2026-06-29 00:25:12 - __main__ - INFO - Val:   loss 1.4096 acc1 67.76%
2026-06-29 00:25:12 - __main__ - INFO - 
Epoch 39/100 | lr 0.073070
2026-06-29 00:26:07 - __main__ - INFO - Train: loss 0.1548 acc1 94.73%
2026-06-29 00:26:07 - __main__ - INFO - Val:   loss 1.4247 acc1 69.83%
2026-06-29 00:26:07 - __main__ - INFO - saved best: 69.83%
2026-06-29 00:26:07 - __main__ - INFO - 
Epoch 40/100 | lr 0.071591
2026-06-29 00:27:03 - __main__ - INFO - Train: loss 0.0966 acc1 96.25%
2026-06-29 00:27:03 - __main__ - INFO - Val:   loss 1.3819 acc1 68.57%
2026-06-29 00:27:03 - __main__ - INFO - 
Epoch 41/100 | lr 0.070088
2026-06-29 00:27:59 - __main__ - INFO - Train: loss 0.1997 acc1 93.06%
2026-06-29 00:27:59 - __main__ - INFO - Val:   loss 1.5042 acc1 62.68%
2026-06-29 00:27:59 - __main__ - INFO - 
Epoch 42/100 | lr 0.068563
2026-06-29 00:28:54 - __main__ - INFO - Train: loss 0.1987 acc1 93.19%
2026-06-29 00:28:54 - __main__ - INFO - Val:   loss 1.5170 acc1 69.13%
2026-06-29 00:28:54 - __main__ - INFO - 
Epoch 43/100 | lr 0.067018
2026-06-29 00:29:49 - __main__ - INFO - Train: loss 0.1027 acc1 96.13%
2026-06-29 00:29:49 - __main__ - INFO - Val:   loss 1.4259 acc1 69.88%
2026-06-29 00:29:49 - __main__ - INFO - saved best: 69.88%
2026-06-29 00:29:49 - __main__ - INFO - 
Epoch 44/100 | lr 0.065454
2026-06-29 00:30:45 - __main__ - INFO - Train: loss 0.0840 acc1 96.64%
2026-06-29 00:30:45 - __main__ - INFO - Val:   loss 1.3728 acc1 69.64%
2026-06-29 00:30:45 - __main__ - INFO - 
Epoch 45/100 | lr 0.063874
2026-06-29 00:31:41 - __main__ - INFO - Train: loss 0.2027 acc1 93.06%
2026-06-29 00:31:41 - __main__ - INFO - Val:   loss 1.5762 acc1 60.98%
2026-06-29 00:31:41 - __main__ - INFO - 
Epoch 46/100 | lr 0.062278
2026-06-29 00:32:37 - __main__ - INFO - Train: loss 0.2373 acc1 92.12%
2026-06-29 00:32:37 - __main__ - INFO - Val:   loss 1.4944 acc1 68.85%
2026-06-29 00:32:37 - __main__ - INFO - 
Epoch 47/100 | lr 0.060669
2026-06-29 00:33:32 - __main__ - INFO - Train: loss 0.0988 acc1 96.25%
2026-06-29 00:33:32 - __main__ - INFO - Val:   loss 1.4737 acc1 69.16%
2026-06-29 00:33:32 - __main__ - INFO - 
Epoch 48/100 | lr 0.059048
2026-06-29 00:34:28 - __main__ - INFO - Train: loss 0.0802 acc1 96.81%
2026-06-29 00:34:28 - __main__ - INFO - Val:   loss 1.3905 acc1 69.97%
2026-06-29 00:34:28 - __main__ - INFO - saved best: 69.97%
2026-06-29 00:34:28 - __main__ - INFO - 
Epoch 49/100 | lr 0.057417
2026-06-29 00:35:23 - __main__ - INFO - Train: loss 0.0846 acc1 96.80%
2026-06-29 00:35:23 - __main__ - INFO - Val:   loss 1.8010 acc1 64.67%
2026-06-29 00:35:23 - __main__ - INFO - 
Epoch 50/100 | lr 0.055779
2026-06-29 00:36:19 - __main__ - INFO - Train: loss 0.2894 acc1 90.51%
2026-06-29 00:36:19 - __main__ - INFO - Val:   loss 1.5739 acc1 67.54%
2026-06-29 00:36:19 - __main__ - INFO - 
Epoch 51/100 | lr 0.054134
2026-06-29 00:37:14 - __main__ - INFO - Train: loss 0.1003 acc1 96.19%
2026-06-29 00:37:14 - __main__ - INFO - Val:   loss 1.4357 acc1 68.97%
2026-06-29 00:37:14 - __main__ - INFO - 
Epoch 52/100 | lr 0.052484
2026-06-29 00:38:10 - __main__ - INFO - Train: loss 0.0721 acc1 97.04%
2026-06-29 00:38:10 - __main__ - INFO - Val:   loss 1.3654 acc1 68.45%
2026-06-29 00:38:10 - __main__ - INFO - 
Epoch 53/100 | lr 0.050832
2026-06-29 00:39:06 - __main__ - INFO - Train: loss 0.0650 acc1 97.46%
2026-06-29 00:39:06 - __main__ - INFO - Val:   loss 1.3736 acc1 68.35%
2026-06-29 00:39:06 - __main__ - INFO - 
Epoch 54/100 | lr 0.049178
2026-06-29 00:40:02 - __main__ - INFO - Train: loss 0.1747 acc1 94.11%
2026-06-29 00:40:02 - __main__ - INFO - Val:   loss 1.6306 acc1 59.90%
2026-06-29 00:40:02 - __main__ - INFO - 
Epoch 55/100 | lr 0.047526
2026-06-29 00:40:57 - __main__ - INFO - Train: loss 0.1953 acc1 93.55%
2026-06-29 00:40:57 - __main__ - INFO - Val:   loss 1.4165 acc1 68.42%
2026-06-29 00:40:57 - __main__ - INFO - 
Epoch 56/100 | lr 0.045876
2026-06-29 00:41:53 - __main__ - INFO - Train: loss 0.0809 acc1 96.85%
2026-06-29 00:41:53 - __main__ - INFO - Val:   loss 1.4122 acc1 68.90%
2026-06-29 00:41:53 - __main__ - INFO - 
Epoch 57/100 | lr 0.044231
2026-06-29 00:42:49 - __main__ - INFO - Train: loss 0.0634 acc1 97.46%
2026-06-29 00:42:49 - __main__ - INFO - Val:   loss 1.4228 acc1 68.35%
2026-06-29 00:42:49 - __main__ - INFO - 
Epoch 58/100 | lr 0.042593
2026-06-29 00:43:44 - __main__ - INFO - Train: loss 0.0616 acc1 97.62%
2026-06-29 00:43:44 - __main__ - INFO - Val:   loss 1.4370 acc1 68.38%
2026-06-29 00:43:44 - __main__ - INFO - 
Epoch 59/100 | lr 0.040962
2026-06-29 00:44:40 - __main__ - INFO - Train: loss 0.1483 acc1 95.03%
2026-06-29 00:44:40 - __main__ - INFO - Val:   loss 1.7845 acc1 63.59%
2026-06-29 00:44:40 - __main__ - INFO - 
Epoch 60/100 | lr 0.039341
2026-06-29 00:45:36 - __main__ - INFO - Train: loss 0.1630 acc1 94.52%
2026-06-29 00:45:36 - __main__ - INFO - Val:   loss 1.4735 acc1 69.29%
2026-06-29 00:45:36 - __main__ - INFO - 
Epoch 61/100 | lr 0.037732
2026-06-29 00:46:32 - __main__ - INFO - Train: loss 0.0669 acc1 97.32%
2026-06-29 00:46:32 - __main__ - INFO - Val:   loss 1.4091 acc1 69.54%
2026-06-29 00:46:32 - __main__ - INFO - 
Epoch 62/100 | lr 0.036136
2026-06-29 00:47:27 - __main__ - INFO - Train: loss 0.0543 acc1 97.87%
2026-06-29 00:47:27 - __main__ - INFO - Val:   loss 1.3442 acc1 69.96%
2026-06-29 00:47:27 - __main__ - INFO - 
Epoch 63/100 | lr 0.034556
2026-06-29 00:48:23 - __main__ - INFO - Train: loss 0.0494 acc1 98.07%
2026-06-29 00:48:23 - __main__ - INFO - Val:   loss 1.3381 acc1 69.99%
2026-06-29 00:48:23 - __main__ - INFO - saved best: 69.99%
2026-06-29 00:48:23 - __main__ - INFO - 
Epoch 64/100 | lr 0.032992
2026-06-29 00:49:18 - __main__ - INFO - Train: loss 0.0490 acc1 98.15%
2026-06-29 00:49:18 - __main__ - INFO - Val:   loss 1.3381 acc1 70.21%
2026-06-29 00:49:18 - __main__ - INFO - saved best: 70.21%
2026-06-29 00:49:18 - __main__ - INFO - 
Epoch 65/100 | lr 0.031447
2026-06-29 00:50:14 - __main__ - INFO - Train: loss 0.0504 acc1 98.23%
2026-06-29 00:50:14 - __main__ - INFO - Val:   loss 1.4802 acc1 67.85%
2026-06-29 00:50:14 - __main__ - INFO - 
Epoch 66/100 | lr 0.029922
2026-06-29 00:51:09 - __main__ - INFO - Train: loss 0.1899 acc1 93.85%
2026-06-29 00:51:09 - __main__ - INFO - Val:   loss 1.5906 acc1 66.31%
2026-06-29 00:51:09 - __main__ - INFO - 
Epoch 67/100 | lr 0.028419
2026-06-29 00:52:05 - __main__ - INFO - Train: loss 0.0835 acc1 96.97%
2026-06-29 00:52:05 - __main__ - INFO - Val:   loss 1.5976 acc1 68.91%
2026-06-29 00:52:05 - __main__ - INFO - 
Epoch 68/100 | lr 0.026940
2026-06-29 00:53:01 - __main__ - INFO - Train: loss 0.0500 acc1 98.02%
2026-06-29 00:53:01 - __main__ - INFO - Val:   loss 1.4053 acc1 69.03%
2026-06-29 00:53:01 - __main__ - INFO - 
Epoch 69/100 | lr 0.025486
2026-06-29 00:53:57 - __main__ - INFO - Train: loss 0.0383 acc1 98.54%
2026-06-29 00:53:57 - __main__ - INFO - Val:   loss 1.3634 acc1 69.85%
2026-06-29 00:53:57 - __main__ - INFO - 
Epoch 70/100 | lr 0.024059
2026-06-29 00:54:52 - __main__ - INFO - Train: loss 0.0349 acc1 98.67%
2026-06-29 00:54:52 - __main__ - INFO - Val:   loss 1.3460 acc1 70.10%
2026-06-29 00:54:52 - __main__ - INFO - 
Epoch 71/100 | lr 0.022660
2026-06-29 00:55:48 - __main__ - INFO - Train: loss 0.0313 acc1 98.84%
2026-06-29 00:55:48 - __main__ - INFO - Val:   loss 1.3584 acc1 69.59%
2026-06-29 00:55:48 - __main__ - INFO - 
Epoch 72/100 | lr 0.021291
2026-06-29 00:56:44 - __main__ - INFO - Train: loss 0.0286 acc1 98.96%
2026-06-29 00:56:44 - __main__ - INFO - Val:   loss 1.3352 acc1 70.04%
2026-06-29 00:56:44 - __main__ - INFO - 
Epoch 73/100 | lr 0.019954
2026-06-29 00:57:39 - __main__ - INFO - Train: loss 0.0280 acc1 99.00%
2026-06-29 00:57:39 - __main__ - INFO - Val:   loss 1.3681 acc1 69.96%
2026-06-29 00:57:39 - __main__ - INFO - 
Epoch 74/100 | lr 0.018649
2026-06-29 00:58:35 - __main__ - INFO - Train: loss 0.0269 acc1 99.09%
2026-06-29 00:58:35 - __main__ - INFO - Val:   loss 1.3367 acc1 69.85%
2026-06-29 00:58:35 - __main__ - INFO - 
Epoch 75/100 | lr 0.017379
2026-06-29 00:59:31 - __main__ - INFO - Train: loss 0.0227 acc1 99.20%
2026-06-29 00:59:31 - __main__ - INFO - Val:   loss 1.3265 acc1 70.05%
2026-06-29 00:59:31 - __main__ - INFO - 
Epoch 76/100 | lr 0.016144
2026-06-29 01:00:27 - __main__ - INFO - Train: loss 0.0240 acc1 99.23%
2026-06-29 01:00:27 - __main__ - INFO - Val:   loss 1.3452 acc1 70.04%
2026-06-29 01:00:27 - __main__ - INFO - 
Epoch 77/100 | lr 0.014947
2026-06-29 01:01:22 - __main__ - INFO - Train: loss 0.0217 acc1 99.30%
2026-06-29 01:01:22 - __main__ - INFO - Val:   loss 1.2734 acc1 69.80%
2026-06-29 01:01:22 - __main__ - INFO - 
Epoch 78/100 | lr 0.013787
2026-06-29 01:02:18 - __main__ - INFO - Train: loss 0.0179 acc1 99.36%
2026-06-29 01:02:18 - __main__ - INFO - Val:   loss 1.3175 acc1 69.63%
2026-06-29 01:02:18 - __main__ - INFO - 
Epoch 79/100 | lr 0.012668
2026-06-29 01:03:14 - __main__ - INFO - Train: loss 0.0168 acc1 99.40%
2026-06-29 01:03:14 - __main__ - INFO - Val:   loss 1.3130 acc1 69.57%
2026-06-29 01:03:14 - __main__ - INFO - 
Epoch 80/100 | lr 0.011589
2026-06-29 01:04:10 - __main__ - INFO - Train: loss 0.0146 acc1 99.45%
2026-06-29 01:04:10 - __main__ - INFO - Val:   loss 1.2714 acc1 70.13%
2026-06-29 01:04:10 - __main__ - INFO - 
Epoch 81/100 | lr 0.010552
2026-06-29 01:05:06 - __main__ - INFO - Train: loss 0.0140 acc1 99.51%
2026-06-29 01:05:06 - __main__ - INFO - Val:   loss 1.3008 acc1 70.02%
2026-06-29 01:05:06 - __main__ - INFO - 
Epoch 82/100 | lr 0.009558
2026-06-29 01:06:01 - __main__ - INFO - Train: loss 0.0152 acc1 99.48%
2026-06-29 01:06:01 - __main__ - INFO - Val:   loss 1.3099 acc1 69.68%
2026-06-29 01:06:01 - __main__ - INFO - 
Epoch 83/100 | lr 0.008609
2026-06-29 01:06:57 - __main__ - INFO - Train: loss 0.0131 acc1 99.54%
2026-06-29 01:06:57 - __main__ - INFO - Val:   loss 1.2891 acc1 70.12%
2026-06-29 01:06:57 - __main__ - INFO - 
Epoch 84/100 | lr 0.007704
2026-06-29 01:07:53 - __main__ - INFO - Train: loss 0.0119 acc1 99.57%
2026-06-29 01:07:53 - __main__ - INFO - Val:   loss 1.2740 acc1 69.82%
2026-06-29 01:07:53 - __main__ - INFO - 
Epoch 85/100 | lr 0.006846
2026-06-29 01:08:49 - __main__ - INFO - Train: loss 0.0107 acc1 99.58%
2026-06-29 01:08:49 - __main__ - INFO - Val:   loss 1.2736 acc1 70.21%
2026-06-29 01:08:49 - __main__ - INFO - saved best: 70.21%
2026-06-29 01:08:49 - __main__ - INFO - 
Epoch 86/100 | lr 0.006036
2026-06-29 01:09:44 - __main__ - INFO - Train: loss 0.0101 acc1 99.61%
2026-06-29 01:09:44 - __main__ - INFO - Val:   loss 1.2884 acc1 70.27%
2026-06-29 01:09:44 - __main__ - INFO - saved best: 70.27%
2026-06-29 01:09:44 - __main__ - INFO - 
Epoch 87/100 | lr 0.005273
2026-06-29 01:10:40 - __main__ - INFO - Train: loss 0.0098 acc1 99.62%
2026-06-29 01:10:40 - __main__ - INFO - Val:   loss 1.2757 acc1 70.11%
2026-06-29 01:10:40 - __main__ - INFO - 
Epoch 88/100 | lr 0.004559
2026-06-29 01:11:36 - __main__ - INFO - Train: loss 0.0094 acc1 99.63%
2026-06-29 01:11:36 - __main__ - INFO - Val:   loss 1.2751 acc1 70.29%
2026-06-29 01:11:36 - __main__ - INFO - saved best: 70.29%
2026-06-29 01:11:36 - __main__ - INFO - 
Epoch 89/100 | lr 0.003895
2026-06-29 01:12:32 - __main__ - INFO - Train: loss 0.0091 acc1 99.65%
2026-06-29 01:12:32 - __main__ - INFO - Val:   loss 1.2836 acc1 69.71%
2026-06-29 01:12:32 - __main__ - INFO - 
Epoch 90/100 | lr 0.003281
2026-06-29 01:13:27 - __main__ - INFO - Train: loss 0.0088 acc1 99.67%
2026-06-29 01:13:27 - __main__ - INFO - Val:   loss 1.2856 acc1 70.30%
2026-06-29 01:13:27 - __main__ - INFO - saved best: 70.30%
2026-06-29 01:13:27 - __main__ - INFO - 
Epoch 91/100 | lr 0.002719
2026-06-29 01:14:23 - __main__ - INFO - Train: loss 0.0086 acc1 99.67%
2026-06-29 01:14:23 - __main__ - INFO - Val:   loss 1.2826 acc1 70.13%
2026-06-29 01:14:23 - __main__ - INFO - 
Epoch 92/100 | lr 0.002208
2026-06-29 01:15:19 - __main__ - INFO - Train: loss 0.0084 acc1 99.69%
2026-06-29 01:15:19 - __main__ - INFO - Val:   loss 1.2806 acc1 70.22%
2026-06-29 01:15:19 - __main__ - INFO - 
Epoch 93/100 | lr 0.001749
2026-06-29 01:16:15 - __main__ - INFO - Train: loss 0.0084 acc1 99.68%
2026-06-29 01:16:15 - __main__ - INFO - Val:   loss 1.2880 acc1 70.10%
2026-06-29 01:16:15 - __main__ - INFO - 
Epoch 94/100 | lr 0.001344
2026-06-29 01:17:11 - __main__ - INFO - Train: loss 0.0082 acc1 99.68%
2026-06-29 01:17:11 - __main__ - INFO - Val:   loss 1.2834 acc1 69.80%
2026-06-29 01:17:11 - __main__ - INFO - 
Epoch 95/100 | lr 0.000991
2026-06-29 01:18:07 - __main__ - INFO - Train: loss 0.0079 acc1 99.70%
2026-06-29 01:18:07 - __main__ - INFO - Val:   loss 1.2989 acc1 70.11%
2026-06-29 01:18:07 - __main__ - INFO - 
Epoch 96/100 | lr 0.000692
2026-06-29 01:19:03 - __main__ - INFO - Train: loss 0.0079 acc1 99.69%
2026-06-29 01:19:03 - __main__ - INFO - Val:   loss 1.2912 acc1 70.22%
2026-06-29 01:19:03 - __main__ - INFO - 
Epoch 97/100 | lr 0.000447
2026-06-29 01:19:58 - __main__ - INFO - Train: loss 0.0078 acc1 99.71%
2026-06-29 01:19:58 - __main__ - INFO - Val:   loss 1.2851 acc1 70.10%
2026-06-29 01:19:58 - __main__ - INFO - 
Epoch 98/100 | lr 0.000256
2026-06-29 01:20:54 - __main__ - INFO - Train: loss 0.0078 acc1 99.69%
2026-06-29 01:20:54 - __main__ - INFO - Val:   loss 1.2929 acc1 69.69%
2026-06-29 01:20:54 - __main__ - INFO - 
Epoch 99/100 | lr 0.000119
2026-06-29 01:21:50 - __main__ - INFO - Train: loss 0.0077 acc1 99.71%
2026-06-29 01:21:50 - __main__ - INFO - Val:   loss 1.2874 acc1 70.19%
2026-06-29 01:21:50 - __main__ - INFO - 
Epoch 100/100 | lr 0.000037
2026-06-29 01:22:46 - __main__ - INFO - Train: loss 0.0077 acc1 99.72%
2026-06-29 01:22:46 - __main__ - INFO - Val:   loss 1.2886 acc1 70.08%
2026-06-29 01:22:46 - __main__ - INFO - Loaded best checkpoint weights for final test evaluation.
2026-06-29 01:22:48 - __main__ - INFO - 
Best tracked (val): 70.30%
2026-06-29 01:22:48 - __main__ - INFO - Final test: loss 1.2326 acc1 69.55%
2026-06-29 01:22:48 - __main__ - INFO - Saved best model checkpoint to runs/drive_zip/resnet18/42/resnet18_seed42_random_M4_area0.1/best_model.pt
