2026-06-25 19:27:43 - __main__ - INFO - Run parameters: {"adamw_betas": [0.9, 0.999], "adamw_eps": 1e-08, "amp": true, "batch_size": 32, "cam_layer": "auto", "cutout_area": 0.1, "cutout_m": 4, "cutout_mode": "cam_high", "cutout_size": 0, "data_dir": "./data", "dataset": "malimg", "epochs": 100, "gamma": 0.1, "grayscale": true, "include_regex": "", "label_smoothing": 0.0, "log_every": 100, "lr": 0.05, "milestones": "60,80", "min_lr": 1e-05, "model": "densenet121", "momentum": 0.9, "nesterov": false, "num_workers": 4, "optimizer": "sgd", "out_dir": "runs/malimg/42", "run_name": "densenet121_seed42_cam_high_M4_area0.1", "saliency_candidate_percent": 10.0, "scheduler": "cosine", "seed": 42, "teacher_checkpoint": "runs/malimg/42/densenet121_seed42_none/best_model.pt", "teacher_model": "densenet121", "val_split": 0.0, "warmup_epochs": 5, "weight_decay": 0.0001}
2026-06-25 19:27:43 - __main__ - INFO - device: cuda | cuda: True | gpu: NVIDIA L4
2026-06-25 19:27:44 - __main__ - INFO - Model: densenet121 | Dataset: malimg | Classes: 25 | Optimizer: sgd
2026-06-25 19:27:45 - __main__ - INFO - Cutout enabled: mode=cam_high m=4 size=None area=0.1
2026-06-25 19:27:45 - __main__ - INFO - 
Epoch 1/100 | lr 0.000050
2026-06-25 19:29:49 - __main__ - INFO - Train: loss 1.8852 acc1 52.61%
2026-06-25 19:29:49 - __main__ - INFO - Val:   loss 1.2304 acc1 69.45%
2026-06-25 19:29:49 - __main__ - INFO - saved best: 69.45%
2026-06-25 19:29:49 - __main__ - INFO - 
Epoch 2/100 | lr 0.010040
2026-06-25 19:31:51 - __main__ - INFO - Train: loss 0.1548 acc1 95.52%
2026-06-25 19:31:51 - __main__ - INFO - Val:   loss 0.0703 acc1 97.63%
2026-06-25 19:31:51 - __main__ - INFO - saved best: 97.63%
2026-06-25 19:31:51 - __main__ - INFO - 
Epoch 3/100 | lr 0.020030
2026-06-25 19:33:53 - __main__ - INFO - Train: loss 0.0790 acc1 97.47%
2026-06-25 19:33:53 - __main__ - INFO - Val:   loss 0.0799 acc1 97.05%
2026-06-25 19:33:53 - __main__ - INFO - 
Epoch 4/100 | lr 0.030020
2026-06-25 19:35:55 - __main__ - INFO - Train: loss 0.0681 acc1 97.88%
2026-06-25 19:35:55 - __main__ - INFO - Val:   loss 0.0623 acc1 98.34%
2026-06-25 19:35:56 - __main__ - INFO - saved best: 98.34%
2026-06-25 19:35:56 - __main__ - INFO - 
Epoch 5/100 | lr 0.040010
2026-06-25 19:37:58 - __main__ - INFO - Train: loss 0.0645 acc1 98.01%
2026-06-25 19:37:58 - __main__ - INFO - Val:   loss 0.0811 acc1 98.31%
2026-06-25 19:37:58 - __main__ - INFO - 
Epoch 6/100 | lr 0.050000
2026-06-25 19:40:00 - __main__ - INFO - Train: loss 0.0522 acc1 98.40%
2026-06-25 19:40:00 - __main__ - INFO - Val:   loss 0.1338 acc1 95.75%
2026-06-25 19:40:00 - __main__ - INFO - 
Epoch 7/100 | lr 0.049986
2026-06-25 19:42:02 - __main__ - INFO - Train: loss 0.0497 acc1 98.49%
2026-06-25 19:42:02 - __main__ - INFO - Val:   loss 0.0715 acc1 97.99%
2026-06-25 19:42:02 - __main__ - INFO - 
Epoch 8/100 | lr 0.049945
2026-06-25 19:44:05 - __main__ - INFO - Train: loss 0.0408 acc1 98.75%
2026-06-25 19:44:05 - __main__ - INFO - Val:   loss 0.0849 acc1 97.64%
2026-06-25 19:44:05 - __main__ - INFO - 
Epoch 9/100 | lr 0.049877
2026-06-25 19:46:07 - __main__ - INFO - Train: loss 0.0418 acc1 98.71%
2026-06-25 19:46:07 - __main__ - INFO - Val:   loss 0.1392 acc1 97.60%
2026-06-25 19:46:07 - __main__ - INFO - 
Epoch 10/100 | lr 0.049782
2026-06-25 19:48:09 - __main__ - INFO - Train: loss 0.0403 acc1 98.76%
2026-06-25 19:48:09 - __main__ - INFO - Val:   loss 0.0842 acc1 98.15%
2026-06-25 19:48:09 - __main__ - INFO - 
Epoch 11/100 | lr 0.049659
2026-06-25 19:50:11 - __main__ - INFO - Train: loss 0.0365 acc1 98.87%
2026-06-25 19:50:11 - __main__ - INFO - Val:   loss 0.0685 acc1 98.11%
2026-06-25 19:50:11 - __main__ - INFO - 
Epoch 12/100 | lr 0.049510
2026-06-25 19:52:13 - __main__ - INFO - Train: loss 0.0364 acc1 98.87%
2026-06-25 19:52:13 - __main__ - INFO - Val:   loss 0.0677 acc1 98.41%
2026-06-25 19:52:13 - __main__ - INFO - saved best: 98.41%
2026-06-25 19:52:13 - __main__ - INFO - 
Epoch 13/100 | lr 0.049333
2026-06-25 19:54:15 - __main__ - INFO - Train: loss 0.0383 acc1 98.83%
2026-06-25 19:54:15 - __main__ - INFO - Val:   loss 0.0831 acc1 98.09%
2026-06-25 19:54:15 - __main__ - INFO - 
Epoch 14/100 | lr 0.049130
2026-06-25 19:56:18 - __main__ - INFO - Train: loss 0.0450 acc1 98.65%
2026-06-25 19:56:18 - __main__ - INFO - Val:   loss 0.1178 acc1 97.31%
2026-06-25 19:56:18 - __main__ - INFO - 
Epoch 15/100 | lr 0.048901
2026-06-25 19:58:20 - __main__ - INFO - Train: loss 0.0372 acc1 98.86%
2026-06-25 19:58:20 - __main__ - INFO - Val:   loss 0.0647 acc1 98.41%
2026-06-25 19:58:20 - __main__ - INFO - 
Epoch 16/100 | lr 0.048646
2026-06-25 20:00:22 - __main__ - INFO - Train: loss 0.0401 acc1 98.78%
2026-06-25 20:00:22 - __main__ - INFO - Val:   loss 0.1691 acc1 96.57%
2026-06-25 20:00:22 - __main__ - INFO - 
Epoch 17/100 | lr 0.048364
2026-06-25 20:02:25 - __main__ - INFO - Train: loss 0.0425 acc1 98.72%
2026-06-25 20:02:25 - __main__ - INFO - Val:   loss 0.0328 acc1 99.03%
2026-06-25 20:02:25 - __main__ - INFO - saved best: 99.03%
2026-06-25 20:02:25 - __main__ - INFO - 
Epoch 18/100 | lr 0.048058
2026-06-25 20:04:27 - __main__ - INFO - Train: loss 0.0355 acc1 98.94%
2026-06-25 20:04:27 - __main__ - INFO - Val:   loss 0.0293 acc1 99.29%
2026-06-25 20:04:27 - __main__ - INFO - saved best: 99.29%
2026-06-25 20:04:27 - __main__ - INFO - 
Epoch 19/100 | lr 0.047726
2026-06-25 20:06:29 - __main__ - INFO - Train: loss 0.0109 acc1 99.75%
2026-06-25 20:06:29 - __main__ - INFO - Val:   loss 0.0686 acc1 98.25%
2026-06-25 20:06:29 - __main__ - INFO - 
Epoch 20/100 | lr 0.047369
2026-06-25 20:08:30 - __main__ - INFO - Train: loss 0.0424 acc1 98.75%
2026-06-25 20:08:30 - __main__ - INFO - Val:   loss 0.0693 acc1 98.37%
2026-06-25 20:08:30 - __main__ - INFO - 
Epoch 21/100 | lr 0.046987
2026-06-25 20:10:32 - __main__ - INFO - Train: loss 0.0425 acc1 98.72%
2026-06-25 20:10:32 - __main__ - INFO - Val:   loss 0.0758 acc1 98.09%
2026-06-25 20:10:32 - __main__ - INFO - 
Epoch 22/100 | lr 0.046582
2026-06-25 20:12:34 - __main__ - INFO - Train: loss 0.0372 acc1 98.85%
2026-06-25 20:12:34 - __main__ - INFO - Val:   loss 0.0688 acc1 98.41%
2026-06-25 20:12:34 - __main__ - INFO - 
Epoch 23/100 | lr 0.046153
2026-06-25 20:14:36 - __main__ - INFO - Train: loss 0.0362 acc1 98.87%
2026-06-25 20:14:36 - __main__ - INFO - Val:   loss 0.0741 acc1 98.25%
2026-06-25 20:14:36 - __main__ - INFO - 
Epoch 24/100 | lr 0.045701
2026-06-25 20:16:38 - __main__ - INFO - Train: loss 0.0359 acc1 98.87%
2026-06-25 20:16:38 - __main__ - INFO - Val:   loss 0.0747 acc1 98.05%
2026-06-25 20:16:38 - __main__ - INFO - 
Epoch 25/100 | lr 0.045226
2026-06-25 20:18:41 - __main__ - INFO - Train: loss 0.0372 acc1 98.86%
2026-06-25 20:18:41 - __main__ - INFO - Val:   loss 0.0724 acc1 98.31%
2026-06-25 20:18:41 - __main__ - INFO - 
Epoch 26/100 | lr 0.044730
2026-06-25 20:20:43 - __main__ - INFO - Train: loss 0.0455 acc1 98.66%
2026-06-25 20:20:43 - __main__ - INFO - Val:   loss 0.0705 acc1 98.05%
2026-06-25 20:20:43 - __main__ - INFO - 
Epoch 27/100 | lr 0.044211
2026-06-25 20:22:45 - __main__ - INFO - Train: loss 0.0436 acc1 98.70%
2026-06-25 20:22:45 - __main__ - INFO - Val:   loss 0.0987 acc1 97.83%
2026-06-25 20:22:45 - __main__ - INFO - 
Epoch 28/100 | lr 0.043672
2026-06-25 20:24:47 - __main__ - INFO - Train: loss 0.0372 acc1 98.85%
2026-06-25 20:24:47 - __main__ - INFO - Val:   loss 0.0750 acc1 98.31%
2026-06-25 20:24:47 - __main__ - INFO - 
Epoch 29/100 | lr 0.043112
2026-06-25 20:26:50 - __main__ - INFO - Train: loss 0.0368 acc1 98.86%
2026-06-25 20:26:50 - __main__ - INFO - Val:   loss 0.0583 acc1 98.21%
2026-06-25 20:26:50 - __main__ - INFO - 
Epoch 30/100 | lr 0.042532
2026-06-25 20:28:52 - __main__ - INFO - Train: loss 0.0196 acc1 99.43%
2026-06-25 20:28:52 - __main__ - INFO - Val:   loss 0.0383 acc1 99.22%
2026-06-25 20:28:52 - __main__ - INFO - 
Epoch 31/100 | lr 0.041934
2026-06-25 20:30:54 - __main__ - INFO - Train: loss 0.0113 acc1 99.71%
2026-06-25 20:30:54 - __main__ - INFO - Val:   loss 0.0487 acc1 98.96%
2026-06-25 20:30:54 - __main__ - INFO - 
Epoch 32/100 | lr 0.041316
2026-06-25 20:32:56 - __main__ - INFO - Train: loss 0.0007 acc1 100.00%
2026-06-25 20:32:56 - __main__ - INFO - Val:   loss 0.0397 acc1 98.96%
2026-06-25 20:32:56 - __main__ - INFO - 
Epoch 33/100 | lr 0.040681
2026-06-25 20:34:59 - __main__ - INFO - Train: loss 0.0220 acc1 99.35%
2026-06-25 20:34:59 - __main__ - INFO - Val:   loss 0.1404 acc1 86.03%
2026-06-25 20:34:59 - __main__ - INFO - 
Epoch 34/100 | lr 0.040029
2026-06-25 20:37:01 - __main__ - INFO - Train: loss 0.0358 acc1 98.93%
2026-06-25 20:37:01 - __main__ - INFO - Val:   loss 0.0574 acc1 98.90%
2026-06-25 20:37:01 - __main__ - INFO - 
Epoch 35/100 | lr 0.039360
2026-06-25 20:39:03 - __main__ - INFO - Train: loss 0.0053 acc1 99.89%
2026-06-25 20:39:03 - __main__ - INFO - Val:   loss 0.0383 acc1 99.19%
2026-06-25 20:39:03 - __main__ - INFO - 
Epoch 36/100 | lr 0.038676
2026-06-25 20:41:06 - __main__ - INFO - Train: loss 0.0033 acc1 99.94%
2026-06-25 20:41:06 - __main__ - INFO - Val:   loss 0.0640 acc1 97.99%
2026-06-25 20:41:06 - __main__ - INFO - 
Epoch 37/100 | lr 0.037977
2026-06-25 20:43:08 - __main__ - INFO - Train: loss 0.0202 acc1 99.42%
2026-06-25 20:43:08 - __main__ - INFO - Val:   loss 0.0706 acc1 98.25%
2026-06-25 20:43:08 - __main__ - INFO - 
Epoch 38/100 | lr 0.037263
2026-06-25 20:45:10 - __main__ - INFO - Train: loss 0.0078 acc1 99.78%
2026-06-25 20:45:10 - __main__ - INFO - Val:   loss 0.0437 acc1 99.19%
2026-06-25 20:45:10 - __main__ - INFO - 
Epoch 39/100 | lr 0.036536
2026-06-25 20:47:12 - __main__ - INFO - Train: loss 0.0011 acc1 99.99%
2026-06-25 20:47:12 - __main__ - INFO - Val:   loss 0.0530 acc1 99.19%
2026-06-25 20:47:12 - __main__ - INFO - 
Epoch 40/100 | lr 0.035797
2026-06-25 20:49:14 - __main__ - INFO - Train: loss 0.0006 acc1 100.00%
2026-06-25 20:49:14 - __main__ - INFO - Val:   loss 0.0474 acc1 99.03%
2026-06-25 20:49:14 - __main__ - INFO - 
Epoch 41/100 | lr 0.035045
2026-06-25 20:51:17 - __main__ - INFO - Train: loss 0.0006 acc1 100.00%
2026-06-25 20:51:17 - __main__ - INFO - Val:   loss 0.0435 acc1 99.19%
2026-06-25 20:51:17 - __main__ - INFO - 
Epoch 42/100 | lr 0.034283
2026-06-25 20:53:19 - __main__ - INFO - Train: loss 0.0006 acc1 100.00%
2026-06-25 20:53:19 - __main__ - INFO - Val:   loss 0.0451 acc1 99.29%
2026-06-25 20:53:19 - __main__ - INFO - 
Epoch 43/100 | lr 0.033511
2026-06-25 20:55:21 - __main__ - INFO - Train: loss 0.0008 acc1 100.00%
2026-06-25 20:55:21 - __main__ - INFO - Val:   loss 0.0439 acc1 99.19%
2026-06-25 20:55:21 - __main__ - INFO - 
Epoch 44/100 | lr 0.032729
2026-06-25 20:57:23 - __main__ - INFO - Train: loss 0.0006 acc1 100.00%
2026-06-25 20:57:23 - __main__ - INFO - Val:   loss 0.0435 acc1 99.19%
2026-06-25 20:57:23 - __main__ - INFO - 
Epoch 45/100 | lr 0.031939
2026-06-25 20:59:26 - __main__ - INFO - Train: loss 0.0007 acc1 100.00%
2026-06-25 20:59:26 - __main__ - INFO - Val:   loss 0.0431 acc1 99.19%
2026-06-25 20:59:26 - __main__ - INFO - 
Epoch 46/100 | lr 0.031141
2026-06-25 21:01:28 - __main__ - INFO - Train: loss 0.0006 acc1 100.00%
2026-06-25 21:01:28 - __main__ - INFO - Val:   loss 0.0430 acc1 99.19%
2026-06-25 21:01:28 - __main__ - INFO - 
Epoch 47/100 | lr 0.030336
2026-06-25 21:03:30 - __main__ - INFO - Train: loss 0.0006 acc1 100.00%
2026-06-25 21:03:30 - __main__ - INFO - Val:   loss 0.0418 acc1 99.03%
2026-06-25 21:03:30 - __main__ - INFO - 
Epoch 48/100 | lr 0.029526
2026-06-25 21:05:32 - __main__ - INFO - Train: loss 0.0006 acc1 100.00%
2026-06-25 21:05:32 - __main__ - INFO - Val:   loss 0.0420 acc1 99.19%
2026-06-25 21:05:32 - __main__ - INFO - 
Epoch 49/100 | lr 0.028711
2026-06-25 21:07:34 - __main__ - INFO - Train: loss 0.0007 acc1 100.00%
2026-06-25 21:07:34 - __main__ - INFO - Val:   loss 0.0435 acc1 99.19%
2026-06-25 21:07:34 - __main__ - INFO - 
Epoch 50/100 | lr 0.027892
2026-06-25 21:09:36 - __main__ - INFO - Train: loss 0.0006 acc1 100.00%
2026-06-25 21:09:36 - __main__ - INFO - Val:   loss 0.0405 acc1 99.19%
2026-06-25 21:09:36 - __main__ - INFO - 
Epoch 51/100 | lr 0.027069
2026-06-25 21:11:38 - __main__ - INFO - Train: loss 0.0006 acc1 100.00%
2026-06-25 21:11:38 - __main__ - INFO - Val:   loss 0.0419 acc1 99.19%
2026-06-25 21:11:38 - __main__ - INFO - 
Epoch 52/100 | lr 0.026244
2026-06-25 21:13:41 - __main__ - INFO - Train: loss 0.0169 acc1 99.60%
2026-06-25 21:13:41 - __main__ - INFO - Val:   loss 0.0777 acc1 98.99%
2026-06-25 21:13:41 - __main__ - INFO - 
Epoch 53/100 | lr 0.025418
2026-06-25 21:15:43 - __main__ - INFO - Train: loss 0.0458 acc1 98.64%
2026-06-25 21:15:43 - __main__ - INFO - Val:   loss 0.0908 acc1 97.86%
2026-06-25 21:15:43 - __main__ - INFO - 
Epoch 54/100 | lr 0.024592
2026-06-25 21:17:46 - __main__ - INFO - Train: loss 0.0159 acc1 99.60%
2026-06-25 21:17:46 - __main__ - INFO - Val:   loss 0.0395 acc1 98.90%
2026-06-25 21:17:46 - __main__ - INFO - 
Epoch 55/100 | lr 0.023766
2026-06-25 21:19:48 - __main__ - INFO - Train: loss 0.0186 acc1 99.52%
2026-06-25 21:19:48 - __main__ - INFO - Val:   loss 0.0415 acc1 99.00%
2026-06-25 21:19:48 - __main__ - INFO - 
Epoch 56/100 | lr 0.022941
2026-06-25 21:21:51 - __main__ - INFO - Train: loss 0.0041 acc1 99.92%
2026-06-25 21:21:51 - __main__ - INFO - Val:   loss 0.0293 acc1 99.06%
2026-06-25 21:21:51 - __main__ - INFO - 
Epoch 57/100 | lr 0.022118
2026-06-25 21:23:52 - __main__ - INFO - Train: loss 0.0006 acc1 100.00%
2026-06-25 21:23:52 - __main__ - INFO - Val:   loss 0.0279 acc1 99.38%
2026-06-25 21:23:53 - __main__ - INFO - saved best: 99.38%
2026-06-25 21:23:53 - __main__ - INFO - 
Epoch 58/100 | lr 0.021299
2026-06-25 21:25:55 - __main__ - INFO - Train: loss 0.0005 acc1 100.00%
2026-06-25 21:25:55 - __main__ - INFO - Val:   loss 0.0340 acc1 99.06%
2026-06-25 21:25:55 - __main__ - INFO - 
Epoch 59/100 | lr 0.020484
2026-06-25 21:27:58 - __main__ - INFO - Train: loss 0.0005 acc1 100.00%
2026-06-25 21:27:58 - __main__ - INFO - Val:   loss 0.0313 acc1 99.06%
2026-06-25 21:27:58 - __main__ - INFO - 
Epoch 60/100 | lr 0.019674
2026-06-25 21:30:00 - __main__ - INFO - Train: loss 0.0005 acc1 100.00%
2026-06-25 21:30:00 - __main__ - INFO - Val:   loss 0.0320 acc1 99.22%
2026-06-25 21:30:00 - __main__ - INFO - 
Epoch 61/100 | lr 0.018869
2026-06-25 21:32:03 - __main__ - INFO - Train: loss 0.0005 acc1 100.00%
2026-06-25 21:32:03 - __main__ - INFO - Val:   loss 0.0307 acc1 99.38%
2026-06-25 21:32:03 - __main__ - INFO - 
Epoch 62/100 | lr 0.018071
2026-06-25 21:34:05 - __main__ - INFO - Train: loss 0.0005 acc1 100.00%
2026-06-25 21:34:05 - __main__ - INFO - Val:   loss 0.0338 acc1 99.38%
2026-06-25 21:34:05 - __main__ - INFO - 
Epoch 63/100 | lr 0.017281
2026-06-25 21:36:07 - __main__ - INFO - Train: loss 0.0005 acc1 100.00%
2026-06-25 21:36:07 - __main__ - INFO - Val:   loss 0.0328 acc1 99.38%
2026-06-25 21:36:07 - __main__ - INFO - 
Epoch 64/100 | lr 0.016499
2026-06-25 21:38:09 - __main__ - INFO - Train: loss 0.0005 acc1 100.00%
2026-06-25 21:38:09 - __main__ - INFO - Val:   loss 0.0347 acc1 99.38%
2026-06-25 21:38:09 - __main__ - INFO - 
Epoch 65/100 | lr 0.015727
2026-06-25 21:40:11 - __main__ - INFO - Train: loss 0.0005 acc1 100.00%
2026-06-25 21:40:11 - __main__ - INFO - Val:   loss 0.0351 acc1 99.38%
2026-06-25 21:40:11 - __main__ - INFO - 
Epoch 66/100 | lr 0.014965
2026-06-25 21:42:14 - __main__ - INFO - Train: loss 0.0006 acc1 100.00%
2026-06-25 21:42:14 - __main__ - INFO - Val:   loss 0.0375 acc1 99.55%
2026-06-25 21:42:14 - __main__ - INFO - saved best: 99.55%
2026-06-25 21:42:14 - __main__ - INFO - 
Epoch 67/100 | lr 0.014213
2026-06-25 21:44:16 - __main__ - INFO - Train: loss 0.0006 acc1 100.00%
2026-06-25 21:44:16 - __main__ - INFO - Val:   loss 0.0330 acc1 99.55%
2026-06-25 21:44:16 - __main__ - INFO - 
Epoch 68/100 | lr 0.013474
2026-06-25 21:46:19 - __main__ - INFO - Train: loss 0.0005 acc1 100.00%
2026-06-25 21:46:19 - __main__ - INFO - Val:   loss 0.0344 acc1 99.22%
2026-06-25 21:46:19 - __main__ - INFO - 
Epoch 69/100 | lr 0.012747
2026-06-25 21:48:21 - __main__ - INFO - Train: loss 0.0005 acc1 100.00%
2026-06-25 21:48:21 - __main__ - INFO - Val:   loss 0.0356 acc1 99.38%
2026-06-25 21:48:21 - __main__ - INFO - 
Epoch 70/100 | lr 0.012033
2026-06-25 21:50:24 - __main__ - INFO - Train: loss 0.0006 acc1 100.00%
2026-06-25 21:50:24 - __main__ - INFO - Val:   loss 0.0390 acc1 99.38%
2026-06-25 21:50:24 - __main__ - INFO - 
Epoch 71/100 | lr 0.011334
2026-06-25 21:52:26 - __main__ - INFO - Train: loss 0.0005 acc1 100.00%
2026-06-25 21:52:26 - __main__ - INFO - Val:   loss 0.0399 acc1 99.22%
2026-06-25 21:52:26 - __main__ - INFO - 
Epoch 72/100 | lr 0.010650
2026-06-25 21:54:28 - __main__ - INFO - Train: loss 0.0006 acc1 100.00%
2026-06-25 21:54:28 - __main__ - INFO - Val:   loss 0.0382 acc1 99.45%
2026-06-25 21:54:28 - __main__ - INFO - 
Epoch 73/100 | lr 0.009981
2026-06-25 21:56:31 - __main__ - INFO - Train: loss 0.0006 acc1 100.00%
2026-06-25 21:56:31 - __main__ - INFO - Val:   loss 0.0384 acc1 99.19%
2026-06-25 21:56:31 - __main__ - INFO - 
Epoch 74/100 | lr 0.009329
2026-06-25 21:58:33 - __main__ - INFO - Train: loss 0.0005 acc1 100.00%
2026-06-25 21:58:33 - __main__ - INFO - Val:   loss 0.0426 acc1 99.22%
2026-06-25 21:58:33 - __main__ - INFO - 
Epoch 75/100 | lr 0.008694
2026-06-25 22:00:36 - __main__ - INFO - Train: loss 0.0005 acc1 100.00%
2026-06-25 22:00:36 - __main__ - INFO - Val:   loss 0.0438 acc1 99.29%
2026-06-25 22:00:36 - __main__ - INFO - 
Epoch 76/100 | lr 0.008076
2026-06-25 22:02:38 - __main__ - INFO - Train: loss 0.0006 acc1 100.00%
2026-06-25 22:02:38 - __main__ - INFO - Val:   loss 0.0440 acc1 99.38%
2026-06-25 22:02:38 - __main__ - INFO - 
Epoch 77/100 | lr 0.007478
2026-06-25 22:04:41 - __main__ - INFO - Train: loss 0.0005 acc1 100.00%
2026-06-25 22:04:41 - __main__ - INFO - Val:   loss 0.0449 acc1 99.38%
2026-06-25 22:04:41 - __main__ - INFO - 
Epoch 78/100 | lr 0.006898
2026-06-25 22:06:44 - __main__ - INFO - Train: loss 0.0006 acc1 100.00%
2026-06-25 22:06:44 - __main__ - INFO - Val:   loss 0.0433 acc1 99.29%
2026-06-25 22:06:44 - __main__ - INFO - 
Epoch 79/100 | lr 0.006338
2026-06-25 22:08:46 - __main__ - INFO - Train: loss 0.0006 acc1 100.00%
2026-06-25 22:08:46 - __main__ - INFO - Val:   loss 0.0401 acc1 99.38%
2026-06-25 22:08:46 - __main__ - INFO - 
Epoch 80/100 | lr 0.005799
2026-06-25 22:10:49 - __main__ - INFO - Train: loss 0.0006 acc1 100.00%
2026-06-25 22:10:49 - __main__ - INFO - Val:   loss 0.0406 acc1 99.55%
2026-06-25 22:10:49 - __main__ - INFO - 
Epoch 81/100 | lr 0.005280
2026-06-25 22:12:51 - __main__ - INFO - Train: loss 0.0006 acc1 100.00%
2026-06-25 22:12:51 - __main__ - INFO - Val:   loss 0.0383 acc1 99.38%
2026-06-25 22:12:51 - __main__ - INFO - 
Epoch 82/100 | lr 0.004784
2026-06-25 22:14:53 - __main__ - INFO - Train: loss 0.0005 acc1 100.00%
2026-06-25 22:14:53 - __main__ - INFO - Val:   loss 0.0412 acc1 99.38%
2026-06-25 22:14:53 - __main__ - INFO - 
Epoch 83/100 | lr 0.004309
2026-06-25 22:16:56 - __main__ - INFO - Train: loss 0.0005 acc1 100.00%
2026-06-25 22:16:56 - __main__ - INFO - Val:   loss 0.0398 acc1 99.45%
2026-06-25 22:16:56 - __main__ - INFO - 
Epoch 84/100 | lr 0.003857
2026-06-25 22:18:58 - __main__ - INFO - Train: loss 0.0005 acc1 100.00%
2026-06-25 22:18:58 - __main__ - INFO - Val:   loss 0.0404 acc1 99.29%
2026-06-25 22:18:58 - __main__ - INFO - 
Epoch 85/100 | lr 0.003428
2026-06-25 22:21:01 - __main__ - INFO - Train: loss 0.0006 acc1 100.00%
2026-06-25 22:21:01 - __main__ - INFO - Val:   loss 0.0411 acc1 99.29%
2026-06-25 22:21:01 - __main__ - INFO - 
Epoch 86/100 | lr 0.003023
2026-06-25 22:23:04 - __main__ - INFO - Train: loss 0.0005 acc1 100.00%
2026-06-25 22:23:04 - __main__ - INFO - Val:   loss 0.0398 acc1 99.45%
2026-06-25 22:23:04 - __main__ - INFO - 
Epoch 87/100 | lr 0.002641
2026-06-25 22:25:07 - __main__ - INFO - Train: loss 0.0006 acc1 100.00%
2026-06-25 22:25:07 - __main__ - INFO - Val:   loss 0.0408 acc1 99.35%
2026-06-25 22:25:07 - __main__ - INFO - 
Epoch 88/100 | lr 0.002284
2026-06-25 22:27:09 - __main__ - INFO - Train: loss 0.0006 acc1 100.00%
2026-06-25 22:27:09 - __main__ - INFO - Val:   loss 0.0387 acc1 99.55%
2026-06-25 22:27:09 - __main__ - INFO - 
Epoch 89/100 | lr 0.001952
2026-06-25 22:29:12 - __main__ - INFO - Train: loss 0.0006 acc1 100.00%
2026-06-25 22:29:12 - __main__ - INFO - Val:   loss 0.0411 acc1 99.45%
2026-06-25 22:29:12 - __main__ - INFO - 
Epoch 90/100 | lr 0.001646
2026-06-25 22:31:14 - __main__ - INFO - Train: loss 0.0006 acc1 100.00%
2026-06-25 22:31:14 - __main__ - INFO - Val:   loss 0.0430 acc1 99.29%
2026-06-25 22:31:14 - __main__ - INFO - 
Epoch 91/100 | lr 0.001364
2026-06-25 22:33:17 - __main__ - INFO - Train: loss 0.0005 acc1 100.00%
2026-06-25 22:33:17 - __main__ - INFO - Val:   loss 0.0395 acc1 99.38%
2026-06-25 22:33:17 - __main__ - INFO - 
Epoch 92/100 | lr 0.001109
2026-06-25 22:35:20 - __main__ - INFO - Train: loss 0.0006 acc1 100.00%
2026-06-25 22:35:20 - __main__ - INFO - Val:   loss 0.0377 acc1 99.55%
2026-06-25 22:35:20 - __main__ - INFO - 
Epoch 93/100 | lr 0.000880
2026-06-25 22:37:22 - __main__ - INFO - Train: loss 0.0006 acc1 100.00%
2026-06-25 22:37:22 - __main__ - INFO - Val:   loss 0.0382 acc1 99.55%
2026-06-25 22:37:22 - __main__ - INFO - 
Epoch 94/100 | lr 0.000677
2026-06-25 22:39:25 - __main__ - INFO - Train: loss 0.0006 acc1 100.00%
2026-06-25 22:39:25 - __main__ - INFO - Val:   loss 0.0444 acc1 99.35%
2026-06-25 22:39:25 - __main__ - INFO - 
Epoch 95/100 | lr 0.000500
2026-06-25 22:41:28 - __main__ - INFO - Train: loss 0.0005 acc1 100.00%
2026-06-25 22:41:28 - __main__ - INFO - Val:   loss 0.0434 acc1 99.38%
2026-06-25 22:41:28 - __main__ - INFO - 
Epoch 96/100 | lr 0.000351
2026-06-25 22:43:30 - __main__ - INFO - Train: loss 0.0006 acc1 100.00%
2026-06-25 22:43:30 - __main__ - INFO - Val:   loss 0.0396 acc1 99.29%
2026-06-25 22:43:30 - __main__ - INFO - 
Epoch 97/100 | lr 0.000228
2026-06-25 22:45:33 - __main__ - INFO - Train: loss 0.0006 acc1 100.00%
2026-06-25 22:45:33 - __main__ - INFO - Val:   loss 0.0399 acc1 99.38%
2026-06-25 22:45:33 - __main__ - INFO - 
Epoch 98/100 | lr 0.000133
2026-06-25 22:47:35 - __main__ - INFO - Train: loss 0.0005 acc1 100.00%
2026-06-25 22:47:35 - __main__ - INFO - Val:   loss 0.0424 acc1 99.35%
2026-06-25 22:47:35 - __main__ - INFO - 
Epoch 99/100 | lr 0.000065
2026-06-25 22:49:38 - __main__ - INFO - Train: loss 0.0006 acc1 100.00%
2026-06-25 22:49:38 - __main__ - INFO - Val:   loss 0.0397 acc1 99.35%
2026-06-25 22:49:38 - __main__ - INFO - 
Epoch 100/100 | lr 0.000024
2026-06-25 22:51:40 - __main__ - INFO - Train: loss 0.0005 acc1 100.00%
2026-06-25 22:51:40 - __main__ - INFO - Val:   loss 0.0403 acc1 99.45%
2026-06-25 22:51:41 - __main__ - INFO - Loaded best checkpoint weights for final test evaluation.
2026-06-25 22:51:44 - __main__ - INFO - 
Best tracked (val): 99.55%
2026-06-25 22:51:44 - __main__ - INFO - Final test: loss 0.0382 acc1 99.41%
2026-06-25 22:51:44 - __main__ - INFO - Saved best model checkpoint to runs/malimg/42/densenet121_seed42_cam_high_M4_area0.1/best_model.pt
