2026-06-25 22:57:29 - __main__ - INFO - Run parameters: {"adamw_betas": [0.9, 0.999], "adamw_eps": 1e-08, "amp": true, "batch_size": 32, "cam_layer": "auto", "cutout_area": 0.1, "cutout_m": 8, "cutout_mode": "random", "cutout_size": 0, "data_dir": "./data", "dataset": "malimg", "epochs": 100, "gamma": 0.1, "grayscale": true, "include_regex": "", "label_smoothing": 0.0, "log_every": 100, "lr": 0.05, "milestones": "60,80", "min_lr": 1e-05, "model": "densenet121", "momentum": 0.9, "nesterov": false, "num_workers": 4, "optimizer": "sgd", "out_dir": "runs/malimg/42", "run_name": "densenet121_seed42_random_M8_area0.1", "saliency_candidate_percent": 10.0, "scheduler": "cosine", "seed": 42, "teacher_checkpoint": "", "teacher_model": "", "val_split": 0.0, "warmup_epochs": 5, "weight_decay": 0.0001}
2026-06-25 22:57:29 - __main__ - INFO - device: cuda | cuda: True | gpu: NVIDIA A100-SXM4-40GB
2026-06-25 22:57:30 - __main__ - INFO - Model: densenet121 | Dataset: malimg | Classes: 25 | Optimizer: sgd
2026-06-25 22:57:30 - __main__ - INFO - Cutout enabled: mode=random m=8 size=None area=0.1
2026-06-25 22:57:30 - __main__ - INFO - 
Epoch 1/100 | lr 0.000050
2026-06-25 23:00:28 - __main__ - INFO - Train: loss 1.6114 acc1 59.57%
2026-06-25 23:00:28 - __main__ - INFO - Val:   loss 0.9375 acc1 75.51%
2026-06-25 23:00:28 - __main__ - INFO - saved best: 75.51%
2026-06-25 23:00:28 - __main__ - INFO - 
Epoch 2/100 | lr 0.010040
2026-06-25 23:03:22 - __main__ - INFO - Train: loss 0.1134 acc1 96.62%
2026-06-25 23:03:22 - __main__ - INFO - Val:   loss 0.1216 acc1 96.70%
2026-06-25 23:03:23 - __main__ - INFO - saved best: 96.70%
2026-06-25 23:03:23 - __main__ - INFO - 
Epoch 3/100 | lr 0.020030
2026-06-25 23:06:18 - __main__ - INFO - Train: loss 0.0614 acc1 98.13%
2026-06-25 23:06:18 - __main__ - INFO - Val:   loss 0.0656 acc1 98.15%
2026-06-25 23:06:18 - __main__ - INFO - saved best: 98.15%
2026-06-25 23:06:18 - __main__ - INFO - 
Epoch 4/100 | lr 0.030020
2026-06-25 23:09:13 - __main__ - INFO - Train: loss 0.0532 acc1 98.42%
2026-06-25 23:09:13 - __main__ - INFO - Val:   loss 0.0762 acc1 98.37%
2026-06-25 23:09:13 - __main__ - INFO - saved best: 98.37%
2026-06-25 23:09:13 - __main__ - INFO - 
Epoch 5/100 | lr 0.040010
2026-06-25 23:12:09 - __main__ - INFO - Train: loss 0.0479 acc1 98.55%
2026-06-25 23:12:09 - __main__ - INFO - Val:   loss 0.0686 acc1 98.11%
2026-06-25 23:12:09 - __main__ - INFO - 
Epoch 6/100 | lr 0.050000
2026-06-25 23:15:06 - __main__ - INFO - Train: loss 0.0509 acc1 98.46%
2026-06-25 23:15:06 - __main__ - INFO - Val:   loss 0.0738 acc1 97.83%
2026-06-25 23:15:06 - __main__ - INFO - 
Epoch 7/100 | lr 0.049986
2026-06-25 23:18:03 - __main__ - INFO - Train: loss 0.0404 acc1 98.78%
2026-06-25 23:18:03 - __main__ - INFO - Val:   loss 0.0707 acc1 98.31%
2026-06-25 23:18:03 - __main__ - INFO - 
Epoch 8/100 | lr 0.049945
2026-06-25 23:21:00 - __main__ - INFO - Train: loss 0.0386 acc1 98.82%
2026-06-25 23:21:00 - __main__ - INFO - Val:   loss 0.0664 acc1 98.25%
2026-06-25 23:21:00 - __main__ - INFO - 
Epoch 9/100 | lr 0.049877
2026-06-25 23:23:55 - __main__ - INFO - Train: loss 0.0378 acc1 98.81%
2026-06-25 23:23:55 - __main__ - INFO - Val:   loss 0.0496 acc1 98.77%
2026-06-25 23:23:55 - __main__ - INFO - saved best: 98.77%
2026-06-25 23:23:55 - __main__ - INFO - 
Epoch 10/100 | lr 0.049782
2026-06-25 23:26:51 - __main__ - INFO - Train: loss 0.0446 acc1 98.65%
2026-06-25 23:26:51 - __main__ - INFO - Val:   loss 0.0683 acc1 98.31%
2026-06-25 23:26:51 - __main__ - INFO - 
Epoch 11/100 | lr 0.049659
2026-06-25 23:29:46 - __main__ - INFO - Train: loss 0.0355 acc1 98.86%
2026-06-25 23:29:46 - __main__ - INFO - Val:   loss 0.0855 acc1 97.99%
2026-06-25 23:29:46 - __main__ - INFO - 
Epoch 12/100 | lr 0.049510
2026-06-25 23:32:43 - __main__ - INFO - Train: loss 0.0399 acc1 98.81%
2026-06-25 23:32:43 - __main__ - INFO - Val:   loss 0.0774 acc1 98.34%
2026-06-25 23:32:43 - __main__ - INFO - 
Epoch 13/100 | lr 0.049333
2026-06-25 23:35:39 - __main__ - INFO - Train: loss 0.0234 acc1 99.29%
2026-06-25 23:35:39 - __main__ - INFO - Val:   loss 0.0322 acc1 99.16%
2026-06-25 23:35:39 - __main__ - INFO - saved best: 99.16%
2026-06-25 23:35:39 - __main__ - INFO - 
Epoch 14/100 | lr 0.049130
2026-06-25 23:38:36 - __main__ - INFO - Train: loss 0.0160 acc1 99.55%
2026-06-25 23:38:36 - __main__ - INFO - Val:   loss 0.0328 acc1 99.22%
2026-06-25 23:38:36 - __main__ - INFO - saved best: 99.22%
2026-06-25 23:38:36 - __main__ - INFO - 
Epoch 15/100 | lr 0.048901
2026-06-25 23:41:31 - __main__ - INFO - Train: loss 0.0049 acc1 99.88%
2026-06-25 23:41:31 - __main__ - INFO - Val:   loss 0.0485 acc1 98.87%
2026-06-25 23:41:31 - __main__ - INFO - 
Epoch 16/100 | lr 0.048646
2026-06-25 23:44:27 - __main__ - INFO - Train: loss 0.0007 acc1 100.00%
2026-06-25 23:44:27 - __main__ - INFO - Val:   loss 0.0353 acc1 99.03%
2026-06-25 23:44:27 - __main__ - INFO - 
Epoch 17/100 | lr 0.048364
2026-06-25 23:47:24 - __main__ - INFO - Train: loss 0.0013 acc1 99.98%
2026-06-25 23:47:24 - __main__ - INFO - Val:   loss 0.0350 acc1 99.13%
2026-06-25 23:47:24 - __main__ - INFO - 
Epoch 18/100 | lr 0.048058
2026-06-25 23:50:20 - __main__ - INFO - Train: loss 0.0059 acc1 99.87%
2026-06-25 23:50:20 - __main__ - INFO - Val:   loss 0.0366 acc1 99.13%
2026-06-25 23:50:20 - __main__ - INFO - 
Epoch 19/100 | lr 0.047726
2026-06-25 23:53:16 - __main__ - INFO - Train: loss 0.0393 acc1 98.85%
2026-06-25 23:53:16 - __main__ - INFO - Val:   loss 0.0936 acc1 97.86%
2026-06-25 23:53:16 - __main__ - INFO - 
Epoch 20/100 | lr 0.047369
2026-06-25 23:56:12 - __main__ - INFO - Train: loss 0.0409 acc1 98.74%
2026-06-25 23:56:12 - __main__ - INFO - Val:   loss 0.0764 acc1 97.73%
2026-06-25 23:56:12 - __main__ - INFO - 
Epoch 21/100 | lr 0.046987
2026-06-25 23:59:08 - __main__ - INFO - Train: loss 0.0401 acc1 98.78%
2026-06-25 23:59:08 - __main__ - INFO - Val:   loss 0.1268 acc1 97.50%
2026-06-25 23:59:08 - __main__ - INFO - 
Epoch 22/100 | lr 0.046582
2026-06-26 00:02:05 - __main__ - INFO - Train: loss 0.0412 acc1 98.75%
2026-06-26 00:02:05 - __main__ - INFO - Val:   loss 0.0687 acc1 98.15%
2026-06-26 00:02:05 - __main__ - INFO - 
Epoch 23/100 | lr 0.046153
2026-06-26 00:05:03 - __main__ - INFO - Train: loss 0.0362 acc1 98.89%
2026-06-26 00:05:03 - __main__ - INFO - Val:   loss 0.0709 acc1 98.09%
2026-06-26 00:05:03 - __main__ - INFO - 
Epoch 24/100 | lr 0.045701
