2026-06-25 17:40:43 - __main__ - INFO - Run parameters: {"adamw_betas": [0.9, 0.999], "adamw_eps": 1e-08, "amp": true, "batch_size": 64, "cam_layer": "auto", "cutout_area": null, "cutout_m": 0, "cutout_mode": "none", "cutout_size": 0, "data_dir": "./data", "dataset": "malimg", "epochs": 100, "gamma": 0.1, "grayscale": true, "include_regex": "", "label_smoothing": 0.0, "log_every": 100, "lr": 0.1, "milestones": "60,80", "min_lr": 1e-05, "model": "resnet18", "momentum": 0.9, "nesterov": false, "num_workers": 4, "optimizer": "sgd", "out_dir": "runs/malimg", "run_name": "resnet18_seed42_none", "saliency_candidate_percent": 10.0, "scheduler": "cosine", "seed": 42, "teacher_checkpoint": "", "teacher_model": "", "val_split": 0.0, "warmup_epochs": 5, "weight_decay": 0.0005}
2026-06-25 17:40:43 - __main__ - INFO - device: cuda | cuda: True | gpu: Tesla T4
2026-06-25 17:40:46 - __main__ - INFO - Model: resnet18 | Dataset: malimg | Classes: 25 | Optimizer: sgd
2026-06-25 17:40:46 - __main__ - INFO - 
Epoch 1/100 | lr 0.000100
2026-06-25 17:41:35 - __main__ - INFO - Train: loss 2.4425 acc1 33.42%
2026-06-25 17:41:35 - __main__ - INFO - Val:   loss 2.0434 acc1 47.08%
2026-06-25 17:41:35 - __main__ - INFO - saved best: 47.08%
2026-06-25 17:41:35 - __main__ - INFO - 
Epoch 2/100 | lr 0.020080
2026-06-25 17:42:21 - __main__ - INFO - Train: loss 0.4448 acc1 88.52%
2026-06-25 17:42:21 - __main__ - INFO - Val:   loss 0.1372 acc1 94.89%
2026-06-25 17:42:21 - __main__ - INFO - saved best: 94.89%
2026-06-25 17:42:21 - __main__ - INFO - 
Epoch 3/100 | lr 0.040060
2026-06-25 17:43:07 - __main__ - INFO - Train: loss 0.2193 acc1 93.98%
2026-06-25 17:43:07 - __main__ - INFO - Val:   loss 0.1892 acc1 93.64%
2026-06-25 17:43:07 - __main__ - INFO - 
Epoch 4/100 | lr 0.060040
2026-06-25 17:43:52 - __main__ - INFO - Train: loss 0.1253 acc1 96.21%
2026-06-25 17:43:52 - __main__ - INFO - Val:   loss 0.1407 acc1 95.46%
2026-06-25 17:43:52 - __main__ - INFO - saved best: 95.46%
2026-06-25 17:43:52 - __main__ - INFO - 
Epoch 5/100 | lr 0.080020
2026-06-25 17:44:38 - __main__ - INFO - Train: loss 0.0927 acc1 96.94%
2026-06-25 17:44:38 - __main__ - INFO - Val:   loss 0.1580 acc1 94.58%
2026-06-25 17:44:38 - __main__ - INFO - 
Epoch 6/100 | lr 0.100000
2026-06-25 17:45:24 - __main__ - INFO - Train: loss 0.0958 acc1 97.00%
2026-06-25 17:45:24 - __main__ - INFO - Val:   loss 0.1286 acc1 95.89%
2026-06-25 17:45:24 - __main__ - INFO - saved best: 95.89%
2026-06-25 17:45:24 - __main__ - INFO - 
Epoch 7/100 | lr 0.099973
2026-06-25 17:46:10 - __main__ - INFO - Train: loss 0.0753 acc1 97.64%
2026-06-25 17:46:10 - __main__ - INFO - Val:   loss 0.1260 acc1 95.84%
2026-06-25 17:46:10 - __main__ - INFO - 
Epoch 8/100 | lr 0.099891
2026-06-25 17:46:57 - __main__ - INFO - Train: loss 0.0663 acc1 97.93%
2026-06-25 17:46:57 - __main__ - INFO - Val:   loss 0.0770 acc1 97.92%
2026-06-25 17:46:57 - __main__ - INFO - saved best: 97.92%
2026-06-25 17:46:57 - __main__ - INFO - 
Epoch 9/100 | lr 0.099754
2026-06-25 17:47:43 - __main__ - INFO - Train: loss 0.0749 acc1 97.69%
2026-06-25 17:47:43 - __main__ - INFO - Val:   loss 0.0731 acc1 98.18%
2026-06-25 17:47:43 - __main__ - INFO - saved best: 98.18%
2026-06-25 17:47:43 - __main__ - INFO - 
Epoch 10/100 | lr 0.099563
2026-06-25 17:48:29 - __main__ - INFO - Train: loss 0.0597 acc1 98.25%
2026-06-25 17:48:29 - __main__ - INFO - Val:   loss 0.0830 acc1 97.95%
2026-06-25 17:48:29 - __main__ - INFO - 
Epoch 11/100 | lr 0.099318
2026-06-25 17:49:16 - __main__ - INFO - Train: loss 0.0626 acc1 98.08%
2026-06-25 17:49:16 - __main__ - INFO - Val:   loss 0.0720 acc1 98.15%
2026-06-25 17:49:16 - __main__ - INFO - 
Epoch 12/100 | lr 0.099019
2026-06-25 17:50:04 - __main__ - INFO - Train: loss 0.0557 acc1 98.37%
2026-06-25 17:50:04 - __main__ - INFO - Val:   loss 0.0750 acc1 98.02%
2026-06-25 17:50:04 - __main__ - INFO - 
Epoch 13/100 | lr 0.098666
2026-06-25 17:50:51 - __main__ - INFO - Train: loss 0.0546 acc1 98.33%
2026-06-25 17:50:51 - __main__ - INFO - Val:   loss 0.0738 acc1 97.83%
2026-06-25 17:50:51 - __main__ - INFO - 
Epoch 14/100 | lr 0.098261
2026-06-25 17:51:38 - __main__ - INFO - Train: loss 0.0521 acc1 98.44%
2026-06-25 17:51:38 - __main__ - INFO - Val:   loss 0.0828 acc1 97.34%
2026-06-25 17:51:38 - __main__ - INFO - 
Epoch 15/100 | lr 0.097802
2026-06-25 17:52:25 - __main__ - INFO - Train: loss 0.0764 acc1 97.72%
2026-06-25 17:52:25 - __main__ - INFO - Val:   loss 0.1031 acc1 97.37%
2026-06-25 17:52:25 - __main__ - INFO - 
Epoch 16/100 | lr 0.097291
2026-06-25 17:53:12 - __main__ - INFO - Train: loss 0.0540 acc1 98.33%
2026-06-25 17:53:12 - __main__ - INFO - Val:   loss 0.0728 acc1 97.99%
2026-06-25 17:53:12 - __main__ - INFO - 
Epoch 17/100 | lr 0.096729
2026-06-25 17:53:59 - __main__ - INFO - Train: loss 0.0451 acc1 98.60%
2026-06-25 17:53:59 - __main__ - INFO - Val:   loss 0.0758 acc1 97.99%
2026-06-25 17:53:59 - __main__ - INFO - 
Epoch 18/100 | lr 0.096115
2026-06-25 17:54:49 - __main__ - INFO - Train: loss 0.0517 acc1 98.32%
2026-06-25 17:54:49 - __main__ - INFO - Val:   loss 0.1077 acc1 96.56%
2026-06-25 17:54:49 - __main__ - INFO - 
Epoch 19/100 | lr 0.095451
2026-06-25 17:55:39 - __main__ - INFO - Train: loss 0.0526 acc1 98.50%
2026-06-25 17:55:39 - __main__ - INFO - Val:   loss 0.0844 acc1 97.99%
2026-06-25 17:55:39 - __main__ - INFO - 
Epoch 20/100 | lr 0.094737
2026-06-25 17:56:28 - __main__ - INFO - Train: loss 0.0486 acc1 98.56%
2026-06-25 17:56:28 - __main__ - INFO - Val:   loss 0.0783 acc1 97.79%
2026-06-25 17:56:28 - __main__ - INFO - 
Epoch 21/100 | lr 0.093974
2026-06-25 17:57:15 - __main__ - INFO - Train: loss 0.0436 acc1 98.68%
2026-06-25 17:57:15 - __main__ - INFO - Val:   loss 0.0791 acc1 97.70%
2026-06-25 17:57:15 - __main__ - INFO - 
Epoch 22/100 | lr 0.093164
2026-06-25 17:58:02 - __main__ - INFO - Train: loss 0.0631 acc1 98.21%
2026-06-25 17:58:02 - __main__ - INFO - Val:   loss 0.0696 acc1 98.15%
2026-06-25 17:58:02 - __main__ - INFO - 
Epoch 23/100 | lr 0.092306
2026-06-25 17:58:49 - __main__ - INFO - Train: loss 0.0518 acc1 98.43%
2026-06-25 17:58:49 - __main__ - INFO - Val:   loss 0.0666 acc1 98.05%
2026-06-25 17:58:49 - __main__ - INFO - 
Epoch 24/100 | lr 0.091401
2026-06-25 17:59:36 - __main__ - INFO - Train: loss 0.0580 acc1 98.28%
2026-06-25 17:59:36 - __main__ - INFO - Val:   loss 0.0696 acc1 97.99%
2026-06-25 17:59:36 - __main__ - INFO - 
Epoch 25/100 | lr 0.090452
2026-06-25 18:00:24 - __main__ - INFO - Train: loss 0.0477 acc1 98.58%
2026-06-25 18:00:24 - __main__ - INFO - Val:   loss 0.1455 acc1 94.97%
2026-06-25 18:00:24 - __main__ - INFO - 
Epoch 26/100 | lr 0.089458
2026-06-25 18:01:10 - __main__ - INFO - Train: loss 0.0577 acc1 98.25%
2026-06-25 18:01:10 - __main__ - INFO - Val:   loss 0.0693 acc1 97.89%
2026-06-25 18:01:10 - __main__ - INFO - 
Epoch 27/100 | lr 0.088421
2026-06-25 18:01:57 - __main__ - INFO - Train: loss 0.0493 acc1 98.54%
2026-06-25 18:01:57 - __main__ - INFO - Val:   loss 0.0742 acc1 97.47%
2026-06-25 18:01:57 - __main__ - INFO - 
Epoch 28/100 | lr 0.087342
2026-06-25 18:02:43 - __main__ - INFO - Train: loss 0.0512 acc1 98.54%
2026-06-25 18:02:43 - __main__ - INFO - Val:   loss 0.0663 acc1 97.57%
2026-06-25 18:02:43 - __main__ - INFO - 
Epoch 29/100 | lr 0.086223
2026-06-25 18:03:29 - __main__ - INFO - Train: loss 0.0413 acc1 98.80%
2026-06-25 18:03:29 - __main__ - INFO - Val:   loss 0.0683 acc1 98.15%
2026-06-25 18:03:29 - __main__ - INFO - 
Epoch 30/100 | lr 0.085063
2026-06-25 18:04:15 - __main__ - INFO - Train: loss 0.0399 acc1 98.84%
2026-06-25 18:04:15 - __main__ - INFO - Val:   loss 0.0645 acc1 98.15%
2026-06-25 18:04:15 - __main__ - INFO - 
Epoch 31/100 | lr 0.083866
2026-06-25 18:05:02 - __main__ - INFO - Train: loss 0.0387 acc1 98.86%
2026-06-25 18:05:02 - __main__ - INFO - Val:   loss 0.0648 acc1 98.15%
2026-06-25 18:05:02 - __main__ - INFO - 
Epoch 32/100 | lr 0.082631
2026-06-25 18:05:48 - __main__ - INFO - Train: loss 0.0446 acc1 98.70%
2026-06-25 18:05:48 - __main__ - INFO - Val:   loss 0.0757 acc1 98.11%
2026-06-25 18:05:48 - __main__ - INFO - 
Epoch 33/100 | lr 0.081361
2026-06-25 18:06:34 - __main__ - INFO - Train: loss 0.0493 acc1 98.62%
2026-06-25 18:06:34 - __main__ - INFO - Val:   loss 0.0793 acc1 97.89%
2026-06-25 18:06:34 - __main__ - INFO - 
Epoch 34/100 | lr 0.080056
2026-06-25 18:07:21 - __main__ - INFO - Train: loss 0.0541 acc1 98.44%
2026-06-25 18:07:21 - __main__ - INFO - Val:   loss 0.0730 acc1 97.96%
2026-06-25 18:07:21 - __main__ - INFO - 
Epoch 35/100 | lr 0.078719
2026-06-25 18:08:07 - __main__ - INFO - Train: loss 0.0501 acc1 98.49%
2026-06-25 18:08:07 - __main__ - INFO - Val:   loss 0.0650 acc1 97.73%
2026-06-25 18:08:07 - __main__ - INFO - 
Epoch 36/100 | lr 0.077350
2026-06-25 18:08:53 - __main__ - INFO - Train: loss 0.0446 acc1 98.68%
2026-06-25 18:08:53 - __main__ - INFO - Val:   loss 0.0745 acc1 97.86%
2026-06-25 18:08:53 - __main__ - INFO - 
Epoch 37/100 | lr 0.075951
2026-06-25 18:09:40 - __main__ - INFO - Train: loss 0.0480 acc1 98.58%
2026-06-25 18:09:40 - __main__ - INFO - Val:   loss 0.0698 acc1 98.15%
2026-06-25 18:09:40 - __main__ - INFO - 
Epoch 38/100 | lr 0.074524
2026-06-25 18:10:27 - __main__ - INFO - Train: loss 0.0466 acc1 98.68%
2026-06-25 18:10:27 - __main__ - INFO - Val:   loss 0.0684 acc1 97.86%
2026-06-25 18:10:27 - __main__ - INFO - 
Epoch 39/100 | lr 0.073070
2026-06-25 18:11:13 - __main__ - INFO - Train: loss 0.0471 acc1 98.66%
2026-06-25 18:11:13 - __main__ - INFO - Val:   loss 0.0690 acc1 97.95%
2026-06-25 18:11:13 - __main__ - INFO - 
Epoch 40/100 | lr 0.071591
2026-06-25 18:11:59 - __main__ - INFO - Train: loss 0.0416 acc1 98.74%
2026-06-25 18:11:59 - __main__ - INFO - Val:   loss 0.0778 acc1 97.67%
2026-06-25 18:11:59 - __main__ - INFO - 
Epoch 41/100 | lr 0.070088
2026-06-25 18:12:45 - __main__ - INFO - Train: loss 0.0464 acc1 98.67%
2026-06-25 18:12:45 - __main__ - INFO - Val:   loss 0.0781 acc1 97.76%
2026-06-25 18:12:45 - __main__ - INFO - 
Epoch 42/100 | lr 0.068563
2026-06-25 18:13:31 - __main__ - INFO - Train: loss 0.0550 acc1 98.53%
2026-06-25 18:13:31 - __main__ - INFO - Val:   loss 0.0658 acc1 98.09%
2026-06-25 18:13:31 - __main__ - INFO - 
Epoch 43/100 | lr 0.067018
2026-06-25 18:14:17 - __main__ - INFO - Train: loss 0.0419 acc1 98.76%
2026-06-25 18:14:17 - __main__ - INFO - Val:   loss 0.0968 acc1 97.67%
2026-06-25 18:14:17 - __main__ - INFO - 
Epoch 44/100 | lr 0.065454
2026-06-25 18:15:03 - __main__ - INFO - Train: loss 0.0495 acc1 98.56%
2026-06-25 18:15:03 - __main__ - INFO - Val:   loss 0.0763 acc1 97.89%
2026-06-25 18:15:03 - __main__ - INFO - 
Epoch 45/100 | lr 0.063874
2026-06-25 18:15:49 - __main__ - INFO - Train: loss 0.0487 acc1 98.56%
2026-06-25 18:15:49 - __main__ - INFO - Val:   loss 0.0692 acc1 98.15%
2026-06-25 18:15:49 - __main__ - INFO - 
Epoch 46/100 | lr 0.062278
2026-06-25 18:16:36 - __main__ - INFO - Train: loss 0.0389 acc1 98.86%
2026-06-25 18:16:36 - __main__ - INFO - Val:   loss 0.0717 acc1 97.99%
2026-06-25 18:16:36 - __main__ - INFO - 
Epoch 47/100 | lr 0.060669
2026-06-25 18:17:22 - __main__ - INFO - Train: loss 0.0407 acc1 98.77%
2026-06-25 18:17:22 - __main__ - INFO - Val:   loss 0.0756 acc1 97.86%
2026-06-25 18:17:22 - __main__ - INFO - 
Epoch 48/100 | lr 0.059048
2026-06-25 18:18:09 - __main__ - INFO - Train: loss 0.0409 acc1 98.81%
2026-06-25 18:18:09 - __main__ - INFO - Val:   loss 0.0752 acc1 97.92%
2026-06-25 18:18:09 - __main__ - INFO - 
Epoch 49/100 | lr 0.057417
2026-06-25 18:18:55 - __main__ - INFO - Train: loss 0.0415 acc1 98.79%
2026-06-25 18:18:55 - __main__ - INFO - Val:   loss 0.0661 acc1 98.25%
2026-06-25 18:18:55 - __main__ - INFO - saved best: 98.25%
2026-06-25 18:18:55 - __main__ - INFO - 
Epoch 50/100 | lr 0.055779
2026-06-25 18:19:41 - __main__ - INFO - Train: loss 0.0384 acc1 98.88%
2026-06-25 18:19:41 - __main__ - INFO - Val:   loss 0.0652 acc1 98.15%
2026-06-25 18:19:41 - __main__ - INFO - 
Epoch 51/100 | lr 0.054134
2026-06-25 18:20:27 - __main__ - INFO - Train: loss 0.0377 acc1 98.88%
2026-06-25 18:20:27 - __main__ - INFO - Val:   loss 0.0632 acc1 98.09%
2026-06-25 18:20:27 - __main__ - INFO - 
Epoch 52/100 | lr 0.052484
2026-06-25 18:21:13 - __main__ - INFO - Train: loss 0.0382 acc1 98.88%
2026-06-25 18:21:13 - __main__ - INFO - Val:   loss 0.0650 acc1 98.25%
2026-06-25 18:21:13 - __main__ - INFO - 
Epoch 53/100 | lr 0.050832
2026-06-25 18:22:00 - __main__ - INFO - Train: loss 0.0401 acc1 98.87%
2026-06-25 18:22:00 - __main__ - INFO - Val:   loss 0.0662 acc1 98.15%
2026-06-25 18:22:00 - __main__ - INFO - 
Epoch 54/100 | lr 0.049178
2026-06-25 18:22:45 - __main__ - INFO - Train: loss 0.0369 acc1 98.88%
2026-06-25 18:22:45 - __main__ - INFO - Val:   loss 0.0634 acc1 98.41%
2026-06-25 18:22:45 - __main__ - INFO - saved best: 98.41%
2026-06-25 18:22:45 - __main__ - INFO - 
Epoch 55/100 | lr 0.047526
2026-06-25 18:23:32 - __main__ - INFO - Train: loss 0.0374 acc1 98.88%
2026-06-25 18:23:32 - __main__ - INFO - Val:   loss 0.0613 acc1 98.41%
2026-06-25 18:23:32 - __main__ - INFO - 
Epoch 56/100 | lr 0.045876
2026-06-25 18:24:19 - __main__ - INFO - Train: loss 0.0382 acc1 98.88%
2026-06-25 18:24:19 - __main__ - INFO - Val:   loss 0.0752 acc1 98.15%
2026-06-25 18:24:19 - __main__ - INFO - 
Epoch 57/100 | lr 0.044231
2026-06-25 18:25:05 - __main__ - INFO - Train: loss 0.0380 acc1 98.88%
2026-06-25 18:25:05 - __main__ - INFO - Val:   loss 0.0627 acc1 98.15%
2026-06-25 18:25:05 - __main__ - INFO - 
Epoch 58/100 | lr 0.042593
2026-06-25 18:25:52 - __main__ - INFO - Train: loss 0.0375 acc1 98.88%
2026-06-25 18:25:52 - __main__ - INFO - Val:   loss 0.0671 acc1 97.99%
2026-06-25 18:25:52 - __main__ - INFO - 
Epoch 59/100 | lr 0.040962
2026-06-25 18:26:39 - __main__ - INFO - Train: loss 0.0373 acc1 98.88%
2026-06-25 18:26:39 - __main__ - INFO - Val:   loss 0.0641 acc1 98.15%
2026-06-25 18:26:39 - __main__ - INFO - 
Epoch 60/100 | lr 0.039341
2026-06-25 18:27:26 - __main__ - INFO - Train: loss 0.0377 acc1 98.87%
2026-06-25 18:27:26 - __main__ - INFO - Val:   loss 0.0629 acc1 98.15%
2026-06-25 18:27:26 - __main__ - INFO - 
Epoch 61/100 | lr 0.037732
2026-06-25 18:28:13 - __main__ - INFO - Train: loss 0.0375 acc1 98.88%
2026-06-25 18:28:13 - __main__ - INFO - Val:   loss 0.0634 acc1 98.15%
2026-06-25 18:28:13 - __main__ - INFO - 
Epoch 62/100 | lr 0.036136
2026-06-25 18:29:01 - __main__ - INFO - Train: loss 0.0373 acc1 98.88%
2026-06-25 18:29:01 - __main__ - INFO - Val:   loss 0.0655 acc1 98.15%
2026-06-25 18:29:01 - __main__ - INFO - 
Epoch 63/100 | lr 0.034556
2026-06-25 18:29:51 - __main__ - INFO - Train: loss 0.0376 acc1 98.88%
2026-06-25 18:29:51 - __main__ - INFO - Val:   loss 0.0651 acc1 98.25%
2026-06-25 18:29:51 - __main__ - INFO - 
Epoch 64/100 | lr 0.032992
2026-06-25 18:30:39 - __main__ - INFO - Train: loss 0.0376 acc1 98.88%
2026-06-25 18:30:39 - __main__ - INFO - Val:   loss 0.0679 acc1 98.15%
2026-06-25 18:30:39 - __main__ - INFO - 
Epoch 65/100 | lr 0.031447
2026-06-25 18:31:26 - __main__ - INFO - Train: loss 0.0375 acc1 98.88%
2026-06-25 18:31:26 - __main__ - INFO - Val:   loss 0.0666 acc1 98.25%
2026-06-25 18:31:26 - __main__ - INFO - 
Epoch 66/100 | lr 0.029922
2026-06-25 18:32:14 - __main__ - INFO - Train: loss 0.0373 acc1 98.88%
2026-06-25 18:32:14 - __main__ - INFO - Val:   loss 0.0692 acc1 98.15%
2026-06-25 18:32:14 - __main__ - INFO - 
Epoch 67/100 | lr 0.028419
2026-06-25 18:33:03 - __main__ - INFO - Train: loss 0.0379 acc1 98.88%
2026-06-25 18:33:03 - __main__ - INFO - Val:   loss 0.0681 acc1 98.15%
2026-06-25 18:33:03 - __main__ - INFO - 
Epoch 68/100 | lr 0.026940
2026-06-25 18:33:50 - __main__ - INFO - Train: loss 0.0376 acc1 98.88%
2026-06-25 18:33:50 - __main__ - INFO - Val:   loss 0.0699 acc1 98.41%
2026-06-25 18:33:50 - __main__ - INFO - 
Epoch 69/100 | lr 0.025486
2026-06-25 18:34:37 - __main__ - INFO - Train: loss 0.0376 acc1 98.88%
2026-06-25 18:34:37 - __main__ - INFO - Val:   loss 0.0688 acc1 98.31%
2026-06-25 18:34:37 - __main__ - INFO - 
Epoch 70/100 | lr 0.024059
2026-06-25 18:35:24 - __main__ - INFO - Train: loss 0.0373 acc1 98.86%
2026-06-25 18:35:24 - __main__ - INFO - Val:   loss 0.0673 acc1 97.99%
2026-06-25 18:35:24 - __main__ - INFO - 
Epoch 71/100 | lr 0.022660
2026-06-25 18:36:11 - __main__ - INFO - Train: loss 0.0377 acc1 98.88%
2026-06-25 18:36:11 - __main__ - INFO - Val:   loss 0.0703 acc1 97.99%
2026-06-25 18:36:11 - __main__ - INFO - 
Epoch 72/100 | lr 0.021291
2026-06-25 18:36:59 - __main__ - INFO - Train: loss 0.0376 acc1 98.87%
2026-06-25 18:36:59 - __main__ - INFO - Val:   loss 0.0698 acc1 97.99%
2026-06-25 18:36:59 - __main__ - INFO - 
Epoch 73/100 | lr 0.019954
2026-06-25 18:37:47 - __main__ - INFO - Train: loss 0.0370 acc1 98.87%
2026-06-25 18:37:47 - __main__ - INFO - Val:   loss 0.0676 acc1 98.15%
2026-06-25 18:37:47 - __main__ - INFO - 
Epoch 74/100 | lr 0.018649
2026-06-25 18:38:34 - __main__ - INFO - Train: loss 0.0368 acc1 98.88%
2026-06-25 18:38:34 - __main__ - INFO - Val:   loss 0.0705 acc1 98.15%
2026-06-25 18:38:34 - __main__ - INFO - 
Epoch 75/100 | lr 0.017379
2026-06-25 18:39:22 - __main__ - INFO - Train: loss 0.0368 acc1 98.88%
2026-06-25 18:39:22 - __main__ - INFO - Val:   loss 0.0678 acc1 98.31%
2026-06-25 18:39:22 - __main__ - INFO - 
Epoch 76/100 | lr 0.016144
2026-06-25 18:40:09 - __main__ - INFO - Train: loss 0.0370 acc1 98.88%
2026-06-25 18:40:09 - __main__ - INFO - Val:   loss 0.0690 acc1 97.99%
2026-06-25 18:40:09 - __main__ - INFO - 
Epoch 77/100 | lr 0.014947
2026-06-25 18:40:56 - __main__ - INFO - Train: loss 0.0375 acc1 98.87%
2026-06-25 18:40:56 - __main__ - INFO - Val:   loss 0.0671 acc1 98.31%
2026-06-25 18:40:56 - __main__ - INFO - 
Epoch 78/100 | lr 0.013787
2026-06-25 18:41:43 - __main__ - INFO - Train: loss 0.0371 acc1 98.86%
2026-06-25 18:41:43 - __main__ - INFO - Val:   loss 0.0676 acc1 98.15%
2026-06-25 18:41:43 - __main__ - INFO - 
Epoch 79/100 | lr 0.012668
2026-06-25 18:42:31 - __main__ - INFO - Train: loss 0.0370 acc1 98.87%
2026-06-25 18:42:31 - __main__ - INFO - Val:   loss 0.0668 acc1 98.15%
2026-06-25 18:42:31 - __main__ - INFO - 
Epoch 80/100 | lr 0.011589
2026-06-25 18:43:18 - __main__ - INFO - Train: loss 0.0370 acc1 98.88%
2026-06-25 18:43:18 - __main__ - INFO - Val:   loss 0.0687 acc1 98.15%
2026-06-25 18:43:18 - __main__ - INFO - 
Epoch 81/100 | lr 0.010552
2026-06-25 18:44:05 - __main__ - INFO - Train: loss 0.0368 acc1 98.88%
2026-06-25 18:44:05 - __main__ - INFO - Val:   loss 0.0655 acc1 98.15%
2026-06-25 18:44:05 - __main__ - INFO - 
Epoch 82/100 | lr 0.009558
2026-06-25 18:44:52 - __main__ - INFO - Train: loss 0.0365 acc1 98.88%
2026-06-25 18:44:52 - __main__ - INFO - Val:   loss 0.0699 acc1 98.31%
2026-06-25 18:44:52 - __main__ - INFO - 
Epoch 83/100 | lr 0.008609
2026-06-25 18:45:39 - __main__ - INFO - Train: loss 0.0371 acc1 98.88%
2026-06-25 18:45:39 - __main__ - INFO - Val:   loss 0.0691 acc1 98.31%
2026-06-25 18:45:39 - __main__ - INFO - 
Epoch 84/100 | lr 0.007704
2026-06-25 18:46:26 - __main__ - INFO - Train: loss 0.0365 acc1 98.88%
2026-06-25 18:46:26 - __main__ - INFO - Val:   loss 0.0708 acc1 97.99%
2026-06-25 18:46:26 - __main__ - INFO - 
Epoch 85/100 | lr 0.006846
2026-06-25 18:47:13 - __main__ - INFO - Train: loss 0.0370 acc1 98.88%
2026-06-25 18:47:13 - __main__ - INFO - Val:   loss 0.0674 acc1 98.15%
2026-06-25 18:47:13 - __main__ - INFO - 
Epoch 86/100 | lr 0.006036
2026-06-25 18:48:00 - __main__ - INFO - Train: loss 0.0366 acc1 98.88%
2026-06-25 18:48:00 - __main__ - INFO - Val:   loss 0.0684 acc1 98.31%
2026-06-25 18:48:00 - __main__ - INFO - 
Epoch 87/100 | lr 0.005273
2026-06-25 18:48:48 - __main__ - INFO - Train: loss 0.0366 acc1 98.88%
2026-06-25 18:48:48 - __main__ - INFO - Val:   loss 0.0675 acc1 98.15%
2026-06-25 18:48:48 - __main__ - INFO - 
Epoch 88/100 | lr 0.004559
2026-06-25 18:49:35 - __main__ - INFO - Train: loss 0.0367 acc1 98.88%
2026-06-25 18:49:35 - __main__ - INFO - Val:   loss 0.0684 acc1 98.31%
2026-06-25 18:49:35 - __main__ - INFO - 
Epoch 89/100 | lr 0.003895
2026-06-25 18:50:22 - __main__ - INFO - Train: loss 0.0366 acc1 98.88%
2026-06-25 18:50:22 - __main__ - INFO - Val:   loss 0.0691 acc1 98.31%
2026-06-25 18:50:22 - __main__ - INFO - 
Epoch 90/100 | lr 0.003281
2026-06-25 18:51:09 - __main__ - INFO - Train: loss 0.0366 acc1 98.88%
2026-06-25 18:51:09 - __main__ - INFO - Val:   loss 0.0686 acc1 98.15%
2026-06-25 18:51:09 - __main__ - INFO - 
Epoch 91/100 | lr 0.002719
2026-06-25 18:51:55 - __main__ - INFO - Train: loss 0.0366 acc1 98.87%
2026-06-25 18:51:55 - __main__ - INFO - Val:   loss 0.0679 acc1 98.15%
2026-06-25 18:51:55 - __main__ - INFO - 
Epoch 92/100 | lr 0.002208
2026-06-25 18:52:42 - __main__ - INFO - Train: loss 0.0366 acc1 98.87%
2026-06-25 18:52:42 - __main__ - INFO - Val:   loss 0.0678 acc1 98.31%
2026-06-25 18:52:42 - __main__ - INFO - 
Epoch 93/100 | lr 0.001749
2026-06-25 18:53:31 - __main__ - INFO - Train: loss 0.0365 acc1 98.87%
2026-06-25 18:53:31 - __main__ - INFO - Val:   loss 0.0697 acc1 98.15%
2026-06-25 18:53:31 - __main__ - INFO - 
Epoch 94/100 | lr 0.001344
2026-06-25 18:54:19 - __main__ - INFO - Train: loss 0.0365 acc1 98.87%
2026-06-25 18:54:19 - __main__ - INFO - Val:   loss 0.0693 acc1 98.15%
2026-06-25 18:54:19 - __main__ - INFO - 
Epoch 95/100 | lr 0.000991
2026-06-25 18:55:06 - __main__ - INFO - Train: loss 0.0366 acc1 98.87%
2026-06-25 18:55:06 - __main__ - INFO - Val:   loss 0.0693 acc1 98.15%
2026-06-25 18:55:06 - __main__ - INFO - 
Epoch 96/100 | lr 0.000692
2026-06-25 18:55:53 - __main__ - INFO - Train: loss 0.0363 acc1 98.88%
2026-06-25 18:55:53 - __main__ - INFO - Val:   loss 0.0688 acc1 98.25%
2026-06-25 18:55:53 - __main__ - INFO - 
Epoch 97/100 | lr 0.000447
2026-06-25 18:56:40 - __main__ - INFO - Train: loss 0.0361 acc1 98.88%
2026-06-25 18:56:40 - __main__ - INFO - Val:   loss 0.0692 acc1 98.15%
2026-06-25 18:56:40 - __main__ - INFO - 
Epoch 98/100 | lr 0.000256
2026-06-25 18:57:27 - __main__ - INFO - Train: loss 0.0362 acc1 98.88%
2026-06-25 18:57:27 - __main__ - INFO - Val:   loss 0.0675 acc1 98.15%
2026-06-25 18:57:27 - __main__ - INFO - 
Epoch 99/100 | lr 0.000119
2026-06-25 18:58:14 - __main__ - INFO - Train: loss 0.0364 acc1 98.87%
2026-06-25 18:58:14 - __main__ - INFO - Val:   loss 0.0679 acc1 98.15%
2026-06-25 18:58:14 - __main__ - INFO - 
Epoch 100/100 | lr 0.000037
2026-06-25 18:59:03 - __main__ - INFO - Train: loss 0.0360 acc1 98.88%
2026-06-25 18:59:03 - __main__ - INFO - Val:   loss 0.0681 acc1 98.15%
2026-06-25 18:59:03 - __main__ - INFO - Loaded best checkpoint weights for final test evaluation.
2026-06-25 18:59:08 - __main__ - INFO - 
Best tracked (val): 98.41%
2026-06-25 18:59:08 - __main__ - INFO - Final test: loss 0.0604 acc1 97.97%
2026-06-25 18:59:08 - __main__ - INFO - Saved best model checkpoint to runs/malimg/resnet18_seed42_none/best_model.pt
