2026-06-25 17:22:32 - __main__ - INFO - Run parameters: {"adamw_betas": [0.9, 0.999], "adamw_eps": 1e-08, "amp": true, "batch_size": 32, "cam_layer": "auto", "cutout_area": null, "cutout_m": 0, "cutout_mode": "none", "cutout_size": 0, "data_dir": "./data", "dataset": "malimg", "epochs": 100, "gamma": 0.1, "grayscale": true, "include_regex": "", "label_smoothing": 0.0, "log_every": 100, "lr": 0.05, "milestones": "60,80", "min_lr": 1e-05, "model": "densenet121", "momentum": 0.9, "nesterov": false, "num_workers": 4, "optimizer": "sgd", "out_dir": "runs/malimg/42", "run_name": "densenet121_seed42_none", "saliency_candidate_percent": 10.0, "scheduler": "cosine", "seed": 42, "teacher_checkpoint": "", "teacher_model": "", "val_split": 0.0, "warmup_epochs": 5, "weight_decay": 0.0001}
2026-06-25 17:22:32 - __main__ - INFO - device: cuda | cuda: True | gpu: NVIDIA L4
2026-06-25 17:22:33 - __main__ - INFO - Model: densenet121 | Dataset: malimg | Classes: 25 | Optimizer: sgd
2026-06-25 17:22:33 - __main__ - INFO - 
Epoch 1/100 | lr 0.000050
2026-06-25 17:23:03 - __main__ - INFO - Train: loss 2.6187 acc1 35.48%
2026-06-25 17:23:03 - __main__ - INFO - Val:   loss 2.0693 acc1 48.97%
2026-06-25 17:23:03 - __main__ - INFO - saved best: 48.97%
2026-06-25 17:23:03 - __main__ - INFO - 
Epoch 2/100 | lr 0.010040
2026-06-25 17:23:30 - __main__ - INFO - Train: loss 0.4061 acc1 89.66%
2026-06-25 17:23:30 - __main__ - INFO - Val:   loss 0.1314 acc1 96.76%
2026-06-25 17:23:30 - __main__ - INFO - saved best: 96.76%
2026-06-25 17:23:30 - __main__ - INFO - 
Epoch 3/100 | lr 0.020030
2026-06-25 17:23:56 - __main__ - INFO - Train: loss 0.1617 acc1 95.27%
2026-06-25 17:23:56 - __main__ - INFO - Val:   loss 0.1931 acc1 95.55%
2026-06-25 17:23:56 - __main__ - INFO - 
Epoch 4/100 | lr 0.030020
2026-06-25 17:24:23 - __main__ - INFO - Train: loss 0.1345 acc1 95.88%
2026-06-25 17:24:23 - __main__ - INFO - Val:   loss 0.1489 acc1 94.97%
2026-06-25 17:24:23 - __main__ - INFO - 
Epoch 5/100 | lr 0.040010
2026-06-25 17:24:50 - __main__ - INFO - Train: loss 0.2160 acc1 93.94%
2026-06-25 17:24:50 - __main__ - INFO - Val:   loss 0.1021 acc1 96.50%
2026-06-25 17:24:50 - __main__ - INFO - 
Epoch 6/100 | lr 0.050000
2026-06-25 17:25:16 - __main__ - INFO - Train: loss 0.1461 acc1 95.86%
2026-06-25 17:25:16 - __main__ - INFO - Val:   loss 0.1495 acc1 96.44%
2026-06-25 17:25:16 - __main__ - INFO - 
Epoch 7/100 | lr 0.049986
2026-06-25 17:25:43 - __main__ - INFO - Train: loss 0.1223 acc1 96.49%
2026-06-25 17:25:43 - __main__ - INFO - Val:   loss 0.0839 acc1 97.34%
2026-06-25 17:25:43 - __main__ - INFO - saved best: 97.34%
2026-06-25 17:25:43 - __main__ - INFO - 
Epoch 8/100 | lr 0.049945
2026-06-25 17:26:09 - __main__ - INFO - Train: loss 0.0977 acc1 96.92%
2026-06-25 17:26:09 - __main__ - INFO - Val:   loss 0.2401 acc1 94.19%
2026-06-25 17:26:09 - __main__ - INFO - 
Epoch 9/100 | lr 0.049877
2026-06-25 17:26:36 - __main__ - INFO - Train: loss 0.1550 acc1 95.68%
2026-06-25 17:26:36 - __main__ - INFO - Val:   loss 0.0826 acc1 97.69%
2026-06-25 17:26:36 - __main__ - INFO - saved best: 97.69%
2026-06-25 17:26:36 - __main__ - INFO - 
Epoch 10/100 | lr 0.049782
2026-06-25 17:27:02 - __main__ - INFO - Train: loss 0.0972 acc1 96.95%
2026-06-25 17:27:02 - __main__ - INFO - Val:   loss 0.0818 acc1 96.99%
2026-06-25 17:27:02 - __main__ - INFO - 
Epoch 11/100 | lr 0.049659
2026-06-25 17:27:29 - __main__ - INFO - Train: loss 0.1090 acc1 96.98%
2026-06-25 17:27:29 - __main__ - INFO - Val:   loss 0.0912 acc1 96.37%
2026-06-25 17:27:29 - __main__ - INFO - 
Epoch 12/100 | lr 0.049510
2026-06-25 17:27:56 - __main__ - INFO - Train: loss 0.0692 acc1 97.69%
2026-06-25 17:27:56 - __main__ - INFO - Val:   loss 0.0656 acc1 98.28%
2026-06-25 17:27:56 - __main__ - INFO - saved best: 98.28%
2026-06-25 17:27:56 - __main__ - INFO - 
Epoch 13/100 | lr 0.049333
2026-06-25 17:28:22 - __main__ - INFO - Train: loss 0.0888 acc1 97.41%
2026-06-25 17:28:22 - __main__ - INFO - Val:   loss 0.0658 acc1 97.73%
2026-06-25 17:28:22 - __main__ - INFO - 
Epoch 14/100 | lr 0.049130
2026-06-25 17:28:49 - __main__ - INFO - Train: loss 0.0702 acc1 97.76%
2026-06-25 17:28:49 - __main__ - INFO - Val:   loss 0.0752 acc1 97.18%
2026-06-25 17:28:49 - __main__ - INFO - 
Epoch 15/100 | lr 0.048901
2026-06-25 17:29:15 - __main__ - INFO - Train: loss 0.0606 acc1 98.01%
2026-06-25 17:29:15 - __main__ - INFO - Val:   loss 0.0755 acc1 97.18%
2026-06-25 17:29:15 - __main__ - INFO - 
Epoch 16/100 | lr 0.048646
2026-06-25 17:29:42 - __main__ - INFO - Train: loss 0.0545 acc1 98.25%
2026-06-25 17:29:42 - __main__ - INFO - Val:   loss 0.0616 acc1 97.69%
2026-06-25 17:29:42 - __main__ - INFO - 
Epoch 17/100 | lr 0.048364
2026-06-25 17:30:09 - __main__ - INFO - Train: loss 0.0813 acc1 97.84%
2026-06-25 17:30:09 - __main__ - INFO - Val:   loss 0.0741 acc1 98.25%
2026-06-25 17:30:09 - __main__ - INFO - 
Epoch 18/100 | lr 0.048058
2026-06-25 17:30:35 - __main__ - INFO - Train: loss 0.1048 acc1 97.08%
2026-06-25 17:30:35 - __main__ - INFO - Val:   loss 0.0693 acc1 97.67%
2026-06-25 17:30:35 - __main__ - INFO - 
Epoch 19/100 | lr 0.047726
2026-06-25 17:31:02 - __main__ - INFO - Train: loss 0.0683 acc1 97.83%
2026-06-25 17:31:02 - __main__ - INFO - Val:   loss 0.0629 acc1 98.09%
2026-06-25 17:31:02 - __main__ - INFO - 
Epoch 20/100 | lr 0.047369
2026-06-25 17:31:28 - __main__ - INFO - Train: loss 0.0554 acc1 98.12%
2026-06-25 17:31:28 - __main__ - INFO - Val:   loss 0.0635 acc1 98.15%
2026-06-25 17:31:28 - __main__ - INFO - 
Epoch 21/100 | lr 0.046987
2026-06-25 17:31:55 - __main__ - INFO - Train: loss 0.0703 acc1 97.89%
2026-06-25 17:31:55 - __main__ - INFO - Val:   loss 0.1035 acc1 96.79%
2026-06-25 17:31:55 - __main__ - INFO - 
Epoch 22/100 | lr 0.046582
2026-06-25 17:32:21 - __main__ - INFO - Train: loss 0.0717 acc1 97.64%
2026-06-25 17:32:21 - __main__ - INFO - Val:   loss 0.0620 acc1 98.34%
2026-06-25 17:32:21 - __main__ - INFO - saved best: 98.34%
2026-06-25 17:32:21 - __main__ - INFO - 
Epoch 23/100 | lr 0.046153
2026-06-25 17:32:48 - __main__ - INFO - Train: loss 0.0598 acc1 98.01%
2026-06-25 17:32:48 - __main__ - INFO - Val:   loss 0.0892 acc1 98.44%
2026-06-25 17:32:48 - __main__ - INFO - saved best: 98.44%
2026-06-25 17:32:48 - __main__ - INFO - 
Epoch 24/100 | lr 0.045701
2026-06-25 17:33:15 - __main__ - INFO - Train: loss 0.0521 acc1 98.41%
2026-06-25 17:33:15 - __main__ - INFO - Val:   loss 0.0736 acc1 98.09%
2026-06-25 17:33:15 - __main__ - INFO - 
Epoch 25/100 | lr 0.045226
2026-06-25 17:33:41 - __main__ - INFO - Train: loss 0.0456 acc1 98.58%
2026-06-25 17:33:41 - __main__ - INFO - Val:   loss 0.0717 acc1 98.41%
2026-06-25 17:33:41 - __main__ - INFO - 
Epoch 26/100 | lr 0.044730
2026-06-25 17:34:08 - __main__ - INFO - Train: loss 0.0506 acc1 98.21%
2026-06-25 17:34:08 - __main__ - INFO - Val:   loss 0.0583 acc1 98.15%
2026-06-25 17:34:08 - __main__ - INFO - 
Epoch 27/100 | lr 0.044211
2026-06-25 17:34:35 - __main__ - INFO - Train: loss 0.0581 acc1 98.18%
2026-06-25 17:34:35 - __main__ - INFO - Val:   loss 0.0741 acc1 98.05%
2026-06-25 17:34:35 - __main__ - INFO - 
Epoch 28/100 | lr 0.043672
2026-06-25 17:35:02 - __main__ - INFO - Train: loss 0.0485 acc1 98.46%
2026-06-25 17:35:02 - __main__ - INFO - Val:   loss 0.0740 acc1 98.18%
2026-06-25 17:35:02 - __main__ - INFO - 
Epoch 29/100 | lr 0.043112
2026-06-25 17:35:28 - __main__ - INFO - Train: loss 0.0456 acc1 98.54%
2026-06-25 17:35:28 - __main__ - INFO - Val:   loss 0.0589 acc1 98.41%
2026-06-25 17:35:28 - __main__ - INFO - 
Epoch 30/100 | lr 0.042532
2026-06-25 17:35:55 - __main__ - INFO - Train: loss 0.0436 acc1 98.62%
2026-06-25 17:35:55 - __main__ - INFO - Val:   loss 0.0546 acc1 98.41%
2026-06-25 17:35:55 - __main__ - INFO - 
Epoch 31/100 | lr 0.041934
2026-06-25 17:36:22 - __main__ - INFO - Train: loss 0.0423 acc1 98.66%
2026-06-25 17:36:22 - __main__ - INFO - Val:   loss 0.0611 acc1 98.41%
2026-06-25 17:36:22 - __main__ - INFO - 
Epoch 32/100 | lr 0.041316
2026-06-25 17:36:48 - __main__ - INFO - Train: loss 0.0442 acc1 98.65%
2026-06-25 17:36:48 - __main__ - INFO - Val:   loss 0.0658 acc1 98.15%
2026-06-25 17:36:48 - __main__ - INFO - 
Epoch 33/100 | lr 0.040681
2026-06-25 17:37:15 - __main__ - INFO - Train: loss 0.0379 acc1 98.82%
2026-06-25 17:37:15 - __main__ - INFO - Val:   loss 0.0650 acc1 98.31%
2026-06-25 17:37:15 - __main__ - INFO - 
Epoch 34/100 | lr 0.040029
2026-06-25 17:37:42 - __main__ - INFO - Train: loss 0.0392 acc1 98.80%
2026-06-25 17:37:42 - __main__ - INFO - Val:   loss 0.0616 acc1 98.21%
2026-06-25 17:37:42 - __main__ - INFO - 
Epoch 35/100 | lr 0.039360
2026-06-25 17:38:09 - __main__ - INFO - Train: loss 0.0422 acc1 98.68%
2026-06-25 17:38:09 - __main__ - INFO - Val:   loss 0.0647 acc1 98.05%
2026-06-25 17:38:09 - __main__ - INFO - 
Epoch 36/100 | lr 0.038676
2026-06-25 17:38:36 - __main__ - INFO - Train: loss 0.0658 acc1 98.24%
2026-06-25 17:38:36 - __main__ - INFO - Val:   loss 0.0820 acc1 97.67%
2026-06-25 17:38:36 - __main__ - INFO - 
Epoch 37/100 | lr 0.037977
2026-06-25 17:39:02 - __main__ - INFO - Train: loss 0.0633 acc1 98.10%
2026-06-25 17:39:02 - __main__ - INFO - Val:   loss 0.0851 acc1 98.02%
2026-06-25 17:39:02 - __main__ - INFO - 
Epoch 38/100 | lr 0.037263
2026-06-25 17:39:29 - __main__ - INFO - Train: loss 0.0407 acc1 98.80%
2026-06-25 17:39:29 - __main__ - INFO - Val:   loss 0.0637 acc1 97.92%
2026-06-25 17:39:29 - __main__ - INFO - 
Epoch 39/100 | lr 0.036536
2026-06-25 17:39:55 - __main__ - INFO - Train: loss 0.0425 acc1 98.67%
2026-06-25 17:39:55 - __main__ - INFO - Val:   loss 0.0641 acc1 98.25%
2026-06-25 17:39:55 - __main__ - INFO - 
Epoch 40/100 | lr 0.035797
2026-06-25 17:40:22 - __main__ - INFO - Train: loss 0.0457 acc1 98.60%
2026-06-25 17:40:22 - __main__ - INFO - Val:   loss 0.0554 acc1 98.41%
2026-06-25 17:40:22 - __main__ - INFO - 
Epoch 41/100 | lr 0.035045
2026-06-25 17:40:49 - __main__ - INFO - Train: loss 0.0437 acc1 98.66%
2026-06-25 17:40:49 - __main__ - INFO - Val:   loss 0.0615 acc1 98.15%
2026-06-25 17:40:49 - __main__ - INFO - 
Epoch 42/100 | lr 0.034283
2026-06-25 17:41:15 - __main__ - INFO - Train: loss 0.0407 acc1 98.78%
2026-06-25 17:41:15 - __main__ - INFO - Val:   loss 0.0584 acc1 98.15%
2026-06-25 17:41:15 - __main__ - INFO - 
Epoch 43/100 | lr 0.033511
2026-06-25 17:41:42 - __main__ - INFO - Train: loss 0.0480 acc1 98.66%
2026-06-25 17:41:42 - __main__ - INFO - Val:   loss 0.0649 acc1 98.15%
2026-06-25 17:41:42 - __main__ - INFO - 
Epoch 44/100 | lr 0.032729
2026-06-25 17:42:09 - __main__ - INFO - Train: loss 0.0458 acc1 98.73%
2026-06-25 17:42:09 - __main__ - INFO - Val:   loss 0.0931 acc1 98.31%
2026-06-25 17:42:09 - __main__ - INFO - 
Epoch 45/100 | lr 0.031939
2026-06-25 17:42:36 - __main__ - INFO - Train: loss 0.0443 acc1 98.56%
2026-06-25 17:42:36 - __main__ - INFO - Val:   loss 0.0991 acc1 97.28%
2026-06-25 17:42:36 - __main__ - INFO - 
Epoch 46/100 | lr 0.031141
2026-06-25 17:43:03 - __main__ - INFO - Train: loss 0.0450 acc1 98.65%
2026-06-25 17:43:03 - __main__ - INFO - Val:   loss 0.0648 acc1 98.41%
2026-06-25 17:43:03 - __main__ - INFO - 
Epoch 47/100 | lr 0.030336
2026-06-25 17:43:30 - __main__ - INFO - Train: loss 0.0376 acc1 98.88%
2026-06-25 17:43:30 - __main__ - INFO - Val:   loss 0.0684 acc1 98.15%
2026-06-25 17:43:30 - __main__ - INFO - 
Epoch 48/100 | lr 0.029526
2026-06-25 17:43:56 - __main__ - INFO - Train: loss 0.0375 acc1 98.86%
2026-06-25 17:43:56 - __main__ - INFO - Val:   loss 0.0732 acc1 98.31%
2026-06-25 17:43:56 - __main__ - INFO - 
Epoch 49/100 | lr 0.028711
2026-06-25 17:44:23 - __main__ - INFO - Train: loss 0.0379 acc1 98.84%
2026-06-25 17:44:23 - __main__ - INFO - Val:   loss 0.0647 acc1 98.31%
2026-06-25 17:44:23 - __main__ - INFO - 
Epoch 50/100 | lr 0.027892
2026-06-25 17:44:49 - __main__ - INFO - Train: loss 0.0415 acc1 98.70%
2026-06-25 17:44:49 - __main__ - INFO - Val:   loss 0.0593 acc1 98.21%
2026-06-25 17:44:49 - __main__ - INFO - 
Epoch 51/100 | lr 0.027069
2026-06-25 17:45:16 - __main__ - INFO - Train: loss 0.0425 acc1 98.62%
2026-06-25 17:45:16 - __main__ - INFO - Val:   loss 0.0626 acc1 98.25%
2026-06-25 17:45:16 - __main__ - INFO - 
Epoch 52/100 | lr 0.026244
2026-06-25 17:45:43 - __main__ - INFO - Train: loss 0.0392 acc1 98.74%
2026-06-25 17:45:43 - __main__ - INFO - Val:   loss 0.0656 acc1 98.31%
2026-06-25 17:45:43 - __main__ - INFO - 
Epoch 53/100 | lr 0.025418
2026-06-25 17:46:09 - __main__ - INFO - Train: loss 0.0423 acc1 98.84%
2026-06-25 17:46:09 - __main__ - INFO - Val:   loss 0.0641 acc1 98.31%
2026-06-25 17:46:09 - __main__ - INFO - 
Epoch 54/100 | lr 0.024592
2026-06-25 17:46:36 - __main__ - INFO - Train: loss 0.0389 acc1 98.85%
2026-06-25 17:46:36 - __main__ - INFO - Val:   loss 0.0641 acc1 98.21%
2026-06-25 17:46:36 - __main__ - INFO - 
Epoch 55/100 | lr 0.023766
2026-06-25 17:47:03 - __main__ - INFO - Train: loss 0.0372 acc1 98.88%
2026-06-25 17:47:03 - __main__ - INFO - Val:   loss 0.0666 acc1 98.21%
2026-06-25 17:47:03 - __main__ - INFO - 
Epoch 56/100 | lr 0.022941
2026-06-25 17:47:29 - __main__ - INFO - Train: loss 0.0368 acc1 98.88%
2026-06-25 17:47:29 - __main__ - INFO - Val:   loss 0.0685 acc1 98.31%
2026-06-25 17:47:29 - __main__ - INFO - 
Epoch 57/100 | lr 0.022118
2026-06-25 17:47:56 - __main__ - INFO - Train: loss 0.0362 acc1 98.88%
2026-06-25 17:47:56 - __main__ - INFO - Val:   loss 0.0671 acc1 98.21%
2026-06-25 17:47:56 - __main__ - INFO - 
Epoch 58/100 | lr 0.021299
2026-06-25 17:48:22 - __main__ - INFO - Train: loss 0.0372 acc1 98.86%
2026-06-25 17:48:22 - __main__ - INFO - Val:   loss 0.0649 acc1 98.21%
2026-06-25 17:48:22 - __main__ - INFO - 
Epoch 59/100 | lr 0.020484
2026-06-25 17:48:49 - __main__ - INFO - Train: loss 0.0387 acc1 98.74%
2026-06-25 17:48:49 - __main__ - INFO - Val:   loss 0.0667 acc1 98.21%
2026-06-25 17:48:49 - __main__ - INFO - 
Epoch 60/100 | lr 0.019674
2026-06-25 17:49:15 - __main__ - INFO - Train: loss 0.0370 acc1 98.88%
2026-06-25 17:49:15 - __main__ - INFO - Val:   loss 0.0700 acc1 98.21%
2026-06-25 17:49:15 - __main__ - INFO - 
Epoch 61/100 | lr 0.018869
2026-06-25 17:49:42 - __main__ - INFO - Train: loss 0.0370 acc1 98.88%
2026-06-25 17:49:42 - __main__ - INFO - Val:   loss 0.0698 acc1 98.21%
2026-06-25 17:49:42 - __main__ - INFO - 
Epoch 62/100 | lr 0.018071
2026-06-25 17:50:09 - __main__ - INFO - Train: loss 0.0384 acc1 98.74%
2026-06-25 17:50:09 - __main__ - INFO - Val:   loss 0.0708 acc1 98.21%
2026-06-25 17:50:09 - __main__ - INFO - 
Epoch 63/100 | lr 0.017281
2026-06-25 17:50:36 - __main__ - INFO - Train: loss 0.0375 acc1 98.82%
2026-06-25 17:50:36 - __main__ - INFO - Val:   loss 0.0677 acc1 98.21%
2026-06-25 17:50:36 - __main__ - INFO - 
Epoch 64/100 | lr 0.016499
2026-06-25 17:51:03 - __main__ - INFO - Train: loss 0.0365 acc1 98.88%
2026-06-25 17:51:03 - __main__ - INFO - Val:   loss 0.0647 acc1 98.21%
2026-06-25 17:51:03 - __main__ - INFO - 
Epoch 65/100 | lr 0.015727
2026-06-25 17:51:29 - __main__ - INFO - Train: loss 0.0486 acc1 98.59%
2026-06-25 17:51:29 - __main__ - INFO - Val:   loss 0.0711 acc1 98.21%
2026-06-25 17:51:29 - __main__ - INFO - 
Epoch 66/100 | lr 0.014965
2026-06-25 17:51:56 - __main__ - INFO - Train: loss 0.0363 acc1 98.88%
2026-06-25 17:51:56 - __main__ - INFO - Val:   loss 0.0697 acc1 98.21%
2026-06-25 17:51:56 - __main__ - INFO - 
Epoch 67/100 | lr 0.014213
2026-06-25 17:52:23 - __main__ - INFO - Train: loss 0.0363 acc1 98.88%
2026-06-25 17:52:23 - __main__ - INFO - Val:   loss 0.0710 acc1 98.21%
2026-06-25 17:52:23 - __main__ - INFO - 
Epoch 68/100 | lr 0.013474
2026-06-25 17:52:49 - __main__ - INFO - Train: loss 0.0378 acc1 98.88%
2026-06-25 17:52:49 - __main__ - INFO - Val:   loss 0.0691 acc1 98.31%
2026-06-25 17:52:49 - __main__ - INFO - 
Epoch 69/100 | lr 0.012747
2026-06-25 17:53:16 - __main__ - INFO - Train: loss 0.0424 acc1 98.74%
2026-06-25 17:53:16 - __main__ - INFO - Val:   loss 0.0674 acc1 98.31%
2026-06-25 17:53:16 - __main__ - INFO - 
Epoch 70/100 | lr 0.012033
2026-06-25 17:53:42 - __main__ - INFO - Train: loss 0.0377 acc1 98.85%
2026-06-25 17:53:42 - __main__ - INFO - Val:   loss 0.0681 acc1 98.31%
2026-06-25 17:53:42 - __main__ - INFO - 
Epoch 71/100 | lr 0.011334
2026-06-25 17:54:09 - __main__ - INFO - Train: loss 0.0377 acc1 98.88%
2026-06-25 17:54:09 - __main__ - INFO - Val:   loss 0.0706 acc1 98.41%
2026-06-25 17:54:09 - __main__ - INFO - 
Epoch 72/100 | lr 0.010650
2026-06-25 17:54:35 - __main__ - INFO - Train: loss 0.0403 acc1 98.74%
2026-06-25 17:54:35 - __main__ - INFO - Val:   loss 0.0676 acc1 98.31%
2026-06-25 17:54:35 - __main__ - INFO - 
Epoch 73/100 | lr 0.009981
2026-06-25 17:55:02 - __main__ - INFO - Train: loss 0.0370 acc1 98.84%
2026-06-25 17:55:02 - __main__ - INFO - Val:   loss 0.0695 acc1 98.21%
2026-06-25 17:55:02 - __main__ - INFO - 
Epoch 74/100 | lr 0.009329
2026-06-25 17:55:28 - __main__ - INFO - Train: loss 0.0357 acc1 98.88%
2026-06-25 17:55:28 - __main__ - INFO - Val:   loss 0.0700 acc1 98.31%
2026-06-25 17:55:28 - __main__ - INFO - 
Epoch 75/100 | lr 0.008694
2026-06-25 17:55:55 - __main__ - INFO - Train: loss 0.0361 acc1 98.86%
2026-06-25 17:55:55 - __main__ - INFO - Val:   loss 0.0655 acc1 98.31%
2026-06-25 17:55:55 - __main__ - INFO - 
Epoch 76/100 | lr 0.008076
2026-06-25 17:56:21 - __main__ - INFO - Train: loss 0.0371 acc1 98.88%
2026-06-25 17:56:21 - __main__ - INFO - Val:   loss 0.0681 acc1 98.31%
2026-06-25 17:56:21 - __main__ - INFO - 
Epoch 77/100 | lr 0.007478
2026-06-25 17:56:48 - __main__ - INFO - Train: loss 0.0359 acc1 98.88%
2026-06-25 17:56:48 - __main__ - INFO - Val:   loss 0.0681 acc1 98.31%
2026-06-25 17:56:48 - __main__ - INFO - 
Epoch 78/100 | lr 0.006898
2026-06-25 17:57:15 - __main__ - INFO - Train: loss 0.0360 acc1 98.88%
2026-06-25 17:57:15 - __main__ - INFO - Val:   loss 0.0695 acc1 98.21%
2026-06-25 17:57:15 - __main__ - INFO - 
Epoch 79/100 | lr 0.006338
2026-06-25 17:57:41 - __main__ - INFO - Train: loss 0.0363 acc1 98.88%
2026-06-25 17:57:41 - __main__ - INFO - Val:   loss 0.0680 acc1 98.31%
2026-06-25 17:57:41 - __main__ - INFO - 
Epoch 80/100 | lr 0.005799
2026-06-25 17:58:08 - __main__ - INFO - Train: loss 0.0354 acc1 98.88%
2026-06-25 17:58:08 - __main__ - INFO - Val:   loss 0.0686 acc1 98.21%
2026-06-25 17:58:08 - __main__ - INFO - 
Epoch 81/100 | lr 0.005280
2026-06-25 17:58:34 - __main__ - INFO - Train: loss 0.0354 acc1 98.88%
2026-06-25 17:58:34 - __main__ - INFO - Val:   loss 0.0701 acc1 98.21%
2026-06-25 17:58:34 - __main__ - INFO - 
Epoch 82/100 | lr 0.004784
2026-06-25 17:59:01 - __main__ - INFO - Train: loss 0.0357 acc1 98.88%
2026-06-25 17:59:01 - __main__ - INFO - Val:   loss 0.0691 acc1 98.31%
2026-06-25 17:59:01 - __main__ - INFO - 
Epoch 83/100 | lr 0.004309
2026-06-25 17:59:28 - __main__ - INFO - Train: loss 0.0388 acc1 98.74%
2026-06-25 17:59:28 - __main__ - INFO - Val:   loss 0.0691 acc1 98.31%
2026-06-25 17:59:28 - __main__ - INFO - 
Epoch 84/100 | lr 0.003857
2026-06-25 17:59:54 - __main__ - INFO - Train: loss 0.0389 acc1 98.75%
2026-06-25 17:59:54 - __main__ - INFO - Val:   loss 0.0710 acc1 98.31%
2026-06-25 17:59:54 - __main__ - INFO - 
Epoch 85/100 | lr 0.003428
2026-06-25 18:00:21 - __main__ - INFO - Train: loss 0.0363 acc1 98.88%
2026-06-25 18:00:21 - __main__ - INFO - Val:   loss 0.0654 acc1 98.31%
2026-06-25 18:00:21 - __main__ - INFO - 
Epoch 86/100 | lr 0.003023
2026-06-25 18:00:47 - __main__ - INFO - Train: loss 0.0358 acc1 98.88%
2026-06-25 18:00:47 - __main__ - INFO - Val:   loss 0.0671 acc1 98.31%
2026-06-25 18:00:47 - __main__ - INFO - 
Epoch 87/100 | lr 0.002641
2026-06-25 18:01:14 - __main__ - INFO - Train: loss 0.0354 acc1 98.88%
2026-06-25 18:01:14 - __main__ - INFO - Val:   loss 0.0698 acc1 98.21%
2026-06-25 18:01:14 - __main__ - INFO - 
Epoch 88/100 | lr 0.002284
2026-06-25 18:01:40 - __main__ - INFO - Train: loss 0.0358 acc1 98.88%
2026-06-25 18:01:40 - __main__ - INFO - Val:   loss 0.0696 acc1 98.31%
2026-06-25 18:01:40 - __main__ - INFO - 
Epoch 89/100 | lr 0.001952
2026-06-25 18:02:07 - __main__ - INFO - Train: loss 0.0354 acc1 98.88%
2026-06-25 18:02:07 - __main__ - INFO - Val:   loss 0.0729 acc1 98.21%
2026-06-25 18:02:07 - __main__ - INFO - 
Epoch 90/100 | lr 0.001646
2026-06-25 18:02:33 - __main__ - INFO - Train: loss 0.0396 acc1 98.59%
2026-06-25 18:02:33 - __main__ - INFO - Val:   loss 0.0707 acc1 98.21%
2026-06-25 18:02:33 - __main__ - INFO - 
Epoch 91/100 | lr 0.001364
2026-06-25 18:03:00 - __main__ - INFO - Train: loss 0.0353 acc1 98.88%
2026-06-25 18:03:00 - __main__ - INFO - Val:   loss 0.0709 acc1 98.31%
2026-06-25 18:03:00 - __main__ - INFO - 
Epoch 92/100 | lr 0.001109
2026-06-25 18:03:27 - __main__ - INFO - Train: loss 0.0353 acc1 98.88%
2026-06-25 18:03:27 - __main__ - INFO - Val:   loss 0.0722 acc1 98.21%
2026-06-25 18:03:27 - __main__ - INFO - 
Epoch 93/100 | lr 0.000880
2026-06-25 18:03:53 - __main__ - INFO - Train: loss 0.0371 acc1 98.88%
2026-06-25 18:03:53 - __main__ - INFO - Val:   loss 0.0653 acc1 98.31%
2026-06-25 18:03:53 - __main__ - INFO - 
Epoch 94/100 | lr 0.000677
2026-06-25 18:04:20 - __main__ - INFO - Train: loss 0.0394 acc1 98.74%
2026-06-25 18:04:20 - __main__ - INFO - Val:   loss 0.0683 acc1 98.31%
2026-06-25 18:04:20 - __main__ - INFO - 
Epoch 95/100 | lr 0.000500
2026-06-25 18:04:46 - __main__ - INFO - Train: loss 0.0353 acc1 98.88%
2026-06-25 18:04:46 - __main__ - INFO - Val:   loss 0.0705 acc1 98.21%
2026-06-25 18:04:46 - __main__ - INFO - 
Epoch 96/100 | lr 0.000351
2026-06-25 18:05:13 - __main__ - INFO - Train: loss 0.0353 acc1 98.88%
2026-06-25 18:05:13 - __main__ - INFO - Val:   loss 0.0712 acc1 98.21%
2026-06-25 18:05:13 - __main__ - INFO - 
Epoch 97/100 | lr 0.000228
2026-06-25 18:05:39 - __main__ - INFO - Train: loss 0.0354 acc1 98.88%
2026-06-25 18:05:39 - __main__ - INFO - Val:   loss 0.0703 acc1 98.21%
2026-06-25 18:05:39 - __main__ - INFO - 
Epoch 98/100 | lr 0.000133
2026-06-25 18:06:06 - __main__ - INFO - Train: loss 0.0356 acc1 98.88%
2026-06-25 18:06:06 - __main__ - INFO - Val:   loss 0.0697 acc1 98.31%
2026-06-25 18:06:06 - __main__ - INFO - 
Epoch 99/100 | lr 0.000065
2026-06-25 18:06:32 - __main__ - INFO - Train: loss 0.0363 acc1 98.88%
2026-06-25 18:06:32 - __main__ - INFO - Val:   loss 0.0705 acc1 98.21%
2026-06-25 18:06:32 - __main__ - INFO - 
Epoch 100/100 | lr 0.000024
2026-06-25 18:06:59 - __main__ - INFO - Train: loss 0.0450 acc1 98.59%
2026-06-25 18:06:59 - __main__ - INFO - Val:   loss 0.0746 acc1 98.21%
2026-06-25 18:06:59 - __main__ - INFO - Loaded best checkpoint weights for final test evaluation.
2026-06-25 18:07:02 - __main__ - INFO - 
Best tracked (val): 98.44%
2026-06-25 18:07:02 - __main__ - INFO - Final test: loss 0.0784 acc1 97.57%
2026-06-25 18:07:02 - __main__ - INFO - Saved best model checkpoint to runs/malimg/42/densenet121_seed42_none/best_model.pt
