2026-06-24 23:07:23 - __main__ - INFO - Run parameters: {"adamw_betas": [0.9, 0.999], "adamw_eps": 1e-08, "amp": true, "batch_size": 64, "cam_layer": "auto", "cutout_area": 0.1, "cutout_m": 8, "cutout_mode": "cam_high", "cutout_size": 0, "data_dir": "./data", "dataset": "cifar100", "epochs": 100, "gamma": 0.1, "grayscale": false, "include_regex": "", "label_smoothing": 0.0, "log_every": 100, "lr": 0.05, "milestones": "60,80", "min_lr": 1e-05, "model": "densenet121", "momentum": 0.9, "nesterov": false, "num_workers": 4, "optimizer": "sgd", "out_dir": "runs/cifar100/densenet121/42", "run_name": "densenet121_seed42_cam_high_M8_area0.1", "saliency_candidate_percent": 10.0, "scheduler": "cosine", "seed": 42, "teacher_checkpoint": "runs/cifar100/densenet121/42/densenet121_seed42_none/best_model.pt", "teacher_model": "densenet121", "val_split": 0.1, "warmup_epochs": 5, "weight_decay": 0.0001}
2026-06-24 23:07:23 - __main__ - INFO - device: cuda | cuda: True | gpu: NVIDIA L4
2026-06-24 23:07:26 - __main__ - INFO - Model: densenet121 | Dataset: cifar100 | Classes: 100 | Optimizer: sgd
2026-06-24 23:07:26 - __main__ - INFO - Cutout enabled: mode=cam_high m=8 size=None area=0.1
2026-06-24 23:07:26 - __main__ - INFO - 
Epoch 1/100 | lr 0.000050
2026-06-24 23:14:57 - __main__ - INFO - Train: loss 4.4309 acc1 4.00%
2026-06-24 23:14:57 - __main__ - INFO - Val:   loss 4.2295 acc1 6.10%
2026-06-24 23:14:57 - __main__ - INFO - saved best: 6.10%
2026-06-24 23:14:57 - __main__ - INFO - 
Epoch 2/100 | lr 0.010040
2026-06-24 23:22:25 - __main__ - INFO - Train: loss 2.8958 acc1 27.57%
2026-06-24 23:22:25 - __main__ - INFO - Val:   loss 2.3700 acc1 38.96%
2026-06-24 23:22:25 - __main__ - INFO - saved best: 38.96%
2026-06-24 23:22:25 - __main__ - INFO - 
Epoch 3/100 | lr 0.020030
2026-06-24 23:30:01 - __main__ - INFO - Train: loss 2.0013 acc1 45.73%
2026-06-24 23:30:01 - __main__ - INFO - Val:   loss 2.0060 acc1 47.81%
2026-06-24 23:30:01 - __main__ - INFO - saved best: 47.81%
2026-06-24 23:30:01 - __main__ - INFO - 
Epoch 4/100 | lr 0.030020
2026-06-24 23:37:38 - __main__ - INFO - Train: loss 1.5465 acc1 56.25%
2026-06-24 23:37:38 - __main__ - INFO - Val:   loss 1.9376 acc1 51.49%
2026-06-24 23:37:38 - __main__ - INFO - saved best: 51.49%
2026-06-24 23:37:38 - __main__ - INFO - 
Epoch 5/100 | lr 0.040010
2026-06-24 23:45:15 - __main__ - INFO - Train: loss 1.2936 acc1 62.46%
2026-06-24 23:45:15 - __main__ - INFO - Val:   loss 1.9257 acc1 53.28%
2026-06-24 23:45:15 - __main__ - INFO - saved best: 53.28%
2026-06-24 23:45:15 - __main__ - INFO - 
Epoch 6/100 | lr 0.050000
2026-06-24 23:53:01 - __main__ - INFO - Train: loss 1.1521 acc1 65.94%
2026-06-24 23:53:01 - __main__ - INFO - Val:   loss 1.9973 acc1 53.22%
2026-06-24 23:53:01 - __main__ - INFO - 
Epoch 7/100 | lr 0.049986
2026-06-25 00:00:48 - __main__ - INFO - Train: loss 0.9639 acc1 71.05%
2026-06-25 00:00:48 - __main__ - INFO - Val:   loss 2.1356 acc1 51.38%
2026-06-25 00:00:48 - __main__ - INFO - 
Epoch 8/100 | lr 0.049945
2026-06-25 00:08:31 - __main__ - INFO - Train: loss 0.8543 acc1 74.00%
2026-06-25 00:08:31 - __main__ - INFO - Val:   loss 2.2142 acc1 52.09%
2026-06-25 00:08:31 - __main__ - INFO - 
Epoch 9/100 | lr 0.049877
2026-06-25 00:16:11 - __main__ - INFO - Train: loss 0.7707 acc1 76.39%
2026-06-25 00:16:11 - __main__ - INFO - Val:   loss 2.1574 acc1 53.30%
2026-06-25 00:16:11 - __main__ - INFO - saved best: 53.30%
2026-06-25 00:16:11 - __main__ - INFO - 
Epoch 10/100 | lr 0.049782
2026-06-25 00:24:01 - __main__ - INFO - Train: loss 0.7168 acc1 77.95%
2026-06-25 00:24:01 - __main__ - INFO - Val:   loss 2.2063 acc1 53.29%
2026-06-25 00:24:01 - __main__ - INFO - 
Epoch 11/100 | lr 0.049659
2026-06-25 00:31:50 - __main__ - INFO - Train: loss 0.6674 acc1 79.33%
2026-06-25 00:31:50 - __main__ - INFO - Val:   loss 2.2199 acc1 53.19%
2026-06-25 00:31:50 - __main__ - INFO - 
Epoch 12/100 | lr 0.049510
2026-06-25 00:39:40 - __main__ - INFO - Train: loss 0.6348 acc1 80.34%
2026-06-25 00:39:40 - __main__ - INFO - Val:   loss 2.2030 acc1 54.25%
2026-06-25 00:39:40 - __main__ - INFO - saved best: 54.25%
2026-06-25 00:39:40 - __main__ - INFO - 
Epoch 13/100 | lr 0.049333
2026-06-25 00:47:27 - __main__ - INFO - Train: loss 0.6105 acc1 80.99%
2026-06-25 00:47:27 - __main__ - INFO - Val:   loss 2.3159 acc1 52.77%
2026-06-25 00:47:27 - __main__ - INFO - 
Epoch 14/100 | lr 0.049130
2026-06-25 00:55:16 - __main__ - INFO - Train: loss 0.5785 acc1 81.98%
2026-06-25 00:55:16 - __main__ - INFO - Val:   loss 2.2260 acc1 54.35%
2026-06-25 00:55:16 - __main__ - INFO - saved best: 54.35%
2026-06-25 00:55:16 - __main__ - INFO - 
Epoch 15/100 | lr 0.048901
2026-06-25 01:03:04 - __main__ - INFO - Train: loss 0.5568 acc1 82.62%
2026-06-25 01:03:04 - __main__ - INFO - Val:   loss 2.3816 acc1 52.10%
2026-06-25 01:03:04 - __main__ - INFO - 
Epoch 16/100 | lr 0.048646
2026-06-25 01:10:52 - __main__ - INFO - Train: loss 0.5389 acc1 83.27%
2026-06-25 01:10:52 - __main__ - INFO - Val:   loss 2.2579 acc1 53.83%
2026-06-25 01:10:52 - __main__ - INFO - 
Epoch 17/100 | lr 0.048364
2026-06-25 01:18:41 - __main__ - INFO - Train: loss 0.5196 acc1 83.77%
2026-06-25 01:18:41 - __main__ - INFO - Val:   loss 2.3198 acc1 53.08%
2026-06-25 01:18:41 - __main__ - INFO - 
Epoch 18/100 | lr 0.048058
2026-06-25 01:26:29 - __main__ - INFO - Train: loss 0.5046 acc1 84.23%
2026-06-25 01:26:29 - __main__ - INFO - Val:   loss 2.3239 acc1 54.58%
2026-06-25 01:26:29 - __main__ - INFO - saved best: 54.58%
2026-06-25 01:26:29 - __main__ - INFO - 
Epoch 19/100 | lr 0.047726
2026-06-25 01:34:15 - __main__ - INFO - Train: loss 0.4951 acc1 84.55%
2026-06-25 01:34:15 - __main__ - INFO - Val:   loss 2.3729 acc1 53.82%
2026-06-25 01:34:15 - __main__ - INFO - 
Epoch 20/100 | lr 0.047369
2026-06-25 01:42:05 - __main__ - INFO - Train: loss 0.4854 acc1 84.87%
2026-06-25 01:42:05 - __main__ - INFO - Val:   loss 2.2803 acc1 54.20%
2026-06-25 01:42:05 - __main__ - INFO - 
Epoch 21/100 | lr 0.046987
2026-06-25 01:49:54 - __main__ - INFO - Train: loss 0.4773 acc1 84.99%
2026-06-25 01:49:54 - __main__ - INFO - Val:   loss 2.2494 acc1 53.87%
2026-06-25 01:49:54 - __main__ - INFO - 
Epoch 22/100 | lr 0.046582
2026-06-25 01:57:43 - __main__ - INFO - Train: loss 0.4575 acc1 85.67%
2026-06-25 01:57:43 - __main__ - INFO - Val:   loss 2.3385 acc1 53.49%
2026-06-25 01:57:43 - __main__ - INFO - 
Epoch 23/100 | lr 0.046153
2026-06-25 02:05:32 - __main__ - INFO - Train: loss 0.4520 acc1 85.84%
2026-06-25 02:05:32 - __main__ - INFO - Val:   loss 2.3585 acc1 52.87%
2026-06-25 02:05:32 - __main__ - INFO - 
Epoch 24/100 | lr 0.045701
2026-06-25 02:13:21 - __main__ - INFO - Train: loss 0.4359 acc1 86.40%
2026-06-25 02:13:21 - __main__ - INFO - Val:   loss 2.2772 acc1 54.84%
2026-06-25 02:13:21 - __main__ - INFO - saved best: 54.84%
2026-06-25 02:13:21 - __main__ - INFO - 
Epoch 25/100 | lr 0.045226
2026-06-25 02:21:11 - __main__ - INFO - Train: loss 0.4319 acc1 86.48%
2026-06-25 02:21:11 - __main__ - INFO - Val:   loss 2.4006 acc1 53.14%
2026-06-25 02:21:11 - __main__ - INFO - 
Epoch 26/100 | lr 0.044730
2026-06-25 02:29:00 - __main__ - INFO - Train: loss 0.4221 acc1 86.80%
2026-06-25 02:29:00 - __main__ - INFO - Val:   loss 2.3282 acc1 53.90%
2026-06-25 02:29:00 - __main__ - INFO - 
Epoch 27/100 | lr 0.044211
2026-06-25 02:36:50 - __main__ - INFO - Train: loss 0.4104 acc1 87.17%
2026-06-25 02:36:50 - __main__ - INFO - Val:   loss 2.2754 acc1 54.68%
2026-06-25 02:36:50 - __main__ - INFO - 
Epoch 28/100 | lr 0.043672
2026-06-25 02:44:40 - __main__ - INFO - Train: loss 0.3975 acc1 87.58%
2026-06-25 02:44:40 - __main__ - INFO - Val:   loss 2.3164 acc1 54.52%
2026-06-25 02:44:40 - __main__ - INFO - 
Epoch 29/100 | lr 0.043112
2026-06-25 02:52:29 - __main__ - INFO - Train: loss 0.3900 acc1 87.75%
2026-06-25 02:52:29 - __main__ - INFO - Val:   loss 2.3990 acc1 54.08%
2026-06-25 02:52:29 - __main__ - INFO - 
Epoch 30/100 | lr 0.042532
2026-06-25 03:00:18 - __main__ - INFO - Train: loss 0.3798 acc1 88.16%
2026-06-25 03:00:18 - __main__ - INFO - Val:   loss 2.3777 acc1 54.36%
2026-06-25 03:00:18 - __main__ - INFO - 
Epoch 31/100 | lr 0.041934
2026-06-25 03:08:06 - __main__ - INFO - Train: loss 0.3719 acc1 88.34%
2026-06-25 03:08:06 - __main__ - INFO - Val:   loss 2.3807 acc1 53.54%
2026-06-25 03:08:06 - __main__ - INFO - 
Epoch 32/100 | lr 0.041316
2026-06-25 03:15:52 - __main__ - INFO - Train: loss 0.3642 acc1 88.63%
2026-06-25 03:15:52 - __main__ - INFO - Val:   loss 2.3503 acc1 54.62%
2026-06-25 03:15:52 - __main__ - INFO - 
Epoch 33/100 | lr 0.040681
2026-06-25 03:23:38 - __main__ - INFO - Train: loss 0.3529 acc1 88.91%
2026-06-25 03:23:38 - __main__ - INFO - Val:   loss 2.4055 acc1 53.97%
2026-06-25 03:23:38 - __main__ - INFO - 
Epoch 34/100 | lr 0.040029
2026-06-25 03:31:23 - __main__ - INFO - Train: loss 0.3439 acc1 89.23%
2026-06-25 03:31:23 - __main__ - INFO - Val:   loss 2.3319 acc1 54.46%
2026-06-25 03:31:23 - __main__ - INFO - 
Epoch 35/100 | lr 0.039360
2026-06-25 03:39:09 - __main__ - INFO - Train: loss 0.3317 acc1 89.61%
2026-06-25 03:39:09 - __main__ - INFO - Val:   loss 2.3408 acc1 53.65%
2026-06-25 03:39:09 - __main__ - INFO - 
Epoch 36/100 | lr 0.038676
2026-06-25 03:46:57 - __main__ - INFO - Train: loss 0.3270 acc1 89.73%
2026-06-25 03:46:57 - __main__ - INFO - Val:   loss 2.3615 acc1 53.88%
2026-06-25 03:46:57 - __main__ - INFO - 
Epoch 37/100 | lr 0.037977
2026-06-25 03:54:45 - __main__ - INFO - Train: loss 0.3210 acc1 89.95%
2026-06-25 03:54:45 - __main__ - INFO - Val:   loss 2.4592 acc1 53.73%
2026-06-25 03:54:45 - __main__ - INFO - 
Epoch 38/100 | lr 0.037263
2026-06-25 04:02:34 - __main__ - INFO - Train: loss 0.3152 acc1 90.13%
2026-06-25 04:02:34 - __main__ - INFO - Val:   loss 2.3287 acc1 54.83%
2026-06-25 04:02:34 - __main__ - INFO - 
Epoch 39/100 | lr 0.036536
2026-06-25 04:10:21 - __main__ - INFO - Train: loss 0.3035 acc1 90.49%
2026-06-25 04:10:21 - __main__ - INFO - Val:   loss 2.4516 acc1 53.78%
2026-06-25 04:10:21 - __main__ - INFO - 
Epoch 40/100 | lr 0.035797
2026-06-25 04:18:11 - __main__ - INFO - Train: loss 0.2921 acc1 90.86%
2026-06-25 04:18:11 - __main__ - INFO - Val:   loss 2.4377 acc1 54.53%
2026-06-25 04:18:11 - __main__ - INFO - 
Epoch 41/100 | lr 0.035045
2026-06-25 04:25:58 - __main__ - INFO - Train: loss 0.2856 acc1 91.05%
2026-06-25 04:25:58 - __main__ - INFO - Val:   loss 2.2923 acc1 55.40%
2026-06-25 04:25:59 - __main__ - INFO - saved best: 55.40%
2026-06-25 04:25:59 - __main__ - INFO - 
Epoch 42/100 | lr 0.034283
2026-06-25 04:33:46 - __main__ - INFO - Train: loss 0.2759 acc1 91.37%
2026-06-25 04:33:46 - __main__ - INFO - Val:   loss 2.3912 acc1 54.72%
2026-06-25 04:33:46 - __main__ - INFO - 
Epoch 43/100 | lr 0.033511
2026-06-25 04:41:33 - __main__ - INFO - Train: loss 0.2666 acc1 91.64%
2026-06-25 04:41:33 - __main__ - INFO - Val:   loss 2.4392 acc1 55.40%
2026-06-25 04:41:33 - __main__ - INFO - saved best: 55.40%
2026-06-25 04:41:33 - __main__ - INFO - 
Epoch 44/100 | lr 0.032729
2026-06-25 04:49:19 - __main__ - INFO - Train: loss 0.2550 acc1 92.05%
2026-06-25 04:49:19 - __main__ - INFO - Val:   loss 2.3681 acc1 55.34%
2026-06-25 04:49:19 - __main__ - INFO - 
Epoch 45/100 | lr 0.031939
2026-06-25 04:57:05 - __main__ - INFO - Train: loss 0.2502 acc1 92.17%
2026-06-25 04:57:05 - __main__ - INFO - Val:   loss 2.4025 acc1 54.68%
2026-06-25 04:57:05 - __main__ - INFO - 
Epoch 46/100 | lr 0.031141
2026-06-25 05:04:45 - __main__ - INFO - Train: loss 0.2437 acc1 92.40%
2026-06-25 05:04:45 - __main__ - INFO - Val:   loss 2.4225 acc1 54.56%
2026-06-25 05:04:45 - __main__ - INFO - 
Epoch 47/100 | lr 0.030336
2026-06-25 05:12:19 - __main__ - INFO - Train: loss 0.2355 acc1 92.70%
2026-06-25 05:12:19 - __main__ - INFO - Val:   loss 2.3443 acc1 55.65%
2026-06-25 05:12:19 - __main__ - INFO - saved best: 55.65%
2026-06-25 05:12:19 - __main__ - INFO - 
Epoch 48/100 | lr 0.029526
2026-06-25 05:19:52 - __main__ - INFO - Train: loss 0.2223 acc1 93.12%
2026-06-25 05:19:52 - __main__ - INFO - Val:   loss 2.3788 acc1 54.80%
2026-06-25 05:19:52 - __main__ - INFO - 
Epoch 49/100 | lr 0.028711
2026-06-25 05:27:25 - __main__ - INFO - Train: loss 0.2175 acc1 93.27%
2026-06-25 05:27:25 - __main__ - INFO - Val:   loss 2.3863 acc1 54.73%
2026-06-25 05:27:25 - __main__ - INFO - 
Epoch 50/100 | lr 0.027892
2026-06-25 05:35:00 - __main__ - INFO - Train: loss 0.2068 acc1 93.58%
2026-06-25 05:35:00 - __main__ - INFO - Val:   loss 2.3615 acc1 56.12%
2026-06-25 05:35:00 - __main__ - INFO - saved best: 56.12%
2026-06-25 05:35:00 - __main__ - INFO - 
Epoch 51/100 | lr 0.027069
2026-06-25 05:42:34 - __main__ - INFO - Train: loss 0.2040 acc1 93.67%
2026-06-25 05:42:34 - __main__ - INFO - Val:   loss 2.3778 acc1 55.26%
2026-06-25 05:42:34 - __main__ - INFO - 
Epoch 52/100 | lr 0.026244
2026-06-25 05:50:09 - __main__ - INFO - Train: loss 0.1916 acc1 94.07%
2026-06-25 05:50:09 - __main__ - INFO - Val:   loss 2.3945 acc1 55.52%
2026-06-25 05:50:09 - __main__ - INFO - 
Epoch 53/100 | lr 0.025418
2026-06-25 05:57:43 - __main__ - INFO - Train: loss 0.1822 acc1 94.39%
2026-06-25 05:57:43 - __main__ - INFO - Val:   loss 2.2998 acc1 55.59%
2026-06-25 05:57:43 - __main__ - INFO - 
Epoch 54/100 | lr 0.024592
2026-06-25 06:05:17 - __main__ - INFO - Train: loss 0.1758 acc1 94.59%
2026-06-25 06:05:17 - __main__ - INFO - Val:   loss 2.4059 acc1 54.77%
2026-06-25 06:05:17 - __main__ - INFO - 
Epoch 55/100 | lr 0.023766
2026-06-25 06:13:02 - __main__ - INFO - Train: loss 0.1655 acc1 94.88%
2026-06-25 06:13:02 - __main__ - INFO - Val:   loss 2.3207 acc1 55.64%
2026-06-25 06:13:02 - __main__ - INFO - 
Epoch 56/100 | lr 0.022941
2026-06-25 06:20:56 - __main__ - INFO - Train: loss 0.1610 acc1 95.06%
2026-06-25 06:20:56 - __main__ - INFO - Val:   loss 2.4568 acc1 55.68%
2026-06-25 06:20:56 - __main__ - INFO - 
Epoch 57/100 | lr 0.022118
2026-06-25 06:28:36 - __main__ - INFO - Train: loss 0.1476 acc1 95.54%
2026-06-25 06:28:36 - __main__ - INFO - Val:   loss 2.3657 acc1 55.17%
2026-06-25 06:28:36 - __main__ - INFO - 
Epoch 58/100 | lr 0.021299
2026-06-25 06:36:11 - __main__ - INFO - Train: loss 0.1447 acc1 95.60%
2026-06-25 06:36:11 - __main__ - INFO - Val:   loss 2.3564 acc1 56.19%
2026-06-25 06:36:11 - __main__ - INFO - saved best: 56.19%
2026-06-25 06:36:11 - __main__ - INFO - 
Epoch 59/100 | lr 0.020484
2026-06-25 06:43:46 - __main__ - INFO - Train: loss 0.1375 acc1 95.84%
2026-06-25 06:43:46 - __main__ - INFO - Val:   loss 2.3858 acc1 57.17%
2026-06-25 06:43:46 - __main__ - INFO - saved best: 57.17%
2026-06-25 06:43:46 - __main__ - INFO - 
Epoch 60/100 | lr 0.019674
2026-06-25 06:51:21 - __main__ - INFO - Train: loss 0.1362 acc1 95.84%
2026-06-25 06:51:21 - __main__ - INFO - Val:   loss 2.3968 acc1 56.21%
2026-06-25 06:51:21 - __main__ - INFO - 
Epoch 61/100 | lr 0.018869
2026-06-25 06:58:56 - __main__ - INFO - Train: loss 0.1189 acc1 96.41%
2026-06-25 06:58:56 - __main__ - INFO - Val:   loss 2.3656 acc1 55.80%
2026-06-25 06:58:56 - __main__ - INFO - 
Epoch 62/100 | lr 0.018071
2026-06-25 07:06:31 - __main__ - INFO - Train: loss 0.1108 acc1 96.69%
2026-06-25 07:06:31 - __main__ - INFO - Val:   loss 2.3357 acc1 55.96%
2026-06-25 07:06:31 - __main__ - INFO - 
Epoch 63/100 | lr 0.017281
2026-06-25 07:14:07 - __main__ - INFO - Train: loss 0.1077 acc1 96.81%
2026-06-25 07:14:07 - __main__ - INFO - Val:   loss 2.3602 acc1 55.87%
2026-06-25 07:14:07 - __main__ - INFO - 
Epoch 64/100 | lr 0.016499
2026-06-25 07:21:43 - __main__ - INFO - Train: loss 0.0981 acc1 97.10%
2026-06-25 07:21:43 - __main__ - INFO - Val:   loss 2.2694 acc1 57.58%
2026-06-25 07:21:43 - __main__ - INFO - saved best: 57.58%
2026-06-25 07:21:43 - __main__ - INFO - 
Epoch 65/100 | lr 0.015727
2026-06-25 07:29:19 - __main__ - INFO - Train: loss 0.0939 acc1 97.26%
2026-06-25 07:29:19 - __main__ - INFO - Val:   loss 2.2973 acc1 55.98%
2026-06-25 07:29:19 - __main__ - INFO - 
Epoch 66/100 | lr 0.014965
2026-06-25 07:37:05 - __main__ - INFO - Train: loss 0.0893 acc1 97.41%
2026-06-25 07:37:05 - __main__ - INFO - Val:   loss 2.2814 acc1 57.27%
2026-06-25 07:37:05 - __main__ - INFO - 
Epoch 67/100 | lr 0.014213
2026-06-25 07:44:51 - __main__ - INFO - Train: loss 0.0819 acc1 97.62%
2026-06-25 07:44:51 - __main__ - INFO - Val:   loss 2.3359 acc1 56.67%
2026-06-25 07:44:51 - __main__ - INFO - 
Epoch 68/100 | lr 0.013474
2026-06-25 07:52:38 - __main__ - INFO - Train: loss 0.0732 acc1 97.91%
2026-06-25 07:52:38 - __main__ - INFO - Val:   loss 2.2786 acc1 57.13%
2026-06-25 07:52:38 - __main__ - INFO - 
Epoch 69/100 | lr 0.012747
2026-06-25 08:00:22 - __main__ - INFO - Train: loss 0.0643 acc1 98.20%
2026-06-25 08:00:22 - __main__ - INFO - Val:   loss 2.2725 acc1 56.66%
2026-06-25 08:00:22 - __main__ - INFO - 
Epoch 70/100 | lr 0.012033
2026-06-25 08:08:07 - __main__ - INFO - Train: loss 0.0601 acc1 98.34%
2026-06-25 08:08:07 - __main__ - INFO - Val:   loss 2.2461 acc1 57.11%
2026-06-25 08:08:07 - __main__ - INFO - 
Epoch 71/100 | lr 0.011334
2026-06-25 08:15:51 - __main__ - INFO - Train: loss 0.0538 acc1 98.54%
2026-06-25 08:15:51 - __main__ - INFO - Val:   loss 2.2148 acc1 57.85%
2026-06-25 08:15:51 - __main__ - INFO - saved best: 57.85%
2026-06-25 08:15:51 - __main__ - INFO - 
Epoch 72/100 | lr 0.010650
2026-06-25 08:23:33 - __main__ - INFO - Train: loss 0.0483 acc1 98.71%
2026-06-25 08:23:33 - __main__ - INFO - Val:   loss 2.1623 acc1 58.07%
2026-06-25 08:23:33 - __main__ - INFO - saved best: 58.07%
2026-06-25 08:23:33 - __main__ - INFO - 
Epoch 73/100 | lr 0.009981
2026-06-25 08:31:13 - __main__ - INFO - Train: loss 0.0418 acc1 98.94%
2026-06-25 08:31:13 - __main__ - INFO - Val:   loss 2.2451 acc1 56.29%
2026-06-25 08:31:13 - __main__ - INFO - 
Epoch 74/100 | lr 0.009329
2026-06-25 08:38:56 - __main__ - INFO - Train: loss 0.0443 acc1 98.83%
2026-06-25 08:38:56 - __main__ - INFO - Val:   loss 2.2374 acc1 57.12%
2026-06-25 08:38:56 - __main__ - INFO - 
Epoch 75/100 | lr 0.008694
2026-06-25 08:46:39 - __main__ - INFO - Train: loss 0.0311 acc1 99.24%
2026-06-25 08:46:39 - __main__ - INFO - Val:   loss 2.1098 acc1 58.70%
2026-06-25 08:46:39 - __main__ - INFO - saved best: 58.70%
2026-06-25 08:46:39 - __main__ - INFO - 
Epoch 76/100 | lr 0.008076
2026-06-25 08:54:21 - __main__ - INFO - Train: loss 0.0228 acc1 99.48%
2026-06-25 08:54:21 - __main__ - INFO - Val:   loss 2.0818 acc1 58.68%
2026-06-25 08:54:21 - __main__ - INFO - 
Epoch 77/100 | lr 0.007478
2026-06-25 09:02:01 - __main__ - INFO - Train: loss 0.0195 acc1 99.57%
2026-06-25 09:02:01 - __main__ - INFO - Val:   loss 2.0583 acc1 58.94%
2026-06-25 09:02:01 - __main__ - INFO - saved best: 58.94%
2026-06-25 09:02:01 - __main__ - INFO - 
Epoch 78/100 | lr 0.006898
2026-06-25 09:09:35 - __main__ - INFO - Train: loss 0.0158 acc1 99.67%
2026-06-25 09:09:35 - __main__ - INFO - Val:   loss 2.0442 acc1 58.91%
2026-06-25 09:09:35 - __main__ - INFO - 
Epoch 79/100 | lr 0.006338
2026-06-25 09:17:10 - __main__ - INFO - Train: loss 0.0141 acc1 99.72%
2026-06-25 09:17:10 - __main__ - INFO - Val:   loss 2.0007 acc1 59.28%
2026-06-25 09:17:10 - __main__ - INFO - saved best: 59.28%
2026-06-25 09:17:10 - __main__ - INFO - 
Epoch 80/100 | lr 0.005799
2026-06-25 09:24:58 - __main__ - INFO - Train: loss 0.0106 acc1 99.80%
2026-06-25 09:24:58 - __main__ - INFO - Val:   loss 1.9694 acc1 59.46%
2026-06-25 09:24:59 - __main__ - INFO - saved best: 59.46%
2026-06-25 09:24:59 - __main__ - INFO - 
Epoch 81/100 | lr 0.005280
2026-06-25 09:32:46 - __main__ - INFO - Train: loss 0.0095 acc1 99.83%
2026-06-25 09:32:46 - __main__ - INFO - Val:   loss 1.9241 acc1 60.08%
2026-06-25 09:32:46 - __main__ - INFO - saved best: 60.08%
2026-06-25 09:32:46 - __main__ - INFO - 
Epoch 82/100 | lr 0.004784
2026-06-25 09:40:31 - __main__ - INFO - Train: loss 0.0072 acc1 99.88%
2026-06-25 09:40:31 - __main__ - INFO - Val:   loss 1.9025 acc1 60.16%
2026-06-25 09:40:31 - __main__ - INFO - saved best: 60.16%
2026-06-25 09:40:31 - __main__ - INFO - 
Epoch 83/100 | lr 0.004309
2026-06-25 09:48:15 - __main__ - INFO - Train: loss 0.0061 acc1 99.90%
2026-06-25 09:48:15 - __main__ - INFO - Val:   loss 1.8529 acc1 60.62%
2026-06-25 09:48:15 - __main__ - INFO - saved best: 60.62%
2026-06-25 09:48:15 - __main__ - INFO - 
Epoch 84/100 | lr 0.003857
2026-06-25 09:56:01 - __main__ - INFO - Train: loss 0.0049 acc1 99.93%
2026-06-25 09:56:01 - __main__ - INFO - Val:   loss 1.8667 acc1 60.84%
2026-06-25 09:56:01 - __main__ - INFO - saved best: 60.84%
2026-06-25 09:56:01 - __main__ - INFO - 
Epoch 85/100 | lr 0.003428
2026-06-25 10:03:49 - __main__ - INFO - Train: loss 0.0044 acc1 99.93%
2026-06-25 10:03:49 - __main__ - INFO - Val:   loss 1.8442 acc1 60.82%
2026-06-25 10:03:49 - __main__ - INFO - 
Epoch 86/100 | lr 0.003023
2026-06-25 10:11:37 - __main__ - INFO - Train: loss 0.0040 acc1 99.94%
2026-06-25 10:11:37 - __main__ - INFO - Val:   loss 1.8340 acc1 61.05%
2026-06-25 10:11:37 - __main__ - INFO - saved best: 61.05%
2026-06-25 10:11:37 - __main__ - INFO - 
Epoch 87/100 | lr 0.002641
2026-06-25 10:19:23 - __main__ - INFO - Train: loss 0.0036 acc1 99.95%
2026-06-25 10:19:23 - __main__ - INFO - Val:   loss 1.8241 acc1 60.88%
2026-06-25 10:19:23 - __main__ - INFO - 
Epoch 88/100 | lr 0.002284
2026-06-25 10:27:11 - __main__ - INFO - Train: loss 0.0033 acc1 99.96%
2026-06-25 10:27:11 - __main__ - INFO - Val:   loss 1.7955 acc1 61.31%
2026-06-25 10:27:11 - __main__ - INFO - saved best: 61.31%
2026-06-25 10:27:11 - __main__ - INFO - 
Epoch 89/100 | lr 0.001952
2026-06-25 10:35:04 - __main__ - INFO - Train: loss 0.0032 acc1 99.96%
2026-06-25 10:35:04 - __main__ - INFO - Val:   loss 1.7969 acc1 60.93%
2026-06-25 10:35:04 - __main__ - INFO - 
Epoch 90/100 | lr 0.001646
2026-06-25 10:42:55 - __main__ - INFO - Train: loss 0.0031 acc1 99.96%
2026-06-25 10:42:55 - __main__ - INFO - Val:   loss 1.7725 acc1 61.30%
2026-06-25 10:42:55 - __main__ - INFO - 
Epoch 91/100 | lr 0.001364
2026-06-25 10:50:48 - __main__ - INFO - Train: loss 0.0028 acc1 99.97%
2026-06-25 10:50:48 - __main__ - INFO - Val:   loss 1.7695 acc1 61.63%
2026-06-25 10:50:48 - __main__ - INFO - saved best: 61.63%
2026-06-25 10:50:48 - __main__ - INFO - 
Epoch 92/100 | lr 0.001109
2026-06-25 10:58:39 - __main__ - INFO - Train: loss 0.0027 acc1 99.97%
2026-06-25 10:58:39 - __main__ - INFO - Val:   loss 1.7606 acc1 61.28%
2026-06-25 10:58:39 - __main__ - INFO - 
Epoch 93/100 | lr 0.000880
2026-06-25 11:06:30 - __main__ - INFO - Train: loss 0.0026 acc1 99.97%
2026-06-25 11:06:30 - __main__ - INFO - Val:   loss 1.7683 acc1 61.46%
2026-06-25 11:06:30 - __main__ - INFO - 
Epoch 94/100 | lr 0.000677
2026-06-25 11:14:23 - __main__ - INFO - Train: loss 0.0026 acc1 99.97%
2026-06-25 11:14:23 - __main__ - INFO - Val:   loss 1.7706 acc1 61.20%
2026-06-25 11:14:23 - __main__ - INFO - 
Epoch 95/100 | lr 0.000500
2026-06-25 11:22:15 - __main__ - INFO - Train: loss 0.0025 acc1 99.98%
2026-06-25 11:22:15 - __main__ - INFO - Val:   loss 1.7681 acc1 61.26%
2026-06-25 11:22:15 - __main__ - INFO - 
Epoch 96/100 | lr 0.000351
2026-06-25 11:30:04 - __main__ - INFO - Train: loss 0.0024 acc1 99.98%
2026-06-25 11:30:04 - __main__ - INFO - Val:   loss 1.7572 acc1 61.83%
2026-06-25 11:30:05 - __main__ - INFO - saved best: 61.83%
2026-06-25 11:30:05 - __main__ - INFO - 
Epoch 97/100 | lr 0.000228
2026-06-25 11:37:52 - __main__ - INFO - Train: loss 0.0025 acc1 99.97%
2026-06-25 11:37:52 - __main__ - INFO - Val:   loss 1.7706 acc1 61.45%
2026-06-25 11:37:52 - __main__ - INFO - 
Epoch 98/100 | lr 0.000133
2026-06-25 11:45:40 - __main__ - INFO - Train: loss 0.0024 acc1 99.98%
2026-06-25 11:45:40 - __main__ - INFO - Val:   loss 1.7541 acc1 61.65%
2026-06-25 11:45:40 - __main__ - INFO - 
Epoch 99/100 | lr 0.000065
2026-06-25 11:53:27 - __main__ - INFO - Train: loss 0.0024 acc1 99.98%
2026-06-25 11:53:27 - __main__ - INFO - Val:   loss 1.7501 acc1 61.46%
2026-06-25 11:53:27 - __main__ - INFO - 
Epoch 100/100 | lr 0.000024
2026-06-25 12:01:14 - __main__ - INFO - Train: loss 0.0024 acc1 99.98%
2026-06-25 12:01:14 - __main__ - INFO - Val:   loss 1.7551 acc1 61.63%
2026-06-25 12:01:14 - __main__ - INFO - Loaded best checkpoint weights for final test evaluation.
2026-06-25 12:01:15 - __main__ - INFO - 
Best tracked (val): 61.83%
2026-06-25 12:01:15 - __main__ - INFO - Final test: loss 1.7789 acc1 61.28%
2026-06-25 12:01:15 - __main__ - INFO - Saved best model checkpoint to runs/cifar100/densenet121/42/densenet121_seed42_cam_high_M8_area0.1/best_model.pt
