2026-06-21 07:42:13 - __main__ - INFO - Run parameters: {"adamw_betas": [0.9, 0.999], "adamw_eps": 1e-08, "amp": true, "batch_size": 128, "cam_layer": "auto", "cutout_area": null, "cutout_m": 0, "cutout_mode": "none", "cutout_size": 0, "data_dir": "./data", "dataset": "cifar100", "epochs": 100, "gamma": 0.1, "grayscale": false, "include_regex": "", "label_smoothing": 0.0, "log_every": 100, "lr": 0.1, "milestones": "60,80", "min_lr": 1e-05, "model": "resnet18", "momentum": 0.9, "nesterov": false, "num_workers": 4, "optimizer": "sgd", "out_dir": "runs/cifar100_colab/42", "run_name": "resnet18_seed42_none", "saliency_candidate_percent": 10.0, "scheduler": "cosine", "seed": 42, "teacher_checkpoint": "", "teacher_model": "", "val_split": 0.1, "warmup_epochs": 5, "weight_decay": 0.0005}
2026-06-21 07:42:13 - __main__ - INFO - device: cuda | cuda: True | gpu: NVIDIA L4
2026-06-21 10:25:45 - __main__ - INFO - Model: resnet18 | Dataset: cifar100 | Classes: 100 | Optimizer: sgd
2026-06-21 10:25:45 - __main__ - INFO - 
Epoch 1/100 | lr 0.000100
2026-06-21 10:25:56 - __main__ - INFO - Train: loss 4.6422 acc1 1.38%
2026-06-21 10:25:56 - __main__ - INFO - Val:   loss 4.5782 acc1 2.08%
2026-06-21 10:25:56 - __main__ - INFO - saved best: 2.08%
2026-06-21 10:25:56 - __main__ - INFO - 
Epoch 2/100 | lr 0.020080
2026-06-21 10:26:05 - __main__ - INFO - Train: loss 3.7923 acc1 12.10%
2026-06-21 10:26:05 - __main__ - INFO - Val:   loss 3.4075 acc1 18.37%
2026-06-21 10:26:05 - __main__ - INFO - saved best: 18.37%
2026-06-21 10:26:05 - __main__ - INFO - 
Epoch 3/100 | lr 0.040060
2026-06-21 10:26:14 - __main__ - INFO - Train: loss 3.2297 acc1 21.10%
2026-06-21 10:26:14 - __main__ - INFO - Val:   loss 3.0218 acc1 24.88%
2026-06-21 10:26:14 - __main__ - INFO - saved best: 24.88%
2026-06-21 10:26:14 - __main__ - INFO - 
Epoch 4/100 | lr 0.060040
2026-06-21 10:26:23 - __main__ - INFO - Train: loss 2.7367 acc1 29.70%
2026-06-21 10:26:23 - __main__ - INFO - Val:   loss 2.7105 acc1 31.69%
2026-06-21 10:26:23 - __main__ - INFO - saved best: 31.69%
2026-06-21 10:26:23 - __main__ - INFO - 
Epoch 5/100 | lr 0.080020
2026-06-21 10:26:32 - __main__ - INFO - Train: loss 2.3549 acc1 37.44%
2026-06-21 10:26:32 - __main__ - INFO - Val:   loss 2.6002 acc1 33.54%
2026-06-21 10:26:32 - __main__ - INFO - saved best: 33.54%
2026-06-21 10:26:32 - __main__ - INFO - 
Epoch 6/100 | lr 0.100000
2026-06-21 10:26:41 - __main__ - INFO - Train: loss 2.1079 acc1 42.57%
2026-06-21 10:26:41 - __main__ - INFO - Val:   loss 2.2240 acc1 40.82%
2026-06-21 10:26:41 - __main__ - INFO - saved best: 40.82%
2026-06-21 10:26:41 - __main__ - INFO - 
Epoch 7/100 | lr 0.099973
2026-06-21 10:26:50 - __main__ - INFO - Train: loss 1.8605 acc1 48.58%
2026-06-21 10:26:50 - __main__ - INFO - Val:   loss 2.3332 acc1 40.38%
2026-06-21 10:26:50 - __main__ - INFO - 
Epoch 8/100 | lr 0.099891
2026-06-21 10:26:59 - __main__ - INFO - Train: loss 1.7109 acc1 52.13%
2026-06-21 10:26:59 - __main__ - INFO - Val:   loss 2.3363 acc1 41.65%
2026-06-21 10:26:59 - __main__ - INFO - saved best: 41.65%
2026-06-21 10:26:59 - __main__ - INFO - 
Epoch 9/100 | lr 0.099754
2026-06-21 10:27:08 - __main__ - INFO - Train: loss 1.5993 acc1 55.04%
2026-06-21 10:27:08 - __main__ - INFO - Val:   loss 1.8538 acc1 50.21%
2026-06-21 10:27:08 - __main__ - INFO - saved best: 50.21%
2026-06-21 10:27:08 - __main__ - INFO - 
Epoch 10/100 | lr 0.099563
2026-06-21 10:27:17 - __main__ - INFO - Train: loss 1.5366 acc1 56.37%
2026-06-21 10:27:17 - __main__ - INFO - Val:   loss 1.7262 acc1 53.02%
2026-06-21 10:27:17 - __main__ - INFO - saved best: 53.02%
2026-06-21 10:27:17 - __main__ - INFO - 
Epoch 11/100 | lr 0.099318
2026-06-21 10:27:26 - __main__ - INFO - Train: loss 1.4680 acc1 58.12%
2026-06-21 10:27:26 - __main__ - INFO - Val:   loss 1.7744 acc1 52.49%
2026-06-21 10:27:26 - __main__ - INFO - 
Epoch 12/100 | lr 0.099019
2026-06-21 10:27:35 - __main__ - INFO - Train: loss 1.4129 acc1 59.95%
2026-06-21 10:27:35 - __main__ - INFO - Val:   loss 1.9866 acc1 48.15%
2026-06-21 10:27:35 - __main__ - INFO - 
Epoch 13/100 | lr 0.098666
2026-06-21 10:27:44 - __main__ - INFO - Train: loss 1.3750 acc1 60.89%
2026-06-21 10:27:44 - __main__ - INFO - Val:   loss 1.7824 acc1 52.17%
2026-06-21 10:27:44 - __main__ - INFO - 
Epoch 14/100 | lr 0.098261
2026-06-21 10:27:53 - __main__ - INFO - Train: loss 1.3461 acc1 61.42%
2026-06-21 10:27:53 - __main__ - INFO - Val:   loss 1.7980 acc1 51.23%
2026-06-21 10:27:53 - __main__ - INFO - 
Epoch 15/100 | lr 0.097802
2026-06-21 10:28:02 - __main__ - INFO - Train: loss 1.2988 acc1 62.77%
2026-06-21 10:28:02 - __main__ - INFO - Val:   loss 1.9394 acc1 51.62%
2026-06-21 10:28:02 - __main__ - INFO - 
Epoch 16/100 | lr 0.097291
2026-06-21 10:28:11 - __main__ - INFO - Train: loss 1.2741 acc1 63.38%
2026-06-21 10:28:11 - __main__ - INFO - Val:   loss 1.6039 acc1 55.99%
2026-06-21 10:28:11 - __main__ - INFO - saved best: 55.99%
2026-06-21 10:28:11 - __main__ - INFO - 
Epoch 17/100 | lr 0.096729
2026-06-21 10:28:21 - __main__ - INFO - Train: loss 1.2424 acc1 64.34%
2026-06-21 10:28:21 - __main__ - INFO - Val:   loss 1.9176 acc1 49.73%
2026-06-21 10:28:21 - __main__ - INFO - 
Epoch 18/100 | lr 0.096115
2026-06-21 10:28:30 - __main__ - INFO - Train: loss 1.2138 acc1 64.91%
2026-06-21 10:28:30 - __main__ - INFO - Val:   loss 1.7171 acc1 54.10%
2026-06-21 10:28:30 - __main__ - INFO - 
Epoch 19/100 | lr 0.095451
2026-06-21 10:28:39 - __main__ - INFO - Train: loss 1.1902 acc1 65.59%
2026-06-21 10:28:39 - __main__ - INFO - Val:   loss 1.6078 acc1 56.20%
2026-06-21 10:28:39 - __main__ - INFO - saved best: 56.20%
2026-06-21 10:28:39 - __main__ - INFO - 
Epoch 20/100 | lr 0.094737
2026-06-21 10:28:48 - __main__ - INFO - Train: loss 1.1529 acc1 66.35%
2026-06-21 10:28:48 - __main__ - INFO - Val:   loss 1.9295 acc1 51.32%
2026-06-21 10:28:48 - __main__ - INFO - 
Epoch 21/100 | lr 0.093974
2026-06-21 10:28:58 - __main__ - INFO - Train: loss 1.1492 acc1 66.49%
2026-06-21 10:28:58 - __main__ - INFO - Val:   loss 1.5747 acc1 57.67%
2026-06-21 10:28:58 - __main__ - INFO - saved best: 57.67%
2026-06-21 10:28:58 - __main__ - INFO - 
Epoch 22/100 | lr 0.093164
2026-06-21 10:29:07 - __main__ - INFO - Train: loss 1.1295 acc1 66.93%
2026-06-21 10:29:07 - __main__ - INFO - Val:   loss 1.9369 acc1 50.04%
2026-06-21 10:29:07 - __main__ - INFO - 
Epoch 23/100 | lr 0.092306
2026-06-21 10:29:16 - __main__ - INFO - Train: loss 1.1172 acc1 67.54%
2026-06-21 10:29:16 - __main__ - INFO - Val:   loss 1.8858 acc1 51.93%
2026-06-21 10:29:16 - __main__ - INFO - 
Epoch 24/100 | lr 0.091401
2026-06-21 10:29:25 - __main__ - INFO - Train: loss 1.0875 acc1 68.11%
2026-06-21 10:29:25 - __main__ - INFO - Val:   loss 1.8109 acc1 54.37%
2026-06-21 10:29:25 - __main__ - INFO - 
Epoch 25/100 | lr 0.090452
2026-06-21 10:29:34 - __main__ - INFO - Train: loss 1.0723 acc1 68.61%
2026-06-21 10:29:34 - __main__ - INFO - Val:   loss 1.7075 acc1 55.68%
2026-06-21 10:29:34 - __main__ - INFO - 
Epoch 26/100 | lr 0.089458
2026-06-21 10:29:44 - __main__ - INFO - Train: loss 1.0488 acc1 68.95%
2026-06-21 10:29:44 - __main__ - INFO - Val:   loss 1.6155 acc1 56.58%
2026-06-21 10:29:44 - __main__ - INFO - 
Epoch 27/100 | lr 0.088421
2026-06-21 10:29:53 - __main__ - INFO - Train: loss 1.0374 acc1 69.38%
2026-06-21 10:29:53 - __main__ - INFO - Val:   loss 1.6802 acc1 55.98%
2026-06-21 10:29:53 - __main__ - INFO - 
Epoch 28/100 | lr 0.087342
2026-06-21 10:30:02 - __main__ - INFO - Train: loss 1.0191 acc1 70.18%
2026-06-21 10:30:02 - __main__ - INFO - Val:   loss 1.6630 acc1 55.85%
2026-06-21 10:30:02 - __main__ - INFO - 
Epoch 29/100 | lr 0.086223
2026-06-21 10:30:11 - __main__ - INFO - Train: loss 1.0075 acc1 70.20%
2026-06-21 10:30:11 - __main__ - INFO - Val:   loss 1.8603 acc1 53.66%
2026-06-21 10:30:11 - __main__ - INFO - 
Epoch 30/100 | lr 0.085063
2026-06-21 10:30:20 - __main__ - INFO - Train: loss 0.9805 acc1 70.93%
2026-06-21 10:30:20 - __main__ - INFO - Val:   loss 1.5474 acc1 59.16%
2026-06-21 10:30:20 - __main__ - INFO - saved best: 59.16%
2026-06-21 10:30:20 - __main__ - INFO - 
Epoch 31/100 | lr 0.083866
2026-06-21 10:30:30 - __main__ - INFO - Train: loss 0.9582 acc1 71.51%
2026-06-21 10:30:30 - __main__ - INFO - Val:   loss 1.5524 acc1 59.33%
2026-06-21 10:30:30 - __main__ - INFO - saved best: 59.33%
2026-06-21 10:30:30 - __main__ - INFO - 
Epoch 32/100 | lr 0.082631
2026-06-21 10:30:39 - __main__ - INFO - Train: loss 0.9644 acc1 71.36%
2026-06-21 10:30:39 - __main__ - INFO - Val:   loss 1.6286 acc1 58.23%
2026-06-21 10:30:39 - __main__ - INFO - 
Epoch 33/100 | lr 0.081361
2026-06-21 10:30:48 - __main__ - INFO - Train: loss 0.9454 acc1 71.78%
2026-06-21 10:30:48 - __main__ - INFO - Val:   loss 1.5239 acc1 58.38%
2026-06-21 10:30:48 - __main__ - INFO - 
Epoch 34/100 | lr 0.080056
2026-06-21 10:30:57 - __main__ - INFO - Train: loss 0.9188 acc1 72.60%
2026-06-21 10:30:57 - __main__ - INFO - Val:   loss 1.6791 acc1 56.79%
2026-06-21 10:30:57 - __main__ - INFO - 
Epoch 35/100 | lr 0.078719
2026-06-21 10:31:07 - __main__ - INFO - Train: loss 0.9039 acc1 73.05%
2026-06-21 10:31:07 - __main__ - INFO - Val:   loss 1.5864 acc1 58.86%
2026-06-21 10:31:07 - __main__ - INFO - 
Epoch 36/100 | lr 0.077350
2026-06-21 10:31:16 - __main__ - INFO - Train: loss 0.8867 acc1 73.56%
2026-06-21 10:31:16 - __main__ - INFO - Val:   loss 1.5427 acc1 58.99%
2026-06-21 10:31:16 - __main__ - INFO - 
Epoch 37/100 | lr 0.075951
2026-06-21 10:31:25 - __main__ - INFO - Train: loss 0.8543 acc1 74.48%
2026-06-21 10:31:25 - __main__ - INFO - Val:   loss 1.6179 acc1 59.15%
2026-06-21 10:31:25 - __main__ - INFO - 
Epoch 38/100 | lr 0.074524
2026-06-21 10:31:34 - __main__ - INFO - Train: loss 0.8581 acc1 74.53%
2026-06-21 10:31:34 - __main__ - INFO - Val:   loss 1.5139 acc1 59.58%
2026-06-21 10:31:34 - __main__ - INFO - saved best: 59.58%
2026-06-21 10:31:34 - __main__ - INFO - 
Epoch 39/100 | lr 0.073070
2026-06-21 10:31:43 - __main__ - INFO - Train: loss 0.8366 acc1 74.99%
2026-06-21 10:31:43 - __main__ - INFO - Val:   loss 1.7432 acc1 56.89%
2026-06-21 10:31:43 - __main__ - INFO - 
Epoch 40/100 | lr 0.071591
2026-06-21 10:31:53 - __main__ - INFO - Train: loss 0.8114 acc1 75.54%
2026-06-21 10:31:53 - __main__ - INFO - Val:   loss 1.5510 acc1 59.64%
2026-06-21 10:31:53 - __main__ - INFO - saved best: 59.64%
2026-06-21 10:31:53 - __main__ - INFO - 
Epoch 41/100 | lr 0.070088
2026-06-21 10:32:02 - __main__ - INFO - Train: loss 0.8025 acc1 75.87%
2026-06-21 10:32:02 - __main__ - INFO - Val:   loss 1.4363 acc1 61.68%
2026-06-21 10:32:02 - __main__ - INFO - saved best: 61.68%
2026-06-21 10:32:02 - __main__ - INFO - 
Epoch 42/100 | lr 0.068563
2026-06-21 10:32:11 - __main__ - INFO - Train: loss 0.7732 acc1 76.79%
2026-06-21 10:32:11 - __main__ - INFO - Val:   loss 1.5355 acc1 60.38%
2026-06-21 10:32:11 - __main__ - INFO - 
Epoch 43/100 | lr 0.067018
2026-06-21 10:32:20 - __main__ - INFO - Train: loss 0.7674 acc1 76.82%
2026-06-21 10:32:20 - __main__ - INFO - Val:   loss 1.5231 acc1 62.07%
2026-06-21 10:32:20 - __main__ - INFO - saved best: 62.07%
2026-06-21 10:32:20 - __main__ - INFO - 
Epoch 44/100 | lr 0.065454
2026-06-21 10:32:29 - __main__ - INFO - Train: loss 0.7382 acc1 77.40%
2026-06-21 10:32:29 - __main__ - INFO - Val:   loss 1.5675 acc1 60.58%
2026-06-21 10:32:29 - __main__ - INFO - 
Epoch 45/100 | lr 0.063874
2026-06-21 10:32:39 - __main__ - INFO - Train: loss 0.7318 acc1 77.86%
2026-06-21 10:32:39 - __main__ - INFO - Val:   loss 1.4877 acc1 61.74%
2026-06-21 10:32:39 - __main__ - INFO - 
Epoch 46/100 | lr 0.062278
2026-06-21 10:32:48 - __main__ - INFO - Train: loss 0.6917 acc1 79.07%
2026-06-21 10:32:48 - __main__ - INFO - Val:   loss 1.5548 acc1 60.37%
2026-06-21 10:32:48 - __main__ - INFO - 
Epoch 47/100 | lr 0.060669
2026-06-21 10:32:57 - __main__ - INFO - Train: loss 0.6925 acc1 78.92%
2026-06-21 10:32:57 - __main__ - INFO - Val:   loss 1.7327 acc1 56.79%
2026-06-21 10:32:57 - __main__ - INFO - 
Epoch 48/100 | lr 0.059048
2026-06-21 10:33:06 - __main__ - INFO - Train: loss 0.6591 acc1 79.92%
2026-06-21 10:33:06 - __main__ - INFO - Val:   loss 1.4432 acc1 62.94%
2026-06-21 10:33:06 - __main__ - INFO - saved best: 62.94%
2026-06-21 10:33:06 - __main__ - INFO - 
Epoch 49/100 | lr 0.057417
2026-06-21 10:33:15 - __main__ - INFO - Train: loss 0.6487 acc1 80.15%
2026-06-21 10:33:15 - __main__ - INFO - Val:   loss 1.5967 acc1 60.49%
2026-06-21 10:33:15 - __main__ - INFO - 
Epoch 50/100 | lr 0.055779
2026-06-21 10:33:24 - __main__ - INFO - Train: loss 0.6134 acc1 81.37%
2026-06-21 10:33:24 - __main__ - INFO - Val:   loss 1.5696 acc1 60.99%
2026-06-21 10:33:24 - __main__ - INFO - 
Epoch 51/100 | lr 0.054134
2026-06-21 10:33:34 - __main__ - INFO - Train: loss 0.6014 acc1 81.52%
2026-06-21 10:33:34 - __main__ - INFO - Val:   loss 1.4871 acc1 63.12%
2026-06-21 10:33:34 - __main__ - INFO - saved best: 63.12%
2026-06-21 10:33:34 - __main__ - INFO - 
Epoch 52/100 | lr 0.052484
2026-06-21 10:33:43 - __main__ - INFO - Train: loss 0.5830 acc1 82.09%
2026-06-21 10:33:43 - __main__ - INFO - Val:   loss 1.5771 acc1 61.65%
2026-06-21 10:33:43 - __main__ - INFO - 
Epoch 53/100 | lr 0.050832
2026-06-21 10:33:52 - __main__ - INFO - Train: loss 0.5633 acc1 82.49%
2026-06-21 10:33:52 - __main__ - INFO - Val:   loss 1.4218 acc1 64.38%
2026-06-21 10:33:52 - __main__ - INFO - saved best: 64.38%
2026-06-21 10:33:52 - __main__ - INFO - 
Epoch 54/100 | lr 0.049178
2026-06-21 10:34:01 - __main__ - INFO - Train: loss 0.5329 acc1 83.49%
2026-06-21 10:34:01 - __main__ - INFO - Val:   loss 1.3955 acc1 64.79%
2026-06-21 10:34:01 - __main__ - INFO - saved best: 64.79%
2026-06-21 10:34:01 - __main__ - INFO - 
Epoch 55/100 | lr 0.047526
2026-06-21 10:34:11 - __main__ - INFO - Train: loss 0.5208 acc1 83.74%
2026-06-21 10:34:11 - __main__ - INFO - Val:   loss 1.3953 acc1 65.07%
2026-06-21 10:34:11 - __main__ - INFO - saved best: 65.07%
2026-06-21 10:34:11 - __main__ - INFO - 
Epoch 56/100 | lr 0.045876
2026-06-21 10:34:20 - __main__ - INFO - Train: loss 0.4785 acc1 85.28%
2026-06-21 10:34:20 - __main__ - INFO - Val:   loss 1.4137 acc1 64.19%
2026-06-21 10:34:20 - __main__ - INFO - 
Epoch 57/100 | lr 0.044231
2026-06-21 10:34:29 - __main__ - INFO - Train: loss 0.4722 acc1 85.42%
2026-06-21 10:34:29 - __main__ - INFO - Val:   loss 1.4924 acc1 64.12%
2026-06-21 10:34:29 - __main__ - INFO - 
Epoch 58/100 | lr 0.042593
2026-06-21 10:34:38 - __main__ - INFO - Train: loss 0.4388 acc1 86.47%
2026-06-21 10:34:38 - __main__ - INFO - Val:   loss 1.4341 acc1 64.47%
2026-06-21 10:34:38 - __main__ - INFO - 
Epoch 59/100 | lr 0.040962
2026-06-21 10:34:48 - __main__ - INFO - Train: loss 0.4114 acc1 87.15%
2026-06-21 10:34:48 - __main__ - INFO - Val:   loss 1.4687 acc1 64.38%
2026-06-21 10:34:48 - __main__ - INFO - 
Epoch 60/100 | lr 0.039341
2026-06-21 10:34:57 - __main__ - INFO - Train: loss 0.3857 acc1 88.19%
2026-06-21 10:34:57 - __main__ - INFO - Val:   loss 1.3213 acc1 66.64%
2026-06-21 10:34:57 - __main__ - INFO - saved best: 66.64%
2026-06-21 10:34:57 - __main__ - INFO - 
Epoch 61/100 | lr 0.037732
2026-06-21 10:35:06 - __main__ - INFO - Train: loss 0.3560 acc1 88.97%
2026-06-21 10:35:06 - __main__ - INFO - Val:   loss 1.4225 acc1 65.04%
2026-06-21 10:35:06 - __main__ - INFO - 
Epoch 62/100 | lr 0.036136
2026-06-21 10:35:15 - __main__ - INFO - Train: loss 0.3524 acc1 89.15%
2026-06-21 10:35:15 - __main__ - INFO - Val:   loss 1.4731 acc1 64.02%
2026-06-21 10:35:15 - __main__ - INFO - 
Epoch 63/100 | lr 0.034556
2026-06-21 10:35:24 - __main__ - INFO - Train: loss 0.3199 acc1 90.09%
2026-06-21 10:35:24 - __main__ - INFO - Val:   loss 1.3937 acc1 66.66%
2026-06-21 10:35:24 - __main__ - INFO - saved best: 66.66%
2026-06-21 10:35:24 - __main__ - INFO - 
Epoch 64/100 | lr 0.032992
2026-06-21 10:35:34 - __main__ - INFO - Train: loss 0.3039 acc1 90.80%
2026-06-21 10:35:34 - __main__ - INFO - Val:   loss 1.4129 acc1 66.32%
2026-06-21 10:35:34 - __main__ - INFO - 
Epoch 65/100 | lr 0.031447
2026-06-21 10:35:43 - __main__ - INFO - Train: loss 0.2724 acc1 91.57%
2026-06-21 10:35:43 - __main__ - INFO - Val:   loss 1.3129 acc1 68.22%
2026-06-21 10:35:43 - __main__ - INFO - saved best: 68.22%
2026-06-21 10:35:43 - __main__ - INFO - 
Epoch 66/100 | lr 0.029922
2026-06-21 10:35:52 - __main__ - INFO - Train: loss 0.2379 acc1 92.79%
2026-06-21 10:35:52 - __main__ - INFO - Val:   loss 1.2707 acc1 68.88%
2026-06-21 10:35:52 - __main__ - INFO - saved best: 68.88%
2026-06-21 10:35:52 - __main__ - INFO - 
Epoch 67/100 | lr 0.028419
2026-06-21 10:36:01 - __main__ - INFO - Train: loss 0.2211 acc1 93.48%
2026-06-21 10:36:01 - __main__ - INFO - Val:   loss 1.3676 acc1 67.68%
2026-06-21 10:36:01 - __main__ - INFO - 
Epoch 68/100 | lr 0.026940
2026-06-21 10:36:11 - __main__ - INFO - Train: loss 0.1934 acc1 94.35%
2026-06-21 10:36:11 - __main__ - INFO - Val:   loss 1.2800 acc1 70.00%
2026-06-21 10:36:11 - __main__ - INFO - saved best: 70.00%
2026-06-21 10:36:11 - __main__ - INFO - 
Epoch 69/100 | lr 0.025486
2026-06-21 10:36:20 - __main__ - INFO - Train: loss 0.1753 acc1 94.99%
2026-06-21 10:36:20 - __main__ - INFO - Val:   loss 1.2946 acc1 68.98%
2026-06-21 10:36:20 - __main__ - INFO - 
Epoch 70/100 | lr 0.024059
2026-06-21 10:36:29 - __main__ - INFO - Train: loss 0.1523 acc1 95.80%
2026-06-21 10:36:29 - __main__ - INFO - Val:   loss 1.2207 acc1 70.54%
2026-06-21 10:36:29 - __main__ - INFO - saved best: 70.54%
2026-06-21 10:36:29 - __main__ - INFO - 
Epoch 71/100 | lr 0.022660
2026-06-21 10:36:38 - __main__ - INFO - Train: loss 0.1173 acc1 96.97%
2026-06-21 10:36:38 - __main__ - INFO - Val:   loss 1.2058 acc1 71.02%
2026-06-21 10:36:38 - __main__ - INFO - saved best: 71.02%
2026-06-21 10:36:38 - __main__ - INFO - 
Epoch 72/100 | lr 0.021291
2026-06-21 10:36:48 - __main__ - INFO - Train: loss 0.1117 acc1 97.06%
2026-06-21 10:36:48 - __main__ - INFO - Val:   loss 1.1316 acc1 72.60%
2026-06-21 10:36:48 - __main__ - INFO - saved best: 72.60%
2026-06-21 10:36:48 - __main__ - INFO - 
Epoch 73/100 | lr 0.019954
2026-06-21 10:36:57 - __main__ - INFO - Train: loss 0.0897 acc1 97.77%
2026-06-21 10:36:57 - __main__ - INFO - Val:   loss 1.1500 acc1 71.87%
2026-06-21 10:36:57 - __main__ - INFO - 
Epoch 74/100 | lr 0.018649
2026-06-21 10:37:06 - __main__ - INFO - Train: loss 0.0743 acc1 98.35%
2026-06-21 10:37:06 - __main__ - INFO - Val:   loss 1.1351 acc1 72.78%
2026-06-21 10:37:06 - __main__ - INFO - saved best: 72.78%
2026-06-21 10:37:06 - __main__ - INFO - 
Epoch 75/100 | lr 0.017379
2026-06-21 10:37:15 - __main__ - INFO - Train: loss 0.0558 acc1 98.84%
2026-06-21 10:37:15 - __main__ - INFO - Val:   loss 1.0977 acc1 73.32%
2026-06-21 10:37:15 - __main__ - INFO - saved best: 73.32%
2026-06-21 10:37:15 - __main__ - INFO - 
Epoch 76/100 | lr 0.016144
2026-06-21 10:37:25 - __main__ - INFO - Train: loss 0.0458 acc1 99.20%
2026-06-21 10:37:25 - __main__ - INFO - Val:   loss 1.0430 acc1 74.94%
2026-06-21 10:37:25 - __main__ - INFO - saved best: 74.94%
2026-06-21 10:37:25 - __main__ - INFO - 
Epoch 77/100 | lr 0.014947
2026-06-21 10:37:34 - __main__ - INFO - Train: loss 0.0341 acc1 99.53%
2026-06-21 10:37:34 - __main__ - INFO - Val:   loss 1.0226 acc1 75.27%
2026-06-21 10:37:34 - __main__ - INFO - saved best: 75.27%
2026-06-21 10:37:34 - __main__ - INFO - 
Epoch 78/100 | lr 0.013787
2026-06-21 10:37:43 - __main__ - INFO - Train: loss 0.0291 acc1 99.61%
2026-06-21 10:37:43 - __main__ - INFO - Val:   loss 1.0300 acc1 75.39%
2026-06-21 10:37:43 - __main__ - INFO - saved best: 75.39%
2026-06-21 10:37:43 - __main__ - INFO - 
Epoch 79/100 | lr 0.012668
2026-06-21 10:37:52 - __main__ - INFO - Train: loss 0.0246 acc1 99.72%
2026-06-21 10:37:52 - __main__ - INFO - Val:   loss 1.0031 acc1 75.72%
2026-06-21 10:37:52 - __main__ - INFO - saved best: 75.72%
2026-06-21 10:37:52 - __main__ - INFO - 
Epoch 80/100 | lr 0.011589
2026-06-21 10:38:02 - __main__ - INFO - Train: loss 0.0210 acc1 99.77%
2026-06-21 10:38:02 - __main__ - INFO - Val:   loss 0.9629 acc1 76.13%
2026-06-21 10:38:02 - __main__ - INFO - saved best: 76.13%
2026-06-21 10:38:02 - __main__ - INFO - 
Epoch 81/100 | lr 0.010552
2026-06-21 10:38:11 - __main__ - INFO - Train: loss 0.0172 acc1 99.85%
2026-06-21 10:38:11 - __main__ - INFO - Val:   loss 0.9627 acc1 76.10%
2026-06-21 10:38:11 - __main__ - INFO - 
Epoch 82/100 | lr 0.009558
2026-06-21 10:38:20 - __main__ - INFO - Train: loss 0.0158 acc1 99.90%
2026-06-21 10:38:20 - __main__ - INFO - Val:   loss 0.9493 acc1 76.22%
2026-06-21 10:38:20 - __main__ - INFO - saved best: 76.22%
2026-06-21 10:38:20 - __main__ - INFO - 
Epoch 83/100 | lr 0.008609
2026-06-21 10:38:29 - __main__ - INFO - Train: loss 0.0156 acc1 99.88%
2026-06-21 10:38:29 - __main__ - INFO - Val:   loss 0.9506 acc1 76.49%
2026-06-21 10:38:29 - __main__ - INFO - saved best: 76.49%
2026-06-21 10:38:29 - __main__ - INFO - 
Epoch 84/100 | lr 0.007704
2026-06-21 10:38:39 - __main__ - INFO - Train: loss 0.0144 acc1 99.92%
2026-06-21 10:38:39 - __main__ - INFO - Val:   loss 0.9365 acc1 76.45%
2026-06-21 10:38:39 - __main__ - INFO - 
Epoch 85/100 | lr 0.006846
2026-06-21 10:38:48 - __main__ - INFO - Train: loss 0.0131 acc1 99.92%
2026-06-21 10:38:48 - __main__ - INFO - Val:   loss 0.9346 acc1 76.54%
2026-06-21 10:38:48 - __main__ - INFO - saved best: 76.54%
2026-06-21 10:38:48 - __main__ - INFO - 
Epoch 86/100 | lr 0.006036
2026-06-21 10:38:57 - __main__ - INFO - Train: loss 0.0129 acc1 99.94%
2026-06-21 10:38:57 - __main__ - INFO - Val:   loss 0.9337 acc1 76.68%
2026-06-21 10:38:57 - __main__ - INFO - saved best: 76.68%
2026-06-21 10:38:57 - __main__ - INFO - 
Epoch 87/100 | lr 0.005273
2026-06-21 10:39:07 - __main__ - INFO - Train: loss 0.0121 acc1 99.93%
2026-06-21 10:39:07 - __main__ - INFO - Val:   loss 0.9274 acc1 76.49%
2026-06-21 10:39:07 - __main__ - INFO - 
Epoch 88/100 | lr 0.004559
2026-06-21 10:39:16 - __main__ - INFO - Train: loss 0.0118 acc1 99.96%
2026-06-21 10:39:16 - __main__ - INFO - Val:   loss 0.9219 acc1 76.54%
2026-06-21 10:39:16 - __main__ - INFO - 
Epoch 89/100 | lr 0.003895
2026-06-21 10:39:25 - __main__ - INFO - Train: loss 0.0113 acc1 99.95%
2026-06-21 10:39:25 - __main__ - INFO - Val:   loss 0.9176 acc1 76.69%
2026-06-21 10:39:25 - __main__ - INFO - saved best: 76.69%
2026-06-21 10:39:25 - __main__ - INFO - 
Epoch 90/100 | lr 0.003281
2026-06-21 10:39:34 - __main__ - INFO - Train: loss 0.0110 acc1 99.97%
2026-06-21 10:39:35 - __main__ - INFO - Val:   loss 0.9210 acc1 77.20%
2026-06-21 10:39:35 - __main__ - INFO - saved best: 77.20%
2026-06-21 10:39:35 - __main__ - INFO - 
Epoch 91/100 | lr 0.002719
2026-06-21 10:39:44 - __main__ - INFO - Train: loss 0.0110 acc1 99.96%
2026-06-21 10:39:44 - __main__ - INFO - Val:   loss 0.9158 acc1 77.08%
2026-06-21 10:39:44 - __main__ - INFO - 
Epoch 92/100 | lr 0.002208
2026-06-21 10:39:53 - __main__ - INFO - Train: loss 0.0112 acc1 99.96%
2026-06-21 10:39:53 - __main__ - INFO - Val:   loss 0.9111 acc1 77.04%
2026-06-21 10:39:53 - __main__ - INFO - 
Epoch 93/100 | lr 0.001749
2026-06-21 10:40:02 - __main__ - INFO - Train: loss 0.0107 acc1 99.98%
2026-06-21 10:40:02 - __main__ - INFO - Val:   loss 0.9120 acc1 77.11%
2026-06-21 10:40:02 - __main__ - INFO - 
Epoch 94/100 | lr 0.001344
2026-06-21 10:40:12 - __main__ - INFO - Train: loss 0.0107 acc1 99.97%
2026-06-21 10:40:12 - __main__ - INFO - Val:   loss 0.9139 acc1 77.03%
2026-06-21 10:40:12 - __main__ - INFO - 
Epoch 95/100 | lr 0.000991
2026-06-21 10:40:21 - __main__ - INFO - Train: loss 0.0106 acc1 99.97%
2026-06-21 10:40:21 - __main__ - INFO - Val:   loss 0.9096 acc1 77.05%
2026-06-21 10:40:21 - __main__ - INFO - 
Epoch 96/100 | lr 0.000692
2026-06-21 10:40:30 - __main__ - INFO - Train: loss 0.0104 acc1 99.97%
2026-06-21 10:40:30 - __main__ - INFO - Val:   loss 0.9132 acc1 76.91%
2026-06-21 10:40:30 - __main__ - INFO - 
Epoch 97/100 | lr 0.000447
2026-06-21 10:40:39 - __main__ - INFO - Train: loss 0.0103 acc1 99.96%
2026-06-21 10:40:39 - __main__ - INFO - Val:   loss 0.9120 acc1 77.10%
2026-06-21 10:40:39 - __main__ - INFO - 
Epoch 98/100 | lr 0.000256
2026-06-21 10:40:49 - __main__ - INFO - Train: loss 0.0104 acc1 99.97%
2026-06-21 10:40:49 - __main__ - INFO - Val:   loss 0.9109 acc1 77.10%
2026-06-21 10:40:49 - __main__ - INFO - 
Epoch 99/100 | lr 0.000119
2026-06-21 10:40:58 - __main__ - INFO - Train: loss 0.0105 acc1 99.96%
2026-06-21 10:40:58 - __main__ - INFO - Val:   loss 0.9109 acc1 77.06%
2026-06-21 10:40:58 - __main__ - INFO - 
Epoch 100/100 | lr 0.000037
2026-06-21 10:41:07 - __main__ - INFO - Train: loss 0.0105 acc1 99.97%
2026-06-21 10:41:07 - __main__ - INFO - Val:   loss 0.9127 acc1 77.14%
2026-06-21 10:41:07 - __main__ - INFO - Loaded best checkpoint weights for final test evaluation.
2026-06-21 10:41:08 - __main__ - INFO - 
Best tracked (val): 77.20%
2026-06-21 10:41:08 - __main__ - INFO - Final test: loss 0.9238 acc1 76.52%
2026-06-21 10:41:09 - __main__ - INFO - Saved best model checkpoint to runs/cifar100_colab/42/resnet18_seed42_none/best_model.pt
