2026-06-09 23:50:25 - __main__ - INFO - Run parameters: {"adamw_betas": [0.9, 0.999], "adamw_eps": 1e-08, "amp": true, "batch_size": 64, "cam_layer": "auto", "cutout_area": null, "cutout_m": 0, "cutout_mode": "none", "cutout_size": 0, "data_dir": "./data", "dataset": "drive_zip", "epochs": 60, "gamma": 0.1, "grayscale": true, "include_regex": "_grayscale\\.tiff$", "label_smoothing": 0.0, "log_every": 100, "lr": 0.1, "milestones": "60,80", "min_lr": 1e-05, "model": "resnet18", "momentum": 0.9, "nesterov": false, "num_workers": 0, "optimizer": "sgd", "out_dir": "runs/drive_zip/42", "run_name": "resnet18_seed42_none", "saliency_candidate_percent": 10.0, "scheduler": "cosine", "seed": 42, "teacher_checkpoint": "", "teacher_model": "", "val_split": 0.1, "warmup_epochs": 5, "weight_decay": 0.0005}
2026-06-09 23:50:26 - __main__ - INFO - device: cuda | cuda: True | gpu: NVIDIA L4
2026-06-09 23:52:16 - __main__ - INFO - Model: resnet18 | Dataset: drive_zip | Classes: 17 | Optimizer: sgd
2026-06-09 23:52:16 - __main__ - INFO - 
Epoch 1/60 | lr 0.000100
2026-06-09 23:53:22 - __main__ - INFO - Train: loss 2.7588 acc1 11.22%
2026-06-09 23:53:22 - __main__ - INFO - Val:   loss 2.7557 acc1 11.71%
2026-06-09 23:53:22 - __main__ - INFO - saved best: 11.71%
2026-06-09 23:53:22 - __main__ - INFO - 
Epoch 2/60 | lr 0.020080
2026-06-09 23:54:22 - __main__ - INFO - Train: loss 2.2932 acc1 25.99%
2026-06-09 23:54:22 - __main__ - INFO - Val:   loss 2.6840 acc1 27.12%
2026-06-09 23:54:22 - __main__ - INFO - saved best: 27.12%
2026-06-09 23:54:22 - __main__ - INFO - 
Epoch 3/60 | lr 0.040060
2026-06-09 23:55:22 - __main__ - INFO - Train: loss 2.0359 acc1 31.92%
2026-06-09 23:55:22 - __main__ - INFO - Val:   loss 1.9411 acc1 36.63%
2026-06-09 23:55:22 - __main__ - INFO - saved best: 36.63%
2026-06-09 23:55:22 - __main__ - INFO - 
Epoch 4/60 | lr 0.060040
2026-06-09 23:56:22 - __main__ - INFO - Train: loss 1.9311 acc1 33.86%
2026-06-09 23:56:22 - __main__ - INFO - Val:   loss 1.9449 acc1 34.94%
2026-06-09 23:56:22 - __main__ - INFO - 
Epoch 5/60 | lr 0.080020
2026-06-09 23:57:22 - __main__ - INFO - Train: loss 1.8648 acc1 36.00%
2026-06-09 23:57:22 - __main__ - INFO - Val:   loss 2.2581 acc1 31.33%
2026-06-09 23:57:22 - __main__ - INFO - 
Epoch 6/60 | lr 0.100000
2026-06-09 23:58:22 - __main__ - INFO - Train: loss 1.8457 acc1 36.64%
2026-06-09 23:58:22 - __main__ - INFO - Val:   loss 1.7603 acc1 40.85%
2026-06-09 23:58:22 - __main__ - INFO - saved best: 40.85%
2026-06-09 23:58:22 - __main__ - INFO - 
Epoch 7/60 | lr 0.099918
2026-06-09 23:59:22 - __main__ - INFO - Train: loss 1.7886 acc1 38.46%
2026-06-09 23:59:22 - __main__ - INFO - Val:   loss 1.7643 acc1 37.33%
2026-06-09 23:59:22 - __main__ - INFO - 
Epoch 8/60 | lr 0.099674
2026-06-10 00:00:22 - __main__ - INFO - Train: loss 1.7591 acc1 38.82%
2026-06-10 00:00:22 - __main__ - INFO - Val:   loss 1.8057 acc1 39.21%
2026-06-10 00:00:22 - __main__ - INFO - 
Epoch 9/60 | lr 0.099268
2026-06-10 00:01:22 - __main__ - INFO - Train: loss 1.7443 acc1 39.63%
2026-06-10 00:01:22 - __main__ - INFO - Val:   loss 1.7274 acc1 39.46%
2026-06-10 00:01:22 - __main__ - INFO - 
Epoch 10/60 | lr 0.098701
2026-06-10 00:02:22 - __main__ - INFO - Train: loss 1.7195 acc1 40.10%
2026-06-10 00:02:22 - __main__ - INFO - Val:   loss 1.7334 acc1 39.78%
2026-06-10 00:02:22 - __main__ - INFO - 
Epoch 11/60 | lr 0.097975
2026-06-10 00:03:22 - __main__ - INFO - Train: loss 1.7100 acc1 40.49%
2026-06-10 00:03:22 - __main__ - INFO - Val:   loss 1.7853 acc1 38.74%
2026-06-10 00:03:22 - __main__ - INFO - 
Epoch 12/60 | lr 0.097093
2026-06-10 00:04:21 - __main__ - INFO - Train: loss 1.6987 acc1 40.86%
2026-06-10 00:04:21 - __main__ - INFO - Val:   loss 1.6603 acc1 41.95%
2026-06-10 00:04:21 - __main__ - INFO - saved best: 41.95%
2026-06-10 00:04:21 - __main__ - INFO - 
Epoch 13/60 | lr 0.096057
2026-06-10 00:05:21 - __main__ - INFO - Train: loss 1.6805 acc1 41.46%
2026-06-10 00:05:21 - __main__ - INFO - Val:   loss 1.8530 acc1 38.57%
2026-06-10 00:05:21 - __main__ - INFO - 
Epoch 14/60 | lr 0.094870
2026-06-10 00:06:21 - __main__ - INFO - Train: loss 1.6644 acc1 42.81%
2026-06-10 00:06:21 - __main__ - INFO - Val:   loss 1.7764 acc1 37.50%
2026-06-10 00:06:21 - __main__ - INFO - 
Epoch 15/60 | lr 0.093538
2026-06-10 00:07:20 - __main__ - INFO - Train: loss 1.6567 acc1 42.26%
2026-06-10 00:07:20 - __main__ - INFO - Val:   loss 2.0198 acc1 35.05%
2026-06-10 00:07:20 - __main__ - INFO - 
Epoch 16/60 | lr 0.092063
2026-06-10 00:08:21 - __main__ - INFO - Train: loss 1.6488 acc1 42.30%
2026-06-10 00:08:21 - __main__ - INFO - Val:   loss 1.9998 acc1 31.98%
2026-06-10 00:08:21 - __main__ - INFO - 
Epoch 17/60 | lr 0.090452
2026-06-10 00:09:21 - __main__ - INFO - Train: loss 1.6274 acc1 43.54%
2026-06-10 00:09:21 - __main__ - INFO - Val:   loss 1.8860 acc1 37.29%
2026-06-10 00:09:21 - __main__ - INFO - 
Epoch 18/60 | lr 0.088708
2026-06-10 00:10:20 - __main__ - INFO - Train: loss 1.6200 acc1 43.76%
2026-06-10 00:10:20 - __main__ - INFO - Val:   loss 1.7855 acc1 42.24%
2026-06-10 00:10:20 - __main__ - INFO - saved best: 42.24%
2026-06-10 00:10:20 - __main__ - INFO - 
Epoch 19/60 | lr 0.086838
2026-06-10 00:11:20 - __main__ - INFO - Train: loss 1.6277 acc1 43.85%
2026-06-10 00:11:20 - __main__ - INFO - Val:   loss 1.7836 acc1 41.15%
2026-06-10 00:11:20 - __main__ - INFO - 
Epoch 20/60 | lr 0.084848
2026-06-10 00:12:19 - __main__ - INFO - Train: loss 1.5939 acc1 45.00%
2026-06-10 00:12:19 - __main__ - INFO - Val:   loss 1.7874 acc1 40.07%
2026-06-10 00:12:19 - __main__ - INFO - 
Epoch 21/60 | lr 0.082745
2026-06-10 00:13:19 - __main__ - INFO - Train: loss 1.5829 acc1 45.07%
2026-06-10 00:13:19 - __main__ - INFO - Val:   loss 1.6695 acc1 44.10%
2026-06-10 00:13:19 - __main__ - INFO - saved best: 44.10%
2026-06-10 00:13:19 - __main__ - INFO - 
Epoch 22/60 | lr 0.080534
2026-06-10 00:14:19 - __main__ - INFO - Train: loss 1.5955 acc1 45.12%
2026-06-10 00:14:19 - __main__ - INFO - Val:   loss 2.0076 acc1 37.03%
2026-06-10 00:14:19 - __main__ - INFO - 
Epoch 23/60 | lr 0.078224
2026-06-10 00:15:20 - __main__ - INFO - Train: loss 1.5735 acc1 45.41%
2026-06-10 00:15:20 - __main__ - INFO - Val:   loss 1.6849 acc1 42.79%
2026-06-10 00:15:20 - __main__ - INFO - 
Epoch 24/60 | lr 0.075822
2026-06-10 00:16:20 - __main__ - INFO - Train: loss 1.5654 acc1 45.86%
2026-06-10 00:16:20 - __main__ - INFO - Val:   loss 1.9361 acc1 35.91%
2026-06-10 00:16:20 - __main__ - INFO - 
Epoch 25/60 | lr 0.073336
2026-06-10 00:17:20 - __main__ - INFO - Train: loss 1.5584 acc1 46.02%
2026-06-10 00:17:20 - __main__ - INFO - Val:   loss 2.2356 acc1 29.82%
2026-06-10 00:17:20 - __main__ - INFO - 
Epoch 26/60 | lr 0.070774
2026-06-10 00:18:20 - __main__ - INFO - Train: loss 1.5366 acc1 46.83%
2026-06-10 00:18:20 - __main__ - INFO - Val:   loss 1.8256 acc1 39.64%
2026-06-10 00:18:20 - __main__ - INFO - 
Epoch 27/60 | lr 0.068144
2026-06-10 00:19:20 - __main__ - INFO - Train: loss 1.5423 acc1 47.24%
2026-06-10 00:19:20 - __main__ - INFO - Val:   loss 1.8655 acc1 39.33%
2026-06-10 00:19:20 - __main__ - INFO - 
Epoch 28/60 | lr 0.065454
2026-06-10 00:20:20 - __main__ - INFO - Train: loss 1.5183 acc1 47.56%
2026-06-10 00:20:20 - __main__ - INFO - Val:   loss 1.7656 acc1 40.01%
2026-06-10 00:20:20 - __main__ - INFO - 
Epoch 29/60 | lr 0.062715
2026-06-10 00:21:20 - __main__ - INFO - Train: loss 1.5107 acc1 48.14%
2026-06-10 00:21:20 - __main__ - INFO - Val:   loss 2.2951 acc1 29.44%
2026-06-10 00:21:20 - __main__ - INFO - 
Epoch 30/60 | lr 0.059934
2026-06-10 00:22:20 - __main__ - INFO - Train: loss 1.5014 acc1 48.10%
2026-06-10 00:22:20 - __main__ - INFO - Val:   loss 1.8895 acc1 37.68%
2026-06-10 00:22:20 - __main__ - INFO - 
Epoch 31/60 | lr 0.057120
2026-06-10 00:23:20 - __main__ - INFO - Train: loss 1.4815 acc1 48.19%
2026-06-10 00:23:20 - __main__ - INFO - Val:   loss 1.8063 acc1 42.68%
2026-06-10 00:23:20 - __main__ - INFO - 
Epoch 32/60 | lr 0.054283
2026-06-10 00:24:20 - __main__ - INFO - Train: loss 1.4711 acc1 49.22%
2026-06-10 00:24:20 - __main__ - INFO - Val:   loss 1.7012 acc1 43.11%
2026-06-10 00:24:20 - __main__ - INFO - 
Epoch 33/60 | lr 0.051433
2026-06-10 00:25:20 - __main__ - INFO - Train: loss 1.4571 acc1 49.53%
2026-06-10 00:25:20 - __main__ - INFO - Val:   loss 1.4869 acc1 49.38%
2026-06-10 00:25:20 - __main__ - INFO - saved best: 49.38%
2026-06-10 00:25:20 - __main__ - INFO - 
Epoch 34/60 | lr 0.048577
2026-06-10 00:26:20 - __main__ - INFO - Train: loss 1.4511 acc1 49.46%
2026-06-10 00:26:20 - __main__ - INFO - Val:   loss 1.7215 acc1 42.41%
2026-06-10 00:26:20 - __main__ - INFO - 
Epoch 35/60 | lr 0.045727
2026-06-10 00:27:20 - __main__ - INFO - Train: loss 1.4270 acc1 50.92%
2026-06-10 00:27:20 - __main__ - INFO - Val:   loss 1.9461 acc1 39.40%
2026-06-10 00:27:20 - __main__ - INFO - 
Epoch 36/60 | lr 0.042890
2026-06-10 00:28:19 - __main__ - INFO - Train: loss 1.4085 acc1 51.28%
2026-06-10 00:28:19 - __main__ - INFO - Val:   loss 1.6396 acc1 46.98%
2026-06-10 00:28:19 - __main__ - INFO - 
Epoch 37/60 | lr 0.040076
2026-06-10 00:29:19 - __main__ - INFO - Train: loss 1.3803 acc1 52.33%
2026-06-10 00:29:19 - __main__ - INFO - Val:   loss 1.5216 acc1 50.01%
2026-06-10 00:29:19 - __main__ - INFO - saved best: 50.01%
2026-06-10 00:29:19 - __main__ - INFO - 
Epoch 38/60 | lr 0.037295
2026-06-10 00:30:19 - __main__ - INFO - Train: loss 1.3776 acc1 52.35%
2026-06-10 00:30:19 - __main__ - INFO - Val:   loss 1.8419 acc1 43.15%
2026-06-10 00:30:19 - __main__ - INFO - 
Epoch 39/60 | lr 0.034556
2026-06-10 00:31:19 - __main__ - INFO - Train: loss 1.3559 acc1 53.75%
2026-06-10 00:31:19 - __main__ - INFO - Val:   loss 1.9107 acc1 40.20%
2026-06-10 00:31:19 - __main__ - INFO - 
Epoch 40/60 | lr 0.031866
2026-06-10 00:32:19 - __main__ - INFO - Train: loss 1.3431 acc1 54.06%
2026-06-10 00:32:19 - __main__ - INFO - Val:   loss 1.9126 acc1 39.30%
2026-06-10 00:32:19 - __main__ - INFO - 
Epoch 41/60 | lr 0.029236
2026-06-10 00:33:18 - __main__ - INFO - Train: loss 1.3077 acc1 55.34%
2026-06-10 00:33:18 - __main__ - INFO - Val:   loss 1.7620 acc1 42.11%
2026-06-10 00:33:18 - __main__ - INFO - 
Epoch 42/60 | lr 0.026674
2026-06-10 00:34:18 - __main__ - INFO - Train: loss 1.2931 acc1 55.50%
2026-06-10 00:34:18 - __main__ - INFO - Val:   loss 1.8360 acc1 43.41%
2026-06-10 00:34:18 - __main__ - INFO - 
Epoch 43/60 | lr 0.024188
2026-06-10 00:35:18 - __main__ - INFO - Train: loss 1.2806 acc1 55.99%
2026-06-10 00:35:18 - __main__ - INFO - Val:   loss 1.7588 acc1 46.23%
2026-06-10 00:35:18 - __main__ - INFO - 
Epoch 44/60 | lr 0.021786
2026-06-10 00:36:18 - __main__ - INFO - Train: loss 1.2521 acc1 57.02%
2026-06-10 00:36:18 - __main__ - INFO - Val:   loss 2.0430 acc1 43.79%
2026-06-10 00:36:18 - __main__ - INFO - 
Epoch 45/60 | lr 0.019476
2026-06-10 00:37:17 - __main__ - INFO - Train: loss 1.2303 acc1 57.81%
2026-06-10 00:37:17 - __main__ - INFO - Val:   loss 1.7324 acc1 45.97%
2026-06-10 00:37:17 - __main__ - INFO - 
Epoch 46/60 | lr 0.017265
2026-06-10 00:38:17 - __main__ - INFO - Train: loss 1.2058 acc1 59.07%
2026-06-10 00:38:17 - __main__ - INFO - Val:   loss 1.4599 acc1 51.35%
2026-06-10 00:38:17 - __main__ - INFO - saved best: 51.35%
2026-06-10 00:38:17 - __main__ - INFO - 
Epoch 47/60 | lr 0.015162
2026-06-10 00:39:17 - __main__ - INFO - Train: loss 1.1684 acc1 59.95%
2026-06-10 00:39:17 - __main__ - INFO - Val:   loss 2.3901 acc1 31.19%
2026-06-10 00:39:17 - __main__ - INFO - 
Epoch 48/60 | lr 0.013172
2026-06-10 00:40:18 - __main__ - INFO - Train: loss 1.1439 acc1 60.81%
2026-06-10 00:40:18 - __main__ - INFO - Val:   loss 1.7293 acc1 48.64%
2026-06-10 00:40:18 - __main__ - INFO - 
Epoch 49/60 | lr 0.011302
2026-06-10 00:41:17 - __main__ - INFO - Train: loss 1.1133 acc1 62.18%
2026-06-10 00:41:17 - __main__ - INFO - Val:   loss 1.3960 acc1 54.90%
2026-06-10 00:41:17 - __main__ - INFO - saved best: 54.90%
2026-06-10 00:41:17 - __main__ - INFO - 
Epoch 50/60 | lr 0.009558
2026-06-10 00:42:16 - __main__ - INFO - Train: loss 1.0840 acc1 62.76%
2026-06-10 00:42:16 - __main__ - INFO - Val:   loss 1.5385 acc1 51.09%
2026-06-10 00:42:16 - __main__ - INFO - 
Epoch 51/60 | lr 0.007947
2026-06-10 00:43:15 - __main__ - INFO - Train: loss 1.0494 acc1 63.92%
2026-06-10 00:43:15 - __main__ - INFO - Val:   loss 1.3349 acc1 60.53%
2026-06-10 00:43:15 - __main__ - INFO - saved best: 60.53%
2026-06-10 00:43:15 - __main__ - INFO - 
Epoch 52/60 | lr 0.006472
2026-06-10 00:44:15 - __main__ - INFO - Train: loss 1.0255 acc1 65.02%
2026-06-10 00:44:15 - __main__ - INFO - Val:   loss 1.5292 acc1 52.94%
2026-06-10 00:44:15 - __main__ - INFO - 
Epoch 53/60 | lr 0.005140
2026-06-10 00:45:14 - __main__ - INFO - Train: loss 0.9948 acc1 65.90%
2026-06-10 00:45:14 - __main__ - INFO - Val:   loss 1.5046 acc1 54.70%
2026-06-10 00:45:14 - __main__ - INFO - 
Epoch 54/60 | lr 0.003953
2026-06-10 00:46:14 - __main__ - INFO - Train: loss 0.9684 acc1 67.00%
2026-06-10 00:46:14 - __main__ - INFO - Val:   loss 1.5279 acc1 52.85%
2026-06-10 00:46:14 - __main__ - INFO - 
Epoch 55/60 | lr 0.002917
2026-06-10 00:47:15 - __main__ - INFO - Train: loss 0.9456 acc1 67.39%
2026-06-10 00:47:15 - __main__ - INFO - Val:   loss 1.4174 acc1 57.00%
2026-06-10 00:47:15 - __main__ - INFO - 
Epoch 56/60 | lr 0.002035
2026-06-10 00:48:14 - __main__ - INFO - Train: loss 0.9309 acc1 67.99%
2026-06-10 00:48:14 - __main__ - INFO - Val:   loss 1.3451 acc1 60.34%
2026-06-10 00:48:14 - __main__ - INFO - 
Epoch 57/60 | lr 0.001309
2026-06-10 00:49:14 - __main__ - INFO - Train: loss 0.8928 acc1 69.45%
2026-06-10 00:49:14 - __main__ - INFO - Val:   loss 1.4264 acc1 56.87%
2026-06-10 00:49:14 - __main__ - INFO - 
Epoch 58/60 | lr 0.000742
2026-06-10 00:50:15 - __main__ - INFO - Train: loss 0.8734 acc1 70.20%
2026-06-10 00:50:15 - __main__ - INFO - Val:   loss 1.4276 acc1 57.29%
2026-06-10 00:50:15 - __main__ - INFO - 
Epoch 59/60 | lr 0.000336
2026-06-10 00:51:15 - __main__ - INFO - Train: loss 0.8824 acc1 69.81%
2026-06-10 00:51:15 - __main__ - INFO - Val:   loss 1.3891 acc1 58.06%
2026-06-10 00:51:15 - __main__ - INFO - 
Epoch 60/60 | lr 0.000092
2026-06-10 00:52:15 - __main__ - INFO - Train: loss 0.8677 acc1 70.52%
2026-06-10 00:52:15 - __main__ - INFO - Val:   loss 1.4578 acc1 56.37%
2026-06-10 00:52:15 - __main__ - INFO - Loaded best checkpoint weights for final test evaluation.
2026-06-10 00:52:20 - __main__ - INFO - 
Best tracked (val): 60.53%
2026-06-10 00:52:20 - __main__ - INFO - Final test: loss 1.4388 acc1 57.66%
2026-06-10 00:52:20 - __main__ - INFO - Saved best model checkpoint to runs/drive_zip/42/resnet18_seed42_none/best_model.pt
