2026-06-17 16:17:35 - __main__ - INFO - Run parameters: {"adamw_betas": [0.9, 0.999], "adamw_eps": 1e-08, "amp": true, "batch_size": 64, "cam_layer": "auto", "cutout_area": null, "cutout_m": 0, "cutout_mode": "none", "cutout_size": 0, "data_dir": "./data", "dataset": "drive_zip", "epochs": 100, "gamma": 0.1, "grayscale": true, "include_regex": "_grayscale\\.tiff$", "label_smoothing": 0.0, "log_every": 100, "lr": 0.1, "milestones": "60,80", "min_lr": 1e-05, "model": "resnet18", "momentum": 0.9, "nesterov": false, "num_workers": 4, "optimizer": "sgd", "out_dir": "runs/drive_zip/42", "run_name": "resnet18_seed42_none", "saliency_candidate_percent": 10.0, "scheduler": "cosine", "seed": 42, "teacher_checkpoint": "", "teacher_model": "", "val_split": 0.1, "warmup_epochs": 5, "weight_decay": 0.0005}
2026-06-17 16:17:36 - __main__ - INFO - device: cuda | cuda: True | gpu: NVIDIA L4
2026-06-17 16:19:27 - __main__ - INFO - Model: resnet18 | Dataset: drive_zip | Classes: 17 | Optimizer: sgd
2026-06-17 16:19:27 - __main__ - INFO - 
Epoch 1/100 | lr 0.000100
2026-06-17 16:19:48 - __main__ - INFO - Train: loss 2.7859 acc1 10.34%
2026-06-17 16:19:48 - __main__ - INFO - Val:   loss 2.7714 acc1 8.19%
2026-06-17 16:19:48 - __main__ - INFO - saved best: 8.19%
2026-06-17 16:19:48 - __main__ - INFO - 
Epoch 2/100 | lr 0.020080
2026-06-17 16:20:06 - __main__ - INFO - Train: loss 2.3166 acc1 25.31%
2026-06-17 16:20:06 - __main__ - INFO - Val:   loss 2.2904 acc1 33.11%
2026-06-17 16:20:06 - __main__ - INFO - saved best: 33.11%
2026-06-17 16:20:06 - __main__ - INFO - 
Epoch 3/100 | lr 0.040060
2026-06-17 16:20:24 - __main__ - INFO - Train: loss 2.0587 acc1 31.02%
2026-06-17 16:20:24 - __main__ - INFO - Val:   loss 2.2507 acc1 25.61%
2026-06-17 16:20:24 - __main__ - INFO - 
Epoch 4/100 | lr 0.060040
2026-06-17 16:20:41 - __main__ - INFO - Train: loss 1.9407 acc1 33.60%
2026-06-17 16:20:41 - __main__ - INFO - Val:   loss 1.8539 acc1 36.95%
2026-06-17 16:20:41 - __main__ - INFO - saved best: 36.95%
2026-06-17 16:20:41 - __main__ - INFO - 
Epoch 5/100 | lr 0.080020
2026-06-17 16:21:00 - __main__ - INFO - Train: loss 1.8678 acc1 35.57%
2026-06-17 16:21:00 - __main__ - INFO - Val:   loss 2.2180 acc1 32.43%
2026-06-17 16:21:00 - __main__ - INFO - 
Epoch 6/100 | lr 0.100000
2026-06-17 16:21:18 - __main__ - INFO - Train: loss 1.8392 acc1 36.41%
2026-06-17 16:21:18 - __main__ - INFO - Val:   loss 2.3189 acc1 26.15%
2026-06-17 16:21:18 - __main__ - INFO - 
Epoch 7/100 | lr 0.099973
2026-06-17 16:21:35 - __main__ - INFO - Train: loss 1.7867 acc1 38.29%
2026-06-17 16:21:35 - __main__ - INFO - Val:   loss 2.1544 acc1 29.67%
2026-06-17 16:21:35 - __main__ - INFO - 
Epoch 8/100 | lr 0.099891
2026-06-17 16:21:53 - __main__ - INFO - Train: loss 1.7658 acc1 38.50%
2026-06-17 16:21:53 - __main__ - INFO - Val:   loss 1.8931 acc1 35.31%
2026-06-17 16:21:53 - __main__ - INFO - 
Epoch 9/100 | lr 0.099754
2026-06-17 16:22:10 - __main__ - INFO - Train: loss 1.7406 acc1 39.59%
2026-06-17 16:22:10 - __main__ - INFO - Val:   loss 1.8062 acc1 37.95%
2026-06-17 16:22:10 - __main__ - INFO - saved best: 37.95%
2026-06-17 16:22:10 - __main__ - INFO - 
Epoch 10/100 | lr 0.099563
2026-06-17 16:22:27 - __main__ - INFO - Train: loss 1.7330 acc1 39.68%
2026-06-17 16:22:27 - __main__ - INFO - Val:   loss 2.2261 acc1 27.86%
2026-06-17 16:22:27 - __main__ - INFO - 
Epoch 11/100 | lr 0.099318
2026-06-17 16:22:44 - __main__ - INFO - Train: loss 1.7099 acc1 40.54%
2026-06-17 16:22:44 - __main__ - INFO - Val:   loss 1.9121 acc1 35.40%
2026-06-17 16:22:44 - __main__ - INFO - 
Epoch 12/100 | lr 0.099019
2026-06-17 16:23:02 - __main__ - INFO - Train: loss 1.6987 acc1 40.69%
2026-06-17 16:23:02 - __main__ - INFO - Val:   loss 1.7846 acc1 38.27%
2026-06-17 16:23:02 - __main__ - INFO - saved best: 38.27%
2026-06-17 16:23:02 - __main__ - INFO - 
Epoch 13/100 | lr 0.098666
2026-06-17 16:23:18 - __main__ - INFO - Train: loss 1.6740 acc1 41.88%
2026-06-17 16:23:18 - __main__ - INFO - Val:   loss 2.4918 acc1 24.45%
2026-06-17 16:23:18 - __main__ - INFO - 
Epoch 14/100 | lr 0.098261
2026-06-17 16:23:35 - __main__ - INFO - Train: loss 1.6559 acc1 42.01%
2026-06-17 16:23:35 - __main__ - INFO - Val:   loss 1.8640 acc1 37.04%
2026-06-17 16:23:35 - __main__ - INFO - 
Epoch 15/100 | lr 0.097802
2026-06-17 16:23:52 - __main__ - INFO - Train: loss 1.6541 acc1 42.15%
2026-06-17 16:23:52 - __main__ - INFO - Val:   loss 1.6986 acc1 38.99%
2026-06-17 16:23:52 - __main__ - INFO - saved best: 38.99%
2026-06-17 16:23:52 - __main__ - INFO - 
Epoch 16/100 | lr 0.097291
2026-06-17 16:24:10 - __main__ - INFO - Train: loss 1.6449 acc1 43.05%
2026-06-17 16:24:10 - __main__ - INFO - Val:   loss 1.9457 acc1 37.93%
2026-06-17 16:24:10 - __main__ - INFO - 
Epoch 17/100 | lr 0.096729
2026-06-17 16:24:27 - __main__ - INFO - Train: loss 1.6446 acc1 43.27%
2026-06-17 16:24:27 - __main__ - INFO - Val:   loss 2.4050 acc1 22.78%
2026-06-17 16:24:27 - __main__ - INFO - 
Epoch 18/100 | lr 0.096115
2026-06-17 16:24:45 - __main__ - INFO - Train: loss 1.6338 acc1 43.32%
2026-06-17 16:24:45 - __main__ - INFO - Val:   loss 2.3280 acc1 28.14%
2026-06-17 16:24:45 - __main__ - INFO - 
Epoch 19/100 | lr 0.095451
2026-06-17 16:25:03 - __main__ - INFO - Train: loss 1.6243 acc1 44.36%
2026-06-17 16:25:03 - __main__ - INFO - Val:   loss 1.8320 acc1 35.77%
2026-06-17 16:25:03 - __main__ - INFO - 
Epoch 20/100 | lr 0.094737
2026-06-17 16:25:20 - __main__ - INFO - Train: loss 1.6116 acc1 44.29%
2026-06-17 16:25:20 - __main__ - INFO - Val:   loss 1.7408 acc1 39.15%
2026-06-17 16:25:20 - __main__ - INFO - saved best: 39.15%
2026-06-17 16:25:20 - __main__ - INFO - 
Epoch 21/100 | lr 0.093974
2026-06-17 16:25:36 - __main__ - INFO - Train: loss 1.6115 acc1 44.31%
2026-06-17 16:25:36 - __main__ - INFO - Val:   loss 1.8605 acc1 38.40%
2026-06-17 16:25:36 - __main__ - INFO - 
Epoch 22/100 | lr 0.093164
2026-06-17 16:25:53 - __main__ - INFO - Train: loss 1.6037 acc1 44.36%
2026-06-17 16:25:53 - __main__ - INFO - Val:   loss 1.8417 acc1 42.30%
2026-06-17 16:25:53 - __main__ - INFO - saved best: 42.30%
2026-06-17 16:25:53 - __main__ - INFO - 
Epoch 23/100 | lr 0.092306
2026-06-17 16:26:11 - __main__ - INFO - Train: loss 1.5992 acc1 44.58%
2026-06-17 16:26:11 - __main__ - INFO - Val:   loss 1.9232 acc1 35.55%
2026-06-17 16:26:11 - __main__ - INFO - 
Epoch 24/100 | lr 0.091401
2026-06-17 16:26:28 - __main__ - INFO - Train: loss 1.5834 acc1 45.17%
2026-06-17 16:26:28 - __main__ - INFO - Val:   loss 2.1329 acc1 33.71%
2026-06-17 16:26:28 - __main__ - INFO - 
Epoch 25/100 | lr 0.090452
2026-06-17 16:26:46 - __main__ - INFO - Train: loss 1.5823 acc1 45.11%
2026-06-17 16:26:46 - __main__ - INFO - Val:   loss 2.0822 acc1 36.95%
2026-06-17 16:26:46 - __main__ - INFO - 
Epoch 26/100 | lr 0.089458
2026-06-17 16:27:03 - __main__ - INFO - Train: loss 1.5775 acc1 45.19%
2026-06-17 16:27:03 - __main__ - INFO - Val:   loss 1.9982 acc1 31.92%
2026-06-17 16:27:03 - __main__ - INFO - 
Epoch 27/100 | lr 0.088421
2026-06-17 16:27:21 - __main__ - INFO - Train: loss 1.5721 acc1 45.53%
2026-06-17 16:27:21 - __main__ - INFO - Val:   loss 2.2035 acc1 36.39%
2026-06-17 16:27:21 - __main__ - INFO - 
Epoch 28/100 | lr 0.087342
2026-06-17 16:27:38 - __main__ - INFO - Train: loss 1.5591 acc1 46.17%
2026-06-17 16:27:38 - __main__ - INFO - Val:   loss 1.7532 acc1 37.84%
2026-06-17 16:27:38 - __main__ - INFO - 
Epoch 29/100 | lr 0.086223
2026-06-17 16:27:55 - __main__ - INFO - Train: loss 1.5577 acc1 46.57%
2026-06-17 16:27:55 - __main__ - INFO - Val:   loss 1.7948 acc1 41.52%
2026-06-17 16:27:55 - __main__ - INFO - 
Epoch 30/100 | lr 0.085063
2026-06-17 16:28:12 - __main__ - INFO - Train: loss 1.5496 acc1 46.60%
2026-06-17 16:28:12 - __main__ - INFO - Val:   loss 1.6597 acc1 43.97%
2026-06-17 16:28:12 - __main__ - INFO - saved best: 43.97%
2026-06-17 16:28:12 - __main__ - INFO - 
Epoch 31/100 | lr 0.083866
2026-06-17 16:28:30 - __main__ - INFO - Train: loss 1.5302 acc1 47.41%
2026-06-17 16:28:30 - __main__ - INFO - Val:   loss 2.1147 acc1 30.94%
2026-06-17 16:28:30 - __main__ - INFO - 
Epoch 32/100 | lr 0.082631
2026-06-17 16:28:48 - __main__ - INFO - Train: loss 1.5268 acc1 47.32%
2026-06-17 16:28:48 - __main__ - INFO - Val:   loss 1.8661 acc1 39.38%
2026-06-17 16:28:48 - __main__ - INFO - 
Epoch 33/100 | lr 0.081361
2026-06-17 16:29:06 - __main__ - INFO - Train: loss 1.5175 acc1 47.53%
2026-06-17 16:29:06 - __main__ - INFO - Val:   loss 1.6160 acc1 45.67%
2026-06-17 16:29:06 - __main__ - INFO - saved best: 45.67%
2026-06-17 16:29:06 - __main__ - INFO - 
Epoch 34/100 | lr 0.080056
2026-06-17 16:29:23 - __main__ - INFO - Train: loss 1.5030 acc1 48.42%
2026-06-17 16:29:23 - __main__ - INFO - Val:   loss 1.7425 acc1 43.28%
2026-06-17 16:29:23 - __main__ - INFO - 
Epoch 35/100 | lr 0.078719
2026-06-17 16:29:41 - __main__ - INFO - Train: loss 1.5129 acc1 47.85%
2026-06-17 16:29:41 - __main__ - INFO - Val:   loss 2.3335 acc1 27.83%
2026-06-17 16:29:41 - __main__ - INFO - 
Epoch 36/100 | lr 0.077350
2026-06-17 16:29:58 - __main__ - INFO - Train: loss 1.5061 acc1 47.73%
2026-06-17 16:29:58 - __main__ - INFO - Val:   loss 1.8234 acc1 39.59%
2026-06-17 16:29:58 - __main__ - INFO - 
Epoch 37/100 | lr 0.075951
2026-06-17 16:30:16 - __main__ - INFO - Train: loss 1.5072 acc1 48.11%
2026-06-17 16:30:16 - __main__ - INFO - Val:   loss 2.3853 acc1 31.76%
2026-06-17 16:30:16 - __main__ - INFO - 
Epoch 38/100 | lr 0.074524
2026-06-17 16:30:34 - __main__ - INFO - Train: loss 1.4769 acc1 49.16%
2026-06-17 16:30:34 - __main__ - INFO - Val:   loss 2.0282 acc1 34.66%
2026-06-17 16:30:34 - __main__ - INFO - 
Epoch 39/100 | lr 0.073070
2026-06-17 16:30:51 - __main__ - INFO - Train: loss 1.4731 acc1 49.48%
2026-06-17 16:30:51 - __main__ - INFO - Val:   loss 1.8432 acc1 39.89%
2026-06-17 16:30:51 - __main__ - INFO - 
Epoch 40/100 | lr 0.071591
2026-06-17 16:31:09 - __main__ - INFO - Train: loss 1.4745 acc1 49.29%
2026-06-17 16:31:09 - __main__ - INFO - Val:   loss 1.5797 acc1 43.99%
2026-06-17 16:31:09 - __main__ - INFO - 
Epoch 41/100 | lr 0.070088
2026-06-17 16:31:26 - __main__ - INFO - Train: loss 1.4475 acc1 49.99%
2026-06-17 16:31:26 - __main__ - INFO - Val:   loss 2.3407 acc1 33.68%
2026-06-17 16:31:26 - __main__ - INFO - 
Epoch 42/100 | lr 0.068563
2026-06-17 16:31:43 - __main__ - INFO - Train: loss 1.4569 acc1 49.71%
2026-06-17 16:31:43 - __main__ - INFO - Val:   loss 1.6410 acc1 45.79%
2026-06-17 16:31:43 - __main__ - INFO - saved best: 45.79%
2026-06-17 16:31:43 - __main__ - INFO - 
Epoch 43/100 | lr 0.067018
2026-06-17 16:32:01 - __main__ - INFO - Train: loss 1.4387 acc1 50.99%
2026-06-17 16:32:01 - __main__ - INFO - Val:   loss 1.8288 acc1 43.22%
2026-06-17 16:32:01 - __main__ - INFO - 
Epoch 44/100 | lr 0.065454
2026-06-17 16:32:18 - __main__ - INFO - Train: loss 1.4401 acc1 50.22%
2026-06-17 16:32:18 - __main__ - INFO - Val:   loss 1.5681 acc1 46.70%
2026-06-17 16:32:18 - __main__ - INFO - saved best: 46.70%
2026-06-17 16:32:18 - __main__ - INFO - 
Epoch 45/100 | lr 0.063874
2026-06-17 16:32:35 - __main__ - INFO - Train: loss 1.4163 acc1 51.09%
2026-06-17 16:32:35 - __main__ - INFO - Val:   loss 2.4179 acc1 30.64%
2026-06-17 16:32:35 - __main__ - INFO - 
Epoch 46/100 | lr 0.062278
2026-06-17 16:32:53 - __main__ - INFO - Train: loss 1.4108 acc1 51.36%
2026-06-17 16:32:53 - __main__ - INFO - Val:   loss 1.7796 acc1 42.91%
2026-06-17 16:32:53 - __main__ - INFO - 
Epoch 47/100 | lr 0.060669
2026-06-17 16:33:10 - __main__ - INFO - Train: loss 1.4103 acc1 51.98%
2026-06-17 16:33:10 - __main__ - INFO - Val:   loss 2.4791 acc1 23.18%
2026-06-17 16:33:10 - __main__ - INFO - 
Epoch 48/100 | lr 0.059048
2026-06-17 16:33:27 - __main__ - INFO - Train: loss 1.4005 acc1 51.70%
2026-06-17 16:33:27 - __main__ - INFO - Val:   loss 2.0474 acc1 36.96%
2026-06-17 16:33:27 - __main__ - INFO - 
Epoch 49/100 | lr 0.057417
2026-06-17 16:33:44 - __main__ - INFO - Train: loss 1.3807 acc1 52.77%
2026-06-17 16:33:44 - __main__ - INFO - Val:   loss 1.9767 acc1 37.61%
2026-06-17 16:33:44 - __main__ - INFO - 
Epoch 50/100 | lr 0.055779
2026-06-17 16:34:01 - __main__ - INFO - Train: loss 1.3775 acc1 52.79%
2026-06-17 16:34:01 - __main__ - INFO - Val:   loss 1.9993 acc1 39.99%
2026-06-17 16:34:01 - __main__ - INFO - 
Epoch 51/100 | lr 0.054134
2026-06-17 16:34:18 - __main__ - INFO - Train: loss 1.3629 acc1 53.48%
2026-06-17 16:34:18 - __main__ - INFO - Val:   loss 2.0690 acc1 40.17%
2026-06-17 16:34:18 - __main__ - INFO - 
Epoch 52/100 | lr 0.052484
2026-06-17 16:34:35 - __main__ - INFO - Train: loss 1.3533 acc1 53.32%
2026-06-17 16:34:35 - __main__ - INFO - Val:   loss 1.6064 acc1 49.37%
2026-06-17 16:34:35 - __main__ - INFO - saved best: 49.37%
2026-06-17 16:34:35 - __main__ - INFO - 
Epoch 53/100 | lr 0.050832
2026-06-17 16:34:53 - __main__ - INFO - Train: loss 1.3395 acc1 53.53%
2026-06-17 16:34:53 - __main__ - INFO - Val:   loss 1.5539 acc1 50.75%
2026-06-17 16:34:53 - __main__ - INFO - saved best: 50.75%
2026-06-17 16:34:53 - __main__ - INFO - 
Epoch 54/100 | lr 0.049178
2026-06-17 16:35:10 - __main__ - INFO - Train: loss 1.3331 acc1 54.18%
2026-06-17 16:35:10 - __main__ - INFO - Val:   loss 1.5325 acc1 51.40%
2026-06-17 16:35:10 - __main__ - INFO - saved best: 51.40%
2026-06-17 16:35:10 - __main__ - INFO - 
Epoch 55/100 | lr 0.047526
2026-06-17 16:35:28 - __main__ - INFO - Train: loss 1.3160 acc1 55.16%
2026-06-17 16:35:28 - __main__ - INFO - Val:   loss 1.6802 acc1 48.36%
2026-06-17 16:35:28 - __main__ - INFO - 
Epoch 56/100 | lr 0.045876
2026-06-17 16:35:45 - __main__ - INFO - Train: loss 1.3169 acc1 54.69%
2026-06-17 16:35:45 - __main__ - INFO - Val:   loss 1.6069 acc1 47.60%
2026-06-17 16:35:45 - __main__ - INFO - 
Epoch 57/100 | lr 0.044231
2026-06-17 16:36:03 - __main__ - INFO - Train: loss 1.2796 acc1 56.15%
2026-06-17 16:36:03 - __main__ - INFO - Val:   loss 1.7586 acc1 40.73%
2026-06-17 16:36:03 - __main__ - INFO - 
Epoch 58/100 | lr 0.042593
2026-06-17 16:36:20 - __main__ - INFO - Train: loss 1.2936 acc1 54.97%
2026-06-17 16:36:20 - __main__ - INFO - Val:   loss 2.1800 acc1 43.04%
2026-06-17 16:36:20 - __main__ - INFO - 
Epoch 59/100 | lr 0.040962
2026-06-17 16:36:36 - __main__ - INFO - Train: loss 1.2684 acc1 56.25%
2026-06-17 16:36:36 - __main__ - INFO - Val:   loss 2.0367 acc1 39.32%
2026-06-17 16:36:36 - __main__ - INFO - 
Epoch 60/100 | lr 0.039341
2026-06-17 16:36:54 - __main__ - INFO - Train: loss 1.2659 acc1 56.92%
2026-06-17 16:36:54 - __main__ - INFO - Val:   loss 1.4786 acc1 53.48%
2026-06-17 16:36:54 - __main__ - INFO - saved best: 53.48%
2026-06-17 16:36:54 - __main__ - INFO - 
Epoch 61/100 | lr 0.037732
2026-06-17 16:37:11 - __main__ - INFO - Train: loss 1.2483 acc1 57.17%
2026-06-17 16:37:11 - __main__ - INFO - Val:   loss 2.0599 acc1 39.12%
2026-06-17 16:37:11 - __main__ - INFO - 
Epoch 62/100 | lr 0.036136
2026-06-17 16:37:29 - __main__ - INFO - Train: loss 1.2364 acc1 57.99%
2026-06-17 16:37:29 - __main__ - INFO - Val:   loss 1.6343 acc1 48.87%
2026-06-17 16:37:29 - __main__ - INFO - 
Epoch 63/100 | lr 0.034556
2026-06-17 16:37:47 - __main__ - INFO - Train: loss 1.2214 acc1 58.25%
2026-06-17 16:37:47 - __main__ - INFO - Val:   loss 1.9789 acc1 40.21%
2026-06-17 16:37:47 - __main__ - INFO - 
Epoch 64/100 | lr 0.032992
2026-06-17 16:38:04 - __main__ - INFO - Train: loss 1.2016 acc1 58.72%
2026-06-17 16:38:04 - __main__ - INFO - Val:   loss 1.5221 acc1 51.07%
2026-06-17 16:38:04 - __main__ - INFO - 
Epoch 65/100 | lr 0.031447
2026-06-17 16:38:21 - __main__ - INFO - Train: loss 1.2011 acc1 58.47%
2026-06-17 16:38:21 - __main__ - INFO - Val:   loss 1.5933 acc1 51.34%
2026-06-17 16:38:21 - __main__ - INFO - 
Epoch 66/100 | lr 0.029922
2026-06-17 16:38:39 - __main__ - INFO - Train: loss 1.1808 acc1 59.64%
2026-06-17 16:38:39 - __main__ - INFO - Val:   loss 1.6421 acc1 49.01%
2026-06-17 16:38:39 - __main__ - INFO - 
Epoch 67/100 | lr 0.028419
2026-06-17 16:38:57 - __main__ - INFO - Train: loss 1.1658 acc1 60.02%
2026-06-17 16:38:57 - __main__ - INFO - Val:   loss 1.6864 acc1 46.36%
2026-06-17 16:38:57 - __main__ - INFO - 
Epoch 68/100 | lr 0.026940
2026-06-17 16:39:14 - __main__ - INFO - Train: loss 1.1367 acc1 60.64%
2026-06-17 16:39:14 - __main__ - INFO - Val:   loss 1.7755 acc1 46.61%
2026-06-17 16:39:14 - __main__ - INFO - 
Epoch 69/100 | lr 0.025486
2026-06-17 16:39:32 - __main__ - INFO - Train: loss 1.1268 acc1 61.05%
2026-06-17 16:39:32 - __main__ - INFO - Val:   loss 1.4432 acc1 54.73%
2026-06-17 16:39:32 - __main__ - INFO - saved best: 54.73%
2026-06-17 16:39:32 - __main__ - INFO - 
Epoch 70/100 | lr 0.024059
2026-06-17 16:39:49 - __main__ - INFO - Train: loss 1.1236 acc1 61.58%
2026-06-17 16:39:49 - __main__ - INFO - Val:   loss 1.5781 acc1 48.79%
2026-06-17 16:39:49 - __main__ - INFO - 
Epoch 71/100 | lr 0.022660
2026-06-17 16:40:06 - __main__ - INFO - Train: loss 1.0902 acc1 62.90%
2026-06-17 16:40:06 - __main__ - INFO - Val:   loss 1.3672 acc1 56.79%
2026-06-17 16:40:06 - __main__ - INFO - saved best: 56.79%
2026-06-17 16:40:06 - __main__ - INFO - 
Epoch 72/100 | lr 0.021291
2026-06-17 16:40:23 - __main__ - INFO - Train: loss 1.0770 acc1 63.07%
2026-06-17 16:40:23 - __main__ - INFO - Val:   loss 1.5273 acc1 52.11%
2026-06-17 16:40:23 - __main__ - INFO - 
Epoch 73/100 | lr 0.019954
2026-06-17 16:40:41 - __main__ - INFO - Train: loss 1.0516 acc1 64.20%
2026-06-17 16:40:41 - __main__ - INFO - Val:   loss 1.4027 acc1 56.17%
2026-06-17 16:40:41 - __main__ - INFO - 
Epoch 74/100 | lr 0.018649
2026-06-17 16:40:58 - __main__ - INFO - Train: loss 1.0372 acc1 64.25%
2026-06-17 16:40:58 - __main__ - INFO - Val:   loss 1.5207 acc1 52.72%
2026-06-17 16:40:58 - __main__ - INFO - 
Epoch 75/100 | lr 0.017379
2026-06-17 16:41:15 - __main__ - INFO - Train: loss 1.0247 acc1 64.92%
2026-06-17 16:41:15 - __main__ - INFO - Val:   loss 1.9746 acc1 44.25%
2026-06-17 16:41:15 - __main__ - INFO - 
Epoch 76/100 | lr 0.016144
2026-06-17 16:41:32 - __main__ - INFO - Train: loss 1.0084 acc1 65.66%
2026-06-17 16:41:32 - __main__ - INFO - Val:   loss 1.8138 acc1 47.80%
2026-06-17 16:41:32 - __main__ - INFO - 
Epoch 77/100 | lr 0.014947
2026-06-17 16:41:48 - __main__ - INFO - Train: loss 0.9934 acc1 65.90%
2026-06-17 16:41:48 - __main__ - INFO - Val:   loss 1.6052 acc1 49.99%
2026-06-17 16:41:48 - __main__ - INFO - 
Epoch 78/100 | lr 0.013787
2026-06-17 16:42:05 - __main__ - INFO - Train: loss 0.9606 acc1 67.03%
2026-06-17 16:42:05 - __main__ - INFO - Val:   loss 1.5989 acc1 53.82%
2026-06-17 16:42:05 - __main__ - INFO - 
Epoch 79/100 | lr 0.012668
2026-06-17 16:42:23 - __main__ - INFO - Train: loss 0.9521 acc1 67.61%
2026-06-17 16:42:23 - __main__ - INFO - Val:   loss 1.8797 acc1 44.72%
2026-06-17 16:42:23 - __main__ - INFO - 
Epoch 80/100 | lr 0.011589
2026-06-17 16:42:41 - __main__ - INFO - Train: loss 0.9250 acc1 68.38%
2026-06-17 16:42:41 - __main__ - INFO - Val:   loss 1.5242 acc1 54.91%
2026-06-17 16:42:41 - __main__ - INFO - 
Epoch 81/100 | lr 0.010552
2026-06-17 16:42:58 - __main__ - INFO - Train: loss 0.9060 acc1 68.90%
2026-06-17 16:42:58 - __main__ - INFO - Val:   loss 1.6647 acc1 53.52%
2026-06-17 16:42:58 - __main__ - INFO - 
Epoch 82/100 | lr 0.009558
2026-06-17 16:43:16 - __main__ - INFO - Train: loss 0.8856 acc1 69.44%
2026-06-17 16:43:16 - __main__ - INFO - Val:   loss 1.4207 acc1 57.59%
2026-06-17 16:43:16 - __main__ - INFO - saved best: 57.59%
2026-06-17 16:43:16 - __main__ - INFO - 
Epoch 83/100 | lr 0.008609
2026-06-17 16:43:33 - __main__ - INFO - Train: loss 0.8670 acc1 70.18%
2026-06-17 16:43:33 - __main__ - INFO - Val:   loss 1.4168 acc1 57.02%
2026-06-17 16:43:33 - __main__ - INFO - 
Epoch 84/100 | lr 0.007704
2026-06-17 16:43:50 - __main__ - INFO - Train: loss 0.8503 acc1 71.16%
2026-06-17 16:43:50 - __main__ - INFO - Val:   loss 1.2410 acc1 64.08%
2026-06-17 16:43:50 - __main__ - INFO - saved best: 64.08%
2026-06-17 16:43:50 - __main__ - INFO - 
Epoch 85/100 | lr 0.006846
2026-06-17 16:44:07 - __main__ - INFO - Train: loss 0.8259 acc1 71.94%
2026-06-17 16:44:07 - __main__ - INFO - Val:   loss 1.1911 acc1 66.15%
2026-06-17 16:44:07 - __main__ - INFO - saved best: 66.15%
2026-06-17 16:44:07 - __main__ - INFO - 
Epoch 86/100 | lr 0.006036
2026-06-17 16:44:24 - __main__ - INFO - Train: loss 0.7964 acc1 72.88%
2026-06-17 16:44:24 - __main__ - INFO - Val:   loss 1.3618 acc1 61.49%
2026-06-17 16:44:24 - __main__ - INFO - 
Epoch 87/100 | lr 0.005273
2026-06-17 16:44:41 - __main__ - INFO - Train: loss 0.7812 acc1 73.28%
2026-06-17 16:44:41 - __main__ - INFO - Val:   loss 1.4186 acc1 58.59%
2026-06-17 16:44:41 - __main__ - INFO - 
Epoch 88/100 | lr 0.004559
2026-06-17 16:44:59 - __main__ - INFO - Train: loss 0.7607 acc1 73.54%
2026-06-17 16:44:59 - __main__ - INFO - Val:   loss 1.4922 acc1 57.20%
2026-06-17 16:44:59 - __main__ - INFO - 
Epoch 89/100 | lr 0.003895
2026-06-17 16:45:17 - __main__ - INFO - Train: loss 0.7453 acc1 74.64%
2026-06-17 16:45:17 - __main__ - INFO - Val:   loss 1.3049 acc1 63.68%
2026-06-17 16:45:17 - __main__ - INFO - 
Epoch 90/100 | lr 0.003281
2026-06-17 16:45:35 - __main__ - INFO - Train: loss 0.7203 acc1 75.26%
2026-06-17 16:45:35 - __main__ - INFO - Val:   loss 1.3160 acc1 62.47%
2026-06-17 16:45:35 - __main__ - INFO - 
Epoch 91/100 | lr 0.002719
2026-06-17 16:45:52 - __main__ - INFO - Train: loss 0.7095 acc1 75.41%
2026-06-17 16:45:52 - __main__ - INFO - Val:   loss 1.2014 acc1 67.66%
2026-06-17 16:45:52 - __main__ - INFO - saved best: 67.66%
2026-06-17 16:45:52 - __main__ - INFO - 
Epoch 92/100 | lr 0.002208
2026-06-17 16:46:10 - __main__ - INFO - Train: loss 0.6875 acc1 76.04%
2026-06-17 16:46:10 - __main__ - INFO - Val:   loss 1.3279 acc1 62.41%
2026-06-17 16:46:10 - __main__ - INFO - 
Epoch 93/100 | lr 0.001749
2026-06-17 16:46:28 - __main__ - INFO - Train: loss 0.6720 acc1 76.45%
2026-06-17 16:46:28 - __main__ - INFO - Val:   loss 1.2836 acc1 65.97%
2026-06-17 16:46:28 - __main__ - INFO - 
Epoch 94/100 | lr 0.001344
2026-06-17 16:46:46 - __main__ - INFO - Train: loss 0.6605 acc1 77.22%
2026-06-17 16:46:46 - __main__ - INFO - Val:   loss 1.2866 acc1 65.90%
2026-06-17 16:46:46 - __main__ - INFO - 
Epoch 95/100 | lr 0.000991
2026-06-17 16:47:03 - __main__ - INFO - Train: loss 0.6573 acc1 77.24%
2026-06-17 16:47:03 - __main__ - INFO - Val:   loss 1.2817 acc1 64.60%
2026-06-17 16:47:03 - __main__ - INFO - 
Epoch 96/100 | lr 0.000692
2026-06-17 16:47:20 - __main__ - INFO - Train: loss 0.6378 acc1 78.37%
2026-06-17 16:47:20 - __main__ - INFO - Val:   loss 1.2952 acc1 66.12%
2026-06-17 16:47:20 - __main__ - INFO - 
Epoch 97/100 | lr 0.000447
2026-06-17 16:47:37 - __main__ - INFO - Train: loss 0.6340 acc1 78.27%
2026-06-17 16:47:37 - __main__ - INFO - Val:   loss 1.2725 acc1 65.92%
2026-06-17 16:47:37 - __main__ - INFO - 
Epoch 98/100 | lr 0.000256
2026-06-17 16:47:54 - __main__ - INFO - Train: loss 0.6248 acc1 78.28%
2026-06-17 16:47:54 - __main__ - INFO - Val:   loss 1.2575 acc1 66.42%
2026-06-17 16:47:54 - __main__ - INFO - 
Epoch 99/100 | lr 0.000119
2026-06-17 16:48:12 - __main__ - INFO - Train: loss 0.6422 acc1 77.84%
2026-06-17 16:48:12 - __main__ - INFO - Val:   loss 1.2982 acc1 65.34%
2026-06-17 16:48:12 - __main__ - INFO - 
Epoch 100/100 | lr 0.000037
2026-06-17 16:48:30 - __main__ - INFO - Train: loss 0.6237 acc1 78.63%
2026-06-17 16:48:30 - __main__ - INFO - Val:   loss 1.2897 acc1 65.70%
2026-06-17 16:48:30 - __main__ - INFO - Loaded best checkpoint weights for final test evaluation.
2026-06-17 16:48:33 - __main__ - INFO - 
Best tracked (val): 67.66%
2026-06-17 16:48:33 - __main__ - INFO - Final test: loss 1.2454 acc1 62.40%
2026-06-17 16:48:33 - __main__ - INFO - Saved best model checkpoint to runs/drive_zip/42/resnet18_seed42_none/best_model.pt
