2026-07-14 19:35:08 - __main__ - INFO - Run parameters: {"adamw_betas": [0.9, 0.999], "adamw_eps": 1e-08, "amp": true, "batch_size": 128, "cam_cache_dir": "", "cam_layer": "auto", "cam_precompute_only": false, "cam_precompute_windows": false, "cutout_area": 0.1, "cutout_m": 4, "cutout_mode": "random", "cutout_size": 0, "data_dir": "./data", "dataset": "drive_zip", "debug_cam_timing": false, "deterministic_train_transforms": true, "epochs": 100, "gamma": 0.1, "grayscale": true, "include_regex": "_grayscale\\.tiff$", "label_smoothing": 0.0, "log_every": 100, "lr": 0.1, "milestones": "60,80", "min_lr": 1e-05, "model": "resnet18", "momentum": 0.9, "nesterov": false, "num_workers": 4, "optimizer": "sgd", "out_dir": "runs/drive_zip/resnet18/43", "run_name": "resnet18_seed43_random_M4_area0.1", "saliency_candidate_percent": 10.0, "scheduler": "cosine", "seed": 43, "teacher_checkpoint": "", "teacher_model": "", "val_split": 0.1, "warmup_epochs": 5, "weight_decay": 0.0005}
2026-07-14 19:35:08 - __main__ - INFO - device: cuda | cuda: True | gpu: NVIDIA A100-SXM4-80GB
2026-07-14 19:35:11 - __main__ - INFO - Model: resnet18 | Dataset: drive_zip | Classes: 17 | Optimizer: sgd
2026-07-14 19:35:11 - __main__ - INFO - Cutout enabled: mode=random m=4 size=None area=0.1
2026-07-14 19:35:12 - __main__ - INFO - 
Epoch 1/100 | lr 0.000100
2026-07-14 19:36:12 - __main__ - INFO - Train: loss 2.5949 acc1 21.62%
2026-07-14 19:36:12 - __main__ - INFO - Val:   loss 2.3307 acc1 33.20%
2026-07-14 19:36:12 - __main__ - INFO - saved best: 33.20%
2026-07-14 19:36:12 - __main__ - INFO - 
Epoch 2/100 | lr 0.020080
2026-07-14 19:37:12 - __main__ - INFO - Train: loss 1.4329 acc1 52.17%
2026-07-14 19:37:12 - __main__ - INFO - Val:   loss 1.5049 acc1 57.07%
2026-07-14 19:37:12 - __main__ - INFO - saved best: 57.07%
2026-07-14 19:37:12 - __main__ - INFO - 
Epoch 3/100 | lr 0.040060
2026-07-14 19:38:12 - __main__ - INFO - Train: loss 0.9127 acc1 70.62%
2026-07-14 19:38:12 - __main__ - INFO - Val:   loss 1.6186 acc1 60.69%
2026-07-14 19:38:12 - __main__ - INFO - saved best: 60.69%
2026-07-14 19:38:12 - __main__ - INFO - 
Epoch 4/100 | lr 0.060040
2026-07-14 19:39:12 - __main__ - INFO - Train: loss 0.5857 acc1 81.33%
2026-07-14 19:39:12 - __main__ - INFO - Val:   loss 1.4244 acc1 66.76%
2026-07-14 19:39:12 - __main__ - INFO - saved best: 66.76%
2026-07-14 19:39:12 - __main__ - INFO - 
Epoch 5/100 | lr 0.080020
2026-07-14 19:40:10 - __main__ - INFO - Train: loss 0.4290 acc1 86.38%
2026-07-14 19:40:10 - __main__ - INFO - Val:   loss 1.4887 acc1 67.51%
2026-07-14 19:40:10 - __main__ - INFO - saved best: 67.51%
2026-07-14 19:40:10 - __main__ - INFO - 
Epoch 6/100 | lr 0.100000
2026-07-14 19:41:09 - __main__ - INFO - Train: loss 0.3744 acc1 88.20%
2026-07-14 19:41:09 - __main__ - INFO - Val:   loss 1.4930 acc1 65.56%
2026-07-14 19:41:09 - __main__ - INFO - 
Epoch 7/100 | lr 0.099973
2026-07-14 19:42:09 - __main__ - INFO - Train: loss 0.2837 acc1 90.90%
2026-07-14 19:42:09 - __main__ - INFO - Val:   loss 1.6366 acc1 66.23%
2026-07-14 19:42:09 - __main__ - INFO - 
Epoch 8/100 | lr 0.099891
2026-07-14 19:43:07 - __main__ - INFO - Train: loss 0.2761 acc1 91.04%
2026-07-14 19:43:07 - __main__ - INFO - Val:   loss 1.4311 acc1 66.40%
2026-07-14 19:43:07 - __main__ - INFO - 
Epoch 9/100 | lr 0.099754
2026-07-14 19:44:07 - __main__ - INFO - Train: loss 0.2619 acc1 91.46%
2026-07-14 19:44:07 - __main__ - INFO - Val:   loss 1.6809 acc1 64.04%
2026-07-14 19:44:07 - __main__ - INFO - 
Epoch 10/100 | lr 0.099563
2026-07-14 19:45:05 - __main__ - INFO - Train: loss 0.2603 acc1 91.46%
2026-07-14 19:45:05 - __main__ - INFO - Val:   loss 1.5509 acc1 65.66%
2026-07-14 19:45:05 - __main__ - INFO - 
Epoch 11/100 | lr 0.099318
2026-07-14 19:46:02 - __main__ - INFO - Train: loss 0.2570 acc1 91.55%
2026-07-14 19:46:02 - __main__ - INFO - Val:   loss 1.5446 acc1 68.00%
2026-07-14 19:46:02 - __main__ - INFO - saved best: 68.00%
2026-07-14 19:46:02 - __main__ - INFO - 
Epoch 12/100 | lr 0.099019
2026-07-14 19:46:59 - __main__ - INFO - Train: loss 0.2263 acc1 92.45%
2026-07-14 19:46:59 - __main__ - INFO - Val:   loss 1.4917 acc1 67.88%
2026-07-14 19:46:59 - __main__ - INFO - 
Epoch 13/100 | lr 0.098666
2026-07-14 19:47:59 - __main__ - INFO - Train: loss 0.2478 acc1 91.86%
2026-07-14 19:47:59 - __main__ - INFO - Val:   loss 1.4147 acc1 67.73%
2026-07-14 19:47:59 - __main__ - INFO - 
Epoch 14/100 | lr 0.098261
2026-07-14 19:48:57 - __main__ - INFO - Train: loss 0.2291 acc1 92.28%
2026-07-14 19:48:57 - __main__ - INFO - Val:   loss 1.6362 acc1 63.37%
2026-07-14 19:48:57 - __main__ - INFO - 
Epoch 15/100 | lr 0.097802
2026-07-14 19:49:56 - __main__ - INFO - Train: loss 0.2167 acc1 92.74%
2026-07-14 19:49:56 - __main__ - INFO - Val:   loss 1.6158 acc1 65.51%
2026-07-14 19:49:56 - __main__ - INFO - 
Epoch 16/100 | lr 0.097291
2026-07-14 19:50:57 - __main__ - INFO - Train: loss 0.2332 acc1 92.31%
2026-07-14 19:50:57 - __main__ - INFO - Val:   loss 1.5558 acc1 67.38%
2026-07-14 19:50:57 - __main__ - INFO - 
Epoch 17/100 | lr 0.096729
2026-07-14 19:51:55 - __main__ - INFO - Train: loss 0.2211 acc1 92.58%
2026-07-14 19:51:55 - __main__ - INFO - Val:   loss 1.4733 acc1 66.49%
2026-07-14 19:51:55 - __main__ - INFO - 
Epoch 18/100 | lr 0.096115
2026-07-14 19:52:54 - __main__ - INFO - Train: loss 0.2046 acc1 93.13%
2026-07-14 19:52:54 - __main__ - INFO - Val:   loss 1.4780 acc1 67.27%
2026-07-14 19:52:54 - __main__ - INFO - 
Epoch 19/100 | lr 0.095451
2026-07-14 19:53:54 - __main__ - INFO - Train: loss 0.2207 acc1 92.48%
2026-07-14 19:53:54 - __main__ - INFO - Val:   loss 1.6749 acc1 66.75%
2026-07-14 19:53:54 - __main__ - INFO - 
Epoch 20/100 | lr 0.094737
2026-07-14 19:54:55 - __main__ - INFO - Train: loss 0.1862 acc1 93.58%
2026-07-14 19:54:55 - __main__ - INFO - Val:   loss 1.6253 acc1 64.45%
2026-07-14 19:54:55 - __main__ - INFO - 
Epoch 21/100 | lr 0.093974
2026-07-14 19:55:53 - __main__ - INFO - Train: loss 0.2161 acc1 92.72%
2026-07-14 19:55:53 - __main__ - INFO - Val:   loss 1.6359 acc1 67.80%
2026-07-14 19:55:53 - __main__ - INFO - 
Epoch 22/100 | lr 0.093164
2026-07-14 19:56:51 - __main__ - INFO - Train: loss 0.2001 acc1 93.18%
2026-07-14 19:56:51 - __main__ - INFO - Val:   loss 1.6180 acc1 66.69%
2026-07-14 19:56:51 - __main__ - INFO - 
Epoch 23/100 | lr 0.092306
2026-07-14 19:57:51 - __main__ - INFO - Train: loss 0.1920 acc1 93.49%
2026-07-14 19:57:51 - __main__ - INFO - Val:   loss 1.5622 acc1 65.27%
2026-07-14 19:57:51 - __main__ - INFO - 
Epoch 24/100 | lr 0.091401
2026-07-14 19:58:50 - __main__ - INFO - Train: loss 0.1990 acc1 93.13%
2026-07-14 19:58:50 - __main__ - INFO - Val:   loss 1.5922 acc1 67.27%
2026-07-14 19:58:50 - __main__ - INFO - 
Epoch 25/100 | lr 0.090452
2026-07-14 19:59:50 - __main__ - INFO - Train: loss 0.1728 acc1 94.05%
2026-07-14 19:59:50 - __main__ - INFO - Val:   loss 1.8157 acc1 65.62%
2026-07-14 19:59:50 - __main__ - INFO - 
Epoch 26/100 | lr 0.089458
2026-07-14 20:00:49 - __main__ - INFO - Train: loss 0.2130 acc1 92.71%
2026-07-14 20:00:49 - __main__ - INFO - Val:   loss 1.4394 acc1 68.36%
2026-07-14 20:00:49 - __main__ - INFO - saved best: 68.36%
2026-07-14 20:00:49 - __main__ - INFO - 
Epoch 27/100 | lr 0.088421
2026-07-14 20:01:49 - __main__ - INFO - Train: loss 0.1568 acc1 94.54%
2026-07-14 20:01:49 - __main__ - INFO - Val:   loss 1.6404 acc1 67.33%
2026-07-14 20:01:49 - __main__ - INFO - 
Epoch 28/100 | lr 0.087342
2026-07-14 20:02:47 - __main__ - INFO - Train: loss 0.2198 acc1 92.50%
2026-07-14 20:02:47 - __main__ - INFO - Val:   loss 1.5019 acc1 68.58%
2026-07-14 20:02:47 - __main__ - INFO - saved best: 68.58%
2026-07-14 20:02:47 - __main__ - INFO - 
Epoch 29/100 | lr 0.086223
2026-07-14 20:03:45 - __main__ - INFO - Train: loss 0.1433 acc1 94.91%
2026-07-14 20:03:45 - __main__ - INFO - Val:   loss 1.5491 acc1 68.98%
2026-07-14 20:03:45 - __main__ - INFO - saved best: 68.98%
2026-07-14 20:03:45 - __main__ - INFO - 
Epoch 30/100 | lr 0.085063
2026-07-14 20:04:45 - __main__ - INFO - Train: loss 0.1052 acc1 96.10%
2026-07-14 20:04:45 - __main__ - INFO - Val:   loss 1.3489 acc1 69.22%
2026-07-14 20:04:45 - __main__ - INFO - saved best: 69.22%
2026-07-14 20:04:45 - __main__ - INFO - 
Epoch 31/100 | lr 0.083866
2026-07-14 20:05:45 - __main__ - INFO - Train: loss 0.3092 acc1 89.81%
2026-07-14 20:05:45 - __main__ - INFO - Val:   loss 1.4266 acc1 66.92%
2026-07-14 20:05:45 - __main__ - INFO - 
Epoch 32/100 | lr 0.082631
2026-07-14 20:06:44 - __main__ - INFO - Train: loss 0.1756 acc1 94.15%
2026-07-14 20:06:44 - __main__ - INFO - Val:   loss 1.7414 acc1 66.18%
2026-07-14 20:06:44 - __main__ - INFO - 
Epoch 33/100 | lr 0.081361
2026-07-14 20:07:45 - __main__ - INFO - Train: loss 0.1980 acc1 93.27%
2026-07-14 20:07:45 - __main__ - INFO - Val:   loss 1.4849 acc1 66.78%
2026-07-14 20:07:45 - __main__ - INFO - 
Epoch 34/100 | lr 0.080056
2026-07-14 20:08:43 - __main__ - INFO - Train: loss 0.1470 acc1 94.85%
2026-07-14 20:08:43 - __main__ - INFO - Val:   loss 1.4550 acc1 69.00%
2026-07-14 20:08:43 - __main__ - INFO - 
Epoch 35/100 | lr 0.078719
2026-07-14 20:09:41 - __main__ - INFO - Train: loss 0.1011 acc1 96.20%
2026-07-14 20:09:41 - __main__ - INFO - Val:   loss 1.4363 acc1 69.14%
2026-07-14 20:09:41 - __main__ - INFO - 
Epoch 36/100 | lr 0.077350
2026-07-14 20:10:40 - __main__ - INFO - Train: loss 0.1614 acc1 94.47%
2026-07-14 20:10:40 - __main__ - INFO - Val:   loss 3.7121 acc1 37.61%
2026-07-14 20:10:40 - __main__ - INFO - 
Epoch 37/100 | lr 0.075951
2026-07-14 20:11:38 - __main__ - INFO - Train: loss 0.3032 acc1 90.07%
2026-07-14 20:11:38 - __main__ - INFO - Val:   loss 1.5264 acc1 67.56%
2026-07-14 20:11:38 - __main__ - INFO - 
Epoch 38/100 | lr 0.074524
2026-07-14 20:12:38 - __main__ - INFO - Train: loss 0.1303 acc1 95.45%
2026-07-14 20:12:38 - __main__ - INFO - Val:   loss 1.4876 acc1 68.57%
2026-07-14 20:12:38 - __main__ - INFO - 
Epoch 39/100 | lr 0.073070
2026-07-14 20:13:36 - __main__ - INFO - Train: loss 0.1558 acc1 94.46%
2026-07-14 20:13:36 - __main__ - INFO - Val:   loss 2.2722 acc1 55.93%
2026-07-14 20:13:36 - __main__ - INFO - 
Epoch 40/100 | lr 0.071591
2026-07-14 20:14:36 - __main__ - INFO - Train: loss 0.2027 acc1 93.14%
2026-07-14 20:14:36 - __main__ - INFO - Val:   loss 1.3994 acc1 69.62%
2026-07-14 20:14:36 - __main__ - INFO - saved best: 69.62%
2026-07-14 20:14:36 - __main__ - INFO - 
Epoch 41/100 | lr 0.070088
2026-07-14 20:15:34 - __main__ - INFO - Train: loss 0.0949 acc1 96.39%
2026-07-14 20:15:34 - __main__ - INFO - Val:   loss 1.3046 acc1 70.66%
2026-07-14 20:15:34 - __main__ - INFO - saved best: 70.66%
2026-07-14 20:15:34 - __main__ - INFO - 
Epoch 42/100 | lr 0.068563
2026-07-14 20:16:33 - __main__ - INFO - Train: loss 0.0824 acc1 96.76%
2026-07-14 20:16:33 - __main__ - INFO - Val:   loss 1.2938 acc1 70.25%
2026-07-14 20:16:33 - __main__ - INFO - 
Epoch 43/100 | lr 0.067018
2026-07-14 20:17:32 - __main__ - INFO - Train: loss 0.2813 acc1 90.78%
2026-07-14 20:17:32 - __main__ - INFO - Val:   loss 1.4654 acc1 66.31%
2026-07-14 20:17:32 - __main__ - INFO - 
Epoch 44/100 | lr 0.065454
2026-07-14 20:18:31 - __main__ - INFO - Train: loss 0.1747 acc1 94.15%
2026-07-14 20:18:31 - __main__ - INFO - Val:   loss 1.4905 acc1 69.70%
2026-07-14 20:18:31 - __main__ - INFO - 
Epoch 45/100 | lr 0.063874
2026-07-14 20:19:32 - __main__ - INFO - Train: loss 0.1004 acc1 96.27%
2026-07-14 20:19:32 - __main__ - INFO - Val:   loss 1.3719 acc1 70.72%
2026-07-14 20:19:32 - __main__ - INFO - saved best: 70.72%
2026-07-14 20:19:32 - __main__ - INFO - 
Epoch 46/100 | lr 0.062278
2026-07-14 20:20:32 - __main__ - INFO - Train: loss 0.0807 acc1 96.83%
2026-07-14 20:20:32 - __main__ - INFO - Val:   loss 1.3106 acc1 70.12%
2026-07-14 20:20:32 - __main__ - INFO - 
Epoch 47/100 | lr 0.060669
2026-07-14 20:21:30 - __main__ - INFO - Train: loss 0.0846 acc1 96.75%
2026-07-14 20:21:30 - __main__ - INFO - Val:   loss 1.5881 acc1 66.56%
2026-07-14 20:21:30 - __main__ - INFO - 
Epoch 48/100 | lr 0.059048
2026-07-14 20:22:30 - __main__ - INFO - Train: loss 0.3293 acc1 89.29%
2026-07-14 20:22:30 - __main__ - INFO - Val:   loss 1.5153 acc1 68.51%
2026-07-14 20:22:30 - __main__ - INFO - 
Epoch 49/100 | lr 0.057417
2026-07-14 20:23:30 - __main__ - INFO - Train: loss 0.1069 acc1 96.14%
2026-07-14 20:23:30 - __main__ - INFO - Val:   loss 1.3927 acc1 70.33%
2026-07-14 20:23:30 - __main__ - INFO - 
Epoch 50/100 | lr 0.055779
2026-07-14 20:24:30 - __main__ - INFO - Train: loss 0.0780 acc1 96.87%
2026-07-14 20:24:30 - __main__ - INFO - Val:   loss 1.3454 acc1 70.50%
2026-07-14 20:24:30 - __main__ - INFO - 
Epoch 51/100 | lr 0.054134
2026-07-14 20:25:28 - __main__ - INFO - Train: loss 0.0720 acc1 97.20%
2026-07-14 20:25:28 - __main__ - INFO - Val:   loss 1.3712 acc1 69.71%
2026-07-14 20:25:28 - __main__ - INFO - 
Epoch 52/100 | lr 0.052484
2026-07-14 20:26:27 - __main__ - INFO - Train: loss 0.2503 acc1 91.68%
2026-07-14 20:26:27 - __main__ - INFO - Val:   loss 1.5529 acc1 65.94%
2026-07-14 20:26:27 - __main__ - INFO - 
Epoch 53/100 | lr 0.050832
2026-07-14 20:27:28 - __main__ - INFO - Train: loss 0.1442 acc1 95.03%
2026-07-14 20:27:28 - __main__ - INFO - Val:   loss 1.3602 acc1 70.27%
2026-07-14 20:27:28 - __main__ - INFO - 
Epoch 54/100 | lr 0.049178
2026-07-14 20:28:28 - __main__ - INFO - Train: loss 0.0790 acc1 96.92%
2026-07-14 20:28:28 - __main__ - INFO - Val:   loss 1.3108 acc1 71.00%
2026-07-14 20:28:28 - __main__ - INFO - saved best: 71.00%
2026-07-14 20:28:28 - __main__ - INFO - 
Epoch 55/100 | lr 0.047526
2026-07-14 20:29:28 - __main__ - INFO - Train: loss 0.0688 acc1 97.33%
2026-07-14 20:29:28 - __main__ - INFO - Val:   loss 1.2345 acc1 71.45%
2026-07-14 20:29:28 - __main__ - INFO - saved best: 71.45%
2026-07-14 20:29:28 - __main__ - INFO - 
Epoch 56/100 | lr 0.045876
2026-07-14 20:30:26 - __main__ - INFO - Train: loss 0.0649 acc1 97.44%
2026-07-14 20:30:26 - __main__ - INFO - Val:   loss 1.2741 acc1 70.82%
2026-07-14 20:30:26 - __main__ - INFO - 
Epoch 57/100 | lr 0.044231
2026-07-14 20:31:24 - __main__ - INFO - Train: loss 0.1913 acc1 93.59%
2026-07-14 20:31:24 - __main__ - INFO - Val:   loss 1.4635 acc1 62.96%
2026-07-14 20:31:24 - __main__ - INFO - 
Epoch 58/100 | lr 0.042593
2026-07-14 20:32:24 - __main__ - INFO - Train: loss 0.1879 acc1 93.80%
2026-07-14 20:32:24 - __main__ - INFO - Val:   loss 1.4633 acc1 69.70%
2026-07-14 20:32:24 - __main__ - INFO - 
Epoch 59/100 | lr 0.040962
2026-07-14 20:33:23 - __main__ - INFO - Train: loss 0.0778 acc1 97.00%
2026-07-14 20:33:23 - __main__ - INFO - Val:   loss 1.4060 acc1 69.70%
2026-07-14 20:33:23 - __main__ - INFO - 
Epoch 60/100 | lr 0.039341
2026-07-14 20:34:21 - __main__ - INFO - Train: loss 0.0641 acc1 97.49%
2026-07-14 20:34:21 - __main__ - INFO - Val:   loss 1.4059 acc1 70.29%
2026-07-14 20:34:21 - __main__ - INFO - 
Epoch 61/100 | lr 0.037732
2026-07-14 20:35:20 - __main__ - INFO - Train: loss 0.0592 acc1 97.71%
2026-07-14 20:35:20 - __main__ - INFO - Val:   loss 1.3146 acc1 70.14%
2026-07-14 20:35:20 - __main__ - INFO - 
Epoch 62/100 | lr 0.036136
2026-07-14 20:36:19 - __main__ - INFO - Train: loss 0.0565 acc1 97.86%
2026-07-14 20:36:19 - __main__ - INFO - Val:   loss 1.3021 acc1 70.43%
2026-07-14 20:36:19 - __main__ - INFO - 
Epoch 63/100 | lr 0.034556
2026-07-14 20:37:19 - __main__ - INFO - Train: loss 0.0680 acc1 97.61%
2026-07-14 20:37:19 - __main__ - INFO - Val:   loss 1.4578 acc1 68.28%
2026-07-14 20:37:19 - __main__ - INFO - 
Epoch 64/100 | lr 0.032992
2026-07-14 20:38:18 - __main__ - INFO - Train: loss 0.2334 acc1 92.27%
2026-07-14 20:38:18 - __main__ - INFO - Val:   loss 1.5154 acc1 69.35%
2026-07-14 20:38:18 - __main__ - INFO - 
Epoch 65/100 | lr 0.031447
2026-07-14 20:39:15 - __main__ - INFO - Train: loss 0.0738 acc1 97.22%
2026-07-14 20:39:15 - __main__ - INFO - Val:   loss 1.4345 acc1 69.42%
2026-07-14 20:39:15 - __main__ - INFO - 
Epoch 66/100 | lr 0.029922
2026-07-14 20:40:13 - __main__ - INFO - Train: loss 0.0516 acc1 97.97%
2026-07-14 20:40:13 - __main__ - INFO - Val:   loss 1.3917 acc1 70.29%
2026-07-14 20:40:13 - __main__ - INFO - 
Epoch 67/100 | lr 0.028419
2026-07-14 20:41:14 - __main__ - INFO - Train: loss 0.0454 acc1 98.24%
2026-07-14 20:41:14 - __main__ - INFO - Val:   loss 1.3381 acc1 69.96%
2026-07-14 20:41:14 - __main__ - INFO - 
Epoch 68/100 | lr 0.026940
2026-07-14 20:42:14 - __main__ - INFO - Train: loss 0.0417 acc1 98.34%
2026-07-14 20:42:14 - __main__ - INFO - Val:   loss 1.3187 acc1 70.29%
2026-07-14 20:42:14 - __main__ - INFO - 
Epoch 69/100 | lr 0.025486
2026-07-14 20:43:14 - __main__ - INFO - Train: loss 0.0397 acc1 98.50%
2026-07-14 20:43:14 - __main__ - INFO - Val:   loss 1.3360 acc1 70.28%
2026-07-14 20:43:14 - __main__ - INFO - 
Epoch 70/100 | lr 0.024059
2026-07-14 20:44:12 - __main__ - INFO - Train: loss 0.0411 acc1 98.50%
2026-07-14 20:44:12 - __main__ - INFO - Val:   loss 1.3561 acc1 70.34%
2026-07-14 20:44:12 - __main__ - INFO - 
Epoch 71/100 | lr 0.022660
2026-07-14 20:45:11 - __main__ - INFO - Train: loss 0.0384 acc1 98.59%
2026-07-14 20:45:11 - __main__ - INFO - Val:   loss 1.3119 acc1 69.54%
2026-07-14 20:45:11 - __main__ - INFO - 
Epoch 72/100 | lr 0.021291
2026-07-14 20:46:12 - __main__ - INFO - Train: loss 0.0360 acc1 98.70%
2026-07-14 20:46:12 - __main__ - INFO - Val:   loss 1.3572 acc1 70.81%
2026-07-14 20:46:12 - __main__ - INFO - 
Epoch 73/100 | lr 0.019954
2026-07-14 20:47:12 - __main__ - INFO - Train: loss 0.0360 acc1 98.77%
2026-07-14 20:47:12 - __main__ - INFO - Val:   loss 1.3417 acc1 71.02%
2026-07-14 20:47:12 - __main__ - INFO - 
Epoch 74/100 | lr 0.018649
2026-07-14 20:48:11 - __main__ - INFO - Train: loss 0.0330 acc1 98.85%
2026-07-14 20:48:11 - __main__ - INFO - Val:   loss 1.3428 acc1 70.04%
2026-07-14 20:48:11 - __main__ - INFO - 
Epoch 75/100 | lr 0.017379
2026-07-14 20:49:09 - __main__ - INFO - Train: loss 0.0374 acc1 98.81%
2026-07-14 20:49:09 - __main__ - INFO - Val:   loss 1.3467 acc1 69.19%
2026-07-14 20:49:09 - __main__ - INFO - 
Epoch 76/100 | lr 0.016144
2026-07-14 20:50:09 - __main__ - INFO - Train: loss 0.0296 acc1 98.97%
2026-07-14 20:50:09 - __main__ - INFO - Val:   loss 1.3135 acc1 70.43%
2026-07-14 20:50:09 - __main__ - INFO - 
Epoch 77/100 | lr 0.014947
2026-07-14 20:51:09 - __main__ - INFO - Train: loss 0.0251 acc1 99.12%
2026-07-14 20:51:09 - __main__ - INFO - Val:   loss 1.3301 acc1 70.35%
2026-07-14 20:51:09 - __main__ - INFO - 
Epoch 78/100 | lr 0.013787
2026-07-14 20:52:09 - __main__ - INFO - Train: loss 0.0230 acc1 99.22%
2026-07-14 20:52:09 - __main__ - INFO - Val:   loss 1.3291 acc1 69.76%
2026-07-14 20:52:09 - __main__ - INFO - 
Epoch 79/100 | lr 0.012668
2026-07-14 20:53:08 - __main__ - INFO - Train: loss 0.0215 acc1 99.26%
2026-07-14 20:53:08 - __main__ - INFO - Val:   loss 1.3277 acc1 69.81%
2026-07-14 20:53:08 - __main__ - INFO - 
Epoch 80/100 | lr 0.011589
2026-07-14 20:54:07 - __main__ - INFO - Train: loss 0.0173 acc1 99.37%
2026-07-14 20:54:07 - __main__ - INFO - Val:   loss 1.2668 acc1 70.79%
2026-07-14 20:54:07 - __main__ - INFO - 
Epoch 81/100 | lr 0.010552
2026-07-14 20:55:08 - __main__ - INFO - Train: loss 0.0148 acc1 99.46%
2026-07-14 20:55:08 - __main__ - INFO - Val:   loss 1.2708 acc1 69.50%
2026-07-14 20:55:08 - __main__ - INFO - 
Epoch 82/100 | lr 0.009558
2026-07-14 20:56:06 - __main__ - INFO - Train: loss 0.0137 acc1 99.49%
2026-07-14 20:56:06 - __main__ - INFO - Val:   loss 1.2802 acc1 70.17%
2026-07-14 20:56:06 - __main__ - INFO - 
Epoch 83/100 | lr 0.008609
2026-07-14 20:57:07 - __main__ - INFO - Train: loss 0.0123 acc1 99.53%
2026-07-14 20:57:07 - __main__ - INFO - Val:   loss 1.2493 acc1 70.60%
2026-07-14 20:57:07 - __main__ - INFO - 
Epoch 84/100 | lr 0.007704
2026-07-14 20:58:04 - __main__ - INFO - Train: loss 0.0109 acc1 99.58%
2026-07-14 20:58:04 - __main__ - INFO - Val:   loss 1.2523 acc1 70.37%
2026-07-14 20:58:04 - __main__ - INFO - 
Epoch 85/100 | lr 0.006846
2026-07-14 20:59:02 - __main__ - INFO - Train: loss 0.0110 acc1 99.57%
2026-07-14 20:59:02 - __main__ - INFO - Val:   loss 1.2528 acc1 70.41%
2026-07-14 20:59:02 - __main__ - INFO - 
Epoch 86/100 | lr 0.006036
2026-07-14 21:00:02 - __main__ - INFO - Train: loss 0.0099 acc1 99.61%
2026-07-14 21:00:02 - __main__ - INFO - Val:   loss 1.2462 acc1 70.31%
2026-07-14 21:00:02 - __main__ - INFO - 
Epoch 87/100 | lr 0.005273
2026-07-14 21:01:01 - __main__ - INFO - Train: loss 0.0098 acc1 99.61%
2026-07-14 21:01:01 - __main__ - INFO - Val:   loss 1.2296 acc1 70.39%
2026-07-14 21:01:01 - __main__ - INFO - 
Epoch 88/100 | lr 0.004559
2026-07-14 21:02:00 - __main__ - INFO - Train: loss 0.0096 acc1 99.63%
2026-07-14 21:02:00 - __main__ - INFO - Val:   loss 1.2356 acc1 70.92%
2026-07-14 21:02:00 - __main__ - INFO - 
Epoch 89/100 | lr 0.003895
2026-07-14 21:03:00 - __main__ - INFO - Train: loss 0.0089 acc1 99.65%
2026-07-14 21:03:00 - __main__ - INFO - Val:   loss 1.2436 acc1 70.51%
2026-07-14 21:03:00 - __main__ - INFO - 
Epoch 90/100 | lr 0.003281
2026-07-14 21:03:59 - __main__ - INFO - Train: loss 0.0089 acc1 99.65%
2026-07-14 21:03:59 - __main__ - INFO - Val:   loss 1.2306 acc1 71.54%
2026-07-14 21:03:59 - __main__ - INFO - saved best: 71.54%
2026-07-14 21:03:59 - __main__ - INFO - 
Epoch 91/100 | lr 0.002719
2026-07-14 21:04:56 - __main__ - INFO - Train: loss 0.0087 acc1 99.67%
2026-07-14 21:04:56 - __main__ - INFO - Val:   loss 1.2267 acc1 71.20%
2026-07-14 21:04:56 - __main__ - INFO - 
Epoch 92/100 | lr 0.002208
2026-07-14 21:05:56 - __main__ - INFO - Train: loss 0.0086 acc1 99.67%
2026-07-14 21:05:56 - __main__ - INFO - Val:   loss 1.2352 acc1 70.90%
2026-07-14 21:05:56 - __main__ - INFO - 
Epoch 93/100 | lr 0.001749
2026-07-14 21:06:55 - __main__ - INFO - Train: loss 0.0084 acc1 99.66%
2026-07-14 21:06:55 - __main__ - INFO - Val:   loss 1.2350 acc1 70.95%
2026-07-14 21:06:55 - __main__ - INFO - 
Epoch 94/100 | lr 0.001344
2026-07-14 21:07:53 - __main__ - INFO - Train: loss 0.0082 acc1 99.69%
2026-07-14 21:07:53 - __main__ - INFO - Val:   loss 1.2336 acc1 71.46%
2026-07-14 21:07:53 - __main__ - INFO - 
Epoch 95/100 | lr 0.000991
2026-07-14 21:08:51 - __main__ - INFO - Train: loss 0.0080 acc1 99.69%
2026-07-14 21:08:51 - __main__ - INFO - Val:   loss 1.2275 acc1 71.33%
2026-07-14 21:08:51 - __main__ - INFO - 
Epoch 96/100 | lr 0.000692
2026-07-14 21:09:48 - __main__ - INFO - Train: loss 0.0080 acc1 99.68%
2026-07-14 21:09:48 - __main__ - INFO - Val:   loss 1.2323 acc1 71.30%
2026-07-14 21:09:48 - __main__ - INFO - 
Epoch 97/100 | lr 0.000447
2026-07-14 21:10:47 - __main__ - INFO - Train: loss 0.0079 acc1 99.70%
2026-07-14 21:10:47 - __main__ - INFO - Val:   loss 1.2464 acc1 71.52%
2026-07-14 21:10:47 - __main__ - INFO - 
Epoch 98/100 | lr 0.000256
2026-07-14 21:11:46 - __main__ - INFO - Train: loss 0.0078 acc1 99.70%
2026-07-14 21:11:46 - __main__ - INFO - Val:   loss 1.2421 acc1 71.21%
2026-07-14 21:11:46 - __main__ - INFO - 
Epoch 99/100 | lr 0.000119
2026-07-14 21:12:46 - __main__ - INFO - Train: loss 0.0078 acc1 99.70%
2026-07-14 21:12:46 - __main__ - INFO - Val:   loss 1.2450 acc1 71.30%
2026-07-14 21:12:46 - __main__ - INFO - 
Epoch 100/100 | lr 0.000037
2026-07-14 21:13:45 - __main__ - INFO - Train: loss 0.0078 acc1 99.70%
2026-07-14 21:13:45 - __main__ - INFO - Val:   loss 1.2408 acc1 70.90%
2026-07-14 21:13:45 - __main__ - INFO - Loaded best checkpoint weights for final test evaluation.
2026-07-14 21:13:47 - __main__ - INFO - 
Best tracked (val): 71.54%
2026-07-14 21:13:47 - __main__ - INFO - Final test: loss 1.2141 acc1 71.93%
2026-07-14 21:13:47 - __main__ - INFO - Saved best model checkpoint to runs/drive_zip/resnet18/43/resnet18_seed43_random_M4_area0.1/best_model.pt
