2026-06-26 01:18:54 - __main__ - INFO - Run parameters: {"adamw_betas": [0.9, 0.999], "adamw_eps": 1e-08, "amp": true, "batch_size": 64, "cam_layer": "auto", "cutout_area": 0.1, "cutout_m": 4, "cutout_mode": "random", "cutout_size": 0, "data_dir": "./data", "dataset": "malimg", "epochs": 20, "gamma": 0.1, "grayscale": true, "include_regex": "", "label_smoothing": 0.0, "log_every": 100, "lr": 0.1, "milestones": "60,80", "min_lr": 1e-05, "model": "resnet18", "momentum": 0.9, "nesterov": false, "num_workers": 4, "optimizer": "sgd", "out_dir": "runs/malimg", "run_name": "resnet18_seed42_random_M4_area0.1", "saliency_candidate_percent": 10.0, "scheduler": "cosine", "seed": 42, "teacher_checkpoint": "", "teacher_model": "", "val_split": 0.0, "warmup_epochs": 5, "weight_decay": 0.0005}
2026-06-26 01:18:54 - __main__ - INFO - device: cuda | cuda: True | gpu: NVIDIA L4
2026-06-26 01:18:55 - __main__ - INFO - Model: resnet18 | Dataset: malimg | Classes: 25 | Optimizer: sgd
2026-06-26 01:18:55 - __main__ - INFO - Cutout enabled: mode=random m=4 size=None area=0.1
2026-06-26 01:18:55 - __main__ - INFO - 
Epoch 1/20 | lr 0.000100
2026-06-26 01:19:52 - __main__ - INFO - Train: loss 1.8288 acc1 53.01%
2026-06-26 01:19:52 - __main__ - INFO - Val:   loss 1.1944 acc1 71.99%
2026-06-26 01:19:52 - __main__ - INFO - saved best: 71.99%
2026-06-26 01:19:52 - __main__ - INFO - 
Epoch 2/20 | lr 0.020080
2026-06-26 01:20:49 - __main__ - INFO - Train: loss 0.1448 acc1 95.69%
2026-06-26 01:20:49 - __main__ - INFO - Val:   loss 0.0687 acc1 97.67%
2026-06-26 01:20:49 - __main__ - INFO - saved best: 97.67%
2026-06-26 01:20:49 - __main__ - INFO - 
Epoch 3/20 | lr 0.040060
2026-06-26 01:21:45 - __main__ - INFO - Train: loss 0.0782 acc1 97.55%
2026-06-26 01:21:45 - __main__ - INFO - Val:   loss 0.0831 acc1 98.05%
2026-06-26 01:21:45 - __main__ - INFO - saved best: 98.05%
2026-06-26 01:21:45 - __main__ - INFO - 
Epoch 4/20 | lr 0.060040
2026-06-26 01:22:42 - __main__ - INFO - Train: loss 0.0687 acc1 97.96%
2026-06-26 01:22:42 - __main__ - INFO - Val:   loss 0.0986 acc1 97.18%
2026-06-26 01:22:42 - __main__ - INFO - 
Epoch 5/20 | lr 0.080020
2026-06-26 01:23:39 - __main__ - INFO - Train: loss 0.0625 acc1 98.09%
2026-06-26 01:23:39 - __main__ - INFO - Val:   loss 0.1558 acc1 96.86%
2026-06-26 01:23:39 - __main__ - INFO - 
Epoch 6/20 | lr 0.100000
2026-06-26 01:24:35 - __main__ - INFO - Train: loss 0.0642 acc1 98.05%
2026-06-26 01:24:35 - __main__ - INFO - Val:   loss 0.1682 acc1 94.63%
2026-06-26 01:24:35 - __main__ - INFO - 
Epoch 7/20 | lr 0.098907
2026-06-26 01:25:32 - __main__ - INFO - Train: loss 0.0527 acc1 98.48%
2026-06-26 01:25:32 - __main__ - INFO - Val:   loss 0.0896 acc1 98.09%
2026-06-26 01:25:32 - __main__ - INFO - saved best: 98.09%
2026-06-26 01:25:32 - __main__ - INFO - 
Epoch 8/20 | lr 0.095678
2026-06-26 01:26:28 - __main__ - INFO - Train: loss 0.0489 acc1 98.54%
2026-06-26 01:26:28 - __main__ - INFO - Val:   loss 0.0821 acc1 97.50%
2026-06-26 01:26:28 - __main__ - INFO - 
Epoch 9/20 | lr 0.090452
2026-06-26 01:27:24 - __main__ - INFO - Train: loss 0.0502 acc1 98.54%
2026-06-26 01:27:24 - __main__ - INFO - Val:   loss 0.0978 acc1 97.50%
2026-06-26 01:27:24 - __main__ - INFO - 
Epoch 10/20 | lr 0.083458
2026-06-26 01:28:21 - __main__ - INFO - Train: loss 0.0494 acc1 98.56%
2026-06-26 01:28:21 - __main__ - INFO - Val:   loss 0.0861 acc1 97.89%
2026-06-26 01:28:21 - __main__ - INFO - 
Epoch 11/20 | lr 0.075002
2026-06-26 01:29:17 - __main__ - INFO - Train: loss 0.0486 acc1 98.60%
2026-06-26 01:29:17 - __main__ - INFO - Val:   loss 1.1452 acc1 70.94%
2026-06-26 01:29:17 - __main__ - INFO - 
Epoch 12/20 | lr 0.065454
2026-06-26 01:30:14 - __main__ - INFO - Train: loss 0.0440 acc1 98.71%
2026-06-26 01:30:14 - __main__ - INFO - Val:   loss 0.0720 acc1 98.34%
2026-06-26 01:30:14 - __main__ - INFO - saved best: 98.34%
2026-06-26 01:30:14 - __main__ - INFO - 
Epoch 13/20 | lr 0.055231
2026-06-26 01:31:11 - __main__ - INFO - Train: loss 0.0398 acc1 98.85%
2026-06-26 01:31:11 - __main__ - INFO - Val:   loss 2.2582 acc1 65.60%
2026-06-26 01:31:11 - __main__ - INFO - 
Epoch 14/20 | lr 0.044779
2026-06-26 01:32:07 - __main__ - INFO - Train: loss 0.0408 acc1 98.81%
2026-06-26 01:32:07 - __main__ - INFO - Val:   loss 0.0847 acc1 97.99%
2026-06-26 01:32:07 - __main__ - INFO - 
Epoch 15/20 | lr 0.034556
2026-06-26 01:33:03 - __main__ - INFO - Train: loss 0.0374 acc1 98.87%
2026-06-26 01:33:03 - __main__ - INFO - Val:   loss 0.0881 acc1 98.09%
2026-06-26 01:33:03 - __main__ - INFO - 
Epoch 16/20 | lr 0.025008
2026-06-26 01:34:00 - __main__ - INFO - Train: loss 0.0372 acc1 98.87%
2026-06-26 01:34:00 - __main__ - INFO - Val:   loss 0.0792 acc1 97.83%
2026-06-26 01:34:00 - __main__ - INFO - 
Epoch 17/20 | lr 0.016552
2026-06-26 01:34:56 - __main__ - INFO - Train: loss 0.0370 acc1 98.87%
2026-06-26 01:34:56 - __main__ - INFO - Val:   loss 0.0809 acc1 97.92%
2026-06-26 01:34:56 - __main__ - INFO - 
Epoch 18/20 | lr 0.009558
2026-06-26 01:35:52 - __main__ - INFO - Train: loss 0.0369 acc1 98.87%
2026-06-26 01:35:52 - __main__ - INFO - Val:   loss 0.0829 acc1 97.83%
2026-06-26 01:35:52 - __main__ - INFO - 
Epoch 19/20 | lr 0.004332
2026-06-26 01:36:48 - __main__ - INFO - Train: loss 0.0367 acc1 98.87%
2026-06-26 01:36:48 - __main__ - INFO - Val:   loss 0.0833 acc1 97.83%
2026-06-26 01:36:48 - __main__ - INFO - 
Epoch 20/20 | lr 0.001103
2026-06-26 01:37:45 - __main__ - INFO - Train: loss 0.0366 acc1 98.87%
2026-06-26 01:37:45 - __main__ - INFO - Val:   loss 0.0799 acc1 97.92%
2026-06-26 01:37:45 - __main__ - INFO - Loaded best checkpoint weights for final test evaluation.
2026-06-26 01:37:47 - __main__ - INFO - 
Best tracked (val): 98.34%
2026-06-26 01:37:47 - __main__ - INFO - Final test: loss 0.0673 acc1 98.07%
2026-06-26 01:37:47 - __main__ - INFO - Saved best model checkpoint to runs/malimg/resnet18_seed42_random_M4_area0.1/best_model.pt
