2026-06-25 18:07:24 - __main__ - INFO - Run parameters: {"adamw_betas": [0.9, 0.999], "adamw_eps": 1e-08, "amp": true, "batch_size": 32, "cam_layer": "auto", "cutout_area": 0.1, "cutout_m": 4, "cutout_mode": "random", "cutout_size": 0, "data_dir": "./data", "dataset": "malimg", "epochs": 100, "gamma": 0.1, "grayscale": true, "include_regex": "", "label_smoothing": 0.0, "log_every": 100, "lr": 0.05, "milestones": "60,80", "min_lr": 1e-05, "model": "densenet121", "momentum": 0.9, "nesterov": false, "num_workers": 4, "optimizer": "sgd", "out_dir": "runs/malimg/42", "run_name": "densenet121_seed42_random_M4_area0.1", "saliency_candidate_percent": 10.0, "scheduler": "cosine", "seed": 42, "teacher_checkpoint": "", "teacher_model": "", "val_split": 0.0, "warmup_epochs": 5, "weight_decay": 0.0001}
2026-06-25 18:07:24 - __main__ - INFO - device: cuda | cuda: True | gpu: NVIDIA L4
2026-06-25 18:07:25 - __main__ - INFO - Model: densenet121 | Dataset: malimg | Classes: 25 | Optimizer: sgd
2026-06-25 18:07:25 - __main__ - INFO - Cutout enabled: mode=random m=4 size=None area=0.1
2026-06-25 18:07:25 - __main__ - INFO - 
Epoch 1/100 | lr 0.000050
2026-06-25 18:09:27 - __main__ - INFO - Train: loss 1.8864 acc1 52.63%
2026-06-25 18:09:27 - __main__ - INFO - Val:   loss 1.2160 acc1 69.26%
2026-06-25 18:09:27 - __main__ - INFO - saved best: 69.26%
2026-06-25 18:09:27 - __main__ - INFO - 
Epoch 2/100 | lr 0.010040
2026-06-25 18:11:26 - __main__ - INFO - Train: loss 0.1568 acc1 95.45%
2026-06-25 18:11:26 - __main__ - INFO - Val:   loss 0.1128 acc1 96.66%
2026-06-25 18:11:26 - __main__ - INFO - saved best: 96.66%
2026-06-25 18:11:26 - __main__ - INFO - 
Epoch 3/100 | lr 0.020030
2026-06-25 18:13:25 - __main__ - INFO - Train: loss 0.0829 acc1 97.35%
2026-06-25 18:13:25 - __main__ - INFO - Val:   loss 0.1388 acc1 94.95%
2026-06-25 18:13:25 - __main__ - INFO - 
Epoch 4/100 | lr 0.030020
2026-06-25 18:15:24 - __main__ - INFO - Train: loss 0.0759 acc1 97.59%
2026-06-25 18:15:24 - __main__ - INFO - Val:   loss 0.0687 acc1 97.69%
2026-06-25 18:15:24 - __main__ - INFO - saved best: 97.69%
2026-06-25 18:15:24 - __main__ - INFO - 
Epoch 5/100 | lr 0.040010
2026-06-25 18:17:23 - __main__ - INFO - Train: loss 0.0543 acc1 98.27%
2026-06-25 18:17:23 - __main__ - INFO - Val:   loss 0.0816 acc1 96.96%
2026-06-25 18:17:23 - __main__ - INFO - 
Epoch 6/100 | lr 0.050000
2026-06-25 18:19:22 - __main__ - INFO - Train: loss 0.0523 acc1 98.40%
2026-06-25 18:19:22 - __main__ - INFO - Val:   loss 0.0858 acc1 98.31%
2026-06-25 18:19:22 - __main__ - INFO - saved best: 98.31%
2026-06-25 18:19:22 - __main__ - INFO - 
Epoch 7/100 | lr 0.049986
2026-06-25 18:21:21 - __main__ - INFO - Train: loss 0.0495 acc1 98.46%
2026-06-25 18:21:21 - __main__ - INFO - Val:   loss 0.0771 acc1 98.15%
2026-06-25 18:21:21 - __main__ - INFO - 
Epoch 8/100 | lr 0.049945
2026-06-25 18:23:20 - __main__ - INFO - Train: loss 0.0410 acc1 98.76%
2026-06-25 18:23:20 - __main__ - INFO - Val:   loss 0.0650 acc1 98.31%
2026-06-25 18:23:20 - __main__ - INFO - 
Epoch 9/100 | lr 0.049877
2026-06-25 18:25:19 - __main__ - INFO - Train: loss 0.0395 acc1 98.82%
2026-06-25 18:25:19 - __main__ - INFO - Val:   loss 0.0854 acc1 97.99%
2026-06-25 18:25:19 - __main__ - INFO - 
Epoch 10/100 | lr 0.049782
2026-06-25 18:27:18 - __main__ - INFO - Train: loss 0.0415 acc1 98.72%
2026-06-25 18:27:18 - __main__ - INFO - Val:   loss 0.1031 acc1 97.57%
2026-06-25 18:27:18 - __main__ - INFO - 
Epoch 11/100 | lr 0.049659
2026-06-25 18:29:17 - __main__ - INFO - Train: loss 0.0385 acc1 98.83%
2026-06-25 18:29:17 - __main__ - INFO - Val:   loss 0.0704 acc1 98.25%
2026-06-25 18:29:17 - __main__ - INFO - 
Epoch 12/100 | lr 0.049510
2026-06-25 18:31:17 - __main__ - INFO - Train: loss 0.0366 acc1 98.87%
2026-06-25 18:31:17 - __main__ - INFO - Val:   loss 0.0704 acc1 98.31%
2026-06-25 18:31:17 - __main__ - INFO - 
Epoch 13/100 | lr 0.049333
2026-06-25 18:33:16 - __main__ - INFO - Train: loss 0.0366 acc1 98.87%
2026-06-25 18:33:16 - __main__ - INFO - Val:   loss 0.0723 acc1 98.31%
2026-06-25 18:33:16 - __main__ - INFO - 
Epoch 14/100 | lr 0.049130
2026-06-25 18:35:16 - __main__ - INFO - Train: loss 0.0367 acc1 98.87%
2026-06-25 18:35:16 - __main__ - INFO - Val:   loss 0.0693 acc1 98.15%
2026-06-25 18:35:16 - __main__ - INFO - 
Epoch 15/100 | lr 0.048901
2026-06-25 18:37:15 - __main__ - INFO - Train: loss 0.0544 acc1 98.41%
2026-06-25 18:37:15 - __main__ - INFO - Val:   loss 0.0938 acc1 97.47%
2026-06-25 18:37:15 - __main__ - INFO - 
Epoch 16/100 | lr 0.048646
2026-06-25 18:39:14 - __main__ - INFO - Train: loss 0.0452 acc1 98.63%
2026-06-25 18:39:14 - __main__ - INFO - Val:   loss 0.0781 acc1 98.31%
2026-06-25 18:39:14 - __main__ - INFO - 
Epoch 17/100 | lr 0.048364
2026-06-25 18:41:14 - __main__ - INFO - Train: loss 0.0389 acc1 98.81%
2026-06-25 18:41:14 - __main__ - INFO - Val:   loss 0.0741 acc1 98.21%
2026-06-25 18:41:14 - __main__ - INFO - 
Epoch 18/100 | lr 0.048058
2026-06-25 18:43:13 - __main__ - INFO - Train: loss 0.0398 acc1 98.74%
2026-06-25 18:43:13 - __main__ - INFO - Val:   loss 0.0709 acc1 98.09%
2026-06-25 18:43:13 - __main__ - INFO - 
Epoch 19/100 | lr 0.047726
2026-06-25 18:45:13 - __main__ - INFO - Train: loss 0.0365 acc1 98.87%
2026-06-25 18:45:13 - __main__ - INFO - Val:   loss 0.0778 acc1 98.21%
2026-06-25 18:45:13 - __main__ - INFO - 
Epoch 20/100 | lr 0.047369
2026-06-25 18:47:11 - __main__ - INFO - Train: loss 0.0371 acc1 98.87%
2026-06-25 18:47:11 - __main__ - INFO - Val:   loss 0.0760 acc1 98.05%
2026-06-25 18:47:11 - __main__ - INFO - 
Epoch 21/100 | lr 0.046987
2026-06-25 18:49:10 - __main__ - INFO - Train: loss 0.0364 acc1 98.87%
2026-06-25 18:49:10 - __main__ - INFO - Val:   loss 0.0786 acc1 98.15%
2026-06-25 18:49:10 - __main__ - INFO - 
Epoch 22/100 | lr 0.046582
2026-06-25 18:51:09 - __main__ - INFO - Train: loss 0.0360 acc1 98.87%
2026-06-25 18:51:09 - __main__ - INFO - Val:   loss 0.0885 acc1 98.21%
2026-06-25 18:51:09 - __main__ - INFO - 
Epoch 23/100 | lr 0.046153
2026-06-25 18:53:07 - __main__ - INFO - Train: loss 0.0467 acc1 98.61%
2026-06-25 18:53:07 - __main__ - INFO - Val:   loss 0.0537 acc1 99.29%
2026-06-25 18:53:07 - __main__ - INFO - saved best: 99.29%
2026-06-25 18:53:07 - __main__ - INFO - 
Epoch 24/100 | lr 0.045701
2026-06-25 18:55:06 - __main__ - INFO - Train: loss 0.0472 acc1 98.59%
2026-06-25 18:55:06 - __main__ - INFO - Val:   loss 0.0817 acc1 97.69%
2026-06-25 18:55:06 - __main__ - INFO - 
Epoch 25/100 | lr 0.045226
2026-06-25 18:57:04 - __main__ - INFO - Train: loss 0.0415 acc1 98.69%
2026-06-25 18:57:04 - __main__ - INFO - Val:   loss 0.0808 acc1 97.99%
2026-06-25 18:57:04 - __main__ - INFO - 
Epoch 26/100 | lr 0.044730
2026-06-25 18:59:02 - __main__ - INFO - Train: loss 0.0368 acc1 98.88%
2026-06-25 18:59:02 - __main__ - INFO - Val:   loss 0.0828 acc1 97.76%
2026-06-25 18:59:02 - __main__ - INFO - 
Epoch 27/100 | lr 0.044211
2026-06-25 19:01:01 - __main__ - INFO - Train: loss 0.0261 acc1 99.22%
2026-06-25 19:01:01 - __main__ - INFO - Val:   loss 0.0422 acc1 99.13%
2026-06-25 19:01:01 - __main__ - INFO - 
Epoch 28/100 | lr 0.043672
2026-06-25 19:02:59 - __main__ - INFO - Train: loss 0.0255 acc1 99.31%
2026-06-25 19:02:59 - __main__ - INFO - Val:   loss 0.0438 acc1 98.58%
2026-06-25 19:02:59 - __main__ - INFO - 
Epoch 29/100 | lr 0.043112
2026-06-25 19:04:57 - __main__ - INFO - Train: loss 0.0218 acc1 99.40%
2026-06-25 19:04:57 - __main__ - INFO - Val:   loss 0.0834 acc1 97.99%
2026-06-25 19:04:57 - __main__ - INFO - 
Epoch 30/100 | lr 0.042532
2026-06-25 19:06:55 - __main__ - INFO - Train: loss 0.0369 acc1 98.86%
2026-06-25 19:06:55 - __main__ - INFO - Val:   loss 0.0810 acc1 98.25%
2026-06-25 19:06:55 - __main__ - INFO - 
Epoch 31/100 | lr 0.041934
2026-06-25 19:08:54 - __main__ - INFO - Train: loss 0.0353 acc1 98.94%
2026-06-25 19:08:54 - __main__ - INFO - Val:   loss 0.0831 acc1 97.99%
2026-06-25 19:08:54 - __main__ - INFO - 
Epoch 32/100 | lr 0.041316
2026-06-25 19:10:52 - __main__ - INFO - Train: loss 0.0316 acc1 99.03%
2026-06-25 19:10:52 - __main__ - INFO - Val:   loss 0.0412 acc1 98.87%
2026-06-25 19:10:52 - __main__ - INFO - 
Epoch 33/100 | lr 0.040681
2026-06-25 19:12:50 - __main__ - INFO - Train: loss 0.0034 acc1 99.92%
2026-06-25 19:12:50 - __main__ - INFO - Val:   loss 0.0430 acc1 99.03%
2026-06-25 19:12:50 - __main__ - INFO - 
Epoch 34/100 | lr 0.040029
2026-06-25 19:14:49 - __main__ - INFO - Train: loss 0.0110 acc1 99.74%
2026-06-25 19:14:49 - __main__ - INFO - Val:   loss 0.0479 acc1 98.90%
2026-06-25 19:14:49 - __main__ - INFO - 
Epoch 35/100 | lr 0.039360
2026-06-25 19:16:47 - __main__ - INFO - Train: loss 0.0059 acc1 99.89%
2026-06-25 19:16:47 - __main__ - INFO - Val:   loss 0.1326 acc1 95.53%
2026-06-25 19:16:47 - __main__ - INFO - 
Epoch 36/100 | lr 0.038676
2026-06-25 19:18:45 - __main__ - INFO - Train: loss 0.0035 acc1 99.93%
2026-06-25 19:18:45 - __main__ - INFO - Val:   loss 0.0498 acc1 98.87%
2026-06-25 19:18:45 - __main__ - INFO - 
Epoch 37/100 | lr 0.037977
2026-06-25 19:20:44 - __main__ - INFO - Train: loss 0.0008 acc1 99.99%
2026-06-25 19:20:44 - __main__ - INFO - Val:   loss 0.0490 acc1 99.19%
2026-06-25 19:20:44 - __main__ - INFO - 
Epoch 38/100 | lr 0.037263
2026-06-25 19:22:42 - __main__ - INFO - Train: loss 0.0111 acc1 99.72%
2026-06-25 19:22:42 - __main__ - INFO - Val:   loss 0.0898 acc1 97.86%
2026-06-25 19:22:42 - __main__ - INFO - 
Epoch 39/100 | lr 0.036536
2026-06-25 19:24:40 - __main__ - INFO - Train: loss 0.0351 acc1 99.02%
2026-06-25 19:24:40 - __main__ - INFO - Val:   loss 0.0551 acc1 98.35%
2026-06-25 19:24:40 - __main__ - INFO - 
Epoch 40/100 | lr 0.035797
2026-06-25 19:26:39 - __main__ - INFO - Train: loss 0.0089 acc1 99.82%
2026-06-25 19:26:39 - __main__ - INFO - Val:   loss 0.0430 acc1 98.80%
2026-06-25 19:26:39 - __main__ - INFO - 
Epoch 41/100 | lr 0.035045
2026-06-25 19:28:38 - __main__ - INFO - Train: loss 0.0050 acc1 99.88%
2026-06-25 19:28:38 - __main__ - INFO - Val:   loss 0.0332 acc1 98.87%
2026-06-25 19:28:38 - __main__ - INFO - 
Epoch 42/100 | lr 0.034283
2026-06-25 19:30:36 - __main__ - INFO - Train: loss 0.0027 acc1 99.95%
2026-06-25 19:30:36 - __main__ - INFO - Val:   loss 0.0400 acc1 99.29%
2026-06-25 19:30:36 - __main__ - INFO - 
Epoch 43/100 | lr 0.033511
2026-06-25 19:32:34 - __main__ - INFO - Train: loss 0.0016 acc1 99.97%
2026-06-25 19:32:34 - __main__ - INFO - Val:   loss 0.0407 acc1 99.19%
2026-06-25 19:32:34 - __main__ - INFO - 
Epoch 44/100 | lr 0.032729
2026-06-25 19:34:33 - __main__ - INFO - Train: loss 0.0011 acc1 99.98%
2026-06-25 19:34:33 - __main__ - INFO - Val:   loss 0.0401 acc1 99.03%
2026-06-25 19:34:33 - __main__ - INFO - 
Epoch 45/100 | lr 0.031939
2026-06-25 19:36:31 - __main__ - INFO - Train: loss 0.0007 acc1 99.99%
2026-06-25 19:36:31 - __main__ - INFO - Val:   loss 0.0456 acc1 99.03%
2026-06-25 19:36:31 - __main__ - INFO - 
Epoch 46/100 | lr 0.031141
2026-06-25 19:38:29 - __main__ - INFO - Train: loss 0.0006 acc1 100.00%
2026-06-25 19:38:29 - __main__ - INFO - Val:   loss 0.0418 acc1 99.19%
2026-06-25 19:38:29 - __main__ - INFO - 
Epoch 47/100 | lr 0.030336
2026-06-25 19:40:27 - __main__ - INFO - Train: loss 0.0008 acc1 99.99%
2026-06-25 19:40:27 - __main__ - INFO - Val:   loss 0.0450 acc1 99.03%
2026-06-25 19:40:27 - __main__ - INFO - 
Epoch 48/100 | lr 0.029526
2026-06-25 19:42:26 - __main__ - INFO - Train: loss 0.0007 acc1 100.00%
2026-06-25 19:42:26 - __main__ - INFO - Val:   loss 0.0442 acc1 99.03%
2026-06-25 19:42:26 - __main__ - INFO - 
Epoch 49/100 | lr 0.028711
2026-06-25 19:44:24 - __main__ - INFO - Train: loss 0.0006 acc1 100.00%
2026-06-25 19:44:24 - __main__ - INFO - Val:   loss 0.0455 acc1 99.03%
2026-06-25 19:44:24 - __main__ - INFO - 
Epoch 50/100 | lr 0.027892
2026-06-25 19:46:23 - __main__ - INFO - Train: loss 0.0006 acc1 100.00%
2026-06-25 19:46:23 - __main__ - INFO - Val:   loss 0.0430 acc1 99.03%
2026-06-25 19:46:23 - __main__ - INFO - 
Epoch 51/100 | lr 0.027069
2026-06-25 19:48:22 - __main__ - INFO - Train: loss 0.0006 acc1 100.00%
2026-06-25 19:48:22 - __main__ - INFO - Val:   loss 0.0426 acc1 99.19%
2026-06-25 19:48:22 - __main__ - INFO - 
Epoch 52/100 | lr 0.026244
2026-06-25 19:50:20 - __main__ - INFO - Train: loss 0.0006 acc1 100.00%
2026-06-25 19:50:20 - __main__ - INFO - Val:   loss 0.0436 acc1 99.19%
2026-06-25 19:50:20 - __main__ - INFO - 
Epoch 53/100 | lr 0.025418
2026-06-25 19:52:19 - __main__ - INFO - Train: loss 0.0006 acc1 100.00%
2026-06-25 19:52:19 - __main__ - INFO - Val:   loss 0.0419 acc1 99.19%
2026-06-25 19:52:19 - __main__ - INFO - 
Epoch 54/100 | lr 0.024592
2026-06-25 19:54:17 - __main__ - INFO - Train: loss 0.0006 acc1 100.00%
2026-06-25 19:54:17 - __main__ - INFO - Val:   loss 0.0456 acc1 99.19%
2026-06-25 19:54:17 - __main__ - INFO - 
Epoch 55/100 | lr 0.023766
2026-06-25 19:56:16 - __main__ - INFO - Train: loss 0.0006 acc1 100.00%
2026-06-25 19:56:16 - __main__ - INFO - Val:   loss 0.0435 acc1 99.19%
2026-06-25 19:56:16 - __main__ - INFO - 
Epoch 56/100 | lr 0.022941
2026-06-25 19:58:13 - __main__ - INFO - Train: loss 0.0124 acc1 99.71%
2026-06-25 19:58:13 - __main__ - INFO - Val:   loss 0.2838 acc1 94.22%
2026-06-25 19:58:13 - __main__ - INFO - 
Epoch 57/100 | lr 0.022118
2026-06-25 20:00:12 - __main__ - INFO - Train: loss 0.0394 acc1 98.89%
2026-06-25 20:00:12 - __main__ - INFO - Val:   loss 0.0519 acc1 98.80%
2026-06-25 20:00:12 - __main__ - INFO - 
Epoch 58/100 | lr 0.021299
2026-06-25 20:02:10 - __main__ - INFO - Train: loss 0.0266 acc1 99.26%
2026-06-25 20:02:10 - __main__ - INFO - Val:   loss 0.0704 acc1 97.83%
2026-06-25 20:02:10 - __main__ - INFO - 
Epoch 59/100 | lr 0.020484
2026-06-25 20:04:08 - __main__ - INFO - Train: loss 0.0429 acc1 98.71%
2026-06-25 20:04:08 - __main__ - INFO - Val:   loss 0.0768 acc1 98.25%
2026-06-25 20:04:08 - __main__ - INFO - 
Epoch 60/100 | lr 0.019674
2026-06-25 20:06:07 - __main__ - INFO - Train: loss 0.0158 acc1 99.48%
2026-06-25 20:06:07 - __main__ - INFO - Val:   loss 0.0487 acc1 99.06%
2026-06-25 20:06:07 - __main__ - INFO - 
Epoch 61/100 | lr 0.018869
2026-06-25 20:08:05 - __main__ - INFO - Train: loss 0.0026 acc1 99.95%
2026-06-25 20:08:05 - __main__ - INFO - Val:   loss 0.1103 acc1 97.86%
2026-06-25 20:08:05 - __main__ - INFO - 
Epoch 62/100 | lr 0.018071
2026-06-25 20:10:04 - __main__ - INFO - Train: loss 0.0387 acc1 98.83%
2026-06-25 20:10:04 - __main__ - INFO - Val:   loss 0.0818 acc1 97.99%
2026-06-25 20:10:04 - __main__ - INFO - 
Epoch 63/100 | lr 0.017281
2026-06-25 20:12:03 - __main__ - INFO - Train: loss 0.0385 acc1 98.78%
2026-06-25 20:12:03 - __main__ - INFO - Val:   loss 0.0667 acc1 98.21%
2026-06-25 20:12:03 - __main__ - INFO - 
Epoch 64/100 | lr 0.016499
2026-06-25 20:14:01 - __main__ - INFO - Train: loss 0.0320 acc1 99.04%
2026-06-25 20:14:01 - __main__ - INFO - Val:   loss 0.0783 acc1 98.21%
2026-06-25 20:14:01 - __main__ - INFO - 
Epoch 65/100 | lr 0.015727
2026-06-25 20:15:58 - __main__ - INFO - Train: loss 0.0380 acc1 98.83%
2026-06-25 20:15:58 - __main__ - INFO - Val:   loss 0.0792 acc1 97.89%
2026-06-25 20:15:58 - __main__ - INFO - 
Epoch 66/100 | lr 0.014965
2026-06-25 20:17:57 - __main__ - INFO - Train: loss 0.0359 acc1 98.87%
2026-06-25 20:17:57 - __main__ - INFO - Val:   loss 0.0782 acc1 98.21%
2026-06-25 20:17:57 - __main__ - INFO - 
Epoch 67/100 | lr 0.014213
2026-06-25 20:19:56 - __main__ - INFO - Train: loss 0.0119 acc1 99.63%
2026-06-25 20:19:56 - __main__ - INFO - Val:   loss 0.0545 acc1 99.03%
2026-06-25 20:19:56 - __main__ - INFO - 
Epoch 68/100 | lr 0.013474
2026-06-25 20:21:55 - __main__ - INFO - Train: loss 0.0070 acc1 99.80%
2026-06-25 20:21:55 - __main__ - INFO - Val:   loss 0.0862 acc1 98.21%
2026-06-25 20:21:55 - __main__ - INFO - 
Epoch 69/100 | lr 0.012747
2026-06-25 20:23:53 - __main__ - INFO - Train: loss 0.0120 acc1 99.63%
2026-06-25 20:23:53 - __main__ - INFO - Val:   loss 0.0448 acc1 99.03%
2026-06-25 20:23:53 - __main__ - INFO - 
Epoch 70/100 | lr 0.012033
2026-06-25 20:25:52 - __main__ - INFO - Train: loss 0.0015 acc1 99.98%
2026-06-25 20:25:52 - __main__ - INFO - Val:   loss 0.0462 acc1 99.03%
2026-06-25 20:25:52 - __main__ - INFO - 
Epoch 71/100 | lr 0.011334
2026-06-25 20:27:50 - __main__ - INFO - Train: loss 0.0006 acc1 100.00%
2026-06-25 20:27:50 - __main__ - INFO - Val:   loss 0.0486 acc1 99.03%
2026-06-25 20:27:50 - __main__ - INFO - 
Epoch 72/100 | lr 0.010650
2026-06-25 20:29:48 - __main__ - INFO - Train: loss 0.0005 acc1 100.00%
2026-06-25 20:29:48 - __main__ - INFO - Val:   loss 0.0525 acc1 99.03%
2026-06-25 20:29:48 - __main__ - INFO - 
Epoch 73/100 | lr 0.009981
2026-06-25 20:31:47 - __main__ - INFO - Train: loss 0.0005 acc1 100.00%
2026-06-25 20:31:47 - __main__ - INFO - Val:   loss 0.0471 acc1 99.03%
2026-06-25 20:31:47 - __main__ - INFO - 
Epoch 74/100 | lr 0.009329
2026-06-25 20:33:45 - __main__ - INFO - Train: loss 0.0005 acc1 100.00%
2026-06-25 20:33:45 - __main__ - INFO - Val:   loss 0.0476 acc1 99.19%
2026-06-25 20:33:45 - __main__ - INFO - 
Epoch 75/100 | lr 0.008694
2026-06-25 20:35:41 - __main__ - INFO - Train: loss 0.0005 acc1 100.00%
2026-06-25 20:35:41 - __main__ - INFO - Val:   loss 0.0491 acc1 99.03%
2026-06-25 20:35:41 - __main__ - INFO - 
Epoch 76/100 | lr 0.008076
2026-06-25 20:37:39 - __main__ - INFO - Train: loss 0.0005 acc1 100.00%
2026-06-25 20:37:39 - __main__ - INFO - Val:   loss 0.0495 acc1 99.03%
2026-06-25 20:37:39 - __main__ - INFO - 
Epoch 77/100 | lr 0.007478
2026-06-25 20:39:36 - __main__ - INFO - Train: loss 0.0004 acc1 100.00%
2026-06-25 20:39:36 - __main__ - INFO - Val:   loss 0.0467 acc1 99.03%
2026-06-25 20:39:36 - __main__ - INFO - 
Epoch 78/100 | lr 0.006898
2026-06-25 20:41:33 - __main__ - INFO - Train: loss 0.0004 acc1 100.00%
2026-06-25 20:41:33 - __main__ - INFO - Val:   loss 0.0474 acc1 99.03%
2026-06-25 20:41:33 - __main__ - INFO - 
Epoch 79/100 | lr 0.006338
2026-06-25 20:43:31 - __main__ - INFO - Train: loss 0.0005 acc1 100.00%
2026-06-25 20:43:31 - __main__ - INFO - Val:   loss 0.0489 acc1 99.03%
2026-06-25 20:43:31 - __main__ - INFO - 
Epoch 80/100 | lr 0.005799
2026-06-25 20:45:28 - __main__ - INFO - Train: loss 0.0004 acc1 100.00%
2026-06-25 20:45:28 - __main__ - INFO - Val:   loss 0.0500 acc1 99.03%
2026-06-25 20:45:28 - __main__ - INFO - 
Epoch 81/100 | lr 0.005280
2026-06-25 20:47:25 - __main__ - INFO - Train: loss 0.0005 acc1 100.00%
2026-06-25 20:47:25 - __main__ - INFO - Val:   loss 0.0481 acc1 99.03%
2026-06-25 20:47:25 - __main__ - INFO - 
Epoch 82/100 | lr 0.004784
2026-06-25 20:49:23 - __main__ - INFO - Train: loss 0.0005 acc1 100.00%
2026-06-25 20:49:23 - __main__ - INFO - Val:   loss 0.0477 acc1 99.03%
2026-06-25 20:49:23 - __main__ - INFO - 
Epoch 83/100 | lr 0.004309
2026-06-25 20:51:20 - __main__ - INFO - Train: loss 0.0005 acc1 100.00%
2026-06-25 20:51:20 - __main__ - INFO - Val:   loss 0.0478 acc1 99.03%
2026-06-25 20:51:20 - __main__ - INFO - 
Epoch 84/100 | lr 0.003857
2026-06-25 20:53:17 - __main__ - INFO - Train: loss 0.0005 acc1 100.00%
2026-06-25 20:53:17 - __main__ - INFO - Val:   loss 0.0476 acc1 99.03%
2026-06-25 20:53:17 - __main__ - INFO - 
Epoch 85/100 | lr 0.003428
2026-06-25 20:55:15 - __main__ - INFO - Train: loss 0.0005 acc1 100.00%
2026-06-25 20:55:15 - __main__ - INFO - Val:   loss 0.0484 acc1 99.03%
2026-06-25 20:55:15 - __main__ - INFO - 
Epoch 86/100 | lr 0.003023
2026-06-25 20:57:13 - __main__ - INFO - Train: loss 0.0005 acc1 100.00%
2026-06-25 20:57:13 - __main__ - INFO - Val:   loss 0.0460 acc1 99.03%
2026-06-25 20:57:13 - __main__ - INFO - 
Epoch 87/100 | lr 0.002641
2026-06-25 20:59:10 - __main__ - INFO - Train: loss 0.0005 acc1 100.00%
2026-06-25 20:59:10 - __main__ - INFO - Val:   loss 0.0455 acc1 99.19%
2026-06-25 20:59:10 - __main__ - INFO - 
Epoch 88/100 | lr 0.002284
2026-06-25 21:01:08 - __main__ - INFO - Train: loss 0.0005 acc1 100.00%
2026-06-25 21:01:08 - __main__ - INFO - Val:   loss 0.0478 acc1 99.03%
2026-06-25 21:01:08 - __main__ - INFO - 
Epoch 89/100 | lr 0.001952
2026-06-25 21:03:05 - __main__ - INFO - Train: loss 0.0005 acc1 100.00%
2026-06-25 21:03:05 - __main__ - INFO - Val:   loss 0.0482 acc1 99.03%
2026-06-25 21:03:05 - __main__ - INFO - 
Epoch 90/100 | lr 0.001646
2026-06-25 21:05:03 - __main__ - INFO - Train: loss 0.0005 acc1 100.00%
2026-06-25 21:05:03 - __main__ - INFO - Val:   loss 0.0482 acc1 99.19%
2026-06-25 21:05:03 - __main__ - INFO - 
Epoch 91/100 | lr 0.001364
2026-06-25 21:07:01 - __main__ - INFO - Train: loss 0.0005 acc1 100.00%
2026-06-25 21:07:01 - __main__ - INFO - Val:   loss 0.0464 acc1 99.19%
2026-06-25 21:07:01 - __main__ - INFO - 
Epoch 92/100 | lr 0.001109
2026-06-25 21:08:58 - __main__ - INFO - Train: loss 0.0005 acc1 100.00%
2026-06-25 21:08:58 - __main__ - INFO - Val:   loss 0.0468 acc1 99.19%
2026-06-25 21:08:58 - __main__ - INFO - 
Epoch 93/100 | lr 0.000880
2026-06-25 21:10:55 - __main__ - INFO - Train: loss 0.0005 acc1 100.00%
2026-06-25 21:10:55 - __main__ - INFO - Val:   loss 0.0474 acc1 99.19%
2026-06-25 21:10:55 - __main__ - INFO - 
Epoch 94/100 | lr 0.000677
2026-06-25 21:12:53 - __main__ - INFO - Train: loss 0.0005 acc1 100.00%
2026-06-25 21:12:53 - __main__ - INFO - Val:   loss 0.0478 acc1 99.03%
2026-06-25 21:12:53 - __main__ - INFO - 
Epoch 95/100 | lr 0.000500
2026-06-25 21:14:50 - __main__ - INFO - Train: loss 0.0005 acc1 100.00%
2026-06-25 21:14:50 - __main__ - INFO - Val:   loss 0.0479 acc1 99.03%
2026-06-25 21:14:50 - __main__ - INFO - 
Epoch 96/100 | lr 0.000351
2026-06-25 21:16:48 - __main__ - INFO - Train: loss 0.0005 acc1 100.00%
2026-06-25 21:16:48 - __main__ - INFO - Val:   loss 0.0470 acc1 99.19%
2026-06-25 21:16:48 - __main__ - INFO - 
Epoch 97/100 | lr 0.000228
2026-06-25 21:18:45 - __main__ - INFO - Train: loss 0.0005 acc1 100.00%
2026-06-25 21:18:45 - __main__ - INFO - Val:   loss 0.0494 acc1 99.03%
2026-06-25 21:18:45 - __main__ - INFO - 
Epoch 98/100 | lr 0.000133
2026-06-25 21:20:43 - __main__ - INFO - Train: loss 0.0005 acc1 100.00%
2026-06-25 21:20:43 - __main__ - INFO - Val:   loss 0.0448 acc1 99.03%
2026-06-25 21:20:43 - __main__ - INFO - 
Epoch 99/100 | lr 0.000065
2026-06-25 21:22:40 - __main__ - INFO - Train: loss 0.0005 acc1 100.00%
2026-06-25 21:22:40 - __main__ - INFO - Val:   loss 0.0482 acc1 99.19%
2026-06-25 21:22:40 - __main__ - INFO - 
Epoch 100/100 | lr 0.000024
2026-06-25 21:24:38 - __main__ - INFO - Train: loss 0.0005 acc1 100.00%
2026-06-25 21:24:38 - __main__ - INFO - Val:   loss 0.0476 acc1 99.03%
2026-06-25 21:24:38 - __main__ - INFO - Loaded best checkpoint weights for final test evaluation.
2026-06-25 21:24:41 - __main__ - INFO - 
Best tracked (val): 99.29%
2026-06-25 21:24:41 - __main__ - INFO - Final test: loss 0.0586 acc1 99.41%
2026-06-25 21:24:41 - __main__ - INFO - Saved best model checkpoint to runs/malimg/42/densenet121_seed42_random_M4_area0.1/best_model.pt
