2026-06-18 17:00:10 - __main__ - INFO - Run parameters: {"adamw_betas": [0.9, 0.999], "adamw_eps": 1e-08, "amp": true, "batch_size": 32, "cam_layer": "auto", "cutout_area": 0.1, "cutout_m": 4, "cutout_mode": "random", "cutout_size": 0, "data_dir": "./data", "dataset": "drive_zip", "epochs": 100, "gamma": 0.1, "grayscale": true, "include_regex": "_grayscale\\.tiff$", "label_smoothing": 0.0, "log_every": 100, "lr": 0.05, "milestones": "60,80", "min_lr": 1e-05, "model": "densenet121", "momentum": 0.9, "nesterov": false, "num_workers": 4, "optimizer": "sgd", "out_dir": "runs/drive_zip/42", "run_name": "densenet121_seed42_random_M4_area0.1", "saliency_candidate_percent": 10.0, "scheduler": "cosine", "seed": 42, "teacher_checkpoint": "", "teacher_model": "", "val_split": 0.1, "warmup_epochs": 5, "weight_decay": 0.0001}
2026-06-18 17:00:10 - __main__ - INFO - device: cuda | cuda: True | gpu: NVIDIA L4
2026-06-18 17:02:04 - __main__ - INFO - Model: densenet121 | Dataset: drive_zip | Classes: 17 | Optimizer: sgd
2026-06-18 17:02:04 - __main__ - INFO - Cutout enabled: mode=random m=4 size=None area=0.1
2026-06-18 17:02:04 - __main__ - INFO - 
Epoch 1/100 | lr 0.000050
2026-06-18 17:05:45 - __main__ - INFO - Train: loss 2.6336 acc1 18.46%
2026-06-18 17:05:45 - __main__ - INFO - Val:   loss 3.1503 acc1 5.07%
2026-06-18 17:05:45 - __main__ - INFO - saved best: 5.07%
2026-06-18 17:05:45 - __main__ - INFO - 
Epoch 2/100 | lr 0.010040
2026-06-18 17:09:22 - __main__ - INFO - Train: loss 1.9164 acc1 35.05%
2026-06-18 17:09:22 - __main__ - INFO - Val:   loss 2.1602 acc1 32.91%
2026-06-18 17:09:22 - __main__ - INFO - saved best: 32.91%
2026-06-18 17:09:22 - __main__ - INFO - 
Epoch 3/100 | lr 0.020030
2026-06-18 17:13:01 - __main__ - INFO - Train: loss 1.7318 acc1 40.54%
2026-06-18 17:13:01 - __main__ - INFO - Val:   loss 2.2113 acc1 30.55%
2026-06-18 17:13:01 - __main__ - INFO - 
Epoch 4/100 | lr 0.030020
2026-06-18 17:16:39 - __main__ - INFO - Train: loss 1.6270 acc1 43.88%
2026-06-18 17:16:39 - __main__ - INFO - Val:   loss 1.9215 acc1 37.54%
2026-06-18 17:16:39 - __main__ - INFO - saved best: 37.54%
2026-06-18 17:16:39 - __main__ - INFO - 
Epoch 5/100 | lr 0.040010
2026-06-18 17:20:15 - __main__ - INFO - Train: loss 1.5558 acc1 46.21%
2026-06-18 17:20:15 - __main__ - INFO - Val:   loss 1.8023 acc1 41.20%
2026-06-18 17:20:15 - __main__ - INFO - saved best: 41.20%
2026-06-18 17:20:15 - __main__ - INFO - 
Epoch 6/100 | lr 0.050000
2026-06-18 17:23:53 - __main__ - INFO - Train: loss 1.5027 acc1 48.18%
2026-06-18 17:23:53 - __main__ - INFO - Val:   loss 1.8082 acc1 41.93%
2026-06-18 17:23:53 - __main__ - INFO - saved best: 41.93%
2026-06-18 17:23:53 - __main__ - INFO - 
Epoch 7/100 | lr 0.049986
2026-06-18 17:27:30 - __main__ - INFO - Train: loss 1.4269 acc1 50.96%
2026-06-18 17:27:30 - __main__ - INFO - Val:   loss 1.8828 acc1 39.89%
2026-06-18 17:27:30 - __main__ - INFO - 
Epoch 8/100 | lr 0.049945
2026-06-18 17:31:06 - __main__ - INFO - Train: loss 1.3745 acc1 52.53%
2026-06-18 17:31:06 - __main__ - INFO - Val:   loss 1.8665 acc1 43.05%
2026-06-18 17:31:06 - __main__ - INFO - saved best: 43.05%
2026-06-18 17:31:06 - __main__ - INFO - 
Epoch 9/100 | lr 0.049877
2026-06-18 17:34:43 - __main__ - INFO - Train: loss 1.3207 acc1 54.69%
2026-06-18 17:34:43 - __main__ - INFO - Val:   loss 2.6755 acc1 39.01%
2026-06-18 17:34:43 - __main__ - INFO - 
Epoch 10/100 | lr 0.049782
2026-06-18 17:38:18 - __main__ - INFO - Train: loss 1.2794 acc1 56.15%
2026-06-18 17:38:18 - __main__ - INFO - Val:   loss 2.1386 acc1 43.76%
2026-06-18 17:38:19 - __main__ - INFO - saved best: 43.76%
2026-06-18 17:38:19 - __main__ - INFO - 
Epoch 11/100 | lr 0.049659
2026-06-18 17:41:55 - __main__ - INFO - Train: loss 1.2427 acc1 57.52%
2026-06-18 17:41:55 - __main__ - INFO - Val:   loss 1.7062 acc1 49.59%
2026-06-18 17:41:55 - __main__ - INFO - saved best: 49.59%
2026-06-18 17:41:55 - __main__ - INFO - 
Epoch 12/100 | lr 0.049510
2026-06-18 17:45:33 - __main__ - INFO - Train: loss 1.2090 acc1 58.61%
2026-06-18 17:45:33 - __main__ - INFO - Val:   loss 1.7223 acc1 47.93%
2026-06-18 17:45:33 - __main__ - INFO - 
Epoch 13/100 | lr 0.049333
2026-06-18 17:49:09 - __main__ - INFO - Train: loss 1.1734 acc1 59.73%
2026-06-18 17:49:09 - __main__ - INFO - Val:   loss 1.5192 acc1 55.86%
2026-06-18 17:49:09 - __main__ - INFO - saved best: 55.86%
2026-06-18 17:49:09 - __main__ - INFO - 
Epoch 14/100 | lr 0.049130
2026-06-18 17:52:46 - __main__ - INFO - Train: loss 1.1522 acc1 60.75%
2026-06-18 17:52:46 - __main__ - INFO - Val:   loss 1.5825 acc1 52.20%
2026-06-18 17:52:46 - __main__ - INFO - 
Epoch 15/100 | lr 0.048901
2026-06-18 17:56:22 - __main__ - INFO - Train: loss 1.1231 acc1 61.65%
2026-06-18 17:56:22 - __main__ - INFO - Val:   loss 1.5801 acc1 53.57%
2026-06-18 17:56:22 - __main__ - INFO - 
Epoch 16/100 | lr 0.048646
2026-06-18 17:59:57 - __main__ - INFO - Train: loss 1.1088 acc1 61.94%
2026-06-18 17:59:57 - __main__ - INFO - Val:   loss 1.6092 acc1 52.12%
2026-06-18 17:59:57 - __main__ - INFO - 
Epoch 17/100 | lr 0.048364
2026-06-18 18:03:34 - __main__ - INFO - Train: loss 1.0823 acc1 62.94%
2026-06-18 18:03:34 - __main__ - INFO - Val:   loss 1.5336 acc1 55.87%
2026-06-18 18:03:34 - __main__ - INFO - saved best: 55.87%
2026-06-18 18:03:34 - __main__ - INFO - 
Epoch 18/100 | lr 0.048058
2026-06-18 18:07:09 - __main__ - INFO - Train: loss 1.0677 acc1 63.41%
2026-06-18 18:07:09 - __main__ - INFO - Val:   loss 1.5396 acc1 56.36%
2026-06-18 18:07:09 - __main__ - INFO - saved best: 56.36%
2026-06-18 18:07:09 - __main__ - INFO - 
Epoch 19/100 | lr 0.047726
2026-06-18 18:10:46 - __main__ - INFO - Train: loss 1.0478 acc1 64.08%
2026-06-18 18:10:46 - __main__ - INFO - Val:   loss 1.4714 acc1 58.32%
2026-06-18 18:10:46 - __main__ - INFO - saved best: 58.32%
2026-06-18 18:10:46 - __main__ - INFO - 
Epoch 20/100 | lr 0.047369
2026-06-18 18:14:22 - __main__ - INFO - Train: loss 1.0376 acc1 64.63%
2026-06-18 18:14:22 - __main__ - INFO - Val:   loss 1.7863 acc1 50.66%
2026-06-18 18:14:22 - __main__ - INFO - 
Epoch 21/100 | lr 0.046987
2026-06-18 18:17:59 - __main__ - INFO - Train: loss 1.0172 acc1 65.26%
2026-06-18 18:17:59 - __main__ - INFO - Val:   loss 1.7160 acc1 52.85%
2026-06-18 18:17:59 - __main__ - INFO - 
Epoch 22/100 | lr 0.046582
2026-06-18 18:21:35 - __main__ - INFO - Train: loss 1.0067 acc1 65.63%
2026-06-18 18:21:35 - __main__ - INFO - Val:   loss 1.8468 acc1 54.98%
2026-06-18 18:21:35 - __main__ - INFO - 
Epoch 23/100 | lr 0.046153
2026-06-18 18:25:11 - __main__ - INFO - Train: loss 0.9946 acc1 65.90%
2026-06-18 18:25:11 - __main__ - INFO - Val:   loss 1.5299 acc1 57.37%
2026-06-18 18:25:11 - __main__ - INFO - 
Epoch 24/100 | lr 0.045701
2026-06-18 18:28:47 - __main__ - INFO - Train: loss 0.9848 acc1 66.36%
2026-06-18 18:28:47 - __main__ - INFO - Val:   loss 1.5933 acc1 57.50%
2026-06-18 18:28:47 - __main__ - INFO - 
Epoch 25/100 | lr 0.045226
2026-06-18 18:32:23 - __main__ - INFO - Train: loss 0.9687 acc1 66.84%
2026-06-18 18:32:23 - __main__ - INFO - Val:   loss 1.3573 acc1 61.48%
2026-06-18 18:32:23 - __main__ - INFO - saved best: 61.48%
2026-06-18 18:32:23 - __main__ - INFO - 
Epoch 26/100 | lr 0.044730
2026-06-18 18:35:58 - __main__ - INFO - Train: loss 0.9618 acc1 67.03%
2026-06-18 18:35:58 - __main__ - INFO - Val:   loss 1.5193 acc1 57.46%
2026-06-18 18:35:58 - __main__ - INFO - 
Epoch 27/100 | lr 0.044211
2026-06-18 18:39:35 - __main__ - INFO - Train: loss 0.9472 acc1 67.67%
2026-06-18 18:39:35 - __main__ - INFO - Val:   loss 1.9850 acc1 53.73%
2026-06-18 18:39:35 - __main__ - INFO - 
Epoch 28/100 | lr 0.043672
2026-06-18 18:43:11 - __main__ - INFO - Train: loss 0.9360 acc1 68.05%
2026-06-18 18:43:11 - __main__ - INFO - Val:   loss 1.6546 acc1 57.08%
2026-06-18 18:43:11 - __main__ - INFO - 
Epoch 29/100 | lr 0.043112
2026-06-18 18:46:48 - __main__ - INFO - Train: loss 0.9246 acc1 68.37%
2026-06-18 18:46:48 - __main__ - INFO - Val:   loss 1.7534 acc1 53.98%
2026-06-18 18:46:48 - __main__ - INFO - 
Epoch 30/100 | lr 0.042532
2026-06-18 18:50:26 - __main__ - INFO - Train: loss 0.9145 acc1 68.82%
2026-06-18 18:50:26 - __main__ - INFO - Val:   loss 1.5525 acc1 59.55%
2026-06-18 18:50:26 - __main__ - INFO - 
Epoch 31/100 | lr 0.041934
2026-06-18 18:54:01 - __main__ - INFO - Train: loss 0.9048 acc1 68.88%
2026-06-18 18:54:01 - __main__ - INFO - Val:   loss 1.5940 acc1 59.76%
2026-06-18 18:54:01 - __main__ - INFO - 
Epoch 32/100 | lr 0.041316
2026-06-18 18:57:37 - __main__ - INFO - Train: loss 0.8912 acc1 69.45%
2026-06-18 18:57:37 - __main__ - INFO - Val:   loss 1.5059 acc1 58.34%
2026-06-18 18:57:37 - __main__ - INFO - 
Epoch 33/100 | lr 0.040681
2026-06-18 19:01:13 - __main__ - INFO - Train: loss 0.8811 acc1 69.92%
2026-06-18 19:01:13 - __main__ - INFO - Val:   loss 1.4428 acc1 59.60%
2026-06-18 19:01:13 - __main__ - INFO - 
Epoch 34/100 | lr 0.040029
2026-06-18 19:04:48 - __main__ - INFO - Train: loss 0.8724 acc1 69.94%
2026-06-18 19:04:48 - __main__ - INFO - Val:   loss 1.7083 acc1 58.34%
2026-06-18 19:04:48 - __main__ - INFO - 
Epoch 35/100 | lr 0.039360
2026-06-18 19:08:24 - __main__ - INFO - Train: loss 0.8633 acc1 70.29%
2026-06-18 19:08:24 - __main__ - INFO - Val:   loss 1.4381 acc1 63.58%
2026-06-18 19:08:24 - __main__ - INFO - saved best: 63.58%
2026-06-18 19:08:24 - __main__ - INFO - 
Epoch 36/100 | lr 0.038676
2026-06-18 19:11:59 - __main__ - INFO - Train: loss 0.8533 acc1 70.59%
2026-06-18 19:11:59 - __main__ - INFO - Val:   loss 1.5159 acc1 60.79%
2026-06-18 19:11:59 - __main__ - INFO - 
Epoch 37/100 | lr 0.037977
2026-06-18 19:15:35 - __main__ - INFO - Train: loss 0.8488 acc1 70.88%
2026-06-18 19:15:35 - __main__ - INFO - Val:   loss 1.4141 acc1 62.63%
2026-06-18 19:15:35 - __main__ - INFO - 
Epoch 38/100 | lr 0.037263
2026-06-18 19:19:10 - __main__ - INFO - Train: loss 0.8339 acc1 71.32%
2026-06-18 19:19:10 - __main__ - INFO - Val:   loss 2.5435 acc1 54.04%
2026-06-18 19:19:10 - __main__ - INFO - 
Epoch 39/100 | lr 0.036536
2026-06-18 19:22:46 - __main__ - INFO - Train: loss 0.8202 acc1 71.85%
2026-06-18 19:22:46 - __main__ - INFO - Val:   loss 1.4414 acc1 63.05%
2026-06-18 19:22:46 - __main__ - INFO - 
Epoch 40/100 | lr 0.035797
2026-06-18 19:26:22 - __main__ - INFO - Train: loss 0.8129 acc1 71.88%
2026-06-18 19:26:22 - __main__ - INFO - Val:   loss 1.8184 acc1 56.72%
2026-06-18 19:26:22 - __main__ - INFO - 
Epoch 41/100 | lr 0.035045
2026-06-18 19:29:58 - __main__ - INFO - Train: loss 0.8009 acc1 72.31%
2026-06-18 19:29:58 - __main__ - INFO - Val:   loss 1.5478 acc1 65.37%
2026-06-18 19:29:59 - __main__ - INFO - saved best: 65.37%
2026-06-18 19:29:59 - __main__ - INFO - 
Epoch 42/100 | lr 0.034283
2026-06-18 19:33:34 - __main__ - INFO - Train: loss 0.7966 acc1 72.48%
2026-06-18 19:33:34 - __main__ - INFO - Val:   loss 1.5296 acc1 61.19%
2026-06-18 19:33:34 - __main__ - INFO - 
Epoch 43/100 | lr 0.033511
2026-06-18 19:37:09 - __main__ - INFO - Train: loss 0.7900 acc1 72.56%
2026-06-18 19:37:09 - __main__ - INFO - Val:   loss 1.4804 acc1 58.47%
2026-06-18 19:37:09 - __main__ - INFO - 
Epoch 44/100 | lr 0.032729
2026-06-18 19:40:48 - __main__ - INFO - Train: loss 0.7787 acc1 73.02%
2026-06-18 19:40:48 - __main__ - INFO - Val:   loss 1.3081 acc1 67.57%
2026-06-18 19:40:48 - __main__ - INFO - saved best: 67.57%
2026-06-18 19:40:48 - __main__ - INFO - 
Epoch 45/100 | lr 0.031939
2026-06-18 19:44:25 - __main__ - INFO - Train: loss 0.7681 acc1 73.52%
2026-06-18 19:44:25 - __main__ - INFO - Val:   loss 1.4548 acc1 63.91%
2026-06-18 19:44:25 - __main__ - INFO - 
Epoch 46/100 | lr 0.031141
2026-06-18 19:48:01 - __main__ - INFO - Train: loss 0.7542 acc1 74.04%
2026-06-18 19:48:01 - __main__ - INFO - Val:   loss 1.4159 acc1 64.41%
2026-06-18 19:48:01 - __main__ - INFO - 
Epoch 47/100 | lr 0.030336
2026-06-18 19:51:38 - __main__ - INFO - Train: loss 0.7542 acc1 73.98%
2026-06-18 19:51:38 - __main__ - INFO - Val:   loss 1.4472 acc1 63.60%
2026-06-18 19:51:38 - __main__ - INFO - 
Epoch 48/100 | lr 0.029526
2026-06-18 19:55:16 - __main__ - INFO - Train: loss 0.7403 acc1 74.41%
2026-06-18 19:55:16 - __main__ - INFO - Val:   loss 1.4700 acc1 65.28%
2026-06-18 19:55:16 - __main__ - INFO - 
Epoch 49/100 | lr 0.028711
2026-06-18 19:58:54 - __main__ - INFO - Train: loss 0.7271 acc1 74.92%
2026-06-18 19:58:54 - __main__ - INFO - Val:   loss 1.7279 acc1 57.42%
2026-06-18 19:58:54 - __main__ - INFO - 
Epoch 50/100 | lr 0.027892
2026-06-18 20:02:31 - __main__ - INFO - Train: loss 0.7228 acc1 74.88%
2026-06-18 20:02:31 - __main__ - INFO - Val:   loss 1.5560 acc1 65.53%
2026-06-18 20:02:31 - __main__ - INFO - 
Epoch 51/100 | lr 0.027069
2026-06-18 20:06:07 - __main__ - INFO - Train: loss 0.7062 acc1 75.44%
2026-06-18 20:06:07 - __main__ - INFO - Val:   loss 1.3144 acc1 66.84%
2026-06-18 20:06:07 - __main__ - INFO - 
Epoch 52/100 | lr 0.026244
2026-06-18 20:09:44 - __main__ - INFO - Train: loss 0.6968 acc1 75.77%
2026-06-18 20:09:44 - __main__ - INFO - Val:   loss 1.2773 acc1 66.93%
2026-06-18 20:09:44 - __main__ - INFO - 
Epoch 53/100 | lr 0.025418
2026-06-18 20:13:20 - __main__ - INFO - Train: loss 0.6901 acc1 76.02%
2026-06-18 20:13:20 - __main__ - INFO - Val:   loss 1.4388 acc1 66.31%
2026-06-18 20:13:20 - __main__ - INFO - 
Epoch 54/100 | lr 0.024592
2026-06-18 20:16:56 - __main__ - INFO - Train: loss 0.6797 acc1 76.42%
2026-06-18 20:16:56 - __main__ - INFO - Val:   loss 1.3751 acc1 68.31%
2026-06-18 20:16:56 - __main__ - INFO - saved best: 68.31%
2026-06-18 20:16:56 - __main__ - INFO - 
Epoch 55/100 | lr 0.023766
2026-06-18 20:20:33 - __main__ - INFO - Train: loss 0.6655 acc1 76.91%
2026-06-18 20:20:33 - __main__ - INFO - Val:   loss 1.6764 acc1 64.42%
2026-06-18 20:20:33 - __main__ - INFO - 
Epoch 56/100 | lr 0.022941
2026-06-18 20:24:09 - __main__ - INFO - Train: loss 0.6620 acc1 77.01%
2026-06-18 20:24:09 - __main__ - INFO - Val:   loss 1.5831 acc1 61.09%
2026-06-18 20:24:09 - __main__ - INFO - 
Epoch 57/100 | lr 0.022118
2026-06-18 20:27:44 - __main__ - INFO - Train: loss 0.6516 acc1 77.25%
2026-06-18 20:27:44 - __main__ - INFO - Val:   loss 1.6875 acc1 63.39%
2026-06-18 20:27:44 - __main__ - INFO - 
Epoch 58/100 | lr 0.021299
2026-06-18 20:31:20 - __main__ - INFO - Train: loss 0.6374 acc1 77.66%
2026-06-18 20:31:20 - __main__ - INFO - Val:   loss 1.4892 acc1 65.31%
2026-06-18 20:31:20 - __main__ - INFO - 
Epoch 59/100 | lr 0.020484
2026-06-18 20:34:55 - __main__ - INFO - Train: loss 0.6335 acc1 77.91%
2026-06-18 20:34:55 - __main__ - INFO - Val:   loss 1.4790 acc1 66.60%
2026-06-18 20:34:55 - __main__ - INFO - 
Epoch 60/100 | lr 0.019674
2026-06-18 20:38:31 - __main__ - INFO - Train: loss 0.6196 acc1 78.37%
2026-06-18 20:38:31 - __main__ - INFO - Val:   loss 1.3122 acc1 68.06%
2026-06-18 20:38:31 - __main__ - INFO - 
Epoch 61/100 | lr 0.018869
2026-06-18 20:42:06 - __main__ - INFO - Train: loss 0.6090 acc1 78.68%
2026-06-18 20:42:06 - __main__ - INFO - Val:   loss 1.6270 acc1 65.35%
2026-06-18 20:42:06 - __main__ - INFO - 
Epoch 62/100 | lr 0.018071
2026-06-18 20:45:42 - __main__ - INFO - Train: loss 0.6005 acc1 78.88%
2026-06-18 20:45:42 - __main__ - INFO - Val:   loss 1.6174 acc1 63.96%
2026-06-18 20:45:42 - __main__ - INFO - 
Epoch 63/100 | lr 0.017281
2026-06-18 20:49:18 - __main__ - INFO - Train: loss 0.5875 acc1 79.26%
2026-06-18 20:49:18 - __main__ - INFO - Val:   loss 1.4227 acc1 68.26%
2026-06-18 20:49:18 - __main__ - INFO - 
Epoch 64/100 | lr 0.016499
2026-06-18 20:52:54 - __main__ - INFO - Train: loss 0.5763 acc1 79.61%
2026-06-18 20:52:54 - __main__ - INFO - Val:   loss 1.4217 acc1 67.74%
2026-06-18 20:52:54 - __main__ - INFO - 
Epoch 65/100 | lr 0.015727
2026-06-18 20:56:28 - __main__ - INFO - Train: loss 0.5649 acc1 80.07%
2026-06-18 20:56:28 - __main__ - INFO - Val:   loss 1.3524 acc1 70.95%
2026-06-18 20:56:29 - __main__ - INFO - saved best: 70.95%
2026-06-18 20:56:29 - __main__ - INFO - 
Epoch 66/100 | lr 0.014965
2026-06-18 21:00:05 - __main__ - INFO - Train: loss 0.5554 acc1 80.50%
2026-06-18 21:00:05 - __main__ - INFO - Val:   loss 1.6727 acc1 65.30%
2026-06-18 21:00:05 - __main__ - INFO - 
Epoch 67/100 | lr 0.014213
2026-06-18 21:03:40 - __main__ - INFO - Train: loss 0.5423 acc1 81.04%
2026-06-18 21:03:40 - __main__ - INFO - Val:   loss 1.3831 acc1 68.89%
2026-06-18 21:03:40 - __main__ - INFO - 
Epoch 68/100 | lr 0.013474
2026-06-18 21:07:16 - __main__ - INFO - Train: loss 0.5335 acc1 81.34%
2026-06-18 21:07:16 - __main__ - INFO - Val:   loss 1.5788 acc1 66.63%
2026-06-18 21:07:16 - __main__ - INFO - 
Epoch 69/100 | lr 0.012747
2026-06-18 21:10:51 - __main__ - INFO - Train: loss 0.5208 acc1 81.59%
2026-06-18 21:10:51 - __main__ - INFO - Val:   loss 1.4634 acc1 67.68%
2026-06-18 21:10:51 - __main__ - INFO - 
Epoch 70/100 | lr 0.012033
2026-06-18 21:14:26 - __main__ - INFO - Train: loss 0.5104 acc1 82.00%
2026-06-18 21:14:26 - __main__ - INFO - Val:   loss 1.5537 acc1 66.76%
2026-06-18 21:14:26 - __main__ - INFO - 
Epoch 71/100 | lr 0.011334
2026-06-18 21:18:01 - __main__ - INFO - Train: loss 0.5049 acc1 82.20%
2026-06-18 21:18:01 - __main__ - INFO - Val:   loss 1.4356 acc1 69.32%
2026-06-18 21:18:01 - __main__ - INFO - 
Epoch 72/100 | lr 0.010650
2026-06-18 21:21:36 - __main__ - INFO - Train: loss 0.4870 acc1 82.80%
2026-06-18 21:21:36 - __main__ - INFO - Val:   loss 1.4853 acc1 68.91%
2026-06-18 21:21:36 - __main__ - INFO - 
Epoch 73/100 | lr 0.009981
2026-06-18 21:25:12 - __main__ - INFO - Train: loss 0.4782 acc1 83.10%
2026-06-18 21:25:12 - __main__ - INFO - Val:   loss 1.3801 acc1 72.20%
2026-06-18 21:25:12 - __main__ - INFO - saved best: 72.20%
2026-06-18 21:25:12 - __main__ - INFO - 
Epoch 74/100 | lr 0.009329
2026-06-18 21:28:47 - __main__ - INFO - Train: loss 0.4645 acc1 83.44%
2026-06-18 21:28:47 - __main__ - INFO - Val:   loss 1.4572 acc1 70.32%
2026-06-18 21:28:47 - __main__ - INFO - 
Epoch 75/100 | lr 0.008694
2026-06-18 21:32:21 - __main__ - INFO - Train: loss 0.4527 acc1 83.89%
2026-06-18 21:32:21 - __main__ - INFO - Val:   loss 1.4322 acc1 71.85%
2026-06-18 21:32:21 - __main__ - INFO - 
Epoch 76/100 | lr 0.008076
2026-06-18 21:35:56 - __main__ - INFO - Train: loss 0.4443 acc1 84.20%
2026-06-18 21:35:56 - __main__ - INFO - Val:   loss 1.4417 acc1 71.06%
2026-06-18 21:35:56 - __main__ - INFO - 
Epoch 77/100 | lr 0.007478
2026-06-18 21:39:30 - __main__ - INFO - Train: loss 0.4340 acc1 84.53%
2026-06-18 21:39:30 - __main__ - INFO - Val:   loss 1.5848 acc1 68.57%
2026-06-18 21:39:30 - __main__ - INFO - 
Epoch 78/100 | lr 0.006898
2026-06-18 21:43:05 - __main__ - INFO - Train: loss 0.4213 acc1 84.86%
2026-06-18 21:43:05 - __main__ - INFO - Val:   loss 1.4936 acc1 70.57%
2026-06-18 21:43:05 - __main__ - INFO - 
Epoch 79/100 | lr 0.006338
2026-06-18 21:46:39 - __main__ - INFO - Train: loss 0.4128 acc1 85.11%
2026-06-18 21:46:39 - __main__ - INFO - Val:   loss 1.4661 acc1 70.15%
2026-06-18 21:46:39 - __main__ - INFO - 
Epoch 80/100 | lr 0.005799
2026-06-18 21:50:14 - __main__ - INFO - Train: loss 0.4036 acc1 85.51%
2026-06-18 21:50:14 - __main__ - INFO - Val:   loss 1.5719 acc1 71.84%
2026-06-18 21:50:14 - __main__ - INFO - 
Epoch 81/100 | lr 0.005280
2026-06-18 21:53:48 - __main__ - INFO - Train: loss 0.3868 acc1 86.15%
2026-06-18 21:53:48 - __main__ - INFO - Val:   loss 1.4271 acc1 71.97%
2026-06-18 21:53:48 - __main__ - INFO - 
Epoch 82/100 | lr 0.004784
2026-06-18 21:57:22 - __main__ - INFO - Train: loss 0.3837 acc1 86.15%
2026-06-18 21:57:22 - __main__ - INFO - Val:   loss 1.6125 acc1 68.80%
2026-06-18 21:57:22 - __main__ - INFO - 
Epoch 83/100 | lr 0.004309
2026-06-18 22:00:58 - __main__ - INFO - Train: loss 0.3699 acc1 86.66%
2026-06-18 22:00:58 - __main__ - INFO - Val:   loss 1.5633 acc1 71.35%
2026-06-18 22:00:58 - __main__ - INFO - 
Epoch 84/100 | lr 0.003857
2026-06-18 22:04:36 - __main__ - INFO - Train: loss 0.3593 acc1 87.04%
2026-06-18 22:04:36 - __main__ - INFO - Val:   loss 1.5391 acc1 71.35%
2026-06-18 22:04:36 - __main__ - INFO - 
Epoch 85/100 | lr 0.003428
2026-06-18 22:08:12 - __main__ - INFO - Train: loss 0.3469 acc1 87.52%
2026-06-18 22:08:12 - __main__ - INFO - Val:   loss 1.5424 acc1 72.77%
2026-06-18 22:08:12 - __main__ - INFO - saved best: 72.77%
2026-06-18 22:08:12 - __main__ - INFO - 
Epoch 86/100 | lr 0.003023
2026-06-18 22:11:48 - __main__ - INFO - Train: loss 0.3406 acc1 87.56%
2026-06-18 22:11:48 - __main__ - INFO - Val:   loss 1.5192 acc1 71.55%
2026-06-18 22:11:48 - __main__ - INFO - 
Epoch 87/100 | lr 0.002641
2026-06-18 22:15:22 - __main__ - INFO - Train: loss 0.3276 acc1 88.09%
2026-06-18 22:15:22 - __main__ - INFO - Val:   loss 1.5676 acc1 73.21%
2026-06-18 22:15:22 - __main__ - INFO - saved best: 73.21%
2026-06-18 22:15:22 - __main__ - INFO - 
Epoch 88/100 | lr 0.002284
2026-06-18 22:18:57 - __main__ - INFO - Train: loss 0.3178 acc1 88.33%
2026-06-18 22:18:57 - __main__ - INFO - Val:   loss 1.5847 acc1 74.03%
2026-06-18 22:18:57 - __main__ - INFO - saved best: 74.03%
2026-06-18 22:18:57 - __main__ - INFO - 
Epoch 89/100 | lr 0.001952
2026-06-18 22:22:32 - __main__ - INFO - Train: loss 0.3078 acc1 88.81%
2026-06-18 22:22:32 - __main__ - INFO - Val:   loss 1.4997 acc1 72.94%
2026-06-18 22:22:32 - __main__ - INFO - 
Epoch 90/100 | lr 0.001646
2026-06-18 22:26:07 - __main__ - INFO - Train: loss 0.3047 acc1 88.83%
2026-06-18 22:26:07 - __main__ - INFO - Val:   loss 1.5403 acc1 73.02%
2026-06-18 22:26:07 - __main__ - INFO - 
Epoch 91/100 | lr 0.001364
2026-06-18 22:29:42 - __main__ - INFO - Train: loss 0.2935 acc1 89.26%
2026-06-18 22:29:42 - __main__ - INFO - Val:   loss 1.5187 acc1 73.26%
2026-06-18 22:29:42 - __main__ - INFO - 
Epoch 92/100 | lr 0.001109
2026-06-18 22:33:18 - __main__ - INFO - Train: loss 0.2883 acc1 89.42%
2026-06-18 22:33:18 - __main__ - INFO - Val:   loss 1.5489 acc1 73.10%
2026-06-18 22:33:18 - __main__ - INFO - 
Epoch 93/100 | lr 0.000880
2026-06-18 22:36:53 - __main__ - INFO - Train: loss 0.2802 acc1 89.82%
2026-06-18 22:36:53 - __main__ - INFO - Val:   loss 1.5535 acc1 73.77%
2026-06-18 22:36:53 - __main__ - INFO - 
Epoch 94/100 | lr 0.000677
2026-06-18 22:40:31 - __main__ - INFO - Train: loss 0.2750 acc1 89.87%
2026-06-18 22:40:31 - __main__ - INFO - Val:   loss 1.5605 acc1 73.55%
2026-06-18 22:40:31 - __main__ - INFO - 
Epoch 95/100 | lr 0.000500
2026-06-18 22:44:08 - __main__ - INFO - Train: loss 0.2708 acc1 90.03%
2026-06-18 22:44:08 - __main__ - INFO - Val:   loss 1.5464 acc1 73.18%
2026-06-18 22:44:08 - __main__ - INFO - 
Epoch 96/100 | lr 0.000351
2026-06-18 22:47:44 - __main__ - INFO - Train: loss 0.2668 acc1 90.14%
2026-06-18 22:47:44 - __main__ - INFO - Val:   loss 1.5214 acc1 73.10%
2026-06-18 22:47:44 - __main__ - INFO - 
Epoch 97/100 | lr 0.000228
2026-06-18 22:51:19 - __main__ - INFO - Train: loss 0.2606 acc1 90.39%
2026-06-18 22:51:19 - __main__ - INFO - Val:   loss 1.5318 acc1 72.95%
2026-06-18 22:51:19 - __main__ - INFO - 
Epoch 98/100 | lr 0.000133
2026-06-18 22:54:55 - __main__ - INFO - Train: loss 0.2621 acc1 90.27%
2026-06-18 22:54:55 - __main__ - INFO - Val:   loss 1.5274 acc1 73.46%
2026-06-18 22:54:55 - __main__ - INFO - 
Epoch 99/100 | lr 0.000065
2026-06-18 22:58:30 - __main__ - INFO - Train: loss 0.2598 acc1 90.42%
2026-06-18 22:58:30 - __main__ - INFO - Val:   loss 1.5567 acc1 72.98%
2026-06-18 22:58:30 - __main__ - INFO - 
Epoch 100/100 | lr 0.000024
2026-06-18 23:02:03 - __main__ - INFO - Train: loss 0.2565 acc1 90.48%
2026-06-18 23:02:03 - __main__ - INFO - Val:   loss 1.5523 acc1 73.57%
2026-06-18 23:02:03 - __main__ - INFO - Loaded best checkpoint weights for final test evaluation.
2026-06-18 23:02:08 - __main__ - INFO - 
Best tracked (val): 74.03%
2026-06-18 23:02:08 - __main__ - INFO - Final test: loss 1.5850 acc1 72.45%
2026-06-18 23:02:08 - __main__ - INFO - Saved best model checkpoint to runs/drive_zip/42/densenet121_seed42_random_M4_area0.1/best_model.pt
