2026-02-26 12:05:59 - __main__ - INFO - Resolved training args for optuna_mask_trial0004_resnet18_cifar100_ep120_bs128_lr0.1_wd5e-04_ls0.05_wu5_maskcam_high_mwu30_mp1.0_ma0.3_mb4_cllayer3: {"amp": true, "batch_size": 128, "cam_layer": "layer3", "data_dir": "./data", "dataset": "cifar100", "epochs": 120, "gamma": 0.1, "label_smoothing": 0.05, "log_every": 100, "lr": 0.1, "mask_area": 0.3, "mask_block": 4, "mask_prob": 1.0, "mask_warmup_epochs": 30, "masking": "cam_high", "milestones": "60,80", "min_lr": 1e-05, "model": "resnet18", "momentum": 0.9, "nesterov": true, "num_workers": 2, "out_dir": "runs_optuna/resnet18/cifar100", "run_name": "optuna_mask_trial0004_resnet18_cifar100_ep120_bs128_lr0.1_wd5e-04_ls0.05_wu5_maskcam_high_mwu30_mp1.0_ma0.3_mb4_cllayer3", "scheduler": "cosine", "seed": 42, "val_split": 0.1, "warmup_epochs": 5, "weight_decay": 0.0005}
2026-02-26 12:05:59 - __main__ - INFO - device: cuda | cuda: True | gpu: NVIDIA L4
2026-02-26 12:06:02 - __main__ - INFO - Masking enabled: {'strategy': 'cam_high', 'warmup_epochs': 30, 'prob': 1.0, 'area': 0.3, 'block': 4}
2026-02-26 12:06:02 - __main__ - INFO - Model: resnet18 | Dataset: cifar100 | Classes: 100
2026-02-26 12:06:02 - __main__ - INFO - 
Epoch 1/120 | lr 0.000100
2026-02-26 12:06:12 - __main__ - INFO - Train: loss 4.6388 acc1 1.38% acc5 6.27%
2026-02-26 12:06:12 - __main__ - INFO - Val:   loss 4.5783 acc1 1.79% acc5 8.31%
2026-02-26 12:06:12 - __main__ - INFO - saved best: 1.79%
2026-02-26 12:06:12 - __main__ - INFO - 
Epoch 2/120 | lr 0.020080
2026-02-26 12:06:23 - __main__ - INFO - Train: loss 3.7992 acc1 13.30% acc5 36.13%
2026-02-26 12:06:23 - __main__ - INFO - Val:   loss 3.5632 acc1 19.22% acc5 45.72%
2026-02-26 12:06:23 - __main__ - INFO - saved best: 19.22%
2026-02-26 12:06:23 - __main__ - INFO - 
Epoch 3/120 | lr 0.040060
2026-02-26 12:06:33 - __main__ - INFO - Train: loss 3.2138 acc1 24.51% acc5 54.36%
2026-02-26 12:06:33 - __main__ - INFO - Val:   loss 3.0753 acc1 28.53% acc5 59.77%
2026-02-26 12:06:33 - __main__ - INFO - saved best: 28.53%
2026-02-26 12:06:33 - __main__ - INFO - 
Epoch 4/120 | lr 0.060040
2026-02-26 12:06:44 - __main__ - INFO - Train: loss 2.7728 acc1 33.82% acc5 66.56%
2026-02-26 12:06:44 - __main__ - INFO - Val:   loss 2.7838 acc1 36.45% acc5 68.18%
2026-02-26 12:06:44 - __main__ - INFO - saved best: 36.45%
2026-02-26 12:06:44 - __main__ - INFO - 
Epoch 5/120 | lr 0.080020
2026-02-26 12:06:54 - __main__ - INFO - Train: loss 2.4482 acc1 41.65% acc5 74.17%
2026-02-26 12:06:54 - __main__ - INFO - Val:   loss 2.7301 acc1 36.46% acc5 69.32%
2026-02-26 12:06:54 - __main__ - INFO - saved best: 36.46%
2026-02-26 12:06:54 - __main__ - INFO - 
Epoch 6/120 | lr 0.100000
2026-02-26 12:07:04 - __main__ - INFO - Train: loss 2.2347 acc1 47.03% acc5 78.97%
2026-02-26 12:07:04 - __main__ - INFO - Val:   loss 2.3437 acc1 44.17% acc5 76.30%
2026-02-26 12:07:04 - __main__ - INFO - saved best: 44.17%
2026-02-26 12:07:04 - __main__ - INFO - 
Epoch 7/120 | lr 0.099981
2026-02-26 12:07:14 - __main__ - INFO - Train: loss 2.0389 acc1 52.33% acc5 82.91%
2026-02-26 12:07:14 - __main__ - INFO - Val:   loss 2.8164 acc1 36.27% acc5 67.00%
2026-02-26 12:07:14 - __main__ - INFO - 
Epoch 8/120 | lr 0.099925
2026-02-26 12:07:24 - __main__ - INFO - Train: loss 1.9111 acc1 55.86% acc5 85.23%
2026-02-26 12:07:24 - __main__ - INFO - Val:   loss 2.0864 acc1 51.60% acc5 81.75%
2026-02-26 12:07:24 - __main__ - INFO - saved best: 51.60%
2026-02-26 12:07:24 - __main__ - INFO - 
Epoch 9/120 | lr 0.099832
2026-02-26 12:07:34 - __main__ - INFO - Train: loss 1.8274 acc1 57.83% acc5 86.82%
2026-02-26 12:07:34 - __main__ - INFO - Val:   loss 2.0412 acc1 52.74% acc5 81.92%
2026-02-26 12:07:34 - __main__ - INFO - saved best: 52.74%
2026-02-26 12:07:34 - __main__ - INFO - 
Epoch 10/120 | lr 0.099702
2026-02-26 12:07:45 - __main__ - INFO - Train: loss 1.7630 acc1 59.92% acc5 87.94%
2026-02-26 12:07:45 - __main__ - INFO - Val:   loss 2.3881 acc1 45.12% acc5 74.82%
2026-02-26 12:07:45 - __main__ - INFO - 
Epoch 11/120 | lr 0.099534
2026-02-26 12:07:55 - __main__ - INFO - Train: loss 1.7168 acc1 60.66% acc5 88.68%
2026-02-26 12:07:55 - __main__ - INFO - Val:   loss 2.0721 acc1 51.95% acc5 82.09%
2026-02-26 12:07:55 - __main__ - INFO - 
Epoch 12/120 | lr 0.099330
2026-02-26 12:08:05 - __main__ - INFO - Train: loss 1.6699 acc1 62.64% acc5 89.37%
2026-02-26 12:08:05 - __main__ - INFO - Val:   loss 2.0726 acc1 52.22% acc5 82.05%
2026-02-26 12:08:05 - __main__ - INFO - 
Epoch 13/120 | lr 0.099089
2026-02-26 12:08:15 - __main__ - INFO - Train: loss 1.6242 acc1 63.79% acc5 89.98%
2026-02-26 12:08:15 - __main__ - INFO - Val:   loss 2.1153 acc1 51.31% acc5 81.80%
2026-02-26 12:08:15 - __main__ - INFO - 
Epoch 14/120 | lr 0.098811
2026-02-26 12:08:25 - __main__ - INFO - Train: loss 1.6062 acc1 64.32% acc5 90.32%
2026-02-26 12:08:25 - __main__ - INFO - Val:   loss 2.1106 acc1 51.31% acc5 82.06%
2026-02-26 12:08:25 - __main__ - INFO - 
Epoch 15/120 | lr 0.098497
2026-02-26 12:08:35 - __main__ - INFO - Train: loss 1.5759 acc1 65.35% acc5 90.89%
2026-02-26 12:08:35 - __main__ - INFO - Val:   loss 1.9745 acc1 55.12% acc5 84.24%
2026-02-26 12:08:35 - __main__ - INFO - saved best: 55.12%
2026-02-26 12:08:35 - __main__ - INFO - 
Epoch 16/120 | lr 0.098146
2026-02-26 12:08:45 - __main__ - INFO - Train: loss 1.5490 acc1 66.02% acc5 91.19%
2026-02-26 12:08:45 - __main__ - INFO - Val:   loss 2.0442 acc1 54.42% acc5 82.14%
2026-02-26 12:08:45 - __main__ - INFO - 
Epoch 17/120 | lr 0.097760
2026-02-26 12:08:55 - __main__ - INFO - Train: loss 1.5251 acc1 66.61% acc5 91.68%
2026-02-26 12:08:55 - __main__ - INFO - Val:   loss 2.1847 acc1 49.38% acc5 80.32%
2026-02-26 12:08:55 - __main__ - INFO - 
Epoch 18/120 | lr 0.097338
2026-02-26 12:09:05 - __main__ - INFO - Train: loss 1.5000 acc1 67.68% acc5 91.91%
2026-02-26 12:09:05 - __main__ - INFO - Val:   loss 1.9257 acc1 56.35% acc5 84.71%
2026-02-26 12:09:05 - __main__ - INFO - saved best: 56.35%
2026-02-26 12:09:05 - __main__ - INFO - 
Epoch 19/120 | lr 0.096880
2026-02-26 12:09:16 - __main__ - INFO - Train: loss 1.4737 acc1 68.29% acc5 92.41%
2026-02-26 12:09:16 - __main__ - INFO - Val:   loss 1.9781 acc1 55.82% acc5 84.24%
2026-02-26 12:09:16 - __main__ - INFO - 
Epoch 20/120 | lr 0.096388
2026-02-26 12:09:26 - __main__ - INFO - Train: loss 1.4577 acc1 68.62% acc5 92.70%
2026-02-26 12:09:26 - __main__ - INFO - Val:   loss 1.9679 acc1 56.02% acc5 83.77%
2026-02-26 12:09:26 - __main__ - INFO - 
Epoch 21/120 | lr 0.095861
2026-02-26 12:09:37 - __main__ - INFO - Train: loss 1.4452 acc1 69.25% acc5 92.69%
2026-02-26 12:09:37 - __main__ - INFO - Val:   loss 1.9206 acc1 56.43% acc5 85.90%
2026-02-26 12:09:37 - __main__ - INFO - saved best: 56.43%
2026-02-26 12:09:37 - __main__ - INFO - 
Epoch 22/120 | lr 0.095300
2026-02-26 12:09:47 - __main__ - INFO - Train: loss 1.4266 acc1 69.71% acc5 93.09%
2026-02-26 12:09:47 - __main__ - INFO - Val:   loss 1.9647 acc1 55.35% acc5 84.86%
2026-02-26 12:09:47 - __main__ - INFO - 
Epoch 23/120 | lr 0.094705
2026-02-26 12:09:58 - __main__ - INFO - Train: loss 1.4079 acc1 70.22% acc5 93.31%
2026-02-26 12:09:58 - __main__ - INFO - Val:   loss 1.9825 acc1 55.21% acc5 83.71%
2026-02-26 12:09:58 - __main__ - INFO - 
Epoch 24/120 | lr 0.094077
2026-02-26 12:10:08 - __main__ - INFO - Train: loss 1.3961 acc1 70.37% acc5 93.63%
2026-02-26 12:10:08 - __main__ - INFO - Val:   loss 1.8840 acc1 58.29% acc5 85.17%
2026-02-26 12:10:08 - __main__ - INFO - saved best: 58.29%
2026-02-26 12:10:08 - __main__ - INFO - 
Epoch 25/120 | lr 0.093415
2026-02-26 12:10:18 - __main__ - INFO - Train: loss 1.3825 acc1 70.91% acc5 93.62%
2026-02-26 12:10:18 - __main__ - INFO - Val:   loss 1.9795 acc1 55.88% acc5 84.05%
2026-02-26 12:10:18 - __main__ - INFO - 
Epoch 26/120 | lr 0.092722
2026-02-26 12:10:28 - __main__ - INFO - Train: loss 1.3671 acc1 71.41% acc5 93.86%
2026-02-26 12:10:28 - __main__ - INFO - Val:   loss 1.8051 acc1 60.49% acc5 86.92%
2026-02-26 12:10:28 - __main__ - INFO - saved best: 60.49%
2026-02-26 12:10:28 - __main__ - INFO - 
Epoch 27/120 | lr 0.091996
2026-02-26 12:10:38 - __main__ - INFO - Train: loss 1.3497 acc1 71.81% acc5 94.07%
2026-02-26 12:10:38 - __main__ - INFO - Val:   loss 1.9116 acc1 57.61% acc5 84.86%
2026-02-26 12:10:38 - __main__ - INFO - 
Epoch 28/120 | lr 0.091239
2026-02-26 12:10:49 - __main__ - INFO - Train: loss 1.3332 acc1 72.51% acc5 94.42%
2026-02-26 12:10:49 - __main__ - INFO - Val:   loss 1.7956 acc1 59.67% acc5 87.34%
2026-02-26 12:10:49 - __main__ - INFO - 
Epoch 29/120 | lr 0.090452
2026-02-26 12:10:59 - __main__ - INFO - Train: loss 1.3321 acc1 72.35% acc5 94.27%
2026-02-26 12:10:59 - __main__ - INFO - Val:   loss 2.0114 acc1 55.89% acc5 82.88%
2026-02-26 12:10:59 - __main__ - INFO - 
Epoch 30/120 | lr 0.089634
2026-02-26 12:11:09 - __main__ - INFO - Train: loss 1.3070 acc1 73.31% acc5 94.65%
2026-02-26 12:11:09 - __main__ - INFO - Val:   loss 1.8198 acc1 59.60% acc5 85.90%
2026-02-26 12:11:09 - __main__ - INFO - 
Epoch 31/120 | lr 0.088787
2026-02-26 12:14:00 - __main__ - INFO - Train: loss 2.0619 acc1 51.36% acc5 82.27%
2026-02-26 12:14:00 - __main__ - INFO - Val:   loss 2.0901 acc1 53.58% acc5 82.02%
2026-02-26 12:14:00 - __main__ - INFO - 
Epoch 32/120 | lr 0.087910
2026-02-26 12:16:50 - __main__ - INFO - Train: loss 1.8579 acc1 56.92% acc5 86.08%
2026-02-26 12:16:50 - __main__ - INFO - Val:   loss 2.1045 acc1 52.59% acc5 81.84%
2026-02-26 12:16:50 - __main__ - INFO - 
Epoch 33/120 | lr 0.087006
2026-02-26 12:19:42 - __main__ - INFO - Train: loss 1.7903 acc1 58.63% acc5 87.30%
2026-02-26 12:19:42 - __main__ - INFO - Val:   loss 1.9505 acc1 55.35% acc5 84.95%
2026-02-26 12:19:42 - __main__ - INFO - 
Epoch 34/120 | lr 0.086074
2026-02-26 12:22:33 - __main__ - INFO - Train: loss 1.7440 acc1 60.12% acc5 87.88%
2026-02-26 12:22:33 - __main__ - INFO - Val:   loss 1.8884 acc1 57.69% acc5 85.51%
2026-02-26 12:22:33 - __main__ - INFO - 
Epoch 35/120 | lr 0.085115
2026-02-26 12:25:25 - __main__ - INFO - Train: loss 1.7116 acc1 61.07% acc5 88.61%
2026-02-26 12:25:25 - __main__ - INFO - Val:   loss 1.9552 acc1 56.24% acc5 85.04%
2026-02-26 12:25:25 - __main__ - INFO - 
Epoch 36/120 | lr 0.084129
2026-02-26 12:28:16 - __main__ - INFO - Train: loss 1.6851 acc1 61.91% acc5 89.12%
2026-02-26 12:28:16 - __main__ - INFO - Val:   loss 1.9926 acc1 55.82% acc5 83.80%
2026-02-26 12:28:16 - __main__ - INFO - 
Epoch 37/120 | lr 0.083118
2026-02-26 12:31:08 - __main__ - INFO - Train: loss 1.6712 acc1 62.39% acc5 89.21%
2026-02-26 12:31:08 - __main__ - INFO - Val:   loss 1.8560 acc1 58.40% acc5 86.07%
2026-02-26 12:31:08 - __main__ - INFO - 
Epoch 38/120 | lr 0.082083
2026-02-26 12:34:00 - __main__ - INFO - Train: loss 1.6512 acc1 62.92% acc5 89.56%
2026-02-26 12:34:00 - __main__ - INFO - Val:   loss 1.8335 acc1 58.39% acc5 86.92%
2026-02-26 12:34:00 - __main__ - INFO - 
Epoch 39/120 | lr 0.081024
2026-02-26 12:36:51 - __main__ - INFO - Train: loss 1.6419 acc1 63.20% acc5 89.70%
2026-02-26 12:36:51 - __main__ - INFO - Val:   loss 1.8130 acc1 60.35% acc5 86.25%
2026-02-26 12:36:51 - __main__ - INFO - 
Epoch 40/120 | lr 0.079941
2026-02-26 12:39:43 - __main__ - INFO - Train: loss 1.6203 acc1 63.57% acc5 90.11%
2026-02-26 12:39:43 - __main__ - INFO - Val:   loss 1.8740 acc1 59.39% acc5 86.26%
2026-02-26 12:39:43 - __main__ - INFO - 
Epoch 41/120 | lr 0.078836
2026-02-26 12:42:35 - __main__ - INFO - Train: loss 1.6043 acc1 63.97% acc5 90.47%
2026-02-26 12:42:35 - __main__ - INFO - Val:   loss 1.9872 acc1 57.23% acc5 84.51%
2026-02-26 12:42:35 - __main__ - INFO - 
Epoch 42/120 | lr 0.077710
2026-02-26 12:45:26 - __main__ - INFO - Train: loss 1.6028 acc1 64.43% acc5 90.34%
2026-02-26 12:45:26 - __main__ - INFO - Val:   loss 1.8736 acc1 58.79% acc5 85.40%
2026-02-26 12:45:26 - __main__ - INFO - 
Epoch 43/120 | lr 0.076563
2026-02-26 12:48:17 - __main__ - INFO - Train: loss 1.5777 acc1 64.90% acc5 90.87%
2026-02-26 12:48:17 - __main__ - INFO - Val:   loss 1.8332 acc1 59.56% acc5 86.86%
2026-02-26 12:48:17 - __main__ - INFO - 
Epoch 44/120 | lr 0.075396
2026-02-26 12:51:08 - __main__ - INFO - Train: loss 1.5640 acc1 65.24% acc5 90.91%
2026-02-26 12:51:08 - __main__ - INFO - Val:   loss 1.7795 acc1 60.61% acc5 87.56%
2026-02-26 12:51:08 - __main__ - INFO - saved best: 60.61%
2026-02-26 12:51:08 - __main__ - INFO - 
Epoch 45/120 | lr 0.074210
2026-02-26 12:53:58 - __main__ - INFO - Train: loss 1.5392 acc1 66.18% acc5 91.33%
2026-02-26 12:53:58 - __main__ - INFO - Val:   loss 1.8888 acc1 59.32% acc5 85.53%
2026-02-26 12:53:58 - __main__ - INFO - 
Epoch 46/120 | lr 0.073006
2026-02-26 12:56:49 - __main__ - INFO - Train: loss 1.5236 acc1 66.51% acc5 91.74%
2026-02-26 12:56:49 - __main__ - INFO - Val:   loss 1.9299 acc1 57.05% acc5 84.39%
2026-02-26 12:56:49 - __main__ - INFO - 
Epoch 47/120 | lr 0.071785
2026-02-26 12:59:39 - __main__ - INFO - Train: loss 1.5109 acc1 66.97% acc5 91.90%
2026-02-26 12:59:39 - __main__ - INFO - Val:   loss 1.7630 acc1 62.10% acc5 88.04%
2026-02-26 12:59:39 - __main__ - INFO - saved best: 62.10%
2026-02-26 12:59:39 - __main__ - INFO - 
Epoch 48/120 | lr 0.070548
2026-02-26 13:02:29 - __main__ - INFO - Train: loss 1.5005 acc1 67.39% acc5 91.90%
2026-02-26 13:02:29 - __main__ - INFO - Val:   loss 1.7714 acc1 61.11% acc5 86.99%
2026-02-26 13:02:29 - __main__ - INFO - 
Epoch 49/120 | lr 0.069295
2026-02-26 13:05:21 - __main__ - INFO - Train: loss 1.4801 acc1 67.91% acc5 92.21%
2026-02-26 13:05:21 - __main__ - INFO - Val:   loss 1.8194 acc1 60.38% acc5 86.82%
2026-02-26 13:05:21 - __main__ - INFO - 
Epoch 50/120 | lr 0.068028
2026-02-26 13:08:11 - __main__ - INFO - Train: loss 1.4681 acc1 68.07% acc5 92.55%
2026-02-26 13:08:11 - __main__ - INFO - Val:   loss 1.8924 acc1 57.48% acc5 85.38%
2026-02-26 13:08:11 - __main__ - INFO - 
Epoch 51/120 | lr 0.066747
2026-02-26 13:11:04 - __main__ - INFO - Train: loss 1.4653 acc1 68.29% acc5 92.62%
2026-02-26 13:11:04 - __main__ - INFO - Val:   loss 1.7502 acc1 61.80% acc5 87.35%
2026-02-26 13:11:04 - __main__ - INFO - 
Epoch 52/120 | lr 0.065454
2026-02-26 13:13:54 - __main__ - INFO - Train: loss 1.4480 acc1 68.71% acc5 92.65%
2026-02-26 13:13:54 - __main__ - INFO - Val:   loss 1.7979 acc1 60.41% acc5 87.53%
2026-02-26 13:13:54 - __main__ - INFO - 
Epoch 53/120 | lr 0.064150
2026-02-26 13:16:45 - __main__ - INFO - Train: loss 1.4276 acc1 69.53% acc5 93.08%
2026-02-26 13:16:45 - __main__ - INFO - Val:   loss 1.8094 acc1 61.17% acc5 86.79%
2026-02-26 13:16:45 - __main__ - INFO - 
Epoch 54/120 | lr 0.062835
2026-02-26 13:19:36 - __main__ - INFO - Train: loss 1.4087 acc1 69.97% acc5 93.33%
2026-02-26 13:19:36 - __main__ - INFO - Val:   loss 1.7233 acc1 62.90% acc5 87.81%
2026-02-26 13:19:36 - __main__ - INFO - saved best: 62.90%
2026-02-26 13:19:36 - __main__ - INFO - 
Epoch 55/120 | lr 0.061510
2026-02-26 13:22:28 - __main__ - INFO - Train: loss 1.3948 acc1 70.67% acc5 93.49%
2026-02-26 13:22:28 - __main__ - INFO - Val:   loss 1.8262 acc1 60.16% acc5 86.56%
2026-02-26 13:22:28 - __main__ - INFO - 
Epoch 56/120 | lr 0.060177
2026-02-26 13:25:20 - __main__ - INFO - Train: loss 1.3832 acc1 70.76% acc5 93.73%
2026-02-26 13:25:20 - __main__ - INFO - Val:   loss 1.7475 acc1 62.84% acc5 87.54%
2026-02-26 13:25:20 - __main__ - INFO - 
Epoch 57/120 | lr 0.058836
2026-02-26 13:28:11 - __main__ - INFO - Train: loss 1.3683 acc1 71.26% acc5 93.93%
2026-02-26 13:28:11 - __main__ - INFO - Val:   loss 1.7388 acc1 62.83% acc5 88.26%
2026-02-26 13:28:11 - __main__ - INFO - 
Epoch 58/120 | lr 0.057489
2026-02-26 13:31:02 - __main__ - INFO - Train: loss 1.3380 acc1 72.26% acc5 94.29%
2026-02-26 13:31:02 - __main__ - INFO - Val:   loss 1.8731 acc1 58.66% acc5 85.40%
2026-02-26 13:31:02 - __main__ - INFO - 
Epoch 59/120 | lr 0.056136
2026-02-26 13:33:53 - __main__ - INFO - Train: loss 1.3323 acc1 72.46% acc5 94.46%
2026-02-26 13:33:53 - __main__ - INFO - Val:   loss 1.7615 acc1 61.65% acc5 87.76%
2026-02-26 13:33:53 - __main__ - INFO - 
Epoch 60/120 | lr 0.054778
2026-02-26 13:36:45 - __main__ - INFO - Train: loss 1.3119 acc1 72.93% acc5 94.73%
2026-02-26 13:36:45 - __main__ - INFO - Val:   loss 1.7053 acc1 63.46% acc5 88.85%
2026-02-26 13:36:45 - __main__ - INFO - saved best: 63.46%
2026-02-26 13:36:45 - __main__ - INFO - 
Epoch 61/120 | lr 0.053417
2026-02-26 13:39:37 - __main__ - INFO - Train: loss 1.2932 acc1 73.67% acc5 94.92%
2026-02-26 13:39:37 - __main__ - INFO - Val:   loss 1.7109 acc1 63.74% acc5 88.94%
2026-02-26 13:39:37 - __main__ - INFO - saved best: 63.74%
2026-02-26 13:39:37 - __main__ - INFO - 
Epoch 62/120 | lr 0.052053
2026-02-26 13:42:28 - __main__ - INFO - Train: loss 1.2718 acc1 74.24% acc5 95.32%
2026-02-26 13:42:28 - __main__ - INFO - Val:   loss 1.6558 acc1 65.00% acc5 88.57%
2026-02-26 13:42:28 - __main__ - INFO - saved best: 65.00%
2026-02-26 13:42:28 - __main__ - INFO - 
Epoch 63/120 | lr 0.050688
2026-02-26 13:45:20 - __main__ - INFO - Train: loss 1.2667 acc1 74.28% acc5 95.19%
2026-02-26 13:45:20 - __main__ - INFO - Val:   loss 1.6759 acc1 64.89% acc5 88.75%
2026-02-26 13:45:20 - __main__ - INFO - 
Epoch 64/120 | lr 0.049322
2026-02-26 13:48:12 - __main__ - INFO - Train: loss 1.2415 acc1 75.19% acc5 95.68%
2026-02-26 13:48:12 - __main__ - INFO - Val:   loss 1.6978 acc1 64.04% acc5 88.76%
2026-02-26 13:48:12 - __main__ - INFO - 
Epoch 65/120 | lr 0.047957
2026-02-26 13:51:04 - __main__ - INFO - Train: loss 1.2285 acc1 75.61% acc5 95.70%
2026-02-26 13:51:04 - __main__ - INFO - Val:   loss 1.7011 acc1 63.76% acc5 88.96%
2026-02-26 13:51:04 - __main__ - INFO - 
Epoch 66/120 | lr 0.046593
2026-02-26 13:53:55 - __main__ - INFO - Train: loss 1.1949 acc1 76.88% acc5 95.98%
2026-02-26 13:53:55 - __main__ - INFO - Val:   loss 1.6381 acc1 65.43% acc5 89.70%
2026-02-26 13:53:55 - __main__ - INFO - saved best: 65.43%
2026-02-26 13:53:55 - __main__ - INFO - 
Epoch 67/120 | lr 0.045232
2026-02-26 13:56:47 - __main__ - INFO - Train: loss 1.1970 acc1 76.67% acc5 96.17%
2026-02-26 13:56:47 - __main__ - INFO - Val:   loss 1.5939 acc1 66.49% acc5 90.26%
2026-02-26 13:56:47 - __main__ - INFO - saved best: 66.49%
2026-02-26 13:56:47 - __main__ - INFO - 
Epoch 68/120 | lr 0.043874
2026-02-26 13:59:39 - __main__ - INFO - Train: loss 1.1695 acc1 77.35% acc5 96.45%
2026-02-26 13:59:39 - __main__ - INFO - Val:   loss 1.6043 acc1 66.59% acc5 89.52%
2026-02-26 13:59:39 - __main__ - INFO - saved best: 66.59%
2026-02-26 13:59:39 - __main__ - INFO - 
Epoch 69/120 | lr 0.042521
2026-02-26 14:02:30 - __main__ - INFO - Train: loss 1.1456 acc1 78.24% acc5 96.70%
2026-02-26 14:02:30 - __main__ - INFO - Val:   loss 1.6248 acc1 66.02% acc5 90.09%
2026-02-26 14:02:30 - __main__ - INFO - 
Epoch 70/120 | lr 0.041174
2026-02-26 14:05:22 - __main__ - INFO - Train: loss 1.1302 acc1 78.68% acc5 96.86%
2026-02-26 14:05:22 - __main__ - INFO - Val:   loss 1.6890 acc1 63.74% acc5 88.61%
2026-02-26 14:05:22 - __main__ - INFO - 
Epoch 71/120 | lr 0.039833
2026-02-26 14:08:14 - __main__ - INFO - Train: loss 1.1087 acc1 79.61% acc5 97.14%
2026-02-26 14:08:14 - __main__ - INFO - Val:   loss 1.6858 acc1 64.60% acc5 88.76%
2026-02-26 14:08:14 - __main__ - INFO - 
Epoch 72/120 | lr 0.038500
2026-02-26 14:11:06 - __main__ - INFO - Train: loss 1.0857 acc1 80.28% acc5 97.31%
2026-02-26 14:11:06 - __main__ - INFO - Val:   loss 1.5601 acc1 68.01% acc5 90.34%
2026-02-26 14:11:06 - __main__ - INFO - saved best: 68.01%
2026-02-26 14:11:06 - __main__ - INFO - 
Epoch 73/120 | lr 0.037175
2026-02-26 14:13:58 - __main__ - INFO - Train: loss 1.0576 acc1 81.12% acc5 97.52%
2026-02-26 14:13:58 - __main__ - INFO - Val:   loss 1.6567 acc1 66.13% acc5 88.69%
2026-02-26 14:13:58 - __main__ - INFO - 
Epoch 74/120 | lr 0.035860
2026-02-26 14:16:49 - __main__ - INFO - Train: loss 1.0412 acc1 81.80% acc5 97.69%
2026-02-26 14:16:49 - __main__ - INFO - Val:   loss 1.6186 acc1 66.17% acc5 89.71%
2026-02-26 14:16:49 - __main__ - INFO - 
Epoch 75/120 | lr 0.034556
2026-02-26 14:19:41 - __main__ - INFO - Train: loss 1.0288 acc1 82.01% acc5 98.00%
2026-02-26 14:19:41 - __main__ - INFO - Val:   loss 1.7025 acc1 64.47% acc5 88.86%
2026-02-26 14:19:41 - __main__ - INFO - 
Epoch 76/120 | lr 0.033263
2026-02-26 14:22:33 - __main__ - INFO - Train: loss 1.0016 acc1 83.12% acc5 98.11%
2026-02-26 14:22:33 - __main__ - INFO - Val:   loss 1.5629 acc1 68.34% acc5 90.32%
2026-02-26 14:22:33 - __main__ - INFO - saved best: 68.34%
2026-02-26 14:22:33 - __main__ - INFO - 
Epoch 77/120 | lr 0.031982
2026-02-26 14:25:26 - __main__ - INFO - Train: loss 0.9885 acc1 83.40% acc5 98.27%
2026-02-26 14:25:26 - __main__ - INFO - Val:   loss 1.5350 acc1 69.05% acc5 91.04%
2026-02-26 14:25:26 - __main__ - INFO - saved best: 69.05%
2026-02-26 14:25:26 - __main__ - INFO - 
Epoch 78/120 | lr 0.030715
2026-02-26 14:28:18 - __main__ - INFO - Train: loss 0.9553 acc1 84.95% acc5 98.45%
2026-02-26 14:28:18 - __main__ - INFO - Val:   loss 1.6225 acc1 66.52% acc5 89.70%
2026-02-26 14:28:18 - __main__ - INFO - 
Epoch 79/120 | lr 0.029462
2026-02-26 14:31:10 - __main__ - INFO - Train: loss 0.9334 acc1 85.40% acc5 98.66%
2026-02-26 14:31:10 - __main__ - INFO - Val:   loss 1.5772 acc1 68.21% acc5 90.78%
2026-02-26 14:31:10 - __main__ - INFO - 
Epoch 80/120 | lr 0.028225
2026-02-26 14:34:02 - __main__ - INFO - Train: loss 0.9165 acc1 85.89% acc5 98.77%
2026-02-26 14:34:02 - __main__ - INFO - Val:   loss 1.5338 acc1 68.87% acc5 90.75%
2026-02-26 14:34:02 - __main__ - INFO - 
Epoch 81/120 | lr 0.027004
2026-02-26 14:36:56 - __main__ - INFO - Train: loss 0.8857 acc1 87.22% acc5 98.94%
2026-02-26 14:36:56 - __main__ - INFO - Val:   loss 1.5681 acc1 68.66% acc5 89.74%
2026-02-26 14:36:56 - __main__ - INFO - 
Epoch 82/120 | lr 0.025800
2026-02-26 14:39:49 - __main__ - INFO - Train: loss 0.8665 acc1 87.70% acc5 99.11%
2026-02-26 14:39:49 - __main__ - INFO - Val:   loss 1.5149 acc1 69.14% acc5 91.07%
2026-02-26 14:39:49 - __main__ - INFO - saved best: 69.14%
2026-02-26 14:39:49 - __main__ - INFO - 
Epoch 83/120 | lr 0.024614
2026-02-26 14:42:42 - __main__ - INFO - Train: loss 0.8349 acc1 88.93% acc5 99.28%
2026-02-26 14:42:42 - __main__ - INFO - Val:   loss 1.5200 acc1 68.97% acc5 91.19%
2026-02-26 14:42:42 - __main__ - INFO - 
Epoch 84/120 | lr 0.023447
2026-02-26 14:45:35 - __main__ - INFO - Train: loss 0.8138 acc1 89.66% acc5 99.38%
2026-02-26 14:45:35 - __main__ - INFO - Val:   loss 1.5166 acc1 70.17% acc5 90.32%
2026-02-26 14:45:35 - __main__ - INFO - saved best: 70.17%
2026-02-26 14:45:35 - __main__ - INFO - 
Epoch 85/120 | lr 0.022300
2026-02-26 14:48:27 - __main__ - INFO - Train: loss 0.7894 acc1 90.50% acc5 99.47%
2026-02-26 14:48:27 - __main__ - INFO - Val:   loss 1.4788 acc1 71.04% acc5 91.08%
2026-02-26 14:48:27 - __main__ - INFO - saved best: 71.04%
2026-02-26 14:48:27 - __main__ - INFO - 
Epoch 86/120 | lr 0.021174
2026-02-26 14:51:20 - __main__ - INFO - Train: loss 0.7670 acc1 91.41% acc5 99.57%
2026-02-26 14:51:20 - __main__ - INFO - Val:   loss 1.4976 acc1 70.67% acc5 91.57%
2026-02-26 14:51:20 - __main__ - INFO - 
Epoch 87/120 | lr 0.020069
2026-02-26 14:54:12 - __main__ - INFO - Train: loss 0.7491 acc1 91.99% acc5 99.61%
2026-02-26 14:54:12 - __main__ - INFO - Val:   loss 1.4626 acc1 71.03% acc5 91.15%
2026-02-26 14:54:12 - __main__ - INFO - 
Epoch 88/120 | lr 0.018986
2026-02-26 14:57:05 - __main__ - INFO - Train: loss 0.7285 acc1 92.75% acc5 99.67%
2026-02-26 14:57:05 - __main__ - INFO - Val:   loss 1.4748 acc1 71.59% acc5 91.39%
2026-02-26 14:57:05 - __main__ - INFO - saved best: 71.59%
2026-02-26 14:57:05 - __main__ - INFO - 
Epoch 89/120 | lr 0.017927
2026-02-26 14:59:58 - __main__ - INFO - Train: loss 0.7048 acc1 93.56% acc5 99.76%
2026-02-26 14:59:58 - __main__ - INFO - Val:   loss 1.4785 acc1 70.14% acc5 91.21%
2026-02-26 14:59:58 - __main__ - INFO - 
Epoch 90/120 | lr 0.016892
2026-02-26 15:02:52 - __main__ - INFO - Train: loss 0.6801 acc1 94.48% acc5 99.83%
2026-02-26 15:02:52 - __main__ - INFO - Val:   loss 1.4582 acc1 71.07% acc5 90.91%
2026-02-26 15:02:52 - __main__ - INFO - 
Epoch 91/120 | lr 0.015881
2026-02-26 15:05:45 - __main__ - INFO - Train: loss 0.6602 acc1 95.10% acc5 99.86%
2026-02-26 15:05:45 - __main__ - INFO - Val:   loss 1.4369 acc1 72.01% acc5 91.61%
2026-02-26 15:05:45 - __main__ - INFO - saved best: 72.01%
2026-02-26 15:05:45 - __main__ - INFO - 
Epoch 92/120 | lr 0.014895
2026-02-26 15:08:38 - __main__ - INFO - Train: loss 0.6325 acc1 96.05% acc5 99.89%
2026-02-26 15:08:38 - __main__ - INFO - Val:   loss 1.4398 acc1 72.69% acc5 90.93%
2026-02-26 15:08:38 - __main__ - INFO - saved best: 72.69%
2026-02-26 15:08:38 - __main__ - INFO - 
Epoch 93/120 | lr 0.013936
2026-02-26 15:11:31 - __main__ - INFO - Train: loss 0.6192 acc1 96.43% acc5 99.91%
2026-02-26 15:11:31 - __main__ - INFO - Val:   loss 1.4016 acc1 72.79% acc5 91.76%
2026-02-26 15:11:31 - __main__ - INFO - saved best: 72.79%
2026-02-26 15:11:31 - __main__ - INFO - 
Epoch 94/120 | lr 0.013004
2026-02-26 15:14:25 - __main__ - INFO - Train: loss 0.6024 acc1 97.05% acc5 99.95%
2026-02-26 15:14:25 - __main__ - INFO - Val:   loss 1.3666 acc1 73.72% acc5 92.20%
2026-02-26 15:14:25 - __main__ - INFO - saved best: 73.72%
2026-02-26 15:14:25 - __main__ - INFO - 
Epoch 95/120 | lr 0.012100
2026-02-26 15:17:19 - __main__ - INFO - Train: loss 0.5923 acc1 97.35% acc5 99.96%
2026-02-26 15:17:19 - __main__ - INFO - Val:   loss 1.3954 acc1 73.26% acc5 91.96%
2026-02-26 15:17:19 - __main__ - INFO - 
Epoch 96/120 | lr 0.011223
2026-02-26 15:20:13 - __main__ - INFO - Train: loss 0.5760 acc1 97.77% acc5 99.98%
2026-02-26 15:20:13 - __main__ - INFO - Val:   loss 1.3744 acc1 73.78% acc5 91.46%
2026-02-26 15:20:13 - __main__ - INFO - saved best: 73.78%
2026-02-26 15:20:13 - __main__ - INFO - 
Epoch 97/120 | lr 0.010376
2026-02-26 15:23:07 - __main__ - INFO - Train: loss 0.5623 acc1 98.25% acc5 99.96%
2026-02-26 15:23:07 - __main__ - INFO - Val:   loss 1.3553 acc1 74.40% acc5 92.27%
2026-02-26 15:23:07 - __main__ - INFO - saved best: 74.40%
2026-02-26 15:23:07 - __main__ - INFO - 
Epoch 98/120 | lr 0.009558
2026-02-26 15:26:00 - __main__ - INFO - Train: loss 0.5486 acc1 98.56% acc5 99.98%
2026-02-26 15:26:00 - __main__ - INFO - Val:   loss 1.3593 acc1 74.09% acc5 92.43%
2026-02-26 15:26:00 - __main__ - INFO - 
Epoch 99/120 | lr 0.008771
2026-02-26 15:28:56 - __main__ - INFO - Train: loss 0.5390 acc1 98.77% acc5 99.99%
2026-02-26 15:28:56 - __main__ - INFO - Val:   loss 1.3557 acc1 74.34% acc5 92.19%
2026-02-26 15:28:56 - __main__ - INFO - 
Epoch 100/120 | lr 0.008014
2026-02-26 15:31:50 - __main__ - INFO - Train: loss 0.5301 acc1 98.99% acc5 99.99%
2026-02-26 15:31:50 - __main__ - INFO - Val:   loss 1.3493 acc1 73.96% acc5 92.05%
2026-02-26 15:31:50 - __main__ - INFO - 
Epoch 101/120 | lr 0.007288
2026-02-26 15:34:44 - __main__ - INFO - Train: loss 0.5234 acc1 99.15% acc5 100.00%
2026-02-26 15:34:44 - __main__ - INFO - Val:   loss 1.3401 acc1 74.82% acc5 92.23%
2026-02-26 15:34:44 - __main__ - INFO - saved best: 74.82%
2026-02-26 15:34:44 - __main__ - INFO - 
Epoch 102/120 | lr 0.006595
2026-02-26 15:37:39 - __main__ - INFO - Train: loss 0.5173 acc1 99.27% acc5 99.99%
2026-02-26 15:37:39 - __main__ - INFO - Val:   loss 1.3153 acc1 75.53% acc5 92.43%
2026-02-26 15:37:39 - __main__ - INFO - saved best: 75.53%
2026-02-26 15:37:39 - __main__ - INFO - 
Epoch 103/120 | lr 0.005933
2026-02-26 15:40:33 - __main__ - INFO - Train: loss 0.5111 acc1 99.41% acc5 99.99%
2026-02-26 15:40:33 - __main__ - INFO - Val:   loss 1.3248 acc1 75.44% acc5 92.39%
2026-02-26 15:40:33 - __main__ - INFO - 
Epoch 104/120 | lr 0.005305
2026-02-26 15:43:26 - __main__ - INFO - Train: loss 0.5084 acc1 99.41% acc5 99.99%
2026-02-26 15:43:26 - __main__ - INFO - Val:   loss 1.3204 acc1 75.44% acc5 92.44%
2026-02-26 15:43:26 - __main__ - INFO - 
Epoch 105/120 | lr 0.004710
2026-02-26 15:46:21 - __main__ - INFO - Train: loss 0.5020 acc1 99.53% acc5 100.00%
2026-02-26 15:46:21 - __main__ - INFO - Val:   loss 1.3134 acc1 75.57% acc5 92.66%
2026-02-26 15:46:21 - __main__ - INFO - saved best: 75.57%
2026-02-26 15:46:21 - __main__ - INFO - 
Epoch 106/120 | lr 0.004149
2026-02-26 15:49:15 - __main__ - INFO - Train: loss 0.4998 acc1 99.56% acc5 100.00%
2026-02-26 15:49:15 - __main__ - INFO - Val:   loss 1.3169 acc1 75.97% acc5 92.60%
2026-02-26 15:49:15 - __main__ - INFO - saved best: 75.97%
2026-02-26 15:49:15 - __main__ - INFO - 
Epoch 107/120 | lr 0.003622
2026-02-26 15:52:10 - __main__ - INFO - Train: loss 0.4955 acc1 99.63% acc5 100.00%
2026-02-26 15:52:10 - __main__ - INFO - Val:   loss 1.3154 acc1 75.90% acc5 92.43%
2026-02-26 15:52:10 - __main__ - INFO - 
Epoch 108/120 | lr 0.003130
2026-02-26 15:55:05 - __main__ - INFO - Train: loss 0.4931 acc1 99.62% acc5 100.00%
2026-02-26 15:55:05 - __main__ - INFO - Val:   loss 1.3150 acc1 75.90% acc5 92.44%
2026-02-26 15:55:05 - __main__ - INFO - 
Epoch 109/120 | lr 0.002672
2026-02-26 15:58:00 - __main__ - INFO - Train: loss 0.4899 acc1 99.74% acc5 100.00%
2026-02-26 15:58:00 - __main__ - INFO - Val:   loss 1.3096 acc1 76.22% acc5 92.54%
2026-02-26 15:58:00 - __main__ - INFO - saved best: 76.22%
2026-02-26 15:58:00 - __main__ - INFO - 
Epoch 110/120 | lr 0.002250
2026-02-26 16:00:55 - __main__ - INFO - Train: loss 0.4891 acc1 99.74% acc5 100.00%
2026-02-26 16:00:55 - __main__ - INFO - Val:   loss 1.3160 acc1 75.92% acc5 92.35%
2026-02-26 16:00:55 - __main__ - INFO - 
Epoch 111/120 | lr 0.001864
2026-02-26 16:03:49 - __main__ - INFO - Train: loss 0.4869 acc1 99.70% acc5 100.00%
2026-02-26 16:03:49 - __main__ - INFO - Val:   loss 1.3262 acc1 75.62% acc5 92.37%
2026-02-26 16:03:49 - __main__ - INFO - 
Epoch 112/120 | lr 0.001513
2026-02-26 16:06:44 - __main__ - INFO - Train: loss 0.4849 acc1 99.77% acc5 100.00%
2026-02-26 16:06:44 - __main__ - INFO - Val:   loss 1.3173 acc1 75.81% acc5 92.54%
2026-02-26 16:06:44 - __main__ - INFO - 
Epoch 113/120 | lr 0.001199
2026-02-26 16:09:39 - __main__ - INFO - Train: loss 0.4856 acc1 99.75% acc5 100.00%
2026-02-26 16:09:39 - __main__ - INFO - Val:   loss 1.3165 acc1 75.98% acc5 92.37%
2026-02-26 16:09:39 - __main__ - INFO - 
Epoch 114/120 | lr 0.000921
2026-02-26 16:12:33 - __main__ - INFO - Train: loss 0.4831 acc1 99.79% acc5 100.00%
2026-02-26 16:12:33 - __main__ - INFO - Val:   loss 1.3171 acc1 76.02% acc5 92.41%
2026-02-26 16:12:33 - __main__ - INFO - 
Epoch 115/120 | lr 0.000680
2026-02-26 16:15:27 - __main__ - INFO - Train: loss 0.4830 acc1 99.80% acc5 100.00%
2026-02-26 16:15:27 - __main__ - INFO - Val:   loss 1.3157 acc1 75.74% acc5 92.39%
2026-02-26 16:15:27 - __main__ - INFO - 
Epoch 116/120 | lr 0.000476
2026-02-26 16:18:21 - __main__ - INFO - Train: loss 0.4828 acc1 99.80% acc5 100.00%
2026-02-26 16:18:21 - __main__ - INFO - Val:   loss 1.3146 acc1 76.03% acc5 92.56%
2026-02-26 16:18:21 - __main__ - INFO - 
Epoch 117/120 | lr 0.000308
2026-02-26 16:21:15 - __main__ - INFO - Train: loss 0.4821 acc1 99.82% acc5 100.00%
2026-02-26 16:21:15 - __main__ - INFO - Val:   loss 1.3105 acc1 76.51% acc5 92.39%
2026-02-26 16:21:15 - __main__ - INFO - saved best: 76.51%
2026-02-26 16:21:15 - __main__ - INFO - 
Epoch 118/120 | lr 0.000178
2026-02-26 16:24:09 - __main__ - INFO - Train: loss 0.4813 acc1 99.80% acc5 100.00%
2026-02-26 16:24:09 - __main__ - INFO - Val:   loss 1.3129 acc1 76.29% acc5 92.43%
2026-02-26 16:24:09 - __main__ - INFO - 
Epoch 119/120 | lr 0.000085
2026-02-26 16:27:04 - __main__ - INFO - Train: loss 0.4813 acc1 99.82% acc5 100.00%
2026-02-26 16:27:04 - __main__ - INFO - Val:   loss 1.3116 acc1 76.15% acc5 92.54%
2026-02-26 16:27:04 - __main__ - INFO - 
Epoch 120/120 | lr 0.000029
2026-02-26 16:29:58 - __main__ - INFO - Train: loss 0.4807 acc1 99.84% acc5 100.00%
2026-02-26 16:29:58 - __main__ - INFO - Val:   loss 1.3139 acc1 75.96% acc5 92.35%
2026-02-26 16:29:59 - __main__ - INFO - 
Best tracked (val): 76.51%
2026-02-26 16:29:59 - __main__ - INFO - Final test: loss 1.3289 acc1 75.91% acc5 92.69%
2026-02-26 16:30:00 - graphics - INFO - Metrics plot saved to runs_optuna/resnet18/cifar100/optuna_mask_trial0004_resnet18_cifar100_ep120_bs128_lr0.1_wd5e-04_ls0.05_wu5_maskcam_high_mwu30_mp1.0_ma0.3_mb4_cllayer3/metrics_plot.png
2026-02-26 16:30:00 - __main__ - INFO - [Trial 4] Stage result | best_val_acc=0.765131 | best_so_far=0.765131
2026-02-26 16:30:00 - __main__ - INFO - [Trial 4] Stage 5/5 | epochs=150 | run=optuna_mask_trial0004_resnet18_cifar100_ep150_bs128_lr0.1_wd5e-04_ls0.05_wu5_maskcam_high_mwu30_mp1.0_ma0.3_mb4_cllayer3
