2026-06-26 02:11:42 - __main__ - INFO - Run parameters: {"adamw_betas": [0.9, 0.999], "adamw_eps": 1e-08, "amp": true, "batch_size": 64, "cam_layer": "auto", "cutout_area": 0.1, "cutout_m": 4, "cutout_mode": "cam_low", "cutout_size": 0, "data_dir": "./data", "dataset": "malimg", "epochs": 20, "gamma": 0.1, "grayscale": true, "include_regex": "", "label_smoothing": 0.0, "log_every": 100, "lr": 0.1, "milestones": "60,80", "min_lr": 1e-05, "model": "resnet18", "momentum": 0.9, "nesterov": false, "num_workers": 4, "optimizer": "sgd", "out_dir": "runs/malimg", "run_name": "resnet18_seed42_cam_low_M4_area0.1", "saliency_candidate_percent": 10.0, "scheduler": "cosine", "seed": 42, "teacher_checkpoint": "runs/malimg/resnet18_seed42_none/best_model.pt", "teacher_model": "resnet18", "val_split": 0.0, "warmup_epochs": 5, "weight_decay": 0.0005}
2026-06-26 02:11:42 - __main__ - INFO - device: cuda | cuda: True | gpu: NVIDIA L4
2026-06-26 02:11:43 - __main__ - INFO - Model: resnet18 | Dataset: malimg | Classes: 25 | Optimizer: sgd
2026-06-26 02:11:43 - __main__ - INFO - Cutout enabled: mode=cam_low m=4 size=None area=0.1
2026-06-26 02:11:43 - __main__ - INFO - 
Epoch 1/20 | lr 0.000100
2026-06-26 02:12:45 - __main__ - INFO - Train: loss 1.8229 acc1 53.30%
2026-06-26 02:12:45 - __main__ - INFO - Val:   loss 1.1831 acc1 72.22%
2026-06-26 02:12:45 - __main__ - INFO - saved best: 72.22%
2026-06-26 02:12:45 - __main__ - INFO - 
Epoch 2/20 | lr 0.020080
2026-06-26 02:13:46 - __main__ - INFO - Train: loss 0.1381 acc1 95.82%
2026-06-26 02:13:46 - __main__ - INFO - Val:   loss 0.0838 acc1 97.34%
2026-06-26 02:13:46 - __main__ - INFO - saved best: 97.34%
2026-06-26 02:13:46 - __main__ - INFO - 
Epoch 3/20 | lr 0.040060
2026-06-26 02:14:48 - __main__ - INFO - Train: loss 0.0804 acc1 97.59%
2026-06-26 02:14:48 - __main__ - INFO - Val:   loss 0.0741 acc1 97.73%
2026-06-26 02:14:48 - __main__ - INFO - saved best: 97.73%
2026-06-26 02:14:48 - __main__ - INFO - 
Epoch 4/20 | lr 0.060040
2026-06-26 02:15:49 - __main__ - INFO - Train: loss 0.0693 acc1 97.95%
2026-06-26 02:15:49 - __main__ - INFO - Val:   loss 0.0951 acc1 97.53%
2026-06-26 02:15:49 - __main__ - INFO - 
Epoch 5/20 | lr 0.080020
2026-06-26 02:16:51 - __main__ - INFO - Train: loss 0.0664 acc1 98.01%
2026-06-26 02:16:51 - __main__ - INFO - Val:   loss 0.1943 acc1 95.26%
2026-06-26 02:16:51 - __main__ - INFO - 
Epoch 6/20 | lr 0.100000
2026-06-26 02:17:52 - __main__ - INFO - Train: loss 0.0567 acc1 98.29%
2026-06-26 02:17:52 - __main__ - INFO - Val:   loss 0.1188 acc1 97.31%
2026-06-26 02:17:52 - __main__ - INFO - 
Epoch 7/20 | lr 0.098907
2026-06-26 02:18:54 - __main__ - INFO - Train: loss 0.0505 acc1 98.54%
2026-06-26 02:18:54 - __main__ - INFO - Val:   loss 0.0783 acc1 97.99%
2026-06-26 02:18:54 - __main__ - INFO - saved best: 97.99%
2026-06-26 02:18:54 - __main__ - INFO - 
Epoch 8/20 | lr 0.095678
2026-06-26 02:19:55 - __main__ - INFO - Train: loss 0.0518 acc1 98.48%
2026-06-26 02:19:55 - __main__ - INFO - Val:   loss 0.0975 acc1 97.86%
2026-06-26 02:19:55 - __main__ - INFO - 
Epoch 9/20 | lr 0.090452
2026-06-26 02:20:56 - __main__ - INFO - Train: loss 0.0492 acc1 98.55%
2026-06-26 02:20:56 - __main__ - INFO - Val:   loss 0.0799 acc1 98.25%
2026-06-26 02:20:57 - __main__ - INFO - saved best: 98.25%
2026-06-26 02:20:57 - __main__ - INFO - 
Epoch 10/20 | lr 0.083458
2026-06-26 02:21:58 - __main__ - INFO - Train: loss 0.0495 acc1 98.57%
2026-06-26 02:21:58 - __main__ - INFO - Val:   loss 0.0697 acc1 98.09%
2026-06-26 02:21:58 - __main__ - INFO - 
Epoch 11/20 | lr 0.075002
2026-06-26 02:22:59 - __main__ - INFO - Train: loss 0.0455 acc1 98.66%
2026-06-26 02:22:59 - __main__ - INFO - Val:   loss 0.0820 acc1 97.92%
2026-06-26 02:22:59 - __main__ - INFO - 
Epoch 12/20 | lr 0.065454
2026-06-26 02:24:01 - __main__ - INFO - Train: loss 0.0456 acc1 98.68%
2026-06-26 02:24:01 - __main__ - INFO - Val:   loss 0.0998 acc1 97.86%
2026-06-26 02:24:01 - __main__ - INFO - 
Epoch 13/20 | lr 0.055231
2026-06-26 02:25:03 - __main__ - INFO - Train: loss 0.0396 acc1 98.85%
2026-06-26 02:25:03 - __main__ - INFO - Val:   loss 0.0771 acc1 98.09%
2026-06-26 02:25:03 - __main__ - INFO - 
Epoch 14/20 | lr 0.044779
2026-06-26 02:26:04 - __main__ - INFO - Train: loss 0.0376 acc1 98.87%
2026-06-26 02:26:04 - __main__ - INFO - Val:   loss 0.0843 acc1 97.92%
2026-06-26 02:26:04 - __main__ - INFO - 
Epoch 15/20 | lr 0.034556
2026-06-26 02:27:06 - __main__ - INFO - Train: loss 0.0377 acc1 98.87%
2026-06-26 02:27:06 - __main__ - INFO - Val:   loss 0.0775 acc1 97.99%
2026-06-26 02:27:06 - __main__ - INFO - 
Epoch 16/20 | lr 0.025008
2026-06-26 02:28:07 - __main__ - INFO - Train: loss 0.0369 acc1 98.87%
2026-06-26 02:28:07 - __main__ - INFO - Val:   loss 0.0761 acc1 98.09%
2026-06-26 02:28:07 - __main__ - INFO - 
Epoch 17/20 | lr 0.016552
2026-06-26 02:29:09 - __main__ - INFO - Train: loss 0.0353 acc1 98.88%
2026-06-26 02:29:09 - __main__ - INFO - Val:   loss 0.0884 acc1 97.99%
2026-06-26 02:29:09 - __main__ - INFO - 
Epoch 18/20 | lr 0.009558
2026-06-26 02:30:11 - __main__ - INFO - Train: loss 0.0114 acc1 99.80%
2026-06-26 02:30:11 - __main__ - INFO - Val:   loss 0.0959 acc1 97.73%
2026-06-26 02:30:11 - __main__ - INFO - 
Epoch 19/20 | lr 0.004332
2026-06-26 02:31:13 - __main__ - INFO - Train: loss 0.0304 acc1 99.11%
2026-06-26 02:31:13 - __main__ - INFO - Val:   loss 0.3209 acc1 86.06%
2026-06-26 02:31:13 - __main__ - INFO - 
Epoch 20/20 | lr 0.001103
2026-06-26 02:32:15 - __main__ - INFO - Train: loss 0.0040 acc1 99.99%
2026-06-26 02:32:15 - __main__ - INFO - Val:   loss 0.0500 acc1 99.06%
2026-06-26 02:32:15 - __main__ - INFO - saved best: 99.06%
2026-06-26 02:32:15 - __main__ - INFO - Loaded best checkpoint weights for final test evaluation.
2026-06-26 02:32:17 - __main__ - INFO - 
Best tracked (val): 99.06%
2026-06-26 02:32:17 - __main__ - INFO - Final test: loss 0.0301 acc1 99.28%
2026-06-26 02:32:18 - __main__ - INFO - Saved best model checkpoint to runs/malimg/resnet18_seed42_cam_low_M4_area0.1/best_model.pt
