2026-06-28 08:17:15 - __main__ - INFO - Run parameters: {"adamw_betas": [0.9, 0.999], "adamw_eps": 1e-08, "amp": true, "batch_size": 128, "cam_cache_dir": "", "cam_layer": "auto", "cam_precompute_only": false, "cutout_area": 0.1, "cutout_m": 8, "cutout_mode": "random", "cutout_size": 0, "data_dir": "./data", "dataset": "cifar100", "deterministic_train_transforms": true, "epochs": 100, "gamma": 0.1, "grayscale": false, "include_regex": "", "label_smoothing": 0.0, "log_every": 100, "lr": 0.1, "milestones": "60,80", "min_lr": 1e-05, "model": "resnet18", "momentum": 0.9, "nesterov": false, "num_workers": 4, "optimizer": "sgd", "out_dir": "runs/cifar100/resnet18/42", "run_name": "resnet18_seed42_random_M8_area0.1", "saliency_candidate_percent": 10.0, "scheduler": "cosine", "seed": 42, "teacher_checkpoint": "", "teacher_model": "", "val_split": 0.1, "warmup_epochs": 5, "weight_decay": 0.0005}
2026-06-28 08:17:15 - __main__ - INFO - device: cuda | cuda: True | gpu: NVIDIA A100-SXM4-40GB
2026-06-28 08:17:18 - __main__ - INFO - Model: resnet18 | Dataset: cifar100 | Classes: 100 | Optimizer: sgd
2026-06-28 08:17:18 - __main__ - INFO - Cutout enabled: mode=random m=8 size=None area=0.1
2026-06-28 08:17:18 - __main__ - INFO - 
Epoch 1/100 | lr 0.000100
2026-06-28 08:18:05 - __main__ - INFO - Train: loss 4.3899 acc1 4.91%
2026-06-28 08:18:05 - __main__ - INFO - Val:   loss 4.1571 acc1 6.76%
2026-06-28 08:18:05 - __main__ - INFO - saved best: 6.76%
2026-06-28 08:18:05 - __main__ - INFO - 
Epoch 2/100 | lr 0.020080
2026-06-28 08:18:54 - __main__ - INFO - Train: loss 1.8956 acc1 50.20%
2026-06-28 08:18:54 - __main__ - INFO - Val:   loss 2.2911 acc1 45.93%
2026-06-28 08:18:54 - __main__ - INFO - saved best: 45.93%
2026-06-28 08:18:54 - __main__ - INFO - 
Epoch 3/100 | lr 0.040060
2026-06-28 08:19:41 - __main__ - INFO - Train: loss 0.6632 acc1 80.75%
2026-06-28 08:19:41 - __main__ - INFO - Val:   loss 2.2818 acc1 49.00%
2026-06-28 08:19:41 - __main__ - INFO - saved best: 49.00%
2026-06-28 08:19:41 - __main__ - INFO - 
Epoch 4/100 | lr 0.060040
2026-06-28 08:20:29 - __main__ - INFO - Train: loss 0.5534 acc1 83.70%
2026-06-28 08:20:29 - __main__ - INFO - Val:   loss 2.4942 acc1 47.86%
2026-06-28 08:20:29 - __main__ - INFO - 
Epoch 5/100 | lr 0.080020
2026-06-28 08:21:16 - __main__ - INFO - Train: loss 0.5980 acc1 82.43%
2026-06-28 08:21:16 - __main__ - INFO - Val:   loss 2.3039 acc1 48.14%
2026-06-28 08:21:16 - __main__ - INFO - 
Epoch 6/100 | lr 0.100000
2026-06-28 08:22:03 - __main__ - INFO - Train: loss 0.6742 acc1 80.34%
2026-06-28 08:22:03 - __main__ - INFO - Val:   loss 2.4635 acc1 46.75%
2026-06-28 08:22:03 - __main__ - INFO - 
Epoch 7/100 | lr 0.099973
2026-06-28 08:22:50 - __main__ - INFO - Train: loss 0.6162 acc1 82.07%
2026-06-28 08:22:50 - __main__ - INFO - Val:   loss 2.4711 acc1 45.09%
2026-06-28 08:22:50 - __main__ - INFO - 
Epoch 8/100 | lr 0.099891
2026-06-28 08:23:38 - __main__ - INFO - Train: loss 0.5965 acc1 82.63%
2026-06-28 08:23:38 - __main__ - INFO - Val:   loss 2.4791 acc1 47.46%
2026-06-28 08:23:38 - __main__ - INFO - 
Epoch 9/100 | lr 0.099754
2026-06-28 08:24:25 - __main__ - INFO - Train: loss 0.5806 acc1 83.11%
2026-06-28 08:24:25 - __main__ - INFO - Val:   loss 2.6062 acc1 45.14%
2026-06-28 08:24:25 - __main__ - INFO - 
Epoch 10/100 | lr 0.099563
2026-06-28 08:25:12 - __main__ - INFO - Train: loss 0.5705 acc1 83.40%
2026-06-28 08:25:12 - __main__ - INFO - Val:   loss 2.4286 acc1 47.40%
2026-06-28 08:25:12 - __main__ - INFO - 
Epoch 11/100 | lr 0.099318
2026-06-28 08:25:59 - __main__ - INFO - Train: loss 0.5605 acc1 83.74%
2026-06-28 08:25:59 - __main__ - INFO - Val:   loss 2.4693 acc1 46.54%
2026-06-28 08:25:59 - __main__ - INFO - 
Epoch 12/100 | lr 0.099019
2026-06-28 08:26:47 - __main__ - INFO - Train: loss 0.5561 acc1 83.85%
2026-06-28 08:26:47 - __main__ - INFO - Val:   loss 2.2779 acc1 49.03%
2026-06-28 08:26:47 - __main__ - INFO - saved best: 49.03%
2026-06-28 08:26:47 - __main__ - INFO - 
Epoch 13/100 | lr 0.098666
2026-06-28 08:27:35 - __main__ - INFO - Train: loss 0.5458 acc1 84.13%
2026-06-28 08:27:35 - __main__ - INFO - Val:   loss 2.4784 acc1 46.63%
2026-06-28 08:27:35 - __main__ - INFO - 
Epoch 14/100 | lr 0.098261
2026-06-28 08:28:23 - __main__ - INFO - Train: loss 0.5392 acc1 84.26%
2026-06-28 08:28:23 - __main__ - INFO - Val:   loss 2.4906 acc1 47.03%
2026-06-28 08:28:23 - __main__ - INFO - 
Epoch 15/100 | lr 0.097802
2026-06-28 08:29:10 - __main__ - INFO - Train: loss 0.5379 acc1 84.41%
2026-06-28 08:29:10 - __main__ - INFO - Val:   loss 2.4078 acc1 47.73%
2026-06-28 08:29:10 - __main__ - INFO - 
Epoch 16/100 | lr 0.097291
2026-06-28 08:29:58 - __main__ - INFO - Train: loss 0.5314 acc1 84.62%
2026-06-28 08:29:58 - __main__ - INFO - Val:   loss 2.5813 acc1 46.92%
2026-06-28 08:29:58 - __main__ - INFO - 
Epoch 17/100 | lr 0.096729
2026-06-28 08:30:46 - __main__ - INFO - Train: loss 0.5260 acc1 84.72%
2026-06-28 08:30:46 - __main__ - INFO - Val:   loss 2.4437 acc1 48.18%
2026-06-28 08:30:46 - __main__ - INFO - 
Epoch 18/100 | lr 0.096115
2026-06-28 08:31:32 - __main__ - INFO - Train: loss 0.5178 acc1 84.97%
2026-06-28 08:31:32 - __main__ - INFO - Val:   loss 2.4402 acc1 47.87%
2026-06-28 08:31:32 - __main__ - INFO - 
Epoch 19/100 | lr 0.095451
2026-06-28 08:32:19 - __main__ - INFO - Train: loss 0.5151 acc1 85.03%
2026-06-28 08:32:19 - __main__ - INFO - Val:   loss 2.2936 acc1 49.61%
2026-06-28 08:32:19 - __main__ - INFO - saved best: 49.61%
2026-06-28 08:32:19 - __main__ - INFO - 
Epoch 20/100 | lr 0.094737
2026-06-28 08:33:06 - __main__ - INFO - Train: loss 0.5048 acc1 85.35%
2026-06-28 08:33:06 - __main__ - INFO - Val:   loss 2.3073 acc1 49.49%
2026-06-28 08:33:06 - __main__ - INFO - 
Epoch 21/100 | lr 0.093974
2026-06-28 08:33:54 - __main__ - INFO - Train: loss 0.5011 acc1 85.44%
2026-06-28 08:33:54 - __main__ - INFO - Val:   loss 2.3357 acc1 49.54%
2026-06-28 08:33:54 - __main__ - INFO - 
Epoch 22/100 | lr 0.093164
2026-06-28 08:34:40 - __main__ - INFO - Train: loss 0.4911 acc1 85.74%
2026-06-28 08:34:40 - __main__ - INFO - Val:   loss 2.6417 acc1 45.88%
2026-06-28 08:34:40 - __main__ - INFO - 
Epoch 23/100 | lr 0.092306
2026-06-28 08:35:27 - __main__ - INFO - Train: loss 0.4938 acc1 85.69%
2026-06-28 08:35:27 - __main__ - INFO - Val:   loss 2.5077 acc1 46.58%
2026-06-28 08:35:27 - __main__ - INFO - 
Epoch 24/100 | lr 0.091401
2026-06-28 08:36:14 - __main__ - INFO - Train: loss 0.4819 acc1 85.99%
2026-06-28 08:36:14 - __main__ - INFO - Val:   loss 2.4480 acc1 48.11%
2026-06-28 08:36:14 - __main__ - INFO - 
Epoch 25/100 | lr 0.090452
2026-06-28 08:37:01 - __main__ - INFO - Train: loss 0.4765 acc1 86.13%
2026-06-28 08:37:01 - __main__ - INFO - Val:   loss 2.4542 acc1 49.81%
2026-06-28 08:37:01 - __main__ - INFO - saved best: 49.81%
2026-06-28 08:37:01 - __main__ - INFO - 
Epoch 26/100 | lr 0.089458
2026-06-28 08:37:48 - __main__ - INFO - Train: loss 0.4704 acc1 86.35%
2026-06-28 08:37:48 - __main__ - INFO - Val:   loss 2.3015 acc1 51.08%
2026-06-28 08:37:48 - __main__ - INFO - saved best: 51.08%
2026-06-28 08:37:48 - __main__ - INFO - 
Epoch 27/100 | lr 0.088421
2026-06-28 08:38:36 - __main__ - INFO - Train: loss 0.4624 acc1 86.58%
2026-06-28 08:38:36 - __main__ - INFO - Val:   loss 2.3776 acc1 49.20%
2026-06-28 08:38:36 - __main__ - INFO - 
Epoch 28/100 | lr 0.087342
2026-06-28 08:39:22 - __main__ - INFO - Train: loss 0.4555 acc1 86.78%
2026-06-28 08:39:22 - __main__ - INFO - Val:   loss 2.3339 acc1 50.04%
2026-06-28 08:39:22 - __main__ - INFO - 
Epoch 29/100 | lr 0.086223
2026-06-28 08:40:09 - __main__ - INFO - Train: loss 0.4466 acc1 87.04%
2026-06-28 08:40:09 - __main__ - INFO - Val:   loss 2.5843 acc1 45.72%
2026-06-28 08:40:09 - __main__ - INFO - 
Epoch 30/100 | lr 0.085063
2026-06-28 08:40:56 - __main__ - INFO - Train: loss 0.4404 acc1 87.18%
2026-06-28 08:40:56 - __main__ - INFO - Val:   loss 2.5242 acc1 47.18%
2026-06-28 08:40:56 - __main__ - INFO - 
Epoch 31/100 | lr 0.083866
2026-06-28 08:41:45 - __main__ - INFO - Train: loss 0.4342 acc1 87.35%
2026-06-28 08:41:45 - __main__ - INFO - Val:   loss 2.3494 acc1 48.95%
2026-06-28 08:41:45 - __main__ - INFO - 
Epoch 32/100 | lr 0.082631
2026-06-28 08:42:32 - __main__ - INFO - Train: loss 0.4248 acc1 87.63%
2026-06-28 08:42:32 - __main__ - INFO - Val:   loss 2.3658 acc1 49.34%
2026-06-28 08:42:32 - __main__ - INFO - 
Epoch 33/100 | lr 0.081361
2026-06-28 08:43:20 - __main__ - INFO - Train: loss 0.4150 acc1 87.97%
2026-06-28 08:43:20 - __main__ - INFO - Val:   loss 2.5418 acc1 47.75%
2026-06-28 08:43:20 - __main__ - INFO - 
Epoch 34/100 | lr 0.080056
2026-06-28 08:44:08 - __main__ - INFO - Train: loss 0.4081 acc1 88.12%
2026-06-28 08:44:08 - __main__ - INFO - Val:   loss 2.4126 acc1 48.67%
2026-06-28 08:44:08 - __main__ - INFO - 
Epoch 35/100 | lr 0.078719
2026-06-28 08:44:55 - __main__ - INFO - Train: loss 0.3968 acc1 88.44%
2026-06-28 08:44:55 - __main__ - INFO - Val:   loss 2.4537 acc1 47.85%
2026-06-28 08:44:55 - __main__ - INFO - 
Epoch 36/100 | lr 0.077350
2026-06-28 08:45:42 - __main__ - INFO - Train: loss 0.3911 acc1 88.67%
2026-06-28 08:45:42 - __main__ - INFO - Val:   loss 2.4559 acc1 49.10%
2026-06-28 08:45:42 - __main__ - INFO - 
Epoch 37/100 | lr 0.075951
2026-06-28 08:46:30 - __main__ - INFO - Train: loss 0.3810 acc1 88.93%
2026-06-28 08:46:30 - __main__ - INFO - Val:   loss 2.5223 acc1 48.23%
2026-06-28 08:46:30 - __main__ - INFO - 
Epoch 38/100 | lr 0.074524
2026-06-28 08:47:17 - __main__ - INFO - Train: loss 0.3709 acc1 89.22%
2026-06-28 08:47:17 - __main__ - INFO - Val:   loss 2.5013 acc1 48.92%
2026-06-28 08:47:17 - __main__ - INFO - 
Epoch 39/100 | lr 0.073070
2026-06-28 08:48:03 - __main__ - INFO - Train: loss 0.3608 acc1 89.53%
2026-06-28 08:48:03 - __main__ - INFO - Val:   loss 2.3557 acc1 48.79%
2026-06-28 08:48:03 - __main__ - INFO - 
Epoch 40/100 | lr 0.071591
2026-06-28 08:48:50 - __main__ - INFO - Train: loss 0.3521 acc1 89.77%
2026-06-28 08:48:50 - __main__ - INFO - Val:   loss 2.3253 acc1 50.44%
2026-06-28 08:48:50 - __main__ - INFO - 
Epoch 41/100 | lr 0.070088
2026-06-28 08:49:38 - __main__ - INFO - Train: loss 0.3394 acc1 90.11%
2026-06-28 08:49:38 - __main__ - INFO - Val:   loss 2.3783 acc1 50.42%
2026-06-28 08:49:38 - __main__ - INFO - 
Epoch 42/100 | lr 0.068563
2026-06-28 08:50:24 - __main__ - INFO - Train: loss 0.3334 acc1 90.35%
2026-06-28 08:50:24 - __main__ - INFO - Val:   loss 2.3638 acc1 49.39%
2026-06-28 08:50:24 - __main__ - INFO - 
Epoch 43/100 | lr 0.067018
2026-06-28 08:51:11 - __main__ - INFO - Train: loss 0.3199 acc1 90.73%
2026-06-28 08:51:11 - __main__ - INFO - Val:   loss 2.3434 acc1 49.70%
2026-06-28 08:51:11 - __main__ - INFO - 
Epoch 44/100 | lr 0.065454
2026-06-28 08:51:57 - __main__ - INFO - Train: loss 0.3122 acc1 90.99%
2026-06-28 08:51:57 - __main__ - INFO - Val:   loss 2.3915 acc1 49.65%
2026-06-28 08:51:57 - __main__ - INFO - 
Epoch 45/100 | lr 0.063874
2026-06-28 08:52:43 - __main__ - INFO - Train: loss 0.3008 acc1 91.27%
2026-06-28 08:52:43 - __main__ - INFO - Val:   loss 2.3496 acc1 50.77%
2026-06-28 08:52:43 - __main__ - INFO - 
Epoch 46/100 | lr 0.062278
2026-06-28 08:53:30 - __main__ - INFO - Train: loss 0.2909 acc1 91.60%
2026-06-28 08:53:30 - __main__ - INFO - Val:   loss 2.3468 acc1 50.17%
2026-06-28 08:53:30 - __main__ - INFO - 
Epoch 47/100 | lr 0.060669
2026-06-28 08:54:17 - __main__ - INFO - Train: loss 0.2826 acc1 91.81%
2026-06-28 08:54:17 - __main__ - INFO - Val:   loss 2.3760 acc1 49.81%
2026-06-28 08:54:17 - __main__ - INFO - 
Epoch 48/100 | lr 0.059048
2026-06-28 08:55:03 - __main__ - INFO - Train: loss 0.2729 acc1 92.17%
2026-06-28 08:55:03 - __main__ - INFO - Val:   loss 2.3597 acc1 50.49%
2026-06-28 08:55:03 - __main__ - INFO - 
Epoch 49/100 | lr 0.057417
2026-06-28 08:55:49 - __main__ - INFO - Train: loss 0.2610 acc1 92.50%
2026-06-28 08:55:49 - __main__ - INFO - Val:   loss 2.2393 acc1 50.63%
2026-06-28 08:55:49 - __main__ - INFO - 
Epoch 50/100 | lr 0.055779
2026-06-28 08:56:36 - __main__ - INFO - Train: loss 0.2503 acc1 92.86%
2026-06-28 08:56:36 - __main__ - INFO - Val:   loss 2.2480 acc1 51.42%
2026-06-28 08:56:36 - __main__ - INFO - saved best: 51.42%
2026-06-28 08:56:36 - __main__ - INFO - 
Epoch 51/100 | lr 0.054134
2026-06-28 08:57:23 - __main__ - INFO - Train: loss 0.2429 acc1 93.05%
2026-06-28 08:57:23 - __main__ - INFO - Val:   loss 2.4261 acc1 49.25%
2026-06-28 08:57:23 - __main__ - INFO - 
Epoch 52/100 | lr 0.052484
2026-06-28 08:58:10 - __main__ - INFO - Train: loss 0.2310 acc1 93.44%
2026-06-28 08:58:10 - __main__ - INFO - Val:   loss 2.2011 acc1 51.39%
2026-06-28 08:58:10 - __main__ - INFO - 
Epoch 53/100 | lr 0.050832
2026-06-28 08:58:57 - __main__ - INFO - Train: loss 0.2195 acc1 93.77%
2026-06-28 08:58:57 - __main__ - INFO - Val:   loss 2.3528 acc1 50.86%
2026-06-28 08:58:57 - __main__ - INFO - 
Epoch 54/100 | lr 0.049178
2026-06-28 08:59:43 - __main__ - INFO - Train: loss 0.2101 acc1 94.05%
2026-06-28 08:59:43 - __main__ - INFO - Val:   loss 2.4248 acc1 49.75%
2026-06-28 08:59:43 - __main__ - INFO - 
Epoch 55/100 | lr 0.047526
2026-06-28 09:00:32 - __main__ - INFO - Train: loss 0.2013 acc1 94.34%
2026-06-28 09:00:32 - __main__ - INFO - Val:   loss 2.1353 acc1 53.58%
2026-06-28 09:00:32 - __main__ - INFO - saved best: 53.58%
2026-06-28 09:00:32 - __main__ - INFO - 
Epoch 56/100 | lr 0.045876
2026-06-28 09:01:19 - __main__ - INFO - Train: loss 0.1932 acc1 94.60%
2026-06-28 09:01:19 - __main__ - INFO - Val:   loss 2.2601 acc1 51.97%
2026-06-28 09:01:19 - __main__ - INFO - 
Epoch 57/100 | lr 0.044231
2026-06-28 09:02:06 - __main__ - INFO - Train: loss 0.1834 acc1 94.89%
2026-06-28 09:02:06 - __main__ - INFO - Val:   loss 2.2036 acc1 51.89%
2026-06-28 09:02:06 - __main__ - INFO - 
Epoch 58/100 | lr 0.042593
2026-06-28 09:02:53 - __main__ - INFO - Train: loss 0.1731 acc1 95.22%
2026-06-28 09:02:53 - __main__ - INFO - Val:   loss 2.2370 acc1 51.97%
2026-06-28 09:02:53 - __main__ - INFO - 
Epoch 59/100 | lr 0.040962
2026-06-28 09:03:41 - __main__ - INFO - Train: loss 0.1653 acc1 95.47%
2026-06-28 09:03:41 - __main__ - INFO - Val:   loss 2.2743 acc1 51.60%
2026-06-28 09:03:41 - __main__ - INFO - 
Epoch 60/100 | lr 0.039341
2026-06-28 09:04:28 - __main__ - INFO - Train: loss 0.1574 acc1 95.70%
2026-06-28 09:04:28 - __main__ - INFO - Val:   loss 2.2099 acc1 52.54%
2026-06-28 09:04:28 - __main__ - INFO - 
Epoch 61/100 | lr 0.037732
2026-06-28 09:05:15 - __main__ - INFO - Train: loss 0.1443 acc1 96.11%
2026-06-28 09:05:15 - __main__ - INFO - Val:   loss 2.1679 acc1 52.93%
2026-06-28 09:05:15 - __main__ - INFO - 
Epoch 62/100 | lr 0.036136
2026-06-28 09:06:04 - __main__ - INFO - Train: loss 0.1394 acc1 96.26%
2026-06-28 09:06:04 - __main__ - INFO - Val:   loss 2.2614 acc1 51.68%
2026-06-28 09:06:04 - __main__ - INFO - 
Epoch 63/100 | lr 0.034556
2026-06-28 09:06:50 - __main__ - INFO - Train: loss 0.1310 acc1 96.50%
2026-06-28 09:06:50 - __main__ - INFO - Val:   loss 2.2131 acc1 51.70%
2026-06-28 09:06:50 - __main__ - INFO - 
Epoch 64/100 | lr 0.032992
2026-06-28 09:07:39 - __main__ - INFO - Train: loss 0.1176 acc1 96.95%
2026-06-28 09:07:39 - __main__ - INFO - Val:   loss 2.2678 acc1 50.66%
2026-06-28 09:07:39 - __main__ - INFO - 
Epoch 65/100 | lr 0.031447
2026-06-28 09:08:25 - __main__ - INFO - Train: loss 0.1114 acc1 97.14%
2026-06-28 09:08:25 - __main__ - INFO - Val:   loss 2.3740 acc1 48.91%
2026-06-28 09:08:25 - __main__ - INFO - 
Epoch 66/100 | lr 0.029922
2026-06-28 09:09:13 - __main__ - INFO - Train: loss 0.1036 acc1 97.39%
2026-06-28 09:09:13 - __main__ - INFO - Val:   loss 2.2114 acc1 51.47%
2026-06-28 09:09:13 - __main__ - INFO - 
Epoch 67/100 | lr 0.028419
2026-06-28 09:09:59 - __main__ - INFO - Train: loss 0.0973 acc1 97.57%
2026-06-28 09:09:59 - __main__ - INFO - Val:   loss 2.1627 acc1 51.49%
2026-06-28 09:09:59 - __main__ - INFO - 
Epoch 68/100 | lr 0.026940
2026-06-28 09:10:46 - __main__ - INFO - Train: loss 0.0848 acc1 97.94%
2026-06-28 09:10:46 - __main__ - INFO - Val:   loss 2.1942 acc1 50.36%
2026-06-28 09:10:46 - __main__ - INFO - 
Epoch 69/100 | lr 0.025486
2026-06-28 09:11:34 - __main__ - INFO - Train: loss 0.0805 acc1 98.09%
2026-06-28 09:11:34 - __main__ - INFO - Val:   loss 2.0803 acc1 53.46%
2026-06-28 09:11:34 - __main__ - INFO - 
Epoch 70/100 | lr 0.024059
2026-06-28 09:12:22 - __main__ - INFO - Train: loss 0.0790 acc1 98.17%
2026-06-28 09:12:22 - __main__ - INFO - Val:   loss 2.1420 acc1 52.66%
2026-06-28 09:12:22 - __main__ - INFO - 
Epoch 71/100 | lr 0.022660
2026-06-28 09:13:09 - __main__ - INFO - Train: loss 0.0432 acc1 99.14%
2026-06-28 09:13:09 - __main__ - INFO - Val:   loss 1.9982 acc1 55.19%
2026-06-28 09:13:09 - __main__ - INFO - saved best: 55.19%
2026-06-28 09:13:09 - __main__ - INFO - 
Epoch 72/100 | lr 0.021291
2026-06-28 09:13:56 - __main__ - INFO - Train: loss 0.0139 acc1 99.88%
2026-06-28 09:13:56 - __main__ - INFO - Val:   loss 1.6642 acc1 60.86%
2026-06-28 09:13:56 - __main__ - INFO - saved best: 60.86%
2026-06-28 09:13:56 - __main__ - INFO - 
Epoch 73/100 | lr 0.019954
2026-06-28 09:14:43 - __main__ - INFO - Train: loss 0.0142 acc1 99.90%
2026-06-28 09:14:43 - __main__ - INFO - Val:   loss 3.3726 acc1 33.09%
2026-06-28 09:14:43 - __main__ - INFO - 
Epoch 74/100 | lr 0.018649
2026-06-28 09:15:31 - __main__ - INFO - Train: loss 0.2623 acc1 93.12%
2026-06-28 09:15:31 - __main__ - INFO - Val:   loss 1.9158 acc1 55.47%
2026-06-28 09:15:31 - __main__ - INFO - 
Epoch 75/100 | lr 0.017379
2026-06-28 09:16:19 - __main__ - INFO - Train: loss 0.0117 acc1 99.90%
2026-06-28 09:16:19 - __main__ - INFO - Val:   loss 1.6493 acc1 60.70%
2026-06-28 09:16:19 - __main__ - INFO - 
Epoch 76/100 | lr 0.016144
2026-06-28 09:17:05 - __main__ - INFO - Train: loss 0.0087 acc1 99.98%
2026-06-28 09:17:05 - __main__ - INFO - Val:   loss 1.8660 acc1 57.61%
2026-06-28 09:17:05 - __main__ - INFO - 
Epoch 77/100 | lr 0.014947
2026-06-28 09:17:52 - __main__ - INFO - Train: loss 0.0103 acc1 99.96%
2026-06-28 09:17:52 - __main__ - INFO - Val:   loss 1.7942 acc1 58.88%
2026-06-28 09:17:52 - __main__ - INFO - 
Epoch 78/100 | lr 0.013787
2026-06-28 09:18:39 - __main__ - INFO - Train: loss 0.2246 acc1 94.26%
2026-06-28 09:18:39 - __main__ - INFO - Val:   loss 1.8603 acc1 58.04%
2026-06-28 09:18:39 - __main__ - INFO - 
Epoch 79/100 | lr 0.012668
2026-06-28 09:19:26 - __main__ - INFO - Train: loss 0.0108 acc1 99.89%
2026-06-28 09:19:26 - __main__ - INFO - Val:   loss 1.6546 acc1 60.27%
2026-06-28 09:19:26 - __main__ - INFO - 
Epoch 80/100 | lr 0.011589
2026-06-28 09:20:14 - __main__ - INFO - Train: loss 0.0070 acc1 99.99%
2026-06-28 09:20:14 - __main__ - INFO - Val:   loss 1.6537 acc1 61.50%
2026-06-28 09:20:14 - __main__ - INFO - saved best: 61.50%
2026-06-28 09:20:14 - __main__ - INFO - 
Epoch 81/100 | lr 0.010552
2026-06-28 09:21:01 - __main__ - INFO - Train: loss 0.0081 acc1 99.98%
2026-06-28 09:21:01 - __main__ - INFO - Val:   loss 1.7101 acc1 61.37%
2026-06-28 09:21:01 - __main__ - INFO - 
Epoch 82/100 | lr 0.009558
2026-06-28 09:21:47 - __main__ - INFO - Train: loss 0.0083 acc1 99.98%
2026-06-28 09:21:47 - __main__ - INFO - Val:   loss 1.7209 acc1 61.24%
2026-06-28 09:21:47 - __main__ - INFO - 
Epoch 83/100 | lr 0.008609
2026-06-28 09:22:34 - __main__ - INFO - Train: loss 0.0083 acc1 99.99%
2026-06-28 09:22:34 - __main__ - INFO - Val:   loss 1.7324 acc1 62.37%
2026-06-28 09:22:34 - __main__ - INFO - saved best: 62.37%
2026-06-28 09:22:34 - __main__ - INFO - 
Epoch 84/100 | lr 0.007704
2026-06-28 09:23:21 - __main__ - INFO - Train: loss 0.0085 acc1 99.99%
2026-06-28 09:23:21 - __main__ - INFO - Val:   loss 1.7416 acc1 62.03%
2026-06-28 09:23:21 - __main__ - INFO - 
Epoch 85/100 | lr 0.006846
2026-06-28 09:24:09 - __main__ - INFO - Train: loss 0.0079 acc1 99.99%
2026-06-28 09:24:09 - __main__ - INFO - Val:   loss 1.7561 acc1 61.54%
2026-06-28 09:24:09 - __main__ - INFO - 
Epoch 86/100 | lr 0.006036
2026-06-28 09:24:56 - __main__ - INFO - Train: loss 0.0494 acc1 98.99%
2026-06-28 09:24:56 - __main__ - INFO - Val:   loss 3.1740 acc1 34.52%
2026-06-28 09:24:56 - __main__ - INFO - 
Epoch 87/100 | lr 0.005273
2026-06-28 09:25:43 - __main__ - INFO - Train: loss 0.1482 acc1 96.62%
2026-06-28 09:25:43 - __main__ - INFO - Val:   loss 1.7138 acc1 60.03%
2026-06-28 09:25:43 - __main__ - INFO - 
Epoch 88/100 | lr 0.004559
2026-06-28 09:26:30 - __main__ - INFO - Train: loss 0.0056 acc1 99.97%
2026-06-28 09:26:30 - __main__ - INFO - Val:   loss 1.6627 acc1 61.18%
2026-06-28 09:26:30 - __main__ - INFO - 
Epoch 89/100 | lr 0.003895
2026-06-28 09:27:18 - __main__ - INFO - Train: loss 0.0048 acc1 99.99%
2026-06-28 09:27:18 - __main__ - INFO - Val:   loss 1.6947 acc1 61.18%
2026-06-28 09:27:18 - __main__ - INFO - 
Epoch 90/100 | lr 0.003281
2026-06-28 09:28:05 - __main__ - INFO - Train: loss 0.0054 acc1 99.99%
2026-06-28 09:28:05 - __main__ - INFO - Val:   loss 1.6994 acc1 61.49%
2026-06-28 09:28:05 - __main__ - INFO - 
Epoch 91/100 | lr 0.002719
2026-06-28 09:28:51 - __main__ - INFO - Train: loss 0.0058 acc1 99.99%
2026-06-28 09:28:51 - __main__ - INFO - Val:   loss 1.7299 acc1 61.44%
2026-06-28 09:28:51 - __main__ - INFO - 
Epoch 92/100 | lr 0.002208
2026-06-28 09:29:38 - __main__ - INFO - Train: loss 0.0062 acc1 99.99%
2026-06-28 09:29:38 - __main__ - INFO - Val:   loss 1.7481 acc1 61.18%
2026-06-28 09:29:38 - __main__ - INFO - 
Epoch 93/100 | lr 0.001749
2026-06-28 09:30:26 - __main__ - INFO - Train: loss 0.0063 acc1 99.99%
2026-06-28 09:30:26 - __main__ - INFO - Val:   loss 1.7618 acc1 61.38%
2026-06-28 09:30:26 - __main__ - INFO - 
Epoch 94/100 | lr 0.001344
2026-06-28 09:31:14 - __main__ - INFO - Train: loss 0.0064 acc1 100.00%
2026-06-28 09:31:14 - __main__ - INFO - Val:   loss 1.7773 acc1 61.34%
2026-06-28 09:31:14 - __main__ - INFO - 
Epoch 95/100 | lr 0.000991
2026-06-28 09:32:00 - __main__ - INFO - Train: loss 0.0064 acc1 100.00%
2026-06-28 09:32:00 - __main__ - INFO - Val:   loss 1.7876 acc1 61.43%
2026-06-28 09:32:00 - __main__ - INFO - 
Epoch 96/100 | lr 0.000692
2026-06-28 09:32:47 - __main__ - INFO - Train: loss 0.0066 acc1 99.99%
2026-06-28 09:32:47 - __main__ - INFO - Val:   loss 1.7948 acc1 61.24%
2026-06-28 09:32:47 - __main__ - INFO - 
Epoch 97/100 | lr 0.000447
2026-06-28 09:33:34 - __main__ - INFO - Train: loss 0.0064 acc1 100.00%
2026-06-28 09:33:34 - __main__ - INFO - Val:   loss 1.8007 acc1 61.63%
2026-06-28 09:33:34 - __main__ - INFO - 
Epoch 98/100 | lr 0.000256
2026-06-28 09:34:21 - __main__ - INFO - Train: loss 0.0065 acc1 99.99%
2026-06-28 09:34:21 - __main__ - INFO - Val:   loss 1.7974 acc1 61.46%
2026-06-28 09:34:21 - __main__ - INFO - 
Epoch 99/100 | lr 0.000119
2026-06-28 09:35:08 - __main__ - INFO - Train: loss 0.0064 acc1 100.00%
2026-06-28 09:35:08 - __main__ - INFO - Val:   loss 1.8060 acc1 61.22%
2026-06-28 09:35:08 - __main__ - INFO - 
Epoch 100/100 | lr 0.000037
2026-06-28 09:35:54 - __main__ - INFO - Train: loss 0.0065 acc1 100.00%
2026-06-28 09:35:54 - __main__ - INFO - Val:   loss 1.8004 acc1 61.34%
2026-06-28 09:35:54 - __main__ - INFO - Loaded best checkpoint weights for final test evaluation.
2026-06-28 09:35:55 - __main__ - INFO - 
Best tracked (val): 62.37%
2026-06-28 09:35:55 - __main__ - INFO - Final test: loss 1.7424 acc1 61.46%
2026-06-28 09:35:55 - __main__ - INFO - Saved best model checkpoint to runs/cifar100/resnet18/42/resnet18_seed42_random_M8_area0.1/best_model.pt
