2026-06-27 21:46:26 - __main__ - INFO - Run parameters: {"adamw_betas": [0.9, 0.999], "adamw_eps": 1e-08, "amp": true, "batch_size": 128, "cam_layer": "auto", "cutout_area": 0.1, "cutout_m": 8, "cutout_mode": "random", "cutout_size": 0, "data_dir": "./data", "dataset": "cifar100", "epochs": 100, "gamma": 0.1, "grayscale": false, "include_regex": "", "label_smoothing": 0.0, "log_every": 100, "lr": 0.1, "milestones": "60,80", "min_lr": 1e-05, "model": "resnet18", "momentum": 0.9, "nesterov": false, "num_workers": 4, "optimizer": "sgd", "out_dir": "runs/cifar100/resnet18/42", "run_name": "resnet18_seed42_random_M8_area0.1", "saliency_candidate_percent": 10.0, "scheduler": "cosine", "seed": 42, "teacher_checkpoint": "", "teacher_model": "", "val_split": 0.1, "warmup_epochs": 5, "weight_decay": 0.0005}
2026-06-27 21:46:26 - __main__ - INFO - device: cuda | cuda: True | gpu: NVIDIA A100-SXM4-40GB
2026-06-27 21:46:29 - __main__ - INFO - Model: resnet18 | Dataset: cifar100 | Classes: 100 | Optimizer: sgd
2026-06-27 21:46:29 - __main__ - INFO - Cutout enabled: mode=random m=8 size=None area=0.1
2026-06-27 21:46:29 - __main__ - INFO - 
Epoch 1/100 | lr 0.000100
2026-06-27 21:47:25 - __main__ - INFO - Train: loss 4.4155 acc1 4.20%
2026-06-27 21:47:25 - __main__ - INFO - Val:   loss 4.1812 acc1 6.60%
2026-06-27 21:47:25 - __main__ - INFO - saved best: 6.60%
2026-06-27 21:47:25 - __main__ - INFO - 
Epoch 2/100 | lr 0.020080
2026-06-27 21:48:20 - __main__ - INFO - Train: loss 2.4258 acc1 37.19%
2026-06-27 21:48:20 - __main__ - INFO - Val:   loss 1.9332 acc1 49.26%
2026-06-27 21:48:20 - __main__ - INFO - saved best: 49.26%
2026-06-27 21:48:20 - __main__ - INFO - 
Epoch 3/100 | lr 0.040060
2026-06-27 21:49:15 - __main__ - INFO - Train: loss 1.3957 acc1 60.25%
2026-06-27 21:49:15 - __main__ - INFO - Val:   loss 1.5811 acc1 57.99%
2026-06-27 21:49:15 - __main__ - INFO - saved best: 57.99%
2026-06-27 21:49:15 - __main__ - INFO - 
Epoch 4/100 | lr 0.060040
2026-06-27 21:50:10 - __main__ - INFO - Train: loss 1.1649 acc1 66.22%
2026-06-27 21:50:10 - __main__ - INFO - Val:   loss 2.1333 acc1 50.03%
2026-06-27 21:50:10 - __main__ - INFO - 
Epoch 5/100 | lr 0.080020
2026-06-27 21:51:05 - __main__ - INFO - Train: loss 1.1589 acc1 66.49%
2026-06-27 21:51:05 - __main__ - INFO - Val:   loss 1.6248 acc1 58.15%
2026-06-27 21:51:05 - __main__ - INFO - saved best: 58.15%
2026-06-27 21:51:05 - __main__ - INFO - 
Epoch 6/100 | lr 0.100000
2026-06-27 21:52:01 - __main__ - INFO - Train: loss 1.2094 acc1 65.25%
2026-06-27 21:52:01 - __main__ - INFO - Val:   loss 1.6751 acc1 55.40%
2026-06-27 21:52:01 - __main__ - INFO - 
Epoch 7/100 | lr 0.099973
2026-06-27 21:52:56 - __main__ - INFO - Train: loss 1.1658 acc1 66.41%
2026-06-27 21:52:56 - __main__ - INFO - Val:   loss 1.5926 acc1 58.81%
2026-06-27 21:52:56 - __main__ - INFO - saved best: 58.81%
2026-06-27 21:52:56 - __main__ - INFO - 
Epoch 8/100 | lr 0.099891
2026-06-27 21:53:52 - __main__ - INFO - Train: loss 1.1431 acc1 67.07%
2026-06-27 21:53:52 - __main__ - INFO - Val:   loss 1.7052 acc1 57.47%
2026-06-27 21:53:52 - __main__ - INFO - 
Epoch 9/100 | lr 0.099754
2026-06-27 21:54:47 - __main__ - INFO - Train: loss 1.1240 acc1 67.50%
2026-06-27 21:54:47 - __main__ - INFO - Val:   loss 1.7891 acc1 56.09%
2026-06-27 21:54:47 - __main__ - INFO - 
Epoch 10/100 | lr 0.099563
2026-06-27 21:55:43 - __main__ - INFO - Train: loss 1.1119 acc1 67.81%
2026-06-27 21:55:43 - __main__ - INFO - Val:   loss 1.6071 acc1 59.46%
2026-06-27 21:55:43 - __main__ - INFO - saved best: 59.46%
2026-06-27 21:55:43 - __main__ - INFO - 
Epoch 11/100 | lr 0.099318
2026-06-27 21:56:39 - __main__ - INFO - Train: loss 1.0978 acc1 68.33%
2026-06-27 21:56:39 - __main__ - INFO - Val:   loss 1.8350 acc1 55.53%
2026-06-27 21:56:39 - __main__ - INFO - 
Epoch 12/100 | lr 0.099019
2026-06-27 21:57:34 - __main__ - INFO - Train: loss 1.0884 acc1 68.47%
2026-06-27 21:57:34 - __main__ - INFO - Val:   loss 1.8987 acc1 54.73%
2026-06-27 21:57:34 - __main__ - INFO - 
Epoch 13/100 | lr 0.098666
2026-06-27 21:58:28 - __main__ - INFO - Train: loss 1.0805 acc1 68.68%
2026-06-27 21:58:28 - __main__ - INFO - Val:   loss 1.6597 acc1 56.60%
2026-06-27 21:58:28 - __main__ - INFO - 
Epoch 14/100 | lr 0.098261
2026-06-27 21:59:24 - __main__ - INFO - Train: loss 1.0731 acc1 68.90%
2026-06-27 21:59:24 - __main__ - INFO - Val:   loss 1.6412 acc1 57.24%
2026-06-27 21:59:24 - __main__ - INFO - 
Epoch 15/100 | lr 0.097802
2026-06-27 22:00:19 - __main__ - INFO - Train: loss 1.0633 acc1 69.24%
2026-06-27 22:00:19 - __main__ - INFO - Val:   loss 1.7083 acc1 56.67%
2026-06-27 22:00:19 - __main__ - INFO - 
Epoch 16/100 | lr 0.097291
2026-06-27 22:01:13 - __main__ - INFO - Train: loss 1.0623 acc1 69.13%
2026-06-27 22:01:13 - __main__ - INFO - Val:   loss 1.6391 acc1 58.68%
2026-06-27 22:01:13 - __main__ - INFO - 
Epoch 17/100 | lr 0.096729
2026-06-27 22:02:09 - __main__ - INFO - Train: loss 1.0521 acc1 69.51%
2026-06-27 22:02:09 - __main__ - INFO - Val:   loss 1.7488 acc1 56.53%
2026-06-27 22:02:09 - __main__ - INFO - 
Epoch 18/100 | lr 0.096115
2026-06-27 22:03:04 - __main__ - INFO - Train: loss 1.0442 acc1 69.72%
2026-06-27 22:03:04 - __main__ - INFO - Val:   loss 1.6460 acc1 58.45%
2026-06-27 22:03:04 - __main__ - INFO - 
Epoch 19/100 | lr 0.095451
2026-06-27 22:03:59 - __main__ - INFO - Train: loss 1.0329 acc1 69.96%
2026-06-27 22:03:59 - __main__ - INFO - Val:   loss 1.5912 acc1 58.78%
2026-06-27 22:03:59 - __main__ - INFO - 
Epoch 20/100 | lr 0.094737
2026-06-27 22:04:54 - __main__ - INFO - Train: loss 1.0257 acc1 70.23%
2026-06-27 22:04:54 - __main__ - INFO - Val:   loss 1.6408 acc1 58.39%
2026-06-27 22:04:54 - __main__ - INFO - 
Epoch 21/100 | lr 0.093974
2026-06-27 22:05:49 - __main__ - INFO - Train: loss 1.0187 acc1 70.32%
2026-06-27 22:05:49 - __main__ - INFO - Val:   loss 1.6815 acc1 57.67%
2026-06-27 22:05:49 - __main__ - INFO - 
Epoch 22/100 | lr 0.093164
2026-06-27 22:06:45 - __main__ - INFO - Train: loss 1.0124 acc1 70.61%
2026-06-27 22:06:45 - __main__ - INFO - Val:   loss 1.5054 acc1 61.83%
2026-06-27 22:06:45 - __main__ - INFO - saved best: 61.83%
2026-06-27 22:06:45 - __main__ - INFO - 
Epoch 23/100 | lr 0.092306
2026-06-27 22:07:40 - __main__ - INFO - Train: loss 1.0012 acc1 70.85%
2026-06-27 22:07:40 - __main__ - INFO - Val:   loss 1.5846 acc1 58.86%
2026-06-27 22:07:40 - __main__ - INFO - 
Epoch 24/100 | lr 0.091401
2026-06-27 22:08:35 - __main__ - INFO - Train: loss 0.9914 acc1 71.07%
2026-06-27 22:08:35 - __main__ - INFO - Val:   loss 1.8528 acc1 55.72%
2026-06-27 22:08:35 - __main__ - INFO - 
Epoch 25/100 | lr 0.090452
2026-06-27 22:09:31 - __main__ - INFO - Train: loss 0.9899 acc1 71.10%
2026-06-27 22:09:31 - __main__ - INFO - Val:   loss 1.4654 acc1 60.62%
2026-06-27 22:09:31 - __main__ - INFO - 
Epoch 26/100 | lr 0.089458
2026-06-27 22:10:27 - __main__ - INFO - Train: loss 0.9770 acc1 71.45%
2026-06-27 22:10:27 - __main__ - INFO - Val:   loss 1.5945 acc1 58.78%
2026-06-27 22:10:27 - __main__ - INFO - 
Epoch 27/100 | lr 0.088421
2026-06-27 22:11:22 - __main__ - INFO - Train: loss 0.9702 acc1 71.60%
2026-06-27 22:11:22 - __main__ - INFO - Val:   loss 1.6419 acc1 58.93%
2026-06-27 22:11:22 - __main__ - INFO - 
Epoch 28/100 | lr 0.087342
2026-06-27 22:12:18 - __main__ - INFO - Train: loss 0.9584 acc1 71.88%
2026-06-27 22:12:18 - __main__ - INFO - Val:   loss 1.4745 acc1 61.58%
2026-06-27 22:12:18 - __main__ - INFO - 
Epoch 29/100 | lr 0.086223
2026-06-27 22:13:14 - __main__ - INFO - Train: loss 0.9456 acc1 72.34%
2026-06-27 22:13:14 - __main__ - INFO - Val:   loss 1.6979 acc1 58.17%
2026-06-27 22:13:14 - __main__ - INFO - 
Epoch 30/100 | lr 0.085063
2026-06-27 22:14:09 - __main__ - INFO - Train: loss 0.9344 acc1 72.59%
2026-06-27 22:14:09 - __main__ - INFO - Val:   loss 2.0310 acc1 53.58%
2026-06-27 22:14:09 - __main__ - INFO - 
Epoch 31/100 | lr 0.083866
2026-06-27 22:15:04 - __main__ - INFO - Train: loss 0.9292 acc1 72.70%
2026-06-27 22:15:04 - __main__ - INFO - Val:   loss 1.5877 acc1 60.37%
2026-06-27 22:15:04 - __main__ - INFO - 
Epoch 32/100 | lr 0.082631
2026-06-27 22:15:59 - __main__ - INFO - Train: loss 0.9171 acc1 73.11%
2026-06-27 22:15:59 - __main__ - INFO - Val:   loss 1.4697 acc1 61.64%
2026-06-27 22:15:59 - __main__ - INFO - 
Epoch 33/100 | lr 0.081361
2026-06-27 22:16:54 - __main__ - INFO - Train: loss 0.9012 acc1 73.41%
2026-06-27 22:16:54 - __main__ - INFO - Val:   loss 1.8752 acc1 56.62%
2026-06-27 22:16:54 - __main__ - INFO - 
Epoch 34/100 | lr 0.080056
2026-06-27 22:17:51 - __main__ - INFO - Train: loss 0.8957 acc1 73.53%
2026-06-27 22:17:51 - __main__ - INFO - Val:   loss 1.5916 acc1 59.69%
2026-06-27 22:17:51 - __main__ - INFO - 
Epoch 35/100 | lr 0.078719
2026-06-27 22:18:47 - __main__ - INFO - Train: loss 0.8772 acc1 74.10%
2026-06-27 22:18:47 - __main__ - INFO - Val:   loss 1.6256 acc1 58.81%
2026-06-27 22:18:47 - __main__ - INFO - 
Epoch 36/100 | lr 0.077350
2026-06-27 22:19:43 - __main__ - INFO - Train: loss 0.8687 acc1 74.31%
2026-06-27 22:19:43 - __main__ - INFO - Val:   loss 1.7120 acc1 58.37%
2026-06-27 22:19:43 - __main__ - INFO - 
Epoch 37/100 | lr 0.075951
2026-06-27 22:20:38 - __main__ - INFO - Train: loss 0.8499 acc1 74.85%
2026-06-27 22:20:38 - __main__ - INFO - Val:   loss 1.4704 acc1 62.29%
2026-06-27 22:20:38 - __main__ - INFO - saved best: 62.29%
2026-06-27 22:20:38 - __main__ - INFO - 
Epoch 38/100 | lr 0.074524
2026-06-27 22:21:33 - __main__ - INFO - Train: loss 0.8363 acc1 75.23%
2026-06-27 22:21:33 - __main__ - INFO - Val:   loss 1.8227 acc1 58.21%
2026-06-27 22:21:33 - __main__ - INFO - 
Epoch 39/100 | lr 0.073070
2026-06-27 22:22:28 - __main__ - INFO - Train: loss 0.8233 acc1 75.60%
2026-06-27 22:22:28 - __main__ - INFO - Val:   loss 1.5775 acc1 61.52%
2026-06-27 22:22:28 - __main__ - INFO - 
Epoch 40/100 | lr 0.071591
2026-06-27 22:23:24 - __main__ - INFO - Train: loss 0.8112 acc1 75.90%
2026-06-27 22:23:24 - __main__ - INFO - Val:   loss 1.4580 acc1 63.92%
2026-06-27 22:23:24 - __main__ - INFO - saved best: 63.92%
2026-06-27 22:23:24 - __main__ - INFO - 
Epoch 41/100 | lr 0.070088
2026-06-27 22:24:19 - __main__ - INFO - Train: loss 0.7921 acc1 76.48%
2026-06-27 22:24:19 - __main__ - INFO - Val:   loss 1.5114 acc1 62.17%
2026-06-27 22:24:19 - __main__ - INFO - 
Epoch 42/100 | lr 0.068563
2026-06-27 22:25:15 - __main__ - INFO - Train: loss 0.7812 acc1 76.71%
2026-06-27 22:25:15 - __main__ - INFO - Val:   loss 1.6807 acc1 59.34%
2026-06-27 22:25:15 - __main__ - INFO - 
Epoch 43/100 | lr 0.067018
2026-06-27 22:26:10 - __main__ - INFO - Train: loss 0.7656 acc1 77.18%
2026-06-27 22:26:10 - __main__ - INFO - Val:   loss 1.4426 acc1 62.70%
2026-06-27 22:26:10 - __main__ - INFO - 
Epoch 44/100 | lr 0.065454
2026-06-27 22:27:05 - __main__ - INFO - Train: loss 0.7466 acc1 77.73%
2026-06-27 22:27:05 - __main__ - INFO - Val:   loss 1.5390 acc1 61.76%
2026-06-27 22:27:05 - __main__ - INFO - 
Epoch 45/100 | lr 0.063874
2026-06-27 22:28:00 - __main__ - INFO - Train: loss 0.7356 acc1 78.00%
2026-06-27 22:28:00 - __main__ - INFO - Val:   loss 1.4623 acc1 63.22%
2026-06-27 22:28:00 - __main__ - INFO - 
Epoch 46/100 | lr 0.062278
2026-06-27 22:28:55 - __main__ - INFO - Train: loss 0.7135 acc1 78.62%
2026-06-27 22:28:55 - __main__ - INFO - Val:   loss 1.5826 acc1 62.54%
2026-06-27 22:28:55 - __main__ - INFO - 
Epoch 47/100 | lr 0.060669
2026-06-27 22:29:51 - __main__ - INFO - Train: loss 0.6994 acc1 79.04%
2026-06-27 22:29:51 - __main__ - INFO - Val:   loss 1.7960 acc1 58.73%
2026-06-27 22:29:51 - __main__ - INFO - 
Epoch 48/100 | lr 0.059048
2026-06-27 22:30:46 - __main__ - INFO - Train: loss 0.6771 acc1 79.63%
2026-06-27 22:30:46 - __main__ - INFO - Val:   loss 1.5758 acc1 61.73%
2026-06-27 22:30:46 - __main__ - INFO - 
Epoch 49/100 | lr 0.057417
2026-06-27 22:31:41 - __main__ - INFO - Train: loss 0.6671 acc1 79.98%
2026-06-27 22:31:41 - __main__ - INFO - Val:   loss 1.5483 acc1 62.83%
2026-06-27 22:31:41 - __main__ - INFO - 
Epoch 50/100 | lr 0.055779
2026-06-27 22:32:36 - __main__ - INFO - Train: loss 0.6453 acc1 80.62%
2026-06-27 22:32:36 - __main__ - INFO - Val:   loss 1.6050 acc1 62.36%
2026-06-27 22:32:36 - __main__ - INFO - 
Epoch 51/100 | lr 0.054134
2026-06-27 22:33:32 - __main__ - INFO - Train: loss 0.6238 acc1 81.19%
2026-06-27 22:33:32 - __main__ - INFO - Val:   loss 1.5360 acc1 64.32%
2026-06-27 22:33:32 - __main__ - INFO - saved best: 64.32%
2026-06-27 22:33:32 - __main__ - INFO - 
Epoch 52/100 | lr 0.052484
2026-06-27 22:34:27 - __main__ - INFO - Train: loss 0.6034 acc1 81.73%
2026-06-27 22:34:27 - __main__ - INFO - Val:   loss 1.4561 acc1 63.82%
2026-06-27 22:34:27 - __main__ - INFO - 
Epoch 53/100 | lr 0.050832
2026-06-27 22:35:23 - __main__ - INFO - Train: loss 0.5882 acc1 82.23%
2026-06-27 22:35:23 - __main__ - INFO - Val:   loss 1.4038 acc1 65.91%
2026-06-27 22:35:23 - __main__ - INFO - saved best: 65.91%
2026-06-27 22:35:23 - __main__ - INFO - 
Epoch 54/100 | lr 0.049178
2026-06-27 22:36:19 - __main__ - INFO - Train: loss 0.5665 acc1 82.89%
2026-06-27 22:36:19 - __main__ - INFO - Val:   loss 1.4330 acc1 66.07%
2026-06-27 22:36:19 - __main__ - INFO - saved best: 66.07%
2026-06-27 22:36:19 - __main__ - INFO - 
Epoch 55/100 | lr 0.047526
2026-06-27 22:37:14 - __main__ - INFO - Train: loss 0.5480 acc1 83.39%
2026-06-27 22:37:14 - __main__ - INFO - Val:   loss 1.6357 acc1 63.06%
2026-06-27 22:37:14 - __main__ - INFO - 
Epoch 56/100 | lr 0.045876
2026-06-27 22:38:10 - __main__ - INFO - Train: loss 0.5330 acc1 83.82%
2026-06-27 22:38:10 - __main__ - INFO - Val:   loss 1.5951 acc1 61.28%
2026-06-27 22:38:10 - __main__ - INFO - 
Epoch 57/100 | lr 0.044231
2026-06-27 22:39:05 - __main__ - INFO - Train: loss 0.5115 acc1 84.52%
2026-06-27 22:39:05 - __main__ - INFO - Val:   loss 1.5487 acc1 63.24%
2026-06-27 22:39:05 - __main__ - INFO - 
Epoch 58/100 | lr 0.042593
2026-06-27 22:40:01 - __main__ - INFO - Train: loss 0.4879 acc1 85.19%
2026-06-27 22:40:01 - __main__ - INFO - Val:   loss 1.3912 acc1 65.60%
2026-06-27 22:40:01 - __main__ - INFO - 
Epoch 59/100 | lr 0.040962
2026-06-27 22:40:56 - __main__ - INFO - Train: loss 0.4696 acc1 85.73%
2026-06-27 22:40:56 - __main__ - INFO - Val:   loss 1.4368 acc1 65.56%
2026-06-27 22:40:56 - __main__ - INFO - 
Epoch 60/100 | lr 0.039341
2026-06-27 22:41:52 - __main__ - INFO - Train: loss 0.4464 acc1 86.48%
2026-06-27 22:41:52 - __main__ - INFO - Val:   loss 1.4845 acc1 65.66%
2026-06-27 22:41:52 - __main__ - INFO - 
Epoch 61/100 | lr 0.037732
2026-06-27 22:42:48 - __main__ - INFO - Train: loss 0.4290 acc1 86.97%
2026-06-27 22:42:48 - __main__ - INFO - Val:   loss 1.3554 acc1 68.32%
2026-06-27 22:42:48 - __main__ - INFO - saved best: 68.32%
2026-06-27 22:42:48 - __main__ - INFO - 
Epoch 62/100 | lr 0.036136
2026-06-27 22:43:43 - __main__ - INFO - Train: loss 0.4072 acc1 87.65%
2026-06-27 22:43:43 - __main__ - INFO - Val:   loss 1.5364 acc1 64.70%
2026-06-27 22:43:43 - __main__ - INFO - 
Epoch 63/100 | lr 0.034556
2026-06-27 22:44:38 - __main__ - INFO - Train: loss 0.3876 acc1 88.21%
2026-06-27 22:44:38 - __main__ - INFO - Val:   loss 1.5171 acc1 65.55%
2026-06-27 22:44:38 - __main__ - INFO - 
Epoch 64/100 | lr 0.032992
2026-06-27 22:45:33 - __main__ - INFO - Train: loss 0.3658 acc1 88.98%
2026-06-27 22:45:33 - __main__ - INFO - Val:   loss 1.5404 acc1 64.78%
2026-06-27 22:45:33 - __main__ - INFO - 
Epoch 65/100 | lr 0.031447
2026-06-27 22:46:29 - __main__ - INFO - Train: loss 0.3504 acc1 89.36%
2026-06-27 22:46:29 - __main__ - INFO - Val:   loss 1.4470 acc1 66.03%
2026-06-27 22:46:29 - __main__ - INFO - 
Epoch 66/100 | lr 0.029922
2026-06-27 22:47:24 - __main__ - INFO - Train: loss 0.3259 acc1 90.20%
2026-06-27 22:47:24 - __main__ - INFO - Val:   loss 1.5402 acc1 65.90%
2026-06-27 22:47:24 - __main__ - INFO - 
Epoch 67/100 | lr 0.028419
2026-06-27 22:48:20 - __main__ - INFO - Train: loss 0.3108 acc1 90.64%
2026-06-27 22:48:20 - __main__ - INFO - Val:   loss 1.4422 acc1 66.43%
2026-06-27 22:48:20 - __main__ - INFO - 
Epoch 68/100 | lr 0.026940
2026-06-27 22:49:16 - __main__ - INFO - Train: loss 0.2942 acc1 91.16%
2026-06-27 22:49:16 - __main__ - INFO - Val:   loss 1.4025 acc1 67.60%
2026-06-27 22:49:16 - __main__ - INFO - 
Epoch 69/100 | lr 0.025486
2026-06-27 22:50:11 - __main__ - INFO - Train: loss 0.2729 acc1 91.81%
2026-06-27 22:50:11 - __main__ - INFO - Val:   loss 1.3658 acc1 68.37%
2026-06-27 22:50:11 - __main__ - INFO - saved best: 68.37%
2026-06-27 22:50:11 - __main__ - INFO - 
Epoch 70/100 | lr 0.024059
2026-06-27 22:51:08 - __main__ - INFO - Train: loss 0.2554 acc1 92.39%
2026-06-27 22:51:08 - __main__ - INFO - Val:   loss 1.4400 acc1 67.61%
2026-06-27 22:51:08 - __main__ - INFO - 
Epoch 71/100 | lr 0.022660
2026-06-27 22:52:04 - __main__ - INFO - Train: loss 0.2384 acc1 92.96%
2026-06-27 22:52:04 - __main__ - INFO - Val:   loss 1.4163 acc1 66.91%
2026-06-27 22:52:04 - __main__ - INFO - 
Epoch 72/100 | lr 0.021291
2026-06-27 22:52:59 - __main__ - INFO - Train: loss 0.2197 acc1 93.59%
2026-06-27 22:52:59 - __main__ - INFO - Val:   loss 1.3601 acc1 68.92%
2026-06-27 22:52:59 - __main__ - INFO - saved best: 68.92%
2026-06-27 22:52:59 - __main__ - INFO - 
Epoch 73/100 | lr 0.019954
2026-06-27 22:53:55 - __main__ - INFO - Train: loss 0.2038 acc1 94.09%
2026-06-27 22:53:55 - __main__ - INFO - Val:   loss 1.3319 acc1 68.59%
2026-06-27 22:53:55 - __main__ - INFO - 
Epoch 74/100 | lr 0.018649
2026-06-27 22:54:51 - __main__ - INFO - Train: loss 0.1873 acc1 94.60%
2026-06-27 22:54:51 - __main__ - INFO - Val:   loss 1.3591 acc1 68.26%
2026-06-27 22:54:51 - __main__ - INFO - 
Epoch 75/100 | lr 0.017379
2026-06-27 22:55:46 - __main__ - INFO - Train: loss 0.1741 acc1 95.07%
2026-06-27 22:55:46 - __main__ - INFO - Val:   loss 1.2730 acc1 71.29%
2026-06-27 22:55:46 - __main__ - INFO - saved best: 71.29%
2026-06-27 22:55:46 - __main__ - INFO - 
Epoch 76/100 | lr 0.016144
2026-06-27 22:56:41 - __main__ - INFO - Train: loss 0.1580 acc1 95.56%
2026-06-27 22:56:41 - __main__ - INFO - Val:   loss 1.2571 acc1 71.64%
2026-06-27 22:56:41 - __main__ - INFO - saved best: 71.64%
2026-06-27 22:56:41 - __main__ - INFO - 
Epoch 77/100 | lr 0.014947
2026-06-27 22:57:37 - __main__ - INFO - Train: loss 0.1387 acc1 96.20%
2026-06-27 22:57:37 - __main__ - INFO - Val:   loss 1.3833 acc1 68.86%
2026-06-27 22:57:37 - __main__ - INFO - 
Epoch 78/100 | lr 0.013787
2026-06-27 22:58:32 - __main__ - INFO - Train: loss 0.1299 acc1 96.48%
2026-06-27 22:58:32 - __main__ - INFO - Val:   loss 1.3083 acc1 70.26%
2026-06-27 22:58:32 - __main__ - INFO - 
Epoch 79/100 | lr 0.012668
2026-06-27 22:59:28 - __main__ - INFO - Train: loss 0.1097 acc1 97.15%
2026-06-27 22:59:28 - __main__ - INFO - Val:   loss 1.3053 acc1 69.82%
2026-06-27 22:59:28 - __main__ - INFO - 
Epoch 80/100 | lr 0.011589
2026-06-27 23:00:24 - __main__ - INFO - Train: loss 0.0986 acc1 97.49%
2026-06-27 23:00:24 - __main__ - INFO - Val:   loss 1.2719 acc1 71.01%
2026-06-27 23:00:24 - __main__ - INFO - 
Epoch 81/100 | lr 0.010552
2026-06-27 23:01:19 - __main__ - INFO - Train: loss 0.0855 acc1 97.88%
2026-06-27 23:01:19 - __main__ - INFO - Val:   loss 1.2459 acc1 70.37%
2026-06-27 23:01:19 - __main__ - INFO - 
Epoch 82/100 | lr 0.009558
2026-06-27 23:02:14 - __main__ - INFO - Train: loss 0.0707 acc1 98.38%
2026-06-27 23:02:14 - __main__ - INFO - Val:   loss 1.1997 acc1 71.62%
2026-06-27 23:02:14 - __main__ - INFO - 
Epoch 83/100 | lr 0.008609
2026-06-27 23:03:10 - __main__ - INFO - Train: loss 0.0613 acc1 98.67%
2026-06-27 23:03:10 - __main__ - INFO - Val:   loss 1.1301 acc1 73.51%
2026-06-27 23:03:10 - __main__ - INFO - saved best: 73.51%
2026-06-27 23:03:10 - __main__ - INFO - 
Epoch 84/100 | lr 0.007704
2026-06-27 23:04:06 - __main__ - INFO - Train: loss 0.0496 acc1 98.98%
2026-06-27 23:04:06 - __main__ - INFO - Val:   loss 1.1565 acc1 72.97%
2026-06-27 23:04:06 - __main__ - INFO - 
Epoch 85/100 | lr 0.006846
2026-06-27 23:05:02 - __main__ - INFO - Train: loss 0.0385 acc1 99.29%
2026-06-27 23:05:02 - __main__ - INFO - Val:   loss 1.0649 acc1 74.80%
2026-06-27 23:05:02 - __main__ - INFO - saved best: 74.80%
2026-06-27 23:05:02 - __main__ - INFO - 
Epoch 86/100 | lr 0.006036
2026-06-27 23:05:58 - __main__ - INFO - Train: loss 0.0258 acc1 99.64%
2026-06-27 23:05:58 - __main__ - INFO - Val:   loss 1.0309 acc1 75.13%
2026-06-27 23:05:59 - __main__ - INFO - saved best: 75.13%
2026-06-27 23:05:59 - __main__ - INFO - 
Epoch 87/100 | lr 0.005273
2026-06-27 23:06:55 - __main__ - INFO - Train: loss 0.0216 acc1 99.73%
2026-06-27 23:06:55 - __main__ - INFO - Val:   loss 1.0207 acc1 75.87%
2026-06-27 23:06:55 - __main__ - INFO - saved best: 75.87%
2026-06-27 23:06:55 - __main__ - INFO - 
Epoch 88/100 | lr 0.004559
2026-06-27 23:07:51 - __main__ - INFO - Train: loss 0.0171 acc1 99.83%
2026-06-27 23:07:51 - __main__ - INFO - Val:   loss 1.0000 acc1 76.28%
2026-06-27 23:07:51 - __main__ - INFO - saved best: 76.28%
2026-06-27 23:07:51 - __main__ - INFO - 
Epoch 89/100 | lr 0.003895
2026-06-27 23:08:48 - __main__ - INFO - Train: loss 0.0139 acc1 99.90%
2026-06-27 23:08:48 - __main__ - INFO - Val:   loss 0.9678 acc1 76.57%
2026-06-27 23:08:48 - __main__ - INFO - saved best: 76.57%
2026-06-27 23:08:48 - __main__ - INFO - 
Epoch 90/100 | lr 0.003281
2026-06-27 23:09:43 - __main__ - INFO - Train: loss 0.0124 acc1 99.92%
2026-06-27 23:09:43 - __main__ - INFO - Val:   loss 0.9378 acc1 77.31%
2026-06-27 23:09:43 - __main__ - INFO - saved best: 77.31%
2026-06-27 23:09:43 - __main__ - INFO - 
Epoch 91/100 | lr 0.002719
2026-06-27 23:10:39 - __main__ - INFO - Train: loss 0.0109 acc1 99.94%
2026-06-27 23:10:39 - __main__ - INFO - Val:   loss 0.9292 acc1 78.38%
2026-06-27 23:10:39 - __main__ - INFO - saved best: 78.38%
2026-06-27 23:10:39 - __main__ - INFO - 
Epoch 92/100 | lr 0.002208
2026-06-27 23:11:35 - __main__ - INFO - Train: loss 0.0104 acc1 99.96%
2026-06-27 23:11:35 - __main__ - INFO - Val:   loss 0.9271 acc1 77.76%
2026-06-27 23:11:35 - __main__ - INFO - 
Epoch 93/100 | lr 0.001749
2026-06-27 23:12:30 - __main__ - INFO - Train: loss 0.0100 acc1 99.96%
2026-06-27 23:12:30 - __main__ - INFO - Val:   loss 0.9252 acc1 77.68%
2026-06-27 23:12:30 - __main__ - INFO - 
Epoch 94/100 | lr 0.001344
2026-06-27 23:13:26 - __main__ - INFO - Train: loss 0.0096 acc1 99.96%
2026-06-27 23:13:26 - __main__ - INFO - Val:   loss 0.9328 acc1 77.68%
2026-06-27 23:13:26 - __main__ - INFO - 
Epoch 95/100 | lr 0.000991
2026-06-27 23:14:22 - __main__ - INFO - Train: loss 0.0091 acc1 99.97%
2026-06-27 23:14:22 - __main__ - INFO - Val:   loss 0.9260 acc1 78.21%
2026-06-27 23:14:22 - __main__ - INFO - 
Epoch 96/100 | lr 0.000692
2026-06-27 23:15:18 - __main__ - INFO - Train: loss 0.0091 acc1 99.96%
2026-06-27 23:15:18 - __main__ - INFO - Val:   loss 0.9223 acc1 78.09%
2026-06-27 23:15:18 - __main__ - INFO - 
Epoch 97/100 | lr 0.000447
2026-06-27 23:16:14 - __main__ - INFO - Train: loss 0.0087 acc1 99.98%
2026-06-27 23:16:14 - __main__ - INFO - Val:   loss 0.9253 acc1 78.23%
2026-06-27 23:16:14 - __main__ - INFO - 
Epoch 98/100 | lr 0.000256
2026-06-27 23:17:10 - __main__ - INFO - Train: loss 0.0087 acc1 99.97%
2026-06-27 23:17:10 - __main__ - INFO - Val:   loss 0.9183 acc1 78.01%
2026-06-27 23:17:10 - __main__ - INFO - 
Epoch 99/100 | lr 0.000119
2026-06-27 23:18:07 - __main__ - INFO - Train: loss 0.0085 acc1 99.98%
2026-06-27 23:18:07 - __main__ - INFO - Val:   loss 0.9219 acc1 78.03%
2026-06-27 23:18:07 - __main__ - INFO - 
Epoch 100/100 | lr 0.000037
2026-06-27 23:19:03 - __main__ - INFO - Train: loss 0.0087 acc1 99.98%
2026-06-27 23:19:03 - __main__ - INFO - Val:   loss 0.9235 acc1 78.26%
2026-06-27 23:19:03 - __main__ - INFO - Loaded best checkpoint weights for final test evaluation.
2026-06-27 23:19:04 - __main__ - INFO - 
Best tracked (val): 78.38%
2026-06-27 23:19:04 - __main__ - INFO - Final test: loss 0.9459 acc1 77.48%
2026-06-27 23:19:04 - __main__ - INFO - Saved best model checkpoint to runs/cifar100/resnet18/42/resnet18_seed42_random_M8_area0.1/best_model.pt
