2026-04-22 23:30:55 - __main__ - INFO - Comparison pipeline | device=cuda | out_dir=./runs/drive_zip_2026_04/22 | args={"adamw_betas": [0.9, 0.999], "adamw_eps": 1e-08, "amp": false, "batch_size": 128, "cam_layer": "auto", "config": "/content/CAMRegularization/configs.json", "data_dir": "./data", "dataset": "drive_zip", "enable_random_control": false, "enable_shuffled_cam_control": false, "epochs": 100, "gamma": 0.1, "input_models": ["resnet18"], "label_smoothing": 0.0, "log_every": 100, "lr": 0.1, "milestones": "60,80", "min_lr": 1e-05, "momentum": 0.9, "nesterov": false, "num_workers": 2, "optimizer": "sgd", "out_dir": "./runs/drive_zip_2026_04/22", "output_models": ["densenet121"], "run_name": "", "scheduler": "cosine", "seed": 42, "threshold": 0.04, "val_split": 0.1, "warmup_epochs": 5, "weight_decay": 0.0005}
2026-04-22 23:30:55 - __main__ - INFO - Enabled variants: ['original', 'low_saliency']
2026-04-22 23:30:55 - __main__ - INFO - 
============================================================
2026-04-22 23:30:55 - __main__ - INFO - Training input model: resnet18
2026-04-22 23:30:55 - __main__ - INFO -   Resolved config → opt=sgd, lr=0.1, wd=0.0005, bs=256, epochs=80, scheduler=cosine, warmup=5
2026-04-22 23:30:55 - __main__ - INFO - ============================================================
2026-04-22 23:30:55 - __main__ - INFO - device: cuda | cuda: True | gpu: NVIDIA L4
2026-04-22 23:32:54 - __main__ - INFO - Model: resnet18 | Dataset: drive_zip | Classes: 17 | Optimizer: sgd
2026-04-22 23:32:54 - __main__ - INFO - 
Epoch 1/80 | lr 0.000100
2026-04-22 23:35:56 - __main__ - INFO - Train: loss 2.8094 acc1 8.99%
2026-04-22 23:35:56 - __main__ - INFO - Val:   loss 2.7772 acc1 9.98%
2026-04-22 23:35:56 - __main__ - INFO - saved best: 9.98%
2026-04-22 23:35:56 - __main__ - INFO - 
Epoch 2/80 | lr 0.020080
2026-04-22 23:38:55 - __main__ - INFO - Train: loss 2.3549 acc1 22.82%
2026-04-22 23:38:55 - __main__ - INFO - Val:   loss 2.3406 acc1 25.00%
2026-04-22 23:38:55 - __main__ - INFO - saved best: 25.00%
2026-04-22 23:38:55 - __main__ - INFO - 
Epoch 3/80 | lr 0.040060
2026-04-22 23:41:52 - __main__ - INFO - Train: loss 2.1512 acc1 28.78%
2026-04-22 23:41:52 - __main__ - INFO - Val:   loss 2.8709 acc1 20.52%
2026-04-22 23:41:52 - __main__ - INFO - 
Epoch 4/80 | lr 0.060040
2026-04-22 23:44:50 - __main__ - INFO - Train: loss 2.0480 acc1 31.62%
2026-04-22 23:44:50 - __main__ - INFO - Val:   loss 2.1245 acc1 29.06%
2026-04-22 23:44:50 - __main__ - INFO - saved best: 29.06%
2026-04-22 23:44:50 - __main__ - INFO - 
Epoch 5/80 | lr 0.080020
2026-04-22 23:47:48 - __main__ - INFO - Train: loss 1.9784 acc1 33.92%
2026-04-22 23:47:48 - __main__ - INFO - Val:   loss 2.4843 acc1 22.15%
2026-04-22 23:47:48 - __main__ - INFO - 
Epoch 6/80 | lr 0.100000
2026-04-22 23:50:46 - __main__ - INFO - Train: loss 1.9296 acc1 35.10%
2026-04-22 23:50:46 - __main__ - INFO - Val:   loss 2.8022 acc1 23.22%
2026-04-22 23:50:46 - __main__ - INFO - 
Epoch 7/80 | lr 0.099956
2026-04-22 23:53:44 - __main__ - INFO - Train: loss 1.8649 acc1 37.05%
2026-04-22 23:53:44 - __main__ - INFO - Val:   loss 2.0328 acc1 33.77%
2026-04-22 23:53:44 - __main__ - INFO - saved best: 33.77%
2026-04-22 23:53:44 - __main__ - INFO - 
Epoch 8/80 | lr 0.099825
2026-04-22 23:56:41 - __main__ - INFO - Train: loss 1.8283 acc1 38.24%
2026-04-22 23:56:41 - __main__ - INFO - Val:   loss 2.2929 acc1 28.80%
2026-04-22 23:56:41 - __main__ - INFO - 
Epoch 9/80 | lr 0.099606
2026-04-22 23:59:39 - __main__ - INFO - Train: loss 1.7990 acc1 39.06%
2026-04-22 23:59:39 - __main__ - INFO - Val:   loss 3.8175 acc1 26.32%
2026-04-22 23:59:39 - __main__ - INFO - 
Epoch 10/80 | lr 0.099300
2026-04-23 00:02:36 - __main__ - INFO - Train: loss 1.7771 acc1 39.73%
2026-04-23 00:02:36 - __main__ - INFO - Val:   loss 2.4302 acc1 26.14%
2026-04-23 00:02:36 - __main__ - INFO - 
Epoch 11/80 | lr 0.098907
2026-04-23 00:05:34 - __main__ - INFO - Train: loss 1.7613 acc1 40.09%
2026-04-23 00:05:34 - __main__ - INFO - Val:   loss 2.5783 acc1 24.90%
2026-04-23 00:05:34 - __main__ - INFO - 
Epoch 12/80 | lr 0.098429
2026-04-23 00:08:31 - __main__ - INFO - Train: loss 1.7410 acc1 40.86%
2026-04-23 00:08:31 - __main__ - INFO - Val:   loss 1.7116 acc1 41.89%
2026-04-23 00:08:31 - __main__ - INFO - saved best: 41.89%
2026-04-23 00:08:31 - __main__ - INFO - 
Epoch 13/80 | lr 0.097866
2026-04-23 00:11:29 - __main__ - INFO - Train: loss 1.7319 acc1 41.17%
2026-04-23 00:11:29 - __main__ - INFO - Val:   loss 2.3454 acc1 28.15%
2026-04-23 00:11:29 - __main__ - INFO - 
Epoch 14/80 | lr 0.097219
2026-04-23 00:14:26 - __main__ - INFO - Train: loss 1.7209 acc1 41.53%
2026-04-23 00:14:26 - __main__ - INFO - Val:   loss 1.8179 acc1 38.67%
2026-04-23 00:14:26 - __main__ - INFO - 
Epoch 15/80 | lr 0.096489
2026-04-23 00:17:23 - __main__ - INFO - Train: loss 1.7037 acc1 42.05%
2026-04-23 00:17:23 - __main__ - INFO - Val:   loss 2.0593 acc1 33.43%
2026-04-23 00:17:23 - __main__ - INFO - 
Epoch 16/80 | lr 0.095678
2026-04-23 00:20:21 - __main__ - INFO - Train: loss 1.6934 acc1 42.43%
2026-04-23 00:20:21 - __main__ - INFO - Val:   loss 2.2955 acc1 33.51%
2026-04-23 00:20:21 - __main__ - INFO - 
Epoch 17/80 | lr 0.094786
2026-04-23 00:23:19 - __main__ - INFO - Train: loss 1.6800 acc1 42.81%
2026-04-23 00:23:19 - __main__ - INFO - Val:   loss 2.0325 acc1 35.34%
2026-04-23 00:23:19 - __main__ - INFO - 
Epoch 18/80 | lr 0.093816
2026-04-23 00:26:16 - __main__ - INFO - Train: loss 1.6744 acc1 43.10%
2026-04-23 00:26:16 - __main__ - INFO - Val:   loss 1.8235 acc1 39.03%
2026-04-23 00:26:16 - __main__ - INFO - 
Epoch 19/80 | lr 0.092769
2026-04-23 00:29:13 - __main__ - INFO - Train: loss 1.6583 acc1 43.65%
2026-04-23 00:29:13 - __main__ - INFO - Val:   loss 2.0473 acc1 37.11%
2026-04-23 00:29:13 - __main__ - INFO - 
Epoch 20/80 | lr 0.091647
2026-04-23 00:32:11 - __main__ - INFO - Train: loss 1.6522 acc1 43.72%
2026-04-23 00:32:11 - __main__ - INFO - Val:   loss 1.9489 acc1 37.70%
2026-04-23 00:32:11 - __main__ - INFO - 
Epoch 21/80 | lr 0.090452
2026-04-23 00:35:08 - __main__ - INFO - Train: loss 1.6459 acc1 44.00%
2026-04-23 00:35:08 - __main__ - INFO - Val:   loss 1.9781 acc1 34.33%
2026-04-23 00:35:08 - __main__ - INFO - 
Epoch 22/80 | lr 0.089186
2026-04-23 00:38:05 - __main__ - INFO - Train: loss 1.6311 acc1 44.64%
2026-04-23 00:38:05 - __main__ - INFO - Val:   loss 2.1169 acc1 32.86%
2026-04-23 00:38:05 - __main__ - INFO - 
Epoch 23/80 | lr 0.087851
2026-04-23 00:41:03 - __main__ - INFO - Train: loss 1.6204 acc1 44.93%
2026-04-23 00:41:03 - __main__ - INFO - Val:   loss 2.4030 acc1 27.10%
2026-04-23 00:41:03 - __main__ - INFO - 
Epoch 24/80 | lr 0.086450
2026-04-23 00:44:00 - __main__ - INFO - Train: loss 1.6109 acc1 45.21%
2026-04-23 00:44:00 - __main__ - INFO - Val:   loss 2.2120 acc1 29.21%
2026-04-23 00:44:00 - __main__ - INFO - 
Epoch 25/80 | lr 0.084985
2026-04-23 00:46:58 - __main__ - INFO - Train: loss 1.6055 acc1 45.58%
2026-04-23 00:46:58 - __main__ - INFO - Val:   loss 2.2591 acc1 31.21%
2026-04-23 00:46:58 - __main__ - INFO - 
Epoch 26/80 | lr 0.083458
2026-04-23 00:49:55 - __main__ - INFO - Train: loss 1.5903 acc1 46.04%
2026-04-23 00:49:55 - __main__ - INFO - Val:   loss 1.7628 acc1 42.66%
2026-04-23 00:49:55 - __main__ - INFO - saved best: 42.66%
2026-04-23 00:49:55 - __main__ - INFO - 
Epoch 27/80 | lr 0.081873
2026-04-23 00:52:53 - __main__ - INFO - Train: loss 1.5899 acc1 45.97%
2026-04-23 00:52:53 - __main__ - INFO - Val:   loss 1.8271 acc1 39.19%
2026-04-23 00:52:53 - __main__ - INFO - 
Epoch 28/80 | lr 0.080232
2026-04-23 00:55:50 - __main__ - INFO - Train: loss 1.5809 acc1 46.44%
2026-04-23 00:55:50 - __main__ - INFO - Val:   loss 1.6171 acc1 45.91%
2026-04-23 00:55:50 - __main__ - INFO - saved best: 45.91%
2026-04-23 00:55:50 - __main__ - INFO - 
Epoch 29/80 | lr 0.078538
2026-04-23 00:58:47 - __main__ - INFO - Train: loss 1.5726 acc1 46.75%
2026-04-23 00:58:47 - __main__ - INFO - Val:   loss 1.8132 acc1 39.89%
2026-04-23 00:58:47 - __main__ - INFO - 
Epoch 30/80 | lr 0.076794
2026-04-23 01:01:44 - __main__ - INFO - Train: loss 1.5629 acc1 47.04%
2026-04-23 01:01:44 - __main__ - INFO - Val:   loss 1.9634 acc1 35.13%
2026-04-23 01:01:44 - __main__ - INFO - 
Epoch 31/80 | lr 0.075003
2026-04-23 01:04:42 - __main__ - INFO - Train: loss 1.5587 acc1 47.22%
2026-04-23 01:04:42 - __main__ - INFO - Val:   loss 2.4576 acc1 26.97%
2026-04-23 01:04:42 - __main__ - INFO - 
Epoch 32/80 | lr 0.073167
2026-04-23 01:07:39 - __main__ - INFO - Train: loss 1.5478 acc1 47.53%
2026-04-23 01:07:39 - __main__ - INFO - Val:   loss 2.0092 acc1 38.53%
2026-04-23 01:07:39 - __main__ - INFO - 
Epoch 33/80 | lr 0.071292
2026-04-23 01:10:37 - __main__ - INFO - Train: loss 1.5405 acc1 47.78%
2026-04-23 01:10:37 - __main__ - INFO - Val:   loss 1.7533 acc1 42.51%
2026-04-23 01:10:37 - __main__ - INFO - 
Epoch 34/80 | lr 0.069379
2026-04-23 01:13:35 - __main__ - INFO - Train: loss 1.5265 acc1 48.37%
2026-04-23 01:13:35 - __main__ - INFO - Val:   loss 1.9129 acc1 37.59%
2026-04-23 01:13:35 - __main__ - INFO - 
Epoch 35/80 | lr 0.067432
2026-04-23 01:16:32 - __main__ - INFO - Train: loss 1.5205 acc1 48.57%
2026-04-23 01:16:32 - __main__ - INFO - Val:   loss 1.6962 acc1 42.41%
2026-04-23 01:16:32 - __main__ - INFO - 
Epoch 36/80 | lr 0.065454
2026-04-23 01:19:30 - __main__ - INFO - Train: loss 1.5106 acc1 48.88%
2026-04-23 01:19:30 - __main__ - INFO - Val:   loss 2.1348 acc1 34.20%
2026-04-23 01:19:30 - __main__ - INFO - 
Epoch 37/80 | lr 0.063450
2026-04-23 01:22:28 - __main__ - INFO - Train: loss 1.5040 acc1 49.10%
2026-04-23 01:22:28 - __main__ - INFO - Val:   loss 1.8470 acc1 40.43%
2026-04-23 01:22:28 - __main__ - INFO - 
Epoch 38/80 | lr 0.061421
2026-04-23 01:25:26 - __main__ - INFO - Train: loss 1.4941 acc1 49.58%
2026-04-23 01:25:26 - __main__ - INFO - Val:   loss 1.8957 acc1 38.77%
2026-04-23 01:25:26 - __main__ - INFO - 
Epoch 39/80 | lr 0.059373
2026-04-23 01:28:23 - __main__ - INFO - Train: loss 1.4841 acc1 49.77%
2026-04-23 01:28:23 - __main__ - INFO - Val:   loss 2.2494 acc1 34.40%
2026-04-23 01:28:23 - __main__ - INFO - 
Epoch 40/80 | lr 0.057308
2026-04-23 01:31:21 - __main__ - INFO - Train: loss 1.4738 acc1 50.02%
2026-04-23 01:31:21 - __main__ - INFO - Val:   loss 1.8868 acc1 39.72%
2026-04-23 01:31:21 - __main__ - INFO - 
Epoch 41/80 | lr 0.055231
2026-04-23 01:34:19 - __main__ - INFO - Train: loss 1.4667 acc1 50.21%
2026-04-23 01:34:19 - __main__ - INFO - Val:   loss 1.4332 acc1 52.08%
2026-04-23 01:34:19 - __main__ - INFO - saved best: 52.08%
2026-04-23 01:34:19 - __main__ - INFO - 
Epoch 42/80 | lr 0.053144
2026-04-23 01:37:17 - __main__ - INFO - Train: loss 1.4553 acc1 50.72%
2026-04-23 01:37:17 - __main__ - INFO - Val:   loss 1.9414 acc1 39.81%
2026-04-23 01:37:17 - __main__ - INFO - 
Epoch 43/80 | lr 0.051052
2026-04-23 01:40:15 - __main__ - INFO - Train: loss 1.4469 acc1 51.08%
2026-04-23 01:40:15 - __main__ - INFO - Val:   loss 2.1297 acc1 37.25%
2026-04-23 01:40:15 - __main__ - INFO - 
Epoch 44/80 | lr 0.048958
2026-04-23 01:43:13 - __main__ - INFO - Train: loss 1.4366 acc1 51.30%
2026-04-23 01:43:13 - __main__ - INFO - Val:   loss 1.4779 acc1 49.98%
2026-04-23 01:43:13 - __main__ - INFO - 
Epoch 45/80 | lr 0.046866
2026-04-23 01:46:10 - __main__ - INFO - Train: loss 1.4251 acc1 51.62%
2026-04-23 01:46:10 - __main__ - INFO - Val:   loss 1.7946 acc1 44.16%
2026-04-23 01:46:10 - __main__ - INFO - 
Epoch 46/80 | lr 0.044779
2026-04-23 01:49:09 - __main__ - INFO - Train: loss 1.4091 acc1 52.29%
2026-04-23 01:49:09 - __main__ - INFO - Val:   loss 1.7269 acc1 44.74%
2026-04-23 01:49:09 - __main__ - INFO - 
Epoch 47/80 | lr 0.042702
2026-04-23 01:52:06 - __main__ - INFO - Train: loss 1.4023 acc1 52.47%
2026-04-23 01:52:06 - __main__ - INFO - Val:   loss 2.0913 acc1 36.81%
2026-04-23 01:52:06 - __main__ - INFO - 
Epoch 48/80 | lr 0.040637
2026-04-23 01:55:03 - __main__ - INFO - Train: loss 1.3848 acc1 53.21%
2026-04-23 01:55:03 - __main__ - INFO - Val:   loss 1.5223 acc1 48.78%
2026-04-23 01:55:03 - __main__ - INFO - 
Epoch 49/80 | lr 0.038589
2026-04-23 01:58:01 - __main__ - INFO - Train: loss 1.3802 acc1 53.29%
2026-04-23 01:58:01 - __main__ - INFO - Val:   loss 1.6228 acc1 46.98%
2026-04-23 01:58:01 - __main__ - INFO - 
Epoch 50/80 | lr 0.036560
2026-04-23 02:00:58 - __main__ - INFO - Train: loss 1.3629 acc1 53.80%
2026-04-23 02:00:58 - __main__ - INFO - Val:   loss 1.6138 acc1 47.09%
2026-04-23 02:00:58 - __main__ - INFO - 
Epoch 51/80 | lr 0.034556
2026-04-23 02:03:55 - __main__ - INFO - Train: loss 1.3475 acc1 54.29%
2026-04-23 02:03:55 - __main__ - INFO - Val:   loss 1.5696 acc1 49.51%
2026-04-23 02:03:55 - __main__ - INFO - 
Epoch 52/80 | lr 0.032578
2026-04-23 02:06:52 - __main__ - INFO - Train: loss 1.3342 acc1 54.77%
2026-04-23 02:06:52 - __main__ - INFO - Val:   loss 2.3859 acc1 33.83%
2026-04-23 02:06:52 - __main__ - INFO - 
Epoch 53/80 | lr 0.030631
2026-04-23 02:09:49 - __main__ - INFO - Train: loss 1.3244 acc1 55.06%
2026-04-23 02:09:49 - __main__ - INFO - Val:   loss 1.4873 acc1 51.48%
2026-04-23 02:09:49 - __main__ - INFO - 
Epoch 54/80 | lr 0.028718
2026-04-23 02:12:47 - __main__ - INFO - Train: loss 1.3104 acc1 55.72%
2026-04-23 02:12:47 - __main__ - INFO - Val:   loss 1.7913 acc1 43.08%
2026-04-23 02:12:47 - __main__ - INFO - 
Epoch 55/80 | lr 0.026843
2026-04-23 02:15:44 - __main__ - INFO - Train: loss 1.2973 acc1 56.02%
2026-04-23 02:15:44 - __main__ - INFO - Val:   loss 1.9099 acc1 41.92%
2026-04-23 02:15:44 - __main__ - INFO - 
Epoch 56/80 | lr 0.025008
2026-04-23 02:18:41 - __main__ - INFO - Train: loss 1.2790 acc1 56.65%
2026-04-23 02:18:41 - __main__ - INFO - Val:   loss 2.3380 acc1 38.43%
2026-04-23 02:18:41 - __main__ - INFO - 
Epoch 57/80 | lr 0.023216
2026-04-23 02:21:38 - __main__ - INFO - Train: loss 1.2590 acc1 57.42%
2026-04-23 02:21:38 - __main__ - INFO - Val:   loss 1.7671 acc1 44.06%
2026-04-23 02:21:38 - __main__ - INFO - 
Epoch 58/80 | lr 0.021472
2026-04-23 02:24:36 - __main__ - INFO - Train: loss 1.2427 acc1 57.84%
2026-04-23 02:24:36 - __main__ - INFO - Val:   loss 1.1880 acc1 60.02%
2026-04-23 02:24:36 - __main__ - INFO - saved best: 60.02%
2026-04-23 02:24:36 - __main__ - INFO - 
Epoch 59/80 | lr 0.019778
2026-04-23 02:27:33 - __main__ - INFO - Train: loss 1.2274 acc1 58.48%
2026-04-23 02:27:33 - __main__ - INFO - Val:   loss 1.4298 acc1 53.14%
2026-04-23 02:27:33 - __main__ - INFO - 
Epoch 60/80 | lr 0.018137
2026-04-23 02:30:30 - __main__ - INFO - Train: loss 1.2068 acc1 59.17%
2026-04-23 02:30:30 - __main__ - INFO - Val:   loss 1.7744 acc1 46.88%
2026-04-23 02:30:30 - __main__ - INFO - 
Epoch 61/80 | lr 0.016552
2026-04-23 02:33:27 - __main__ - INFO - Train: loss 1.1847 acc1 59.85%
2026-04-23 02:33:27 - __main__ - INFO - Val:   loss 1.6932 acc1 47.79%
2026-04-23 02:33:27 - __main__ - INFO - 
Epoch 62/80 | lr 0.015025
2026-04-23 02:36:24 - __main__ - INFO - Train: loss 1.1681 acc1 60.36%
2026-04-23 02:36:24 - __main__ - INFO - Val:   loss 1.6510 acc1 50.26%
2026-04-23 02:36:24 - __main__ - INFO - 
Epoch 63/80 | lr 0.013560
2026-04-23 02:39:22 - __main__ - INFO - Train: loss 1.1464 acc1 61.02%
2026-04-23 02:39:22 - __main__ - INFO - Val:   loss 1.4753 acc1 52.98%
2026-04-23 02:39:22 - __main__ - INFO - 
Epoch 64/80 | lr 0.012159
2026-04-23 02:42:19 - __main__ - INFO - Train: loss 1.1218 acc1 61.96%
2026-04-23 02:42:19 - __main__ - INFO - Val:   loss 1.2875 acc1 58.12%
2026-04-23 02:42:19 - __main__ - INFO - 
Epoch 65/80 | lr 0.010824
2026-04-23 02:45:16 - __main__ - INFO - Train: loss 1.1030 acc1 62.54%
2026-04-23 02:45:16 - __main__ - INFO - Val:   loss 1.2538 acc1 60.11%
2026-04-23 02:45:16 - __main__ - INFO - saved best: 60.11%
2026-04-23 02:45:16 - __main__ - INFO - 
Epoch 66/80 | lr 0.009558
2026-04-23 02:48:13 - __main__ - INFO - Train: loss 1.0781 acc1 63.32%
2026-04-23 02:48:13 - __main__ - INFO - Val:   loss 1.3639 acc1 56.07%
2026-04-23 02:48:13 - __main__ - INFO - 
Epoch 67/80 | lr 0.008363
2026-04-23 02:51:10 - __main__ - INFO - Train: loss 1.0552 acc1 64.30%
2026-04-23 02:51:10 - __main__ - INFO - Val:   loss 1.4387 acc1 54.83%
2026-04-23 02:51:10 - __main__ - INFO - 
Epoch 68/80 | lr 0.007241
2026-04-23 02:54:07 - __main__ - INFO - Train: loss 1.0314 acc1 64.91%
2026-04-23 02:54:07 - __main__ - INFO - Val:   loss 1.2205 acc1 60.34%
2026-04-23 02:54:07 - __main__ - INFO - saved best: 60.34%
2026-04-23 02:54:07 - __main__ - INFO - 
Epoch 69/80 | lr 0.006194
2026-04-23 02:57:05 - __main__ - INFO - Train: loss 1.0052 acc1 65.90%
2026-04-23 02:57:05 - __main__ - INFO - Val:   loss 1.3295 acc1 58.37%
2026-04-23 02:57:05 - __main__ - INFO - 
Epoch 70/80 | lr 0.005224
2026-04-23 03:00:02 - __main__ - INFO - Train: loss 0.9833 acc1 66.58%
2026-04-23 03:00:02 - __main__ - INFO - Val:   loss 1.2067 acc1 61.88%
2026-04-23 03:00:02 - __main__ - INFO - saved best: 61.88%
2026-04-23 03:00:02 - __main__ - INFO - 
Epoch 71/80 | lr 0.004332
2026-04-23 03:02:59 - __main__ - INFO - Train: loss 0.9594 acc1 67.39%
2026-04-23 03:02:59 - __main__ - INFO - Val:   loss 1.2487 acc1 60.81%
2026-04-23 03:02:59 - __main__ - INFO - 
Epoch 72/80 | lr 0.003521
2026-04-23 03:05:56 - __main__ - INFO - Train: loss 0.9357 acc1 68.14%
2026-04-23 03:05:56 - __main__ - INFO - Val:   loss 1.1642 acc1 63.26%
2026-04-23 03:05:56 - __main__ - INFO - saved best: 63.26%
2026-04-23 03:05:56 - __main__ - INFO - 
Epoch 73/80 | lr 0.002791
2026-04-23 03:08:54 - __main__ - INFO - Train: loss 0.9114 acc1 69.03%
2026-04-23 03:08:54 - __main__ - INFO - Val:   loss 1.0637 acc1 66.44%
2026-04-23 03:08:54 - __main__ - INFO - saved best: 66.44%
2026-04-23 03:08:54 - __main__ - INFO - 
Epoch 74/80 | lr 0.002144
2026-04-23 03:11:51 - __main__ - INFO - Train: loss 0.8903 acc1 69.76%
2026-04-23 03:11:51 - __main__ - INFO - Val:   loss 1.1335 acc1 64.63%
2026-04-23 03:11:51 - __main__ - INFO - 
Epoch 75/80 | lr 0.001581
2026-04-23 03:14:48 - __main__ - INFO - Train: loss 0.8685 acc1 70.44%
2026-04-23 03:14:48 - __main__ - INFO - Val:   loss 1.1084 acc1 65.74%
2026-04-23 03:14:48 - __main__ - INFO - 
Epoch 76/80 | lr 0.001103
2026-04-23 03:17:46 - __main__ - INFO - Train: loss 0.8537 acc1 70.96%
2026-04-23 03:17:46 - __main__ - INFO - Val:   loss 1.1222 acc1 65.13%
2026-04-23 03:17:46 - __main__ - INFO - 
Epoch 77/80 | lr 0.000710
2026-04-23 03:20:44 - __main__ - INFO - Train: loss 0.8351 acc1 71.46%
2026-04-23 03:20:44 - __main__ - INFO - Val:   loss 1.1011 acc1 65.62%
2026-04-23 03:20:44 - __main__ - INFO - 
Epoch 78/80 | lr 0.000404
2026-04-23 03:23:41 - __main__ - INFO - Train: loss 0.8262 acc1 71.91%
2026-04-23 03:23:41 - __main__ - INFO - Val:   loss 1.1096 acc1 65.42%
2026-04-23 03:23:41 - __main__ - INFO - 
Epoch 79/80 | lr 0.000185
2026-04-23 03:26:38 - __main__ - INFO - Train: loss 0.8196 acc1 72.21%
2026-04-23 03:26:38 - __main__ - INFO - Val:   loss 1.1037 acc1 65.71%
2026-04-23 03:26:38 - __main__ - INFO - 
Epoch 80/80 | lr 0.000054
2026-04-23 03:29:35 - __main__ - INFO - Train: loss 0.8142 acc1 72.38%
2026-04-23 03:29:35 - __main__ - INFO - Val:   loss 1.0999 acc1 65.72%
2026-04-23 03:29:35 - __main__ - INFO - Loaded best checkpoint weights for final test evaluation.
2026-04-23 03:29:47 - __main__ - INFO - 
Best tracked (val): 66.44%
2026-04-23 03:29:47 - __main__ - INFO - Final test: loss 1.0652 acc1 66.57%
2026-04-23 03:29:47 - __main__ - INFO - Input model resnet18 done — test acc 66.57%, test loss 1.0652
2026-04-23 03:29:47 - __main__ - INFO - 
Preparing eval dataloaders for HiResCAM computation …
2026-04-23 03:29:50 - __main__ - INFO - 
Saving variant datasets to data/comparison_drive_zip_2026_04/22
2026-04-23 03:29:50 - __main__ - INFO - Generating train variants → data/comparison_drive_zip_2026_04/22
2026-04-23 03:30:25 - __main__ - INFO -   [train] processed 1280 images …
2026-04-23 03:31:00 - __main__ - INFO -   [train] processed 2560 images …
2026-04-23 03:31:34 - __main__ - INFO -   [train] processed 3840 images …
2026-04-23 03:32:09 - __main__ - INFO -   [train] processed 5120 images …
2026-04-23 03:32:45 - __main__ - INFO -   [train] processed 6400 images …
2026-04-23 03:33:19 - __main__ - INFO -   [train] processed 7680 images …
2026-04-23 03:33:53 - __main__ - INFO -   [train] processed 8960 images …
2026-04-23 03:34:27 - __main__ - INFO -   [train] processed 10240 images …
2026-04-23 03:35:01 - __main__ - INFO -   [train] processed 11520 images …
2026-04-23 03:35:36 - __main__ - INFO -   [train] processed 12800 images …
2026-04-23 03:36:11 - __main__ - INFO -   [train] processed 14080 images …
2026-04-23 03:36:46 - __main__ - INFO -   [train] processed 15360 images …
2026-04-23 03:37:21 - __main__ - INFO -   [train] processed 16640 images …
2026-04-23 03:37:56 - __main__ - INFO -   [train] processed 17920 images …
2026-04-23 03:38:30 - __main__ - INFO -   [train] processed 19200 images …
2026-04-23 03:39:04 - __main__ - INFO -   [train] processed 20480 images …
2026-04-23 03:39:39 - __main__ - INFO -   [train] processed 21760 images …
2026-04-23 03:40:14 - __main__ - INFO -   [train] processed 23040 images …
2026-04-23 03:40:48 - __main__ - INFO -   [train] processed 24320 images …
2026-04-23 03:41:23 - __main__ - INFO -   [train] processed 25600 images …
2026-04-23 03:41:58 - __main__ - INFO -   [train] processed 26880 images …
2026-04-23 03:42:33 - __main__ - INFO -   [train] processed 28160 images …
2026-04-23 03:43:07 - __main__ - INFO -   [train] processed 29440 images …
2026-04-23 03:43:42 - __main__ - INFO -   [train] processed 30720 images …
2026-04-23 03:44:17 - __main__ - INFO -   [train] processed 32000 images …
2026-04-23 03:44:52 - __main__ - INFO -   [train] processed 33280 images …
2026-04-23 03:45:26 - __main__ - INFO -   [train] processed 34560 images …
2026-04-23 03:46:01 - __main__ - INFO -   [train] processed 35840 images …
2026-04-23 03:46:35 - __main__ - INFO -   [train] processed 37120 images …
2026-04-23 03:47:09 - __main__ - INFO -   [train] processed 38400 images …
2026-04-23 03:47:44 - __main__ - INFO -   [train] processed 39680 images …
2026-04-23 03:48:19 - __main__ - INFO -   [train] processed 40960 images …
2026-04-23 03:48:54 - __main__ - INFO -   [train] processed 42240 images …
2026-04-23 03:49:29 - __main__ - INFO -   [train] processed 43520 images …
2026-04-23 03:50:03 - __main__ - INFO -   [train] processed 44800 images …
2026-04-23 03:50:38 - __main__ - INFO -   [train] processed 46080 images …
2026-04-23 03:51:13 - __main__ - INFO -   [train] processed 47360 images …
2026-04-23 03:51:48 - __main__ - INFO -   [train] processed 48640 images …
2026-04-23 03:52:23 - __main__ - INFO -   [train] processed 49920 images …
2026-04-23 03:52:57 - __main__ - INFO -   [train] processed 51200 images …
2026-04-23 03:53:32 - __main__ - INFO -   [train] processed 52480 images …
2026-04-23 03:54:07 - __main__ - INFO -   [train] processed 53760 images …
2026-04-23 03:54:41 - __main__ - INFO -   [train] processed 55040 images …
2026-04-23 03:55:16 - __main__ - INFO -   [train] processed 56320 images …
2026-04-23 03:55:50 - __main__ - INFO -   [train] processed 57600 images …
2026-04-23 03:56:25 - __main__ - INFO -   [train] processed 58880 images …
2026-04-23 03:57:00 - __main__ - INFO -   [train] processed 60160 images …
2026-04-23 03:57:34 - __main__ - INFO -   [train] processed 61440 images …
2026-04-23 03:58:08 - __main__ - INFO -   [train] processed 62720 images …
2026-04-23 03:58:44 - __main__ - INFO -   [train] processed 64000 images …
2026-04-23 03:59:18 - __main__ - INFO -   [train] processed 65280 images …
2026-04-23 03:59:52 - __main__ - INFO -   [train] processed 66560 images …
2026-04-23 04:00:27 - __main__ - INFO -   [train] processed 67840 images …
2026-04-23 04:01:02 - __main__ - INFO -   [train] processed 69120 images …
2026-04-23 04:01:37 - __main__ - INFO -   [train] processed 70400 images …
2026-04-23 04:02:12 - __main__ - INFO -   [train] processed 71680 images …
2026-04-23 04:02:47 - __main__ - INFO -   [train] processed 72960 images …
2026-04-23 04:03:22 - __main__ - INFO -   [train] processed 74240 images …
2026-04-23 04:03:57 - __main__ - INFO -   [train] processed 75520 images …
2026-04-23 04:04:32 - __main__ - INFO -   [train] processed 76800 images …
2026-04-23 04:05:07 - __main__ - INFO -   [train] processed 78080 images …
2026-04-23 04:05:41 - __main__ - INFO -   [train] processed 79360 images …
2026-04-23 04:06:16 - __main__ - INFO -   [train] processed 80640 images …
2026-04-23 04:06:50 - __main__ - INFO -   [train] processed 81920 images …
2026-04-23 04:07:25 - __main__ - INFO -   [train] processed 83200 images …
2026-04-23 04:07:59 - __main__ - INFO -   [train] processed 84480 images …
2026-04-23 04:08:35 - __main__ - INFO -   [train] processed 85760 images …
2026-04-23 04:09:09 - __main__ - INFO -   [train] processed 87040 images …
2026-04-23 04:09:44 - __main__ - INFO -   [train] processed 88320 images …
2026-04-23 04:10:18 - __main__ - INFO -   [train] processed 89600 images …
2026-04-23 04:10:53 - __main__ - INFO -   [train] processed 90880 images …
2026-04-23 04:11:27 - __main__ - INFO -   [train] processed 92160 images …
2026-04-23 04:12:02 - __main__ - INFO -   [train] processed 93440 images …
2026-04-23 04:12:36 - __main__ - INFO -   [train] processed 94720 images …
2026-04-23 04:13:11 - __main__ - INFO -   [train] processed 96000 images …
2026-04-23 04:13:45 - __main__ - INFO -   [train] processed 97280 images …
2026-04-23 04:14:20 - __main__ - INFO -   [train] processed 98560 images …
2026-04-23 04:14:55 - __main__ - INFO -   [train] processed 99840 images …
2026-04-23 04:15:29 - __main__ - INFO -   [train] processed 101120 images …
2026-04-23 04:16:04 - __main__ - INFO -   [train] processed 102400 images …
2026-04-23 04:16:38 - __main__ - INFO -   [train] processed 103680 images …
2026-04-23 04:17:13 - __main__ - INFO -   [train] processed 104960 images …
2026-04-23 04:17:48 - __main__ - INFO -   [train] processed 106240 images …
2026-04-23 04:18:23 - __main__ - INFO -   [train] processed 107520 images …
2026-04-23 04:18:58 - __main__ - INFO -   [train] processed 108800 images …
2026-04-23 04:18:58 - __main__ - INFO -   [train] saved 108800 images for all 2 variants
2026-04-23 04:18:58 - __main__ - INFO - Generating test variants → data/comparison_drive_zip_2026_04/22
2026-04-23 04:19:33 - __main__ - INFO -   [test] processed 1280 images …
2026-04-23 04:20:08 - __main__ - INFO -   [test] processed 2560 images …
2026-04-23 04:20:43 - __main__ - INFO -   [test] processed 3840 images …
2026-04-23 04:21:18 - __main__ - INFO -   [test] processed 5120 images …
2026-04-23 04:21:53 - __main__ - INFO -   [test] processed 6400 images …
2026-04-23 04:22:28 - __main__ - INFO -   [test] processed 7680 images …
2026-04-23 04:23:02 - __main__ - INFO -   [test] processed 8960 images …
2026-04-23 04:23:36 - __main__ - INFO -   [test] processed 10240 images …
2026-04-23 04:24:11 - __main__ - INFO -   [test] processed 11520 images …
2026-04-23 04:24:46 - __main__ - INFO -   [test] processed 12800 images …
2026-04-23 04:25:08 - __main__ - INFO -   [test] processed 13600 images …
2026-04-23 04:25:08 - __main__ - INFO -   [test] saved 13600 images for all 2 variants
2026-04-23 04:25:08 - __main__ - INFO - 
Starting output model sweep: densenet121
2026-04-23 04:25:08 - __main__ - INFO - 
============================================================
2026-04-23 04:25:08 - __main__ - INFO - Training output model: densenet121 [original]
2026-04-23 04:25:08 - __main__ - INFO -   Resolved config → opt=sgd, lr=0.1, wd=0.0001, bs=256, epochs=80, scheduler=cosine, warmup=5
2026-04-23 04:25:08 - __main__ - INFO - ============================================================
2026-04-23 04:25:08 - __main__ - INFO -   Validation during training uses variant split with val_split=0.1
2026-04-23 04:25:08 - __main__ - INFO -   Final test uses original test split
2026-04-23 04:25:08 - __main__ - INFO - device: cuda | cuda: True | gpu: NVIDIA L4
2026-04-23 04:25:11 - __main__ - INFO - Model: densenet121 | Dataset: drive_zip | Classes: 17 | Optimizer: sgd
2026-04-23 04:25:11 - __main__ - INFO - 
Epoch 1/80 | lr 0.000100
2026-04-23 04:25:13 - __main__ - ERROR - Training output model 'densenet121' on variant 'original' failed: CUDA out of memory. Tried to allocate 368.00 MiB. GPU 0 has a total capacity of 22.03 GiB of which 199.12 MiB is free. Including non-PyTorch memory, this process has 21.82 GiB memory in use. Of the allocated memory 21.39 GiB is allocated by PyTorch, and 206.46 MiB is reserved by PyTorch but unallocated. If reserved but unallocated memory is large try setting PYTORCH_ALLOC_CONF=expandable_segments:True to avoid fragmentation.  See documentation for Memory Management  (https://pytorch.org/docs/stable/notes/cuda.html#environment-variables)
2026-04-23 04:25:13 - __main__ - ERROR - Traceback (most recent call last):
  File "/content/CAMRegularization/comparison.py", line 863, in main
    result = train_output_on_variant(
             ^^^^^^^^^^^^^^^^^^^^^^^^
  File "/content/CAMRegularization/comparison.py", line 567, in train_output_on_variant
    result, trained_output_model = train_with_config(
                                   ^^^^^^^^^^^^^^^^^^
  File "/content/CAMRegularization/train.py", line 123, in train_with_config
    tr_loss, tr_a1 = train_one_epoch(
                     ^^^^^^^^^^^^^^^^
  File "/content/CAMRegularization/engine.py", line 13, in train_one_epoch
    logits = model(x)
             ^^^^^^^^
  File "/usr/local/lib/python3.12/dist-packages/torch/nn/modules/module.py", line 1776, in _wrapped_call_impl
    return self._call_impl(*args, **kwargs)
           ^^^^^^^^^^^^^^^^^^^^^^^^^^^^^^^^
  File "/usr/local/lib/python3.12/dist-packages/torch/nn/modules/module.py", line 1787, in _call_impl
    return forward_call(*args, **kwargs)
           ^^^^^^^^^^^^^^^^^^^^^^^^^^^^^
  File "/usr/local/lib/python3.12/dist-packages/torchvision/models/densenet.py", line 213, in forward
    features = self.features(x)
               ^^^^^^^^^^^^^^^^
  File "/usr/local/lib/python3.12/dist-packages/torch/nn/modules/module.py", line 1776, in _wrapped_call_impl
    return self._call_impl(*args, **kwargs)
           ^^^^^^^^^^^^^^^^^^^^^^^^^^^^^^^^
  File "/usr/local/lib/python3.12/dist-packages/torch/nn/modules/module.py", line 1787, in _call_impl
    return forward_call(*args, **kwargs)
           ^^^^^^^^^^^^^^^^^^^^^^^^^^^^^
  File "/usr/local/lib/python3.12/dist-packages/torch/nn/modules/container.py", line 253, in forward
    input = module(input)
            ^^^^^^^^^^^^^
  File "/usr/local/lib/python3.12/dist-packages/torch/nn/modules/module.py", line 1776, in _wrapped_call_impl
    return self._call_impl(*args, **kwargs)
           ^^^^^^^^^^^^^^^^^^^^^^^^^^^^^^^^
  File "/usr/local/lib/python3.12/dist-packages/torch/nn/modules/module.py", line 1787, in _call_impl
    return forward_call(*args, **kwargs)
           ^^^^^^^^^^^^^^^^^^^^^^^^^^^^^
  File "/usr/local/lib/python3.12/dist-packages/torchvision/models/densenet.py", line 122, in forward
    new_features = layer(features)
                   ^^^^^^^^^^^^^^^
  File "/usr/local/lib/python3.12/dist-packages/torch/nn/modules/module.py", line 1776, in _wrapped_call_impl
    return self._call_impl(*args, **kwargs)
           ^^^^^^^^^^^^^^^^^^^^^^^^^^^^^^^^
  File "/usr/local/lib/python3.12/dist-packages/torch/nn/modules/module.py", line 1787, in _call_impl
    return forward_call(*args, **kwargs)
           ^^^^^^^^^^^^^^^^^^^^^^^^^^^^^
  File "/usr/local/lib/python3.12/dist-packages/torchvision/models/densenet.py", line 88, in forward
    bottleneck_output = self.bn_function(prev_features)
                        ^^^^^^^^^^^^^^^^^^^^^^^^^^^^^^^
  File "/usr/local/lib/python3.12/dist-packages/torchvision/models/densenet.py", line 49, in bn_function
    bottleneck_output = self.conv1(self.relu1(self.norm1(concated_features)))  # noqa: T484
                                              ^^^^^^^^^^^^^^^^^^^^^^^^^^^^^
  File "/usr/local/lib/python3.12/dist-packages/torch/nn/modules/module.py", line 1776, in _wrapped_call_impl
    return self._call_impl(*args, **kwargs)
           ^^^^^^^^^^^^^^^^^^^^^^^^^^^^^^^^
  File "/usr/local/lib/python3.12/dist-packages/torch/nn/modules/module.py", line 1787, in _call_impl
    return forward_call(*args, **kwargs)
           ^^^^^^^^^^^^^^^^^^^^^^^^^^^^^
  File "/usr/local/lib/python3.12/dist-packages/torch/nn/modules/batchnorm.py", line 194, in forward
    return F.batch_norm(
           ^^^^^^^^^^^^^
  File "/usr/local/lib/python3.12/dist-packages/torch/nn/functional.py", line 2846, in batch_norm
    return torch.batch_norm(
           ^^^^^^^^^^^^^^^^^
torch.OutOfMemoryError: CUDA out of memory. Tried to allocate 368.00 MiB. GPU 0 has a total capacity of 22.03 GiB of which 199.12 MiB is free. Including non-PyTorch memory, this process has 21.82 GiB memory in use. Of the allocated memory 21.39 GiB is allocated by PyTorch, and 206.46 MiB is reserved by PyTorch but unallocated. If reserved but unallocated memory is large try setting PYTORCH_ALLOC_CONF=expandable_segments:True to avoid fragmentation.  See documentation for Memory Management  (https://pytorch.org/docs/stable/notes/cuda.html#environment-variables)

2026-04-23 04:25:13 - __main__ - INFO - 
============================================================
2026-04-23 04:25:13 - __main__ - INFO - Training output model: densenet121 [low_saliency]
2026-04-23 04:25:13 - __main__ - INFO -   Resolved config → opt=sgd, lr=0.1, wd=0.0001, bs=256, epochs=80, scheduler=cosine, warmup=5
2026-04-23 04:25:13 - __main__ - INFO - ============================================================
2026-04-23 04:25:13 - __main__ - INFO -   Validation during training uses variant split with val_split=0.1
2026-04-23 04:25:13 - __main__ - INFO -   Final test uses low_saliency variant test split
2026-04-23 04:25:14 - __main__ - INFO - device: cuda | cuda: True | gpu: NVIDIA L4
2026-04-23 04:25:16 - __main__ - INFO - Model: densenet121 | Dataset: drive_zip | Classes: 17 | Optimizer: sgd
2026-04-23 04:25:16 - __main__ - INFO - 
Epoch 1/80 | lr 0.000100
2026-04-23 04:25:18 - __main__ - ERROR - Training output model 'densenet121' on variant 'low_saliency' failed: CUDA out of memory. Tried to allocate 368.00 MiB. GPU 0 has a total capacity of 22.03 GiB of which 367.12 MiB is free. Including non-PyTorch memory, this process has 21.66 GiB memory in use. Of the allocated memory 21.39 GiB is allocated by PyTorch, and 36.46 MiB is reserved by PyTorch but unallocated. If reserved but unallocated memory is large try setting PYTORCH_ALLOC_CONF=expandable_segments:True to avoid fragmentation.  See documentation for Memory Management  (https://pytorch.org/docs/stable/notes/cuda.html#environment-variables)
2026-04-23 04:25:18 - __main__ - ERROR - Traceback (most recent call last):
  File "/content/CAMRegularization/comparison.py", line 863, in main
    result = train_output_on_variant(
             ^^^^^^^^^^^^^^^^^^^^^^^^
  File "/content/CAMRegularization/comparison.py", line 567, in train_output_on_variant
    result, trained_output_model = train_with_config(
                                   ^^^^^^^^^^^^^^^^^^
  File "/content/CAMRegularization/train.py", line 123, in train_with_config
    tr_loss, tr_a1 = train_one_epoch(
                     ^^^^^^^^^^^^^^^^
  File "/content/CAMRegularization/engine.py", line 13, in train_one_epoch
    logits = model(x)
             ^^^^^^^^
  File "/usr/local/lib/python3.12/dist-packages/torch/nn/modules/module.py", line 1776, in _wrapped_call_impl
    return self._call_impl(*args, **kwargs)
           ^^^^^^^^^^^^^^^^^^^^^^^^^^^^^^^^
  File "/usr/local/lib/python3.12/dist-packages/torch/nn/modules/module.py", line 1787, in _call_impl
    return forward_call(*args, **kwargs)
           ^^^^^^^^^^^^^^^^^^^^^^^^^^^^^
  File "/usr/local/lib/python3.12/dist-packages/torchvision/models/densenet.py", line 213, in forward
    features = self.features(x)
               ^^^^^^^^^^^^^^^^
  File "/usr/local/lib/python3.12/dist-packages/torch/nn/modules/module.py", line 1776, in _wrapped_call_impl
    return self._call_impl(*args, **kwargs)
           ^^^^^^^^^^^^^^^^^^^^^^^^^^^^^^^^
  File "/usr/local/lib/python3.12/dist-packages/torch/nn/modules/module.py", line 1787, in _call_impl
    return forward_call(*args, **kwargs)
           ^^^^^^^^^^^^^^^^^^^^^^^^^^^^^
  File "/usr/local/lib/python3.12/dist-packages/torch/nn/modules/container.py", line 253, in forward
    input = module(input)
            ^^^^^^^^^^^^^
  File "/usr/local/lib/python3.12/dist-packages/torch/nn/modules/module.py", line 1776, in _wrapped_call_impl
    return self._call_impl(*args, **kwargs)
           ^^^^^^^^^^^^^^^^^^^^^^^^^^^^^^^^
  File "/usr/local/lib/python3.12/dist-packages/torch/nn/modules/module.py", line 1787, in _call_impl
    return forward_call(*args, **kwargs)
           ^^^^^^^^^^^^^^^^^^^^^^^^^^^^^
  File "/usr/local/lib/python3.12/dist-packages/torchvision/models/densenet.py", line 122, in forward
    new_features = layer(features)
                   ^^^^^^^^^^^^^^^
  File "/usr/local/lib/python3.12/dist-packages/torch/nn/modules/module.py", line 1776, in _wrapped_call_impl
    return self._call_impl(*args, **kwargs)
           ^^^^^^^^^^^^^^^^^^^^^^^^^^^^^^^^
  File "/usr/local/lib/python3.12/dist-packages/torch/nn/modules/module.py", line 1787, in _call_impl
    return forward_call(*args, **kwargs)
           ^^^^^^^^^^^^^^^^^^^^^^^^^^^^^
  File "/usr/local/lib/python3.12/dist-packages/torchvision/models/densenet.py", line 88, in forward
    bottleneck_output = self.bn_function(prev_features)
                        ^^^^^^^^^^^^^^^^^^^^^^^^^^^^^^^
  File "/usr/local/lib/python3.12/dist-packages/torchvision/models/densenet.py", line 49, in bn_function
    bottleneck_output = self.conv1(self.relu1(self.norm1(concated_features)))  # noqa: T484
                                              ^^^^^^^^^^^^^^^^^^^^^^^^^^^^^
  File "/usr/local/lib/python3.12/dist-packages/torch/nn/modules/module.py", line 1776, in _wrapped_call_impl
    return self._call_impl(*args, **kwargs)
           ^^^^^^^^^^^^^^^^^^^^^^^^^^^^^^^^
  File "/usr/local/lib/python3.12/dist-packages/torch/nn/modules/module.py", line 1787, in _call_impl
    return forward_call(*args, **kwargs)
           ^^^^^^^^^^^^^^^^^^^^^^^^^^^^^
  File "/usr/local/lib/python3.12/dist-packages/torch/nn/modules/batchnorm.py", line 194, in forward
    return F.batch_norm(
           ^^^^^^^^^^^^^
  File "/usr/local/lib/python3.12/dist-packages/torch/nn/functional.py", line 2846, in batch_norm
    return torch.batch_norm(
           ^^^^^^^^^^^^^^^^^
torch.OutOfMemoryError: CUDA out of memory. Tried to allocate 368.00 MiB. GPU 0 has a total capacity of 22.03 GiB of which 367.12 MiB is free. Including non-PyTorch memory, this process has 21.66 GiB memory in use. Of the allocated memory 21.39 GiB is allocated by PyTorch, and 36.46 MiB is reserved by PyTorch but unallocated. If reserved but unallocated memory is large try setting PYTORCH_ALLOC_CONF=expandable_segments:True to avoid fragmentation.  See documentation for Memory Management  (https://pytorch.org/docs/stable/notes/cuda.html#environment-variables)

2026-04-23 04:25:18 - __main__ - WARNING - Skipped validation comparison plot for densenet121: no validation rows found in one or both metrics files
2026-04-23 04:25:18 - __main__ - INFO - 
Results saved to ./runs/drive_zip_2026_04/22/comparison_results.json
2026-04-23 04:25:18 - __main__ - INFO - 
================================================================================================
2026-04-23 04:25:18 - __main__ - INFO - COMPARISON RESULTS — output model: densenet121
2026-04-23 04:25:18 - __main__ - INFO - ================================================================================================
2026-04-23 04:25:18 - __main__ - INFO - Variant            PrimaryAcc PrimaryLoss  OrigTestAcc OrigTestLoss
2026-04-23 04:25:18 - __main__ - INFO - ------------------ ---------- ---------- ------------ ------------
2026-04-23 04:25:18 - __main__ - INFO - original               FAILED          —            —            —
2026-04-23 04:25:18 - __main__ - INFO - low_saliency           FAILED          —            —            —
2026-04-23 04:25:18 - __main__ - INFO - Primary metrics use each variant's own test split; OrigTest* compares all variants on the same original test split.
2026-04-23 04:25:18 - __main__ - INFO - ================================================================================================
