2026-06-28 23:35:27 - __main__ - INFO - Run parameters: {"_cam_checkpoint_fingerprint": {"mtime_ns": 1782689369354946907, "path": "/content/CAMRegularization/runs/drive_zip/resnet18/42/resnet18_seed42_none/best_model.pt", "sha256": "c9d7d246c12498633dac842270610de34985ec187753f97d92b9769773ee85ba", "size": 44821835}, "adamw_betas": [0.9, 0.999], "adamw_eps": 1e-08, "amp": true, "batch_size": 128, "cam_cache_dir": "/content/cam_cache/drive_zip/resnet18/seed42", "cam_layer": "auto", "cam_precompute_only": false, "cam_precompute_windows": false, "cutout_area": 0.1, "cutout_m": 4, "cutout_mode": "cam_low", "cutout_size": 0, "data_dir": "./data", "dataset": "drive_zip", "debug_cam_timing": false, "deterministic_train_transforms": true, "epochs": 100, "gamma": 0.1, "grayscale": true, "include_regex": "_grayscale\\.tiff$", "label_smoothing": 0.0, "log_every": 100, "lr": 0.1, "milestones": "60,80", "min_lr": 1e-05, "model": "resnet18", "momentum": 0.9, "nesterov": false, "num_workers": 4, "optimizer": "sgd", "out_dir": "runs/drive_zip/resnet18/42", "run_name": "resnet18_seed42_cam_low_M4_area0.1", "saliency_candidate_percent": 10.0, "scheduler": "cosine", "seed": 42, "teacher_checkpoint": "runs/drive_zip/resnet18/42/resnet18_seed42_none/best_model.pt", "teacher_checkpoint_sha256": "c9d7d246c12498633dac842270610de34985ec187753f97d92b9769773ee85ba", "teacher_model": "resnet18", "val_split": 0.1, "warmup_epochs": 5, "weight_decay": 0.0005}
2026-06-28 23:35:28 - __main__ - INFO - device: cuda | cuda: True | gpu: NVIDIA A100-SXM4-40GB
2026-06-28 23:35:31 - __main__ - INFO - Model: resnet18 | Dataset: drive_zip | Classes: 17 | Optimizer: sgd
2026-06-28 23:35:31 - __main__ - INFO - CAM saliency cache directory: /content/cam_cache/drive_zip/resnet18/seed42
2026-06-28 23:35:31 - __main__ - INFO - CAM cache-only mode for DataLoader workers; cache misses will raise. Run the same command once with --cam_precompute_only --num_workers 0 --deterministic_train_transforms before high-worker training.
2026-06-28 23:35:31 - __main__ - INFO - CAM saliency cache enabled: /content/cam_cache/drive_zip/resnet18/seed42
2026-06-28 23:35:31 - __main__ - INFO - CAM window cache enabled: /content/cam_cache/drive_zip/resnet18/seed42/windows
2026-06-28 23:35:31 - __main__ - INFO - Cutout enabled: mode=cam_low m=4 size=None area=0.1
2026-06-28 23:35:31 - __main__ - INFO - CAM window cache miss: /content/cam_cache/drive_zip/resnet18/seed42/windows/2d/bd/2dbdbd993d6b2be8aa010e9888d1377a3ec2eafbd08373c1383b3d8053558ebf.json
2026-06-28 23:35:31 - __main__ - INFO - CAM cache hit: /content/cam_cache/drive_zip/resnet18/seed42/c4/33/c433ee3e3fcc55d9fb2e22c6a819912d6cf788d824cb5090e1e02bc8f7f31997.pt
2026-06-28 23:35:31 - __main__ - INFO - CAM window cache saved: /content/cam_cache/drive_zip/resnet18/seed42/windows/2d/bd/2dbdbd993d6b2be8aa010e9888d1377a3ec2eafbd08373c1383b3d8053558ebf.json
2026-06-28 23:35:31 - __main__ - INFO - CAM cutout window: index=0 copy=1 cutout_mode=cam_low top=0 left=140 height=71 width=71
2026-06-28 23:35:31 - __main__ - INFO - CAM window cache miss: /content/cam_cache/drive_zip/resnet18/seed42/windows/99/4d/994dccf98b16b322d67ffe52e4a5ae6fc44bb7094641f2a7443a313242be2cda.json
2026-06-28 23:35:31 - __main__ - INFO - CAM cache hit: /content/cam_cache/drive_zip/resnet18/seed42/c4/33/c433ee3e3fcc55d9fb2e22c6a819912d6cf788d824cb5090e1e02bc8f7f31997.pt
2026-06-28 23:35:31 - __main__ - INFO - CAM window cache saved: /content/cam_cache/drive_zip/resnet18/seed42/windows/99/4d/994dccf98b16b322d67ffe52e4a5ae6fc44bb7094641f2a7443a313242be2cda.json
2026-06-28 23:35:31 - __main__ - INFO - CAM cutout window: index=0 copy=2 cutout_mode=cam_low top=19 left=10 height=71 width=71
2026-06-28 23:35:31 - __main__ - INFO - CAM window cache miss: /content/cam_cache/drive_zip/resnet18/seed42/windows/36/fb/36fb7a2954b7512e5ee322b1417e2a783bdfc05599d9937ca6efbe40a72ef0f7.json
2026-06-28 23:35:31 - __main__ - INFO - CAM cache hit: /content/cam_cache/drive_zip/resnet18/seed42/c4/33/c433ee3e3fcc55d9fb2e22c6a819912d6cf788d824cb5090e1e02bc8f7f31997.pt
2026-06-28 23:35:31 - __main__ - INFO - CAM window cache saved: /content/cam_cache/drive_zip/resnet18/seed42/windows/36/fb/36fb7a2954b7512e5ee322b1417e2a783bdfc05599d9937ca6efbe40a72ef0f7.json
2026-06-28 23:35:31 - __main__ - INFO - CAM cutout window: index=0 copy=3 cutout_mode=cam_low top=13 left=13 height=71 width=71
2026-06-28 23:35:31 - __main__ - INFO - Validated CAM cutout generation for mode cam_low
2026-06-28 23:35:32 - __main__ - INFO - 
Epoch 1/100 | lr 0.000100
2026-06-28 23:35:32 - __main__ - INFO - CAM window cache miss: /content/cam_cache/drive_zip/resnet18/seed42/windows/de/8a/de8a317b928c4fd40c79ed6b0f46f3ec5e21056a38303f6ab11092a58274acdb.json
2026-06-28 23:35:32 - __main__ - INFO - CAM window cache miss: /content/cam_cache/drive_zip/resnet18/seed42/windows/ad/90/ad90532707569939e80cd5b3a87c9455a2438bdb8113f75a883ae9d0d1718554.json
2026-06-28 23:35:32 - __main__ - INFO - CAM window cache miss: /content/cam_cache/drive_zip/resnet18/seed42/windows/dc/f0/dcf0aa9c3d6640aa251fe1ddcd2f0b86ccad5c5d3ae94d64141f359a892eff5e.json
2026-06-28 23:35:32 - __main__ - INFO - CAM window cache miss: /content/cam_cache/drive_zip/resnet18/seed42/windows/1d/0b/1d0bad073caff9b0785fcc38cbd1894270402f1a778fff919f34a6f57498e4bc.json
2026-06-28 23:35:32 - __main__ - INFO - CAM cache hit: /content/cam_cache/drive_zip/resnet18/seed42/45/7b/457bcc2572cecf15a65e09c31c200950773226601ffdd3fc204665127371b113.pt
2026-06-28 23:35:32 - __main__ - INFO - CAM cache hit: /content/cam_cache/drive_zip/resnet18/seed42/bc/86/bc867312981af3ce0892e64d44cba90ae14da2660ae9eb1d92d3067d4bc17a9a.pt
2026-06-28 23:35:32 - __main__ - INFO - CAM cache hit: /content/cam_cache/drive_zip/resnet18/seed42/e8/c5/e8c5cac2c585593391a371e67bed05bc8e1093d4c8124daf303b06870fb14067.pt
2026-06-28 23:35:32 - __main__ - INFO - CAM cache hit: /content/cam_cache/drive_zip/resnet18/seed42/be/69/be69c29276bcd573192a7e7e375ac27a20b8db542c4d448978535208fa4eeb88.pt
2026-06-28 23:35:32 - __main__ - INFO - CAM window cache saved: /content/cam_cache/drive_zip/resnet18/seed42/windows/de/8a/de8a317b928c4fd40c79ed6b0f46f3ec5e21056a38303f6ab11092a58274acdb.json
2026-06-28 23:35:32 - __main__ - INFO - CAM cutout window: index=5175 copy=4 cutout_mode=cam_low top=5 left=25 height=71 width=71
2026-06-28 23:35:32 - __main__ - INFO - CAM window cache saved: /content/cam_cache/drive_zip/resnet18/seed42/windows/dc/f0/dcf0aa9c3d6640aa251fe1ddcd2f0b86ccad5c5d3ae94d64141f359a892eff5e.json
2026-06-28 23:35:32 - __main__ - INFO - CAM window cache saved: /content/cam_cache/drive_zip/resnet18/seed42/windows/1d/0b/1d0bad073caff9b0785fcc38cbd1894270402f1a778fff919f34a6f57498e4bc.json
2026-06-28 23:35:32 - __main__ - INFO - CAM cutout window: index=7167 copy=3 cutout_mode=cam_low top=142 left=42 height=71 width=71
2026-06-28 23:35:32 - __main__ - INFO - CAM cutout window: index=7168 copy=2 cutout_mode=cam_low top=19 left=9 height=71 width=71
2026-06-28 23:35:32 - __main__ - INFO - CAM window cache saved: /content/cam_cache/drive_zip/resnet18/seed42/windows/ad/90/ad90532707569939e80cd5b3a87c9455a2438bdb8113f75a883ae9d0d1718554.json
2026-06-28 23:35:32 - __main__ - INFO - CAM cutout window: index=7126 copy=2 cutout_mode=cam_low top=150 left=0 height=71 width=71
2026-06-28 23:35:32 - __main__ - INFO - CAM window cache miss: /content/cam_cache/drive_zip/resnet18/seed42/windows/0b/14/0b1466a70608cc603487110d230a351e5014795c2d8aef3a010b105abc043d6a.json
2026-06-28 23:35:32 - __main__ - INFO - CAM window cache miss: /content/cam_cache/drive_zip/resnet18/seed42/windows/74/8b/748b31f2d58b6d4d2b94ce1a5e304085357dfff7986a924dd5a89cbd30a67f2e.json
2026-06-28 23:35:32 - __main__ - INFO - CAM window cache miss: /content/cam_cache/drive_zip/resnet18/seed42/windows/76/c4/76c47828bdfc8b3a4094e62ab64c263a541221ad3da186d05061a66ace6c7e93.json
2026-06-28 23:35:32 - __main__ - INFO - CAM cache hit: /content/cam_cache/drive_zip/resnet18/seed42/5f/1e/5f1ea5e07e9b3fe2007084b1e6e8d9b53e6ed3a4c1293b282ae4a155e65f3b7f.pt
2026-06-28 23:35:32 - __main__ - INFO - CAM cache hit: /content/cam_cache/drive_zip/resnet18/seed42/1e/8e/1e8ef1af1ef2a9292316c4d65c51d98828f62e0e1264658ee7197c9449d429ae.pt
2026-06-28 23:35:32 - __main__ - INFO - CAM cache hit: /content/cam_cache/drive_zip/resnet18/seed42/87/e2/87e2353d48e30a28f7106c7e1f3af7febf213845a0874af0cba95e0b495edc71.pt
2026-06-28 23:35:32 - __main__ - INFO - CAM window cache miss: /content/cam_cache/drive_zip/resnet18/seed42/windows/35/7f/357f5365c3ceefe0d2ca9b49b2163604c6ee2c6faa893181e622eab121105b74.json
2026-06-28 23:35:32 - __main__ - INFO - CAM cache hit: /content/cam_cache/drive_zip/resnet18/seed42/b2/8f/b28f0d67a53a2d70f0985759646b27abfc4f29291aba845c6e8415ad566dcb22.pt
2026-06-28 23:35:32 - __main__ - INFO - CAM window cache saved: /content/cam_cache/drive_zip/resnet18/seed42/windows/0b/14/0b1466a70608cc603487110d230a351e5014795c2d8aef3a010b105abc043d6a.json
2026-06-28 23:35:32 - __main__ - INFO - CAM window cache saved: /content/cam_cache/drive_zip/resnet18/seed42/windows/74/8b/748b31f2d58b6d4d2b94ce1a5e304085357dfff7986a924dd5a89cbd30a67f2e.json
2026-06-28 23:35:32 - __main__ - INFO - CAM cutout window: index=9162 copy=3 cutout_mode=cam_low top=1 left=133 height=71 width=71
2026-06-28 23:35:32 - __main__ - INFO - CAM cutout window: index=167 copy=2 cutout_mode=cam_low top=146 left=13 height=71 width=71
2026-06-28 23:35:32 - __main__ - INFO - CAM window cache saved: /content/cam_cache/drive_zip/resnet18/seed42/windows/76/c4/76c47828bdfc8b3a4094e62ab64c263a541221ad3da186d05061a66ace6c7e93.json
2026-06-28 23:35:32 - __main__ - INFO - CAM cutout window: index=8755 copy=2 cutout_mode=cam_low top=137 left=6 height=71 width=71
2026-06-28 23:35:32 - __main__ - INFO - CAM window cache saved: /content/cam_cache/drive_zip/resnet18/seed42/windows/35/7f/357f5365c3ceefe0d2ca9b49b2163604c6ee2c6faa893181e622eab121105b74.json
2026-06-28 23:35:32 - __main__ - INFO - CAM cutout window: index=11630 copy=2 cutout_mode=cam_low top=13 left=3 height=71 width=71
2026-06-28 23:40:02 - __main__ - INFO - CAM window cache hit: /content/cam_cache/drive_zip/resnet18/seed42/windows/99/4d/994dccf98b16b322d67ffe52e4a5ae6fc44bb7094641f2a7443a313242be2cda.json
2026-06-28 23:54:29 - __main__ - INFO - CAM window cache hit: /content/cam_cache/drive_zip/resnet18/seed42/windows/2d/bd/2dbdbd993d6b2be8aa010e9888d1377a3ec2eafbd08373c1383b3d8053558ebf.json
2026-06-29 00:01:10 - __main__ - INFO - CAM window cache hit: /content/cam_cache/drive_zip/resnet18/seed42/windows/36/fb/36fb7a2954b7512e5ee322b1417e2a783bdfc05599d9937ca6efbe40a72ef0f7.json
2026-06-29 00:14:40 - __main__ - INFO - Train: loss 2.5798 acc1 24.22%
2026-06-29 00:14:40 - __main__ - INFO - Val:   loss 2.3718 acc1 28.78%
2026-06-29 00:14:40 - __main__ - INFO - saved best: 28.78%
2026-06-29 00:14:40 - __main__ - INFO - 
Epoch 2/100 | lr 0.020080
2026-06-29 00:14:40 - __main__ - INFO - CAM window cache hit: /content/cam_cache/drive_zip/resnet18/seed42/windows/69/83/698365b652cfb2c15ad1923b638f2d71b615984f8e3357c2a11726f627f4bbc6.json
2026-06-29 00:14:40 - __main__ - INFO - CAM window cache hit: /content/cam_cache/drive_zip/resnet18/seed42/windows/64/6b/646b4cda5f627f785f3b34e01ea4548a004652150f05c5e4413defe34482db11.json
2026-06-29 00:14:40 - __main__ - INFO - CAM window cache hit: /content/cam_cache/drive_zip/resnet18/seed42/windows/4e/5c/4e5c298211d89cd4a81758b3ee6e835d702b30de6190cafb019f15b3536c9593.json
2026-06-29 00:14:40 - __main__ - INFO - CAM window cache hit: /content/cam_cache/drive_zip/resnet18/seed42/windows/08/fd/08fd40aa89c2a498e2083c4e331f65a999f6035f519c0395daca27bb57a47ef0.json
2026-06-29 00:14:40 - __main__ - INFO - CAM window cache hit: /content/cam_cache/drive_zip/resnet18/seed42/windows/4b/59/4b593c1cc9f4b0365e8c47dc8614dc618ff9a2998fdf8ddaf8ad5c0adadea14b.json
2026-06-29 00:14:40 - __main__ - INFO - CAM window cache hit: /content/cam_cache/drive_zip/resnet18/seed42/windows/d9/ff/d9ff6be9cb65c771bbb16fe5803171621e4bb84eab6f608ae1fdf5066beebdcf.json
2026-06-29 00:14:40 - __main__ - INFO - CAM window cache hit: /content/cam_cache/drive_zip/resnet18/seed42/windows/fc/f8/fcf8e5ddfa46989df5756fa4d2a8d3e58a0ea5d7f8f1c26b746d52bb379176cf.json
2026-06-29 00:14:40 - __main__ - INFO - CAM window cache hit: /content/cam_cache/drive_zip/resnet18/seed42/windows/5e/aa/5eaa258c41df2fbbd68f6ac8b2256c22e0b5c086359edd5f622d48f8b539d56c.json
2026-06-29 00:14:40 - __main__ - INFO - CAM window cache hit: /content/cam_cache/drive_zip/resnet18/seed42/windows/c4/f3/c4f3292fd575bd9a7101cfad2d520263a6681d6cce919d4008c2b74e4767eaa1.json
2026-06-29 00:14:40 - __main__ - INFO - CAM window cache hit: /content/cam_cache/drive_zip/resnet18/seed42/windows/09/3d/093d79f3c6129f20b1ba1eaf3b7c5a750b0f9b49e0d963a8c7ce14ce07f5eeeb.json
2026-06-29 00:14:40 - __main__ - INFO - CAM window cache hit: /content/cam_cache/drive_zip/resnet18/seed42/windows/9d/c1/9dc195402108abc63389460afb31fc43b6f2879777a87f158d183662f090ac2b.json
2026-06-29 00:14:40 - __main__ - INFO - CAM window cache hit: /content/cam_cache/drive_zip/resnet18/seed42/windows/56/41/564158f3f7bfa68a035c7b96e35c9fc52116e68ff112665b876be50985f3eb16.json
2026-06-29 00:14:40 - __main__ - INFO - CAM window cache hit: /content/cam_cache/drive_zip/resnet18/seed42/windows/a9/a9/a9a94368e32730a779c86305b0af86ccd1763804b0003d8b90796da3d5ecff65.json
2026-06-29 00:14:40 - __main__ - INFO - CAM window cache hit: /content/cam_cache/drive_zip/resnet18/seed42/windows/fb/7f/fb7f63189d89ca3105b6c162f4e9b8fd8f0ef9e835340375e393e53539a0ecfb.json
2026-06-29 00:14:40 - __main__ - INFO - CAM window cache hit: /content/cam_cache/drive_zip/resnet18/seed42/windows/3f/81/3f8158233afe4b67118e7de5f6a0d177fb201f439080991779d8128ece6bb4bf.json
2026-06-29 00:14:40 - __main__ - INFO - CAM window cache hit: /content/cam_cache/drive_zip/resnet18/seed42/windows/86/ee/86eef8a73141fc6a3efbd3a75774c7f89abdc165290a6ad35cead554a978e8b3.json
2026-06-29 00:14:40 - __main__ - INFO - CAM window cache hit: /content/cam_cache/drive_zip/resnet18/seed42/windows/3d/95/3d9539c156615f4b7f224f2fb78c4ac11dd0b6f844c5a3347f94ea33afa39a98.json
2026-06-29 00:15:39 - __main__ - INFO - Train: loss 1.3492 acc1 54.95%
2026-06-29 00:15:39 - __main__ - INFO - Val:   loss 1.6858 acc1 51.65%
2026-06-29 00:15:39 - __main__ - INFO - saved best: 51.65%
2026-06-29 00:15:39 - __main__ - INFO - 
Epoch 3/100 | lr 0.040060
2026-06-29 00:16:37 - __main__ - INFO - Train: loss 0.8272 acc1 73.50%
2026-06-29 00:16:37 - __main__ - INFO - Val:   loss 1.5871 acc1 60.96%
2026-06-29 00:16:37 - __main__ - INFO - saved best: 60.96%
2026-06-29 00:16:37 - __main__ - INFO - 
Epoch 4/100 | lr 0.060040
2026-06-29 00:17:35 - __main__ - INFO - Train: loss 0.5307 acc1 83.23%
2026-06-29 00:17:35 - __main__ - INFO - Val:   loss 1.5532 acc1 64.52%
2026-06-29 00:17:35 - __main__ - INFO - saved best: 64.52%
2026-06-29 00:17:35 - __main__ - INFO - 
Epoch 5/100 | lr 0.080020
2026-06-29 00:18:33 - __main__ - INFO - Train: loss 0.4087 acc1 87.12%
2026-06-29 00:18:33 - __main__ - INFO - Val:   loss 1.5636 acc1 66.01%
2026-06-29 00:18:33 - __main__ - INFO - saved best: 66.01%
2026-06-29 00:18:33 - __main__ - INFO - 
Epoch 6/100 | lr 0.100000
2026-06-29 00:19:31 - __main__ - INFO - Train: loss 0.3581 acc1 88.62%
2026-06-29 00:19:31 - __main__ - INFO - Val:   loss 1.5710 acc1 65.62%
2026-06-29 00:19:31 - __main__ - INFO - 
Epoch 7/100 | lr 0.099973
2026-06-29 00:20:29 - __main__ - INFO - Train: loss 0.2848 acc1 90.73%
2026-06-29 00:20:29 - __main__ - INFO - Val:   loss 1.4688 acc1 64.62%
2026-06-29 00:20:29 - __main__ - INFO - 
Epoch 8/100 | lr 0.099891
2026-06-29 00:21:28 - __main__ - INFO - Train: loss 0.2770 acc1 90.92%
2026-06-29 00:21:28 - __main__ - INFO - Val:   loss 1.6570 acc1 65.77%
2026-06-29 00:21:28 - __main__ - INFO - 
Epoch 9/100 | lr 0.099754
2026-06-29 00:22:26 - __main__ - INFO - Train: loss 0.2448 acc1 91.92%
2026-06-29 00:22:26 - __main__ - INFO - Val:   loss 1.5116 acc1 66.23%
2026-06-29 00:22:26 - __main__ - INFO - saved best: 66.23%
2026-06-29 00:22:26 - __main__ - INFO - 
Epoch 10/100 | lr 0.099563
2026-06-29 00:23:24 - __main__ - INFO - Train: loss 0.2663 acc1 91.07%
2026-06-29 00:23:24 - __main__ - INFO - Val:   loss 1.6663 acc1 65.05%
2026-06-29 00:23:24 - __main__ - INFO - 
Epoch 11/100 | lr 0.099318
2026-06-29 00:24:22 - __main__ - INFO - Train: loss 0.2392 acc1 91.97%
2026-06-29 00:24:22 - __main__ - INFO - Val:   loss 1.4911 acc1 62.68%
2026-06-29 00:24:22 - __main__ - INFO - 
Epoch 12/100 | lr 0.099019
2026-06-29 00:25:21 - __main__ - INFO - Train: loss 0.2485 acc1 91.63%
2026-06-29 00:25:21 - __main__ - INFO - Val:   loss 1.8055 acc1 63.70%
2026-06-29 00:25:21 - __main__ - INFO - 
Epoch 13/100 | lr 0.098666
2026-06-29 00:26:19 - __main__ - INFO - Train: loss 0.2153 acc1 92.78%
2026-06-29 00:26:19 - __main__ - INFO - Val:   loss 1.7742 acc1 63.74%
2026-06-29 00:26:19 - __main__ - INFO - 
Epoch 14/100 | lr 0.098261
2026-06-29 00:27:17 - __main__ - INFO - Train: loss 0.2429 acc1 91.93%
2026-06-29 00:27:17 - __main__ - INFO - Val:   loss 1.7604 acc1 64.91%
2026-06-29 00:27:17 - __main__ - INFO - 
Epoch 15/100 | lr 0.097802
2026-06-29 00:28:16 - __main__ - INFO - Train: loss 0.2274 acc1 92.31%
2026-06-29 00:28:16 - __main__ - INFO - Val:   loss 1.7443 acc1 64.50%
2026-06-29 00:28:16 - __main__ - INFO - 
Epoch 16/100 | lr 0.097291
2026-06-29 00:29:14 - __main__ - INFO - Train: loss 0.2087 acc1 92.88%
2026-06-29 00:29:14 - __main__ - INFO - Val:   loss 1.5977 acc1 65.85%
2026-06-29 00:29:14 - __main__ - INFO - 
Epoch 17/100 | lr 0.096729
2026-06-29 00:30:12 - __main__ - INFO - Train: loss 0.2206 acc1 92.37%
2026-06-29 00:30:12 - __main__ - INFO - Val:   loss 1.7168 acc1 66.53%
2026-06-29 00:30:12 - __main__ - INFO - saved best: 66.53%
2026-06-29 00:30:12 - __main__ - INFO - 
Epoch 18/100 | lr 0.096115
2026-06-29 00:31:10 - __main__ - INFO - Train: loss 0.2232 acc1 92.37%
2026-06-29 00:31:10 - __main__ - INFO - Val:   loss 1.5506 acc1 65.48%
2026-06-29 00:31:10 - __main__ - INFO - 
Epoch 19/100 | lr 0.095451
2026-06-29 00:32:08 - __main__ - INFO - Train: loss 0.1976 acc1 93.23%
2026-06-29 00:32:08 - __main__ - INFO - Val:   loss 1.6406 acc1 64.67%
2026-06-29 00:32:08 - __main__ - INFO - 
Epoch 20/100 | lr 0.094737
2026-06-29 00:33:06 - __main__ - INFO - Train: loss 0.2090 acc1 92.77%
2026-06-29 00:33:06 - __main__ - INFO - Val:   loss 1.5935 acc1 66.01%
2026-06-29 00:33:06 - __main__ - INFO - 
Epoch 21/100 | lr 0.093974
2026-06-29 00:34:05 - __main__ - INFO - Train: loss 0.1808 acc1 93.68%
2026-06-29 00:34:05 - __main__ - INFO - Val:   loss 1.7668 acc1 62.61%
2026-06-29 00:34:05 - __main__ - INFO - 
Epoch 22/100 | lr 0.093164
2026-06-29 00:35:03 - __main__ - INFO - Train: loss 0.2146 acc1 92.58%
2026-06-29 00:35:03 - __main__ - INFO - Val:   loss 1.5701 acc1 68.47%
2026-06-29 00:35:03 - __main__ - INFO - saved best: 68.47%
2026-06-29 00:35:03 - __main__ - INFO - 
Epoch 23/100 | lr 0.092306
2026-06-29 00:36:02 - __main__ - INFO - Train: loss 0.2033 acc1 92.93%
2026-06-29 00:36:02 - __main__ - INFO - Val:   loss 1.8189 acc1 64.44%
2026-06-29 00:36:02 - __main__ - INFO - 
Epoch 24/100 | lr 0.091401
2026-06-29 00:37:00 - __main__ - INFO - Train: loss 0.1838 acc1 93.65%
2026-06-29 00:37:00 - __main__ - INFO - Val:   loss 1.6148 acc1 66.31%
2026-06-29 00:37:00 - __main__ - INFO - 
Epoch 25/100 | lr 0.090452
2026-06-29 00:37:58 - __main__ - INFO - Train: loss 0.2153 acc1 92.65%
2026-06-29 00:37:58 - __main__ - INFO - Val:   loss 1.6368 acc1 66.46%
2026-06-29 00:37:58 - __main__ - INFO - 
Epoch 26/100 | lr 0.089458
2026-06-29 00:38:56 - __main__ - INFO - Train: loss 0.1749 acc1 93.80%
2026-06-29 00:38:56 - __main__ - INFO - Val:   loss 1.4841 acc1 68.30%
2026-06-29 00:38:56 - __main__ - INFO - 
Epoch 27/100 | lr 0.088421
2026-06-29 00:39:55 - __main__ - INFO - Train: loss 0.2017 acc1 93.04%
2026-06-29 00:39:55 - __main__ - INFO - Val:   loss 1.5883 acc1 65.85%
2026-06-29 00:39:55 - __main__ - INFO - 
Epoch 28/100 | lr 0.087342
2026-06-29 00:40:53 - __main__ - INFO - Train: loss 0.1658 acc1 94.12%
2026-06-29 00:40:53 - __main__ - INFO - Val:   loss 1.5382 acc1 67.16%
2026-06-29 00:40:53 - __main__ - INFO - 
Epoch 29/100 | lr 0.086223
2026-06-29 00:41:51 - __main__ - INFO - Train: loss 0.2048 acc1 92.88%
2026-06-29 00:41:51 - __main__ - INFO - Val:   loss 1.6713 acc1 65.68%
2026-06-29 00:41:51 - __main__ - INFO - 
Epoch 30/100 | lr 0.085063
2026-06-29 00:42:48 - __main__ - INFO - Train: loss 0.1435 acc1 94.79%
2026-06-29 00:42:48 - __main__ - INFO - Val:   loss 1.5406 acc1 69.25%
2026-06-29 00:42:48 - __main__ - INFO - saved best: 69.25%
2026-06-29 00:42:48 - __main__ - INFO - 
Epoch 31/100 | lr 0.083866
2026-06-29 00:43:47 - __main__ - INFO - Train: loss 0.1047 acc1 95.99%
2026-06-29 00:43:47 - __main__ - INFO - Val:   loss 1.4554 acc1 69.14%
2026-06-29 00:43:47 - __main__ - INFO - 
Epoch 32/100 | lr 0.082631
2026-06-29 00:44:45 - __main__ - INFO - Train: loss 0.0909 acc1 96.29%
2026-06-29 00:44:45 - __main__ - INFO - Val:   loss 1.4235 acc1 67.68%
2026-06-29 00:44:45 - __main__ - INFO - 
Epoch 33/100 | lr 0.081361
2026-06-29 00:45:44 - __main__ - INFO - Train: loss 0.4270 acc1 86.23%
2026-06-29 00:45:44 - __main__ - INFO - Val:   loss 1.6409 acc1 66.02%
2026-06-29 00:45:44 - __main__ - INFO - 
Epoch 34/100 | lr 0.080056
2026-06-29 00:46:42 - __main__ - INFO - Train: loss 0.1695 acc1 94.13%
2026-06-29 00:46:42 - __main__ - INFO - Val:   loss 1.6846 acc1 67.60%
2026-06-29 00:46:42 - __main__ - INFO - 
Epoch 35/100 | lr 0.078719
2026-06-29 00:47:40 - __main__ - INFO - Train: loss 0.1994 acc1 93.04%
2026-06-29 00:47:40 - __main__ - INFO - Val:   loss 1.6752 acc1 65.30%
2026-06-29 00:47:40 - __main__ - INFO - 
Epoch 36/100 | lr 0.077350
2026-06-29 00:48:38 - __main__ - INFO - Train: loss 0.1425 acc1 94.98%
2026-06-29 00:48:38 - __main__ - INFO - Val:   loss 1.6406 acc1 66.74%
2026-06-29 00:48:38 - __main__ - INFO - 
Epoch 37/100 | lr 0.075951
2026-06-29 00:49:36 - __main__ - INFO - Train: loss 0.1892 acc1 93.41%
2026-06-29 00:49:36 - __main__ - INFO - Val:   loss 1.6549 acc1 65.04%
2026-06-29 00:49:36 - __main__ - INFO - 
Epoch 38/100 | lr 0.074524
2026-06-29 00:50:34 - __main__ - INFO - Train: loss 0.1253 acc1 95.32%
2026-06-29 00:50:34 - __main__ - INFO - Val:   loss 1.4662 acc1 67.31%
2026-06-29 00:50:34 - __main__ - INFO - 
Epoch 39/100 | lr 0.073070
2026-06-29 00:51:32 - __main__ - INFO - Train: loss 0.0889 acc1 96.36%
2026-06-29 00:51:32 - __main__ - INFO - Val:   loss 1.4091 acc1 69.32%
2026-06-29 00:51:32 - __main__ - INFO - saved best: 69.32%
2026-06-29 00:51:32 - __main__ - INFO - 
Epoch 40/100 | lr 0.071591
2026-06-29 00:52:31 - __main__ - INFO - Train: loss 0.0801 acc1 96.75%
2026-06-29 00:52:31 - __main__ - INFO - Val:   loss 1.4208 acc1 68.76%
2026-06-29 00:52:31 - __main__ - INFO - 
Epoch 41/100 | lr 0.070088
2026-06-29 00:53:29 - __main__ - INFO - Train: loss 0.3474 acc1 88.70%
2026-06-29 00:53:29 - __main__ - INFO - Val:   loss 1.4482 acc1 65.55%
2026-06-29 00:53:29 - __main__ - INFO - 
Epoch 42/100 | lr 0.068563
2026-06-29 00:54:27 - __main__ - INFO - Train: loss 0.2042 acc1 93.12%
2026-06-29 00:54:27 - __main__ - INFO - Val:   loss 1.6478 acc1 67.35%
2026-06-29 00:54:27 - __main__ - INFO - 
Epoch 43/100 | lr 0.067018
2026-06-29 00:55:25 - __main__ - INFO - Train: loss 0.1625 acc1 94.30%
2026-06-29 00:55:25 - __main__ - INFO - Val:   loss 1.6035 acc1 66.17%
2026-06-29 00:55:25 - __main__ - INFO - 
Epoch 44/100 | lr 0.065454
2026-06-29 00:56:23 - __main__ - INFO - Train: loss 0.1286 acc1 95.27%
2026-06-29 00:56:23 - __main__ - INFO - Val:   loss 1.6493 acc1 67.40%
2026-06-29 00:56:23 - __main__ - INFO - 
Epoch 45/100 | lr 0.063874
2026-06-29 00:57:22 - __main__ - INFO - Train: loss 0.1587 acc1 94.23%
2026-06-29 00:57:22 - __main__ - INFO - Val:   loss 1.8459 acc1 64.77%
2026-06-29 00:57:22 - __main__ - INFO - 
Epoch 46/100 | lr 0.062278
2026-06-29 00:58:20 - __main__ - INFO - Train: loss 0.1366 acc1 94.93%
2026-06-29 00:58:20 - __main__ - INFO - Val:   loss 1.5786 acc1 68.45%
2026-06-29 00:58:20 - __main__ - INFO - 
Epoch 47/100 | lr 0.060669
2026-06-29 00:59:18 - __main__ - INFO - Train: loss 0.0882 acc1 96.39%
2026-06-29 00:59:18 - __main__ - INFO - Val:   loss 1.4137 acc1 69.06%
2026-06-29 00:59:18 - __main__ - INFO - 
Epoch 48/100 | lr 0.059048
2026-06-29 01:00:16 - __main__ - INFO - Train: loss 0.0741 acc1 96.91%
2026-06-29 01:00:16 - __main__ - INFO - Val:   loss 1.3503 acc1 69.58%
2026-06-29 01:00:16 - __main__ - INFO - saved best: 69.58%
2026-06-29 01:00:16 - __main__ - INFO - 
Epoch 49/100 | lr 0.057417
2026-06-29 01:01:14 - __main__ - INFO - Train: loss 0.0764 acc1 96.92%
2026-06-29 01:01:14 - __main__ - INFO - Val:   loss 1.3472 acc1 69.38%
2026-06-29 01:01:14 - __main__ - INFO - 
Epoch 50/100 | lr 0.055779
2026-06-29 01:02:13 - __main__ - INFO - Train: loss 0.2945 acc1 90.33%
2026-06-29 01:02:13 - __main__ - INFO - Val:   loss 1.5733 acc1 62.78%
2026-06-29 01:02:13 - __main__ - INFO - 
Epoch 51/100 | lr 0.054134
2026-06-29 01:03:12 - __main__ - INFO - Train: loss 0.1880 acc1 93.61%
2026-06-29 01:03:12 - __main__ - INFO - Val:   loss 1.6015 acc1 66.48%
2026-06-29 01:03:12 - __main__ - INFO - 
Epoch 52/100 | lr 0.052484
2026-06-29 01:04:10 - __main__ - INFO - Train: loss 0.0900 acc1 96.50%
2026-06-29 01:04:10 - __main__ - INFO - Val:   loss 1.4384 acc1 69.51%
2026-06-29 01:04:10 - __main__ - INFO - 
Epoch 53/100 | lr 0.050832
2026-06-29 01:05:09 - __main__ - INFO - Train: loss 0.0750 acc1 96.95%
2026-06-29 01:05:09 - __main__ - INFO - Val:   loss 1.4200 acc1 67.44%
2026-06-29 01:05:09 - __main__ - INFO - 
Epoch 54/100 | lr 0.049178
2026-06-29 01:06:07 - __main__ - INFO - Train: loss 0.0719 acc1 97.10%
2026-06-29 01:06:07 - __main__ - INFO - Val:   loss 1.4282 acc1 67.35%
2026-06-29 01:06:07 - __main__ - INFO - 
Epoch 55/100 | lr 0.047526
2026-06-29 01:07:05 - __main__ - INFO - Train: loss 0.2388 acc1 92.00%
2026-06-29 01:07:05 - __main__ - INFO - Val:   loss 1.5062 acc1 63.98%
2026-06-29 01:07:05 - __main__ - INFO - 
Epoch 56/100 | lr 0.045876
2026-06-29 01:08:03 - __main__ - INFO - Train: loss 0.1857 acc1 93.73%
2026-06-29 01:08:03 - __main__ - INFO - Val:   loss 1.4760 acc1 68.11%
2026-06-29 01:08:03 - __main__ - INFO - 
Epoch 57/100 | lr 0.044231
2026-06-29 01:09:02 - __main__ - INFO - Train: loss 0.0797 acc1 96.80%
2026-06-29 01:09:02 - __main__ - INFO - Val:   loss 1.4008 acc1 69.15%
2026-06-29 01:09:02 - __main__ - INFO - 
Epoch 58/100 | lr 0.042593
2026-06-29 01:10:00 - __main__ - INFO - Train: loss 0.0638 acc1 97.35%
2026-06-29 01:10:00 - __main__ - INFO - Val:   loss 1.4075 acc1 69.08%
2026-06-29 01:10:00 - __main__ - INFO - 
Epoch 59/100 | lr 0.040962
2026-06-29 01:10:58 - __main__ - INFO - Train: loss 0.0601 acc1 97.55%
2026-06-29 01:10:58 - __main__ - INFO - Val:   loss 1.4337 acc1 67.55%
2026-06-29 01:10:58 - __main__ - INFO - 
Epoch 60/100 | lr 0.039341
2026-06-29 01:11:56 - __main__ - INFO - Train: loss 0.0630 acc1 97.55%
2026-06-29 01:11:56 - __main__ - INFO - Val:   loss 1.4220 acc1 68.39%
2026-06-29 01:11:56 - __main__ - INFO - 
Epoch 61/100 | lr 0.037732
2026-06-29 01:12:54 - __main__ - INFO - Train: loss 0.2414 acc1 92.01%
2026-06-29 01:12:54 - __main__ - INFO - Val:   loss 1.5060 acc1 67.15%
2026-06-29 01:12:54 - __main__ - INFO - 
Epoch 62/100 | lr 0.036136
2026-06-29 01:13:52 - __main__ - INFO - Train: loss 0.1090 acc1 96.05%
2026-06-29 01:13:52 - __main__ - INFO - Val:   loss 1.4650 acc1 68.36%
2026-06-29 01:13:52 - __main__ - INFO - 
Epoch 63/100 | lr 0.034556
2026-06-29 01:14:51 - __main__ - INFO - Train: loss 0.0668 acc1 97.29%
2026-06-29 01:14:51 - __main__ - INFO - Val:   loss 1.4154 acc1 69.40%
2026-06-29 01:14:51 - __main__ - INFO - 
Epoch 64/100 | lr 0.032992
2026-06-29 01:15:49 - __main__ - INFO - Train: loss 0.0577 acc1 97.59%
2026-06-29 01:15:49 - __main__ - INFO - Val:   loss 1.4193 acc1 69.19%
2026-06-29 01:15:49 - __main__ - INFO - 
Epoch 65/100 | lr 0.031447
2026-06-29 01:16:47 - __main__ - INFO - Train: loss 0.0514 acc1 97.90%
2026-06-29 01:16:47 - __main__ - INFO - Val:   loss 1.4037 acc1 70.09%
2026-06-29 01:16:47 - __main__ - INFO - saved best: 70.09%
2026-06-29 01:16:47 - __main__ - INFO - 
Epoch 66/100 | lr 0.029922
2026-06-29 01:17:46 - __main__ - INFO - Train: loss 0.0493 acc1 97.99%
2026-06-29 01:17:46 - __main__ - INFO - Val:   loss 1.3724 acc1 68.95%
2026-06-29 01:17:46 - __main__ - INFO - 
Epoch 67/100 | lr 0.028419
2026-06-29 01:18:44 - __main__ - INFO - Train: loss 0.0479 acc1 98.07%
2026-06-29 01:18:44 - __main__ - INFO - Val:   loss 1.4340 acc1 69.01%
2026-06-29 01:18:44 - __main__ - INFO - 
Epoch 68/100 | lr 0.026940
2026-06-29 01:19:42 - __main__ - INFO - Train: loss 0.0672 acc1 97.60%
2026-06-29 01:19:42 - __main__ - INFO - Val:   loss 1.8853 acc1 63.07%
2026-06-29 01:19:42 - __main__ - INFO - 
Epoch 69/100 | lr 0.025486
2026-06-29 01:20:40 - __main__ - INFO - Train: loss 0.1976 acc1 93.36%
2026-06-29 01:20:40 - __main__ - INFO - Val:   loss 1.5442 acc1 68.50%
2026-06-29 01:20:40 - __main__ - INFO - 
Epoch 70/100 | lr 0.024059
2026-06-29 01:21:39 - __main__ - INFO - Train: loss 0.0660 acc1 97.38%
2026-06-29 01:21:39 - __main__ - INFO - Val:   loss 1.4595 acc1 69.46%
2026-06-29 01:21:39 - __main__ - INFO - 
Epoch 71/100 | lr 0.022660
2026-06-29 01:22:37 - __main__ - INFO - Train: loss 0.0477 acc1 98.02%
2026-06-29 01:22:37 - __main__ - INFO - Val:   loss 1.4348 acc1 69.26%
2026-06-29 01:22:37 - __main__ - INFO - 
Epoch 72/100 | lr 0.021291
2026-06-29 01:23:35 - __main__ - INFO - Train: loss 0.0402 acc1 98.36%
2026-06-29 01:23:35 - __main__ - INFO - Val:   loss 1.4542 acc1 67.50%
2026-06-29 01:23:35 - __main__ - INFO - 
Epoch 73/100 | lr 0.019954
2026-06-29 01:24:34 - __main__ - INFO - Train: loss 0.0346 acc1 98.51%
2026-06-29 01:24:34 - __main__ - INFO - Val:   loss 1.4245 acc1 68.89%
2026-06-29 01:24:34 - __main__ - INFO - 
Epoch 74/100 | lr 0.018649
2026-06-29 01:25:32 - __main__ - INFO - Train: loss 0.0336 acc1 98.64%
2026-06-29 01:25:32 - __main__ - INFO - Val:   loss 1.4078 acc1 69.12%
2026-06-29 01:25:32 - __main__ - INFO - 
Epoch 75/100 | lr 0.017379
2026-06-29 01:26:30 - __main__ - INFO - Train: loss 0.0334 acc1 98.66%
2026-06-29 01:26:30 - __main__ - INFO - Val:   loss 1.4095 acc1 69.49%
2026-06-29 01:26:30 - __main__ - INFO - 
Epoch 76/100 | lr 0.016144
2026-06-29 01:27:28 - __main__ - INFO - Train: loss 0.0297 acc1 98.76%
2026-06-29 01:27:28 - __main__ - INFO - Val:   loss 1.3667 acc1 69.40%
2026-06-29 01:27:28 - __main__ - INFO - 
Epoch 77/100 | lr 0.014947
2026-06-29 01:28:27 - __main__ - INFO - Train: loss 0.0269 acc1 98.85%
2026-06-29 01:28:27 - __main__ - INFO - Val:   loss 1.3950 acc1 69.49%
2026-06-29 01:28:27 - __main__ - INFO - 
Epoch 78/100 | lr 0.013787
2026-06-29 01:29:25 - __main__ - INFO - Train: loss 0.0249 acc1 98.96%
2026-06-29 01:29:25 - __main__ - INFO - Val:   loss 1.3629 acc1 69.77%
2026-06-29 01:29:25 - __main__ - INFO - 
Epoch 79/100 | lr 0.012668
2026-06-29 01:30:23 - __main__ - INFO - Train: loss 0.0246 acc1 99.00%
2026-06-29 01:30:23 - __main__ - INFO - Val:   loss 1.3784 acc1 69.99%
2026-06-29 01:30:23 - __main__ - INFO - 
Epoch 80/100 | lr 0.011589
2026-06-29 01:31:21 - __main__ - INFO - Train: loss 0.0228 acc1 99.06%
2026-06-29 01:31:21 - __main__ - INFO - Val:   loss 1.3434 acc1 69.54%
2026-06-29 01:31:21 - __main__ - INFO - 
Epoch 81/100 | lr 0.010552
2026-06-29 01:32:20 - __main__ - INFO - Train: loss 0.0220 acc1 99.09%
2026-06-29 01:32:20 - __main__ - INFO - Val:   loss 1.3669 acc1 69.81%
2026-06-29 01:32:20 - __main__ - INFO - 
Epoch 82/100 | lr 0.009558
2026-06-29 01:33:18 - __main__ - INFO - Train: loss 0.0206 acc1 99.15%
2026-06-29 01:33:18 - __main__ - INFO - Val:   loss 1.3640 acc1 69.74%
2026-06-29 01:33:18 - __main__ - INFO - 
Epoch 83/100 | lr 0.008609
2026-06-29 01:34:16 - __main__ - INFO - Train: loss 0.0195 acc1 99.22%
2026-06-29 01:34:16 - __main__ - INFO - Val:   loss 1.3642 acc1 69.43%
2026-06-29 01:34:16 - __main__ - INFO - 
Epoch 84/100 | lr 0.007704
2026-06-29 01:35:15 - __main__ - INFO - Train: loss 0.0183 acc1 99.25%
2026-06-29 01:35:15 - __main__ - INFO - Val:   loss 1.3639 acc1 69.32%
2026-06-29 01:35:15 - __main__ - INFO - 
Epoch 85/100 | lr 0.006846
2026-06-29 01:36:13 - __main__ - INFO - Train: loss 0.0176 acc1 99.25%
2026-06-29 01:36:13 - __main__ - INFO - Val:   loss 1.3578 acc1 69.80%
2026-06-29 01:36:13 - __main__ - INFO - 
Epoch 86/100 | lr 0.006036
2026-06-29 01:37:11 - __main__ - INFO - Train: loss 0.0168 acc1 99.30%
2026-06-29 01:37:11 - __main__ - INFO - Val:   loss 1.3411 acc1 69.72%
2026-06-29 01:37:11 - __main__ - INFO - 
Epoch 87/100 | lr 0.005273
2026-06-29 01:38:09 - __main__ - INFO - Train: loss 0.0157 acc1 99.33%
2026-06-29 01:38:09 - __main__ - INFO - Val:   loss 1.3543 acc1 69.03%
2026-06-29 01:38:09 - __main__ - INFO - 
Epoch 88/100 | lr 0.004559
2026-06-29 01:39:07 - __main__ - INFO - Train: loss 0.0150 acc1 99.36%
2026-06-29 01:39:07 - __main__ - INFO - Val:   loss 1.3521 acc1 69.57%
2026-06-29 01:39:07 - __main__ - INFO - 
Epoch 89/100 | lr 0.003895
2026-06-29 01:40:05 - __main__ - INFO - Train: loss 0.0143 acc1 99.39%
2026-06-29 01:40:05 - __main__ - INFO - Val:   loss 1.3476 acc1 69.32%
2026-06-29 01:40:05 - __main__ - INFO - 
Epoch 90/100 | lr 0.003281
2026-06-29 01:41:03 - __main__ - INFO - Train: loss 0.0136 acc1 99.41%
2026-06-29 01:41:03 - __main__ - INFO - Val:   loss 1.3633 acc1 69.60%
2026-06-29 01:41:03 - __main__ - INFO - 
Epoch 91/100 | lr 0.002719
2026-06-29 01:42:01 - __main__ - INFO - Train: loss 0.0133 acc1 99.44%
2026-06-29 01:42:01 - __main__ - INFO - Val:   loss 1.3448 acc1 69.29%
2026-06-29 01:42:01 - __main__ - INFO - 
Epoch 92/100 | lr 0.002208
2026-06-29 01:43:00 - __main__ - INFO - Train: loss 0.0130 acc1 99.44%
2026-06-29 01:43:00 - __main__ - INFO - Val:   loss 1.3582 acc1 69.66%
2026-06-29 01:43:00 - __main__ - INFO - 
Epoch 93/100 | lr 0.001749
2026-06-29 01:43:58 - __main__ - INFO - Train: loss 0.0128 acc1 99.44%
2026-06-29 01:43:58 - __main__ - INFO - Val:   loss 1.3574 acc1 69.63%
2026-06-29 01:43:58 - __main__ - INFO - 
Epoch 94/100 | lr 0.001344
2026-06-29 01:44:56 - __main__ - INFO - Train: loss 0.0124 acc1 99.46%
2026-06-29 01:44:56 - __main__ - INFO - Val:   loss 1.3563 acc1 69.21%
2026-06-29 01:44:56 - __main__ - INFO - 
Epoch 95/100 | lr 0.000991
2026-06-29 01:45:54 - __main__ - INFO - Train: loss 0.0121 acc1 99.46%
2026-06-29 01:45:54 - __main__ - INFO - Val:   loss 1.3481 acc1 69.52%
2026-06-29 01:45:54 - __main__ - INFO - 
Epoch 96/100 | lr 0.000692
2026-06-29 01:46:52 - __main__ - INFO - Train: loss 0.0118 acc1 99.50%
2026-06-29 01:46:52 - __main__ - INFO - Val:   loss 1.3642 acc1 69.49%
2026-06-29 01:46:52 - __main__ - INFO - 
Epoch 97/100 | lr 0.000447
2026-06-29 01:47:51 - __main__ - INFO - Train: loss 0.0118 acc1 99.50%
2026-06-29 01:47:51 - __main__ - INFO - Val:   loss 1.3610 acc1 69.32%
2026-06-29 01:47:51 - __main__ - INFO - 
Epoch 98/100 | lr 0.000256
2026-06-29 01:48:49 - __main__ - INFO - Train: loss 0.0116 acc1 99.51%
2026-06-29 01:48:49 - __main__ - INFO - Val:   loss 1.3560 acc1 69.57%
2026-06-29 01:48:49 - __main__ - INFO - 
Epoch 99/100 | lr 0.000119
2026-06-29 01:49:48 - __main__ - INFO - Train: loss 0.0117 acc1 99.52%
2026-06-29 01:49:48 - __main__ - INFO - Val:   loss 1.3610 acc1 69.94%
2026-06-29 01:49:48 - __main__ - INFO - 
Epoch 100/100 | lr 0.000037
2026-06-29 01:50:46 - __main__ - INFO - Train: loss 0.0115 acc1 99.53%
2026-06-29 01:50:46 - __main__ - INFO - Val:   loss 1.3541 acc1 69.46%
2026-06-29 01:50:46 - __main__ - INFO - Loaded best checkpoint weights for final test evaluation.
2026-06-29 01:50:48 - __main__ - INFO - 
Best tracked (val): 70.09%
2026-06-29 01:50:48 - __main__ - INFO - Final test: loss 1.3790 acc1 68.21%
2026-06-29 01:50:48 - __main__ - INFO - Saved best model checkpoint to runs/drive_zip/resnet18/42/resnet18_seed42_cam_low_M4_area0.1/best_model.pt
