2026-02-25 22:33:41 - __main__ - INFO - Resolved training args for optuna_mask_trial0001_resnet18_cifar100_ep30_bs128_lr0.1_wd5e-04_ls0.05_wu5_maskcam_high_mwu30_mp1.0_ma0.4_mb6_cllayer3: {"amp": true, "batch_size": 128, "cam_layer": "layer3", "data_dir": "./data", "dataset": "cifar100", "epochs": 30, "gamma": 0.1, "label_smoothing": 0.05, "log_every": 100, "lr": 0.1, "mask_area": 0.4, "mask_block": 6, "mask_prob": 1.0, "mask_warmup_epochs": 30, "masking": "cam_high", "milestones": "60,80", "min_lr": 1e-05, "model": "resnet18", "momentum": 0.9, "nesterov": true, "num_workers": 2, "out_dir": "runs_optuna/resnet18/cifar100", "run_name": "optuna_mask_trial0001_resnet18_cifar100_ep30_bs128_lr0.1_wd5e-04_ls0.05_wu5_maskcam_high_mwu30_mp1.0_ma0.4_mb6_cllayer3", "scheduler": "cosine", "seed": 42, "val_split": 0.1, "warmup_epochs": 5, "weight_decay": 0.0005}
2026-02-25 22:33:41 - __main__ - INFO - device: cuda | cuda: True | gpu: NVIDIA L4
2026-02-25 22:33:44 - __main__ - INFO - Masking enabled: {'strategy': 'cam_high', 'warmup_epochs': 30, 'prob': 1.0, 'area': 0.4, 'block': 6}
2026-02-25 22:33:44 - __main__ - INFO - Model: resnet18 | Dataset: cifar100 | Classes: 100
2026-02-25 22:33:44 - __main__ - INFO - 
Epoch 1/30 | lr 0.000100
2026-02-25 22:33:54 - __main__ - INFO - Train: loss 4.6388 acc1 1.38% acc5 6.27%
2026-02-25 22:33:54 - __main__ - INFO - Val:   loss 4.5783 acc1 1.79% acc5 8.31%
2026-02-25 22:33:54 - __main__ - INFO - saved best: 1.79%
2026-02-25 22:33:54 - __main__ - INFO - 
Epoch 2/30 | lr 0.020080
2026-02-25 22:34:04 - __main__ - INFO - Train: loss 3.7992 acc1 13.30% acc5 36.13%
2026-02-25 22:34:04 - __main__ - INFO - Val:   loss 3.5632 acc1 19.22% acc5 45.72%
2026-02-25 22:34:04 - __main__ - INFO - saved best: 19.22%
2026-02-25 22:34:04 - __main__ - INFO - 
Epoch 3/30 | lr 0.040060
2026-02-25 22:34:14 - __main__ - INFO - Train: loss 3.2138 acc1 24.51% acc5 54.36%
2026-02-25 22:34:14 - __main__ - INFO - Val:   loss 3.0753 acc1 28.53% acc5 59.77%
2026-02-25 22:34:14 - __main__ - INFO - saved best: 28.53%
2026-02-25 22:34:14 - __main__ - INFO - 
Epoch 4/30 | lr 0.060040
2026-02-25 22:34:24 - __main__ - INFO - Train: loss 2.7728 acc1 33.82% acc5 66.56%
2026-02-25 22:34:24 - __main__ - INFO - Val:   loss 2.7838 acc1 36.45% acc5 68.18%
2026-02-25 22:34:24 - __main__ - INFO - saved best: 36.45%
2026-02-25 22:34:24 - __main__ - INFO - 
Epoch 5/30 | lr 0.080020
2026-02-25 22:34:34 - __main__ - INFO - Train: loss 2.4482 acc1 41.65% acc5 74.17%
2026-02-25 22:34:34 - __main__ - INFO - Val:   loss 2.7301 acc1 36.46% acc5 69.32%
2026-02-25 22:34:34 - __main__ - INFO - saved best: 36.46%
2026-02-25 22:34:34 - __main__ - INFO - 
Epoch 6/30 | lr 0.100000
2026-02-25 22:34:44 - __main__ - INFO - Train: loss 2.2347 acc1 47.03% acc5 78.97%
2026-02-25 22:34:44 - __main__ - INFO - Val:   loss 2.3437 acc1 44.17% acc5 76.30%
2026-02-25 22:34:44 - __main__ - INFO - saved best: 44.17%
2026-02-25 22:34:44 - __main__ - INFO - 
Epoch 7/30 | lr 0.099606
2026-02-25 22:34:54 - __main__ - INFO - Train: loss 2.0397 acc1 52.30% acc5 82.83%
2026-02-25 22:34:54 - __main__ - INFO - Val:   loss 2.7324 acc1 38.15% acc5 68.62%
2026-02-25 22:34:54 - __main__ - INFO - 
Epoch 8/30 | lr 0.098429
2026-02-25 22:35:04 - __main__ - INFO - Train: loss 1.9082 acc1 56.04% acc5 85.28%
2026-02-25 22:35:04 - __main__ - INFO - Val:   loss 2.1715 acc1 49.09% acc5 79.73%
2026-02-25 22:35:04 - __main__ - INFO - saved best: 49.09%
2026-02-25 22:35:04 - __main__ - INFO - 
Epoch 9/30 | lr 0.096489
2026-02-25 22:35:14 - __main__ - INFO - Train: loss 1.8138 acc1 58.39% acc5 87.07%
2026-02-25 22:35:14 - __main__ - INFO - Val:   loss 2.0525 acc1 52.55% acc5 82.66%
2026-02-25 22:35:14 - __main__ - INFO - saved best: 52.55%
2026-02-25 22:35:14 - __main__ - INFO - 
Epoch 10/30 | lr 0.093816
2026-02-25 22:35:24 - __main__ - INFO - Train: loss 1.7360 acc1 60.62% acc5 88.10%
2026-02-25 22:35:24 - __main__ - INFO - Val:   loss 2.0696 acc1 52.53% acc5 81.68%
2026-02-25 22:35:24 - __main__ - INFO - 
Epoch 11/30 | lr 0.090452
2026-02-25 22:35:34 - __main__ - INFO - Train: loss 1.6822 acc1 62.13% acc5 89.22%
2026-02-25 22:35:34 - __main__ - INFO - Val:   loss 1.9478 acc1 55.26% acc5 84.57%
2026-02-25 22:35:34 - __main__ - INFO - saved best: 55.26%
2026-02-25 22:35:34 - __main__ - INFO - 
Epoch 12/30 | lr 0.086450
2026-02-25 22:35:45 - __main__ - INFO - Train: loss 1.6149 acc1 64.04% acc5 90.25%
2026-02-25 22:35:45 - __main__ - INFO - Val:   loss 1.9910 acc1 54.91% acc5 83.20%
2026-02-25 22:35:45 - __main__ - INFO - 
Epoch 13/30 | lr 0.081873
2026-02-25 22:35:54 - __main__ - INFO - Train: loss 1.5498 acc1 66.01% acc5 91.24%
2026-02-25 22:35:54 - __main__ - INFO - Val:   loss 2.0548 acc1 53.72% acc5 82.68%
2026-02-25 22:35:54 - __main__ - INFO - 
Epoch 14/30 | lr 0.076794
2026-02-25 22:36:04 - __main__ - INFO - Train: loss 1.5002 acc1 67.70% acc5 91.73%
2026-02-25 22:36:04 - __main__ - INFO - Val:   loss 1.9435 acc1 56.29% acc5 85.35%
2026-02-25 22:36:04 - __main__ - INFO - saved best: 56.29%
2026-02-25 22:36:04 - __main__ - INFO - 
Epoch 15/30 | lr 0.071292
2026-02-25 22:36:14 - __main__ - INFO - Train: loss 1.4405 acc1 69.34% acc5 92.86%
2026-02-25 22:36:14 - __main__ - INFO - Val:   loss 1.9450 acc1 56.26% acc5 84.68%
2026-02-25 22:36:14 - __main__ - INFO - 
Epoch 16/30 | lr 0.065454
2026-02-25 22:36:24 - __main__ - INFO - Train: loss 1.3785 acc1 71.24% acc5 93.58%
2026-02-25 22:36:24 - __main__ - INFO - Val:   loss 1.8825 acc1 59.42% acc5 85.13%
2026-02-25 22:36:24 - __main__ - INFO - saved best: 59.42%
2026-02-25 22:36:24 - __main__ - INFO - 
Epoch 17/30 | lr 0.059373
2026-02-25 22:36:34 - __main__ - INFO - Train: loss 1.3127 acc1 73.34% acc5 94.54%
2026-02-25 22:36:34 - __main__ - INFO - Val:   loss 1.7502 acc1 61.13% acc5 87.60%
2026-02-25 22:36:34 - __main__ - INFO - saved best: 61.13%
2026-02-25 22:36:34 - __main__ - INFO - 
Epoch 18/30 | lr 0.053144
2026-02-25 22:36:45 - __main__ - INFO - Train: loss 1.2434 acc1 75.41% acc5 95.37%
2026-02-25 22:36:45 - __main__ - INFO - Val:   loss 1.7103 acc1 62.90% acc5 88.00%
2026-02-25 22:36:45 - __main__ - INFO - saved best: 62.90%
2026-02-25 22:36:45 - __main__ - INFO - 
Epoch 19/30 | lr 0.046866
2026-02-25 22:36:55 - __main__ - INFO - Train: loss 1.1696 acc1 77.62% acc5 96.22%
2026-02-25 22:36:55 - __main__ - INFO - Val:   loss 1.6847 acc1 63.77% acc5 89.14%
2026-02-25 22:36:55 - __main__ - INFO - saved best: 63.77%
2026-02-25 22:36:55 - __main__ - INFO - 
Epoch 20/30 | lr 0.040637
2026-02-25 22:37:05 - __main__ - INFO - Train: loss 1.0900 acc1 80.33% acc5 97.06%
2026-02-25 22:37:05 - __main__ - INFO - Val:   loss 1.6314 acc1 65.12% acc5 89.09%
2026-02-25 22:37:05 - __main__ - INFO - saved best: 65.12%
2026-02-25 22:37:05 - __main__ - INFO - 
Epoch 21/30 | lr 0.034556
2026-02-25 22:37:15 - __main__ - INFO - Train: loss 1.0032 acc1 83.34% acc5 97.86%
2026-02-25 22:37:15 - __main__ - INFO - Val:   loss 1.5986 acc1 65.53% acc5 89.68%
2026-02-25 22:37:15 - __main__ - INFO - saved best: 65.53%
2026-02-25 22:37:15 - __main__ - INFO - 
Epoch 22/30 | lr 0.028718
2026-02-25 22:37:25 - __main__ - INFO - Train: loss 0.9196 acc1 86.26% acc5 98.56%
2026-02-25 22:37:25 - __main__ - INFO - Val:   loss 1.5348 acc1 68.60% acc5 90.57%
2026-02-25 22:37:25 - __main__ - INFO - saved best: 68.60%
2026-02-25 22:37:25 - __main__ - INFO - 
Epoch 23/30 | lr 0.023216
2026-02-25 22:37:35 - __main__ - INFO - Train: loss 0.8302 acc1 89.25% acc5 99.17%
2026-02-25 22:37:35 - __main__ - INFO - Val:   loss 1.5256 acc1 68.48% acc5 90.95%
2026-02-25 22:37:35 - __main__ - INFO - 
Epoch 24/30 | lr 0.018137
2026-02-25 22:37:45 - __main__ - INFO - Train: loss 0.7457 acc1 92.29% acc5 99.56%
2026-02-25 22:37:45 - __main__ - INFO - Val:   loss 1.4281 acc1 71.00% acc5 92.04%
2026-02-25 22:37:45 - __main__ - INFO - saved best: 71.00%
2026-02-25 22:37:45 - __main__ - INFO - 
Epoch 25/30 | lr 0.013560
2026-02-25 22:37:55 - __main__ - INFO - Train: loss 0.6738 acc1 94.90% acc5 99.80%
2026-02-25 22:37:55 - __main__ - INFO - Val:   loss 1.4018 acc1 72.39% acc5 91.74%
2026-02-25 22:37:55 - __main__ - INFO - saved best: 72.39%
2026-02-25 22:37:55 - __main__ - INFO - 
Epoch 26/30 | lr 0.009558
2026-02-25 22:38:06 - __main__ - INFO - Train: loss 0.6180 acc1 96.71% acc5 99.95%
2026-02-25 22:38:06 - __main__ - INFO - Val:   loss 1.3591 acc1 73.98% acc5 92.08%
2026-02-25 22:38:06 - __main__ - INFO - saved best: 73.98%
2026-02-25 22:38:06 - __main__ - INFO - 
Epoch 27/30 | lr 0.006194
2026-02-25 22:38:16 - __main__ - INFO - Train: loss 0.5837 acc1 97.80% acc5 99.95%
2026-02-25 22:38:16 - __main__ - INFO - Val:   loss 1.3415 acc1 74.35% acc5 92.29%
2026-02-25 22:38:16 - __main__ - INFO - saved best: 74.35%
2026-02-25 22:38:16 - __main__ - INFO - 
Epoch 28/30 | lr 0.003521
2026-02-25 22:38:26 - __main__ - INFO - Train: loss 0.5584 acc1 98.61% acc5 99.99%
2026-02-25 22:38:26 - __main__ - INFO - Val:   loss 1.3414 acc1 74.44% acc5 92.43%
2026-02-25 22:38:26 - __main__ - INFO - saved best: 74.44%
2026-02-25 22:38:26 - __main__ - INFO - 
Epoch 29/30 | lr 0.001581
2026-02-25 22:38:36 - __main__ - INFO - Train: loss 0.5492 acc1 98.80% acc5 100.00%
2026-02-25 22:38:36 - __main__ - INFO - Val:   loss 1.3352 acc1 74.91% acc5 92.51%
2026-02-25 22:38:36 - __main__ - INFO - saved best: 74.91%
2026-02-25 22:38:36 - __main__ - INFO - 
Epoch 30/30 | lr 0.000404
2026-02-25 22:38:46 - __main__ - INFO - Train: loss 0.5415 acc1 99.08% acc5 99.99%
2026-02-25 22:38:46 - __main__ - INFO - Val:   loss 1.3336 acc1 74.85% acc5 92.41%
2026-02-25 22:38:47 - __main__ - INFO - 
Best tracked (val): 74.91%
2026-02-25 22:38:47 - __main__ - INFO - Final test: loss 1.3404 acc1 74.48% acc5 92.61%
2026-02-25 22:38:48 - graphics - INFO - Metrics plot saved to runs_optuna/resnet18/cifar100/optuna_mask_trial0001_resnet18_cifar100_ep30_bs128_lr0.1_wd5e-04_ls0.05_wu5_maskcam_high_mwu30_mp1.0_ma0.4_mb6_cllayer3/metrics_plot.png
2026-02-25 22:38:48 - __main__ - INFO - [Trial 1] Stage result | best_val_acc=0.749127 | best_so_far=0.749127
2026-02-25 22:38:48 - __main__ - INFO - [Trial 1] Stage 3/5 | epochs=60 | run=optuna_mask_trial0001_resnet18_cifar100_ep60_bs128_lr0.1_wd5e-04_ls0.05_wu5_maskcam_high_mwu30_mp1.0_ma0.4_mb6_cllayer3
