2026-06-28 23:06:06 - __main__ - INFO - Run parameters: {"_cam_checkpoint_fingerprint": {"mtime_ns": 1782687752795338550, "path": "/content/CAMRegularization/runs/malimg/resnet18/42/resnet18_seed42_none/best_model.pt", "sha256": "077794e333fe89bb3348e9036576a3a56143ca93c7944688a88a045e3f9c1d98", "size": 44838155}, "adamw_betas": [0.9, 0.999], "adamw_eps": 1e-08, "amp": true, "batch_size": 128, "cam_cache_dir": "/content/cam_cache/malimg/resnet18/seed42", "cam_layer": "auto", "cam_precompute_only": false, "cam_precompute_windows": false, "cutout_area": 0.1, "cutout_m": 4, "cutout_mode": "cam_low", "cutout_size": 0, "data_dir": "./data", "dataset": "malimg", "debug_cam_timing": false, "deterministic_train_transforms": true, "epochs": 100, "gamma": 0.1, "grayscale": false, "include_regex": "", "label_smoothing": 0.0, "log_every": 100, "lr": 0.1, "milestones": "60,80", "min_lr": 1e-05, "model": "resnet18", "momentum": 0.9, "nesterov": false, "num_workers": 4, "optimizer": "sgd", "out_dir": "runs/malimg/resnet18/42", "run_name": "resnet18_seed42_cam_low_M4_area0.1", "saliency_candidate_percent": 10.0, "scheduler": "cosine", "seed": 42, "teacher_checkpoint": "runs/malimg/resnet18/42/resnet18_seed42_none/best_model.pt", "teacher_checkpoint_sha256": "077794e333fe89bb3348e9036576a3a56143ca93c7944688a88a045e3f9c1d98", "teacher_model": "resnet18", "val_split": 0.1, "warmup_epochs": 5, "weight_decay": 0.0005}
2026-06-28 23:06:06 - __main__ - INFO - device: cuda | cuda: True | gpu: NVIDIA A100-SXM4-80GB
2026-06-28 23:06:07 - __main__ - INFO - Model: resnet18 | Dataset: malimg | Classes: 25 | Optimizer: sgd
2026-06-28 23:06:08 - __main__ - INFO - CAM saliency cache directory: /content/cam_cache/malimg/resnet18/seed42
2026-06-28 23:06:08 - __main__ - INFO - CAM cache-only mode for DataLoader workers; cache misses will raise. Run the same command once with --cam_precompute_only --num_workers 0 --deterministic_train_transforms before high-worker training.
2026-06-28 23:06:08 - __main__ - INFO - CAM saliency cache enabled: /content/cam_cache/malimg/resnet18/seed42
2026-06-28 23:06:08 - __main__ - INFO - CAM window cache enabled: /content/cam_cache/malimg/resnet18/seed42/windows
2026-06-28 23:06:08 - __main__ - INFO - Cutout enabled: mode=cam_low m=4 size=None area=0.1
2026-06-28 23:06:08 - __main__ - INFO - CAM window cache miss: /content/cam_cache/malimg/resnet18/seed42/windows/61/f8/61f802fcedd616abb9617600e34cc76909e5f76f47cf65bd53b8bc9501c13ad0.json
2026-06-28 23:06:08 - __main__ - INFO - CAM cache hit: /content/cam_cache/malimg/resnet18/seed42/8d/85/8d85c63de94e2f99564b1744b728b9292550567585b17250d917f86d31e867f6.pt
2026-06-28 23:06:08 - __main__ - INFO - CAM window cache saved: /content/cam_cache/malimg/resnet18/seed42/windows/61/f8/61f802fcedd616abb9617600e34cc76909e5f76f47cf65bd53b8bc9501c13ad0.json
2026-06-28 23:06:08 - __main__ - INFO - CAM cutout window: index=0 copy=1 cutout_mode=cam_low top=153 left=144 height=71 width=71
2026-06-28 23:06:08 - __main__ - INFO - CAM window cache miss: /content/cam_cache/malimg/resnet18/seed42/windows/73/08/73080a45b62e06a419245a3d6eceea84ba289fcb4ec5d2093cbb4cf2d779f7fa.json
2026-06-28 23:06:08 - __main__ - INFO - CAM cache hit: /content/cam_cache/malimg/resnet18/seed42/8d/85/8d85c63de94e2f99564b1744b728b9292550567585b17250d917f86d31e867f6.pt
2026-06-28 23:06:08 - __main__ - INFO - CAM window cache saved: /content/cam_cache/malimg/resnet18/seed42/windows/73/08/73080a45b62e06a419245a3d6eceea84ba289fcb4ec5d2093cbb4cf2d779f7fa.json
2026-06-28 23:06:08 - __main__ - INFO - CAM cutout window: index=0 copy=2 cutout_mode=cam_low top=10 left=18 height=71 width=71
2026-06-28 23:06:08 - __main__ - INFO - CAM window cache miss: /content/cam_cache/malimg/resnet18/seed42/windows/1f/ce/1fce1147ef259eb527ae18381bd1c97c7ec09cdda708a464fd30286d19e89fde.json
2026-06-28 23:06:08 - __main__ - INFO - CAM cache hit: /content/cam_cache/malimg/resnet18/seed42/8d/85/8d85c63de94e2f99564b1744b728b9292550567585b17250d917f86d31e867f6.pt
2026-06-28 23:06:08 - __main__ - INFO - CAM window cache saved: /content/cam_cache/malimg/resnet18/seed42/windows/1f/ce/1fce1147ef259eb527ae18381bd1c97c7ec09cdda708a464fd30286d19e89fde.json
2026-06-28 23:06:08 - __main__ - INFO - CAM cutout window: index=0 copy=3 cutout_mode=cam_low top=146 left=17 height=71 width=71
2026-06-28 23:06:08 - __main__ - INFO - Validated CAM cutout generation for mode cam_low
2026-06-28 23:06:08 - __main__ - INFO - 
Epoch 1/100 | lr 0.000100
2026-06-28 23:06:08 - __main__ - INFO - CAM window cache miss: /content/cam_cache/malimg/resnet18/seed42/windows/d3/bc/d3bcf29e3e6b75067a0ed0b7e1c7dca57b2b97e35aa4336f636819c9a20aff82.json
2026-06-28 23:06:08 - __main__ - INFO - CAM window cache miss: /content/cam_cache/malimg/resnet18/seed42/windows/83/d3/83d36a0d43511c7ff8093f53af7eca5a8a2f3f19992f1b42ba619ca0ffc90b3c.json
2026-06-28 23:06:08 - __main__ - INFO - CAM cache hit: /content/cam_cache/malimg/resnet18/seed42/58/f1/58f130a2e2d9467d5b5ae0f093d46a397c3a212ef9fe0c1256a751627b22314e.pt
2026-06-28 23:06:08 - __main__ - INFO - CAM window cache miss: /content/cam_cache/malimg/resnet18/seed42/windows/e7/af/e7afd0e15f2fe07f2a4ff35c1c5ea907ffe7ae679409ce34f5832d616ff43f2f.json
2026-06-28 23:06:08 - __main__ - INFO - CAM cache hit: /content/cam_cache/malimg/resnet18/seed42/f7/b1/f7b13375d419454d10c0ac8961063ccfad4f031f837bc1dc5fd40d76929221ca.pt
2026-06-28 23:06:08 - __main__ - INFO - CAM cache hit: /content/cam_cache/malimg/resnet18/seed42/11/79/1179f528d34797dba6a167c5dc8e61d1a01c70f1eb71f97cb312fac08bc11c29.pt
2026-06-28 23:06:08 - __main__ - INFO - CAM window cache miss: /content/cam_cache/malimg/resnet18/seed42/windows/ae/cd/aecd425f31a385e7b517a7935edb9729877fa930d08c9e809648ed2da72605c9.json
2026-06-28 23:06:08 - __main__ - INFO - CAM cache hit: /content/cam_cache/malimg/resnet18/seed42/30/e1/30e1623035d8762604bd0bc3277efc1d7a783e757d8bee704b95258221283126.pt
2026-06-28 23:06:09 - __main__ - INFO - CAM window cache saved: /content/cam_cache/malimg/resnet18/seed42/windows/d3/bc/d3bcf29e3e6b75067a0ed0b7e1c7dca57b2b97e35aa4336f636819c9a20aff82.json
2026-06-28 23:06:09 - __main__ - INFO - CAM cutout window: index=1588 copy=3 cutout_mode=cam_low top=141 left=7 height=71 width=71
2026-06-28 23:06:09 - __main__ - INFO - CAM window cache saved: /content/cam_cache/malimg/resnet18/seed42/windows/e7/af/e7afd0e15f2fe07f2a4ff35c1c5ea907ffe7ae679409ce34f5832d616ff43f2f.json
2026-06-28 23:06:09 - __main__ - INFO - CAM cutout window: index=687 copy=4 cutout_mode=cam_low top=144 left=70 height=71 width=71
2026-06-28 23:06:09 - __main__ - INFO - CAM window cache saved: /content/cam_cache/malimg/resnet18/seed42/windows/83/d3/83d36a0d43511c7ff8093f53af7eca5a8a2f3f19992f1b42ba619ca0ffc90b3c.json
2026-06-28 23:06:09 - __main__ - INFO - CAM cutout window: index=2184 copy=4 cutout_mode=cam_low top=119 left=144 height=71 width=71
2026-06-28 23:06:09 - __main__ - INFO - CAM window cache miss: /content/cam_cache/malimg/resnet18/seed42/windows/ad/85/ad85249a8d36d7c05579badbd9732bd80cd6e5e5e70fe9ebec00c897e138edcb.json
2026-06-28 23:06:09 - __main__ - INFO - CAM cache hit: /content/cam_cache/malimg/resnet18/seed42/7e/19/7e198fa46f95e5d7beb5debf1608c9c87bd6713382a954c95d46e180817f0d52.pt
2026-06-28 23:06:09 - __main__ - INFO - CAM window cache miss: /content/cam_cache/malimg/resnet18/seed42/windows/b5/47/b5475c3625ffaa1831abf84ee705996e2b7374b4fdfd6a7fa7cf9a1e2cab6516.json
2026-06-28 23:06:09 - __main__ - INFO - CAM cache hit: /content/cam_cache/malimg/resnet18/seed42/a5/79/a57923547f4edf53f9ef959e20125b7fe0fed82921b38bb6f06a8f2c55ed3a0d.pt
2026-06-28 23:06:09 - __main__ - INFO - CAM window cache miss: /content/cam_cache/malimg/resnet18/seed42/windows/16/b7/16b7e81fb9803523e739f218d153745f3e08f108f4ce7f7227683a941f6961ab.json
2026-06-28 23:06:09 - __main__ - INFO - CAM cache hit: /content/cam_cache/malimg/resnet18/seed42/9e/a6/9ea6a7d04feff3e378fd1170bfb4d4c3444e52c282df0472ad999c26dc5c55d7.pt
2026-06-28 23:06:09 - __main__ - INFO - CAM window cache saved: /content/cam_cache/malimg/resnet18/seed42/windows/ae/cd/aecd425f31a385e7b517a7935edb9729877fa930d08c9e809648ed2da72605c9.json
2026-06-28 23:06:09 - __main__ - INFO - CAM cutout window: index=7175 copy=1 cutout_mode=cam_low top=17 left=4 height=71 width=71
2026-06-28 23:06:09 - __main__ - INFO - CAM window cache miss: /content/cam_cache/malimg/resnet18/seed42/windows/0d/91/0d91d2bbd7f10bee5402e38b19c2717f26a1b6852a117057e3fe2aa1378e703d.json
2026-06-28 23:06:09 - __main__ - INFO - CAM cache hit: /content/cam_cache/malimg/resnet18/seed42/ce/cc/cecc525110e6368f6efb40f0c7372090ccba21d898f941fa911068da59acf05e.pt
2026-06-28 23:06:09 - __main__ - INFO - CAM window cache saved: /content/cam_cache/malimg/resnet18/seed42/windows/ad/85/ad85249a8d36d7c05579badbd9732bd80cd6e5e5e70fe9ebec00c897e138edcb.json
2026-06-28 23:06:09 - __main__ - INFO - CAM cutout window: index=6165 copy=4 cutout_mode=cam_low top=132 left=21 height=71 width=71
2026-06-28 23:06:09 - __main__ - INFO - CAM window cache saved: /content/cam_cache/malimg/resnet18/seed42/windows/b5/47/b5475c3625ffaa1831abf84ee705996e2b7374b4fdfd6a7fa7cf9a1e2cab6516.json
2026-06-28 23:06:09 - __main__ - INFO - CAM cutout window: index=7011 copy=2 cutout_mode=cam_low top=18 left=148 height=71 width=71
2026-06-28 23:06:09 - __main__ - INFO - CAM window cache saved: /content/cam_cache/malimg/resnet18/seed42/windows/16/b7/16b7e81fb9803523e739f218d153745f3e08f108f4ce7f7227683a941f6961ab.json
2026-06-28 23:06:09 - __main__ - INFO - CAM cutout window: index=5250 copy=3 cutout_mode=cam_low top=128 left=149 height=71 width=71
2026-06-28 23:06:09 - __main__ - INFO - CAM window cache saved: /content/cam_cache/malimg/resnet18/seed42/windows/0d/91/0d91d2bbd7f10bee5402e38b19c2717f26a1b6852a117057e3fe2aa1378e703d.json
2026-06-28 23:06:09 - __main__ - INFO - CAM cutout window: index=948 copy=2 cutout_mode=cam_low top=44 left=153 height=71 width=71
2026-06-28 23:09:01 - __main__ - INFO - CAM window cache hit: /content/cam_cache/malimg/resnet18/seed42/windows/1f/ce/1fce1147ef259eb527ae18381bd1c97c7ec09cdda708a464fd30286d19e89fde.json
2026-06-28 23:12:00 - __main__ - INFO - CAM window cache hit: /content/cam_cache/malimg/resnet18/seed42/windows/61/f8/61f802fcedd616abb9617600e34cc76909e5f76f47cf65bd53b8bc9501c13ad0.json
2026-06-28 23:14:51 - __main__ - INFO - CAM window cache hit: /content/cam_cache/malimg/resnet18/seed42/windows/73/08/73080a45b62e06a419245a3d6eceea84ba289fcb4ec5d2093cbb4cf2d779f7fa.json
2026-06-28 23:27:59 - __main__ - INFO - Train: loss 2.0777 acc1 46.80%
2026-06-28 23:27:59 - __main__ - INFO - Val:   loss 1.5700 acc1 61.70%
2026-06-28 23:27:59 - __main__ - INFO - saved best: 61.70%
2026-06-28 23:27:59 - __main__ - INFO - 
Epoch 2/100 | lr 0.020080
2026-06-28 23:27:59 - __main__ - INFO - CAM window cache hit: /content/cam_cache/malimg/resnet18/seed42/windows/31/3c/313c647049a1acd420ed23af30ed7ae86531701747624ed4c70ac858f57fb8b5.json
2026-06-28 23:27:59 - __main__ - INFO - CAM window cache hit: /content/cam_cache/malimg/resnet18/seed42/windows/ef/00/ef007f8a4380a60bd6f29c20c8810a02a21864c17318454a72db72194f01b23a.json
2026-06-28 23:27:59 - __main__ - INFO - CAM window cache hit: /content/cam_cache/malimg/resnet18/seed42/windows/45/72/457254d12b15883428a5da7fc811b42528e257c1838caff23fa93edba1318d52.json
2026-06-28 23:27:59 - __main__ - INFO - CAM window cache hit: /content/cam_cache/malimg/resnet18/seed42/windows/95/d1/95d152c713feb90905f95dc0456a955550a1caa441d277fe81a8adc6c6f4f7b9.json
2026-06-28 23:27:59 - __main__ - INFO - CAM window cache hit: /content/cam_cache/malimg/resnet18/seed42/windows/6d/ee/6dee564daaf3b08a76b5c97a0118bb1878ea79ef2202fc52fde30d1543ad68a9.json
2026-06-28 23:27:59 - __main__ - INFO - CAM window cache hit: /content/cam_cache/malimg/resnet18/seed42/windows/a8/02/a80227fe61e2b6deecc62696a52baab229f862678297eecad404d5ccc64d7e91.json
2026-06-28 23:27:59 - __main__ - INFO - CAM window cache hit: /content/cam_cache/malimg/resnet18/seed42/windows/1a/b4/1ab457181edc2ef97096f3752eb0337f0977166ac32e663b00c532b88324e1e5.json
2026-06-28 23:27:59 - __main__ - INFO - CAM window cache hit: /content/cam_cache/malimg/resnet18/seed42/windows/45/4b/454b87b43799fda1f97e6947960baed1c0b79a5468f6c5496d5004cc37cb3b1b.json
2026-06-28 23:27:59 - __main__ - INFO - CAM window cache hit: /content/cam_cache/malimg/resnet18/seed42/windows/40/7e/407e58eeea6e1d8b23eac4796aa4cb3ec8f8dc595247edd1953c5695e4532bae.json
2026-06-28 23:27:59 - __main__ - INFO - CAM window cache hit: /content/cam_cache/malimg/resnet18/seed42/windows/a7/c1/a7c137a38d62cb7d8c1191f543d47fe7ecf0e0f0e1ab625d910fca1ac0d0bfcd.json
2026-06-28 23:27:59 - __main__ - INFO - CAM window cache hit: /content/cam_cache/malimg/resnet18/seed42/windows/be/a7/bea71e16f3c37a75940d6bfe66900633f0c7ff642c34d833fcfd9cf90376b417.json
2026-06-28 23:27:59 - __main__ - INFO - CAM window cache hit: /content/cam_cache/malimg/resnet18/seed42/windows/2d/57/2d575a43d7d004c5cf822c21d85ee039e4cc49851e6c94c1a5292fed1cc315eb.json
2026-06-28 23:27:59 - __main__ - INFO - CAM window cache hit: /content/cam_cache/malimg/resnet18/seed42/windows/de/95/de955ba15eb88bed181335561ced30ab0ec31a819680981ee3d7c5753383fe80.json
2026-06-28 23:27:59 - __main__ - INFO - CAM window cache hit: /content/cam_cache/malimg/resnet18/seed42/windows/e8/29/e8294ed7e35233d07d71af4f01c84bd09089a6d65fcda710c7d9ebb679278eb4.json
2026-06-28 23:27:59 - __main__ - INFO - CAM window cache hit: /content/cam_cache/malimg/resnet18/seed42/windows/67/54/6754525f5ed6c8ee8c4cfd792b5399d78af801ec8c3b19357f0e7977fbd74efe.json
2026-06-28 23:27:59 - __main__ - INFO - CAM window cache hit: /content/cam_cache/malimg/resnet18/seed42/windows/e1/36/e136d060ff2beaf7df3282ae3edb07933127b3588dc838e49daabf41c6fc30c2.json
2026-06-28 23:27:59 - __main__ - INFO - CAM window cache hit: /content/cam_cache/malimg/resnet18/seed42/windows/8d/25/8d25c5820b376b3be0ae2220aa0fa36025fc766e27e28facd3ad9097201055b9.json
2026-06-28 23:28:48 - __main__ - INFO - Train: loss 0.1571 acc1 95.42%
2026-06-28 23:28:48 - __main__ - INFO - Val:   loss 0.0815 acc1 97.41%
2026-06-28 23:28:48 - __main__ - INFO - saved best: 97.41%
2026-06-28 23:28:48 - __main__ - INFO - 
Epoch 3/100 | lr 0.040060
2026-06-28 23:29:37 - __main__ - INFO - Train: loss 0.0761 acc1 97.74%
2026-06-28 23:29:37 - __main__ - INFO - Val:   loss 0.0870 acc1 97.11%
2026-06-28 23:29:37 - __main__ - INFO - 
Epoch 4/100 | lr 0.060040
2026-06-28 23:30:25 - __main__ - INFO - Train: loss 0.0530 acc1 98.37%
2026-06-28 23:30:25 - __main__ - INFO - Val:   loss 0.1295 acc1 97.60%
2026-06-28 23:30:25 - __main__ - INFO - saved best: 97.60%
2026-06-28 23:30:25 - __main__ - INFO - 
Epoch 5/100 | lr 0.080020
2026-06-28 23:31:14 - __main__ - INFO - Train: loss 0.0704 acc1 97.98%
2026-06-28 23:31:14 - __main__ - INFO - Val:   loss 0.0757 acc1 98.09%
2026-06-28 23:31:14 - __main__ - INFO - saved best: 98.09%
2026-06-28 23:31:14 - __main__ - INFO - 
Epoch 6/100 | lr 0.100000
2026-06-28 23:32:03 - __main__ - INFO - Train: loss 0.0510 acc1 98.52%
2026-06-28 23:32:03 - __main__ - INFO - Val:   loss 0.0906 acc1 97.31%
2026-06-28 23:32:03 - __main__ - INFO - 
Epoch 7/100 | lr 0.099973
2026-06-28 23:32:52 - __main__ - INFO - Train: loss 0.0439 acc1 98.67%
2026-06-28 23:32:52 - __main__ - INFO - Val:   loss 0.0705 acc1 97.89%
2026-06-28 23:32:52 - __main__ - INFO - 
Epoch 8/100 | lr 0.099891
2026-06-28 23:33:41 - __main__ - INFO - Train: loss 0.0381 acc1 98.87%
2026-06-28 23:33:41 - __main__ - INFO - Val:   loss 0.0739 acc1 98.15%
2026-06-28 23:33:41 - __main__ - INFO - saved best: 98.15%
2026-06-28 23:33:41 - __main__ - INFO - 
Epoch 9/100 | lr 0.099754
2026-06-28 23:34:29 - __main__ - INFO - Train: loss 0.0373 acc1 98.88%
2026-06-28 23:34:29 - __main__ - INFO - Val:   loss 0.0689 acc1 98.15%
2026-06-28 23:34:29 - __main__ - INFO - 
Epoch 10/100 | lr 0.099563
2026-06-28 23:35:19 - __main__ - INFO - Train: loss 0.0474 acc1 98.58%
2026-06-28 23:35:19 - __main__ - INFO - Val:   loss 0.1395 acc1 97.37%
2026-06-28 23:35:19 - __main__ - INFO - 
Epoch 11/100 | lr 0.099318
2026-06-28 23:36:07 - __main__ - INFO - Train: loss 0.0508 acc1 98.48%
2026-06-28 23:36:07 - __main__ - INFO - Val:   loss 0.1008 acc1 97.34%
2026-06-28 23:36:07 - __main__ - INFO - 
Epoch 12/100 | lr 0.099019
2026-06-28 23:36:56 - __main__ - INFO - Train: loss 0.0452 acc1 98.64%
2026-06-28 23:36:56 - __main__ - INFO - Val:   loss 0.1048 acc1 97.34%
2026-06-28 23:36:56 - __main__ - INFO - 
Epoch 13/100 | lr 0.098666
2026-06-28 23:37:45 - __main__ - INFO - Train: loss 0.0384 acc1 98.85%
2026-06-28 23:37:45 - __main__ - INFO - Val:   loss 0.0837 acc1 97.86%
2026-06-28 23:37:45 - __main__ - INFO - 
Epoch 14/100 | lr 0.098261
2026-06-28 23:38:34 - __main__ - INFO - Train: loss 0.0378 acc1 98.87%
2026-06-28 23:38:34 - __main__ - INFO - Val:   loss 0.0763 acc1 97.83%
2026-06-28 23:38:34 - __main__ - INFO - 
Epoch 15/100 | lr 0.097802
2026-06-28 23:39:22 - __main__ - INFO - Train: loss 0.0400 acc1 98.80%
2026-06-28 23:39:22 - __main__ - INFO - Val:   loss 0.0903 acc1 97.63%
2026-06-28 23:39:22 - __main__ - INFO - 
Epoch 16/100 | lr 0.097291
2026-06-28 23:40:11 - __main__ - INFO - Train: loss 0.0560 acc1 98.41%
2026-06-28 23:40:11 - __main__ - INFO - Val:   loss 0.0954 acc1 97.92%
2026-06-28 23:40:11 - __main__ - INFO - 
Epoch 17/100 | lr 0.096729
2026-06-28 23:40:59 - __main__ - INFO - Train: loss 0.0407 acc1 98.75%
2026-06-28 23:40:59 - __main__ - INFO - Val:   loss 0.0997 acc1 97.60%
2026-06-28 23:40:59 - __main__ - INFO - 
Epoch 18/100 | lr 0.096115
2026-06-28 23:41:48 - __main__ - INFO - Train: loss 0.0482 acc1 98.59%
2026-06-28 23:41:48 - __main__ - INFO - Val:   loss 1.3995 acc1 80.90%
2026-06-28 23:41:48 - __main__ - INFO - 
Epoch 19/100 | lr 0.095451
2026-06-28 23:42:37 - __main__ - INFO - Train: loss 0.0457 acc1 98.59%
2026-06-28 23:42:37 - __main__ - INFO - Val:   loss 0.0708 acc1 98.25%
2026-06-28 23:42:37 - __main__ - INFO - saved best: 98.25%
2026-06-28 23:42:37 - __main__ - INFO - 
Epoch 20/100 | lr 0.094737
2026-06-28 23:43:25 - __main__ - INFO - Train: loss 0.0289 acc1 99.08%
2026-06-28 23:43:25 - __main__ - INFO - Val:   loss 0.1494 acc1 94.99%
2026-06-28 23:43:25 - __main__ - INFO - 
Epoch 21/100 | lr 0.093974
2026-06-28 23:44:14 - __main__ - INFO - Train: loss 0.0262 acc1 99.29%
2026-06-28 23:44:14 - __main__ - INFO - Val:   loss 0.0332 acc1 99.35%
2026-06-28 23:44:14 - __main__ - INFO - saved best: 99.35%
2026-06-28 23:44:14 - __main__ - INFO - 
Epoch 22/100 | lr 0.093164
2026-06-28 23:45:03 - __main__ - INFO - Train: loss 0.0049 acc1 99.91%
2026-06-28 23:45:03 - __main__ - INFO - Val:   loss 0.1216 acc1 98.90%
2026-06-28 23:45:03 - __main__ - INFO - 
Epoch 23/100 | lr 0.092306
2026-06-28 23:45:52 - __main__ - INFO - Train: loss 0.0119 acc1 99.73%
2026-06-28 23:45:52 - __main__ - INFO - Val:   loss 0.6929 acc1 81.54%
2026-06-28 23:45:52 - __main__ - INFO - 
Epoch 24/100 | lr 0.091401
2026-06-28 23:46:40 - __main__ - INFO - Train: loss 0.0462 acc1 98.59%
2026-06-28 23:46:40 - __main__ - INFO - Val:   loss 0.1041 acc1 96.17%
2026-06-28 23:46:40 - __main__ - INFO - 
Epoch 25/100 | lr 0.090452
2026-06-28 23:47:29 - __main__ - INFO - Train: loss 0.0099 acc1 99.79%
2026-06-28 23:47:29 - __main__ - INFO - Val:   loss 0.0602 acc1 98.32%
2026-06-28 23:47:29 - __main__ - INFO - 
Epoch 26/100 | lr 0.089458
2026-06-28 23:48:18 - __main__ - INFO - Train: loss 0.0059 acc1 99.88%
2026-06-28 23:48:18 - __main__ - INFO - Val:   loss 0.0450 acc1 99.29%
2026-06-28 23:48:18 - __main__ - INFO - 
Epoch 27/100 | lr 0.088421
2026-06-28 23:49:07 - __main__ - INFO - Train: loss 0.0092 acc1 99.80%
2026-06-28 23:49:07 - __main__ - INFO - Val:   loss 0.1471 acc1 95.81%
2026-06-28 23:49:07 - __main__ - INFO - 
Epoch 28/100 | lr 0.087342
2026-06-28 23:49:56 - __main__ - INFO - Train: loss 0.0070 acc1 99.86%
2026-06-28 23:49:56 - __main__ - INFO - Val:   loss 0.0696 acc1 98.74%
2026-06-28 23:49:56 - __main__ - INFO - 
Epoch 29/100 | lr 0.086223
2026-06-28 23:50:44 - __main__ - INFO - Train: loss 0.0312 acc1 99.11%
2026-06-28 23:50:44 - __main__ - INFO - Val:   loss 0.0950 acc1 97.77%
2026-06-28 23:50:44 - __main__ - INFO - 
Epoch 30/100 | lr 0.085063
2026-06-28 23:51:33 - __main__ - INFO - Train: loss 0.0055 acc1 99.89%
2026-06-28 23:51:33 - __main__ - INFO - Val:   loss 0.0443 acc1 98.90%
2026-06-28 23:51:33 - __main__ - INFO - 
Epoch 31/100 | lr 0.083866
2026-06-28 23:52:22 - __main__ - INFO - Train: loss 0.0019 acc1 99.99%
2026-06-28 23:52:22 - __main__ - INFO - Val:   loss 0.0390 acc1 99.00%
2026-06-28 23:52:22 - __main__ - INFO - 
Epoch 32/100 | lr 0.082631
2026-06-28 23:53:11 - __main__ - INFO - Train: loss 0.0307 acc1 99.27%
2026-06-28 23:53:11 - __main__ - INFO - Val:   loss 0.7349 acc1 78.19%
2026-06-28 23:53:11 - __main__ - INFO - 
Epoch 33/100 | lr 0.081361
2026-06-28 23:54:00 - __main__ - INFO - Train: loss 0.0117 acc1 99.71%
2026-06-28 23:54:00 - __main__ - INFO - Val:   loss 0.0563 acc1 98.87%
2026-06-28 23:54:00 - __main__ - INFO - 
Epoch 34/100 | lr 0.080056
2026-06-28 23:54:48 - __main__ - INFO - Train: loss 0.0042 acc1 99.93%
2026-06-28 23:54:48 - __main__ - INFO - Val:   loss 1.1545 acc1 85.87%
2026-06-28 23:54:48 - __main__ - INFO - 
Epoch 35/100 | lr 0.078719
2026-06-28 23:55:37 - __main__ - INFO - Train: loss 0.0031 acc1 99.95%
2026-06-28 23:55:37 - __main__ - INFO - Val:   loss 0.0428 acc1 99.00%
2026-06-28 23:55:37 - __main__ - INFO - 
Epoch 36/100 | lr 0.077350
2026-06-28 23:56:26 - __main__ - INFO - Train: loss 0.0017 acc1 100.00%
2026-06-28 23:56:26 - __main__ - INFO - Val:   loss 0.0411 acc1 98.96%
2026-06-28 23:56:26 - __main__ - INFO - 
Epoch 37/100 | lr 0.075951
2026-06-28 23:57:15 - __main__ - INFO - Train: loss 0.0018 acc1 100.00%
2026-06-28 23:57:15 - __main__ - INFO - Val:   loss 0.0503 acc1 98.90%
2026-06-28 23:57:15 - __main__ - INFO - 
Epoch 38/100 | lr 0.074524
2026-06-28 23:58:04 - __main__ - INFO - Train: loss 0.0020 acc1 100.00%
2026-06-28 23:58:04 - __main__ - INFO - Val:   loss 0.0490 acc1 98.90%
2026-06-28 23:58:04 - __main__ - INFO - 
Epoch 39/100 | lr 0.073070
2026-06-28 23:58:52 - __main__ - INFO - Train: loss 0.0042 acc1 99.93%
2026-06-28 23:58:52 - __main__ - INFO - Val:   loss 6.8630 acc1 16.91%
2026-06-28 23:58:52 - __main__ - INFO - 
Epoch 40/100 | lr 0.071591
2026-06-28 23:59:41 - __main__ - INFO - Train: loss 0.0684 acc1 98.09%
2026-06-28 23:59:41 - __main__ - INFO - Val:   loss 0.2183 acc1 96.99%
2026-06-28 23:59:41 - __main__ - INFO - 
Epoch 41/100 | lr 0.070088
2026-06-29 00:00:30 - __main__ - INFO - Train: loss 0.0316 acc1 99.03%
2026-06-29 00:00:30 - __main__ - INFO - Val:   loss 0.0549 acc1 98.80%
2026-06-29 00:00:30 - __main__ - INFO - 
Epoch 42/100 | lr 0.068563
2026-06-29 00:01:18 - __main__ - INFO - Train: loss 0.0447 acc1 98.69%
2026-06-29 00:01:18 - __main__ - INFO - Val:   loss 0.0831 acc1 97.76%
2026-06-29 00:01:18 - __main__ - INFO - 
Epoch 43/100 | lr 0.067018
2026-06-29 00:02:07 - __main__ - INFO - Train: loss 0.0394 acc1 98.87%
2026-06-29 00:02:07 - __main__ - INFO - Val:   loss 0.0810 acc1 97.76%
2026-06-29 00:02:07 - __main__ - INFO - 
Epoch 44/100 | lr 0.065454
2026-06-29 00:02:56 - __main__ - INFO - Train: loss 0.0389 acc1 98.86%
2026-06-29 00:02:56 - __main__ - INFO - Val:   loss 0.0862 acc1 97.83%
2026-06-29 00:02:56 - __main__ - INFO - 
Epoch 45/100 | lr 0.063874
2026-06-29 00:03:45 - __main__ - INFO - Train: loss 0.0376 acc1 98.88%
2026-06-29 00:03:45 - __main__ - INFO - Val:   loss 0.0846 acc1 97.73%
2026-06-29 00:03:45 - __main__ - INFO - 
Epoch 46/100 | lr 0.062278
2026-06-29 00:04:33 - __main__ - INFO - Train: loss 0.0384 acc1 98.86%
2026-06-29 00:04:33 - __main__ - INFO - Val:   loss 0.0868 acc1 97.60%
2026-06-29 00:04:33 - __main__ - INFO - 
Epoch 47/100 | lr 0.060669
2026-06-29 00:05:22 - __main__ - INFO - Train: loss 0.0449 acc1 98.71%
2026-06-29 00:05:22 - __main__ - INFO - Val:   loss 1.2143 acc1 70.06%
2026-06-29 00:05:22 - __main__ - INFO - 
Epoch 48/100 | lr 0.059048
2026-06-29 00:06:11 - __main__ - INFO - Train: loss 0.0423 acc1 98.75%
2026-06-29 00:06:11 - __main__ - INFO - Val:   loss 0.0998 acc1 97.60%
2026-06-29 00:06:11 - __main__ - INFO - 
Epoch 49/100 | lr 0.057417
2026-06-29 00:06:59 - __main__ - INFO - Train: loss 0.0370 acc1 98.87%
2026-06-29 00:06:59 - __main__ - INFO - Val:   loss 0.0942 acc1 97.92%
2026-06-29 00:06:59 - __main__ - INFO - 
Epoch 50/100 | lr 0.055779
2026-06-29 00:07:48 - __main__ - INFO - Train: loss 0.0303 acc1 99.14%
2026-06-29 00:07:48 - __main__ - INFO - Val:   loss 0.1266 acc1 97.44%
2026-06-29 00:07:48 - __main__ - INFO - 
Epoch 51/100 | lr 0.054134
2026-06-29 00:08:37 - __main__ - INFO - Train: loss 0.0418 acc1 98.79%
2026-06-29 00:08:37 - __main__ - INFO - Val:   loss 0.0993 acc1 98.09%
2026-06-29 00:08:37 - __main__ - INFO - 
Epoch 52/100 | lr 0.052484
2026-06-29 00:09:26 - __main__ - INFO - Train: loss 0.0439 acc1 98.72%
2026-06-29 00:09:26 - __main__ - INFO - Val:   loss 0.0801 acc1 97.89%
2026-06-29 00:09:26 - __main__ - INFO - 
Epoch 53/100 | lr 0.050832
2026-06-29 00:10:15 - __main__ - INFO - Train: loss 0.0350 acc1 98.91%
2026-06-29 00:10:15 - __main__ - INFO - Val:   loss 0.0748 acc1 98.25%
2026-06-29 00:10:15 - __main__ - INFO - 
Epoch 54/100 | lr 0.049178
2026-06-29 00:11:03 - __main__ - INFO - Train: loss 0.0449 acc1 98.74%
2026-06-29 00:11:03 - __main__ - INFO - Val:   loss 0.0826 acc1 97.76%
2026-06-29 00:11:03 - __main__ - INFO - 
Epoch 55/100 | lr 0.047526
2026-06-29 00:11:52 - __main__ - INFO - Train: loss 0.0299 acc1 99.13%
2026-06-29 00:11:52 - __main__ - INFO - Val:   loss 0.0904 acc1 97.67%
2026-06-29 00:11:52 - __main__ - INFO - 
Epoch 56/100 | lr 0.045876
2026-06-29 00:12:41 - __main__ - INFO - Train: loss 0.0195 acc1 99.48%
2026-06-29 00:12:41 - __main__ - INFO - Val:   loss 0.0488 acc1 98.80%
2026-06-29 00:12:41 - __main__ - INFO - 
Epoch 57/100 | lr 0.044231
2026-06-29 00:13:29 - __main__ - INFO - Train: loss 0.0014 acc1 100.00%
2026-06-29 00:13:29 - __main__ - INFO - Val:   loss 0.0489 acc1 98.71%
2026-06-29 00:13:29 - __main__ - INFO - 
Epoch 58/100 | lr 0.042593
2026-06-29 00:14:18 - __main__ - INFO - Train: loss 0.0016 acc1 100.00%
2026-06-29 00:14:18 - __main__ - INFO - Val:   loss 0.0477 acc1 98.80%
2026-06-29 00:14:18 - __main__ - INFO - 
Epoch 59/100 | lr 0.040962
2026-06-29 00:15:07 - __main__ - INFO - Train: loss 0.0017 acc1 100.00%
2026-06-29 00:15:07 - __main__ - INFO - Val:   loss 0.0441 acc1 98.80%
2026-06-29 00:15:07 - __main__ - INFO - 
Epoch 60/100 | lr 0.039341
2026-06-29 00:15:55 - __main__ - INFO - Train: loss 0.0018 acc1 100.00%
2026-06-29 00:15:55 - __main__ - INFO - Val:   loss 0.0452 acc1 98.71%
2026-06-29 00:15:55 - __main__ - INFO - 
Epoch 61/100 | lr 0.037732
2026-06-29 00:16:44 - __main__ - INFO - Train: loss 0.0017 acc1 100.00%
2026-06-29 00:16:44 - __main__ - INFO - Val:   loss 0.0431 acc1 98.71%
2026-06-29 00:16:44 - __main__ - INFO - 
Epoch 62/100 | lr 0.036136
2026-06-29 00:17:33 - __main__ - INFO - Train: loss 0.0018 acc1 100.00%
2026-06-29 00:17:33 - __main__ - INFO - Val:   loss 0.0448 acc1 98.71%
2026-06-29 00:17:33 - __main__ - INFO - 
Epoch 63/100 | lr 0.034556
2026-06-29 00:18:22 - __main__ - INFO - Train: loss 0.0019 acc1 100.00%
2026-06-29 00:18:22 - __main__ - INFO - Val:   loss 0.0483 acc1 98.80%
2026-06-29 00:18:22 - __main__ - INFO - 
Epoch 64/100 | lr 0.032992
2026-06-29 00:19:10 - __main__ - INFO - Train: loss 0.0018 acc1 100.00%
2026-06-29 00:19:10 - __main__ - INFO - Val:   loss 0.0514 acc1 98.80%
2026-06-29 00:19:10 - __main__ - INFO - 
Epoch 65/100 | lr 0.031447
2026-06-29 00:19:59 - __main__ - INFO - Train: loss 0.0018 acc1 100.00%
2026-06-29 00:19:59 - __main__ - INFO - Val:   loss 0.0626 acc1 98.80%
2026-06-29 00:19:59 - __main__ - INFO - 
Epoch 66/100 | lr 0.029922
2026-06-29 00:20:48 - __main__ - INFO - Train: loss 0.0129 acc1 99.79%
2026-06-29 00:20:48 - __main__ - INFO - Val:   loss 0.0395 acc1 98.96%
2026-06-29 00:20:48 - __main__ - INFO - 
Epoch 67/100 | lr 0.028419
2026-06-29 00:21:37 - __main__ - INFO - Train: loss 0.0043 acc1 99.94%
2026-06-29 00:21:37 - __main__ - INFO - Val:   loss 0.0518 acc1 98.87%
2026-06-29 00:21:37 - __main__ - INFO - 
Epoch 68/100 | lr 0.026940
2026-06-29 00:22:26 - __main__ - INFO - Train: loss 0.0013 acc1 100.00%
2026-06-29 00:22:26 - __main__ - INFO - Val:   loss 0.0478 acc1 98.80%
2026-06-29 00:22:26 - __main__ - INFO - 
Epoch 69/100 | lr 0.025486
2026-06-29 00:23:14 - __main__ - INFO - Train: loss 0.0014 acc1 100.00%
2026-06-29 00:23:14 - __main__ - INFO - Val:   loss 0.0468 acc1 98.80%
2026-06-29 00:23:14 - __main__ - INFO - 
Epoch 70/100 | lr 0.024059
2026-06-29 00:24:02 - __main__ - INFO - Train: loss 0.0015 acc1 100.00%
2026-06-29 00:24:02 - __main__ - INFO - Val:   loss 0.0456 acc1 98.64%
2026-06-29 00:24:02 - __main__ - INFO - 
Epoch 71/100 | lr 0.022660
2026-06-29 00:24:51 - __main__ - INFO - Train: loss 0.0015 acc1 100.00%
2026-06-29 00:24:51 - __main__ - INFO - Val:   loss 0.0479 acc1 98.54%
2026-06-29 00:24:51 - __main__ - INFO - 
Epoch 72/100 | lr 0.021291
2026-06-29 00:25:40 - __main__ - INFO - Train: loss 0.0016 acc1 100.00%
2026-06-29 00:25:40 - __main__ - INFO - Val:   loss 0.0463 acc1 98.54%
2026-06-29 00:25:40 - __main__ - INFO - 
Epoch 73/100 | lr 0.019954
2026-06-29 00:26:29 - __main__ - INFO - Train: loss 0.0017 acc1 100.00%
2026-06-29 00:26:29 - __main__ - INFO - Val:   loss 0.0474 acc1 98.71%
2026-06-29 00:26:29 - __main__ - INFO - 
Epoch 74/100 | lr 0.018649
2026-06-29 00:27:18 - __main__ - INFO - Train: loss 0.0017 acc1 100.00%
2026-06-29 00:27:18 - __main__ - INFO - Val:   loss 0.0459 acc1 98.71%
2026-06-29 00:27:18 - __main__ - INFO - 
Epoch 75/100 | lr 0.017379
2026-06-29 00:28:07 - __main__ - INFO - Train: loss 0.0018 acc1 100.00%
2026-06-29 00:28:07 - __main__ - INFO - Val:   loss 0.0441 acc1 98.80%
2026-06-29 00:28:07 - __main__ - INFO - 
Epoch 76/100 | lr 0.016144
2026-06-29 00:28:56 - __main__ - INFO - Train: loss 0.0017 acc1 100.00%
2026-06-29 00:28:56 - __main__ - INFO - Val:   loss 0.0503 acc1 98.64%
2026-06-29 00:28:56 - __main__ - INFO - 
Epoch 77/100 | lr 0.014947
2026-06-29 00:29:45 - __main__ - INFO - Train: loss 0.0017 acc1 100.00%
2026-06-29 00:29:45 - __main__ - INFO - Val:   loss 0.0466 acc1 98.54%
2026-06-29 00:29:45 - __main__ - INFO - 
Epoch 78/100 | lr 0.013787
2026-06-29 00:30:33 - __main__ - INFO - Train: loss 0.0016 acc1 100.00%
2026-06-29 00:30:33 - __main__ - INFO - Val:   loss 0.0469 acc1 98.71%
2026-06-29 00:30:33 - __main__ - INFO - 
Epoch 79/100 | lr 0.012668
2026-06-29 00:31:22 - __main__ - INFO - Train: loss 0.0016 acc1 100.00%
2026-06-29 00:31:22 - __main__ - INFO - Val:   loss 0.0484 acc1 98.45%
2026-06-29 00:31:22 - __main__ - INFO - 
Epoch 80/100 | lr 0.011589
2026-06-29 00:32:11 - __main__ - INFO - Train: loss 0.0016 acc1 100.00%
2026-06-29 00:32:11 - __main__ - INFO - Val:   loss 0.0478 acc1 98.71%
2026-06-29 00:32:11 - __main__ - INFO - 
Epoch 81/100 | lr 0.010552
2026-06-29 00:33:00 - __main__ - INFO - Train: loss 0.0017 acc1 100.00%
2026-06-29 00:33:00 - __main__ - INFO - Val:   loss 0.0462 acc1 98.54%
2026-06-29 00:33:00 - __main__ - INFO - 
Epoch 82/100 | lr 0.009558
2026-06-29 00:33:49 - __main__ - INFO - Train: loss 0.0017 acc1 100.00%
2026-06-29 00:33:49 - __main__ - INFO - Val:   loss 0.0461 acc1 98.71%
2026-06-29 00:33:49 - __main__ - INFO - 
Epoch 83/100 | lr 0.008609
2026-06-29 00:34:38 - __main__ - INFO - Train: loss 0.0017 acc1 100.00%
2026-06-29 00:34:38 - __main__ - INFO - Val:   loss 0.0497 acc1 98.54%
2026-06-29 00:34:38 - __main__ - INFO - 
Epoch 84/100 | lr 0.007704
2026-06-29 00:35:26 - __main__ - INFO - Train: loss 0.0017 acc1 100.00%
2026-06-29 00:35:26 - __main__ - INFO - Val:   loss 0.0454 acc1 98.71%
2026-06-29 00:35:26 - __main__ - INFO - 
Epoch 85/100 | lr 0.006846
2026-06-29 00:36:15 - __main__ - INFO - Train: loss 0.0016 acc1 100.00%
2026-06-29 00:36:15 - __main__ - INFO - Val:   loss 0.0471 acc1 98.71%
2026-06-29 00:36:15 - __main__ - INFO - 
Epoch 86/100 | lr 0.006036
2026-06-29 00:37:04 - __main__ - INFO - Train: loss 0.0016 acc1 100.00%
2026-06-29 00:37:04 - __main__ - INFO - Val:   loss 0.0459 acc1 98.71%
2026-06-29 00:37:04 - __main__ - INFO - 
Epoch 87/100 | lr 0.005273
2026-06-29 00:37:52 - __main__ - INFO - Train: loss 0.0017 acc1 100.00%
2026-06-29 00:37:52 - __main__ - INFO - Val:   loss 0.0453 acc1 98.80%
2026-06-29 00:37:52 - __main__ - INFO - 
Epoch 88/100 | lr 0.004559
2026-06-29 00:38:41 - __main__ - INFO - Train: loss 0.0017 acc1 100.00%
2026-06-29 00:38:41 - __main__ - INFO - Val:   loss 0.0474 acc1 98.48%
2026-06-29 00:38:41 - __main__ - INFO - 
Epoch 89/100 | lr 0.003895
2026-06-29 00:39:30 - __main__ - INFO - Train: loss 0.0016 acc1 100.00%
2026-06-29 00:39:30 - __main__ - INFO - Val:   loss 0.0472 acc1 98.71%
2026-06-29 00:39:30 - __main__ - INFO - 
Epoch 90/100 | lr 0.003281
2026-06-29 00:40:20 - __main__ - INFO - Train: loss 0.0016 acc1 100.00%
2026-06-29 00:40:20 - __main__ - INFO - Val:   loss 0.0455 acc1 98.71%
2026-06-29 00:40:20 - __main__ - INFO - 
Epoch 91/100 | lr 0.002719
2026-06-29 00:41:08 - __main__ - INFO - Train: loss 0.0016 acc1 100.00%
2026-06-29 00:41:08 - __main__ - INFO - Val:   loss 0.0472 acc1 98.71%
2026-06-29 00:41:08 - __main__ - INFO - 
Epoch 92/100 | lr 0.002208
2026-06-29 00:41:57 - __main__ - INFO - Train: loss 0.0016 acc1 100.00%
2026-06-29 00:41:57 - __main__ - INFO - Val:   loss 0.0461 acc1 98.71%
2026-06-29 00:41:57 - __main__ - INFO - 
Epoch 93/100 | lr 0.001749
2026-06-29 00:42:46 - __main__ - INFO - Train: loss 0.0016 acc1 100.00%
2026-06-29 00:42:46 - __main__ - INFO - Val:   loss 0.0466 acc1 98.80%
2026-06-29 00:42:46 - __main__ - INFO - 
Epoch 94/100 | lr 0.001344
2026-06-29 00:43:35 - __main__ - INFO - Train: loss 0.0016 acc1 100.00%
2026-06-29 00:43:35 - __main__ - INFO - Val:   loss 0.0443 acc1 98.80%
2026-06-29 00:43:35 - __main__ - INFO - 
Epoch 95/100 | lr 0.000991
2026-06-29 00:44:23 - __main__ - INFO - Train: loss 0.0016 acc1 100.00%
2026-06-29 00:44:23 - __main__ - INFO - Val:   loss 0.0458 acc1 98.80%
2026-06-29 00:44:23 - __main__ - INFO - 
Epoch 96/100 | lr 0.000692
2026-06-29 00:45:12 - __main__ - INFO - Train: loss 0.0016 acc1 100.00%
2026-06-29 00:45:12 - __main__ - INFO - Val:   loss 0.0471 acc1 98.71%
2026-06-29 00:45:12 - __main__ - INFO - 
Epoch 97/100 | lr 0.000447
2026-06-29 00:46:01 - __main__ - INFO - Train: loss 0.0016 acc1 100.00%
2026-06-29 00:46:01 - __main__ - INFO - Val:   loss 0.0454 acc1 98.71%
2026-06-29 00:46:01 - __main__ - INFO - 
Epoch 98/100 | lr 0.000256
2026-06-29 00:46:50 - __main__ - INFO - Train: loss 0.0016 acc1 100.00%
2026-06-29 00:46:50 - __main__ - INFO - Val:   loss 0.0462 acc1 98.54%
2026-06-29 00:46:50 - __main__ - INFO - 
Epoch 99/100 | lr 0.000119
2026-06-29 00:47:39 - __main__ - INFO - Train: loss 0.0016 acc1 100.00%
2026-06-29 00:47:39 - __main__ - INFO - Val:   loss 0.0452 acc1 98.80%
2026-06-29 00:47:39 - __main__ - INFO - 
Epoch 100/100 | lr 0.000037
2026-06-29 00:48:28 - __main__ - INFO - Train: loss 0.0016 acc1 100.00%
2026-06-29 00:48:28 - __main__ - INFO - Val:   loss 0.0456 acc1 98.71%
2026-06-29 00:48:28 - __main__ - INFO - Loaded best checkpoint weights for final test evaluation.
2026-06-29 00:48:30 - __main__ - INFO - 
Best tracked (val): 99.35%
2026-06-29 00:48:30 - __main__ - INFO - Final test: loss 0.0278 acc1 99.24%
2026-06-29 00:48:30 - __main__ - INFO - Saved best model checkpoint to runs/malimg/resnet18/42/resnet18_seed42_cam_low_M4_area0.1/best_model.pt
