2026-06-28 23:10:06 - __main__ - INFO - Run parameters: {"adamw_betas": [0.9, 0.999], "adamw_eps": 1e-08, "amp": true, "batch_size": 128, "cam_cache_dir": "", "cam_layer": "auto", "cam_precompute_only": false, "cam_precompute_windows": false, "cutout_area": null, "cutout_m": 0, "cutout_mode": "none", "cutout_size": 0, "data_dir": "./data", "dataset": "drive_zip", "debug_cam_timing": false, "deterministic_train_transforms": true, "epochs": 100, "gamma": 0.1, "grayscale": true, "include_regex": "_grayscale\\.tiff$", "label_smoothing": 0.0, "log_every": 100, "lr": 0.1, "milestones": "60,80", "min_lr": 1e-05, "model": "resnet18", "momentum": 0.9, "nesterov": false, "num_workers": 4, "optimizer": "sgd", "out_dir": "runs/drive_zip/resnet18/42", "run_name": "resnet18_seed42_none", "saliency_candidate_percent": 10.0, "scheduler": "cosine", "seed": 42, "teacher_checkpoint": "", "teacher_model": "", "val_split": 0.1, "warmup_epochs": 5, "weight_decay": 0.0005}
2026-06-28 23:10:07 - __main__ - INFO - device: cuda | cuda: True | gpu: NVIDIA A100-SXM4-80GB
2026-06-28 23:12:02 - __main__ - INFO - Model: resnet18 | Dataset: drive_zip | Classes: 17 | Optimizer: sgd
2026-06-28 23:12:02 - __main__ - INFO - 
Epoch 1/100 | lr 0.000100
2026-06-28 23:12:17 - __main__ - INFO - Train: loss 2.7774 acc1 12.74%
2026-06-28 23:12:17 - __main__ - INFO - Val:   loss 2.6732 acc1 20.22%
2026-06-28 23:12:17 - __main__ - INFO - saved best: 20.22%
2026-06-28 23:12:17 - __main__ - INFO - 
Epoch 2/100 | lr 0.020080
2026-06-28 23:12:30 - __main__ - INFO - Train: loss 1.9591 acc1 35.25%
2026-06-28 23:12:30 - __main__ - INFO - Val:   loss 1.8779 acc1 37.44%
2026-06-28 23:12:30 - __main__ - INFO - saved best: 37.44%
2026-06-28 23:12:30 - __main__ - INFO - 
Epoch 3/100 | lr 0.040060
2026-06-28 23:12:42 - __main__ - INFO - Train: loss 1.6832 acc1 44.27%
2026-06-28 23:12:42 - __main__ - INFO - Val:   loss 2.0270 acc1 36.68%
2026-06-28 23:12:42 - __main__ - INFO - 
Epoch 4/100 | lr 0.060040
2026-06-28 23:12:55 - __main__ - INFO - Train: loss 1.5000 acc1 49.51%
2026-06-28 23:12:55 - __main__ - INFO - Val:   loss 1.6913 acc1 44.97%
2026-06-28 23:12:55 - __main__ - INFO - saved best: 44.97%
2026-06-28 23:12:55 - __main__ - INFO - 
Epoch 5/100 | lr 0.080020
2026-06-28 23:13:08 - __main__ - INFO - Train: loss 1.3498 acc1 54.49%
2026-06-28 23:13:08 - __main__ - INFO - Val:   loss 1.7293 acc1 44.66%
2026-06-28 23:13:08 - __main__ - INFO - 
Epoch 6/100 | lr 0.100000
2026-06-28 23:13:20 - __main__ - INFO - Train: loss 1.2760 acc1 57.63%
2026-06-28 23:13:20 - __main__ - INFO - Val:   loss 1.9830 acc1 45.85%
2026-06-28 23:13:20 - __main__ - INFO - saved best: 45.85%
2026-06-28 23:13:20 - __main__ - INFO - 
Epoch 7/100 | lr 0.099973
2026-06-28 23:13:33 - __main__ - INFO - Train: loss 1.3955 acc1 55.38%
2026-06-28 23:13:33 - __main__ - INFO - Val:   loss 1.6199 acc1 48.25%
2026-06-28 23:13:33 - __main__ - INFO - saved best: 48.25%
2026-06-28 23:13:33 - __main__ - INFO - 
Epoch 8/100 | lr 0.099891
2026-06-28 23:13:46 - __main__ - INFO - Train: loss 1.1002 acc1 63.54%
2026-06-28 23:13:46 - __main__ - INFO - Val:   loss 1.2929 acc1 57.94%
2026-06-28 23:13:46 - __main__ - INFO - saved best: 57.94%
2026-06-28 23:13:46 - __main__ - INFO - 
Epoch 9/100 | lr 0.099754
2026-06-28 23:13:58 - __main__ - INFO - Train: loss 0.9470 acc1 68.98%
2026-06-28 23:13:58 - __main__ - INFO - Val:   loss 1.2782 acc1 61.99%
2026-06-28 23:13:58 - __main__ - INFO - saved best: 61.99%
2026-06-28 23:13:58 - __main__ - INFO - 
Epoch 10/100 | lr 0.099563
2026-06-28 23:14:11 - __main__ - INFO - Train: loss 0.8346 acc1 72.96%
2026-06-28 23:14:11 - __main__ - INFO - Val:   loss 1.3093 acc1 60.19%
2026-06-28 23:14:11 - __main__ - INFO - 
Epoch 11/100 | lr 0.099318
2026-06-28 23:14:23 - __main__ - INFO - Train: loss 0.7625 acc1 74.77%
2026-06-28 23:14:23 - __main__ - INFO - Val:   loss 1.4202 acc1 60.50%
2026-06-28 23:14:23 - __main__ - INFO - 
Epoch 12/100 | lr 0.099019
2026-06-28 23:14:36 - __main__ - INFO - Train: loss 0.6899 acc1 77.59%
2026-06-28 23:14:36 - __main__ - INFO - Val:   loss 1.3575 acc1 60.24%
2026-06-28 23:14:36 - __main__ - INFO - 
Epoch 13/100 | lr 0.098666
2026-06-28 23:14:49 - __main__ - INFO - Train: loss 0.6001 acc1 80.50%
2026-06-28 23:14:49 - __main__ - INFO - Val:   loss 1.4242 acc1 63.20%
2026-06-28 23:14:49 - __main__ - INFO - saved best: 63.20%
2026-06-28 23:14:49 - __main__ - INFO - 
Epoch 14/100 | lr 0.098261
2026-06-28 23:15:02 - __main__ - INFO - Train: loss 0.5728 acc1 81.12%
2026-06-28 23:15:02 - __main__ - INFO - Val:   loss 1.3835 acc1 65.39%
2026-06-28 23:15:02 - __main__ - INFO - saved best: 65.39%
2026-06-28 23:15:02 - __main__ - INFO - 
Epoch 15/100 | lr 0.097802
2026-06-28 23:15:14 - __main__ - INFO - Train: loss 0.4926 acc1 83.97%
2026-06-28 23:15:14 - __main__ - INFO - Val:   loss 1.5039 acc1 58.08%
2026-06-28 23:15:14 - __main__ - INFO - 
Epoch 16/100 | lr 0.097291
2026-06-28 23:15:27 - __main__ - INFO - Train: loss 0.4586 acc1 85.29%
2026-06-28 23:15:27 - __main__ - INFO - Val:   loss 1.2558 acc1 67.47%
2026-06-28 23:15:27 - __main__ - INFO - saved best: 67.47%
2026-06-28 23:15:27 - __main__ - INFO - 
Epoch 17/100 | lr 0.096729
2026-06-28 23:15:39 - __main__ - INFO - Train: loss 0.4246 acc1 86.23%
2026-06-28 23:15:39 - __main__ - INFO - Val:   loss 1.3188 acc1 66.94%
2026-06-28 23:15:39 - __main__ - INFO - 
Epoch 18/100 | lr 0.096115
2026-06-28 23:15:52 - __main__ - INFO - Train: loss 0.3796 acc1 87.71%
2026-06-28 23:15:52 - __main__ - INFO - Val:   loss 1.5001 acc1 65.45%
2026-06-28 23:15:52 - __main__ - INFO - 
Epoch 19/100 | lr 0.095451
2026-06-28 23:16:05 - __main__ - INFO - Train: loss 0.3419 acc1 88.95%
2026-06-28 23:16:05 - __main__ - INFO - Val:   loss 1.4001 acc1 65.78%
2026-06-28 23:16:05 - __main__ - INFO - 
Epoch 20/100 | lr 0.094737
2026-06-28 23:16:18 - __main__ - INFO - Train: loss 0.2814 acc1 90.77%
2026-06-28 23:16:18 - __main__ - INFO - Val:   loss 1.3552 acc1 70.11%
2026-06-28 23:16:18 - __main__ - INFO - saved best: 70.11%
2026-06-28 23:16:18 - __main__ - INFO - 
Epoch 21/100 | lr 0.093974
2026-06-28 23:16:30 - __main__ - INFO - Train: loss 0.2704 acc1 91.16%
2026-06-28 23:16:30 - __main__ - INFO - Val:   loss 1.5738 acc1 64.75%
2026-06-28 23:16:30 - __main__ - INFO - 
Epoch 22/100 | lr 0.093164
2026-06-28 23:16:43 - __main__ - INFO - Train: loss 0.2808 acc1 91.01%
2026-06-28 23:16:43 - __main__ - INFO - Val:   loss 1.4681 acc1 67.31%
2026-06-28 23:16:43 - __main__ - INFO - 
Epoch 23/100 | lr 0.092306
2026-06-28 23:16:56 - __main__ - INFO - Train: loss 0.2856 acc1 90.63%
2026-06-28 23:16:56 - __main__ - INFO - Val:   loss 1.6177 acc1 65.83%
2026-06-28 23:16:56 - __main__ - INFO - 
Epoch 24/100 | lr 0.091401
2026-06-28 23:17:09 - __main__ - INFO - Train: loss 0.2458 acc1 91.65%
2026-06-28 23:17:09 - __main__ - INFO - Val:   loss 1.5484 acc1 67.50%
2026-06-28 23:17:09 - __main__ - INFO - 
Epoch 25/100 | lr 0.090452
2026-06-28 23:17:22 - __main__ - INFO - Train: loss 0.2529 acc1 91.28%
2026-06-28 23:17:22 - __main__ - INFO - Val:   loss 1.6400 acc1 63.40%
2026-06-28 23:17:22 - __main__ - INFO - 
Epoch 26/100 | lr 0.089458
2026-06-28 23:17:34 - __main__ - INFO - Train: loss 0.2631 acc1 91.23%
2026-06-28 23:17:34 - __main__ - INFO - Val:   loss 1.3702 acc1 67.69%
2026-06-28 23:17:34 - __main__ - INFO - 
Epoch 27/100 | lr 0.088421
2026-06-28 23:17:47 - __main__ - INFO - Train: loss 0.2196 acc1 92.60%
2026-06-28 23:17:47 - __main__ - INFO - Val:   loss 1.4159 acc1 67.78%
2026-06-28 23:17:47 - __main__ - INFO - 
Epoch 28/100 | lr 0.087342
2026-06-28 23:18:00 - __main__ - INFO - Train: loss 0.2043 acc1 92.92%
2026-06-28 23:18:00 - __main__ - INFO - Val:   loss 1.3589 acc1 67.91%
2026-06-28 23:18:00 - __main__ - INFO - 
Epoch 29/100 | lr 0.086223
2026-06-28 23:18:12 - __main__ - INFO - Train: loss 0.2193 acc1 92.80%
2026-06-28 23:18:12 - __main__ - INFO - Val:   loss 1.4309 acc1 70.08%
2026-06-28 23:18:12 - __main__ - INFO - 
Epoch 30/100 | lr 0.085063
2026-06-28 23:18:25 - __main__ - INFO - Train: loss 0.2198 acc1 92.48%
2026-06-28 23:18:25 - __main__ - INFO - Val:   loss 1.4934 acc1 68.38%
2026-06-28 23:18:25 - __main__ - INFO - 
Epoch 31/100 | lr 0.083866
2026-06-28 23:18:37 - __main__ - INFO - Train: loss 0.2404 acc1 92.09%
2026-06-28 23:18:37 - __main__ - INFO - Val:   loss 1.5213 acc1 66.21%
2026-06-28 23:18:37 - __main__ - INFO - 
Epoch 32/100 | lr 0.082631
2026-06-28 23:18:50 - __main__ - INFO - Train: loss 0.2342 acc1 91.78%
2026-06-28 23:18:50 - __main__ - INFO - Val:   loss 1.4455 acc1 69.08%
2026-06-28 23:18:50 - __main__ - INFO - 
Epoch 33/100 | lr 0.081361
2026-06-28 23:19:03 - __main__ - INFO - Train: loss 0.2234 acc1 92.44%
2026-06-28 23:19:03 - __main__ - INFO - Val:   loss 1.5493 acc1 68.71%
2026-06-28 23:19:03 - __main__ - INFO - 
Epoch 34/100 | lr 0.080056
2026-06-28 23:19:15 - __main__ - INFO - Train: loss 0.2121 acc1 92.41%
2026-06-28 23:19:15 - __main__ - INFO - Val:   loss 1.5108 acc1 66.40%
2026-06-28 23:19:15 - __main__ - INFO - 
Epoch 35/100 | lr 0.078719
2026-06-28 23:19:28 - __main__ - INFO - Train: loss 0.2235 acc1 92.37%
2026-06-28 23:19:28 - __main__ - INFO - Val:   loss 1.4529 acc1 66.97%
2026-06-28 23:19:28 - __main__ - INFO - 
Epoch 36/100 | lr 0.077350
2026-06-28 23:19:41 - __main__ - INFO - Train: loss 0.2174 acc1 92.55%
2026-06-28 23:19:41 - __main__ - INFO - Val:   loss 1.5414 acc1 70.99%
2026-06-28 23:19:41 - __main__ - INFO - saved best: 70.99%
2026-06-28 23:19:41 - __main__ - INFO - 
Epoch 37/100 | lr 0.075951
2026-06-28 23:19:53 - __main__ - INFO - Train: loss 0.1709 acc1 93.90%
2026-06-28 23:19:53 - __main__ - INFO - Val:   loss 1.4382 acc1 70.73%
2026-06-28 23:19:53 - __main__ - INFO - 
Epoch 38/100 | lr 0.074524
2026-06-28 23:20:06 - __main__ - INFO - Train: loss 0.1652 acc1 93.95%
2026-06-28 23:20:06 - __main__ - INFO - Val:   loss 1.4132 acc1 70.09%
2026-06-28 23:20:06 - __main__ - INFO - 
Epoch 39/100 | lr 0.073070
2026-06-28 23:20:19 - __main__ - INFO - Train: loss 0.1592 acc1 94.22%
2026-06-28 23:20:19 - __main__ - INFO - Val:   loss 1.3942 acc1 71.06%
2026-06-28 23:20:19 - __main__ - INFO - saved best: 71.06%
2026-06-28 23:20:19 - __main__ - INFO - 
Epoch 40/100 | lr 0.071591
2026-06-28 23:20:31 - __main__ - INFO - Train: loss 0.1329 acc1 94.98%
2026-06-28 23:20:31 - __main__ - INFO - Val:   loss 1.3470 acc1 71.50%
2026-06-28 23:20:31 - __main__ - INFO - saved best: 71.50%
2026-06-28 23:20:31 - __main__ - INFO - 
Epoch 41/100 | lr 0.070088
2026-06-28 23:20:44 - __main__ - INFO - Train: loss 0.1296 acc1 95.09%
2026-06-28 23:20:44 - __main__ - INFO - Val:   loss 1.3330 acc1 70.44%
2026-06-28 23:20:44 - __main__ - INFO - 
Epoch 42/100 | lr 0.068563
2026-06-28 23:20:56 - __main__ - INFO - Train: loss 0.1149 acc1 95.43%
2026-06-28 23:20:56 - __main__ - INFO - Val:   loss 1.3543 acc1 71.91%
2026-06-28 23:20:56 - __main__ - INFO - saved best: 71.91%
2026-06-28 23:20:56 - __main__ - INFO - 
Epoch 43/100 | lr 0.067018
2026-06-28 23:21:09 - __main__ - INFO - Train: loss 0.1089 acc1 95.47%
2026-06-28 23:21:09 - __main__ - INFO - Val:   loss 1.3009 acc1 71.64%
2026-06-28 23:21:09 - __main__ - INFO - 
Epoch 44/100 | lr 0.065454
2026-06-28 23:21:22 - __main__ - INFO - Train: loss 0.1055 acc1 95.56%
2026-06-28 23:21:22 - __main__ - INFO - Val:   loss 1.2289 acc1 72.19%
2026-06-28 23:21:22 - __main__ - INFO - saved best: 72.19%
2026-06-28 23:21:22 - __main__ - INFO - 
Epoch 45/100 | lr 0.063874
2026-06-28 23:21:35 - __main__ - INFO - Train: loss 0.1012 acc1 95.79%
2026-06-28 23:21:35 - __main__ - INFO - Val:   loss 1.2532 acc1 71.06%
2026-06-28 23:21:35 - __main__ - INFO - 
Epoch 46/100 | lr 0.062278
2026-06-28 23:21:47 - __main__ - INFO - Train: loss 0.0984 acc1 95.81%
2026-06-28 23:21:47 - __main__ - INFO - Val:   loss 1.2284 acc1 72.15%
2026-06-28 23:21:47 - __main__ - INFO - 
Epoch 47/100 | lr 0.060669
2026-06-28 23:22:00 - __main__ - INFO - Train: loss 0.0964 acc1 95.91%
2026-06-28 23:22:00 - __main__ - INFO - Val:   loss 1.2346 acc1 72.05%
2026-06-28 23:22:00 - __main__ - INFO - 
Epoch 48/100 | lr 0.059048
2026-06-28 23:22:13 - __main__ - INFO - Train: loss 0.0956 acc1 96.02%
2026-06-28 23:22:13 - __main__ - INFO - Val:   loss 1.1867 acc1 72.30%
2026-06-28 23:22:13 - __main__ - INFO - saved best: 72.30%
2026-06-28 23:22:13 - __main__ - INFO - 
Epoch 49/100 | lr 0.057417
2026-06-28 23:22:25 - __main__ - INFO - Train: loss 0.0963 acc1 95.97%
2026-06-28 23:22:25 - __main__ - INFO - Val:   loss 1.2088 acc1 72.14%
2026-06-28 23:22:25 - __main__ - INFO - 
Epoch 50/100 | lr 0.055779
2026-06-28 23:22:38 - __main__ - INFO - Train: loss 0.0927 acc1 96.19%
2026-06-28 23:22:38 - __main__ - INFO - Val:   loss 1.2198 acc1 71.32%
2026-06-28 23:22:38 - __main__ - INFO - 
Epoch 51/100 | lr 0.054134
2026-06-28 23:22:51 - __main__ - INFO - Train: loss 0.0919 acc1 96.25%
2026-06-28 23:22:51 - __main__ - INFO - Val:   loss 1.2178 acc1 71.65%
2026-06-28 23:22:51 - __main__ - INFO - 
Epoch 52/100 | lr 0.052484
2026-06-28 23:23:03 - __main__ - INFO - Train: loss 0.0931 acc1 96.15%
2026-06-28 23:23:03 - __main__ - INFO - Val:   loss 1.2129 acc1 71.33%
2026-06-28 23:23:03 - __main__ - INFO - 
Epoch 53/100 | lr 0.050832
2026-06-28 23:23:16 - __main__ - INFO - Train: loss 0.0915 acc1 96.01%
2026-06-28 23:23:16 - __main__ - INFO - Val:   loss 1.2359 acc1 71.99%
2026-06-28 23:23:16 - __main__ - INFO - 
Epoch 54/100 | lr 0.049178
2026-06-28 23:23:29 - __main__ - INFO - Train: loss 0.0937 acc1 96.17%
2026-06-28 23:23:29 - __main__ - INFO - Val:   loss 1.2019 acc1 71.22%
2026-06-28 23:23:29 - __main__ - INFO - 
Epoch 55/100 | lr 0.047526
2026-06-28 23:23:41 - __main__ - INFO - Train: loss 0.0890 acc1 96.20%
2026-06-28 23:23:41 - __main__ - INFO - Val:   loss 1.1897 acc1 72.23%
2026-06-28 23:23:41 - __main__ - INFO - 
Epoch 56/100 | lr 0.045876
2026-06-28 23:23:54 - __main__ - INFO - Train: loss 0.0849 acc1 96.40%
2026-06-28 23:23:54 - __main__ - INFO - Val:   loss 1.1789 acc1 71.17%
2026-06-28 23:23:54 - __main__ - INFO - 
Epoch 57/100 | lr 0.044231
2026-06-28 23:24:06 - __main__ - INFO - Train: loss 0.0847 acc1 96.36%
2026-06-28 23:24:06 - __main__ - INFO - Val:   loss 1.1864 acc1 71.48%
2026-06-28 23:24:06 - __main__ - INFO - 
Epoch 58/100 | lr 0.042593
2026-06-28 23:24:19 - __main__ - INFO - Train: loss 0.0803 acc1 96.42%
2026-06-28 23:24:19 - __main__ - INFO - Val:   loss 1.1860 acc1 72.22%
2026-06-28 23:24:19 - __main__ - INFO - 
Epoch 59/100 | lr 0.040962
2026-06-28 23:24:32 - __main__ - INFO - Train: loss 0.0793 acc1 96.52%
2026-06-28 23:24:32 - __main__ - INFO - Val:   loss 1.1710 acc1 72.64%
2026-06-28 23:24:32 - __main__ - INFO - saved best: 72.64%
2026-06-28 23:24:32 - __main__ - INFO - 
Epoch 60/100 | lr 0.039341
2026-06-28 23:24:45 - __main__ - INFO - Train: loss 0.0777 acc1 96.71%
2026-06-28 23:24:45 - __main__ - INFO - Val:   loss 1.1707 acc1 72.46%
2026-06-28 23:24:45 - __main__ - INFO - 
Epoch 61/100 | lr 0.037732
2026-06-28 23:24:57 - __main__ - INFO - Train: loss 0.0804 acc1 96.56%
2026-06-28 23:24:57 - __main__ - INFO - Val:   loss 1.1471 acc1 72.18%
2026-06-28 23:24:57 - __main__ - INFO - 
Epoch 62/100 | lr 0.036136
2026-06-28 23:25:10 - __main__ - INFO - Train: loss 0.0831 acc1 96.52%
2026-06-28 23:25:10 - __main__ - INFO - Val:   loss 1.2146 acc1 71.76%
2026-06-28 23:25:10 - __main__ - INFO - 
Epoch 63/100 | lr 0.034556
2026-06-28 23:25:23 - __main__ - INFO - Train: loss 0.1018 acc1 96.20%
2026-06-28 23:25:23 - __main__ - INFO - Val:   loss 1.2713 acc1 71.17%
2026-06-28 23:25:23 - __main__ - INFO - 
Epoch 64/100 | lr 0.032992
2026-06-28 23:25:36 - __main__ - INFO - Train: loss 0.1287 acc1 95.52%
2026-06-28 23:25:36 - __main__ - INFO - Val:   loss 1.4300 acc1 66.50%
2026-06-28 23:25:36 - __main__ - INFO - 
Epoch 65/100 | lr 0.031447
2026-06-28 23:25:48 - __main__ - INFO - Train: loss 0.3667 acc1 87.59%
2026-06-28 23:25:48 - __main__ - INFO - Val:   loss 1.6299 acc1 61.74%
2026-06-28 23:25:48 - __main__ - INFO - 
Epoch 66/100 | lr 0.029922
2026-06-28 23:26:01 - __main__ - INFO - Train: loss 0.3780 acc1 87.25%
2026-06-28 23:26:01 - __main__ - INFO - Val:   loss 1.4285 acc1 68.51%
2026-06-28 23:26:01 - __main__ - INFO - 
Epoch 67/100 | lr 0.028419
2026-06-28 23:26:13 - __main__ - INFO - Train: loss 0.1898 acc1 93.51%
2026-06-28 23:26:13 - __main__ - INFO - Val:   loss 1.3672 acc1 69.52%
2026-06-28 23:26:13 - __main__ - INFO - 
Epoch 68/100 | lr 0.026940
2026-06-28 23:26:26 - __main__ - INFO - Train: loss 0.1349 acc1 95.14%
2026-06-28 23:26:26 - __main__ - INFO - Val:   loss 1.2881 acc1 72.00%
2026-06-28 23:26:26 - __main__ - INFO - 
Epoch 69/100 | lr 0.025486
2026-06-28 23:26:39 - __main__ - INFO - Train: loss 0.1035 acc1 95.85%
2026-06-28 23:26:39 - __main__ - INFO - Val:   loss 1.2813 acc1 71.18%
2026-06-28 23:26:39 - __main__ - INFO - 
Epoch 70/100 | lr 0.024059
2026-06-28 23:26:51 - __main__ - INFO - Train: loss 0.0910 acc1 96.19%
2026-06-28 23:26:51 - __main__ - INFO - Val:   loss 1.3095 acc1 71.96%
2026-06-28 23:26:51 - __main__ - INFO - 
Epoch 71/100 | lr 0.022660
2026-06-28 23:27:04 - __main__ - INFO - Train: loss 0.0840 acc1 96.42%
2026-06-28 23:27:04 - __main__ - INFO - Val:   loss 1.2419 acc1 72.21%
2026-06-28 23:27:04 - __main__ - INFO - 
Epoch 72/100 | lr 0.021291
2026-06-28 23:27:17 - __main__ - INFO - Train: loss 0.0779 acc1 96.62%
2026-06-28 23:27:17 - __main__ - INFO - Val:   loss 1.2868 acc1 72.35%
2026-06-28 23:27:17 - __main__ - INFO - 
Epoch 73/100 | lr 0.019954
2026-06-28 23:27:29 - __main__ - INFO - Train: loss 0.0741 acc1 96.73%
2026-06-28 23:27:29 - __main__ - INFO - Val:   loss 1.2791 acc1 72.61%
2026-06-28 23:27:29 - __main__ - INFO - 
Epoch 74/100 | lr 0.018649
2026-06-28 23:27:42 - __main__ - INFO - Train: loss 0.0722 acc1 96.82%
2026-06-28 23:27:42 - __main__ - INFO - Val:   loss 1.2696 acc1 71.71%
2026-06-28 23:27:42 - __main__ - INFO - 
Epoch 75/100 | lr 0.017379
2026-06-28 23:27:55 - __main__ - INFO - Train: loss 0.0705 acc1 96.78%
2026-06-28 23:27:55 - __main__ - INFO - Val:   loss 1.2831 acc1 72.38%
2026-06-28 23:27:55 - __main__ - INFO - 
Epoch 76/100 | lr 0.016144
2026-06-28 23:28:07 - __main__ - INFO - Train: loss 0.0673 acc1 96.96%
2026-06-28 23:28:07 - __main__ - INFO - Val:   loss 1.2524 acc1 72.21%
2026-06-28 23:28:07 - __main__ - INFO - 
Epoch 77/100 | lr 0.014947
2026-06-28 23:28:20 - __main__ - INFO - Train: loss 0.0636 acc1 97.10%
2026-06-28 23:28:20 - __main__ - INFO - Val:   loss 1.2696 acc1 71.93%
2026-06-28 23:28:20 - __main__ - INFO - 
Epoch 78/100 | lr 0.013787
2026-06-28 23:28:32 - __main__ - INFO - Train: loss 0.0626 acc1 97.12%
2026-06-28 23:28:32 - __main__ - INFO - Val:   loss 1.2462 acc1 72.46%
2026-06-28 23:28:32 - __main__ - INFO - 
Epoch 79/100 | lr 0.012668
2026-06-28 23:28:45 - __main__ - INFO - Train: loss 0.0602 acc1 97.29%
2026-06-28 23:28:45 - __main__ - INFO - Val:   loss 1.2560 acc1 72.19%
2026-06-28 23:28:45 - __main__ - INFO - 
Epoch 80/100 | lr 0.011589
2026-06-28 23:28:58 - __main__ - INFO - Train: loss 0.0580 acc1 97.34%
2026-06-28 23:28:58 - __main__ - INFO - Val:   loss 1.2654 acc1 71.88%
2026-06-28 23:28:58 - __main__ - INFO - 
Epoch 81/100 | lr 0.010552
2026-06-28 23:29:10 - __main__ - INFO - Train: loss 0.0587 acc1 97.37%
2026-06-28 23:29:10 - __main__ - INFO - Val:   loss 1.2624 acc1 72.19%
2026-06-28 23:29:10 - __main__ - INFO - 
Epoch 82/100 | lr 0.009558
2026-06-28 23:29:23 - __main__ - INFO - Train: loss 0.0559 acc1 97.39%
2026-06-28 23:29:23 - __main__ - INFO - Val:   loss 1.2559 acc1 72.43%
2026-06-28 23:29:23 - __main__ - INFO - 
Epoch 83/100 | lr 0.008609
2026-06-28 23:29:36 - __main__ - INFO - Train: loss 0.0549 acc1 97.55%
2026-06-28 23:29:36 - __main__ - INFO - Val:   loss 1.2678 acc1 72.38%
2026-06-28 23:29:36 - __main__ - INFO - 
Epoch 84/100 | lr 0.007704
2026-06-28 23:29:48 - __main__ - INFO - Train: loss 0.0523 acc1 97.58%
2026-06-28 23:29:48 - __main__ - INFO - Val:   loss 1.2615 acc1 72.30%
2026-06-28 23:29:48 - __main__ - INFO - 
Epoch 85/100 | lr 0.006846
2026-06-28 23:30:01 - __main__ - INFO - Train: loss 0.0507 acc1 97.71%
2026-06-28 23:30:01 - __main__ - INFO - Val:   loss 1.2610 acc1 72.42%
2026-06-28 23:30:01 - __main__ - INFO - 
Epoch 86/100 | lr 0.006036
2026-06-28 23:30:14 - __main__ - INFO - Train: loss 0.0493 acc1 97.81%
2026-06-28 23:30:14 - __main__ - INFO - Val:   loss 1.2729 acc1 72.11%
2026-06-28 23:30:14 - __main__ - INFO - 
Epoch 87/100 | lr 0.005273
2026-06-28 23:30:27 - __main__ - INFO - Train: loss 0.0475 acc1 97.90%
2026-06-28 23:30:27 - __main__ - INFO - Val:   loss 1.2568 acc1 72.42%
2026-06-28 23:30:27 - __main__ - INFO - 
Epoch 88/100 | lr 0.004559
2026-06-28 23:30:39 - __main__ - INFO - Train: loss 0.0460 acc1 97.96%
2026-06-28 23:30:39 - __main__ - INFO - Val:   loss 1.2728 acc1 72.30%
2026-06-28 23:30:39 - __main__ - INFO - 
Epoch 89/100 | lr 0.003895
2026-06-28 23:30:52 - __main__ - INFO - Train: loss 0.0446 acc1 98.00%
2026-06-28 23:30:52 - __main__ - INFO - Val:   loss 1.2654 acc1 72.30%
2026-06-28 23:30:52 - __main__ - INFO - 
Epoch 90/100 | lr 0.003281
2026-06-28 23:31:05 - __main__ - INFO - Train: loss 0.0436 acc1 98.11%
2026-06-28 23:31:05 - __main__ - INFO - Val:   loss 1.2608 acc1 72.36%
2026-06-28 23:31:05 - __main__ - INFO - 
Epoch 91/100 | lr 0.002719
2026-06-28 23:31:17 - __main__ - INFO - Train: loss 0.0422 acc1 98.08%
2026-06-28 23:31:17 - __main__ - INFO - Val:   loss 1.2720 acc1 72.56%
2026-06-28 23:31:17 - __main__ - INFO - 
Epoch 92/100 | lr 0.002208
2026-06-28 23:31:29 - __main__ - INFO - Train: loss 0.0417 acc1 98.17%
2026-06-28 23:31:29 - __main__ - INFO - Val:   loss 1.2714 acc1 72.30%
2026-06-28 23:31:29 - __main__ - INFO - 
Epoch 93/100 | lr 0.001749
2026-06-28 23:31:42 - __main__ - INFO - Train: loss 0.0407 acc1 98.21%
2026-06-28 23:31:42 - __main__ - INFO - Val:   loss 1.2739 acc1 72.42%
2026-06-28 23:31:42 - __main__ - INFO - 
Epoch 94/100 | lr 0.001344
2026-06-28 23:31:54 - __main__ - INFO - Train: loss 0.0395 acc1 98.26%
2026-06-28 23:31:54 - __main__ - INFO - Val:   loss 1.2649 acc1 72.64%
2026-06-28 23:31:54 - __main__ - INFO - 
Epoch 95/100 | lr 0.000991
2026-06-28 23:32:07 - __main__ - INFO - Train: loss 0.0392 acc1 98.27%
2026-06-28 23:32:07 - __main__ - INFO - Val:   loss 1.2659 acc1 72.61%
2026-06-28 23:32:07 - __main__ - INFO - 
Epoch 96/100 | lr 0.000692
2026-06-28 23:32:19 - __main__ - INFO - Train: loss 0.0385 acc1 98.34%
2026-06-28 23:32:19 - __main__ - INFO - Val:   loss 1.2801 acc1 72.59%
2026-06-28 23:32:19 - __main__ - INFO - 
Epoch 97/100 | lr 0.000447
2026-06-28 23:32:32 - __main__ - INFO - Train: loss 0.0380 acc1 98.39%
2026-06-28 23:32:32 - __main__ - INFO - Val:   loss 1.2651 acc1 72.53%
2026-06-28 23:32:32 - __main__ - INFO - 
Epoch 98/100 | lr 0.000256
2026-06-28 23:32:45 - __main__ - INFO - Train: loss 0.0384 acc1 98.34%
2026-06-28 23:32:45 - __main__ - INFO - Val:   loss 1.2767 acc1 72.61%
2026-06-28 23:32:45 - __main__ - INFO - 
Epoch 99/100 | lr 0.000119
2026-06-28 23:32:57 - __main__ - INFO - Train: loss 0.0378 acc1 98.36%
2026-06-28 23:32:57 - __main__ - INFO - Val:   loss 1.2664 acc1 72.30%
2026-06-28 23:32:57 - __main__ - INFO - 
Epoch 100/100 | lr 0.000037
2026-06-28 23:33:09 - __main__ - INFO - Train: loss 0.0375 acc1 98.39%
2026-06-28 23:33:09 - __main__ - INFO - Val:   loss 1.2677 acc1 72.47%
2026-06-28 23:33:09 - __main__ - INFO - Loaded best checkpoint weights for final test evaluation.
2026-06-28 23:33:11 - __main__ - INFO - 
Best tracked (val): 72.64%
2026-06-28 23:33:11 - __main__ - INFO - Final test: loss 1.1707 acc1 70.81%
2026-06-28 23:33:11 - __main__ - INFO - Saved best model checkpoint to runs/drive_zip/resnet18/42/resnet18_seed42_none/best_model.pt
