2026-03-26 05:11:44 - __main__ - INFO - Comparison pipeline | device=cuda | out_dir=./runs/tiny_imagenet_2026_03/26 | args={"adamw_betas": [0.9, 0.999], "adamw_eps": 1e-08, "amp": false, "batch_size": 128, "cam_layer": "auto", "config": "/content/CAMRegularization/configs.json", "data_dir": "./data", "dataset": "tiny_imagenet", "enable_random_control": true, "enable_shuffled_cam_control": true, "epochs": 100, "gamma": 0.1, "input_models": ["resnet18"], "label_smoothing": 0.0, "log_every": 100, "lr": 0.1, "milestones": "60,80", "min_lr": 1e-05, "momentum": 0.9, "nesterov": false, "num_workers": 2, "optimizer": "sgd", "out_dir": "./runs/tiny_imagenet_2026_03/26", "output_models": ["resnet34", "densenet121", "efficientnet_b0", "mobilenet_v3_small"], "run_name": "", "scheduler": "cosine", "seed": 42, "threshold": 0.15, "val_split": 0.1, "warmup_epochs": 5, "weight_decay": 0.0005}
2026-03-26 05:11:44 - __main__ - INFO - Enabled variants: ['original', 'low_saliency', 'random_sparsity', 'shuffled_cam_low_saliency']
2026-03-26 05:11:44 - __main__ - INFO - 
============================================================
2026-03-26 05:11:44 - __main__ - INFO - Training input model: resnet18
2026-03-26 05:11:44 - __main__ - INFO -   Resolved config → opt=sgd, lr=0.1, wd=0.0005, bs=128, epochs=200, scheduler=cosine, warmup=5
2026-03-26 05:11:44 - __main__ - INFO - ============================================================
2026-03-26 05:11:44 - __main__ - INFO - device: cuda | cuda: True | gpu: NVIDIA L4
2026-03-26 05:12:01 - __main__ - INFO - Model: resnet18 | Dataset: tiny_imagenet | Classes: 200 | Optimizer: sgd
2026-03-26 05:12:01 - __main__ - INFO - 
Epoch 1/200 | lr 0.000100
2026-03-26 05:14:28 - __main__ - INFO - Train: loss 5.3341 acc1 0.94%
2026-03-26 05:14:28 - __main__ - INFO - Val:   loss 5.2753 acc1 1.30%
2026-03-26 05:14:28 - __main__ - INFO - saved best: 1.30%
2026-03-26 05:14:28 - __main__ - INFO - 
Epoch 2/200 | lr 0.020080
2026-03-26 05:16:55 - __main__ - INFO - Train: loss 4.3612 acc1 9.50%
2026-03-26 05:16:55 - __main__ - INFO - Val:   loss 4.0852 acc1 13.09%
2026-03-26 05:16:55 - __main__ - INFO - saved best: 13.09%
2026-03-26 05:16:55 - __main__ - INFO - 
Epoch 3/200 | lr 0.040060
2026-03-26 05:19:22 - __main__ - INFO - Train: loss 3.6026 acc1 19.27%
2026-03-26 05:19:22 - __main__ - INFO - Val:   loss 4.0986 acc1 16.06%
2026-03-26 05:19:22 - __main__ - INFO - saved best: 16.06%
2026-03-26 05:19:22 - __main__ - INFO - 
Epoch 4/200 | lr 0.060040
2026-03-26 05:21:49 - __main__ - INFO - Train: loss 3.1696 acc1 26.58%
2026-03-26 05:21:49 - __main__ - INFO - Val:   loss 3.6662 acc1 19.78%
2026-03-26 05:21:49 - __main__ - INFO - saved best: 19.78%
2026-03-26 05:21:49 - __main__ - INFO - 
Epoch 5/200 | lr 0.080020
2026-03-26 05:24:16 - __main__ - INFO - Train: loss 2.9082 acc1 31.54%
2026-03-26 05:24:16 - __main__ - INFO - Val:   loss 3.5839 acc1 21.91%
2026-03-26 05:24:16 - __main__ - INFO - saved best: 21.91%
2026-03-26 05:24:16 - __main__ - INFO - 
Epoch 6/200 | lr 0.100000
2026-03-26 05:26:43 - __main__ - INFO - Train: loss 2.7363 acc1 34.65%
2026-03-26 05:26:43 - __main__ - INFO - Val:   loss 3.4963 acc1 25.04%
2026-03-26 05:26:43 - __main__ - INFO - saved best: 25.04%
2026-03-26 05:26:43 - __main__ - INFO - 
Epoch 7/200 | lr 0.099994
2026-03-26 05:29:09 - __main__ - INFO - Train: loss 2.5633 acc1 38.32%
2026-03-26 05:29:09 - __main__ - INFO - Val:   loss 3.4283 acc1 26.88%
2026-03-26 05:29:09 - __main__ - INFO - saved best: 26.88%
2026-03-26 05:29:09 - __main__ - INFO - 
Epoch 8/200 | lr 0.099974
2026-03-26 05:31:36 - __main__ - INFO - Train: loss 2.4398 acc1 40.83%
2026-03-26 05:31:36 - __main__ - INFO - Val:   loss 3.3337 acc1 26.78%
2026-03-26 05:31:36 - __main__ - INFO - 
Epoch 9/200 | lr 0.099942
2026-03-26 05:34:02 - __main__ - INFO - Train: loss 2.3483 acc1 42.88%
2026-03-26 05:34:02 - __main__ - INFO - Val:   loss 3.4264 acc1 28.82%
2026-03-26 05:34:02 - __main__ - INFO - saved best: 28.82%
2026-03-26 05:34:02 - __main__ - INFO - 
Epoch 10/200 | lr 0.099896
2026-03-26 05:36:29 - __main__ - INFO - Train: loss 2.2799 acc1 44.02%
2026-03-26 05:36:29 - __main__ - INFO - Val:   loss 3.1192 acc1 31.97%
2026-03-26 05:36:29 - __main__ - INFO - saved best: 31.97%
2026-03-26 05:36:29 - __main__ - INFO - 
Epoch 11/200 | lr 0.099838
2026-03-26 05:38:55 - __main__ - INFO - Train: loss 2.2283 acc1 45.36%
2026-03-26 05:38:55 - __main__ - INFO - Val:   loss 3.0522 acc1 33.04%
2026-03-26 05:38:55 - __main__ - INFO - saved best: 33.04%
2026-03-26 05:38:55 - __main__ - INFO - 
Epoch 12/200 | lr 0.099767
2026-03-26 05:41:22 - __main__ - INFO - Train: loss 2.1738 acc1 46.75%
2026-03-26 05:41:22 - __main__ - INFO - Val:   loss 3.2988 acc1 30.90%
2026-03-26 05:41:22 - __main__ - INFO - 
Epoch 13/200 | lr 0.099682
2026-03-26 05:43:48 - __main__ - INFO - Train: loss 2.1385 acc1 47.36%
2026-03-26 05:43:48 - __main__ - INFO - Val:   loss 3.1021 acc1 32.17%
2026-03-26 05:43:48 - __main__ - INFO - 
Epoch 14/200 | lr 0.099585
2026-03-26 05:46:15 - __main__ - INFO - Train: loss 2.1030 acc1 48.03%
2026-03-26 05:46:15 - __main__ - INFO - Val:   loss 2.9512 acc1 35.99%
2026-03-26 05:46:15 - __main__ - INFO - saved best: 35.99%
2026-03-26 05:46:15 - __main__ - INFO - 
Epoch 15/200 | lr 0.099475
2026-03-26 05:48:41 - __main__ - INFO - Train: loss 2.0687 acc1 48.87%
2026-03-26 05:48:41 - __main__ - INFO - Val:   loss 2.7527 acc1 37.58%
2026-03-26 05:48:41 - __main__ - INFO - saved best: 37.58%
2026-03-26 05:48:41 - __main__ - INFO - 
Epoch 16/200 | lr 0.099353
2026-03-26 05:51:07 - __main__ - INFO - Train: loss 2.0443 acc1 49.43%
2026-03-26 05:51:07 - __main__ - INFO - Val:   loss 2.7789 acc1 37.10%
2026-03-26 05:51:07 - __main__ - INFO - 
Epoch 17/200 | lr 0.099217
2026-03-26 05:53:34 - __main__ - INFO - Train: loss 2.0245 acc1 49.87%
2026-03-26 05:53:34 - __main__ - INFO - Val:   loss 3.2191 acc1 32.64%
2026-03-26 05:53:34 - __main__ - INFO - 
Epoch 18/200 | lr 0.099069
2026-03-26 05:56:00 - __main__ - INFO - Train: loss 2.0020 acc1 50.44%
2026-03-26 05:56:00 - __main__ - INFO - Val:   loss 3.0479 acc1 33.06%
2026-03-26 05:56:00 - __main__ - INFO - 
Epoch 19/200 | lr 0.098907
2026-03-26 05:58:27 - __main__ - INFO - Train: loss 1.9796 acc1 50.87%
2026-03-26 05:58:27 - __main__ - INFO - Val:   loss 3.3740 acc1 31.26%
2026-03-26 05:58:27 - __main__ - INFO - 
Epoch 20/200 | lr 0.098734
2026-03-26 06:00:53 - __main__ - INFO - Train: loss 1.9662 acc1 51.07%
2026-03-26 06:00:53 - __main__ - INFO - Val:   loss 2.4981 acc1 41.78%
2026-03-26 06:00:53 - __main__ - INFO - saved best: 41.78%
2026-03-26 06:00:53 - __main__ - INFO - 
Epoch 21/200 | lr 0.098547
2026-03-26 06:03:19 - __main__ - INFO - Train: loss 1.9512 acc1 51.42%
2026-03-26 06:03:19 - __main__ - INFO - Val:   loss 3.1941 acc1 31.26%
2026-03-26 06:03:19 - __main__ - INFO - 
Epoch 22/200 | lr 0.098348
2026-03-26 06:05:46 - __main__ - INFO - Train: loss 1.9410 acc1 51.89%
2026-03-26 06:05:46 - __main__ - INFO - Val:   loss 2.7646 acc1 38.86%
2026-03-26 06:05:46 - __main__ - INFO - 
Epoch 23/200 | lr 0.098137
2026-03-26 06:08:12 - __main__ - INFO - Train: loss 1.9324 acc1 51.77%
2026-03-26 06:08:12 - __main__ - INFO - Val:   loss 2.9267 acc1 35.44%
2026-03-26 06:08:12 - __main__ - INFO - 
Epoch 24/200 | lr 0.097913
2026-03-26 06:10:38 - __main__ - INFO - Train: loss 1.9163 acc1 52.09%
2026-03-26 06:10:38 - __main__ - INFO - Val:   loss 2.7576 acc1 39.18%
2026-03-26 06:10:38 - __main__ - INFO - 
Epoch 25/200 | lr 0.097676
2026-03-26 06:13:04 - __main__ - INFO - Train: loss 1.9086 acc1 52.41%
2026-03-26 06:13:04 - __main__ - INFO - Val:   loss 3.1780 acc1 31.06%
2026-03-26 06:13:04 - __main__ - INFO - 
Epoch 26/200 | lr 0.097427
2026-03-26 06:15:31 - __main__ - INFO - Train: loss 1.8916 acc1 52.73%
2026-03-26 06:15:31 - __main__ - INFO - Val:   loss 3.5113 acc1 31.39%
2026-03-26 06:15:31 - __main__ - INFO - 
Epoch 27/200 | lr 0.097166
2026-03-26 06:17:57 - __main__ - INFO - Train: loss 1.8849 acc1 52.88%
2026-03-26 06:17:57 - __main__ - INFO - Val:   loss 3.5763 acc1 31.72%
2026-03-26 06:17:57 - __main__ - INFO - 
Epoch 28/200 | lr 0.096892
2026-03-26 06:20:23 - __main__ - INFO - Train: loss 1.8780 acc1 53.15%
2026-03-26 06:20:23 - __main__ - INFO - Val:   loss 2.9031 acc1 37.03%
2026-03-26 06:20:23 - __main__ - INFO - 
Epoch 29/200 | lr 0.096607
2026-03-26 06:22:49 - __main__ - INFO - Train: loss 1.8717 acc1 53.37%
2026-03-26 06:22:49 - __main__ - INFO - Val:   loss 2.7011 acc1 40.00%
2026-03-26 06:22:49 - __main__ - INFO - 
Epoch 30/200 | lr 0.096309
2026-03-26 06:25:15 - __main__ - INFO - Train: loss 1.8594 acc1 53.64%
2026-03-26 06:25:15 - __main__ - INFO - Val:   loss 2.7604 acc1 39.00%
2026-03-26 06:25:15 - __main__ - INFO - 
Epoch 31/200 | lr 0.095999
2026-03-26 06:27:41 - __main__ - INFO - Train: loss 1.8491 acc1 53.93%
2026-03-26 06:27:41 - __main__ - INFO - Val:   loss 2.7250 acc1 40.97%
2026-03-26 06:27:41 - __main__ - INFO - 
Epoch 32/200 | lr 0.095678
2026-03-26 06:30:08 - __main__ - INFO - Train: loss 1.8431 acc1 54.14%
2026-03-26 06:30:08 - __main__ - INFO - Val:   loss 2.8690 acc1 38.77%
2026-03-26 06:30:08 - __main__ - INFO - 
Epoch 33/200 | lr 0.095344
2026-03-26 06:32:34 - __main__ - INFO - Train: loss 1.8344 acc1 54.15%
2026-03-26 06:32:34 - __main__ - INFO - Val:   loss 2.6914 acc1 39.16%
2026-03-26 06:32:34 - __main__ - INFO - 
Epoch 34/200 | lr 0.094999
2026-03-26 06:35:00 - __main__ - INFO - Train: loss 1.8301 acc1 54.32%
2026-03-26 06:35:00 - __main__ - INFO - Val:   loss 3.0582 acc1 35.46%
2026-03-26 06:35:00 - __main__ - INFO - 
Epoch 35/200 | lr 0.094642
2026-03-26 06:37:26 - __main__ - INFO - Train: loss 1.8224 acc1 54.49%
2026-03-26 06:37:26 - __main__ - INFO - Val:   loss 2.8450 acc1 39.39%
2026-03-26 06:37:26 - __main__ - INFO - 
Epoch 36/200 | lr 0.094273
2026-03-26 06:39:52 - __main__ - INFO - Train: loss 1.8122 acc1 54.58%
2026-03-26 06:39:52 - __main__ - INFO - Val:   loss 2.7903 acc1 37.61%
2026-03-26 06:39:52 - __main__ - INFO - 
Epoch 37/200 | lr 0.093893
2026-03-26 06:42:18 - __main__ - INFO - Train: loss 1.8076 acc1 54.84%
2026-03-26 06:42:18 - __main__ - INFO - Val:   loss 3.0313 acc1 35.43%
2026-03-26 06:42:18 - __main__ - INFO - 
Epoch 38/200 | lr 0.093502
2026-03-26 06:44:44 - __main__ - INFO - Train: loss 1.8051 acc1 54.76%
2026-03-26 06:44:44 - __main__ - INFO - Val:   loss 2.6055 acc1 40.90%
2026-03-26 06:44:44 - __main__ - INFO - 
Epoch 39/200 | lr 0.093099
2026-03-26 06:47:10 - __main__ - INFO - Train: loss 1.7838 acc1 55.16%
2026-03-26 06:47:10 - __main__ - INFO - Val:   loss 3.1067 acc1 35.16%
2026-03-26 06:47:10 - __main__ - INFO - 
Epoch 40/200 | lr 0.092685
2026-03-26 06:49:36 - __main__ - INFO - Train: loss 1.7805 acc1 55.27%
2026-03-26 06:49:36 - __main__ - INFO - Val:   loss 2.6311 acc1 41.43%
2026-03-26 06:49:36 - __main__ - INFO - 
Epoch 41/200 | lr 0.092260
2026-03-26 06:52:02 - __main__ - INFO - Train: loss 1.7777 acc1 55.39%
2026-03-26 06:52:02 - __main__ - INFO - Val:   loss 3.2228 acc1 34.28%
2026-03-26 06:52:02 - __main__ - INFO - 
Epoch 42/200 | lr 0.091824
2026-03-26 06:54:29 - __main__ - INFO - Train: loss 1.7643 acc1 55.46%
2026-03-26 06:54:29 - __main__ - INFO - Val:   loss 2.5873 acc1 42.90%
2026-03-26 06:54:29 - __main__ - INFO - saved best: 42.90%
2026-03-26 06:54:29 - __main__ - INFO - 
Epoch 43/200 | lr 0.091378
2026-03-26 06:56:55 - __main__ - INFO - Train: loss 1.7664 acc1 55.66%
2026-03-26 06:56:55 - __main__ - INFO - Val:   loss 2.6800 acc1 40.58%
2026-03-26 06:56:55 - __main__ - INFO - 
Epoch 44/200 | lr 0.090920
2026-03-26 06:59:21 - __main__ - INFO - Train: loss 1.7566 acc1 55.96%
2026-03-26 06:59:21 - __main__ - INFO - Val:   loss 2.7427 acc1 38.22%
2026-03-26 06:59:21 - __main__ - INFO - 
Epoch 45/200 | lr 0.090452
2026-03-26 07:01:47 - __main__ - INFO - Train: loss 1.7560 acc1 55.86%
2026-03-26 07:01:47 - __main__ - INFO - Val:   loss 2.9219 acc1 40.59%
2026-03-26 07:01:47 - __main__ - INFO - 
Epoch 46/200 | lr 0.089973
2026-03-26 07:04:13 - __main__ - INFO - Train: loss 1.7497 acc1 55.95%
2026-03-26 07:04:13 - __main__ - INFO - Val:   loss 3.6448 acc1 30.32%
2026-03-26 07:04:13 - __main__ - INFO - 
Epoch 47/200 | lr 0.089484
2026-03-26 07:06:39 - __main__ - INFO - Train: loss 1.7467 acc1 56.03%
2026-03-26 07:06:39 - __main__ - INFO - Val:   loss 2.5468 acc1 42.33%
2026-03-26 07:06:39 - __main__ - INFO - 
Epoch 48/200 | lr 0.088985
2026-03-26 07:09:05 - __main__ - INFO - Train: loss 1.7319 acc1 56.51%
2026-03-26 07:09:05 - __main__ - INFO - Val:   loss 2.6209 acc1 40.46%
2026-03-26 07:09:05 - __main__ - INFO - 
Epoch 49/200 | lr 0.088475
2026-03-26 07:11:31 - __main__ - INFO - Train: loss 1.7295 acc1 56.34%
2026-03-26 07:11:31 - __main__ - INFO - Val:   loss 2.3777 acc1 45.27%
2026-03-26 07:11:31 - __main__ - INFO - saved best: 45.27%
2026-03-26 07:11:31 - __main__ - INFO - 
Epoch 50/200 | lr 0.087956
2026-03-26 07:13:57 - __main__ - INFO - Train: loss 1.7148 acc1 56.61%
2026-03-26 07:13:57 - __main__ - INFO - Val:   loss 2.5972 acc1 42.17%
2026-03-26 07:13:57 - __main__ - INFO - 
Epoch 51/200 | lr 0.087427
2026-03-26 07:16:23 - __main__ - INFO - Train: loss 1.7169 acc1 56.88%
2026-03-26 07:16:23 - __main__ - INFO - Val:   loss 3.0281 acc1 37.19%
2026-03-26 07:16:23 - __main__ - INFO - 
Epoch 52/200 | lr 0.086888
2026-03-26 07:18:49 - __main__ - INFO - Train: loss 1.7064 acc1 56.89%
2026-03-26 07:18:49 - __main__ - INFO - Val:   loss 2.9758 acc1 37.62%
2026-03-26 07:18:49 - __main__ - INFO - 
Epoch 53/200 | lr 0.086339
2026-03-26 07:21:15 - __main__ - INFO - Train: loss 1.7022 acc1 56.85%
2026-03-26 07:21:15 - __main__ - INFO - Val:   loss 2.5389 acc1 43.15%
2026-03-26 07:21:15 - __main__ - INFO - 
Epoch 54/200 | lr 0.085781
2026-03-26 07:23:41 - __main__ - INFO - Train: loss 1.6933 acc1 57.21%
2026-03-26 07:23:41 - __main__ - INFO - Val:   loss 2.9981 acc1 37.60%
2026-03-26 07:23:41 - __main__ - INFO - 
Epoch 55/200 | lr 0.085214
2026-03-26 07:26:07 - __main__ - INFO - Train: loss 1.6806 acc1 57.61%
2026-03-26 07:26:07 - __main__ - INFO - Val:   loss 2.8131 acc1 40.00%
2026-03-26 07:26:07 - __main__ - INFO - 
Epoch 56/200 | lr 0.084638
2026-03-26 07:28:33 - __main__ - INFO - Train: loss 1.6812 acc1 57.61%
2026-03-26 07:28:33 - __main__ - INFO - Val:   loss 2.6263 acc1 40.33%
2026-03-26 07:28:33 - __main__ - INFO - 
Epoch 57/200 | lr 0.084052
2026-03-26 07:30:59 - __main__ - INFO - Train: loss 1.6706 acc1 57.62%
2026-03-26 07:30:59 - __main__ - INFO - Val:   loss 3.0890 acc1 35.74%
2026-03-26 07:30:59 - __main__ - INFO - 
Epoch 58/200 | lr 0.083458
2026-03-26 07:33:25 - __main__ - INFO - Train: loss 1.6743 acc1 57.58%
2026-03-26 07:33:25 - __main__ - INFO - Val:   loss 2.6336 acc1 43.33%
2026-03-26 07:33:25 - __main__ - INFO - 
Epoch 59/200 | lr 0.082855
2026-03-26 07:35:51 - __main__ - INFO - Train: loss 1.6589 acc1 58.06%
2026-03-26 07:35:51 - __main__ - INFO - Val:   loss 2.7824 acc1 39.92%
2026-03-26 07:35:51 - __main__ - INFO - 
Epoch 60/200 | lr 0.082244
2026-03-26 07:38:17 - __main__ - INFO - Train: loss 1.6489 acc1 58.37%
2026-03-26 07:38:17 - __main__ - INFO - Val:   loss 2.4824 acc1 44.41%
2026-03-26 07:38:17 - __main__ - INFO - 
Epoch 61/200 | lr 0.081624
2026-03-26 07:40:43 - __main__ - INFO - Train: loss 1.6458 acc1 58.28%
2026-03-26 07:40:43 - __main__ - INFO - Val:   loss 2.4629 acc1 44.18%
2026-03-26 07:40:43 - __main__ - INFO - 
Epoch 62/200 | lr 0.080996
2026-03-26 07:43:09 - __main__ - INFO - Train: loss 1.6366 acc1 58.31%
2026-03-26 07:43:09 - __main__ - INFO - Val:   loss 2.6716 acc1 41.24%
2026-03-26 07:43:09 - __main__ - INFO - 
Epoch 63/200 | lr 0.080360
2026-03-26 07:45:35 - __main__ - INFO - Train: loss 1.6318 acc1 58.69%
2026-03-26 07:45:35 - __main__ - INFO - Val:   loss 2.5343 acc1 44.08%
2026-03-26 07:45:35 - __main__ - INFO - 
Epoch 64/200 | lr 0.079716
2026-03-26 07:48:01 - __main__ - INFO - Train: loss 1.6147 acc1 58.99%
2026-03-26 07:48:01 - __main__ - INFO - Val:   loss 2.4093 acc1 45.59%
2026-03-26 07:48:01 - __main__ - INFO - saved best: 45.59%
2026-03-26 07:48:01 - __main__ - INFO - 
Epoch 65/200 | lr 0.079065
2026-03-26 07:50:27 - __main__ - INFO - Train: loss 1.6183 acc1 58.92%
2026-03-26 07:50:27 - __main__ - INFO - Val:   loss 2.4462 acc1 45.42%
2026-03-26 07:50:27 - __main__ - INFO - 
Epoch 66/200 | lr 0.078405
2026-03-26 07:52:53 - __main__ - INFO - Train: loss 1.6056 acc1 59.31%
2026-03-26 07:52:53 - __main__ - INFO - Val:   loss 2.7649 acc1 41.66%
2026-03-26 07:52:53 - __main__ - INFO - 
Epoch 67/200 | lr 0.077739
2026-03-26 07:55:19 - __main__ - INFO - Train: loss 1.5944 acc1 59.43%
2026-03-26 07:55:19 - __main__ - INFO - Val:   loss 2.4196 acc1 45.07%
2026-03-26 07:55:19 - __main__ - INFO - 
Epoch 68/200 | lr 0.077065
2026-03-26 07:57:45 - __main__ - INFO - Train: loss 1.5891 acc1 59.60%
2026-03-26 07:57:45 - __main__ - INFO - Val:   loss 2.4622 acc1 45.28%
2026-03-26 07:57:45 - __main__ - INFO - 
Epoch 69/200 | lr 0.076384
2026-03-26 08:00:11 - __main__ - INFO - Train: loss 1.5785 acc1 59.86%
2026-03-26 08:00:11 - __main__ - INFO - Val:   loss 2.9854 acc1 37.16%
2026-03-26 08:00:11 - __main__ - INFO - 
Epoch 70/200 | lr 0.075697
2026-03-26 08:02:37 - __main__ - INFO - Train: loss 1.5732 acc1 60.08%
2026-03-26 08:02:37 - __main__ - INFO - Val:   loss 2.7542 acc1 43.48%
2026-03-26 08:02:37 - __main__ - INFO - 
Epoch 71/200 | lr 0.075003
2026-03-26 08:05:03 - __main__ - INFO - Train: loss 1.5694 acc1 60.00%
2026-03-26 08:05:03 - __main__ - INFO - Val:   loss 2.8117 acc1 41.01%
2026-03-26 08:05:03 - __main__ - INFO - 
Epoch 72/200 | lr 0.074302
2026-03-26 08:07:29 - __main__ - INFO - Train: loss 1.5521 acc1 60.41%
2026-03-26 08:07:29 - __main__ - INFO - Val:   loss 3.0536 acc1 35.63%
2026-03-26 08:07:29 - __main__ - INFO - 
Epoch 73/200 | lr 0.073595
2026-03-26 08:09:55 - __main__ - INFO - Train: loss 1.5462 acc1 60.55%
2026-03-26 08:09:55 - __main__ - INFO - Val:   loss 2.4105 acc1 45.95%
2026-03-26 08:09:55 - __main__ - INFO - saved best: 45.95%
2026-03-26 08:09:55 - __main__ - INFO - 
Epoch 74/200 | lr 0.072881
2026-03-26 08:12:21 - __main__ - INFO - Train: loss 1.5343 acc1 60.72%
2026-03-26 08:12:21 - __main__ - INFO - Val:   loss 2.5625 acc1 43.43%
2026-03-26 08:12:21 - __main__ - INFO - 
Epoch 75/200 | lr 0.072162
2026-03-26 08:14:47 - __main__ - INFO - Train: loss 1.5302 acc1 61.02%
2026-03-26 08:14:47 - __main__ - INFO - Val:   loss 2.6955 acc1 41.80%
2026-03-26 08:14:47 - __main__ - INFO - 
Epoch 76/200 | lr 0.071437
2026-03-26 08:17:13 - __main__ - INFO - Train: loss 1.5126 acc1 61.17%
2026-03-26 08:17:13 - __main__ - INFO - Val:   loss 3.2289 acc1 34.54%
2026-03-26 08:17:13 - __main__ - INFO - 
Epoch 77/200 | lr 0.070707
2026-03-26 08:19:39 - __main__ - INFO - Train: loss 1.5124 acc1 61.29%
2026-03-26 08:19:39 - __main__ - INFO - Val:   loss 2.3705 acc1 45.91%
2026-03-26 08:19:39 - __main__ - INFO - 
Epoch 78/200 | lr 0.069971
2026-03-26 08:22:05 - __main__ - INFO - Train: loss 1.4932 acc1 61.50%
2026-03-26 08:22:05 - __main__ - INFO - Val:   loss 2.5803 acc1 44.75%
2026-03-26 08:22:05 - __main__ - INFO - 
Epoch 79/200 | lr 0.069230
2026-03-26 08:24:31 - __main__ - INFO - Train: loss 1.4913 acc1 61.74%
2026-03-26 08:24:31 - __main__ - INFO - Val:   loss 2.5106 acc1 44.21%
2026-03-26 08:24:31 - __main__ - INFO - 
Epoch 80/200 | lr 0.068484
2026-03-26 08:26:57 - __main__ - INFO - Train: loss 1.4851 acc1 61.88%
2026-03-26 08:26:57 - __main__ - INFO - Val:   loss 2.4125 acc1 46.43%
2026-03-26 08:26:57 - __main__ - INFO - saved best: 46.43%
2026-03-26 08:26:57 - __main__ - INFO - 
Epoch 81/200 | lr 0.067733
2026-03-26 08:29:22 - __main__ - INFO - Train: loss 1.4703 acc1 62.17%
2026-03-26 08:29:22 - __main__ - INFO - Val:   loss 2.4302 acc1 46.04%
2026-03-26 08:29:22 - __main__ - INFO - 
Epoch 82/200 | lr 0.066978
2026-03-26 08:31:48 - __main__ - INFO - Train: loss 1.4549 acc1 62.67%
2026-03-26 08:31:48 - __main__ - INFO - Val:   loss 2.5888 acc1 43.34%
2026-03-26 08:31:48 - __main__ - INFO - 
Epoch 83/200 | lr 0.066218
2026-03-26 08:34:14 - __main__ - INFO - Train: loss 1.4444 acc1 62.86%
2026-03-26 08:34:14 - __main__ - INFO - Val:   loss 2.8183 acc1 40.90%
2026-03-26 08:34:14 - __main__ - INFO - 
Epoch 84/200 | lr 0.065454
2026-03-26 08:36:40 - __main__ - INFO - Train: loss 1.4397 acc1 62.95%
2026-03-26 08:36:40 - __main__ - INFO - Val:   loss 2.3697 acc1 47.41%
2026-03-26 08:36:40 - __main__ - INFO - saved best: 47.41%
2026-03-26 08:36:40 - __main__ - INFO - 
Epoch 85/200 | lr 0.064686
2026-03-26 08:39:06 - __main__ - INFO - Train: loss 1.4273 acc1 63.12%
2026-03-26 08:39:06 - __main__ - INFO - Val:   loss 2.6937 acc1 44.38%
2026-03-26 08:39:06 - __main__ - INFO - 
Epoch 86/200 | lr 0.063914
2026-03-26 08:41:32 - __main__ - INFO - Train: loss 1.4134 acc1 63.38%
2026-03-26 08:41:32 - __main__ - INFO - Val:   loss 2.7813 acc1 40.29%
2026-03-26 08:41:32 - __main__ - INFO - 
Epoch 87/200 | lr 0.063139
2026-03-26 08:43:58 - __main__ - INFO - Train: loss 1.4101 acc1 63.64%
2026-03-26 08:43:58 - __main__ - INFO - Val:   loss 2.5813 acc1 42.82%
2026-03-26 08:43:58 - __main__ - INFO - 
Epoch 88/200 | lr 0.062360
2026-03-26 08:46:24 - __main__ - INFO - Train: loss 1.3878 acc1 64.13%
2026-03-26 08:46:24 - __main__ - INFO - Val:   loss 2.2240 acc1 49.77%
2026-03-26 08:46:24 - __main__ - INFO - saved best: 49.77%
2026-03-26 08:46:24 - __main__ - INFO - 
Epoch 89/200 | lr 0.061578
2026-03-26 08:48:50 - __main__ - INFO - Train: loss 1.3809 acc1 64.35%
2026-03-26 08:48:50 - __main__ - INFO - Val:   loss 2.3758 acc1 46.72%
2026-03-26 08:48:50 - __main__ - INFO - 
Epoch 90/200 | lr 0.060793
2026-03-26 08:51:16 - __main__ - INFO - Train: loss 1.3709 acc1 64.33%
2026-03-26 08:51:16 - __main__ - INFO - Val:   loss 2.6174 acc1 42.76%
2026-03-26 08:51:16 - __main__ - INFO - 
Epoch 91/200 | lr 0.060005
2026-03-26 08:53:41 - __main__ - INFO - Train: loss 1.3624 acc1 64.80%
2026-03-26 08:53:41 - __main__ - INFO - Val:   loss 2.5977 acc1 43.29%
2026-03-26 08:53:41 - __main__ - INFO - 
Epoch 92/200 | lr 0.059215
2026-03-26 08:56:07 - __main__ - INFO - Train: loss 1.3459 acc1 64.93%
2026-03-26 08:56:07 - __main__ - INFO - Val:   loss 2.3489 acc1 46.56%
2026-03-26 08:56:07 - __main__ - INFO - 
Epoch 93/200 | lr 0.058422
2026-03-26 08:58:33 - __main__ - INFO - Train: loss 1.3374 acc1 65.24%
2026-03-26 08:58:33 - __main__ - INFO - Val:   loss 2.7181 acc1 44.77%
2026-03-26 08:58:33 - __main__ - INFO - 
Epoch 94/200 | lr 0.057627
2026-03-26 09:00:59 - __main__ - INFO - Train: loss 1.3228 acc1 65.67%
2026-03-26 09:00:59 - __main__ - INFO - Val:   loss 2.2794 acc1 48.21%
2026-03-26 09:00:59 - __main__ - INFO - 
Epoch 95/200 | lr 0.056830
2026-03-26 09:03:25 - __main__ - INFO - Train: loss 1.3018 acc1 66.11%
2026-03-26 09:03:25 - __main__ - INFO - Val:   loss 2.5462 acc1 44.62%
2026-03-26 09:03:25 - __main__ - INFO - 
Epoch 96/200 | lr 0.056031
2026-03-26 09:05:51 - __main__ - INFO - Train: loss 1.2974 acc1 66.14%
2026-03-26 09:05:51 - __main__ - INFO - Val:   loss 2.4081 acc1 46.33%
2026-03-26 09:05:51 - __main__ - INFO - 
Epoch 97/200 | lr 0.055231
2026-03-26 09:08:16 - __main__ - INFO - Train: loss 1.2814 acc1 66.62%
2026-03-26 09:08:16 - __main__ - INFO - Val:   loss 2.5110 acc1 47.68%
2026-03-26 09:08:16 - __main__ - INFO - 
Epoch 98/200 | lr 0.054429
2026-03-26 09:10:42 - __main__ - INFO - Train: loss 1.2687 acc1 66.90%
2026-03-26 09:10:42 - __main__ - INFO - Val:   loss 2.7161 acc1 43.58%
2026-03-26 09:10:42 - __main__ - INFO - 
Epoch 99/200 | lr 0.053626
2026-03-26 09:13:08 - __main__ - INFO - Train: loss 1.2528 acc1 67.20%
2026-03-26 09:13:08 - __main__ - INFO - Val:   loss 2.3241 acc1 48.38%
2026-03-26 09:13:08 - __main__ - INFO - 
Epoch 100/200 | lr 0.052823
2026-03-26 09:15:34 - __main__ - INFO - Train: loss 1.2345 acc1 67.57%
2026-03-26 09:15:34 - __main__ - INFO - Val:   loss 2.2035 acc1 50.38%
2026-03-26 09:15:34 - __main__ - INFO - saved best: 50.38%
2026-03-26 09:15:34 - __main__ - INFO - 
Epoch 101/200 | lr 0.052018
2026-03-26 09:18:00 - __main__ - INFO - Train: loss 1.2215 acc1 67.97%
2026-03-26 09:18:00 - __main__ - INFO - Val:   loss 2.6558 acc1 44.38%
2026-03-26 09:18:00 - __main__ - INFO - 
Epoch 102/200 | lr 0.051213
2026-03-26 09:20:25 - __main__ - INFO - Train: loss 1.2110 acc1 68.18%
2026-03-26 09:20:25 - __main__ - INFO - Val:   loss 2.5114 acc1 45.55%
2026-03-26 09:20:25 - __main__ - INFO - 
Epoch 103/200 | lr 0.050408
2026-03-26 09:22:51 - __main__ - INFO - Train: loss 1.1982 acc1 68.43%
2026-03-26 09:22:51 - __main__ - INFO - Val:   loss 2.7101 acc1 44.24%
2026-03-26 09:22:51 - __main__ - INFO - 
Epoch 104/200 | lr 0.049602
2026-03-26 09:25:17 - __main__ - INFO - Train: loss 1.1763 acc1 68.96%
2026-03-26 09:25:17 - __main__ - INFO - Val:   loss 2.7078 acc1 45.15%
2026-03-26 09:25:17 - __main__ - INFO - 
Epoch 105/200 | lr 0.048797
2026-03-26 09:27:43 - __main__ - INFO - Train: loss 1.1661 acc1 69.29%
2026-03-26 09:27:43 - __main__ - INFO - Val:   loss 2.1625 acc1 52.23%
2026-03-26 09:27:43 - __main__ - INFO - saved best: 52.23%
2026-03-26 09:27:43 - __main__ - INFO - 
Epoch 106/200 | lr 0.047992
2026-03-26 09:30:09 - __main__ - INFO - Train: loss 1.1435 acc1 69.58%
2026-03-26 09:30:09 - __main__ - INFO - Val:   loss 2.4723 acc1 46.79%
2026-03-26 09:30:09 - __main__ - INFO - 
Epoch 107/200 | lr 0.047187
2026-03-26 09:32:35 - __main__ - INFO - Train: loss 1.1394 acc1 69.88%
2026-03-26 09:32:35 - __main__ - INFO - Val:   loss 2.3128 acc1 49.63%
2026-03-26 09:32:35 - __main__ - INFO - 
Epoch 108/200 | lr 0.046384
2026-03-26 09:35:01 - __main__ - INFO - Train: loss 1.1197 acc1 70.19%
2026-03-26 09:35:01 - __main__ - INFO - Val:   loss 2.4702 acc1 46.81%
2026-03-26 09:35:01 - __main__ - INFO - 
Epoch 109/200 | lr 0.045581
2026-03-26 09:37:26 - __main__ - INFO - Train: loss 1.1035 acc1 70.61%
2026-03-26 09:37:26 - __main__ - INFO - Val:   loss 2.3192 acc1 48.56%
2026-03-26 09:37:26 - __main__ - INFO - 
Epoch 110/200 | lr 0.044779
2026-03-26 09:39:52 - __main__ - INFO - Train: loss 1.0833 acc1 71.21%
2026-03-26 09:39:52 - __main__ - INFO - Val:   loss 2.3287 acc1 49.71%
2026-03-26 09:39:52 - __main__ - INFO - 
Epoch 111/200 | lr 0.043979
2026-03-26 09:42:18 - __main__ - INFO - Train: loss 1.0670 acc1 71.57%
2026-03-26 09:42:18 - __main__ - INFO - Val:   loss 2.2626 acc1 49.99%
2026-03-26 09:42:18 - __main__ - INFO - 
Epoch 112/200 | lr 0.043180
2026-03-26 09:44:44 - __main__ - INFO - Train: loss 1.0550 acc1 71.92%
2026-03-26 09:44:44 - __main__ - INFO - Val:   loss 2.1962 acc1 51.97%
2026-03-26 09:44:44 - __main__ - INFO - 
Epoch 113/200 | lr 0.042383
2026-03-26 09:47:10 - __main__ - INFO - Train: loss 1.0310 acc1 72.31%
2026-03-26 09:47:10 - __main__ - INFO - Val:   loss 2.3239 acc1 49.64%
2026-03-26 09:47:10 - __main__ - INFO - 
Epoch 114/200 | lr 0.041588
2026-03-26 09:49:35 - __main__ - INFO - Train: loss 1.0196 acc1 72.52%
2026-03-26 09:49:35 - __main__ - INFO - Val:   loss 2.4972 acc1 47.05%
2026-03-26 09:49:35 - __main__ - INFO - 
Epoch 115/200 | lr 0.040795
2026-03-26 09:52:01 - __main__ - INFO - Train: loss 1.0017 acc1 73.12%
2026-03-26 09:52:01 - __main__ - INFO - Val:   loss 2.2293 acc1 51.60%
2026-03-26 09:52:01 - __main__ - INFO - 
Epoch 116/200 | lr 0.040005
2026-03-26 09:54:27 - __main__ - INFO - Train: loss 0.9819 acc1 73.61%
2026-03-26 09:54:27 - __main__ - INFO - Val:   loss 2.1935 acc1 51.24%
2026-03-26 09:54:27 - __main__ - INFO - 
Epoch 117/200 | lr 0.039217
2026-03-26 09:56:53 - __main__ - INFO - Train: loss 0.9550 acc1 74.22%
2026-03-26 09:56:53 - __main__ - INFO - Val:   loss 2.3715 acc1 48.95%
2026-03-26 09:56:53 - __main__ - INFO - 
Epoch 118/200 | lr 0.038432
2026-03-26 09:59:19 - __main__ - INFO - Train: loss 0.9447 acc1 74.51%
2026-03-26 09:59:19 - __main__ - INFO - Val:   loss 2.6818 acc1 44.76%
2026-03-26 09:59:19 - __main__ - INFO - 
Epoch 119/200 | lr 0.037650
2026-03-26 10:01:44 - __main__ - INFO - Train: loss 0.9186 acc1 75.23%
2026-03-26 10:01:44 - __main__ - INFO - Val:   loss 2.2685 acc1 52.10%
2026-03-26 10:01:44 - __main__ - INFO - 
Epoch 120/200 | lr 0.036871
2026-03-26 10:04:10 - __main__ - INFO - Train: loss 0.9077 acc1 75.31%
2026-03-26 10:04:10 - __main__ - INFO - Val:   loss 2.3306 acc1 50.58%
2026-03-26 10:04:10 - __main__ - INFO - 
Epoch 121/200 | lr 0.036096
2026-03-26 10:06:36 - __main__ - INFO - Train: loss 0.8845 acc1 75.96%
2026-03-26 10:06:36 - __main__ - INFO - Val:   loss 2.1642 acc1 52.65%
2026-03-26 10:06:36 - __main__ - INFO - saved best: 52.65%
2026-03-26 10:06:36 - __main__ - INFO - 
Epoch 122/200 | lr 0.035324
2026-03-26 10:09:02 - __main__ - INFO - Train: loss 0.8622 acc1 76.60%
2026-03-26 10:09:02 - __main__ - INFO - Val:   loss 2.1416 acc1 52.20%
2026-03-26 10:09:02 - __main__ - INFO - 
Epoch 123/200 | lr 0.034556
2026-03-26 10:11:27 - __main__ - INFO - Train: loss 0.8420 acc1 77.05%
2026-03-26 10:11:27 - __main__ - INFO - Val:   loss 2.3210 acc1 50.64%
2026-03-26 10:11:27 - __main__ - INFO - 
Epoch 124/200 | lr 0.033792
2026-03-26 10:13:53 - __main__ - INFO - Train: loss 0.8319 acc1 77.36%
2026-03-26 10:13:53 - __main__ - INFO - Val:   loss 2.2178 acc1 52.02%
2026-03-26 10:13:53 - __main__ - INFO - 
Epoch 125/200 | lr 0.033032
2026-03-26 10:16:19 - __main__ - INFO - Train: loss 0.8137 acc1 77.74%
2026-03-26 10:16:19 - __main__ - INFO - Val:   loss 2.2565 acc1 53.55%
2026-03-26 10:16:19 - __main__ - INFO - saved best: 53.55%
2026-03-26 10:16:19 - __main__ - INFO - 
Epoch 126/200 | lr 0.032277
2026-03-26 10:18:45 - __main__ - INFO - Train: loss 0.7853 acc1 78.70%
2026-03-26 10:18:45 - __main__ - INFO - Val:   loss 2.5077 acc1 49.48%
2026-03-26 10:18:45 - __main__ - INFO - 
Epoch 127/200 | lr 0.031526
2026-03-26 10:21:11 - __main__ - INFO - Train: loss 0.7640 acc1 79.10%
2026-03-26 10:21:11 - __main__ - INFO - Val:   loss 2.2820 acc1 52.27%
2026-03-26 10:21:11 - __main__ - INFO - 
Epoch 128/200 | lr 0.030780
2026-03-26 10:23:36 - __main__ - INFO - Train: loss 0.7387 acc1 79.72%
2026-03-26 10:23:36 - __main__ - INFO - Val:   loss 2.2280 acc1 52.32%
2026-03-26 10:23:36 - __main__ - INFO - 
Epoch 129/200 | lr 0.030039
2026-03-26 10:26:02 - __main__ - INFO - Train: loss 0.7251 acc1 80.15%
2026-03-26 10:26:02 - __main__ - INFO - Val:   loss 2.3824 acc1 50.63%
2026-03-26 10:26:02 - __main__ - INFO - 
Epoch 130/200 | lr 0.029303
2026-03-26 10:28:28 - __main__ - INFO - Train: loss 0.7070 acc1 80.46%
2026-03-26 10:28:28 - __main__ - INFO - Val:   loss 2.2752 acc1 53.36%
2026-03-26 10:28:28 - __main__ - INFO - 
Epoch 131/200 | lr 0.028573
2026-03-26 10:30:54 - __main__ - INFO - Train: loss 0.6753 acc1 81.49%
2026-03-26 10:30:54 - __main__ - INFO - Val:   loss 2.4596 acc1 51.10%
2026-03-26 10:30:54 - __main__ - INFO - 
Epoch 132/200 | lr 0.027848
2026-03-26 10:33:20 - __main__ - INFO - Train: loss 0.6640 acc1 81.81%
2026-03-26 10:33:20 - __main__ - INFO - Val:   loss 2.3425 acc1 51.98%
2026-03-26 10:33:20 - __main__ - INFO - 
Epoch 133/200 | lr 0.027129
2026-03-26 10:35:46 - __main__ - INFO - Train: loss 0.6338 acc1 82.58%
2026-03-26 10:35:46 - __main__ - INFO - Val:   loss 2.4800 acc1 49.95%
2026-03-26 10:35:46 - __main__ - INFO - 
Epoch 134/200 | lr 0.026415
2026-03-26 10:38:11 - __main__ - INFO - Train: loss 0.6167 acc1 82.93%
2026-03-26 10:38:11 - __main__ - INFO - Val:   loss 2.3230 acc1 51.53%
2026-03-26 10:38:11 - __main__ - INFO - 
Epoch 135/200 | lr 0.025708
2026-03-26 10:40:37 - __main__ - INFO - Train: loss 0.5856 acc1 83.85%
2026-03-26 10:40:37 - __main__ - INFO - Val:   loss 2.1854 acc1 53.89%
2026-03-26 10:40:37 - __main__ - INFO - saved best: 53.89%
2026-03-26 10:40:37 - __main__ - INFO - 
Epoch 136/200 | lr 0.025008
2026-03-26 10:43:03 - __main__ - INFO - Train: loss 0.5584 acc1 84.61%
2026-03-26 10:43:03 - __main__ - INFO - Val:   loss 2.3576 acc1 52.55%
2026-03-26 10:43:03 - __main__ - INFO - 
Epoch 137/200 | lr 0.024313
2026-03-26 10:45:29 - __main__ - INFO - Train: loss 0.5512 acc1 85.00%
2026-03-26 10:45:29 - __main__ - INFO - Val:   loss 2.2552 acc1 53.35%
2026-03-26 10:45:29 - __main__ - INFO - 
Epoch 138/200 | lr 0.023626
2026-03-26 10:47:54 - __main__ - INFO - Train: loss 0.5263 acc1 85.64%
2026-03-26 10:47:54 - __main__ - INFO - Val:   loss 2.4023 acc1 52.79%
2026-03-26 10:47:54 - __main__ - INFO - 
Epoch 139/200 | lr 0.022945
2026-03-26 10:50:20 - __main__ - INFO - Train: loss 0.5042 acc1 86.15%
2026-03-26 10:50:20 - __main__ - INFO - Val:   loss 2.2342 acc1 53.69%
2026-03-26 10:50:20 - __main__ - INFO - 
Epoch 140/200 | lr 0.022271
2026-03-26 10:52:46 - __main__ - INFO - Train: loss 0.4857 acc1 86.78%
2026-03-26 10:52:46 - __main__ - INFO - Val:   loss 2.2123 acc1 53.96%
2026-03-26 10:52:46 - __main__ - INFO - saved best: 53.96%
2026-03-26 10:52:46 - __main__ - INFO - 
Epoch 141/200 | lr 0.021605
2026-03-26 10:55:12 - __main__ - INFO - Train: loss 0.4676 acc1 87.32%
2026-03-26 10:55:12 - __main__ - INFO - Val:   loss 2.3356 acc1 53.55%
2026-03-26 10:55:12 - __main__ - INFO - 
Epoch 142/200 | lr 0.020945
2026-03-26 10:57:38 - __main__ - INFO - Train: loss 0.4362 acc1 88.29%
2026-03-26 10:57:38 - __main__ - INFO - Val:   loss 2.2095 acc1 54.35%
2026-03-26 10:57:38 - __main__ - INFO - saved best: 54.35%
2026-03-26 10:57:38 - __main__ - INFO - 
Epoch 143/200 | lr 0.020294
2026-03-26 11:00:03 - __main__ - INFO - Train: loss 0.4101 acc1 88.98%
2026-03-26 11:00:03 - __main__ - INFO - Val:   loss 2.1297 acc1 55.76%
2026-03-26 11:00:03 - __main__ - INFO - saved best: 55.76%
2026-03-26 11:00:03 - __main__ - INFO - 
Epoch 144/200 | lr 0.019650
2026-03-26 11:02:29 - __main__ - INFO - Train: loss 0.3866 acc1 89.68%
2026-03-26 11:02:29 - __main__ - INFO - Val:   loss 2.1450 acc1 55.54%
2026-03-26 11:02:29 - __main__ - INFO - 
Epoch 145/200 | lr 0.019014
2026-03-26 11:04:55 - __main__ - INFO - Train: loss 0.3725 acc1 90.15%
2026-03-26 11:04:55 - __main__ - INFO - Val:   loss 2.1278 acc1 55.54%
2026-03-26 11:04:55 - __main__ - INFO - 
Epoch 146/200 | lr 0.018386
2026-03-26 11:07:21 - __main__ - INFO - Train: loss 0.3519 acc1 90.72%
2026-03-26 11:07:21 - __main__ - INFO - Val:   loss 2.4058 acc1 52.19%
2026-03-26 11:07:21 - __main__ - INFO - 
Epoch 147/200 | lr 0.017766
2026-03-26 11:09:47 - __main__ - INFO - Train: loss 0.3507 acc1 90.88%
2026-03-26 11:09:47 - __main__ - INFO - Val:   loss 2.1129 acc1 55.55%
2026-03-26 11:09:47 - __main__ - INFO - 
Epoch 148/200 | lr 0.017155
2026-03-26 11:12:13 - __main__ - INFO - Train: loss 0.3199 acc1 91.74%
2026-03-26 11:12:13 - __main__ - INFO - Val:   loss 2.1373 acc1 56.06%
2026-03-26 11:12:13 - __main__ - INFO - saved best: 56.06%
2026-03-26 11:12:13 - __main__ - INFO - 
Epoch 149/200 | lr 0.016552
2026-03-26 11:14:39 - __main__ - INFO - Train: loss 0.2949 acc1 92.63%
2026-03-26 11:14:39 - __main__ - INFO - Val:   loss 2.1088 acc1 57.04%
2026-03-26 11:14:39 - __main__ - INFO - saved best: 57.04%
2026-03-26 11:14:39 - __main__ - INFO - 
Epoch 150/200 | lr 0.015958
2026-03-26 11:17:04 - __main__ - INFO - Train: loss 0.2611 acc1 93.67%
2026-03-26 11:17:04 - __main__ - INFO - Val:   loss 2.1411 acc1 56.41%
2026-03-26 11:17:04 - __main__ - INFO - 
Epoch 151/200 | lr 0.015372
2026-03-26 11:19:30 - __main__ - INFO - Train: loss 0.2390 acc1 94.40%
2026-03-26 11:19:30 - __main__ - INFO - Val:   loss 2.2509 acc1 54.18%
2026-03-26 11:19:30 - __main__ - INFO - 
Epoch 152/200 | lr 0.014796
2026-03-26 11:21:56 - __main__ - INFO - Train: loss 0.2433 acc1 94.11%
2026-03-26 11:21:56 - __main__ - INFO - Val:   loss 2.1577 acc1 56.73%
2026-03-26 11:21:56 - __main__ - INFO - 
Epoch 153/200 | lr 0.014229
2026-03-26 11:24:22 - __main__ - INFO - Train: loss 0.2330 acc1 94.47%
2026-03-26 11:24:22 - __main__ - INFO - Val:   loss 1.9652 acc1 58.93%
2026-03-26 11:24:22 - __main__ - INFO - saved best: 58.93%
2026-03-26 11:24:22 - __main__ - INFO - 
Epoch 154/200 | lr 0.013671
2026-03-26 11:26:48 - __main__ - INFO - Train: loss 0.2070 acc1 95.31%
2026-03-26 11:26:48 - __main__ - INFO - Val:   loss 2.0312 acc1 57.65%
2026-03-26 11:26:48 - __main__ - INFO - 
Epoch 155/200 | lr 0.013122
2026-03-26 11:29:13 - __main__ - INFO - Train: loss 0.1961 acc1 95.64%
2026-03-26 11:29:13 - __main__ - INFO - Val:   loss 1.9365 acc1 59.59%
2026-03-26 11:29:13 - __main__ - INFO - saved best: 59.59%
2026-03-26 11:29:13 - __main__ - INFO - 
Epoch 156/200 | lr 0.012583
2026-03-26 11:31:39 - __main__ - INFO - Train: loss 0.1695 acc1 96.46%
2026-03-26 11:31:39 - __main__ - INFO - Val:   loss 2.1616 acc1 55.99%
2026-03-26 11:31:39 - __main__ - INFO - 
Epoch 157/200 | lr 0.012054
2026-03-26 11:34:05 - __main__ - INFO - Train: loss 0.1732 acc1 96.36%
2026-03-26 11:34:05 - __main__ - INFO - Val:   loss 1.9176 acc1 59.75%
2026-03-26 11:34:05 - __main__ - INFO - saved best: 59.75%
2026-03-26 11:34:05 - __main__ - INFO - 
Epoch 158/200 | lr 0.011535
2026-03-26 11:36:31 - __main__ - INFO - Train: loss 0.1301 acc1 97.63%
2026-03-26 11:36:31 - __main__ - INFO - Val:   loss 1.8892 acc1 60.36%
2026-03-26 11:36:31 - __main__ - INFO - saved best: 60.36%
2026-03-26 11:36:31 - __main__ - INFO - 
Epoch 159/200 | lr 0.011025
2026-03-26 11:38:56 - __main__ - INFO - Train: loss 0.1153 acc1 98.01%
2026-03-26 11:38:56 - __main__ - INFO - Val:   loss 1.8683 acc1 61.23%
2026-03-26 11:38:56 - __main__ - INFO - saved best: 61.23%
2026-03-26 11:38:56 - __main__ - INFO - 
Epoch 160/200 | lr 0.010526
2026-03-26 11:41:22 - __main__ - INFO - Train: loss 0.1065 acc1 98.23%
2026-03-26 11:41:22 - __main__ - INFO - Val:   loss 1.8935 acc1 60.11%
2026-03-26 11:41:22 - __main__ - INFO - 
Epoch 161/200 | lr 0.010037
2026-03-26 11:43:48 - __main__ - INFO - Train: loss 0.0998 acc1 98.42%
2026-03-26 11:43:48 - __main__ - INFO - Val:   loss 1.8658 acc1 60.78%
2026-03-26 11:43:48 - __main__ - INFO - 
Epoch 162/200 | lr 0.009558
2026-03-26 11:46:14 - __main__ - INFO - Train: loss 0.0808 acc1 98.92%
2026-03-26 11:46:14 - __main__ - INFO - Val:   loss 1.8336 acc1 61.19%
2026-03-26 11:46:14 - __main__ - INFO - 
Epoch 163/200 | lr 0.009090
2026-03-26 11:48:39 - __main__ - INFO - Train: loss 0.0736 acc1 99.11%
2026-03-26 11:48:39 - __main__ - INFO - Val:   loss 1.9199 acc1 60.52%
2026-03-26 11:48:39 - __main__ - INFO - 
Epoch 164/200 | lr 0.008632
2026-03-26 11:51:05 - __main__ - INFO - Train: loss 0.0672 acc1 99.26%
2026-03-26 11:51:05 - __main__ - INFO - Val:   loss 1.7526 acc1 62.37%
2026-03-26 11:51:05 - __main__ - INFO - saved best: 62.37%
2026-03-26 11:51:05 - __main__ - INFO - 
Epoch 165/200 | lr 0.008186
2026-03-26 11:53:31 - __main__ - INFO - Train: loss 0.0616 acc1 99.37%
2026-03-26 11:53:31 - __main__ - INFO - Val:   loss 1.7533 acc1 62.05%
2026-03-26 11:53:31 - __main__ - INFO - 
Epoch 166/200 | lr 0.007750
2026-03-26 11:55:56 - __main__ - INFO - Train: loss 0.0550 acc1 99.50%
2026-03-26 11:55:56 - __main__ - INFO - Val:   loss 1.7275 acc1 62.54%
2026-03-26 11:55:56 - __main__ - INFO - saved best: 62.54%
2026-03-26 11:55:56 - __main__ - INFO - 
Epoch 167/200 | lr 0.007325
2026-03-26 11:58:22 - __main__ - INFO - Train: loss 0.0520 acc1 99.54%
2026-03-26 11:58:22 - __main__ - INFO - Val:   loss 1.7149 acc1 62.34%
2026-03-26 11:58:22 - __main__ - INFO - 
Epoch 168/200 | lr 0.006911
2026-03-26 12:00:48 - __main__ - INFO - Train: loss 0.0449 acc1 99.71%
2026-03-26 12:00:48 - __main__ - INFO - Val:   loss 1.6698 acc1 63.12%
2026-03-26 12:00:48 - __main__ - INFO - saved best: 63.12%
2026-03-26 12:00:48 - __main__ - INFO - 
Epoch 169/200 | lr 0.006508
2026-03-26 12:03:14 - __main__ - INFO - Train: loss 0.0378 acc1 99.81%
2026-03-26 12:03:14 - __main__ - INFO - Val:   loss 1.6638 acc1 63.02%
2026-03-26 12:03:14 - __main__ - INFO - 
Epoch 170/200 | lr 0.006117
2026-03-26 12:05:39 - __main__ - INFO - Train: loss 0.0361 acc1 99.81%
2026-03-26 12:05:39 - __main__ - INFO - Val:   loss 1.6932 acc1 63.22%
2026-03-26 12:05:39 - __main__ - INFO - saved best: 63.22%
2026-03-26 12:05:39 - __main__ - INFO - 
Epoch 171/200 | lr 0.005737
2026-03-26 12:08:05 - __main__ - INFO - Train: loss 0.0338 acc1 99.84%
2026-03-26 12:08:05 - __main__ - INFO - Val:   loss 1.7263 acc1 61.96%
2026-03-26 12:08:05 - __main__ - INFO - 
Epoch 172/200 | lr 0.005368
2026-03-26 12:10:31 - __main__ - INFO - Train: loss 0.0339 acc1 99.87%
2026-03-26 12:10:31 - __main__ - INFO - Val:   loss 1.6226 acc1 64.45%
2026-03-26 12:10:31 - __main__ - INFO - saved best: 64.45%
2026-03-26 12:10:31 - __main__ - INFO - 
Epoch 173/200 | lr 0.005011
2026-03-26 12:12:57 - __main__ - INFO - Train: loss 0.0281 acc1 99.92%
2026-03-26 12:12:57 - __main__ - INFO - Val:   loss 1.5950 acc1 64.00%
2026-03-26 12:12:57 - __main__ - INFO - 
Epoch 174/200 | lr 0.004666
2026-03-26 12:15:23 - __main__ - INFO - Train: loss 0.0270 acc1 99.94%
2026-03-26 12:15:23 - __main__ - INFO - Val:   loss 1.6140 acc1 64.18%
2026-03-26 12:15:23 - __main__ - INFO - 
Epoch 175/200 | lr 0.004332
2026-03-26 12:17:48 - __main__ - INFO - Train: loss 0.0276 acc1 99.92%
2026-03-26 12:17:48 - __main__ - INFO - Val:   loss 1.6324 acc1 63.58%
2026-03-26 12:17:48 - __main__ - INFO - 
Epoch 176/200 | lr 0.004011
2026-03-26 12:20:14 - __main__ - INFO - Train: loss 0.0291 acc1 99.91%
2026-03-26 12:20:14 - __main__ - INFO - Val:   loss 1.6050 acc1 63.58%
2026-03-26 12:20:14 - __main__ - INFO - 
Epoch 177/200 | lr 0.003701
2026-03-26 12:22:40 - __main__ - INFO - Train: loss 0.0255 acc1 99.95%
2026-03-26 12:22:40 - __main__ - INFO - Val:   loss 1.5962 acc1 64.34%
2026-03-26 12:22:40 - __main__ - INFO - 
Epoch 178/200 | lr 0.003403
2026-03-26 12:25:06 - __main__ - INFO - Train: loss 0.0246 acc1 99.95%
2026-03-26 12:25:06 - __main__ - INFO - Val:   loss 1.5827 acc1 64.09%
2026-03-26 12:25:06 - __main__ - INFO - 
Epoch 179/200 | lr 0.003118
2026-03-26 12:27:32 - __main__ - INFO - Train: loss 0.0240 acc1 99.95%
2026-03-26 12:27:32 - __main__ - INFO - Val:   loss 1.5900 acc1 64.40%
2026-03-26 12:27:32 - __main__ - INFO - 
Epoch 180/200 | lr 0.002844
2026-03-26 12:29:57 - __main__ - INFO - Train: loss 0.0245 acc1 99.95%
2026-03-26 12:29:57 - __main__ - INFO - Val:   loss 1.5734 acc1 64.48%
2026-03-26 12:29:57 - __main__ - INFO - saved best: 64.48%
2026-03-26 12:29:57 - __main__ - INFO - 
Epoch 181/200 | lr 0.002583
2026-03-26 12:32:23 - __main__ - INFO - Train: loss 0.0231 acc1 99.94%
2026-03-26 12:32:23 - __main__ - INFO - Val:   loss 1.5839 acc1 64.64%
2026-03-26 12:32:23 - __main__ - INFO - saved best: 64.64%
2026-03-26 12:32:23 - __main__ - INFO - 
Epoch 182/200 | lr 0.002334
2026-03-26 12:34:49 - __main__ - INFO - Train: loss 0.0223 acc1 99.96%
2026-03-26 12:34:49 - __main__ - INFO - Val:   loss 1.5764 acc1 64.66%
2026-03-26 12:34:49 - __main__ - INFO - saved best: 64.66%
2026-03-26 12:34:49 - __main__ - INFO - 
Epoch 183/200 | lr 0.002097
2026-03-26 12:37:15 - __main__ - INFO - Train: loss 0.0211 acc1 99.97%
2026-03-26 12:37:15 - __main__ - INFO - Val:   loss 1.5630 acc1 64.79%
2026-03-26 12:37:15 - __main__ - INFO - saved best: 64.79%
2026-03-26 12:37:15 - __main__ - INFO - 
Epoch 184/200 | lr 0.001873
2026-03-26 12:39:41 - __main__ - INFO - Train: loss 0.0207 acc1 99.97%
2026-03-26 12:39:41 - __main__ - INFO - Val:   loss 1.5606 acc1 64.98%
2026-03-26 12:39:41 - __main__ - INFO - saved best: 64.98%
2026-03-26 12:39:41 - __main__ - INFO - 
Epoch 185/200 | lr 0.001662
2026-03-26 12:42:07 - __main__ - INFO - Train: loss 0.0205 acc1 99.96%
2026-03-26 12:42:07 - __main__ - INFO - Val:   loss 1.5596 acc1 64.75%
2026-03-26 12:42:07 - __main__ - INFO - 
Epoch 186/200 | lr 0.001463
2026-03-26 12:44:33 - __main__ - INFO - Train: loss 0.0202 acc1 99.96%
2026-03-26 12:44:33 - __main__ - INFO - Val:   loss 1.5591 acc1 64.84%
2026-03-26 12:44:33 - __main__ - INFO - 
Epoch 187/200 | lr 0.001276
2026-03-26 12:46:58 - __main__ - INFO - Train: loss 0.0199 acc1 99.98%
2026-03-26 12:46:58 - __main__ - INFO - Val:   loss 1.5623 acc1 64.40%
2026-03-26 12:46:58 - __main__ - INFO - 
Epoch 188/200 | lr 0.001103
2026-03-26 12:49:24 - __main__ - INFO - Train: loss 0.0192 acc1 99.97%
2026-03-26 12:49:24 - __main__ - INFO - Val:   loss 1.5629 acc1 64.52%
2026-03-26 12:49:24 - __main__ - INFO - 
Epoch 189/200 | lr 0.000941
2026-03-26 12:51:50 - __main__ - INFO - Train: loss 0.0191 acc1 99.97%
2026-03-26 12:51:50 - __main__ - INFO - Val:   loss 1.5515 acc1 64.84%
2026-03-26 12:51:50 - __main__ - INFO - 
Epoch 190/200 | lr 0.000793
2026-03-26 12:54:16 - __main__ - INFO - Train: loss 0.0189 acc1 99.98%
2026-03-26 12:54:16 - __main__ - INFO - Val:   loss 1.5558 acc1 64.73%
2026-03-26 12:54:16 - __main__ - INFO - 
Epoch 191/200 | lr 0.000657
2026-03-26 12:56:42 - __main__ - INFO - Train: loss 0.0187 acc1 99.97%
2026-03-26 12:56:42 - __main__ - INFO - Val:   loss 1.5574 acc1 64.54%
2026-03-26 12:56:42 - __main__ - INFO - 
Epoch 192/200 | lr 0.000535
2026-03-26 12:59:08 - __main__ - INFO - Train: loss 0.0184 acc1 99.98%
2026-03-26 12:59:08 - __main__ - INFO - Val:   loss 1.5576 acc1 64.60%
2026-03-26 12:59:08 - __main__ - INFO - 
Epoch 193/200 | lr 0.000425
2026-03-26 13:01:33 - __main__ - INFO - Train: loss 0.0186 acc1 99.98%
2026-03-26 13:01:33 - __main__ - INFO - Val:   loss 1.5629 acc1 64.63%
2026-03-26 13:01:33 - __main__ - INFO - 
Epoch 194/200 | lr 0.000328
2026-03-26 13:03:59 - __main__ - INFO - Train: loss 0.0183 acc1 99.98%
2026-03-26 13:03:59 - __main__ - INFO - Val:   loss 1.5530 acc1 64.77%
2026-03-26 13:03:59 - __main__ - INFO - 
Epoch 195/200 | lr 0.000243
2026-03-26 13:06:25 - __main__ - INFO - Train: loss 0.0182 acc1 99.98%
2026-03-26 13:06:25 - __main__ - INFO - Val:   loss 1.5610 acc1 64.60%
2026-03-26 13:06:25 - __main__ - INFO - 
Epoch 196/200 | lr 0.000172
2026-03-26 13:08:51 - __main__ - INFO - Train: loss 0.0182 acc1 99.97%
2026-03-26 13:08:51 - __main__ - INFO - Val:   loss 1.5566 acc1 64.61%
2026-03-26 13:08:51 - __main__ - INFO - 
Epoch 197/200 | lr 0.000114
2026-03-26 13:11:17 - __main__ - INFO - Train: loss 0.0179 acc1 99.98%
2026-03-26 13:11:17 - __main__ - INFO - Val:   loss 1.5593 acc1 64.77%
2026-03-26 13:11:17 - __main__ - INFO - 
Epoch 198/200 | lr 0.000068
2026-03-26 13:13:42 - __main__ - INFO - Train: loss 0.0179 acc1 99.97%
2026-03-26 13:13:42 - __main__ - INFO - Val:   loss 1.5549 acc1 64.61%
2026-03-26 13:13:42 - __main__ - INFO - 
Epoch 199/200 | lr 0.000036
2026-03-26 13:16:08 - __main__ - INFO - Train: loss 0.0180 acc1 99.98%
2026-03-26 13:16:08 - __main__ - INFO - Val:   loss 1.5599 acc1 64.69%
2026-03-26 13:16:08 - __main__ - INFO - 
Epoch 200/200 | lr 0.000016
2026-03-26 13:18:34 - __main__ - INFO - Train: loss 0.0178 acc1 99.98%
2026-03-26 13:18:34 - __main__ - INFO - Val:   loss 1.5582 acc1 64.59%
2026-03-26 13:18:34 - __main__ - INFO - Loaded best checkpoint weights for final test evaluation.
2026-03-26 13:18:39 - __main__ - INFO - 
Best tracked (val): 64.98%
2026-03-26 13:18:39 - __main__ - INFO - Final test: loss 11.2066 acc1 0.66%
2026-03-26 13:18:40 - __main__ - INFO - Input model resnet18 done — test acc 0.66%, test loss 11.2066
2026-03-26 13:18:40 - __main__ - INFO - 
Preparing eval dataloaders for HiResCAM computation …
2026-03-26 13:18:40 - __main__ - INFO - 
Saving variant datasets to data/comparison_tiny_imagenet_2026_03/26
2026-03-26 13:18:40 - __main__ - INFO - Generating train variants → data/comparison_tiny_imagenet_2026_03/26
2026-03-26 13:18:47 - __main__ - INFO -   [train] processed 1280 images …
2026-03-26 13:18:54 - __main__ - INFO -   [train] processed 2560 images …
2026-03-26 13:19:01 - __main__ - INFO -   [train] processed 3840 images …
2026-03-26 13:19:08 - __main__ - INFO -   [train] processed 5120 images …
2026-03-26 13:19:14 - __main__ - INFO -   [train] processed 6400 images …
2026-03-26 13:19:21 - __main__ - INFO -   [train] processed 7680 images …
2026-03-26 13:19:28 - __main__ - INFO -   [train] processed 8960 images …
2026-03-26 13:19:35 - __main__ - INFO -   [train] processed 10240 images …
2026-03-26 13:19:42 - __main__ - INFO -   [train] processed 11520 images …
2026-03-26 13:19:48 - __main__ - INFO -   [train] processed 12800 images …
2026-03-26 13:19:55 - __main__ - INFO -   [train] processed 14080 images …
2026-03-26 13:20:02 - __main__ - INFO -   [train] processed 15360 images …
2026-03-26 13:20:09 - __main__ - INFO -   [train] processed 16640 images …
2026-03-26 13:20:15 - __main__ - INFO -   [train] processed 17920 images …
2026-03-26 13:20:22 - __main__ - INFO -   [train] processed 19200 images …
2026-03-26 13:20:29 - __main__ - INFO -   [train] processed 20480 images …
2026-03-26 13:20:36 - __main__ - INFO -   [train] processed 21760 images …
2026-03-26 13:20:43 - __main__ - INFO -   [train] processed 23040 images …
2026-03-26 13:20:49 - __main__ - INFO -   [train] processed 24320 images …
2026-03-26 13:20:56 - __main__ - INFO -   [train] processed 25600 images …
2026-03-26 13:21:03 - __main__ - INFO -   [train] processed 26880 images …
2026-03-26 13:21:10 - __main__ - INFO -   [train] processed 28160 images …
2026-03-26 13:21:17 - __main__ - INFO -   [train] processed 29440 images …
2026-03-26 13:21:23 - __main__ - INFO -   [train] processed 30720 images …
2026-03-26 13:21:30 - __main__ - INFO -   [train] processed 32000 images …
2026-03-26 13:21:37 - __main__ - INFO -   [train] processed 33280 images …
2026-03-26 13:21:44 - __main__ - INFO -   [train] processed 34560 images …
2026-03-26 13:21:51 - __main__ - INFO -   [train] processed 35840 images …
2026-03-26 13:21:57 - __main__ - INFO -   [train] processed 37120 images …
2026-03-26 13:22:04 - __main__ - INFO -   [train] processed 38400 images …
2026-03-26 13:22:11 - __main__ - INFO -   [train] processed 39680 images …
2026-03-26 13:22:18 - __main__ - INFO -   [train] processed 40960 images …
2026-03-26 13:22:24 - __main__ - INFO -   [train] processed 42240 images …
2026-03-26 13:22:31 - __main__ - INFO -   [train] processed 43520 images …
2026-03-26 13:22:38 - __main__ - INFO -   [train] processed 44800 images …
2026-03-26 13:22:45 - __main__ - INFO -   [train] processed 46080 images …
2026-03-26 13:22:52 - __main__ - INFO -   [train] processed 47360 images …
2026-03-26 13:22:58 - __main__ - INFO -   [train] processed 48640 images …
2026-03-26 13:23:05 - __main__ - INFO -   [train] processed 49920 images …
2026-03-26 13:23:12 - __main__ - INFO -   [train] processed 51200 images …
2026-03-26 13:23:19 - __main__ - INFO -   [train] processed 52480 images …
2026-03-26 13:23:26 - __main__ - INFO -   [train] processed 53760 images …
2026-03-26 13:23:32 - __main__ - INFO -   [train] processed 55040 images …
2026-03-26 13:23:39 - __main__ - INFO -   [train] processed 56320 images …
2026-03-26 13:23:46 - __main__ - INFO -   [train] processed 57600 images …
2026-03-26 13:23:53 - __main__ - INFO -   [train] processed 58880 images …
2026-03-26 13:24:00 - __main__ - INFO -   [train] processed 60160 images …
2026-03-26 13:24:06 - __main__ - INFO -   [train] processed 61440 images …
2026-03-26 13:24:13 - __main__ - INFO -   [train] processed 62720 images …
2026-03-26 13:24:20 - __main__ - INFO -   [train] processed 64000 images …
2026-03-26 13:24:27 - __main__ - INFO -   [train] processed 65280 images …
2026-03-26 13:24:34 - __main__ - INFO -   [train] processed 66560 images …
2026-03-26 13:24:40 - __main__ - INFO -   [train] processed 67840 images …
2026-03-26 13:24:47 - __main__ - INFO -   [train] processed 69120 images …
2026-03-26 13:24:54 - __main__ - INFO -   [train] processed 70400 images …
2026-03-26 13:25:01 - __main__ - INFO -   [train] processed 71680 images …
2026-03-26 13:25:08 - __main__ - INFO -   [train] processed 72960 images …
2026-03-26 13:25:15 - __main__ - INFO -   [train] processed 74240 images …
2026-03-26 13:25:21 - __main__ - INFO -   [train] processed 75520 images …
2026-03-26 13:25:28 - __main__ - INFO -   [train] processed 76800 images …
2026-03-26 13:25:35 - __main__ - INFO -   [train] processed 78080 images …
2026-03-26 13:25:42 - __main__ - INFO -   [train] processed 79360 images …
2026-03-26 13:25:49 - __main__ - INFO -   [train] processed 80640 images …
2026-03-26 13:25:55 - __main__ - INFO -   [train] processed 81920 images …
2026-03-26 13:26:02 - __main__ - INFO -   [train] processed 83200 images …
2026-03-26 13:26:09 - __main__ - INFO -   [train] processed 84480 images …
2026-03-26 13:26:16 - __main__ - INFO -   [train] processed 85760 images …
2026-03-26 13:26:23 - __main__ - INFO -   [train] processed 87040 images …
2026-03-26 13:26:29 - __main__ - INFO -   [train] processed 88320 images …
2026-03-26 13:26:36 - __main__ - INFO -   [train] processed 89600 images …
2026-03-26 13:26:38 - __main__ - INFO -   [train] processed 90000 images …
2026-03-26 13:26:38 - __main__ - INFO -   [train] saved 90000 images for all 4 variants
2026-03-26 13:26:38 - __main__ - INFO - Generating test variants → data/comparison_tiny_imagenet_2026_03/26
2026-03-26 13:26:45 - __main__ - INFO -   [test] processed 1280 images …
2026-03-26 13:26:52 - __main__ - INFO -   [test] processed 2560 images …
2026-03-26 13:26:59 - __main__ - INFO -   [test] processed 3840 images …
2026-03-26 13:27:06 - __main__ - INFO -   [test] processed 5120 images …
2026-03-26 13:27:12 - __main__ - INFO -   [test] processed 6400 images …
2026-03-26 13:27:19 - __main__ - INFO -   [test] processed 7680 images …
2026-03-26 13:27:26 - __main__ - INFO -   [test] processed 8960 images …
2026-03-26 13:27:31 - __main__ - INFO -   [test] processed 10000 images …
2026-03-26 13:27:31 - __main__ - INFO -   [test] saved 10000 images for all 4 variants
