2026-06-28 07:27:29 - __main__ - INFO - Run parameters: {"_cam_checkpoint_fingerprint": {"mtime_ns": 1782631629527531086, "path": "/content/CAMRegularization/runs/cifar100/resnet18/42/resnet18_seed42_none/best_model.pt", "sha256": "5e6255985e64981711c505fede7beb5f596e85b88d356dd04a5486c83e366f64", "size": 44961483}, "adamw_betas": [0.9, 0.999], "adamw_eps": 1e-08, "amp": true, "batch_size": 128, "cam_cache_dir": "/content/cam_cache/cifar100/resnet18/seed42", "cam_layer": "auto", "cam_precompute_only": true, "cutout_area": 0.1, "cutout_m": 1, "cutout_mode": "cam_low", "cutout_size": 0, "data_dir": "./data", "dataset": "cifar100", "deterministic_train_transforms": true, "epochs": 100, "gamma": 0.1, "grayscale": false, "include_regex": "", "label_smoothing": 0.0, "log_every": 100, "lr": 0.1, "milestones": "60,80", "min_lr": 1e-05, "model": "resnet18", "momentum": 0.9, "nesterov": false, "num_workers": 0, "optimizer": "sgd", "out_dir": "runs/cifar100/resnet18/42", "run_name": "resnet18_seed42_cam_cache_precompute", "saliency_candidate_percent": 10.0, "scheduler": "cosine", "seed": 42, "teacher_checkpoint": "runs/cifar100/resnet18/42/resnet18_seed42_none/best_model.pt", "teacher_checkpoint_sha256": "5e6255985e64981711c505fede7beb5f596e85b88d356dd04a5486c83e366f64", "teacher_model": "resnet18", "val_split": 0.1, "warmup_epochs": 5, "weight_decay": 0.0005}
2026-06-28 07:27:29 - __main__ - INFO - CAM cache precompute device: cuda | cuda: True | gpu: NVIDIA A100-SXM4-40GB
2026-06-28 07:27:30 - __main__ - INFO - CAM saliency cache directory: /content/cam_cache/cifar100/resnet18/seed42
2026-06-28 07:27:30 - __main__ - INFO - CAM saliency cache enabled: /content/cam_cache/cifar100/resnet18/seed42
2026-06-28 07:27:30 - __main__ - INFO - Precomputing CAM saliency cache for 45000 training samples into /content/cam_cache/cifar100/resnet18/seed42.
2026-06-28 07:27:30 - __main__ - INFO - CAM cache miss: /content/cam_cache/cifar100/resnet18/seed42/0b/04/0b04231a533834a0b8f08e9efd3125407b7aee6972a4cbf0b385347d27701217.pt
2026-06-28 07:27:31 - __main__ - INFO - CAM cache saved: /content/cam_cache/cifar100/resnet18/seed42/0b/04/0b04231a533834a0b8f08e9efd3125407b7aee6972a4cbf0b385347d27701217.pt
2026-06-28 07:27:31 - __main__ - INFO - CAM cache miss: /content/cam_cache/cifar100/resnet18/seed42/d3/b9/d3b9c2b5dd66be4510617879a919058bf8ac1e5d96fb6dda9275ddcb72ad241c.pt
2026-06-28 07:27:31 - __main__ - INFO - CAM cache saved: /content/cam_cache/cifar100/resnet18/seed42/d3/b9/d3b9c2b5dd66be4510617879a919058bf8ac1e5d96fb6dda9275ddcb72ad241c.pt
2026-06-28 07:27:31 - __main__ - INFO - CAM cache miss: /content/cam_cache/cifar100/resnet18/seed42/3b/56/3b56fff7b9c3738d9a7704077bc5ff04977331f246c6a37413ff6a2b73d60961.pt
2026-06-28 07:27:31 - __main__ - INFO - CAM cache saved: /content/cam_cache/cifar100/resnet18/seed42/3b/56/3b56fff7b9c3738d9a7704077bc5ff04977331f246c6a37413ff6a2b73d60961.pt
2026-06-28 07:27:31 - __main__ - INFO - CAM cache miss: /content/cam_cache/cifar100/resnet18/seed42/20/4c/204c8c73faaa117aef2742fa5c970d49b560274859a500e10fac31236f76ad2b.pt
2026-06-28 07:27:31 - __main__ - INFO - CAM cache saved: /content/cam_cache/cifar100/resnet18/seed42/20/4c/204c8c73faaa117aef2742fa5c970d49b560274859a500e10fac31236f76ad2b.pt
2026-06-28 07:27:31 - __main__ - INFO - CAM cache miss: /content/cam_cache/cifar100/resnet18/seed42/c4/7f/c47f3163961986f6dfedb0fa4f875114b4c9c75a273aff6dd3f64e8e569bf103.pt
2026-06-28 07:27:31 - __main__ - INFO - CAM cache saved: /content/cam_cache/cifar100/resnet18/seed42/c4/7f/c47f3163961986f6dfedb0fa4f875114b4c9c75a273aff6dd3f64e8e569bf103.pt
2026-06-28 07:27:34 - __main__ - INFO - CAM cache precompute progress: 500/45000 samples
2026-06-28 07:27:37 - __main__ - INFO - CAM cache precompute progress: 1000/45000 samples
2026-06-28 07:27:40 - __main__ - INFO - CAM cache precompute progress: 1500/45000 samples
2026-06-28 07:27:43 - __main__ - INFO - CAM cache precompute progress: 2000/45000 samples
2026-06-28 07:27:47 - __main__ - INFO - CAM cache precompute progress: 2500/45000 samples
2026-06-28 07:27:50 - __main__ - INFO - CAM cache precompute progress: 3000/45000 samples
2026-06-28 07:27:53 - __main__ - INFO - CAM cache precompute progress: 3500/45000 samples
2026-06-28 07:27:56 - __main__ - INFO - CAM cache precompute progress: 4000/45000 samples
2026-06-28 07:27:59 - __main__ - INFO - CAM cache precompute progress: 4500/45000 samples
2026-06-28 07:28:02 - __main__ - INFO - CAM cache precompute progress: 5000/45000 samples
2026-06-28 07:28:06 - __main__ - INFO - CAM cache precompute progress: 5500/45000 samples
2026-06-28 07:28:09 - __main__ - INFO - CAM cache precompute progress: 6000/45000 samples
2026-06-28 07:28:12 - __main__ - INFO - CAM cache precompute progress: 6500/45000 samples
2026-06-28 07:28:15 - __main__ - INFO - CAM cache precompute progress: 7000/45000 samples
2026-06-28 07:28:18 - __main__ - INFO - CAM cache precompute progress: 7500/45000 samples
2026-06-28 07:28:21 - __main__ - INFO - CAM cache precompute progress: 8000/45000 samples
2026-06-28 07:28:25 - __main__ - INFO - CAM cache precompute progress: 8500/45000 samples
2026-06-28 07:28:28 - __main__ - INFO - CAM cache precompute progress: 9000/45000 samples
2026-06-28 07:28:31 - __main__ - INFO - CAM cache precompute progress: 9500/45000 samples
2026-06-28 07:28:34 - __main__ - INFO - CAM cache precompute progress: 10000/45000 samples
2026-06-28 07:28:37 - __main__ - INFO - CAM cache precompute progress: 10500/45000 samples
2026-06-28 07:28:40 - __main__ - INFO - CAM cache precompute progress: 11000/45000 samples
2026-06-28 07:28:43 - __main__ - INFO - CAM cache precompute progress: 11500/45000 samples
2026-06-28 07:28:47 - __main__ - INFO - CAM cache precompute progress: 12000/45000 samples
2026-06-28 07:28:50 - __main__ - INFO - CAM cache precompute progress: 12500/45000 samples
2026-06-28 07:28:53 - __main__ - INFO - CAM cache precompute progress: 13000/45000 samples
2026-06-28 07:28:56 - __main__ - INFO - CAM cache precompute progress: 13500/45000 samples
2026-06-28 07:28:59 - __main__ - INFO - CAM cache precompute progress: 14000/45000 samples
2026-06-28 07:29:02 - __main__ - INFO - CAM cache precompute progress: 14500/45000 samples
2026-06-28 07:29:06 - __main__ - INFO - CAM cache precompute progress: 15000/45000 samples
2026-06-28 07:29:09 - __main__ - INFO - CAM cache precompute progress: 15500/45000 samples
2026-06-28 07:29:12 - __main__ - INFO - CAM cache precompute progress: 16000/45000 samples
2026-06-28 07:29:15 - __main__ - INFO - CAM cache precompute progress: 16500/45000 samples
2026-06-28 07:29:18 - __main__ - INFO - CAM cache precompute progress: 17000/45000 samples
2026-06-28 07:29:21 - __main__ - INFO - CAM cache precompute progress: 17500/45000 samples
2026-06-28 07:29:24 - __main__ - INFO - CAM cache precompute progress: 18000/45000 samples
2026-06-28 07:29:27 - __main__ - INFO - CAM cache precompute progress: 18500/45000 samples
2026-06-28 07:29:31 - __main__ - INFO - CAM cache precompute progress: 19000/45000 samples
2026-06-28 07:29:34 - __main__ - INFO - CAM cache precompute progress: 19500/45000 samples
2026-06-28 07:29:37 - __main__ - INFO - CAM cache precompute progress: 20000/45000 samples
2026-06-28 07:29:40 - __main__ - INFO - CAM cache precompute progress: 20500/45000 samples
2026-06-28 07:29:43 - __main__ - INFO - CAM cache precompute progress: 21000/45000 samples
2026-06-28 07:29:46 - __main__ - INFO - CAM cache precompute progress: 21500/45000 samples
2026-06-28 07:29:49 - __main__ - INFO - CAM cache precompute progress: 22000/45000 samples
2026-06-28 07:29:52 - __main__ - INFO - CAM cache precompute progress: 22500/45000 samples
2026-06-28 07:29:56 - __main__ - INFO - CAM cache precompute progress: 23000/45000 samples
2026-06-28 07:29:59 - __main__ - INFO - CAM cache precompute progress: 23500/45000 samples
2026-06-28 07:30:02 - __main__ - INFO - CAM cache precompute progress: 24000/45000 samples
2026-06-28 07:30:05 - __main__ - INFO - CAM cache precompute progress: 24500/45000 samples
2026-06-28 07:30:08 - __main__ - INFO - CAM cache precompute progress: 25000/45000 samples
2026-06-28 07:30:11 - __main__ - INFO - CAM cache precompute progress: 25500/45000 samples
2026-06-28 07:30:14 - __main__ - INFO - CAM cache precompute progress: 26000/45000 samples
2026-06-28 07:30:18 - __main__ - INFO - CAM cache precompute progress: 26500/45000 samples
2026-06-28 07:30:21 - __main__ - INFO - CAM cache precompute progress: 27000/45000 samples
2026-06-28 07:30:24 - __main__ - INFO - CAM cache precompute progress: 27500/45000 samples
2026-06-28 07:30:27 - __main__ - INFO - CAM cache precompute progress: 28000/45000 samples
2026-06-28 07:30:30 - __main__ - INFO - CAM cache precompute progress: 28500/45000 samples
2026-06-28 07:30:33 - __main__ - INFO - CAM cache precompute progress: 29000/45000 samples
2026-06-28 07:30:36 - __main__ - INFO - CAM cache precompute progress: 29500/45000 samples
2026-06-28 07:30:40 - __main__ - INFO - CAM cache precompute progress: 30000/45000 samples
2026-06-28 07:30:43 - __main__ - INFO - CAM cache precompute progress: 30500/45000 samples
2026-06-28 07:30:46 - __main__ - INFO - CAM cache precompute progress: 31000/45000 samples
2026-06-28 07:30:49 - __main__ - INFO - CAM cache precompute progress: 31500/45000 samples
2026-06-28 07:30:52 - __main__ - INFO - CAM cache precompute progress: 32000/45000 samples
2026-06-28 07:30:55 - __main__ - INFO - CAM cache precompute progress: 32500/45000 samples
2026-06-28 07:30:59 - __main__ - INFO - CAM cache precompute progress: 33000/45000 samples
2026-06-28 07:31:02 - __main__ - INFO - CAM cache precompute progress: 33500/45000 samples
2026-06-28 07:31:05 - __main__ - INFO - CAM cache precompute progress: 34000/45000 samples
2026-06-28 07:31:08 - __main__ - INFO - CAM cache precompute progress: 34500/45000 samples
2026-06-28 07:31:11 - __main__ - INFO - CAM cache precompute progress: 35000/45000 samples
2026-06-28 07:31:14 - __main__ - INFO - CAM cache precompute progress: 35500/45000 samples
2026-06-28 07:31:17 - __main__ - INFO - CAM cache precompute progress: 36000/45000 samples
2026-06-28 07:31:21 - __main__ - INFO - CAM cache precompute progress: 36500/45000 samples
2026-06-28 07:31:24 - __main__ - INFO - CAM cache precompute progress: 37000/45000 samples
2026-06-28 07:31:27 - __main__ - INFO - CAM cache precompute progress: 37500/45000 samples
2026-06-28 07:31:30 - __main__ - INFO - CAM cache precompute progress: 38000/45000 samples
2026-06-28 07:31:33 - __main__ - INFO - CAM cache precompute progress: 38500/45000 samples
2026-06-28 07:31:36 - __main__ - INFO - CAM cache precompute progress: 39000/45000 samples
2026-06-28 07:31:39 - __main__ - INFO - CAM cache precompute progress: 39500/45000 samples
2026-06-28 07:31:43 - __main__ - INFO - CAM cache precompute progress: 40000/45000 samples
2026-06-28 07:31:46 - __main__ - INFO - CAM cache precompute progress: 40500/45000 samples
2026-06-28 07:31:49 - __main__ - INFO - CAM cache precompute progress: 41000/45000 samples
2026-06-28 07:31:52 - __main__ - INFO - CAM cache precompute progress: 41500/45000 samples
2026-06-28 07:31:55 - __main__ - INFO - CAM cache precompute progress: 42000/45000 samples
2026-06-28 07:31:58 - __main__ - INFO - CAM cache precompute progress: 42500/45000 samples
2026-06-28 07:32:01 - __main__ - INFO - CAM cache precompute progress: 43000/45000 samples
2026-06-28 07:32:04 - __main__ - INFO - CAM cache precompute progress: 43500/45000 samples
2026-06-28 07:32:08 - __main__ - INFO - CAM cache precompute progress: 44000/45000 samples
2026-06-28 07:32:11 - __main__ - INFO - CAM cache precompute progress: 44500/45000 samples
2026-06-28 07:32:14 - __main__ - INFO - CAM cache precompute progress: 45000/45000 samples
2026-06-28 07:32:14 - __main__ - INFO - CAM cache precomputation complete: 45000 samples cached in /content/cam_cache/cifar100/resnet18/seed42
