2026-06-29 04:19:21 - __main__ - INFO - Run parameters: {"_cam_checkpoint_fingerprint": {"mtime_ns": 1782706740627622617, "path": "/content/CAMRegularization/runs/cifar100/resnet18/42/resnet18_seed42_none/best_model.pt", "sha256": "7eaeaa1e62f2e000e1a0bfe225e3427153931171678ebf4cd0d35f095d602ae1", "size": 44961547}, "adamw_betas": [0.9, 0.999], "adamw_eps": 1e-08, "amp": true, "batch_size": 128, "cam_cache_dir": "/content/cam_cache/cifar100/resnet18/seed42", "cam_layer": "auto", "cam_precompute_only": true, "cam_precompute_windows": false, "cutout_area": 0.1, "cutout_m": 1, "cutout_mode": "cam_low", "cutout_size": 0, "data_dir": "./data", "dataset": "cifar100", "debug_cam_timing": false, "deterministic_train_transforms": true, "epochs": 100, "gamma": 0.1, "grayscale": false, "include_regex": "", "label_smoothing": 0.0, "log_every": 100, "lr": 0.1, "milestones": "60,80", "min_lr": 1e-05, "model": "resnet18", "momentum": 0.9, "nesterov": false, "num_workers": 0, "optimizer": "sgd", "out_dir": "runs/cifar100/resnet18/42", "run_name": "resnet18_seed42_cam_cache_precompute", "saliency_candidate_percent": 10.0, "scheduler": "cosine", "seed": 42, "teacher_checkpoint": "runs/cifar100/resnet18/42/resnet18_seed42_none/best_model.pt", "teacher_checkpoint_sha256": "7eaeaa1e62f2e000e1a0bfe225e3427153931171678ebf4cd0d35f095d602ae1", "teacher_model": "resnet18", "val_split": 0.1, "warmup_epochs": 5, "weight_decay": 0.0005}
2026-06-29 04:19:21 - __main__ - INFO - CAM cache precompute device: cuda | cuda: True | gpu: NVIDIA A100-SXM4-40GB
2026-06-29 04:19:22 - __main__ - INFO - CAM saliency cache directory: /content/cam_cache/cifar100/resnet18/seed42
2026-06-29 04:19:22 - __main__ - INFO - CAM saliency cache enabled: /content/cam_cache/cifar100/resnet18/seed42
2026-06-29 04:19:22 - __main__ - INFO - CAM window cache enabled: /content/cam_cache/cifar100/resnet18/seed42/windows
2026-06-29 04:19:22 - __main__ - INFO - Precomputing CAM saliency cache for 45000 training samples into /content/cam_cache/cifar100/resnet18/seed42.
2026-06-29 04:19:22 - __main__ - INFO - CAM cache miss: /content/cam_cache/cifar100/resnet18/seed42/03/b0/03b073e7a37bd4ff829190fbbeb626e90b9ae50ea1e0e570e3398456191bacb4.pt
2026-06-29 04:19:23 - __main__ - INFO - CAM cache saved: /content/cam_cache/cifar100/resnet18/seed42/03/b0/03b073e7a37bd4ff829190fbbeb626e90b9ae50ea1e0e570e3398456191bacb4.pt
2026-06-29 04:19:23 - __main__ - INFO - CAM cache miss: /content/cam_cache/cifar100/resnet18/seed42/c2/11/c211871e587f6099b000260a1ee5e0761e3637c2a058beda3dfb4812e0e8ae9f.pt
2026-06-29 04:19:23 - __main__ - INFO - CAM cache saved: /content/cam_cache/cifar100/resnet18/seed42/c2/11/c211871e587f6099b000260a1ee5e0761e3637c2a058beda3dfb4812e0e8ae9f.pt
2026-06-29 04:19:23 - __main__ - INFO - CAM cache miss: /content/cam_cache/cifar100/resnet18/seed42/0a/f8/0af865767dd0f4e4e33505ef4d507be0ae56f668a32424aa93716e7a1fe5adce.pt
2026-06-29 04:19:23 - __main__ - INFO - CAM cache saved: /content/cam_cache/cifar100/resnet18/seed42/0a/f8/0af865767dd0f4e4e33505ef4d507be0ae56f668a32424aa93716e7a1fe5adce.pt
2026-06-29 04:19:23 - __main__ - INFO - CAM cache miss: /content/cam_cache/cifar100/resnet18/seed42/99/39/993974dd5996da117efd156c805e0d099208641b7f51479effe98e8096ce2410.pt
2026-06-29 04:19:23 - __main__ - INFO - CAM cache saved: /content/cam_cache/cifar100/resnet18/seed42/99/39/993974dd5996da117efd156c805e0d099208641b7f51479effe98e8096ce2410.pt
2026-06-29 04:19:23 - __main__ - INFO - CAM cache miss: /content/cam_cache/cifar100/resnet18/seed42/9f/bd/9fbdb103c854f3105d943d6bd450343da13630aa5295f68611af8ff8a5c870db.pt
2026-06-29 04:19:23 - __main__ - INFO - CAM cache saved: /content/cam_cache/cifar100/resnet18/seed42/9f/bd/9fbdb103c854f3105d943d6bd450343da13630aa5295f68611af8ff8a5c870db.pt
2026-06-29 04:19:26 - __main__ - INFO - CAM cache precompute progress: 500/45000 samples
2026-06-29 04:19:29 - __main__ - INFO - CAM cache precompute progress: 1000/45000 samples
2026-06-29 04:19:32 - __main__ - INFO - CAM cache precompute progress: 1500/45000 samples
2026-06-29 04:19:36 - __main__ - INFO - CAM cache precompute progress: 2000/45000 samples
2026-06-29 04:19:39 - __main__ - INFO - CAM cache precompute progress: 2500/45000 samples
2026-06-29 04:19:42 - __main__ - INFO - CAM cache precompute progress: 3000/45000 samples
2026-06-29 04:19:46 - __main__ - INFO - CAM cache precompute progress: 3500/45000 samples
2026-06-29 04:19:49 - __main__ - INFO - CAM cache precompute progress: 4000/45000 samples
2026-06-29 04:19:52 - __main__ - INFO - CAM cache precompute progress: 4500/45000 samples
2026-06-29 04:19:55 - __main__ - INFO - CAM cache precompute progress: 5000/45000 samples
2026-06-29 04:19:59 - __main__ - INFO - CAM cache precompute progress: 5500/45000 samples
2026-06-29 04:20:02 - __main__ - INFO - CAM cache precompute progress: 6000/45000 samples
2026-06-29 04:20:05 - __main__ - INFO - CAM cache precompute progress: 6500/45000 samples
2026-06-29 04:20:09 - __main__ - INFO - CAM cache precompute progress: 7000/45000 samples
2026-06-29 04:20:12 - __main__ - INFO - CAM cache precompute progress: 7500/45000 samples
2026-06-29 04:20:15 - __main__ - INFO - CAM cache precompute progress: 8000/45000 samples
2026-06-29 04:20:19 - __main__ - INFO - CAM cache precompute progress: 8500/45000 samples
2026-06-29 04:20:22 - __main__ - INFO - CAM cache precompute progress: 9000/45000 samples
2026-06-29 04:20:26 - __main__ - INFO - CAM cache precompute progress: 9500/45000 samples
2026-06-29 04:20:29 - __main__ - INFO - CAM cache precompute progress: 10000/45000 samples
2026-06-29 04:20:32 - __main__ - INFO - CAM cache precompute progress: 10500/45000 samples
2026-06-29 04:20:36 - __main__ - INFO - CAM cache precompute progress: 11000/45000 samples
2026-06-29 04:20:39 - __main__ - INFO - CAM cache precompute progress: 11500/45000 samples
2026-06-29 04:20:42 - __main__ - INFO - CAM cache precompute progress: 12000/45000 samples
2026-06-29 04:20:46 - __main__ - INFO - CAM cache precompute progress: 12500/45000 samples
2026-06-29 04:20:49 - __main__ - INFO - CAM cache precompute progress: 13000/45000 samples
2026-06-29 04:20:52 - __main__ - INFO - CAM cache precompute progress: 13500/45000 samples
2026-06-29 04:20:56 - __main__ - INFO - CAM cache precompute progress: 14000/45000 samples
2026-06-29 04:20:59 - __main__ - INFO - CAM cache precompute progress: 14500/45000 samples
2026-06-29 04:21:03 - __main__ - INFO - CAM cache precompute progress: 15000/45000 samples
2026-06-29 04:21:06 - __main__ - INFO - CAM cache precompute progress: 15500/45000 samples
2026-06-29 04:21:09 - __main__ - INFO - CAM cache precompute progress: 16000/45000 samples
2026-06-29 04:21:12 - __main__ - INFO - CAM cache precompute progress: 16500/45000 samples
2026-06-29 04:21:16 - __main__ - INFO - CAM cache precompute progress: 17000/45000 samples
2026-06-29 04:21:19 - __main__ - INFO - CAM cache precompute progress: 17500/45000 samples
2026-06-29 04:21:22 - __main__ - INFO - CAM cache precompute progress: 18000/45000 samples
2026-06-29 04:21:25 - __main__ - INFO - CAM cache precompute progress: 18500/45000 samples
2026-06-29 04:21:29 - __main__ - INFO - CAM cache precompute progress: 19000/45000 samples
2026-06-29 04:21:32 - __main__ - INFO - CAM cache precompute progress: 19500/45000 samples
2026-06-29 04:21:35 - __main__ - INFO - CAM cache precompute progress: 20000/45000 samples
2026-06-29 04:21:38 - __main__ - INFO - CAM cache precompute progress: 20500/45000 samples
2026-06-29 04:21:41 - __main__ - INFO - CAM cache precompute progress: 21000/45000 samples
2026-06-29 04:21:44 - __main__ - INFO - CAM cache precompute progress: 21500/45000 samples
2026-06-29 04:21:47 - __main__ - INFO - CAM cache precompute progress: 22000/45000 samples
2026-06-29 04:21:51 - __main__ - INFO - CAM cache precompute progress: 22500/45000 samples
2026-06-29 04:21:54 - __main__ - INFO - CAM cache precompute progress: 23000/45000 samples
2026-06-29 04:21:57 - __main__ - INFO - CAM cache precompute progress: 23500/45000 samples
2026-06-29 04:22:00 - __main__ - INFO - CAM cache precompute progress: 24000/45000 samples
2026-06-29 04:22:03 - __main__ - INFO - CAM cache precompute progress: 24500/45000 samples
2026-06-29 04:22:06 - __main__ - INFO - CAM cache precompute progress: 25000/45000 samples
2026-06-29 04:22:09 - __main__ - INFO - CAM cache precompute progress: 25500/45000 samples
2026-06-29 04:22:12 - __main__ - INFO - CAM cache precompute progress: 26000/45000 samples
2026-06-29 04:22:15 - __main__ - INFO - CAM cache precompute progress: 26500/45000 samples
2026-06-29 04:22:19 - __main__ - INFO - CAM cache precompute progress: 27000/45000 samples
2026-06-29 04:22:22 - __main__ - INFO - CAM cache precompute progress: 27500/45000 samples
2026-06-29 04:22:25 - __main__ - INFO - CAM cache precompute progress: 28000/45000 samples
2026-06-29 04:22:28 - __main__ - INFO - CAM cache precompute progress: 28500/45000 samples
2026-06-29 04:22:31 - __main__ - INFO - CAM cache precompute progress: 29000/45000 samples
2026-06-29 04:22:34 - __main__ - INFO - CAM cache precompute progress: 29500/45000 samples
2026-06-29 04:22:38 - __main__ - INFO - CAM cache precompute progress: 30000/45000 samples
2026-06-29 04:22:41 - __main__ - INFO - CAM cache precompute progress: 30500/45000 samples
2026-06-29 04:22:44 - __main__ - INFO - CAM cache precompute progress: 31000/45000 samples
2026-06-29 04:22:47 - __main__ - INFO - CAM cache precompute progress: 31500/45000 samples
2026-06-29 04:22:50 - __main__ - INFO - CAM cache precompute progress: 32000/45000 samples
2026-06-29 04:22:53 - __main__ - INFO - CAM cache precompute progress: 32500/45000 samples
2026-06-29 04:22:56 - __main__ - INFO - CAM cache precompute progress: 33000/45000 samples
2026-06-29 04:23:00 - __main__ - INFO - CAM cache precompute progress: 33500/45000 samples
2026-06-29 04:23:03 - __main__ - INFO - CAM cache precompute progress: 34000/45000 samples
2026-06-29 04:23:06 - __main__ - INFO - CAM cache precompute progress: 34500/45000 samples
2026-06-29 04:23:09 - __main__ - INFO - CAM cache precompute progress: 35000/45000 samples
2026-06-29 04:23:12 - __main__ - INFO - CAM cache precompute progress: 35500/45000 samples
2026-06-29 04:23:15 - __main__ - INFO - CAM cache precompute progress: 36000/45000 samples
2026-06-29 04:23:19 - __main__ - INFO - CAM cache precompute progress: 36500/45000 samples
2026-06-29 04:23:22 - __main__ - INFO - CAM cache precompute progress: 37000/45000 samples
2026-06-29 04:23:25 - __main__ - INFO - CAM cache precompute progress: 37500/45000 samples
2026-06-29 04:23:28 - __main__ - INFO - CAM cache precompute progress: 38000/45000 samples
2026-06-29 04:23:31 - __main__ - INFO - CAM cache precompute progress: 38500/45000 samples
2026-06-29 04:23:34 - __main__ - INFO - CAM cache precompute progress: 39000/45000 samples
2026-06-29 04:23:37 - __main__ - INFO - CAM cache precompute progress: 39500/45000 samples
2026-06-29 04:23:40 - __main__ - INFO - CAM cache precompute progress: 40000/45000 samples
2026-06-29 04:23:43 - __main__ - INFO - CAM cache precompute progress: 40500/45000 samples
2026-06-29 04:23:46 - __main__ - INFO - CAM cache precompute progress: 41000/45000 samples
2026-06-29 04:23:49 - __main__ - INFO - CAM cache precompute progress: 41500/45000 samples
2026-06-29 04:23:53 - __main__ - INFO - CAM cache precompute progress: 42000/45000 samples
2026-06-29 04:23:56 - __main__ - INFO - CAM cache precompute progress: 42500/45000 samples
2026-06-29 04:23:59 - __main__ - INFO - CAM cache precompute progress: 43000/45000 samples
2026-06-29 04:24:03 - __main__ - INFO - CAM cache precompute progress: 43500/45000 samples
2026-06-29 04:24:06 - __main__ - INFO - CAM cache precompute progress: 44000/45000 samples
2026-06-29 04:24:09 - __main__ - INFO - CAM cache precompute progress: 44500/45000 samples
2026-06-29 04:24:13 - __main__ - INFO - CAM cache precompute progress: 45000/45000 samples
2026-06-29 04:24:13 - __main__ - INFO - CAM cache precomputation complete: 45000 samples cached in /content/cam_cache/cifar100/resnet18/seed42
