2026-03-14 18:50:12 - __main__ - INFO - Comparison pipeline | device=cuda | out_dir=./runs/cifar100_2026_03_14 | args={"amp": false, "batch_size": 128, "cam_layer": "auto", "config": "/content/CAMRegularization/configs.json", "data_dir": "./data", "dataset": "cifar100", "epochs": 100, "gamma": 0.1, "input_models": ["resnet18", "resnet32"], "label_smoothing": 0.0, "log_every": 100, "lr": 0.1, "milestones": "60,80", "min_lr": 1e-05, "momentum": 0.9, "nesterov": false, "num_workers": 2, "out_dir": "./runs/cifar100_2026_03_14", "output_models": ["resnet50", "efficientnet_b0", "densenet121", "vit_b_16"], "run_name": "", "scheduler": "cosine", "seed": 42, "threshold": 0.3, "val_split": 0.1, "warmup_epochs": 5, "weight_decay": 0.0005}
2026-03-14 18:50:12 - __main__ - INFO - 
============================================================
2026-03-14 18:50:12 - __main__ - INFO - Training input model: resnet18
2026-03-14 18:50:12 - __main__ - INFO -   Resolved config → lr=0.1, wd=0.0005, bs=128, epochs=200, scheduler=cosine, warmup=5
2026-03-14 18:50:12 - __main__ - INFO - ============================================================
2026-03-14 18:50:12 - __main__ - INFO - device: cuda | cuda: True | gpu: NVIDIA L4
2026-03-14 18:50:21 - __main__ - INFO - Model: resnet18 | Dataset: cifar100 | Classes: 100
2026-03-14 18:50:21 - __main__ - INFO - 
Epoch 1/200 | lr 0.000100
2026-03-14 18:50:39 - __main__ - INFO - Train: loss 4.6421 acc1 1.41% f1 0.53%
2026-03-14 18:50:39 - __main__ - INFO - Val:   loss 4.5785 acc1 2.06% f1 0.91%
2026-03-14 18:50:39 - __main__ - INFO - saved best: 2.06%
2026-03-14 18:50:39 - __main__ - INFO - 
Epoch 2/200 | lr 0.020080
2026-03-14 18:50:55 - __main__ - INFO - Train: loss 3.7111 acc1 13.22% f1 12.06%
2026-03-14 18:50:55 - __main__ - INFO - Val:   loss 3.3404 acc1 20.15% f1 17.55%
2026-03-14 18:50:55 - __main__ - INFO - saved best: 20.15%
2026-03-14 18:50:55 - __main__ - INFO - 
Epoch 3/200 | lr 0.040060
2026-03-14 18:51:11 - __main__ - INFO - Train: loss 3.0407 acc1 24.16% f1 23.02%
2026-03-14 18:51:11 - __main__ - INFO - Val:   loss 2.7656 acc1 30.80% f1 29.52%
2026-03-14 18:51:11 - __main__ - INFO - saved best: 30.80%
2026-03-14 18:51:11 - __main__ - INFO - 
Epoch 4/200 | lr 0.060040
2026-03-14 18:51:27 - __main__ - INFO - Train: loss 2.5153 acc1 34.17% f1 33.39%
2026-03-14 18:51:27 - __main__ - INFO - Val:   loss 2.4522 acc1 35.81% f1 34.20%
2026-03-14 18:51:27 - __main__ - INFO - saved best: 35.81%
2026-03-14 18:51:27 - __main__ - INFO - 
Epoch 5/200 | lr 0.080020
2026-03-14 18:51:43 - __main__ - INFO - Train: loss 2.1689 acc1 41.64% f1 41.02%
2026-03-14 18:51:43 - __main__ - INFO - Val:   loss 2.6624 acc1 34.07% f1 33.90%
2026-03-14 18:51:43 - __main__ - INFO - 
Epoch 6/200 | lr 0.100000
2026-03-14 18:52:00 - __main__ - INFO - Train: loss 1.9504 acc1 46.50% f1 45.92%
2026-03-14 18:52:00 - __main__ - INFO - Val:   loss 2.2897 acc1 40.96% f1 40.55%
2026-03-14 18:52:00 - __main__ - INFO - saved best: 40.96%
2026-03-14 18:52:00 - __main__ - INFO - 
Epoch 7/200 | lr 0.099994
2026-03-14 18:52:16 - __main__ - INFO - Train: loss 1.7374 acc1 51.35% f1 50.89%
2026-03-14 18:52:16 - __main__ - INFO - Val:   loss 2.1851 acc1 43.40% f1 42.55%
2026-03-14 18:52:16 - __main__ - INFO - saved best: 43.40%
2026-03-14 18:52:16 - __main__ - INFO - 
Epoch 8/200 | lr 0.099974
2026-03-14 18:52:33 - __main__ - INFO - Train: loss 1.5976 acc1 54.89% f1 54.49%
2026-03-14 18:52:33 - __main__ - INFO - Val:   loss 1.9526 acc1 48.24% f1 48.40%
2026-03-14 18:52:33 - __main__ - INFO - saved best: 48.24%
2026-03-14 18:52:33 - __main__ - INFO - 
Epoch 9/200 | lr 0.099942
2026-03-14 18:52:49 - __main__ - INFO - Train: loss 1.4998 acc1 57.26% f1 56.96%
2026-03-14 18:52:49 - __main__ - INFO - Val:   loss 2.0062 acc1 48.18% f1 48.01%
2026-03-14 18:52:49 - __main__ - INFO - 
Epoch 10/200 | lr 0.099896
2026-03-14 18:53:06 - __main__ - INFO - Train: loss 1.4405 acc1 58.99% f1 58.70%
2026-03-14 18:53:06 - __main__ - INFO - Val:   loss 1.7099 acc1 53.82% f1 53.54%
2026-03-14 18:53:06 - __main__ - INFO - saved best: 53.82%
2026-03-14 18:53:06 - __main__ - INFO - 
Epoch 11/200 | lr 0.099838
2026-03-14 18:53:22 - __main__ - INFO - Train: loss 1.3835 acc1 60.34% f1 60.08%
2026-03-14 18:53:22 - __main__ - INFO - Val:   loss 1.8452 acc1 52.39% f1 51.79%
2026-03-14 18:53:22 - __main__ - INFO - 
Epoch 12/200 | lr 0.099767
2026-03-14 18:53:39 - __main__ - INFO - Train: loss 1.3463 acc1 61.44% f1 61.21%
2026-03-14 18:53:39 - __main__ - INFO - Val:   loss 1.8431 acc1 50.92% f1 51.66%
2026-03-14 18:53:39 - __main__ - INFO - 
Epoch 13/200 | lr 0.099682
2026-03-14 18:53:55 - __main__ - INFO - Train: loss 1.3000 acc1 62.48% f1 62.26%
2026-03-14 18:53:55 - __main__ - INFO - Val:   loss 1.9048 acc1 51.05% f1 51.56%
2026-03-14 18:53:55 - __main__ - INFO - 
Epoch 14/200 | lr 0.099585
2026-03-14 18:54:12 - __main__ - INFO - Train: loss 1.2708 acc1 63.35% f1 63.17%
2026-03-14 18:54:12 - __main__ - INFO - Val:   loss 1.8279 acc1 51.33% f1 51.70%
2026-03-14 18:54:12 - __main__ - INFO - 
Epoch 15/200 | lr 0.099475
2026-03-14 18:54:28 - __main__ - INFO - Train: loss 1.2346 acc1 64.35% f1 64.16%
2026-03-14 18:54:28 - __main__ - INFO - Val:   loss 1.8215 acc1 51.92% f1 51.32%
2026-03-14 18:54:28 - __main__ - INFO - 
Epoch 16/200 | lr 0.099353
2026-03-14 18:54:45 - __main__ - INFO - Train: loss 1.2139 acc1 65.01% f1 64.86%
2026-03-14 18:54:45 - __main__ - INFO - Val:   loss 1.5638 acc1 56.92% f1 56.14%
2026-03-14 18:54:45 - __main__ - INFO - saved best: 56.92%
2026-03-14 18:54:45 - __main__ - INFO - 
Epoch 17/200 | lr 0.099217
2026-03-14 18:55:01 - __main__ - INFO - Train: loss 1.1894 acc1 65.53% f1 65.38%
2026-03-14 18:55:01 - __main__ - INFO - Val:   loss 1.5990 acc1 56.54% f1 56.08%
2026-03-14 18:55:01 - __main__ - INFO - 
Epoch 18/200 | lr 0.099069
2026-03-14 18:55:17 - __main__ - INFO - Train: loss 1.1673 acc1 65.64% f1 65.49%
2026-03-14 18:55:17 - __main__ - INFO - Val:   loss 1.7942 acc1 53.60% f1 53.66%
2026-03-14 18:55:17 - __main__ - INFO - 
Epoch 19/200 | lr 0.098907
2026-03-14 18:55:34 - __main__ - INFO - Train: loss 1.1366 acc1 66.91% f1 66.80%
2026-03-14 18:55:34 - __main__ - INFO - Val:   loss 1.8441 acc1 52.99% f1 52.62%
2026-03-14 18:55:34 - __main__ - INFO - 
Epoch 20/200 | lr 0.098734
2026-03-14 18:55:50 - __main__ - INFO - Train: loss 1.1184 acc1 67.22% f1 67.09%
2026-03-14 18:55:50 - __main__ - INFO - Val:   loss 1.8265 acc1 54.12% f1 53.56%
2026-03-14 18:55:50 - __main__ - INFO - 
Epoch 21/200 | lr 0.098547
2026-03-14 18:56:07 - __main__ - INFO - Train: loss 1.1150 acc1 67.53% f1 67.38%
2026-03-14 18:56:07 - __main__ - INFO - Val:   loss 1.5987 acc1 58.34% f1 58.32%
2026-03-14 18:56:07 - __main__ - INFO - saved best: 58.34%
2026-03-14 18:56:07 - __main__ - INFO - 
Epoch 22/200 | lr 0.098348
2026-03-14 18:56:23 - __main__ - INFO - Train: loss 1.0883 acc1 68.22% f1 68.12%
2026-03-14 18:56:23 - __main__ - INFO - Val:   loss 1.6410 acc1 54.88% f1 55.02%
2026-03-14 18:56:23 - __main__ - INFO - 
Epoch 23/200 | lr 0.098137
2026-03-14 18:56:40 - __main__ - INFO - Train: loss 1.0794 acc1 68.37% f1 68.25%
2026-03-14 18:56:40 - __main__ - INFO - Val:   loss 1.8888 acc1 50.98% f1 51.02%
2026-03-14 18:56:40 - __main__ - INFO - 
Epoch 24/200 | lr 0.097913
2026-03-14 18:56:56 - __main__ - INFO - Train: loss 1.0641 acc1 68.95% f1 68.85%
2026-03-14 18:56:56 - __main__ - INFO - Val:   loss 1.6790 acc1 56.12% f1 56.28%
2026-03-14 18:56:56 - __main__ - INFO - 
Epoch 25/200 | lr 0.097676
2026-03-14 18:57:13 - __main__ - INFO - Train: loss 1.0501 acc1 69.30% f1 69.20%
2026-03-14 18:57:13 - __main__ - INFO - Val:   loss 1.7080 acc1 56.05% f1 56.02%
2026-03-14 18:57:13 - __main__ - INFO - 
Epoch 26/200 | lr 0.097427
2026-03-14 18:57:29 - __main__ - INFO - Train: loss 1.0432 acc1 69.31% f1 69.21%
2026-03-14 18:57:29 - __main__ - INFO - Val:   loss 1.8417 acc1 53.67% f1 52.84%
2026-03-14 18:57:29 - __main__ - INFO - 
Epoch 27/200 | lr 0.097166
2026-03-14 18:57:45 - __main__ - INFO - Train: loss 1.0304 acc1 69.61% f1 69.54%
2026-03-14 18:57:45 - __main__ - INFO - Val:   loss 1.7689 acc1 53.82% f1 53.26%
2026-03-14 18:57:45 - __main__ - INFO - 
Epoch 28/200 | lr 0.096892
2026-03-14 18:58:02 - __main__ - INFO - Train: loss 1.0279 acc1 69.91% f1 69.82%
2026-03-14 18:58:02 - __main__ - INFO - Val:   loss 1.6699 acc1 55.75% f1 55.67%
2026-03-14 18:58:02 - __main__ - INFO - 
Epoch 29/200 | lr 0.096607
2026-03-14 18:58:18 - __main__ - INFO - Train: loss 1.0112 acc1 70.25% f1 70.16%
2026-03-14 18:58:18 - __main__ - INFO - Val:   loss 1.8819 acc1 53.41% f1 54.81%
2026-03-14 18:58:18 - __main__ - INFO - 
Epoch 30/200 | lr 0.096309
2026-03-14 18:58:35 - __main__ - INFO - Train: loss 1.0040 acc1 70.50% f1 70.43%
2026-03-14 18:58:35 - __main__ - INFO - Val:   loss 1.5527 acc1 57.99% f1 57.90%
2026-03-14 18:58:35 - __main__ - INFO - 
Epoch 31/200 | lr 0.095999
2026-03-14 18:58:51 - __main__ - INFO - Train: loss 0.9832 acc1 70.91% f1 70.81%
2026-03-14 18:58:51 - __main__ - INFO - Val:   loss 1.7577 acc1 55.60% f1 55.05%
2026-03-14 18:58:51 - __main__ - INFO - 
Epoch 32/200 | lr 0.095678
2026-03-14 18:59:08 - __main__ - INFO - Train: loss 0.9941 acc1 70.61% f1 70.53%
2026-03-14 18:59:08 - __main__ - INFO - Val:   loss 1.5227 acc1 60.14% f1 59.65%
2026-03-14 18:59:08 - __main__ - INFO - saved best: 60.14%
2026-03-14 18:59:08 - __main__ - INFO - 
Epoch 33/200 | lr 0.095344
2026-03-14 18:59:24 - __main__ - INFO - Train: loss 0.9853 acc1 70.85% f1 70.76%
2026-03-14 18:59:24 - __main__ - INFO - Val:   loss 1.7426 acc1 55.73% f1 56.37%
2026-03-14 18:59:24 - __main__ - INFO - 
Epoch 34/200 | lr 0.094999
2026-03-14 18:59:40 - __main__ - INFO - Train: loss 0.9677 acc1 71.48% f1 71.42%
2026-03-14 18:59:41 - __main__ - INFO - Val:   loss 1.6866 acc1 56.71% f1 56.19%
2026-03-14 18:59:41 - __main__ - INFO - 
Epoch 35/200 | lr 0.094642
2026-03-14 18:59:57 - __main__ - INFO - Train: loss 0.9570 acc1 71.66% f1 71.61%
2026-03-14 18:59:57 - __main__ - INFO - Val:   loss 1.5746 acc1 58.55% f1 58.39%
2026-03-14 18:59:57 - __main__ - INFO - 
Epoch 36/200 | lr 0.094273
2026-03-14 19:00:13 - __main__ - INFO - Train: loss 0.9580 acc1 71.51% f1 71.45%
2026-03-14 19:00:13 - __main__ - INFO - Val:   loss 1.4871 acc1 60.74% f1 60.76%
2026-03-14 19:00:13 - __main__ - INFO - saved best: 60.74%
2026-03-14 19:00:13 - __main__ - INFO - 
Epoch 37/200 | lr 0.093893
2026-03-14 19:00:30 - __main__ - INFO - Train: loss 0.9393 acc1 72.45% f1 72.37%
2026-03-14 19:00:30 - __main__ - INFO - Val:   loss 1.8069 acc1 56.40% f1 56.28%
2026-03-14 19:00:30 - __main__ - INFO - 
Epoch 38/200 | lr 0.093502
2026-03-14 19:00:46 - __main__ - INFO - Train: loss 0.9439 acc1 72.12% f1 72.05%
2026-03-14 19:00:46 - __main__ - INFO - Val:   loss 1.6264 acc1 57.51% f1 57.08%
2026-03-14 19:00:46 - __main__ - INFO - 
Epoch 39/200 | lr 0.093099
2026-03-14 19:01:03 - __main__ - INFO - Train: loss 0.9246 acc1 72.49% f1 72.41%
2026-03-14 19:01:03 - __main__ - INFO - Val:   loss 1.6262 acc1 59.35% f1 59.25%
2026-03-14 19:01:03 - __main__ - INFO - 
Epoch 40/200 | lr 0.092685
2026-03-14 19:01:19 - __main__ - INFO - Train: loss 0.9216 acc1 72.84% f1 72.78%
2026-03-14 19:01:19 - __main__ - INFO - Val:   loss 1.7657 acc1 55.57% f1 56.03%
2026-03-14 19:01:19 - __main__ - INFO - 
Epoch 41/200 | lr 0.092260
2026-03-14 19:01:36 - __main__ - INFO - Train: loss 0.9216 acc1 72.80% f1 72.72%
2026-03-14 19:01:36 - __main__ - INFO - Val:   loss 1.6570 acc1 56.86% f1 56.48%
2026-03-14 19:01:36 - __main__ - INFO - 
Epoch 42/200 | lr 0.091824
2026-03-14 19:01:52 - __main__ - INFO - Train: loss 0.9163 acc1 72.78% f1 72.75%
2026-03-14 19:01:52 - __main__ - INFO - Val:   loss 1.8418 acc1 53.43% f1 53.34%
2026-03-14 19:01:52 - __main__ - INFO - 
Epoch 43/200 | lr 0.091378
2026-03-14 19:02:08 - __main__ - INFO - Train: loss 0.9049 acc1 73.36% f1 73.31%
2026-03-14 19:02:08 - __main__ - INFO - Val:   loss 1.6284 acc1 58.45% f1 58.66%
2026-03-14 19:02:08 - __main__ - INFO - 
Epoch 44/200 | lr 0.090920
2026-03-14 19:02:25 - __main__ - INFO - Train: loss 0.8910 acc1 73.46% f1 73.40%
2026-03-14 19:02:25 - __main__ - INFO - Val:   loss 1.8468 acc1 54.69% f1 54.41%
2026-03-14 19:02:25 - __main__ - INFO - 
Epoch 45/200 | lr 0.090452
2026-03-14 19:02:41 - __main__ - INFO - Train: loss 0.9045 acc1 73.14% f1 73.07%
2026-03-14 19:02:41 - __main__ - INFO - Val:   loss 1.5295 acc1 60.22% f1 60.36%
2026-03-14 19:02:41 - __main__ - INFO - 
Epoch 46/200 | lr 0.089973
2026-03-14 19:02:58 - __main__ - INFO - Train: loss 0.8741 acc1 74.05% f1 73.98%
2026-03-14 19:02:58 - __main__ - INFO - Val:   loss 1.7592 acc1 55.78% f1 56.21%
2026-03-14 19:02:58 - __main__ - INFO - 
Epoch 47/200 | lr 0.089484
2026-03-14 19:03:14 - __main__ - INFO - Train: loss 0.8844 acc1 73.79% f1 73.75%
2026-03-14 19:03:14 - __main__ - INFO - Val:   loss 1.6186 acc1 57.94% f1 58.18%
2026-03-14 19:03:14 - __main__ - INFO - 
Epoch 48/200 | lr 0.088985
2026-03-14 19:03:31 - __main__ - INFO - Train: loss 0.8690 acc1 74.00% f1 73.96%
2026-03-14 19:03:31 - __main__ - INFO - Val:   loss 1.6913 acc1 58.63% f1 59.47%
2026-03-14 19:03:31 - __main__ - INFO - 
Epoch 49/200 | lr 0.088475
2026-03-14 19:03:47 - __main__ - INFO - Train: loss 0.8629 acc1 73.92% f1 73.88%
2026-03-14 19:03:47 - __main__ - INFO - Val:   loss 1.6617 acc1 57.88% f1 58.13%
2026-03-14 19:03:47 - __main__ - INFO - 
Epoch 50/200 | lr 0.087956
2026-03-14 19:04:03 - __main__ - INFO - Train: loss 0.8529 acc1 74.56% f1 74.48%
2026-03-14 19:04:03 - __main__ - INFO - Val:   loss 1.5017 acc1 60.35% f1 60.49%
2026-03-14 19:04:03 - __main__ - INFO - 
Epoch 51/200 | lr 0.087427
2026-03-14 19:04:20 - __main__ - INFO - Train: loss 0.8560 acc1 74.35% f1 74.29%
2026-03-14 19:04:20 - __main__ - INFO - Val:   loss 1.7346 acc1 56.74% f1 56.68%
2026-03-14 19:04:20 - __main__ - INFO - 
Epoch 52/200 | lr 0.086888
2026-03-14 19:04:36 - __main__ - INFO - Train: loss 0.8457 acc1 74.67% f1 74.65%
2026-03-14 19:04:36 - __main__ - INFO - Val:   loss 1.5355 acc1 60.87% f1 59.77%
2026-03-14 19:04:36 - __main__ - INFO - saved best: 60.87%
2026-03-14 19:04:36 - __main__ - INFO - 
Epoch 53/200 | lr 0.086339
2026-03-14 19:04:53 - __main__ - INFO - Train: loss 0.8423 acc1 74.81% f1 74.75%
2026-03-14 19:04:53 - __main__ - INFO - Val:   loss 1.5010 acc1 61.40% f1 61.16%
2026-03-14 19:04:53 - __main__ - INFO - saved best: 61.40%
2026-03-14 19:04:53 - __main__ - INFO - 
Epoch 54/200 | lr 0.085781
2026-03-14 19:05:09 - __main__ - INFO - Train: loss 0.8286 acc1 75.17% f1 75.12%
2026-03-14 19:05:09 - __main__ - INFO - Val:   loss 1.4673 acc1 60.93% f1 61.00%
2026-03-14 19:05:09 - __main__ - INFO - 
Epoch 55/200 | lr 0.085214
2026-03-14 19:05:26 - __main__ - INFO - Train: loss 0.8235 acc1 75.28% f1 75.23%
2026-03-14 19:05:26 - __main__ - INFO - Val:   loss 1.6200 acc1 58.10% f1 58.56%
2026-03-14 19:05:26 - __main__ - INFO - 
Epoch 56/200 | lr 0.084638
2026-03-14 19:05:42 - __main__ - INFO - Train: loss 0.8200 acc1 75.42% f1 75.38%
2026-03-14 19:05:42 - __main__ - INFO - Val:   loss 1.6038 acc1 59.52% f1 58.86%
2026-03-14 19:05:42 - __main__ - INFO - 
Epoch 57/200 | lr 0.084052
2026-03-14 19:05:58 - __main__ - INFO - Train: loss 0.8164 acc1 75.56% f1 75.51%
2026-03-14 19:05:58 - __main__ - INFO - Val:   loss 1.5387 acc1 60.90% f1 60.72%
2026-03-14 19:05:58 - __main__ - INFO - 
Epoch 58/200 | lr 0.083458
2026-03-14 19:06:15 - __main__ - INFO - Train: loss 0.8028 acc1 76.08% f1 76.05%
2026-03-14 19:06:15 - __main__ - INFO - Val:   loss 1.5984 acc1 59.90% f1 60.15%
2026-03-14 19:06:15 - __main__ - INFO - 
Epoch 59/200 | lr 0.082855
2026-03-14 19:06:31 - __main__ - INFO - Train: loss 0.7996 acc1 75.90% f1 75.86%
2026-03-14 19:06:31 - __main__ - INFO - Val:   loss 1.4597 acc1 61.39% f1 61.79%
2026-03-14 19:06:31 - __main__ - INFO - 
Epoch 60/200 | lr 0.082244
2026-03-14 19:06:48 - __main__ - INFO - Train: loss 0.7995 acc1 75.87% f1 75.83%
2026-03-14 19:06:48 - __main__ - INFO - Val:   loss 1.4846 acc1 61.87% f1 61.63%
2026-03-14 19:06:48 - __main__ - INFO - saved best: 61.87%
2026-03-14 19:06:48 - __main__ - INFO - 
Epoch 61/200 | lr 0.081624
2026-03-14 19:07:04 - __main__ - INFO - Train: loss 0.7815 acc1 76.36% f1 76.32%
2026-03-14 19:07:04 - __main__ - INFO - Val:   loss 1.6157 acc1 59.18% f1 59.07%
2026-03-14 19:07:04 - __main__ - INFO - 
Epoch 62/200 | lr 0.080996
2026-03-14 19:07:21 - __main__ - INFO - Train: loss 0.7713 acc1 76.62% f1 76.56%
2026-03-14 19:07:21 - __main__ - INFO - Val:   loss 1.6454 acc1 59.36% f1 59.20%
2026-03-14 19:07:21 - __main__ - INFO - 
Epoch 63/200 | lr 0.080360
2026-03-14 19:07:37 - __main__ - INFO - Train: loss 0.7776 acc1 76.48% f1 76.44%
2026-03-14 19:07:37 - __main__ - INFO - Val:   loss 1.4809 acc1 61.76% f1 62.61%
2026-03-14 19:07:37 - __main__ - INFO - 
Epoch 64/200 | lr 0.079716
2026-03-14 19:07:53 - __main__ - INFO - Train: loss 0.7611 acc1 76.95% f1 76.91%
2026-03-14 19:07:53 - __main__ - INFO - Val:   loss 1.4393 acc1 63.21% f1 63.22%
2026-03-14 19:07:53 - __main__ - INFO - saved best: 63.21%
2026-03-14 19:07:53 - __main__ - INFO - 
Epoch 65/200 | lr 0.079065
2026-03-14 19:08:10 - __main__ - INFO - Train: loss 0.7620 acc1 76.84% f1 76.80%
2026-03-14 19:08:10 - __main__ - INFO - Val:   loss 1.4939 acc1 62.15% f1 62.12%
2026-03-14 19:08:10 - __main__ - INFO - 
Epoch 66/200 | lr 0.078405
2026-03-14 19:08:26 - __main__ - INFO - Train: loss 0.7578 acc1 77.25% f1 77.21%
2026-03-14 19:08:26 - __main__ - INFO - Val:   loss 1.5615 acc1 60.46% f1 60.41%
2026-03-14 19:08:26 - __main__ - INFO - 
Epoch 67/200 | lr 0.077739
2026-03-14 19:08:43 - __main__ - INFO - Train: loss 0.7526 acc1 77.26% f1 77.22%
2026-03-14 19:08:43 - __main__ - INFO - Val:   loss 1.7342 acc1 58.14% f1 58.18%
2026-03-14 19:08:43 - __main__ - INFO - 
Epoch 68/200 | lr 0.077065
2026-03-14 19:08:59 - __main__ - INFO - Train: loss 0.7235 acc1 77.96% f1 77.93%
2026-03-14 19:08:59 - __main__ - INFO - Val:   loss 1.6818 acc1 58.44% f1 58.56%
2026-03-14 19:08:59 - __main__ - INFO - 
Epoch 69/200 | lr 0.076384
2026-03-14 19:09:16 - __main__ - INFO - Train: loss 0.7356 acc1 77.87% f1 77.86%
2026-03-14 19:09:16 - __main__ - INFO - Val:   loss 1.7687 acc1 58.27% f1 59.76%
2026-03-14 19:09:16 - __main__ - INFO - 
Epoch 70/200 | lr 0.075697
2026-03-14 19:09:32 - __main__ - INFO - Train: loss 0.7296 acc1 77.84% f1 77.81%
2026-03-14 19:09:32 - __main__ - INFO - Val:   loss 1.6204 acc1 59.66% f1 59.73%
2026-03-14 19:09:32 - __main__ - INFO - 
Epoch 71/200 | lr 0.075003
2026-03-14 19:09:48 - __main__ - INFO - Train: loss 0.7047 acc1 78.60% f1 78.58%
2026-03-14 19:09:48 - __main__ - INFO - Val:   loss 1.5575 acc1 60.39% f1 60.05%
2026-03-14 19:09:48 - __main__ - INFO - 
Epoch 72/200 | lr 0.074302
2026-03-14 19:10:05 - __main__ - INFO - Train: loss 0.7057 acc1 78.56% f1 78.52%
2026-03-14 19:10:05 - __main__ - INFO - Val:   loss 1.6840 acc1 58.48% f1 58.38%
2026-03-14 19:10:05 - __main__ - INFO - 
Epoch 73/200 | lr 0.073595
2026-03-14 19:10:21 - __main__ - INFO - Train: loss 0.6999 acc1 78.92% f1 78.89%
2026-03-14 19:10:21 - __main__ - INFO - Val:   loss 1.6625 acc1 58.93% f1 59.31%
2026-03-14 19:10:21 - __main__ - INFO - 
Epoch 74/200 | lr 0.072881
2026-03-14 19:10:38 - __main__ - INFO - Train: loss 0.6902 acc1 79.04% f1 79.02%
2026-03-14 19:10:38 - __main__ - INFO - Val:   loss 1.6245 acc1 60.00% f1 59.78%
2026-03-14 19:10:38 - __main__ - INFO - 
Epoch 75/200 | lr 0.072162
2026-03-14 19:10:54 - __main__ - INFO - Train: loss 0.6887 acc1 79.12% f1 79.08%
2026-03-14 19:10:54 - __main__ - INFO - Val:   loss 1.6130 acc1 60.44% f1 60.82%
2026-03-14 19:10:54 - __main__ - INFO - 
Epoch 76/200 | lr 0.071437
2026-03-14 19:11:10 - __main__ - INFO - Train: loss 0.6772 acc1 79.31% f1 79.27%
2026-03-14 19:11:10 - __main__ - INFO - Val:   loss 1.4696 acc1 62.59% f1 62.95%
2026-03-14 19:11:10 - __main__ - INFO - 
Epoch 77/200 | lr 0.070707
2026-03-14 19:11:27 - __main__ - INFO - Train: loss 0.6753 acc1 79.46% f1 79.44%
2026-03-14 19:11:27 - __main__ - INFO - Val:   loss 1.5203 acc1 61.30% f1 60.50%
2026-03-14 19:11:27 - __main__ - INFO - 
Epoch 78/200 | lr 0.069971
2026-03-14 19:11:43 - __main__ - INFO - Train: loss 0.6564 acc1 79.85% f1 79.82%
2026-03-14 19:11:43 - __main__ - INFO - Val:   loss 1.5847 acc1 60.78% f1 60.68%
2026-03-14 19:11:43 - __main__ - INFO - 
Epoch 79/200 | lr 0.069230
2026-03-14 19:12:00 - __main__ - INFO - Train: loss 0.6559 acc1 79.99% f1 79.98%
2026-03-14 19:12:00 - __main__ - INFO - Val:   loss 1.4444 acc1 63.58% f1 63.35%
2026-03-14 19:12:00 - __main__ - INFO - saved best: 63.58%
2026-03-14 19:12:00 - __main__ - INFO - 
Epoch 80/200 | lr 0.068484
2026-03-14 19:12:16 - __main__ - INFO - Train: loss 0.6434 acc1 80.49% f1 80.47%
2026-03-14 19:12:16 - __main__ - INFO - Val:   loss 1.5329 acc1 61.48% f1 60.94%
2026-03-14 19:12:16 - __main__ - INFO - 
Epoch 81/200 | lr 0.067733
2026-03-14 19:12:32 - __main__ - INFO - Train: loss 0.6504 acc1 80.13% f1 80.12%
2026-03-14 19:12:32 - __main__ - INFO - Val:   loss 1.6029 acc1 60.75% f1 60.64%
2026-03-14 19:12:32 - __main__ - INFO - 
Epoch 82/200 | lr 0.066978
2026-03-14 19:12:49 - __main__ - INFO - Train: loss 0.6275 acc1 80.86% f1 80.83%
2026-03-14 19:12:49 - __main__ - INFO - Val:   loss 1.4807 acc1 62.60% f1 62.58%
2026-03-14 19:12:49 - __main__ - INFO - 
Epoch 83/200 | lr 0.066218
2026-03-14 19:13:05 - __main__ - INFO - Train: loss 0.6252 acc1 80.81% f1 80.79%
2026-03-14 19:13:05 - __main__ - INFO - Val:   loss 1.5622 acc1 62.18% f1 62.35%
2026-03-14 19:13:05 - __main__ - INFO - 
Epoch 84/200 | lr 0.065454
2026-03-14 19:13:22 - __main__ - INFO - Train: loss 0.6177 acc1 81.10% f1 81.08%
2026-03-14 19:13:22 - __main__ - INFO - Val:   loss 1.4535 acc1 63.65% f1 63.73%
2026-03-14 19:13:22 - __main__ - INFO - saved best: 63.65%
2026-03-14 19:13:22 - __main__ - INFO - 
Epoch 85/200 | lr 0.064686
2026-03-14 19:13:38 - __main__ - INFO - Train: loss 0.6027 acc1 81.59% f1 81.57%
2026-03-14 19:13:38 - __main__ - INFO - Val:   loss 1.5774 acc1 61.35% f1 61.56%
2026-03-14 19:13:38 - __main__ - INFO - 
Epoch 86/200 | lr 0.063914
2026-03-14 19:13:55 - __main__ - INFO - Train: loss 0.6070 acc1 81.36% f1 81.35%
2026-03-14 19:13:55 - __main__ - INFO - Val:   loss 1.5838 acc1 61.39% f1 61.66%
2026-03-14 19:13:55 - __main__ - INFO - 
Epoch 87/200 | lr 0.063139
2026-03-14 19:14:11 - __main__ - INFO - Train: loss 0.5845 acc1 82.06% f1 82.06%
2026-03-14 19:14:11 - __main__ - INFO - Val:   loss 1.6144 acc1 59.44% f1 59.07%
2026-03-14 19:14:11 - __main__ - INFO - 
Epoch 88/200 | lr 0.062360
2026-03-14 19:14:27 - __main__ - INFO - Train: loss 0.5684 acc1 82.37% f1 82.35%
2026-03-14 19:14:27 - __main__ - INFO - Val:   loss 1.3644 acc1 64.25% f1 64.41%
2026-03-14 19:14:27 - __main__ - INFO - saved best: 64.25%
2026-03-14 19:14:27 - __main__ - INFO - 
Epoch 89/200 | lr 0.061578
2026-03-14 19:14:44 - __main__ - INFO - Train: loss 0.5824 acc1 81.95% f1 81.92%
2026-03-14 19:14:44 - __main__ - INFO - Val:   loss 1.7140 acc1 59.49% f1 59.84%
2026-03-14 19:14:44 - __main__ - INFO - 
Epoch 90/200 | lr 0.060793
2026-03-14 19:15:00 - __main__ - INFO - Train: loss 0.5607 acc1 82.64% f1 82.62%
2026-03-14 19:15:00 - __main__ - INFO - Val:   loss 1.5073 acc1 62.34% f1 62.21%
2026-03-14 19:15:00 - __main__ - INFO - 
Epoch 91/200 | lr 0.060005
2026-03-14 19:15:17 - __main__ - INFO - Train: loss 0.5560 acc1 82.90% f1 82.90%
2026-03-14 19:15:17 - __main__ - INFO - Val:   loss 1.5563 acc1 61.94% f1 62.01%
2026-03-14 19:15:17 - __main__ - INFO - 
Epoch 92/200 | lr 0.059215
2026-03-14 19:15:33 - __main__ - INFO - Train: loss 0.5494 acc1 83.06% f1 83.05%
2026-03-14 19:15:33 - __main__ - INFO - Val:   loss 1.6281 acc1 61.63% f1 61.66%
2026-03-14 19:15:33 - __main__ - INFO - 
Epoch 93/200 | lr 0.058422
2026-03-14 19:15:49 - __main__ - INFO - Train: loss 0.5414 acc1 83.51% f1 83.50%
2026-03-14 19:15:49 - __main__ - INFO - Val:   loss 1.5120 acc1 63.12% f1 63.39%
2026-03-14 19:15:49 - __main__ - INFO - 
Epoch 94/200 | lr 0.057627
2026-03-14 19:16:06 - __main__ - INFO - Train: loss 0.5193 acc1 84.02% f1 84.01%
2026-03-14 19:16:06 - __main__ - INFO - Val:   loss 1.5017 acc1 63.40% f1 63.41%
2026-03-14 19:16:06 - __main__ - INFO - 
Epoch 95/200 | lr 0.056830
2026-03-14 19:16:22 - __main__ - INFO - Train: loss 0.5224 acc1 83.98% f1 83.95%
2026-03-14 19:16:22 - __main__ - INFO - Val:   loss 1.5971 acc1 61.82% f1 61.20%
2026-03-14 19:16:22 - __main__ - INFO - 
Epoch 96/200 | lr 0.056031
2026-03-14 19:16:39 - __main__ - INFO - Train: loss 0.5205 acc1 84.08% f1 84.07%
2026-03-14 19:16:39 - __main__ - INFO - Val:   loss 1.3911 acc1 65.08% f1 64.99%
2026-03-14 19:16:39 - __main__ - INFO - saved best: 65.08%
2026-03-14 19:16:39 - __main__ - INFO - 
Epoch 97/200 | lr 0.055231
2026-03-14 19:16:55 - __main__ - INFO - Train: loss 0.4980 acc1 84.70% f1 84.70%
2026-03-14 19:16:55 - __main__ - INFO - Val:   loss 1.5037 acc1 62.80% f1 62.85%
2026-03-14 19:16:55 - __main__ - INFO - 
Epoch 98/200 | lr 0.054429
2026-03-14 19:17:12 - __main__ - INFO - Train: loss 0.5022 acc1 84.56% f1 84.54%
2026-03-14 19:17:12 - __main__ - INFO - Val:   loss 1.4706 acc1 63.84% f1 63.94%
2026-03-14 19:17:12 - __main__ - INFO - 
Epoch 99/200 | lr 0.053626
2026-03-14 19:17:28 - __main__ - INFO - Train: loss 0.4899 acc1 84.80% f1 84.80%
2026-03-14 19:17:28 - __main__ - INFO - Val:   loss 1.5648 acc1 62.18% f1 62.01%
2026-03-14 19:17:28 - __main__ - INFO - 
Epoch 100/200 | lr 0.052823
2026-03-14 19:17:44 - __main__ - INFO - Train: loss 0.4848 acc1 85.05% f1 85.05%
2026-03-14 19:17:44 - __main__ - INFO - Val:   loss 1.6033 acc1 61.49% f1 61.22%
2026-03-14 19:17:44 - __main__ - INFO - 
Epoch 101/200 | lr 0.052018
2026-03-14 19:18:01 - __main__ - INFO - Train: loss 0.4565 acc1 85.77% f1 85.77%
2026-03-14 19:18:01 - __main__ - INFO - Val:   loss 1.6120 acc1 61.09% f1 61.14%
2026-03-14 19:18:01 - __main__ - INFO - 
Epoch 102/200 | lr 0.051213
2026-03-14 19:18:17 - __main__ - INFO - Train: loss 0.4672 acc1 85.50% f1 85.49%
2026-03-14 19:18:17 - __main__ - INFO - Val:   loss 1.5067 acc1 63.03% f1 63.19%
2026-03-14 19:18:17 - __main__ - INFO - 
Epoch 103/200 | lr 0.050408
2026-03-14 19:18:34 - __main__ - INFO - Train: loss 0.4432 acc1 86.32% f1 86.34%
2026-03-14 19:18:34 - __main__ - INFO - Val:   loss 1.5180 acc1 63.78% f1 63.97%
2026-03-14 19:18:34 - __main__ - INFO - 
Epoch 104/200 | lr 0.049602
2026-03-14 19:18:50 - __main__ - INFO - Train: loss 0.4380 acc1 86.42% f1 86.41%
2026-03-14 19:18:50 - __main__ - INFO - Val:   loss 1.6548 acc1 61.45% f1 61.45%
2026-03-14 19:18:50 - __main__ - INFO - 
Epoch 105/200 | lr 0.048797
2026-03-14 19:19:06 - __main__ - INFO - Train: loss 0.4381 acc1 86.27% f1 86.26%
2026-03-14 19:19:06 - __main__ - INFO - Val:   loss 1.5503 acc1 63.92% f1 63.88%
2026-03-14 19:19:06 - __main__ - INFO - 
Epoch 106/200 | lr 0.047992
2026-03-14 19:19:23 - __main__ - INFO - Train: loss 0.4316 acc1 86.50% f1 86.50%
2026-03-14 19:19:23 - __main__ - INFO - Val:   loss 1.4882 acc1 64.59% f1 64.84%
2026-03-14 19:19:23 - __main__ - INFO - 
Epoch 107/200 | lr 0.047187
2026-03-14 19:19:39 - __main__ - INFO - Train: loss 0.3957 acc1 87.66% f1 87.65%
2026-03-14 19:19:39 - __main__ - INFO - Val:   loss 1.4288 acc1 65.13% f1 65.35%
2026-03-14 19:19:39 - __main__ - INFO - saved best: 65.13%
2026-03-14 19:19:39 - __main__ - INFO - 
Epoch 108/200 | lr 0.046384
2026-03-14 19:19:56 - __main__ - INFO - Train: loss 0.4024 acc1 87.54% f1 87.55%
2026-03-14 19:19:56 - __main__ - INFO - Val:   loss 1.5224 acc1 63.95% f1 63.96%
2026-03-14 19:19:56 - __main__ - INFO - 
Epoch 109/200 | lr 0.045581
2026-03-14 19:20:12 - __main__ - INFO - Train: loss 0.3983 acc1 87.68% f1 87.67%
2026-03-14 19:20:12 - __main__ - INFO - Val:   loss 1.4979 acc1 63.65% f1 64.02%
2026-03-14 19:20:12 - __main__ - INFO - 
Epoch 110/200 | lr 0.044779
2026-03-14 19:20:28 - __main__ - INFO - Train: loss 0.3848 acc1 88.05% f1 88.04%
2026-03-14 19:20:28 - __main__ - INFO - Val:   loss 1.7019 acc1 62.10% f1 62.99%
2026-03-14 19:20:28 - __main__ - INFO - 
Epoch 111/200 | lr 0.043979
2026-03-14 19:20:45 - __main__ - INFO - Train: loss 0.3748 acc1 88.35% f1 88.35%
2026-03-14 19:20:45 - __main__ - INFO - Val:   loss 1.5803 acc1 62.78% f1 62.97%
2026-03-14 19:20:45 - __main__ - INFO - 
Epoch 112/200 | lr 0.043180
2026-03-14 19:21:01 - __main__ - INFO - Train: loss 0.3599 acc1 88.89% f1 88.89%
2026-03-14 19:21:01 - __main__ - INFO - Val:   loss 1.5147 acc1 63.19% f1 63.14%
2026-03-14 19:21:01 - __main__ - INFO - 
Epoch 113/200 | lr 0.042383
2026-03-14 19:21:18 - __main__ - INFO - Train: loss 0.3588 acc1 89.05% f1 89.04%
2026-03-14 19:21:18 - __main__ - INFO - Val:   loss 1.5066 acc1 65.12% f1 65.36%
2026-03-14 19:21:18 - __main__ - INFO - 
Epoch 114/200 | lr 0.041588
2026-03-14 19:21:34 - __main__ - INFO - Train: loss 0.3491 acc1 89.21% f1 89.21%
2026-03-14 19:21:34 - __main__ - INFO - Val:   loss 1.4930 acc1 64.60% f1 64.84%
2026-03-14 19:21:34 - __main__ - INFO - 
Epoch 115/200 | lr 0.040795
2026-03-14 19:21:51 - __main__ - INFO - Train: loss 0.3364 acc1 89.56% f1 89.56%
2026-03-14 19:21:51 - __main__ - INFO - Val:   loss 1.5044 acc1 65.08% f1 64.99%
2026-03-14 19:21:51 - __main__ - INFO - 
Epoch 116/200 | lr 0.040005
2026-03-14 19:22:07 - __main__ - INFO - Train: loss 0.3229 acc1 89.92% f1 89.92%
2026-03-14 19:22:07 - __main__ - INFO - Val:   loss 1.4989 acc1 65.15% f1 65.41%
2026-03-14 19:22:07 - __main__ - INFO - saved best: 65.15%
2026-03-14 19:22:07 - __main__ - INFO - 
Epoch 117/200 | lr 0.039217
2026-03-14 19:22:23 - __main__ - INFO - Train: loss 0.3002 acc1 90.80% f1 90.80%
2026-03-14 19:22:23 - __main__ - INFO - Val:   loss 1.4726 acc1 66.05% f1 66.19%
2026-03-14 19:22:23 - __main__ - INFO - saved best: 66.05%
2026-03-14 19:22:23 - __main__ - INFO - 
Epoch 118/200 | lr 0.038432
2026-03-14 19:22:40 - __main__ - INFO - Train: loss 0.3135 acc1 90.25% f1 90.25%
2026-03-14 19:22:40 - __main__ - INFO - Val:   loss 1.4037 acc1 66.22% f1 66.31%
2026-03-14 19:22:40 - __main__ - INFO - saved best: 66.22%
2026-03-14 19:22:40 - __main__ - INFO - 
Epoch 119/200 | lr 0.037650
2026-03-14 19:22:56 - __main__ - INFO - Train: loss 0.2907 acc1 91.10% f1 91.11%
2026-03-14 19:22:56 - __main__ - INFO - Val:   loss 1.4904 acc1 65.45% f1 65.79%
2026-03-14 19:22:56 - __main__ - INFO - 
Epoch 120/200 | lr 0.036871
2026-03-14 19:23:13 - __main__ - INFO - Train: loss 0.2833 acc1 91.38% f1 91.38%
2026-03-14 19:23:13 - __main__ - INFO - Val:   loss 1.5499 acc1 64.16% f1 64.55%
2026-03-14 19:23:13 - __main__ - INFO - 
Epoch 121/200 | lr 0.036096
2026-03-14 19:23:29 - __main__ - INFO - Train: loss 0.2826 acc1 91.41% f1 91.41%
2026-03-14 19:23:29 - __main__ - INFO - Val:   loss 1.5152 acc1 63.71% f1 63.54%
2026-03-14 19:23:29 - __main__ - INFO - 
Epoch 122/200 | lr 0.035324
2026-03-14 19:23:45 - __main__ - INFO - Train: loss 0.2854 acc1 91.22% f1 91.22%
2026-03-14 19:23:45 - __main__ - INFO - Val:   loss 1.4792 acc1 65.67% f1 66.25%
2026-03-14 19:23:45 - __main__ - INFO - 
Epoch 123/200 | lr 0.034556
2026-03-14 19:24:02 - __main__ - INFO - Train: loss 0.2676 acc1 91.88% f1 91.89%
2026-03-14 19:24:02 - __main__ - INFO - Val:   loss 1.4635 acc1 66.47% f1 66.67%
2026-03-14 19:24:02 - __main__ - INFO - saved best: 66.47%
2026-03-14 19:24:02 - __main__ - INFO - 
Epoch 124/200 | lr 0.033792
2026-03-14 19:24:18 - __main__ - INFO - Train: loss 0.2400 acc1 92.77% f1 92.77%
2026-03-14 19:24:18 - __main__ - INFO - Val:   loss 1.4696 acc1 66.10% f1 66.18%
2026-03-14 19:24:18 - __main__ - INFO - 
Epoch 125/200 | lr 0.033032
2026-03-14 19:24:35 - __main__ - INFO - Train: loss 0.2348 acc1 93.10% f1 93.10%
2026-03-14 19:24:35 - __main__ - INFO - Val:   loss 1.4789 acc1 66.19% f1 66.13%
2026-03-14 19:24:35 - __main__ - INFO - 
Epoch 126/200 | lr 0.032277
2026-03-14 19:24:51 - __main__ - INFO - Train: loss 0.2316 acc1 93.04% f1 93.05%
2026-03-14 19:24:51 - __main__ - INFO - Val:   loss 1.5482 acc1 66.58% f1 66.69%
2026-03-14 19:24:51 - __main__ - INFO - saved best: 66.58%
2026-03-14 19:24:51 - __main__ - INFO - 
Epoch 127/200 | lr 0.031526
2026-03-14 19:25:07 - __main__ - INFO - Train: loss 0.2370 acc1 92.83% f1 92.84%
2026-03-14 19:25:07 - __main__ - INFO - Val:   loss 1.3928 acc1 67.06% f1 67.01%
2026-03-14 19:25:07 - __main__ - INFO - saved best: 67.06%
2026-03-14 19:25:07 - __main__ - INFO - 
Epoch 128/200 | lr 0.030780
2026-03-14 19:25:24 - __main__ - INFO - Train: loss 0.2300 acc1 93.14% f1 93.15%
2026-03-14 19:25:24 - __main__ - INFO - Val:   loss 1.3808 acc1 67.16% f1 67.21%
2026-03-14 19:25:24 - __main__ - INFO - saved best: 67.16%
2026-03-14 19:25:24 - __main__ - INFO - 
Epoch 129/200 | lr 0.030039
2026-03-14 19:25:40 - __main__ - INFO - Train: loss 0.2215 acc1 93.37% f1 93.38%
2026-03-14 19:25:40 - __main__ - INFO - Val:   loss 1.4503 acc1 66.29% f1 66.34%
2026-03-14 19:25:40 - __main__ - INFO - 
Epoch 130/200 | lr 0.029303
2026-03-14 19:25:57 - __main__ - INFO - Train: loss 0.1985 acc1 94.06% f1 94.06%
2026-03-14 19:25:57 - __main__ - INFO - Val:   loss 1.4002 acc1 67.18% f1 67.30%
2026-03-14 19:25:57 - __main__ - INFO - saved best: 67.18%
2026-03-14 19:25:57 - __main__ - INFO - 
Epoch 131/200 | lr 0.028573
2026-03-14 19:26:13 - __main__ - INFO - Train: loss 0.1870 acc1 94.54% f1 94.55%
2026-03-14 19:26:13 - __main__ - INFO - Val:   loss 1.4359 acc1 66.38% f1 66.50%
2026-03-14 19:26:13 - __main__ - INFO - 
Epoch 132/200 | lr 0.027848
2026-03-14 19:26:29 - __main__ - INFO - Train: loss 0.1908 acc1 94.38% f1 94.39%
2026-03-14 19:26:29 - __main__ - INFO - Val:   loss 1.4557 acc1 67.35% f1 67.33%
2026-03-14 19:26:29 - __main__ - INFO - saved best: 67.35%
2026-03-14 19:26:29 - __main__ - INFO - 
Epoch 133/200 | lr 0.027129
2026-03-14 19:26:46 - __main__ - INFO - Train: loss 0.1678 acc1 95.22% f1 95.22%
2026-03-14 19:26:46 - __main__ - INFO - Val:   loss 1.3103 acc1 68.71% f1 68.57%
2026-03-14 19:26:46 - __main__ - INFO - saved best: 68.71%
2026-03-14 19:26:46 - __main__ - INFO - 
Epoch 134/200 | lr 0.026415
2026-03-14 19:27:02 - __main__ - INFO - Train: loss 0.1505 acc1 95.69% f1 95.70%
2026-03-14 19:27:02 - __main__ - INFO - Val:   loss 1.3045 acc1 69.17% f1 68.95%
2026-03-14 19:27:02 - __main__ - INFO - saved best: 69.17%
2026-03-14 19:27:02 - __main__ - INFO - 
Epoch 135/200 | lr 0.025708
2026-03-14 19:27:19 - __main__ - INFO - Train: loss 0.1475 acc1 95.87% f1 95.87%
2026-03-14 19:27:19 - __main__ - INFO - Val:   loss 1.3322 acc1 68.55% f1 68.65%
2026-03-14 19:27:19 - __main__ - INFO - 
Epoch 136/200 | lr 0.025008
2026-03-14 19:27:35 - __main__ - INFO - Train: loss 0.1513 acc1 95.69% f1 95.69%
2026-03-14 19:27:35 - __main__ - INFO - Val:   loss 1.3591 acc1 68.17% f1 68.25%
2026-03-14 19:27:35 - __main__ - INFO - 
Epoch 137/200 | lr 0.024313
2026-03-14 19:27:51 - __main__ - INFO - Train: loss 0.1422 acc1 96.17% f1 96.17%
2026-03-14 19:27:51 - __main__ - INFO - Val:   loss 1.4030 acc1 68.09% f1 68.12%
2026-03-14 19:27:51 - __main__ - INFO - 
Epoch 138/200 | lr 0.023626
2026-03-14 19:28:08 - __main__ - INFO - Train: loss 0.1308 acc1 96.39% f1 96.38%
2026-03-14 19:28:08 - __main__ - INFO - Val:   loss 1.3005 acc1 70.24% f1 70.37%
2026-03-14 19:28:08 - __main__ - INFO - saved best: 70.24%
2026-03-14 19:28:08 - __main__ - INFO - 
Epoch 139/200 | lr 0.022945
2026-03-14 19:28:24 - __main__ - INFO - Train: loss 0.1239 acc1 96.70% f1 96.70%
2026-03-14 19:28:24 - __main__ - INFO - Val:   loss 1.3040 acc1 69.45% f1 69.46%
2026-03-14 19:28:24 - __main__ - INFO - 
Epoch 140/200 | lr 0.022271
2026-03-14 19:28:41 - __main__ - INFO - Train: loss 0.1154 acc1 96.92% f1 96.92%
2026-03-14 19:28:41 - __main__ - INFO - Val:   loss 1.2774 acc1 69.94% f1 69.81%
2026-03-14 19:28:41 - __main__ - INFO - 
Epoch 141/200 | lr 0.021605
2026-03-14 19:28:57 - __main__ - INFO - Train: loss 0.1116 acc1 97.05% f1 97.05%
2026-03-14 19:28:57 - __main__ - INFO - Val:   loss 1.2888 acc1 70.01% f1 70.07%
2026-03-14 19:28:57 - __main__ - INFO - 
Epoch 142/200 | lr 0.020945
2026-03-14 19:29:13 - __main__ - INFO - Train: loss 0.1083 acc1 97.24% f1 97.24%
2026-03-14 19:29:13 - __main__ - INFO - Val:   loss 1.2624 acc1 70.39% f1 70.27%
2026-03-14 19:29:13 - __main__ - INFO - saved best: 70.39%
2026-03-14 19:29:13 - __main__ - INFO - 
Epoch 143/200 | lr 0.020294
2026-03-14 19:29:30 - __main__ - INFO - Train: loss 0.0999 acc1 97.46% f1 97.47%
2026-03-14 19:29:30 - __main__ - INFO - Val:   loss 1.2071 acc1 71.08% f1 71.14%
2026-03-14 19:29:30 - __main__ - INFO - saved best: 71.08%
2026-03-14 19:29:30 - __main__ - INFO - 
Epoch 144/200 | lr 0.019650
2026-03-14 19:29:46 - __main__ - INFO - Train: loss 0.0896 acc1 97.75% f1 97.75%
2026-03-14 19:29:46 - __main__ - INFO - Val:   loss 1.2749 acc1 69.98% f1 69.72%
2026-03-14 19:29:46 - __main__ - INFO - 
Epoch 145/200 | lr 0.019014
2026-03-14 19:30:03 - __main__ - INFO - Train: loss 0.0866 acc1 97.90% f1 97.91%
2026-03-14 19:30:03 - __main__ - INFO - Val:   loss 1.2186 acc1 70.87% f1 71.00%
2026-03-14 19:30:03 - __main__ - INFO - 
Epoch 146/200 | lr 0.018386
2026-03-14 19:30:19 - __main__ - INFO - Train: loss 0.0688 acc1 98.40% f1 98.40%
2026-03-14 19:30:19 - __main__ - INFO - Val:   loss 1.1768 acc1 71.86% f1 71.82%
2026-03-14 19:30:19 - __main__ - INFO - saved best: 71.86%
2026-03-14 19:30:19 - __main__ - INFO - 
Epoch 147/200 | lr 0.017766
2026-03-14 19:30:35 - __main__ - INFO - Train: loss 0.0636 acc1 98.63% f1 98.63%
2026-03-14 19:30:35 - __main__ - INFO - Val:   loss 1.1992 acc1 71.48% f1 71.38%
2026-03-14 19:30:35 - __main__ - INFO - 
Epoch 148/200 | lr 0.017155
2026-03-14 19:30:52 - __main__ - INFO - Train: loss 0.0541 acc1 98.85% f1 98.85%
2026-03-14 19:30:52 - __main__ - INFO - Val:   loss 1.1615 acc1 72.33% f1 72.23%
2026-03-14 19:30:52 - __main__ - INFO - saved best: 72.33%
2026-03-14 19:30:52 - __main__ - INFO - 
Epoch 149/200 | lr 0.016552
2026-03-14 19:31:08 - __main__ - INFO - Train: loss 0.0466 acc1 99.17% f1 99.16%
2026-03-14 19:31:08 - __main__ - INFO - Val:   loss 1.1361 acc1 73.56% f1 73.61%
2026-03-14 19:31:08 - __main__ - INFO - saved best: 73.56%
2026-03-14 19:31:08 - __main__ - INFO - 
Epoch 150/200 | lr 0.015958
2026-03-14 19:31:25 - __main__ - INFO - Train: loss 0.0390 acc1 99.31% f1 99.32%
2026-03-14 19:31:25 - __main__ - INFO - Val:   loss 1.1112 acc1 73.66% f1 73.55%
2026-03-14 19:31:25 - __main__ - INFO - saved best: 73.66%
2026-03-14 19:31:25 - __main__ - INFO - 
Epoch 151/200 | lr 0.015372
2026-03-14 19:31:41 - __main__ - INFO - Train: loss 0.0366 acc1 99.40% f1 99.40%
2026-03-14 19:31:41 - __main__ - INFO - Val:   loss 1.0936 acc1 73.16% f1 73.18%
2026-03-14 19:31:41 - __main__ - INFO - 
Epoch 152/200 | lr 0.014796
2026-03-14 19:31:58 - __main__ - INFO - Train: loss 0.0327 acc1 99.46% f1 99.46%
2026-03-14 19:31:58 - __main__ - INFO - Val:   loss 1.0785 acc1 74.12% f1 73.95%
2026-03-14 19:31:58 - __main__ - INFO - saved best: 74.12%
2026-03-14 19:31:58 - __main__ - INFO - 
Epoch 153/200 | lr 0.014229
2026-03-14 19:32:14 - __main__ - INFO - Train: loss 0.0241 acc1 99.69% f1 99.69%
2026-03-14 19:32:14 - __main__ - INFO - Val:   loss 1.0501 acc1 74.23% f1 74.03%
2026-03-14 19:32:14 - __main__ - INFO - saved best: 74.23%
2026-03-14 19:32:14 - __main__ - INFO - 
Epoch 154/200 | lr 0.013671
2026-03-14 19:32:30 - __main__ - INFO - Train: loss 0.0186 acc1 99.80% f1 99.80%
2026-03-14 19:32:30 - __main__ - INFO - Val:   loss 1.0283 acc1 74.95% f1 74.87%
2026-03-14 19:32:30 - __main__ - INFO - saved best: 74.95%
2026-03-14 19:32:30 - __main__ - INFO - 
Epoch 155/200 | lr 0.013122
2026-03-14 19:32:47 - __main__ - INFO - Train: loss 0.0163 acc1 99.86% f1 99.86%
2026-03-14 19:32:47 - __main__ - INFO - Val:   loss 0.9964 acc1 75.83% f1 75.71%
2026-03-14 19:32:47 - __main__ - INFO - saved best: 75.83%
2026-03-14 19:32:47 - __main__ - INFO - 
Epoch 156/200 | lr 0.012583
2026-03-14 19:33:03 - __main__ - INFO - Train: loss 0.0152 acc1 99.87% f1 99.87%
2026-03-14 19:33:03 - __main__ - INFO - Val:   loss 0.9924 acc1 75.35% f1 75.28%
2026-03-14 19:33:03 - __main__ - INFO - 
Epoch 157/200 | lr 0.012054
2026-03-14 19:33:20 - __main__ - INFO - Train: loss 0.0139 acc1 99.89% f1 99.89%
2026-03-14 19:33:20 - __main__ - INFO - Val:   loss 0.9755 acc1 75.82% f1 75.73%
2026-03-14 19:33:20 - __main__ - INFO - 
Epoch 158/200 | lr 0.011535
2026-03-14 19:33:36 - __main__ - INFO - Train: loss 0.0122 acc1 99.94% f1 99.94%
2026-03-14 19:33:36 - __main__ - INFO - Val:   loss 0.9716 acc1 75.49% f1 75.50%
2026-03-14 19:33:36 - __main__ - INFO - 
Epoch 159/200 | lr 0.011025
2026-03-14 19:33:52 - __main__ - INFO - Train: loss 0.0113 acc1 99.94% f1 99.94%
2026-03-14 19:33:52 - __main__ - INFO - Val:   loss 0.9400 acc1 76.58% f1 76.49%
2026-03-14 19:33:52 - __main__ - INFO - saved best: 76.58%
2026-03-14 19:33:52 - __main__ - INFO - 
Epoch 160/200 | lr 0.010526
2026-03-14 19:34:09 - __main__ - INFO - Train: loss 0.0113 acc1 99.94% f1 99.94%
2026-03-14 19:34:09 - __main__ - INFO - Val:   loss 0.9374 acc1 76.10% f1 75.99%
2026-03-14 19:34:09 - __main__ - INFO - 
Epoch 161/200 | lr 0.010037
2026-03-14 19:34:25 - __main__ - INFO - Train: loss 0.0101 acc1 99.95% f1 99.95%
2026-03-14 19:34:25 - __main__ - INFO - Val:   loss 0.9409 acc1 76.24% f1 76.16%
2026-03-14 19:34:25 - __main__ - INFO - 
Epoch 162/200 | lr 0.009558
2026-03-14 19:34:42 - __main__ - INFO - Train: loss 0.0106 acc1 99.95% f1 99.95%
2026-03-14 19:34:42 - __main__ - INFO - Val:   loss 0.9342 acc1 76.68% f1 76.60%
2026-03-14 19:34:42 - __main__ - INFO - saved best: 76.68%
2026-03-14 19:34:42 - __main__ - INFO - 
Epoch 163/200 | lr 0.009090
2026-03-14 19:34:58 - __main__ - INFO - Train: loss 0.0103 acc1 99.96% f1 99.96%
2026-03-14 19:34:58 - __main__ - INFO - Val:   loss 0.9355 acc1 76.80% f1 76.68%
2026-03-14 19:34:58 - __main__ - INFO - saved best: 76.80%
2026-03-14 19:34:58 - __main__ - INFO - 
Epoch 164/200 | lr 0.008632
2026-03-14 19:35:14 - __main__ - INFO - Train: loss 0.0107 acc1 99.95% f1 99.95%
2026-03-14 19:35:14 - __main__ - INFO - Val:   loss 0.9285 acc1 77.03% f1 76.88%
2026-03-14 19:35:14 - __main__ - INFO - saved best: 77.03%
2026-03-14 19:35:14 - __main__ - INFO - 
Epoch 165/200 | lr 0.008186
2026-03-14 19:35:31 - __main__ - INFO - Train: loss 0.0108 acc1 99.95% f1 99.95%
2026-03-14 19:35:31 - __main__ - INFO - Val:   loss 0.9308 acc1 76.84% f1 76.74%
2026-03-14 19:35:31 - __main__ - INFO - 
Epoch 166/200 | lr 0.007750
2026-03-14 19:35:47 - __main__ - INFO - Train: loss 0.0104 acc1 99.96% f1 99.96%
2026-03-14 19:35:47 - __main__ - INFO - Val:   loss 0.9248 acc1 76.67% f1 76.55%
2026-03-14 19:35:47 - __main__ - INFO - 
Epoch 167/200 | lr 0.007325
2026-03-14 19:36:04 - __main__ - INFO - Train: loss 0.0102 acc1 99.97% f1 99.97%
2026-03-14 19:36:04 - __main__ - INFO - Val:   loss 0.9223 acc1 76.97% f1 76.90%
2026-03-14 19:36:04 - __main__ - INFO - 
Epoch 168/200 | lr 0.006911
2026-03-14 19:36:20 - __main__ - INFO - Train: loss 0.0100 acc1 99.97% f1 99.97%
2026-03-14 19:36:20 - __main__ - INFO - Val:   loss 0.9243 acc1 77.06% f1 76.98%
2026-03-14 19:36:20 - __main__ - INFO - saved best: 77.06%
2026-03-14 19:36:20 - __main__ - INFO - 
Epoch 169/200 | lr 0.006508
2026-03-14 19:36:36 - __main__ - INFO - Train: loss 0.0101 acc1 99.96% f1 99.96%
2026-03-14 19:36:36 - __main__ - INFO - Val:   loss 0.9239 acc1 76.63% f1 76.55%
2026-03-14 19:36:36 - __main__ - INFO - 
Epoch 170/200 | lr 0.006117
2026-03-14 19:36:53 - __main__ - INFO - Train: loss 0.0099 acc1 99.96% f1 99.96%
2026-03-14 19:36:53 - __main__ - INFO - Val:   loss 0.9239 acc1 77.18% f1 77.08%
2026-03-14 19:36:53 - __main__ - INFO - saved best: 77.18%
2026-03-14 19:36:53 - __main__ - INFO - 
Epoch 171/200 | lr 0.005737
2026-03-14 19:37:09 - __main__ - INFO - Train: loss 0.0097 acc1 99.96% f1 99.96%
2026-03-14 19:37:09 - __main__ - INFO - Val:   loss 0.9155 acc1 76.94% f1 76.83%
2026-03-14 19:37:09 - __main__ - INFO - 
Epoch 172/200 | lr 0.005368
2026-03-14 19:37:26 - __main__ - INFO - Train: loss 0.0097 acc1 99.97% f1 99.97%
2026-03-14 19:37:26 - __main__ - INFO - Val:   loss 0.9143 acc1 77.53% f1 77.42%
2026-03-14 19:37:26 - __main__ - INFO - saved best: 77.53%
2026-03-14 19:37:26 - __main__ - INFO - 
Epoch 173/200 | lr 0.005011
2026-03-14 19:37:42 - __main__ - INFO - Train: loss 0.0096 acc1 99.97% f1 99.97%
2026-03-14 19:37:42 - __main__ - INFO - Val:   loss 0.9084 acc1 77.44% f1 77.32%
2026-03-14 19:37:42 - __main__ - INFO - 
Epoch 174/200 | lr 0.004666
2026-03-14 19:37:58 - __main__ - INFO - Train: loss 0.0095 acc1 99.96% f1 99.96%
2026-03-14 19:37:58 - __main__ - INFO - Val:   loss 0.9190 acc1 77.33% f1 77.24%
2026-03-14 19:37:58 - __main__ - INFO - 
Epoch 175/200 | lr 0.004332
2026-03-14 19:38:15 - __main__ - INFO - Train: loss 0.0096 acc1 99.97% f1 99.97%
2026-03-14 19:38:15 - __main__ - INFO - Val:   loss 0.9144 acc1 77.17% f1 77.05%
2026-03-14 19:38:15 - __main__ - INFO - 
Epoch 176/200 | lr 0.004011
2026-03-14 19:38:31 - __main__ - INFO - Train: loss 0.0094 acc1 99.98% f1 99.98%
2026-03-14 19:38:31 - __main__ - INFO - Val:   loss 0.9151 acc1 77.31% f1 77.16%
2026-03-14 19:38:31 - __main__ - INFO - 
Epoch 177/200 | lr 0.003701
2026-03-14 19:38:48 - __main__ - INFO - Train: loss 0.0093 acc1 99.98% f1 99.98%
2026-03-14 19:38:48 - __main__ - INFO - Val:   loss 0.9137 acc1 77.43% f1 77.33%
2026-03-14 19:38:48 - __main__ - INFO - 
Epoch 178/200 | lr 0.003403
2026-03-14 19:39:04 - __main__ - INFO - Train: loss 0.0093 acc1 99.97% f1 99.97%
2026-03-14 19:39:04 - __main__ - INFO - Val:   loss 0.9140 acc1 77.41% f1 77.26%
2026-03-14 19:39:04 - __main__ - INFO - 
Epoch 179/200 | lr 0.003118
2026-03-14 19:39:20 - __main__ - INFO - Train: loss 0.0093 acc1 99.97% f1 99.97%
2026-03-14 19:39:20 - __main__ - INFO - Val:   loss 0.9110 acc1 77.39% f1 77.26%
2026-03-14 19:39:20 - __main__ - INFO - 
Epoch 180/200 | lr 0.002844
2026-03-14 19:39:37 - __main__ - INFO - Train: loss 0.0092 acc1 99.97% f1 99.97%
2026-03-14 19:39:37 - __main__ - INFO - Val:   loss 0.9123 acc1 77.27% f1 77.20%
2026-03-14 19:39:37 - __main__ - INFO - 
Epoch 181/200 | lr 0.002583
2026-03-14 19:39:53 - __main__ - INFO - Train: loss 0.0092 acc1 99.98% f1 99.98%
2026-03-14 19:39:53 - __main__ - INFO - Val:   loss 0.9117 acc1 77.35% f1 77.24%
2026-03-14 19:39:53 - __main__ - INFO - 
Epoch 182/200 | lr 0.002334
2026-03-14 19:40:10 - __main__ - INFO - Train: loss 0.0093 acc1 99.98% f1 99.98%
2026-03-14 19:40:10 - __main__ - INFO - Val:   loss 0.9157 acc1 77.08% f1 76.94%
2026-03-14 19:40:10 - __main__ - INFO - 
Epoch 183/200 | lr 0.002097
2026-03-14 19:40:26 - __main__ - INFO - Train: loss 0.0090 acc1 99.97% f1 99.97%
2026-03-14 19:40:26 - __main__ - INFO - Val:   loss 0.9115 acc1 77.51% f1 77.41%
2026-03-14 19:40:26 - __main__ - INFO - 
Epoch 184/200 | lr 0.001873
2026-03-14 19:40:43 - __main__ - INFO - Train: loss 0.0090 acc1 99.98% f1 99.98%
2026-03-14 19:40:43 - __main__ - INFO - Val:   loss 0.9155 acc1 77.44% f1 77.31%
2026-03-14 19:40:43 - __main__ - INFO - 
Epoch 185/200 | lr 0.001662
2026-03-14 19:40:59 - __main__ - INFO - Train: loss 0.0089 acc1 99.98% f1 99.98%
2026-03-14 19:40:59 - __main__ - INFO - Val:   loss 0.9098 acc1 77.16% f1 77.09%
2026-03-14 19:40:59 - __main__ - INFO - 
Epoch 186/200 | lr 0.001463
2026-03-14 19:41:15 - __main__ - INFO - Train: loss 0.0089 acc1 99.97% f1 99.97%
2026-03-14 19:41:15 - __main__ - INFO - Val:   loss 0.9151 acc1 77.50% f1 77.34%
2026-03-14 19:41:15 - __main__ - INFO - 
Epoch 187/200 | lr 0.001276
2026-03-14 19:41:32 - __main__ - INFO - Train: loss 0.0090 acc1 99.96% f1 99.96%
2026-03-14 19:41:32 - __main__ - INFO - Val:   loss 0.9117 acc1 77.44% f1 77.34%
2026-03-14 19:41:32 - __main__ - INFO - 
Epoch 188/200 | lr 0.001103
2026-03-14 19:41:48 - __main__ - INFO - Train: loss 0.0088 acc1 99.98% f1 99.98%
2026-03-14 19:41:48 - __main__ - INFO - Val:   loss 0.9157 acc1 77.47% f1 77.37%
2026-03-14 19:41:48 - __main__ - INFO - 
Epoch 189/200 | lr 0.000941
2026-03-14 19:42:05 - __main__ - INFO - Train: loss 0.0088 acc1 99.98% f1 99.98%
2026-03-14 19:42:05 - __main__ - INFO - Val:   loss 0.9130 acc1 77.43% f1 77.34%
2026-03-14 19:42:05 - __main__ - INFO - 
Epoch 190/200 | lr 0.000793
2026-03-14 19:42:21 - __main__ - INFO - Train: loss 0.0087 acc1 99.98% f1 99.98%
2026-03-14 19:42:21 - __main__ - INFO - Val:   loss 0.9132 acc1 77.27% f1 77.17%
2026-03-14 19:42:21 - __main__ - INFO - 
Epoch 191/200 | lr 0.000657
2026-03-14 19:42:37 - __main__ - INFO - Train: loss 0.0087 acc1 99.98% f1 99.98%
2026-03-14 19:42:37 - __main__ - INFO - Val:   loss 0.9137 acc1 77.64% f1 77.50%
2026-03-14 19:42:37 - __main__ - INFO - saved best: 77.64%
2026-03-14 19:42:37 - __main__ - INFO - 
Epoch 192/200 | lr 0.000535
2026-03-14 19:42:54 - __main__ - INFO - Train: loss 0.0086 acc1 99.99% f1 99.99%
2026-03-14 19:42:54 - __main__ - INFO - Val:   loss 0.9117 acc1 77.33% f1 77.17%
2026-03-14 19:42:54 - __main__ - INFO - 
Epoch 193/200 | lr 0.000425
2026-03-14 19:43:10 - __main__ - INFO - Train: loss 0.0088 acc1 99.98% f1 99.98%
2026-03-14 19:43:10 - __main__ - INFO - Val:   loss 0.9113 acc1 77.56% f1 77.49%
2026-03-14 19:43:10 - __main__ - INFO - 
Epoch 194/200 | lr 0.000328
2026-03-14 19:43:27 - __main__ - INFO - Train: loss 0.0087 acc1 99.99% f1 99.99%
2026-03-14 19:43:27 - __main__ - INFO - Val:   loss 0.9146 acc1 77.48% f1 77.33%
2026-03-14 19:43:27 - __main__ - INFO - 
Epoch 195/200 | lr 0.000243
2026-03-14 19:43:43 - __main__ - INFO - Train: loss 0.0087 acc1 99.98% f1 99.98%
2026-03-14 19:43:43 - __main__ - INFO - Val:   loss 0.9138 acc1 77.51% f1 77.41%
2026-03-14 19:43:43 - __main__ - INFO - 
Epoch 196/200 | lr 0.000172
2026-03-14 19:43:59 - __main__ - INFO - Train: loss 0.0086 acc1 99.99% f1 99.99%
2026-03-14 19:43:59 - __main__ - INFO - Val:   loss 0.9157 acc1 77.33% f1 77.24%
2026-03-14 19:43:59 - __main__ - INFO - 
Epoch 197/200 | lr 0.000114
2026-03-14 19:44:16 - __main__ - INFO - Train: loss 0.0085 acc1 99.99% f1 99.99%
2026-03-14 19:44:16 - __main__ - INFO - Val:   loss 0.9136 acc1 77.20% f1 77.09%
2026-03-14 19:44:16 - __main__ - INFO - 
Epoch 198/200 | lr 0.000068
2026-03-14 19:44:32 - __main__ - INFO - Train: loss 0.0088 acc1 99.97% f1 99.97%
2026-03-14 19:44:32 - __main__ - INFO - Val:   loss 0.9154 acc1 77.35% f1 77.23%
2026-03-14 19:44:32 - __main__ - INFO - 
Epoch 199/200 | lr 0.000036
2026-03-14 19:44:49 - __main__ - INFO - Train: loss 0.0085 acc1 99.98% f1 99.98%
2026-03-14 19:44:49 - __main__ - INFO - Val:   loss 0.9089 acc1 77.19% f1 77.05%
2026-03-14 19:44:49 - __main__ - INFO - 
Epoch 200/200 | lr 0.000016
2026-03-14 19:45:05 - __main__ - INFO - Train: loss 0.0087 acc1 99.98% f1 99.98%
2026-03-14 19:45:05 - __main__ - INFO - Val:   loss 0.9157 acc1 77.56% f1 77.52%
2026-03-14 19:45:06 - __main__ - INFO - 
Best tracked (val): 77.64%
2026-03-14 19:45:06 - __main__ - INFO - Final test: loss 0.9021 acc1 77.70% f1 77.71%
2026-03-14 19:45:08 - __main__ - INFO - Input model resnet18 done — test acc 77.70%, test F1 77.71%
2026-03-14 19:45:08 - __main__ - INFO - 
============================================================
2026-03-14 19:45:08 - __main__ - INFO - Training input model: resnet32
2026-03-14 19:45:08 - __main__ - INFO -   Resolved config → lr=0.1, wd=0.0005, bs=128, epochs=200, scheduler=cosine, warmup=5
2026-03-14 19:45:08 - __main__ - INFO - ============================================================
2026-03-14 19:45:08 - __main__ - INFO - device: cuda | cuda: True | gpu: NVIDIA L4
