2026-06-21 18:38:34 - __main__ - INFO - Run parameters: {"adamw_betas": [0.9, 0.999], "adamw_eps": 1e-08, "amp": true, "batch_size": 128, "cam_layer": "auto", "cutout_area": 0.1, "cutout_m": 4, "cutout_mode": "cam_high", "cutout_size": 0, "data_dir": "./data", "dataset": "cifar100", "epochs": 100, "gamma": 0.1, "grayscale": false, "include_regex": "", "label_smoothing": 0.0, "log_every": 100, "lr": 0.1, "milestones": "60,80", "min_lr": 1e-05, "model": "resnet18", "momentum": 0.9, "nesterov": false, "num_workers": 4, "optimizer": "sgd", "out_dir": "runs/cifar100_colab/42", "run_name": "resnet18_seed42_cam_high_M4_area0.1", "saliency_candidate_percent": 10.0, "scheduler": "cosine", "seed": 42, "teacher_checkpoint": "runs/cifar100_colab/42/resnet18_seed42_none/best_model.pt", "teacher_model": "resnet18", "val_split": 0.1, "warmup_epochs": 5, "weight_decay": 0.0005}
2026-06-21 18:38:34 - __main__ - INFO - device: cuda | cuda: True | gpu: NVIDIA L4
2026-06-21 18:38:37 - __main__ - INFO - Model: resnet18 | Dataset: cifar100 | Classes: 100 | Optimizer: sgd
2026-06-21 18:38:38 - __main__ - INFO - Cutout enabled: mode=cam_high m=4 size=None area=0.1
2026-06-21 18:38:38 - __main__ - INFO - 
Epoch 1/100 | lr 0.000100
2026-06-21 18:39:36 - __main__ - INFO - Train: loss 4.5052 acc1 3.16%
2026-06-21 18:39:36 - __main__ - INFO - Val:   loss 4.3332 acc1 4.88%
2026-06-21 18:39:36 - __main__ - INFO - saved best: 4.88%
2026-06-21 18:39:36 - __main__ - INFO - 
Epoch 2/100 | lr 0.020080
2026-06-21 18:40:34 - __main__ - INFO - Train: loss 2.9143 acc1 27.16%
2026-06-21 18:40:34 - __main__ - INFO - Val:   loss 2.3021 acc1 40.21%
2026-06-21 18:40:34 - __main__ - INFO - saved best: 40.21%
2026-06-21 18:40:34 - __main__ - INFO - 
Epoch 3/100 | lr 0.040060
2026-06-21 18:41:32 - __main__ - INFO - Train: loss 1.8562 acc1 48.80%
2026-06-21 18:41:32 - __main__ - INFO - Val:   loss 1.7365 acc1 53.11%
2026-06-21 18:41:32 - __main__ - INFO - saved best: 53.11%
2026-06-21 18:41:32 - __main__ - INFO - 
Epoch 4/100 | lr 0.060040
2026-06-21 18:42:30 - __main__ - INFO - Train: loss 1.4550 acc1 58.66%
2026-06-21 18:42:30 - __main__ - INFO - Val:   loss 1.9605 acc1 49.34%
2026-06-21 18:42:30 - __main__ - INFO - 
Epoch 5/100 | lr 0.080020
2026-06-21 18:43:28 - __main__ - INFO - Train: loss 1.3557 acc1 61.20%
2026-06-21 18:43:28 - __main__ - INFO - Val:   loss 1.6849 acc1 56.03%
2026-06-21 18:43:28 - __main__ - INFO - saved best: 56.03%
2026-06-21 18:43:28 - __main__ - INFO - 
Epoch 6/100 | lr 0.100000
2026-06-21 18:44:26 - __main__ - INFO - Train: loss 1.3489 acc1 61.51%
2026-06-21 18:44:26 - __main__ - INFO - Val:   loss 2.0420 acc1 48.85%
2026-06-21 18:44:26 - __main__ - INFO - 
Epoch 7/100 | lr 0.099973
2026-06-21 18:45:25 - __main__ - INFO - Train: loss 1.2675 acc1 63.64%
2026-06-21 18:45:25 - __main__ - INFO - Val:   loss 1.9633 acc1 50.69%
2026-06-21 18:45:25 - __main__ - INFO - 
Epoch 8/100 | lr 0.099891
2026-06-21 18:46:23 - __main__ - INFO - Train: loss 1.2326 acc1 64.55%
2026-06-21 18:46:23 - __main__ - INFO - Val:   loss 1.8812 acc1 52.60%
2026-06-21 18:46:23 - __main__ - INFO - 
Epoch 9/100 | lr 0.099754
2026-06-21 18:47:21 - __main__ - INFO - Train: loss 1.1926 acc1 65.75%
2026-06-21 18:47:21 - __main__ - INFO - Val:   loss 1.7365 acc1 55.08%
2026-06-21 18:47:21 - __main__ - INFO - 
Epoch 10/100 | lr 0.099563
2026-06-21 18:48:19 - __main__ - INFO - Train: loss 1.1744 acc1 66.09%
2026-06-21 18:48:19 - __main__ - INFO - Val:   loss 1.7084 acc1 55.63%
2026-06-21 18:48:19 - __main__ - INFO - 
Epoch 11/100 | lr 0.099318
2026-06-21 18:49:17 - __main__ - INFO - Train: loss 1.1537 acc1 66.75%
2026-06-21 18:49:17 - __main__ - INFO - Val:   loss 1.5826 acc1 58.41%
2026-06-21 18:49:17 - __main__ - INFO - saved best: 58.41%
2026-06-21 18:49:17 - __main__ - INFO - 
Epoch 12/100 | lr 0.099019
2026-06-21 18:50:15 - __main__ - INFO - Train: loss 1.1376 acc1 67.06%
2026-06-21 18:50:15 - __main__ - INFO - Val:   loss 1.5461 acc1 58.93%
2026-06-21 18:50:15 - __main__ - INFO - saved best: 58.93%
2026-06-21 18:50:15 - __main__ - INFO - 
Epoch 13/100 | lr 0.098666
2026-06-21 18:51:13 - __main__ - INFO - Train: loss 1.1196 acc1 67.58%
2026-06-21 18:51:13 - __main__ - INFO - Val:   loss 1.6912 acc1 57.46%
2026-06-21 18:51:13 - __main__ - INFO - 
Epoch 14/100 | lr 0.098261
2026-06-21 18:52:11 - __main__ - INFO - Train: loss 1.1115 acc1 67.78%
2026-06-21 18:52:11 - __main__ - INFO - Val:   loss 1.5353 acc1 59.30%
2026-06-21 18:52:11 - __main__ - INFO - saved best: 59.30%
2026-06-21 18:52:11 - __main__ - INFO - 
Epoch 15/100 | lr 0.097802
2026-06-21 18:53:09 - __main__ - INFO - Train: loss 1.0987 acc1 68.13%
2026-06-21 18:53:09 - __main__ - INFO - Val:   loss 1.5654 acc1 59.18%
2026-06-21 18:53:09 - __main__ - INFO - 
Epoch 16/100 | lr 0.097291
2026-06-21 18:54:07 - __main__ - INFO - Train: loss 1.0880 acc1 68.48%
2026-06-21 18:54:07 - __main__ - INFO - Val:   loss 1.8028 acc1 53.98%
2026-06-21 18:54:07 - __main__ - INFO - 
Epoch 17/100 | lr 0.096729
2026-06-21 18:55:05 - __main__ - INFO - Train: loss 1.0788 acc1 68.69%
2026-06-21 18:55:05 - __main__ - INFO - Val:   loss 2.1794 acc1 48.04%
2026-06-21 18:55:05 - __main__ - INFO - 
Epoch 18/100 | lr 0.096115
2026-06-21 18:56:04 - __main__ - INFO - Train: loss 1.0688 acc1 68.88%
2026-06-21 18:56:04 - __main__ - INFO - Val:   loss 1.6176 acc1 58.59%
2026-06-21 18:56:04 - __main__ - INFO - 
Epoch 19/100 | lr 0.095451
2026-06-21 18:57:02 - __main__ - INFO - Train: loss 1.0593 acc1 69.17%
2026-06-21 18:57:02 - __main__ - INFO - Val:   loss 1.8469 acc1 54.70%
2026-06-21 18:57:02 - __main__ - INFO - 
Epoch 20/100 | lr 0.094737
2026-06-21 18:58:00 - __main__ - INFO - Train: loss 1.0489 acc1 69.49%
2026-06-21 18:58:00 - __main__ - INFO - Val:   loss 1.5615 acc1 58.79%
2026-06-21 18:58:00 - __main__ - INFO - 
Epoch 21/100 | lr 0.093974
2026-06-21 18:58:58 - __main__ - INFO - Train: loss 1.0391 acc1 69.72%
2026-06-21 18:58:58 - __main__ - INFO - Val:   loss 1.5149 acc1 59.74%
2026-06-21 18:58:58 - __main__ - INFO - saved best: 59.74%
2026-06-21 18:58:58 - __main__ - INFO - 
Epoch 22/100 | lr 0.093164
2026-06-21 18:59:55 - __main__ - INFO - Train: loss 1.0285 acc1 70.03%
2026-06-21 18:59:55 - __main__ - INFO - Val:   loss 1.6682 acc1 58.16%
2026-06-21 18:59:55 - __main__ - INFO - 
Epoch 23/100 | lr 0.092306
2026-06-21 19:00:54 - __main__ - INFO - Train: loss 1.0177 acc1 70.37%
2026-06-21 19:00:54 - __main__ - INFO - Val:   loss 1.7308 acc1 55.14%
2026-06-21 19:00:54 - __main__ - INFO - 
Epoch 24/100 | lr 0.091401
2026-06-21 19:01:52 - __main__ - INFO - Train: loss 1.0107 acc1 70.54%
2026-06-21 19:01:52 - __main__ - INFO - Val:   loss 1.7148 acc1 57.00%
2026-06-21 19:01:52 - __main__ - INFO - 
Epoch 25/100 | lr 0.090452
2026-06-21 19:02:50 - __main__ - INFO - Train: loss 1.0034 acc1 70.73%
2026-06-21 19:02:50 - __main__ - INFO - Val:   loss 1.6313 acc1 58.16%
2026-06-21 19:02:50 - __main__ - INFO - 
Epoch 26/100 | lr 0.089458
2026-06-21 19:03:48 - __main__ - INFO - Train: loss 0.9903 acc1 70.99%
2026-06-21 19:03:48 - __main__ - INFO - Val:   loss 1.4967 acc1 61.34%
2026-06-21 19:03:48 - __main__ - INFO - saved best: 61.34%
2026-06-21 19:03:48 - __main__ - INFO - 
Epoch 27/100 | lr 0.088421
2026-06-21 19:04:46 - __main__ - INFO - Train: loss 0.9791 acc1 71.49%
2026-06-21 19:04:46 - __main__ - INFO - Val:   loss 1.5916 acc1 59.32%
2026-06-21 19:04:46 - __main__ - INFO - 
Epoch 28/100 | lr 0.087342
2026-06-21 19:05:44 - __main__ - INFO - Train: loss 0.9704 acc1 71.59%
2026-06-21 19:05:44 - __main__ - INFO - Val:   loss 1.4668 acc1 61.53%
2026-06-21 19:05:44 - __main__ - INFO - saved best: 61.53%
2026-06-21 19:05:44 - __main__ - INFO - 
Epoch 29/100 | lr 0.086223
2026-06-21 19:06:42 - __main__ - INFO - Train: loss 0.9634 acc1 71.83%
2026-06-21 19:06:42 - __main__ - INFO - Val:   loss 1.5856 acc1 60.08%
2026-06-21 19:06:42 - __main__ - INFO - 
Epoch 30/100 | lr 0.085063
2026-06-21 19:07:40 - __main__ - INFO - Train: loss 0.9464 acc1 72.13%
2026-06-21 19:07:40 - __main__ - INFO - Val:   loss 1.6006 acc1 59.36%
2026-06-21 19:07:40 - __main__ - INFO - 
Epoch 31/100 | lr 0.083866
2026-06-21 19:08:38 - __main__ - INFO - Train: loss 0.9343 acc1 72.58%
2026-06-21 19:08:38 - __main__ - INFO - Val:   loss 1.6287 acc1 60.26%
2026-06-21 19:08:38 - __main__ - INFO - 
Epoch 32/100 | lr 0.082631
2026-06-21 19:09:36 - __main__ - INFO - Train: loss 0.9257 acc1 72.78%
2026-06-21 19:09:36 - __main__ - INFO - Val:   loss 1.6721 acc1 58.69%
2026-06-21 19:09:36 - __main__ - INFO - 
Epoch 33/100 | lr 0.081361
2026-06-21 19:10:34 - __main__ - INFO - Train: loss 0.9143 acc1 73.12%
2026-06-21 19:10:34 - __main__ - INFO - Val:   loss 1.6103 acc1 59.02%
2026-06-21 19:10:34 - __main__ - INFO - 
Epoch 34/100 | lr 0.080056
2026-06-21 19:11:32 - __main__ - INFO - Train: loss 0.9013 acc1 73.39%
2026-06-21 19:11:32 - __main__ - INFO - Val:   loss 1.5223 acc1 61.74%
2026-06-21 19:11:32 - __main__ - INFO - saved best: 61.74%
2026-06-21 19:11:32 - __main__ - INFO - 
Epoch 35/100 | lr 0.078719
2026-06-21 19:12:30 - __main__ - INFO - Train: loss 0.8862 acc1 73.84%
2026-06-21 19:12:30 - __main__ - INFO - Val:   loss 1.4834 acc1 62.69%
2026-06-21 19:12:30 - __main__ - INFO - saved best: 62.69%
2026-06-21 19:12:30 - __main__ - INFO - 
Epoch 36/100 | lr 0.077350
2026-06-21 19:13:28 - __main__ - INFO - Train: loss 0.8741 acc1 74.20%
2026-06-21 19:13:28 - __main__ - INFO - Val:   loss 1.4976 acc1 61.73%
2026-06-21 19:13:28 - __main__ - INFO - 
Epoch 37/100 | lr 0.075951
2026-06-21 19:14:26 - __main__ - INFO - Train: loss 0.8600 acc1 74.57%
2026-06-21 19:14:26 - __main__ - INFO - Val:   loss 1.5641 acc1 61.12%
2026-06-21 19:14:26 - __main__ - INFO - 
Epoch 38/100 | lr 0.074524
2026-06-21 19:15:24 - __main__ - INFO - Train: loss 0.8466 acc1 74.89%
2026-06-21 19:15:24 - __main__ - INFO - Val:   loss 1.4401 acc1 61.71%
2026-06-21 19:15:24 - __main__ - INFO - 
Epoch 39/100 | lr 0.073070
2026-06-21 19:16:22 - __main__ - INFO - Train: loss 0.8318 acc1 75.23%
2026-06-21 19:16:22 - __main__ - INFO - Val:   loss 1.5225 acc1 61.20%
2026-06-21 19:16:22 - __main__ - INFO - 
Epoch 40/100 | lr 0.071591
2026-06-21 19:17:20 - __main__ - INFO - Train: loss 0.8186 acc1 75.66%
2026-06-21 19:17:20 - __main__ - INFO - Val:   loss 1.5524 acc1 61.55%
2026-06-21 19:17:20 - __main__ - INFO - 
Epoch 41/100 | lr 0.070088
2026-06-21 19:18:18 - __main__ - INFO - Train: loss 0.7996 acc1 76.17%
2026-06-21 19:18:18 - __main__ - INFO - Val:   loss 1.6807 acc1 58.99%
2026-06-21 19:18:18 - __main__ - INFO - 
Epoch 42/100 | lr 0.068563
2026-06-21 19:19:15 - __main__ - INFO - Train: loss 0.7876 acc1 76.51%
2026-06-21 19:19:15 - __main__ - INFO - Val:   loss 1.4538 acc1 63.31%
2026-06-21 19:19:15 - __main__ - INFO - saved best: 63.31%
2026-06-21 19:19:15 - __main__ - INFO - 
Epoch 43/100 | lr 0.067018
2026-06-21 19:20:13 - __main__ - INFO - Train: loss 0.7631 acc1 77.27%
2026-06-21 19:20:13 - __main__ - INFO - Val:   loss 1.5909 acc1 60.26%
2026-06-21 19:20:13 - __main__ - INFO - 
Epoch 44/100 | lr 0.065454
2026-06-21 19:21:11 - __main__ - INFO - Train: loss 0.7545 acc1 77.45%
2026-06-21 19:21:11 - __main__ - INFO - Val:   loss 1.5294 acc1 61.28%
2026-06-21 19:21:11 - __main__ - INFO - 
Epoch 45/100 | lr 0.063874
2026-06-21 19:22:09 - __main__ - INFO - Train: loss 0.7359 acc1 77.93%
2026-06-21 19:22:09 - __main__ - INFO - Val:   loss 1.4025 acc1 64.51%
2026-06-21 19:22:10 - __main__ - INFO - saved best: 64.51%
2026-06-21 19:22:10 - __main__ - INFO - 
Epoch 46/100 | lr 0.062278
2026-06-21 19:23:08 - __main__ - INFO - Train: loss 0.7196 acc1 78.39%
2026-06-21 19:23:08 - __main__ - INFO - Val:   loss 1.4295 acc1 63.11%
2026-06-21 19:23:08 - __main__ - INFO - 
Epoch 47/100 | lr 0.060669
2026-06-21 19:24:06 - __main__ - INFO - Train: loss 0.6984 acc1 79.02%
2026-06-21 19:24:06 - __main__ - INFO - Val:   loss 1.4804 acc1 64.10%
2026-06-21 19:24:06 - __main__ - INFO - 
Epoch 48/100 | lr 0.059048
2026-06-21 19:25:04 - __main__ - INFO - Train: loss 0.6872 acc1 79.35%
2026-06-21 19:25:04 - __main__ - INFO - Val:   loss 1.4193 acc1 63.33%
2026-06-21 19:25:04 - __main__ - INFO - 
Epoch 49/100 | lr 0.057417
2026-06-21 19:26:02 - __main__ - INFO - Train: loss 0.6690 acc1 79.94%
2026-06-21 19:26:02 - __main__ - INFO - Val:   loss 1.4198 acc1 63.54%
2026-06-21 19:26:02 - __main__ - INFO - 
Epoch 50/100 | lr 0.055779
2026-06-21 19:27:01 - __main__ - INFO - Train: loss 0.6486 acc1 80.48%
2026-06-21 19:27:01 - __main__ - INFO - Val:   loss 1.4287 acc1 64.60%
2026-06-21 19:27:01 - __main__ - INFO - saved best: 64.60%
2026-06-21 19:27:01 - __main__ - INFO - 
Epoch 51/100 | lr 0.054134
2026-06-21 19:27:59 - __main__ - INFO - Train: loss 0.6292 acc1 81.00%
2026-06-21 19:27:59 - __main__ - INFO - Val:   loss 1.4181 acc1 63.83%
2026-06-21 19:27:59 - __main__ - INFO - 
Epoch 52/100 | lr 0.052484
2026-06-21 19:28:57 - __main__ - INFO - Train: loss 0.6109 acc1 81.50%
2026-06-21 19:28:57 - __main__ - INFO - Val:   loss 1.5763 acc1 61.85%
2026-06-21 19:28:57 - __main__ - INFO - 
Epoch 53/100 | lr 0.050832
2026-06-21 19:29:55 - __main__ - INFO - Train: loss 0.5897 acc1 82.11%
2026-06-21 19:29:55 - __main__ - INFO - Val:   loss 1.3602 acc1 65.59%
2026-06-21 19:29:55 - __main__ - INFO - saved best: 65.59%
2026-06-21 19:29:55 - __main__ - INFO - 
Epoch 54/100 | lr 0.049178
2026-06-21 19:30:54 - __main__ - INFO - Train: loss 0.5747 acc1 82.57%
2026-06-21 19:30:54 - __main__ - INFO - Val:   loss 1.4872 acc1 63.68%
2026-06-21 19:30:54 - __main__ - INFO - 
Epoch 55/100 | lr 0.047526
2026-06-21 19:31:52 - __main__ - INFO - Train: loss 0.5445 acc1 83.46%
2026-06-21 19:31:52 - __main__ - INFO - Val:   loss 1.4369 acc1 65.21%
2026-06-21 19:31:52 - __main__ - INFO - 
Epoch 56/100 | lr 0.045876
2026-06-21 19:32:50 - __main__ - INFO - Train: loss 0.5299 acc1 83.89%
2026-06-21 19:32:50 - __main__ - INFO - Val:   loss 1.4174 acc1 65.21%
2026-06-21 19:32:50 - __main__ - INFO - 
Epoch 57/100 | lr 0.044231
2026-06-21 19:33:48 - __main__ - INFO - Train: loss 0.5049 acc1 84.64%
2026-06-21 19:33:48 - __main__ - INFO - Val:   loss 1.4123 acc1 64.87%
2026-06-21 19:33:48 - __main__ - INFO - 
Epoch 58/100 | lr 0.042593
2026-06-21 19:34:46 - __main__ - INFO - Train: loss 0.4893 acc1 85.19%
2026-06-21 19:34:46 - __main__ - INFO - Val:   loss 1.4949 acc1 64.81%
2026-06-21 19:34:46 - __main__ - INFO - 
Epoch 59/100 | lr 0.040962
2026-06-21 19:35:44 - __main__ - INFO - Train: loss 0.4667 acc1 85.79%
2026-06-21 19:35:44 - __main__ - INFO - Val:   loss 1.3742 acc1 66.56%
2026-06-21 19:35:44 - __main__ - INFO - saved best: 66.56%
2026-06-21 19:35:44 - __main__ - INFO - 
Epoch 60/100 | lr 0.039341
2026-06-21 19:36:42 - __main__ - INFO - Train: loss 0.4460 acc1 86.49%
2026-06-21 19:36:42 - __main__ - INFO - Val:   loss 1.3788 acc1 65.84%
2026-06-21 19:36:42 - __main__ - INFO - 
Epoch 61/100 | lr 0.037732
2026-06-21 19:37:40 - __main__ - INFO - Train: loss 0.4254 acc1 87.05%
2026-06-21 19:37:40 - __main__ - INFO - Val:   loss 1.5284 acc1 64.06%
2026-06-21 19:37:40 - __main__ - INFO - 
Epoch 62/100 | lr 0.036136
2026-06-21 19:38:38 - __main__ - INFO - Train: loss 0.4072 acc1 87.61%
2026-06-21 19:38:38 - __main__ - INFO - Val:   loss 1.5124 acc1 63.67%
2026-06-21 19:38:38 - __main__ - INFO - 
Epoch 63/100 | lr 0.034556
2026-06-21 19:39:36 - __main__ - INFO - Train: loss 0.3832 acc1 88.35%
2026-06-21 19:39:36 - __main__ - INFO - Val:   loss 1.4036 acc1 66.08%
2026-06-21 19:39:36 - __main__ - INFO - 
Epoch 64/100 | lr 0.032992
2026-06-21 19:40:34 - __main__ - INFO - Train: loss 0.3674 acc1 88.84%
2026-06-21 19:40:34 - __main__ - INFO - Val:   loss 1.5283 acc1 64.95%
2026-06-21 19:40:34 - __main__ - INFO - 
Epoch 65/100 | lr 0.031447
2026-06-21 19:41:32 - __main__ - INFO - Train: loss 0.3457 acc1 89.46%
2026-06-21 19:41:32 - __main__ - INFO - Val:   loss 1.3501 acc1 66.87%
2026-06-21 19:41:32 - __main__ - INFO - saved best: 66.87%
2026-06-21 19:41:32 - __main__ - INFO - 
Epoch 66/100 | lr 0.029922
2026-06-21 19:42:30 - __main__ - INFO - Train: loss 0.3213 acc1 90.25%
2026-06-21 19:42:30 - __main__ - INFO - Val:   loss 1.3220 acc1 68.72%
2026-06-21 19:42:30 - __main__ - INFO - saved best: 68.72%
2026-06-21 19:42:30 - __main__ - INFO - 
Epoch 67/100 | lr 0.028419
2026-06-21 19:43:29 - __main__ - INFO - Train: loss 0.3059 acc1 90.83%
2026-06-21 19:43:29 - __main__ - INFO - Val:   loss 1.4127 acc1 66.23%
2026-06-21 19:43:29 - __main__ - INFO - 
Epoch 68/100 | lr 0.026940
2026-06-21 19:44:27 - __main__ - INFO - Train: loss 0.2821 acc1 91.56%
2026-06-21 19:44:27 - __main__ - INFO - Val:   loss 1.3839 acc1 67.75%
2026-06-21 19:44:27 - __main__ - INFO - 
Epoch 69/100 | lr 0.025486
2026-06-21 19:45:25 - __main__ - INFO - Train: loss 0.2679 acc1 92.03%
2026-06-21 19:45:25 - __main__ - INFO - Val:   loss 1.2996 acc1 69.12%
2026-06-21 19:45:25 - __main__ - INFO - saved best: 69.12%
2026-06-21 19:45:25 - __main__ - INFO - 
Epoch 70/100 | lr 0.024059
2026-06-21 19:46:23 - __main__ - INFO - Train: loss 0.2478 acc1 92.61%
2026-06-21 19:46:23 - __main__ - INFO - Val:   loss 1.2975 acc1 69.47%
2026-06-21 19:46:23 - __main__ - INFO - saved best: 69.47%
2026-06-21 19:46:23 - __main__ - INFO - 
Epoch 71/100 | lr 0.022660
2026-06-21 19:47:22 - __main__ - INFO - Train: loss 0.2286 acc1 93.29%
2026-06-21 19:47:22 - __main__ - INFO - Val:   loss 1.3668 acc1 68.38%
2026-06-21 19:47:22 - __main__ - INFO - 
Epoch 72/100 | lr 0.021291
2026-06-21 19:48:20 - __main__ - INFO - Train: loss 0.2097 acc1 93.85%
2026-06-21 19:48:20 - __main__ - INFO - Val:   loss 1.3030 acc1 68.52%
2026-06-21 19:48:20 - __main__ - INFO - 
Epoch 73/100 | lr 0.019954
2026-06-21 19:49:18 - __main__ - INFO - Train: loss 0.1955 acc1 94.38%
2026-06-21 19:49:18 - __main__ - INFO - Val:   loss 1.3622 acc1 67.46%
2026-06-21 19:49:18 - __main__ - INFO - 
Epoch 74/100 | lr 0.018649
2026-06-21 19:50:17 - __main__ - INFO - Train: loss 0.1756 acc1 94.99%
2026-06-21 19:50:17 - __main__ - INFO - Val:   loss 1.3209 acc1 69.07%
2026-06-21 19:50:17 - __main__ - INFO - 
Epoch 75/100 | lr 0.017379
2026-06-21 19:51:15 - __main__ - INFO - Train: loss 0.1576 acc1 95.57%
2026-06-21 19:51:15 - __main__ - INFO - Val:   loss 1.2537 acc1 69.95%
2026-06-21 19:51:15 - __main__ - INFO - saved best: 69.95%
2026-06-21 19:51:15 - __main__ - INFO - 
Epoch 76/100 | lr 0.016144
2026-06-21 19:52:13 - __main__ - INFO - Train: loss 0.1458 acc1 95.98%
2026-06-21 19:52:13 - __main__ - INFO - Val:   loss 1.2371 acc1 70.79%
2026-06-21 19:52:13 - __main__ - INFO - saved best: 70.79%
2026-06-21 19:52:13 - __main__ - INFO - 
Epoch 77/100 | lr 0.014947
2026-06-21 19:53:11 - __main__ - INFO - Train: loss 0.1246 acc1 96.69%
2026-06-21 19:53:11 - __main__ - INFO - Val:   loss 1.1997 acc1 71.70%
2026-06-21 19:53:11 - __main__ - INFO - saved best: 71.70%
2026-06-21 19:53:11 - __main__ - INFO - 
Epoch 78/100 | lr 0.013787
2026-06-21 19:54:09 - __main__ - INFO - Train: loss 0.1077 acc1 97.20%
2026-06-21 19:54:09 - __main__ - INFO - Val:   loss 1.2960 acc1 69.40%
2026-06-21 19:54:09 - __main__ - INFO - 
Epoch 79/100 | lr 0.012668
2026-06-21 19:55:07 - __main__ - INFO - Train: loss 0.0943 acc1 97.61%
2026-06-21 19:55:07 - __main__ - INFO - Val:   loss 1.2262 acc1 71.33%
2026-06-21 19:55:07 - __main__ - INFO - 
Epoch 80/100 | lr 0.011589
2026-06-21 19:56:05 - __main__ - INFO - Train: loss 0.0829 acc1 98.02%
2026-06-21 19:56:05 - __main__ - INFO - Val:   loss 1.1525 acc1 73.55%
2026-06-21 19:56:05 - __main__ - INFO - saved best: 73.55%
2026-06-21 19:56:05 - __main__ - INFO - 
Epoch 81/100 | lr 0.010552
2026-06-21 19:57:03 - __main__ - INFO - Train: loss 0.0710 acc1 98.35%
2026-06-21 19:57:03 - __main__ - INFO - Val:   loss 1.1485 acc1 72.91%
2026-06-21 19:57:03 - __main__ - INFO - 
Epoch 82/100 | lr 0.009558
2026-06-21 19:58:01 - __main__ - INFO - Train: loss 0.0555 acc1 98.82%
2026-06-21 19:58:01 - __main__ - INFO - Val:   loss 1.1003 acc1 73.55%
2026-06-21 19:58:01 - __main__ - INFO - saved best: 73.55%
2026-06-21 19:58:01 - __main__ - INFO - 
Epoch 83/100 | lr 0.008609
2026-06-21 19:58:59 - __main__ - INFO - Train: loss 0.0426 acc1 99.21%
2026-06-21 19:58:59 - __main__ - INFO - Val:   loss 1.0601 acc1 74.30%
2026-06-21 19:58:59 - __main__ - INFO - saved best: 74.30%
2026-06-21 19:58:59 - __main__ - INFO - 
Epoch 84/100 | lr 0.007704
2026-06-21 19:59:57 - __main__ - INFO - Train: loss 0.0332 acc1 99.44%
2026-06-21 19:59:57 - __main__ - INFO - Val:   loss 1.0055 acc1 75.73%
2026-06-21 19:59:57 - __main__ - INFO - saved best: 75.73%
2026-06-21 19:59:57 - __main__ - INFO - 
Epoch 85/100 | lr 0.006846
2026-06-21 20:00:56 - __main__ - INFO - Train: loss 0.0255 acc1 99.65%
2026-06-21 20:00:56 - __main__ - INFO - Val:   loss 0.9821 acc1 76.19%
2026-06-21 20:00:56 - __main__ - INFO - saved best: 76.19%
2026-06-21 20:00:56 - __main__ - INFO - 
Epoch 86/100 | lr 0.006036
2026-06-21 20:01:54 - __main__ - INFO - Train: loss 0.0204 acc1 99.76%
2026-06-21 20:01:54 - __main__ - INFO - Val:   loss 0.9391 acc1 76.69%
2026-06-21 20:01:54 - __main__ - INFO - saved best: 76.69%
2026-06-21 20:01:54 - __main__ - INFO - 
Epoch 87/100 | lr 0.005273
2026-06-21 20:02:52 - __main__ - INFO - Train: loss 0.0174 acc1 99.82%
2026-06-21 20:02:52 - __main__ - INFO - Val:   loss 0.9392 acc1 77.09%
2026-06-21 20:02:52 - __main__ - INFO - saved best: 77.09%
2026-06-21 20:02:52 - __main__ - INFO - 
Epoch 88/100 | lr 0.004559
2026-06-21 20:03:51 - __main__ - INFO - Train: loss 0.0145 acc1 99.88%
2026-06-21 20:03:51 - __main__ - INFO - Val:   loss 0.9213 acc1 77.16%
2026-06-21 20:03:51 - __main__ - INFO - saved best: 77.16%
2026-06-21 20:03:51 - __main__ - INFO - 
Epoch 89/100 | lr 0.003895
2026-06-21 20:04:49 - __main__ - INFO - Train: loss 0.0130 acc1 99.91%
2026-06-21 20:04:49 - __main__ - INFO - Val:   loss 0.9182 acc1 78.09%
2026-06-21 20:04:49 - __main__ - INFO - saved best: 78.09%
2026-06-21 20:04:49 - __main__ - INFO - 
Epoch 90/100 | lr 0.003281
2026-06-21 20:05:46 - __main__ - INFO - Train: loss 0.0119 acc1 99.93%
2026-06-21 20:05:46 - __main__ - INFO - Val:   loss 0.9029 acc1 78.10%
2026-06-21 20:05:46 - __main__ - INFO - saved best: 78.10%
2026-06-21 20:05:46 - __main__ - INFO - 
Epoch 91/100 | lr 0.002719
2026-06-21 20:06:45 - __main__ - INFO - Train: loss 0.0114 acc1 99.94%
2026-06-21 20:06:45 - __main__ - INFO - Val:   loss 0.8945 acc1 78.60%
2026-06-21 20:06:45 - __main__ - INFO - saved best: 78.60%
2026-06-21 20:06:45 - __main__ - INFO - 
Epoch 92/100 | lr 0.002208
2026-06-21 20:07:43 - __main__ - INFO - Train: loss 0.0105 acc1 99.95%
2026-06-21 20:07:43 - __main__ - INFO - Val:   loss 0.8922 acc1 78.35%
2026-06-21 20:07:43 - __main__ - INFO - 
Epoch 93/100 | lr 0.001749
2026-06-21 20:08:41 - __main__ - INFO - Train: loss 0.0101 acc1 99.96%
2026-06-21 20:08:41 - __main__ - INFO - Val:   loss 0.8822 acc1 78.32%
2026-06-21 20:08:41 - __main__ - INFO - 
Epoch 94/100 | lr 0.001344
2026-06-21 20:09:39 - __main__ - INFO - Train: loss 0.0098 acc1 99.97%
2026-06-21 20:09:39 - __main__ - INFO - Val:   loss 0.8914 acc1 78.50%
2026-06-21 20:09:39 - __main__ - INFO - 
Epoch 95/100 | lr 0.000991
2026-06-21 20:10:37 - __main__ - INFO - Train: loss 0.0095 acc1 99.97%
2026-06-21 20:10:37 - __main__ - INFO - Val:   loss 0.8868 acc1 78.50%
2026-06-21 20:10:37 - __main__ - INFO - 
Epoch 96/100 | lr 0.000692
2026-06-21 20:11:35 - __main__ - INFO - Train: loss 0.0094 acc1 99.97%
2026-06-21 20:11:35 - __main__ - INFO - Val:   loss 0.8896 acc1 78.35%
2026-06-21 20:11:35 - __main__ - INFO - 
Epoch 97/100 | lr 0.000447
2026-06-21 20:12:33 - __main__ - INFO - Train: loss 0.0091 acc1 99.97%
2026-06-21 20:12:33 - __main__ - INFO - Val:   loss 0.8830 acc1 78.52%
2026-06-21 20:12:33 - __main__ - INFO - 
Epoch 98/100 | lr 0.000256
2026-06-21 20:13:31 - __main__ - INFO - Train: loss 0.0092 acc1 99.97%
2026-06-21 20:13:31 - __main__ - INFO - Val:   loss 0.8894 acc1 78.52%
2026-06-21 20:13:31 - __main__ - INFO - 
Epoch 99/100 | lr 0.000119
2026-06-21 20:14:29 - __main__ - INFO - Train: loss 0.0091 acc1 99.97%
2026-06-21 20:14:29 - __main__ - INFO - Val:   loss 0.8848 acc1 78.68%
2026-06-21 20:14:29 - __main__ - INFO - saved best: 78.68%
2026-06-21 20:14:29 - __main__ - INFO - 
Epoch 100/100 | lr 0.000037
2026-06-21 20:15:27 - __main__ - INFO - Train: loss 0.0089 acc1 99.98%
2026-06-21 20:15:27 - __main__ - INFO - Val:   loss 0.8847 acc1 78.56%
2026-06-21 20:15:27 - __main__ - INFO - Loaded best checkpoint weights for final test evaluation.
2026-06-21 20:15:28 - __main__ - INFO - 
Best tracked (val): 78.68%
2026-06-21 20:15:28 - __main__ - INFO - Final test: loss 0.8948 acc1 78.77%
2026-06-21 20:15:28 - __main__ - INFO - Saved best model checkpoint to runs/cifar100_colab/42/resnet18_seed42_cam_high_M4_area0.1/best_model.pt
