2026-02-25 20:03:39 - __main__ - INFO - Resolved training args for optuna_mask_trial0000_resnet18_cifar100_ep60_bs128_lr0.1_wd5e-04_ls0.05_wu5_maskcam_high_mwu15_mp0.5_ma0.3_mb8_cllayer2: {"amp": true, "batch_size": 128, "cam_layer": "layer2", "data_dir": "./data", "dataset": "cifar100", "epochs": 60, "gamma": 0.1, "label_smoothing": 0.05, "log_every": 100, "lr": 0.1, "mask_area": 0.3, "mask_block": 8, "mask_prob": 0.5, "mask_warmup_epochs": 15, "masking": "cam_high", "milestones": "60,80", "min_lr": 1e-05, "model": "resnet18", "momentum": 0.9, "nesterov": true, "num_workers": 2, "out_dir": "runs_optuna/resnet18/cifar100", "run_name": "optuna_mask_trial0000_resnet18_cifar100_ep60_bs128_lr0.1_wd5e-04_ls0.05_wu5_maskcam_high_mwu15_mp0.5_ma0.3_mb8_cllayer2", "scheduler": "cosine", "seed": 42, "val_split": 0.1, "warmup_epochs": 5, "weight_decay": 0.0005}
2026-02-25 20:03:39 - __main__ - INFO - device: cuda | cuda: True | gpu: NVIDIA L4
2026-02-25 20:03:42 - __main__ - INFO - Masking enabled: {'strategy': 'cam_high', 'warmup_epochs': 15, 'prob': 0.5, 'area': 0.3, 'block': 8}
2026-02-25 20:03:42 - __main__ - INFO - Model: resnet18 | Dataset: cifar100 | Classes: 100
2026-02-25 20:03:42 - __main__ - INFO - 
Epoch 1/60 | lr 0.000100
2026-02-25 20:03:52 - __main__ - INFO - Train: loss 4.6388 acc1 1.38% acc5 6.27%
2026-02-25 20:03:52 - __main__ - INFO - Val:   loss 4.5783 acc1 1.79% acc5 8.31%
2026-02-25 20:03:52 - __main__ - INFO - saved best: 1.79%
2026-02-25 20:03:52 - __main__ - INFO - 
Epoch 2/60 | lr 0.020080
2026-02-25 20:04:02 - __main__ - INFO - Train: loss 3.7992 acc1 13.30% acc5 36.13%
2026-02-25 20:04:02 - __main__ - INFO - Val:   loss 3.5632 acc1 19.22% acc5 45.72%
2026-02-25 20:04:02 - __main__ - INFO - saved best: 19.22%
2026-02-25 20:04:02 - __main__ - INFO - 
Epoch 3/60 | lr 0.040060
2026-02-25 20:04:12 - __main__ - INFO - Train: loss 3.2138 acc1 24.51% acc5 54.36%
2026-02-25 20:04:12 - __main__ - INFO - Val:   loss 3.0753 acc1 28.53% acc5 59.77%
2026-02-25 20:04:12 - __main__ - INFO - saved best: 28.53%
2026-02-25 20:04:12 - __main__ - INFO - 
Epoch 4/60 | lr 0.060040
2026-02-25 20:04:22 - __main__ - INFO - Train: loss 2.7728 acc1 33.82% acc5 66.56%
2026-02-25 20:04:22 - __main__ - INFO - Val:   loss 2.7838 acc1 36.45% acc5 68.18%
2026-02-25 20:04:22 - __main__ - INFO - saved best: 36.45%
2026-02-25 20:04:22 - __main__ - INFO - 
Epoch 5/60 | lr 0.080020
2026-02-25 20:04:32 - __main__ - INFO - Train: loss 2.4482 acc1 41.65% acc5 74.17%
2026-02-25 20:04:32 - __main__ - INFO - Val:   loss 2.7301 acc1 36.46% acc5 69.32%
2026-02-25 20:04:32 - __main__ - INFO - saved best: 36.46%
2026-02-25 20:04:32 - __main__ - INFO - 
Epoch 6/60 | lr 0.100000
2026-02-25 20:04:42 - __main__ - INFO - Train: loss 2.2347 acc1 47.03% acc5 78.97%
2026-02-25 20:04:42 - __main__ - INFO - Val:   loss 2.3437 acc1 44.17% acc5 76.30%
2026-02-25 20:04:42 - __main__ - INFO - saved best: 44.17%
2026-02-25 20:04:42 - __main__ - INFO - 
Epoch 7/60 | lr 0.099918
2026-02-25 20:04:52 - __main__ - INFO - Train: loss 2.0404 acc1 52.27% acc5 82.74%
2026-02-25 20:04:52 - __main__ - INFO - Val:   loss 2.6577 acc1 39.17% acc5 71.09%
2026-02-25 20:04:52 - __main__ - INFO - 
Epoch 8/60 | lr 0.099674
2026-02-25 20:05:02 - __main__ - INFO - Train: loss 1.9106 acc1 55.94% acc5 85.25%
2026-02-25 20:05:02 - __main__ - INFO - Val:   loss 2.1119 acc1 50.66% acc5 81.39%
2026-02-25 20:05:02 - __main__ - INFO - saved best: 50.66%
2026-02-25 20:05:02 - __main__ - INFO - 
Epoch 9/60 | lr 0.099268
2026-02-25 20:05:11 - __main__ - INFO - Train: loss 1.8223 acc1 58.19% acc5 86.68%
2026-02-25 20:05:11 - __main__ - INFO - Val:   loss 2.0332 acc1 52.41% acc5 82.69%
2026-02-25 20:05:11 - __main__ - INFO - saved best: 52.41%
2026-02-25 20:05:11 - __main__ - INFO - 
Epoch 10/60 | lr 0.098701
2026-02-25 20:05:22 - __main__ - INFO - Train: loss 1.7571 acc1 60.23% acc5 87.92%
2026-02-25 20:05:22 - __main__ - INFO - Val:   loss 2.0724 acc1 51.67% acc5 81.89%
2026-02-25 20:05:22 - __main__ - INFO - 
Epoch 11/60 | lr 0.097975
2026-02-25 20:05:32 - __main__ - INFO - Train: loss 1.7154 acc1 60.96% acc5 88.76%
2026-02-25 20:05:32 - __main__ - INFO - Val:   loss 1.9747 acc1 54.39% acc5 83.83%
2026-02-25 20:05:32 - __main__ - INFO - saved best: 54.39%
2026-02-25 20:05:32 - __main__ - INFO - 
Epoch 12/60 | lr 0.097093
2026-02-25 20:05:41 - __main__ - INFO - Train: loss 1.6590 acc1 62.71% acc5 89.45%
2026-02-25 20:05:41 - __main__ - INFO - Val:   loss 2.0775 acc1 51.61% acc5 81.56%
2026-02-25 20:05:41 - __main__ - INFO - 
Epoch 13/60 | lr 0.096057
2026-02-25 20:05:51 - __main__ - INFO - Train: loss 1.6114 acc1 64.13% acc5 90.35%
2026-02-25 20:05:51 - __main__ - INFO - Val:   loss 2.1407 acc1 51.78% acc5 81.54%
2026-02-25 20:05:51 - __main__ - INFO - 
Epoch 14/60 | lr 0.094870
2026-02-25 20:06:02 - __main__ - INFO - Train: loss 1.5864 acc1 65.14% acc5 90.63%
2026-02-25 20:06:02 - __main__ - INFO - Val:   loss 2.0405 acc1 53.50% acc5 83.01%
2026-02-25 20:06:02 - __main__ - INFO - 
Epoch 15/60 | lr 0.093538
2026-02-25 20:06:12 - __main__ - INFO - Train: loss 1.5555 acc1 65.90% acc5 91.15%
2026-02-25 20:06:12 - __main__ - INFO - Val:   loss 2.0497 acc1 52.80% acc5 82.67%
2026-02-25 20:06:12 - __main__ - INFO - 
Epoch 16/60 | lr 0.092063
2026-02-25 20:06:39 - __main__ - INFO - Train: loss 1.8715 acc1 56.90% acc5 85.55%
2026-02-25 20:06:39 - __main__ - INFO - Val:   loss 2.1482 acc1 52.14% acc5 81.09%
2026-02-25 20:06:39 - __main__ - INFO - 
Epoch 17/60 | lr 0.090452
2026-02-25 20:07:06 - __main__ - INFO - Train: loss 1.7929 acc1 58.83% acc5 87.20%
2026-02-25 20:07:06 - __main__ - INFO - Val:   loss 1.8597 acc1 57.08% acc5 86.55%
2026-02-25 20:07:06 - __main__ - INFO - saved best: 57.08%
2026-02-25 20:07:06 - __main__ - INFO - 
Epoch 18/60 | lr 0.088708
2026-02-25 20:07:37 - __main__ - INFO - Train: loss 1.7794 acc1 59.44% acc5 87.05%
2026-02-25 20:07:37 - __main__ - INFO - Val:   loss 1.9417 acc1 57.29% acc5 83.70%
2026-02-25 20:07:37 - __main__ - INFO - saved best: 57.29%
2026-02-25 20:07:37 - __main__ - INFO - 
Epoch 19/60 | lr 0.086838
2026-02-25 20:08:06 - __main__ - INFO - Train: loss 1.7386 acc1 60.74% acc5 87.74%
2026-02-25 20:08:06 - __main__ - INFO - Val:   loss 2.0409 acc1 54.35% acc5 82.62%
2026-02-25 20:08:06 - __main__ - INFO - 
Epoch 20/60 | lr 0.084848
2026-02-25 20:08:34 - __main__ - INFO - Train: loss 1.6901 acc1 61.89% acc5 88.72%
2026-02-25 20:08:34 - __main__ - INFO - Val:   loss 1.9840 acc1 54.68% acc5 83.51%
2026-02-25 20:08:34 - __main__ - INFO - 
Epoch 21/60 | lr 0.082745
2026-02-25 20:09:02 - __main__ - INFO - Train: loss 1.6574 acc1 62.77% acc5 89.36%
2026-02-25 20:09:02 - __main__ - INFO - Val:   loss 1.9005 acc1 57.46% acc5 84.73%
2026-02-25 20:09:02 - __main__ - INFO - saved best: 57.46%
2026-02-25 20:09:02 - __main__ - INFO - 
Epoch 22/60 | lr 0.080534
2026-02-25 20:09:33 - __main__ - INFO - Train: loss 1.6738 acc1 62.48% acc5 89.07%
2026-02-25 20:09:33 - __main__ - INFO - Val:   loss 1.8731 acc1 58.58% acc5 85.97%
2026-02-25 20:09:33 - __main__ - INFO - saved best: 58.58%
2026-02-25 20:09:33 - __main__ - INFO - 
Epoch 23/60 | lr 0.078224
2026-02-25 20:10:03 - __main__ - INFO - Train: loss 1.6372 acc1 63.34% acc5 89.62%
2026-02-25 20:10:03 - __main__ - INFO - Val:   loss 1.8763 acc1 58.71% acc5 85.62%
2026-02-25 20:10:03 - __main__ - INFO - saved best: 58.71%
2026-02-25 20:10:03 - __main__ - INFO - 
Epoch 24/60 | lr 0.075822
2026-02-25 20:10:32 - __main__ - INFO - Train: loss 1.6047 acc1 64.57% acc5 89.97%
2026-02-25 20:10:32 - __main__ - INFO - Val:   loss 1.9139 acc1 57.20% acc5 84.71%
2026-02-25 20:10:32 - __main__ - INFO - 
Epoch 25/60 | lr 0.073336
2026-02-25 20:11:03 - __main__ - INFO - Train: loss 1.5856 acc1 65.04% acc5 90.43%
2026-02-25 20:11:03 - __main__ - INFO - Val:   loss 1.8493 acc1 59.31% acc5 85.87%
2026-02-25 20:11:03 - __main__ - INFO - saved best: 59.31%
2026-02-25 20:11:03 - __main__ - INFO - 
Epoch 26/60 | lr 0.070774
2026-02-25 20:11:31 - __main__ - INFO - Train: loss 1.5271 acc1 66.88% acc5 91.41%
2026-02-25 20:11:31 - __main__ - INFO - Val:   loss 1.7556 acc1 61.25% acc5 87.50%
2026-02-25 20:11:31 - __main__ - INFO - saved best: 61.25%
2026-02-25 20:11:31 - __main__ - INFO - 
Epoch 27/60 | lr 0.068144
2026-02-25 20:11:59 - __main__ - INFO - Train: loss 1.5121 acc1 67.11% acc5 91.56%
2026-02-25 20:11:59 - __main__ - INFO - Val:   loss 1.8509 acc1 58.66% acc5 86.75%
2026-02-25 20:11:59 - __main__ - INFO - 
Epoch 28/60 | lr 0.065454
2026-02-25 20:12:28 - __main__ - INFO - Train: loss 1.4786 acc1 68.24% acc5 92.07%
2026-02-25 20:12:28 - __main__ - INFO - Val:   loss 1.7245 acc1 61.75% acc5 87.66%
2026-02-25 20:12:28 - __main__ - INFO - saved best: 61.75%
2026-02-25 20:12:28 - __main__ - INFO - 
Epoch 29/60 | lr 0.062715
2026-02-25 20:12:55 - __main__ - INFO - Train: loss 1.4489 acc1 68.90% acc5 92.38%
2026-02-25 20:12:55 - __main__ - INFO - Val:   loss 1.7882 acc1 60.47% acc5 87.25%
2026-02-25 20:12:55 - __main__ - INFO - 
Epoch 30/60 | lr 0.059934
2026-02-25 20:13:24 - __main__ - INFO - Train: loss 1.4343 acc1 69.59% acc5 92.66%
2026-02-25 20:13:24 - __main__ - INFO - Val:   loss 1.7391 acc1 62.75% acc5 87.87%
2026-02-25 20:13:24 - __main__ - INFO - saved best: 62.75%
2026-02-25 20:13:24 - __main__ - INFO - 
Epoch 31/60 | lr 0.057120
2026-02-25 20:13:51 - __main__ - INFO - Train: loss 1.3871 acc1 71.13% acc5 93.25%
2026-02-25 20:13:51 - __main__ - INFO - Val:   loss 1.6761 acc1 64.07% acc5 89.15%
2026-02-25 20:13:51 - __main__ - INFO - saved best: 64.07%
2026-02-25 20:13:51 - __main__ - INFO - 
Epoch 32/60 | lr 0.054283
2026-02-25 20:14:21 - __main__ - INFO - Train: loss 1.3784 acc1 71.32% acc5 93.46%
2026-02-25 20:14:21 - __main__ - INFO - Val:   loss 1.7237 acc1 62.86% acc5 88.24%
2026-02-25 20:14:21 - __main__ - INFO - 
Epoch 33/60 | lr 0.051433
2026-02-25 20:14:52 - __main__ - INFO - Train: loss 1.3652 acc1 71.27% acc5 93.57%
2026-02-25 20:14:52 - __main__ - INFO - Val:   loss 1.7484 acc1 61.85% acc5 87.66%
2026-02-25 20:14:52 - __main__ - INFO - 
Epoch 34/60 | lr 0.048577
2026-02-25 20:15:20 - __main__ - INFO - Train: loss 1.3055 acc1 73.30% acc5 94.44%
2026-02-25 20:15:20 - __main__ - INFO - Val:   loss 1.7395 acc1 62.95% acc5 88.32%
2026-02-25 20:15:20 - __main__ - INFO - 
Epoch 35/60 | lr 0.045727
2026-02-25 20:15:50 - __main__ - INFO - Train: loss 1.2835 acc1 73.96% acc5 94.73%
2026-02-25 20:15:50 - __main__ - INFO - Val:   loss 1.6262 acc1 66.04% acc5 90.34%
2026-02-25 20:15:50 - __main__ - INFO - saved best: 66.04%
2026-02-25 20:15:50 - __main__ - INFO - 
Epoch 36/60 | lr 0.042890
2026-02-25 20:16:19 - __main__ - INFO - Train: loss 1.2490 acc1 75.13% acc5 95.11%
2026-02-25 20:16:19 - __main__ - INFO - Val:   loss 1.6128 acc1 66.79% acc5 90.07%
2026-02-25 20:16:19 - __main__ - INFO - saved best: 66.79%
2026-02-25 20:16:19 - __main__ - INFO - 
Epoch 37/60 | lr 0.040076
2026-02-25 20:16:48 - __main__ - INFO - Train: loss 1.2078 acc1 76.29% acc5 95.64%
2026-02-25 20:16:48 - __main__ - INFO - Val:   loss 1.5958 acc1 66.22% acc5 89.59%
2026-02-25 20:16:48 - __main__ - INFO - 
Epoch 38/60 | lr 0.037295
2026-02-25 20:17:14 - __main__ - INFO - Train: loss 1.1420 acc1 78.74% acc5 96.34%
2026-02-25 20:17:14 - __main__ - INFO - Val:   loss 1.6624 acc1 65.27% acc5 89.77%
2026-02-25 20:17:14 - __main__ - INFO - 
Epoch 39/60 | lr 0.034556
2026-02-25 20:17:44 - __main__ - INFO - Train: loss 1.1358 acc1 78.56% acc5 96.52%
2026-02-25 20:17:44 - __main__ - INFO - Val:   loss 1.5647 acc1 67.02% acc5 90.65%
2026-02-25 20:17:44 - __main__ - INFO - saved best: 67.02%
2026-02-25 20:17:44 - __main__ - INFO - 
Epoch 40/60 | lr 0.031866
2026-02-25 20:18:14 - __main__ - INFO - Train: loss 1.1078 acc1 79.53% acc5 96.80%
2026-02-25 20:18:14 - __main__ - INFO - Val:   loss 1.5703 acc1 67.54% acc5 90.77%
2026-02-25 20:18:14 - __main__ - INFO - saved best: 67.54%
2026-02-25 20:18:14 - __main__ - INFO - 
Epoch 41/60 | lr 0.029236
2026-02-25 20:18:43 - __main__ - INFO - Train: loss 1.0592 acc1 81.20% acc5 97.19%
2026-02-25 20:18:43 - __main__ - INFO - Val:   loss 1.5817 acc1 67.68% acc5 90.29%
2026-02-25 20:18:43 - __main__ - INFO - saved best: 67.68%
2026-02-25 20:18:43 - __main__ - INFO - 
Epoch 42/60 | lr 0.026674
2026-02-25 20:19:13 - __main__ - INFO - Train: loss 1.0299 acc1 82.35% acc5 97.45%
2026-02-25 20:19:13 - __main__ - INFO - Val:   loss 1.4585 acc1 70.68% acc5 91.84%
2026-02-25 20:19:13 - __main__ - INFO - saved best: 70.68%
2026-02-25 20:19:13 - __main__ - INFO - 
Epoch 43/60 | lr 0.024188
2026-02-25 20:19:43 - __main__ - INFO - Train: loss 0.9787 acc1 84.15% acc5 97.96%
2026-02-25 20:19:43 - __main__ - INFO - Val:   loss 1.4798 acc1 69.80% acc5 91.50%
2026-02-25 20:19:43 - __main__ - INFO - 
Epoch 44/60 | lr 0.021786
2026-02-25 20:20:12 - __main__ - INFO - Train: loss 0.9219 acc1 85.93% acc5 98.33%
2026-02-25 20:20:12 - __main__ - INFO - Val:   loss 1.4974 acc1 70.64% acc5 91.45%
2026-02-25 20:20:12 - __main__ - INFO - 
Epoch 45/60 | lr 0.019476
2026-02-25 20:20:41 - __main__ - INFO - Train: loss 0.8786 acc1 87.61% acc5 98.71%
2026-02-25 20:20:41 - __main__ - INFO - Val:   loss 1.4306 acc1 70.93% acc5 92.23%
2026-02-25 20:20:41 - __main__ - INFO - saved best: 70.93%
2026-02-25 20:20:41 - __main__ - INFO - 
Epoch 46/60 | lr 0.017265
2026-02-25 20:21:12 - __main__ - INFO - Train: loss 0.8503 acc1 88.43% acc5 98.83%
2026-02-25 20:21:12 - __main__ - INFO - Val:   loss 1.3963 acc1 72.40% acc5 92.08%
2026-02-25 20:21:12 - __main__ - INFO - saved best: 72.40%
2026-02-25 20:21:12 - __main__ - INFO - 
Epoch 47/60 | lr 0.015162
2026-02-25 20:21:41 - __main__ - INFO - Train: loss 0.8024 acc1 90.24% acc5 99.19%
2026-02-25 20:21:41 - __main__ - INFO - Val:   loss 1.4009 acc1 71.64% acc5 92.28%
2026-02-25 20:21:41 - __main__ - INFO - 
Epoch 48/60 | lr 0.013172
2026-02-25 20:22:09 - __main__ - INFO - Train: loss 0.7403 acc1 92.35% acc5 99.46%
2026-02-25 20:22:09 - __main__ - INFO - Val:   loss 1.3570 acc1 73.66% acc5 92.82%
2026-02-25 20:22:09 - __main__ - INFO - saved best: 73.66%
2026-02-25 20:22:09 - __main__ - INFO - 
Epoch 49/60 | lr 0.011302
2026-02-25 20:22:36 - __main__ - INFO - Train: loss 0.7101 acc1 93.45% acc5 99.57%
2026-02-25 20:22:36 - __main__ - INFO - Val:   loss 1.3703 acc1 73.37% acc5 92.40%
2026-02-25 20:22:36 - __main__ - INFO - 
Epoch 50/60 | lr 0.009558
2026-02-25 20:23:05 - __main__ - INFO - Train: loss 0.6861 acc1 94.31% acc5 99.64%
2026-02-25 20:23:05 - __main__ - INFO - Val:   loss 1.3381 acc1 74.28% acc5 92.96%
2026-02-25 20:23:05 - __main__ - INFO - saved best: 74.28%
2026-02-25 20:23:05 - __main__ - INFO - 
Epoch 51/60 | lr 0.007947
2026-02-25 20:23:33 - __main__ - INFO - Train: loss 0.6621 acc1 95.19% acc5 99.70%
2026-02-25 20:23:33 - __main__ - INFO - Val:   loss 1.3228 acc1 74.75% acc5 93.32%
2026-02-25 20:23:33 - __main__ - INFO - saved best: 74.75%
2026-02-25 20:23:33 - __main__ - INFO - 
Epoch 52/60 | lr 0.006472
2026-02-25 20:24:04 - __main__ - INFO - Train: loss 0.6503 acc1 95.41% acc5 99.71%
2026-02-25 20:24:04 - __main__ - INFO - Val:   loss 1.3076 acc1 75.61% acc5 93.17%
2026-02-25 20:24:04 - __main__ - INFO - saved best: 75.61%
2026-02-25 20:24:04 - __main__ - INFO - 
Epoch 53/60 | lr 0.005140
2026-02-25 20:24:33 - __main__ - INFO - Train: loss 0.6196 acc1 96.39% acc5 99.82%
2026-02-25 20:24:33 - __main__ - INFO - Val:   loss 1.2963 acc1 75.77% acc5 93.40%
2026-02-25 20:24:33 - __main__ - INFO - saved best: 75.77%
2026-02-25 20:24:33 - __main__ - INFO - 
Epoch 54/60 | lr 0.003953
2026-02-25 20:25:03 - __main__ - INFO - Train: loss 0.6103 acc1 96.80% acc5 99.83%
2026-02-25 20:25:03 - __main__ - INFO - Val:   loss 1.2946 acc1 75.89% acc5 93.43%
2026-02-25 20:25:03 - __main__ - INFO - saved best: 75.89%
2026-02-25 20:25:03 - __main__ - INFO - 
Epoch 55/60 | lr 0.002917
2026-02-25 20:25:31 - __main__ - INFO - Train: loss 0.5944 acc1 97.18% acc5 99.87%
2026-02-25 20:25:31 - __main__ - INFO - Val:   loss 1.2871 acc1 76.14% acc5 93.16%
2026-02-25 20:25:31 - __main__ - INFO - saved best: 76.14%
2026-02-25 20:25:31 - __main__ - INFO - 
Epoch 56/60 | lr 0.002035
2026-02-25 20:26:01 - __main__ - INFO - Train: loss 0.5878 acc1 97.45% acc5 99.86%
2026-02-25 20:26:01 - __main__ - INFO - Val:   loss 1.2827 acc1 76.26% acc5 93.40%
2026-02-25 20:26:01 - __main__ - INFO - saved best: 76.26%
2026-02-25 20:26:01 - __main__ - INFO - 
Epoch 57/60 | lr 0.001309
2026-02-25 20:26:31 - __main__ - INFO - Train: loss 0.5833 acc1 97.54% acc5 99.91%
2026-02-25 20:26:31 - __main__ - INFO - Val:   loss 1.2810 acc1 76.53% acc5 93.22%
2026-02-25 20:26:31 - __main__ - INFO - saved best: 76.53%
2026-02-25 20:26:31 - __main__ - INFO - 
Epoch 58/60 | lr 0.000742
2026-02-25 20:27:00 - __main__ - INFO - Train: loss 0.5722 acc1 97.88% acc5 99.91%
2026-02-25 20:27:00 - __main__ - INFO - Val:   loss 1.2839 acc1 76.26% acc5 93.11%
2026-02-25 20:27:00 - __main__ - INFO - 
Epoch 59/60 | lr 0.000336
2026-02-25 20:27:29 - __main__ - INFO - Train: loss 0.5696 acc1 97.99% acc5 99.91%
2026-02-25 20:27:29 - __main__ - INFO - Val:   loss 1.2792 acc1 76.59% acc5 93.45%
2026-02-25 20:27:29 - __main__ - INFO - saved best: 76.59%
2026-02-25 20:27:29 - __main__ - INFO - 
Epoch 60/60 | lr 0.000092
2026-02-25 20:27:56 - __main__ - INFO - Train: loss 0.5643 acc1 98.10% acc5 99.94%
2026-02-25 20:27:56 - __main__ - INFO - Val:   loss 1.2820 acc1 76.42% acc5 93.24%
2026-02-25 20:27:58 - __main__ - INFO - 
Best tracked (val): 76.59%
2026-02-25 20:27:58 - __main__ - INFO - Final test: loss 1.2968 acc1 75.61% acc5 92.98%
2026-02-25 20:27:59 - graphics - INFO - Metrics plot saved to runs_optuna/resnet18/cifar100/optuna_mask_trial0000_resnet18_cifar100_ep60_bs128_lr0.1_wd5e-04_ls0.05_wu5_maskcam_high_mwu15_mp0.5_ma0.3_mb8_cllayer2/metrics_plot.png
2026-02-25 20:27:59 - __main__ - INFO - [Trial 0] Stage result | best_val_acc=0.765924 | best_so_far=0.765924
2026-02-25 20:27:59 - __main__ - INFO - [Trial 0] Stage 4/5 | epochs=120 | run=optuna_mask_trial0000_resnet18_cifar100_ep120_bs128_lr0.1_wd5e-04_ls0.05_wu5_maskcam_high_mwu15_mp0.5_ma0.3_mb8_cllayer2
