2026-06-22 10:23:35 - __main__ - INFO - Run parameters: {"adamw_betas": [0.9, 0.999], "adamw_eps": 1e-08, "amp": true, "batch_size": 64, "cam_layer": "auto", "cutout_area": 0.1, "cutout_m": 8, "cutout_mode": "random", "cutout_size": 0, "data_dir": "./data", "dataset": "cifar100", "epochs": 100, "gamma": 0.1, "grayscale": false, "include_regex": "", "label_smoothing": 0.0, "log_every": 100, "lr": 0.05, "milestones": "60,80", "min_lr": 1e-05, "model": "densenet121", "momentum": 0.9, "nesterov": false, "num_workers": 4, "optimizer": "sgd", "out_dir": "runs/cifar100/densenet121/42", "run_name": "densenet121_seed42_random_M8_area0.1", "saliency_candidate_percent": 10.0, "scheduler": "cosine", "seed": 42, "teacher_checkpoint": "", "teacher_model": "", "val_split": 0.1, "warmup_epochs": 5, "weight_decay": 0.0001}
2026-06-22 10:23:35 - __main__ - INFO - device: cuda | cuda: True | gpu: NVIDIA L4
2026-06-22 10:23:38 - __main__ - INFO - Model: densenet121 | Dataset: cifar100 | Classes: 100 | Optimizer: sgd
2026-06-22 10:23:38 - __main__ - INFO - Cutout enabled: mode=random m=8 size=None area=0.1
2026-06-22 10:23:38 - __main__ - INFO - 
Epoch 1/100 | lr 0.000050
2026-06-22 10:30:36 - __main__ - INFO - Train: loss 4.4298 acc1 4.05%
2026-06-22 10:30:36 - __main__ - INFO - Val:   loss 4.2182 acc1 6.14%
2026-06-22 10:30:36 - __main__ - INFO - saved best: 6.14%
2026-06-22 10:30:36 - __main__ - INFO - 
Epoch 2/100 | lr 0.010040
2026-06-22 10:37:37 - __main__ - INFO - Train: loss 2.8786 acc1 27.86%
2026-06-22 10:37:37 - __main__ - INFO - Val:   loss 2.2945 acc1 40.60%
2026-06-22 10:37:37 - __main__ - INFO - saved best: 40.60%
2026-06-22 10:37:37 - __main__ - INFO - 
Epoch 3/100 | lr 0.020030
2026-06-22 10:44:38 - __main__ - INFO - Train: loss 2.0022 acc1 45.80%
2026-06-22 10:44:38 - __main__ - INFO - Val:   loss 2.0903 acc1 46.07%
2026-06-22 10:44:38 - __main__ - INFO - saved best: 46.07%
2026-06-22 10:44:38 - __main__ - INFO - 
Epoch 4/100 | lr 0.030020
2026-06-22 10:51:40 - __main__ - INFO - Train: loss 1.5530 acc1 56.10%
2026-06-22 10:51:40 - __main__ - INFO - Val:   loss 1.9583 acc1 50.61%
2026-06-22 10:51:40 - __main__ - INFO - saved best: 50.61%
2026-06-22 10:51:40 - __main__ - INFO - 
Epoch 5/100 | lr 0.040010
2026-06-22 10:58:43 - __main__ - INFO - Train: loss 1.3003 acc1 62.29%
2026-06-22 10:58:43 - __main__ - INFO - Val:   loss 1.9808 acc1 51.71%
2026-06-22 10:58:43 - __main__ - INFO - saved best: 51.71%
2026-06-22 10:58:43 - __main__ - INFO - 
Epoch 6/100 | lr 0.050000
2026-06-22 11:05:45 - __main__ - INFO - Train: loss 1.1602 acc1 65.84%
2026-06-22 11:05:45 - __main__ - INFO - Val:   loss 2.0591 acc1 51.68%
2026-06-22 11:05:45 - __main__ - INFO - 
Epoch 7/100 | lr 0.049986
2026-06-22 11:12:45 - __main__ - INFO - Train: loss 0.9695 acc1 70.88%
2026-06-22 11:12:45 - __main__ - INFO - Val:   loss 2.0753 acc1 52.14%
2026-06-22 11:12:45 - __main__ - INFO - saved best: 52.14%
2026-06-22 11:12:45 - __main__ - INFO - 
Epoch 8/100 | lr 0.049945
2026-06-22 11:19:48 - __main__ - INFO - Train: loss 0.8471 acc1 74.18%
2026-06-22 11:19:48 - __main__ - INFO - Val:   loss 2.1240 acc1 53.37%
2026-06-22 11:19:48 - __main__ - INFO - saved best: 53.37%
2026-06-22 11:19:48 - __main__ - INFO - 
Epoch 9/100 | lr 0.049877
2026-06-22 11:26:51 - __main__ - INFO - Train: loss 0.7698 acc1 76.40%
2026-06-22 11:26:51 - __main__ - INFO - Val:   loss 2.2063 acc1 53.07%
2026-06-22 11:26:51 - __main__ - INFO - 
Epoch 10/100 | lr 0.049782
2026-06-22 11:33:55 - __main__ - INFO - Train: loss 0.7125 acc1 77.98%
2026-06-22 11:33:55 - __main__ - INFO - Val:   loss 2.1773 acc1 53.98%
2026-06-22 11:33:55 - __main__ - INFO - saved best: 53.98%
2026-06-22 11:33:55 - __main__ - INFO - 
Epoch 11/100 | lr 0.049659
2026-06-22 11:40:57 - __main__ - INFO - Train: loss 0.6688 acc1 79.31%
2026-06-22 11:40:57 - __main__ - INFO - Val:   loss 2.2397 acc1 52.72%
2026-06-22 11:40:57 - __main__ - INFO - 
Epoch 12/100 | lr 0.049510
2026-06-22 11:47:58 - __main__ - INFO - Train: loss 0.6362 acc1 80.32%
2026-06-22 11:47:58 - __main__ - INFO - Val:   loss 2.2397 acc1 54.78%
2026-06-22 11:47:58 - __main__ - INFO - saved best: 54.78%
2026-06-22 11:47:58 - __main__ - INFO - 
Epoch 13/100 | lr 0.049333
2026-06-22 11:54:59 - __main__ - INFO - Train: loss 0.6045 acc1 81.23%
2026-06-22 11:54:59 - __main__ - INFO - Val:   loss 2.2306 acc1 54.39%
2026-06-22 11:54:59 - __main__ - INFO - 
Epoch 14/100 | lr 0.049130
2026-06-22 12:02:01 - __main__ - INFO - Train: loss 0.5802 acc1 81.98%
2026-06-22 12:02:01 - __main__ - INFO - Val:   loss 2.2411 acc1 53.58%
2026-06-22 12:02:01 - __main__ - INFO - 
Epoch 15/100 | lr 0.048901
2026-06-22 12:09:02 - __main__ - INFO - Train: loss 0.5606 acc1 82.57%
2026-06-22 12:09:02 - __main__ - INFO - Val:   loss 2.3161 acc1 53.70%
2026-06-22 12:09:02 - __main__ - INFO - 
Epoch 16/100 | lr 0.048646
2026-06-22 12:16:04 - __main__ - INFO - Train: loss 0.5346 acc1 83.32%
2026-06-22 12:16:04 - __main__ - INFO - Val:   loss 2.2261 acc1 54.25%
2026-06-22 12:16:04 - __main__ - INFO - 
Epoch 17/100 | lr 0.048364
2026-06-22 12:23:06 - __main__ - INFO - Train: loss 0.5202 acc1 83.73%
2026-06-22 12:23:06 - __main__ - INFO - Val:   loss 2.3088 acc1 54.21%
2026-06-22 12:23:06 - __main__ - INFO - 
Epoch 18/100 | lr 0.048058
2026-06-22 12:30:07 - __main__ - INFO - Train: loss 0.5063 acc1 84.22%
2026-06-22 12:30:07 - __main__ - INFO - Val:   loss 2.2355 acc1 54.86%
2026-06-22 12:30:07 - __main__ - INFO - saved best: 54.86%
2026-06-22 12:30:07 - __main__ - INFO - 
Epoch 19/100 | lr 0.047726
2026-06-22 12:37:09 - __main__ - INFO - Train: loss 0.4981 acc1 84.50%
2026-06-22 12:37:09 - __main__ - INFO - Val:   loss 2.3226 acc1 53.67%
2026-06-22 12:37:09 - __main__ - INFO - 
Epoch 20/100 | lr 0.047369
2026-06-22 12:44:13 - __main__ - INFO - Train: loss 0.4837 acc1 84.95%
2026-06-22 12:44:13 - __main__ - INFO - Val:   loss 2.3347 acc1 54.60%
2026-06-22 12:44:13 - __main__ - INFO - 
Epoch 21/100 | lr 0.046987
2026-06-22 12:51:15 - __main__ - INFO - Train: loss 0.4740 acc1 85.12%
2026-06-22 12:51:15 - __main__ - INFO - Val:   loss 2.3407 acc1 54.31%
2026-06-22 12:51:15 - __main__ - INFO - 
Epoch 22/100 | lr 0.046582
2026-06-22 12:58:18 - __main__ - INFO - Train: loss 0.4562 acc1 85.70%
2026-06-22 12:58:18 - __main__ - INFO - Val:   loss 2.3427 acc1 53.12%
2026-06-22 12:58:18 - __main__ - INFO - 
Epoch 23/100 | lr 0.046153
2026-06-22 13:05:22 - __main__ - INFO - Train: loss 0.4507 acc1 85.95%
2026-06-22 13:05:22 - __main__ - INFO - Val:   loss 2.3792 acc1 53.75%
2026-06-22 13:05:22 - __main__ - INFO - 
Epoch 24/100 | lr 0.045701
2026-06-22 13:12:26 - __main__ - INFO - Train: loss 0.4392 acc1 86.32%
2026-06-22 13:12:26 - __main__ - INFO - Val:   loss 2.3536 acc1 54.35%
2026-06-22 13:12:26 - __main__ - INFO - 
Epoch 25/100 | lr 0.045226
2026-06-22 13:19:31 - __main__ - INFO - Train: loss 0.4306 acc1 86.53%
2026-06-22 13:19:31 - __main__ - INFO - Val:   loss 2.3126 acc1 54.87%
2026-06-22 13:19:31 - __main__ - INFO - saved best: 54.87%
2026-06-22 13:19:31 - __main__ - INFO - 
Epoch 26/100 | lr 0.044730
2026-06-22 13:26:33 - __main__ - INFO - Train: loss 0.4175 acc1 86.99%
2026-06-22 13:26:33 - __main__ - INFO - Val:   loss 2.4464 acc1 53.25%
2026-06-22 13:26:33 - __main__ - INFO - 
Epoch 27/100 | lr 0.044211
2026-06-22 13:33:34 - __main__ - INFO - Train: loss 0.4061 acc1 87.30%
2026-06-22 13:33:34 - __main__ - INFO - Val:   loss 2.3101 acc1 54.78%
2026-06-22 13:33:34 - __main__ - INFO - 
Epoch 28/100 | lr 0.043672
2026-06-22 13:40:38 - __main__ - INFO - Train: loss 0.3958 acc1 87.61%
2026-06-22 13:40:38 - __main__ - INFO - Val:   loss 2.3141 acc1 54.71%
2026-06-22 13:40:38 - __main__ - INFO - 
Epoch 29/100 | lr 0.043112
2026-06-22 13:47:40 - __main__ - INFO - Train: loss 0.3867 acc1 87.94%
2026-06-22 13:47:40 - __main__ - INFO - Val:   loss 2.3508 acc1 54.12%
2026-06-22 13:47:40 - __main__ - INFO - 
Epoch 30/100 | lr 0.042532
2026-06-22 13:54:43 - __main__ - INFO - Train: loss 0.3795 acc1 88.12%
2026-06-22 13:54:43 - __main__ - INFO - Val:   loss 2.4245 acc1 53.50%
2026-06-22 13:54:43 - __main__ - INFO - 
Epoch 31/100 | lr 0.041934
2026-06-22 14:01:45 - __main__ - INFO - Train: loss 0.3690 acc1 88.44%
2026-06-22 14:01:45 - __main__ - INFO - Val:   loss 2.2869 acc1 54.76%
2026-06-22 14:01:45 - __main__ - INFO - 
Epoch 32/100 | lr 0.041316
2026-06-22 14:08:49 - __main__ - INFO - Train: loss 0.3614 acc1 88.71%
2026-06-22 14:08:49 - __main__ - INFO - Val:   loss 2.4383 acc1 53.70%
2026-06-22 14:08:49 - __main__ - INFO - 
Epoch 33/100 | lr 0.040681
2026-06-22 14:15:51 - __main__ - INFO - Train: loss 0.3541 acc1 88.88%
2026-06-22 14:15:51 - __main__ - INFO - Val:   loss 2.3430 acc1 55.17%
2026-06-22 14:15:51 - __main__ - INFO - saved best: 55.17%
2026-06-22 14:15:51 - __main__ - INFO - 
Epoch 34/100 | lr 0.040029
2026-06-22 14:22:56 - __main__ - INFO - Train: loss 0.3430 acc1 89.25%
2026-06-22 14:22:56 - __main__ - INFO - Val:   loss 2.3680 acc1 55.21%
2026-06-22 14:22:56 - __main__ - INFO - saved best: 55.21%
2026-06-22 14:22:56 - __main__ - INFO - 
Epoch 35/100 | lr 0.039360
2026-06-22 14:29:58 - __main__ - INFO - Train: loss 0.3342 acc1 89.55%
2026-06-22 14:29:58 - __main__ - INFO - Val:   loss 2.3802 acc1 54.25%
2026-06-22 14:29:58 - __main__ - INFO - 
Epoch 36/100 | lr 0.038676
2026-06-22 14:37:02 - __main__ - INFO - Train: loss 0.3246 acc1 89.88%
2026-06-22 14:37:02 - __main__ - INFO - Val:   loss 2.3540 acc1 54.93%
2026-06-22 14:37:02 - __main__ - INFO - 
Epoch 37/100 | lr 0.037977
2026-06-22 14:44:05 - __main__ - INFO - Train: loss 0.3191 acc1 90.09%
2026-06-22 14:44:05 - __main__ - INFO - Val:   loss 2.3632 acc1 55.31%
2026-06-22 14:44:05 - __main__ - INFO - saved best: 55.31%
2026-06-22 14:44:05 - __main__ - INFO - 
Epoch 38/100 | lr 0.037263
2026-06-22 14:51:10 - __main__ - INFO - Train: loss 0.3043 acc1 90.46%
2026-06-22 14:51:10 - __main__ - INFO - Val:   loss 2.3652 acc1 55.11%
2026-06-22 14:51:10 - __main__ - INFO - 
Epoch 39/100 | lr 0.036536
2026-06-22 14:58:16 - __main__ - INFO - Train: loss 0.3023 acc1 90.58%
2026-06-22 14:58:16 - __main__ - INFO - Val:   loss 2.3961 acc1 54.95%
2026-06-22 14:58:16 - __main__ - INFO - 
Epoch 40/100 | lr 0.035797
2026-06-22 15:05:22 - __main__ - INFO - Train: loss 0.2937 acc1 90.83%
2026-06-22 15:05:22 - __main__ - INFO - Val:   loss 2.3799 acc1 54.86%
2026-06-22 15:05:22 - __main__ - INFO - 
Epoch 41/100 | lr 0.035045
2026-06-22 15:12:26 - __main__ - INFO - Train: loss 0.2860 acc1 91.02%
2026-06-22 15:12:26 - __main__ - INFO - Val:   loss 2.3413 acc1 55.39%
2026-06-22 15:12:26 - __main__ - INFO - saved best: 55.39%
2026-06-22 15:12:26 - __main__ - INFO - 
Epoch 42/100 | lr 0.034283
2026-06-22 15:19:31 - __main__ - INFO - Train: loss 0.2724 acc1 91.45%
2026-06-22 15:19:31 - __main__ - INFO - Val:   loss 2.4443 acc1 53.92%
2026-06-22 15:19:31 - __main__ - INFO - 
Epoch 43/100 | lr 0.033511
2026-06-22 15:26:34 - __main__ - INFO - Train: loss 0.2659 acc1 91.66%
2026-06-22 15:26:34 - __main__ - INFO - Val:   loss 2.3656 acc1 55.10%
2026-06-22 15:26:34 - __main__ - INFO - 
Epoch 44/100 | lr 0.032729
2026-06-22 15:33:38 - __main__ - INFO - Train: loss 0.2560 acc1 91.98%
2026-06-22 15:33:38 - __main__ - INFO - Val:   loss 2.3614 acc1 54.93%
2026-06-22 15:33:38 - __main__ - INFO - 
Epoch 45/100 | lr 0.031939
2026-06-22 15:40:43 - __main__ - INFO - Train: loss 0.2522 acc1 92.14%
2026-06-22 15:40:43 - __main__ - INFO - Val:   loss 2.4485 acc1 53.83%
2026-06-22 15:40:43 - __main__ - INFO - 
Epoch 46/100 | lr 0.031141
2026-06-22 15:47:47 - __main__ - INFO - Train: loss 0.2408 acc1 92.46%
2026-06-22 15:47:47 - __main__ - INFO - Val:   loss 2.4123 acc1 55.04%
2026-06-22 15:47:47 - __main__ - INFO - 
Epoch 47/100 | lr 0.030336
2026-06-22 15:54:51 - __main__ - INFO - Train: loss 0.2276 acc1 92.95%
2026-06-22 15:54:51 - __main__ - INFO - Val:   loss 2.3712 acc1 55.79%
2026-06-22 15:54:51 - __main__ - INFO - saved best: 55.79%
2026-06-22 15:54:51 - __main__ - INFO - 
Epoch 48/100 | lr 0.029526
2026-06-22 16:01:55 - __main__ - INFO - Train: loss 0.2259 acc1 92.96%
2026-06-22 16:01:55 - __main__ - INFO - Val:   loss 2.3719 acc1 55.70%
2026-06-22 16:01:55 - __main__ - INFO - 
Epoch 49/100 | lr 0.028711
2026-06-22 16:08:58 - __main__ - INFO - Train: loss 0.2185 acc1 93.22%
2026-06-22 16:08:58 - __main__ - INFO - Val:   loss 2.3977 acc1 55.38%
2026-06-22 16:08:58 - __main__ - INFO - 
Epoch 50/100 | lr 0.027892
2026-06-22 16:16:02 - __main__ - INFO - Train: loss 0.2069 acc1 93.56%
2026-06-22 16:16:02 - __main__ - INFO - Val:   loss 2.4510 acc1 54.87%
2026-06-22 16:16:02 - __main__ - INFO - 
Epoch 51/100 | lr 0.027069
2026-06-22 16:23:06 - __main__ - INFO - Train: loss 0.2017 acc1 93.72%
2026-06-22 16:23:06 - __main__ - INFO - Val:   loss 2.4114 acc1 55.06%
2026-06-22 16:23:06 - __main__ - INFO - 
Epoch 52/100 | lr 0.026244
2026-06-22 16:30:09 - __main__ - INFO - Train: loss 0.1958 acc1 93.94%
2026-06-22 16:30:09 - __main__ - INFO - Val:   loss 2.3962 acc1 55.29%
2026-06-22 16:30:09 - __main__ - INFO - 
Epoch 53/100 | lr 0.025418
2026-06-22 16:37:13 - __main__ - INFO - Train: loss 0.1794 acc1 94.50%
2026-06-22 16:37:13 - __main__ - INFO - Val:   loss 2.4177 acc1 54.76%
2026-06-22 16:37:13 - __main__ - INFO - 
Epoch 54/100 | lr 0.024592
2026-06-22 16:44:19 - __main__ - INFO - Train: loss 0.1762 acc1 94.58%
2026-06-22 16:44:19 - __main__ - INFO - Val:   loss 2.4826 acc1 54.46%
2026-06-22 16:44:19 - __main__ - INFO - 
Epoch 55/100 | lr 0.023766
2026-06-22 16:51:24 - __main__ - INFO - Train: loss 0.1628 acc1 94.99%
2026-06-22 16:51:24 - __main__ - INFO - Val:   loss 2.4736 acc1 54.88%
2026-06-22 16:51:24 - __main__ - INFO - 
Epoch 56/100 | lr 0.022941
2026-06-22 16:58:29 - __main__ - INFO - Train: loss 0.1609 acc1 95.08%
2026-06-22 16:58:29 - __main__ - INFO - Val:   loss 2.3865 acc1 55.38%
2026-06-22 16:58:29 - __main__ - INFO - 
Epoch 57/100 | lr 0.022118
2026-06-22 17:05:34 - __main__ - INFO - Train: loss 0.1523 acc1 95.33%
2026-06-22 17:05:34 - __main__ - INFO - Val:   loss 2.3118 acc1 56.65%
2026-06-22 17:05:34 - __main__ - INFO - saved best: 56.65%
2026-06-22 17:05:34 - __main__ - INFO - 
Epoch 58/100 | lr 0.021299
2026-06-22 17:12:38 - __main__ - INFO - Train: loss 0.1444 acc1 95.61%
2026-06-22 17:12:38 - __main__ - INFO - Val:   loss 2.3736 acc1 55.80%
2026-06-22 17:12:38 - __main__ - INFO - 
Epoch 59/100 | lr 0.020484
2026-06-22 17:19:40 - __main__ - INFO - Train: loss 0.1378 acc1 95.80%
2026-06-22 17:19:40 - __main__ - INFO - Val:   loss 2.3627 acc1 56.26%
2026-06-22 17:19:40 - __main__ - INFO - 
Epoch 60/100 | lr 0.019674
2026-06-22 17:26:46 - __main__ - INFO - Train: loss 0.1259 acc1 96.22%
2026-06-22 17:26:46 - __main__ - INFO - Val:   loss 2.2910 acc1 56.23%
2026-06-22 17:26:46 - __main__ - INFO - 
Epoch 61/100 | lr 0.018869
2026-06-22 17:33:49 - __main__ - INFO - Train: loss 0.1241 acc1 96.26%
2026-06-22 17:33:49 - __main__ - INFO - Val:   loss 2.3396 acc1 56.35%
2026-06-22 17:33:49 - __main__ - INFO - 
Epoch 62/100 | lr 0.018071
2026-06-22 17:40:53 - __main__ - INFO - Train: loss 0.1116 acc1 96.68%
2026-06-22 17:40:53 - __main__ - INFO - Val:   loss 2.3562 acc1 55.58%
2026-06-22 17:40:53 - __main__ - INFO - 
Epoch 63/100 | lr 0.017281
2026-06-22 17:47:56 - __main__ - INFO - Train: loss 0.1078 acc1 96.80%
2026-06-22 17:47:56 - __main__ - INFO - Val:   loss 2.2733 acc1 57.05%
2026-06-22 17:47:56 - __main__ - INFO - saved best: 57.05%
2026-06-22 17:47:56 - __main__ - INFO - 
Epoch 64/100 | lr 0.016499
2026-06-22 17:54:59 - __main__ - INFO - Train: loss 0.1030 acc1 96.94%
2026-06-22 17:54:59 - __main__ - INFO - Val:   loss 2.2918 acc1 57.18%
2026-06-22 17:54:59 - __main__ - INFO - saved best: 57.18%
2026-06-22 17:54:59 - __main__ - INFO - 
Epoch 65/100 | lr 0.015727
2026-06-22 18:02:03 - __main__ - INFO - Train: loss 0.0936 acc1 97.27%
2026-06-22 18:02:03 - __main__ - INFO - Val:   loss 2.2589 acc1 57.56%
2026-06-22 18:02:03 - __main__ - INFO - saved best: 57.56%
2026-06-22 18:02:03 - __main__ - INFO - 
Epoch 66/100 | lr 0.014965
2026-06-22 18:09:05 - __main__ - INFO - Train: loss 0.0811 acc1 97.69%
2026-06-22 18:09:05 - __main__ - INFO - Val:   loss 2.2656 acc1 57.03%
2026-06-22 18:09:05 - __main__ - INFO - 
Epoch 67/100 | lr 0.014213
2026-06-22 18:16:09 - __main__ - INFO - Train: loss 0.0764 acc1 97.80%
2026-06-22 18:16:09 - __main__ - INFO - Val:   loss 2.2705 acc1 58.03%
2026-06-22 18:16:09 - __main__ - INFO - saved best: 58.03%
2026-06-22 18:16:09 - __main__ - INFO - 
Epoch 68/100 | lr 0.013474
2026-06-22 18:23:13 - __main__ - INFO - Train: loss 0.0748 acc1 97.88%
2026-06-22 18:23:13 - __main__ - INFO - Val:   loss 2.2886 acc1 56.66%
2026-06-22 18:23:13 - __main__ - INFO - 
Epoch 69/100 | lr 0.012747
2026-06-22 18:30:15 - __main__ - INFO - Train: loss 0.0671 acc1 98.11%
2026-06-22 18:30:15 - __main__ - INFO - Val:   loss 2.3149 acc1 57.15%
2026-06-22 18:30:15 - __main__ - INFO - 
Epoch 70/100 | lr 0.012033
2026-06-22 18:37:20 - __main__ - INFO - Train: loss 0.0620 acc1 98.28%
2026-06-22 18:37:20 - __main__ - INFO - Val:   loss 2.2993 acc1 57.36%
2026-06-22 18:37:20 - __main__ - INFO - 
Epoch 71/100 | lr 0.011334
2026-06-22 18:44:24 - __main__ - INFO - Train: loss 0.0598 acc1 98.35%
2026-06-22 18:44:24 - __main__ - INFO - Val:   loss 2.2202 acc1 57.93%
2026-06-22 18:44:24 - __main__ - INFO - 
Epoch 72/100 | lr 0.010650
2026-06-22 18:51:30 - __main__ - INFO - Train: loss 0.0423 acc1 98.91%
2026-06-22 18:51:30 - __main__ - INFO - Val:   loss 2.2096 acc1 57.91%
2026-06-22 18:51:30 - __main__ - INFO - 
Epoch 73/100 | lr 0.009981
2026-06-22 18:58:35 - __main__ - INFO - Train: loss 0.0388 acc1 99.01%
2026-06-22 18:58:35 - __main__ - INFO - Val:   loss 2.2363 acc1 57.12%
2026-06-22 18:58:35 - __main__ - INFO - 
Epoch 74/100 | lr 0.009329
2026-06-22 19:05:38 - __main__ - INFO - Train: loss 0.0341 acc1 99.16%
2026-06-22 19:05:38 - __main__ - INFO - Val:   loss 2.1397 acc1 58.74%
2026-06-22 19:05:38 - __main__ - INFO - saved best: 58.74%
2026-06-22 19:05:38 - __main__ - INFO - 
Epoch 75/100 | lr 0.008694
2026-06-22 19:12:42 - __main__ - INFO - Train: loss 0.0274 acc1 99.35%
2026-06-22 19:12:42 - __main__ - INFO - Val:   loss 2.1532 acc1 57.82%
2026-06-22 19:12:42 - __main__ - INFO - 
Epoch 76/100 | lr 0.008076
2026-06-22 19:19:47 - __main__ - INFO - Train: loss 0.0259 acc1 99.40%
2026-06-22 19:19:47 - __main__ - INFO - Val:   loss 2.1137 acc1 58.10%
2026-06-22 19:19:47 - __main__ - INFO - 
Epoch 77/100 | lr 0.007478
2026-06-22 19:26:52 - __main__ - INFO - Train: loss 0.0202 acc1 99.55%
2026-06-22 19:26:52 - __main__ - INFO - Val:   loss 2.1338 acc1 58.11%
2026-06-22 19:26:52 - __main__ - INFO - 
Epoch 78/100 | lr 0.006898
2026-06-22 19:33:59 - __main__ - INFO - Train: loss 0.0151 acc1 99.70%
2026-06-22 19:33:59 - __main__ - INFO - Val:   loss 2.0321 acc1 59.32%
2026-06-22 19:33:59 - __main__ - INFO - saved best: 59.32%
2026-06-22 19:33:59 - __main__ - INFO - 
Epoch 79/100 | lr 0.006338
2026-06-22 19:41:12 - __main__ - INFO - Train: loss 0.0129 acc1 99.75%
2026-06-22 19:41:12 - __main__ - INFO - Val:   loss 2.0238 acc1 58.45%
2026-06-22 19:41:12 - __main__ - INFO - 
Epoch 80/100 | lr 0.005799
2026-06-22 19:48:27 - __main__ - INFO - Train: loss 0.0111 acc1 99.79%
2026-06-22 19:48:27 - __main__ - INFO - Val:   loss 2.0039 acc1 59.59%
2026-06-22 19:48:27 - __main__ - INFO - saved best: 59.59%
2026-06-22 19:48:27 - __main__ - INFO - 
Epoch 81/100 | lr 0.005280
2026-06-22 19:55:40 - __main__ - INFO - Train: loss 0.0085 acc1 99.86%
2026-06-22 19:55:40 - __main__ - INFO - Val:   loss 1.9450 acc1 59.69%
2026-06-22 19:55:40 - __main__ - INFO - saved best: 59.69%
2026-06-22 19:55:40 - __main__ - INFO - 
Epoch 82/100 | lr 0.004784
2026-06-22 20:02:53 - __main__ - INFO - Train: loss 0.0087 acc1 99.85%
2026-06-22 20:02:53 - __main__ - INFO - Val:   loss 1.9553 acc1 59.19%
2026-06-22 20:02:53 - __main__ - INFO - 
Epoch 83/100 | lr 0.004309
2026-06-22 20:10:04 - __main__ - INFO - Train: loss 0.0066 acc1 99.89%
2026-06-22 20:10:04 - __main__ - INFO - Val:   loss 1.9024 acc1 60.02%
2026-06-22 20:10:04 - __main__ - INFO - saved best: 60.02%
2026-06-22 20:10:04 - __main__ - INFO - 
Epoch 84/100 | lr 0.003857
2026-06-22 20:17:12 - __main__ - INFO - Train: loss 0.0056 acc1 99.92%
2026-06-22 20:17:12 - __main__ - INFO - Val:   loss 1.8816 acc1 60.10%
2026-06-22 20:17:13 - __main__ - INFO - saved best: 60.10%
2026-06-22 20:17:13 - __main__ - INFO - 
Epoch 85/100 | lr 0.003428
2026-06-22 20:24:13 - __main__ - INFO - Train: loss 0.0045 acc1 99.93%
2026-06-22 20:24:13 - __main__ - INFO - Val:   loss 1.8715 acc1 60.08%
2026-06-22 20:24:13 - __main__ - INFO - 
Epoch 86/100 | lr 0.003023
2026-06-22 20:31:16 - __main__ - INFO - Train: loss 0.0040 acc1 99.94%
2026-06-22 20:31:16 - __main__ - INFO - Val:   loss 1.8426 acc1 60.61%
2026-06-22 20:31:16 - __main__ - INFO - saved best: 60.61%
2026-06-22 20:31:16 - __main__ - INFO - 
Epoch 87/100 | lr 0.002641
2026-06-22 20:38:21 - __main__ - INFO - Train: loss 0.0035 acc1 99.95%
2026-06-22 20:38:21 - __main__ - INFO - Val:   loss 1.8204 acc1 60.46%
2026-06-22 20:38:21 - __main__ - INFO - 
Epoch 88/100 | lr 0.002284
2026-06-22 20:45:23 - __main__ - INFO - Train: loss 0.0033 acc1 99.96%
2026-06-22 20:45:23 - __main__ - INFO - Val:   loss 1.8054 acc1 60.48%
2026-06-22 20:45:23 - __main__ - INFO - 
Epoch 89/100 | lr 0.001952
2026-06-22 20:52:26 - __main__ - INFO - Train: loss 0.0031 acc1 99.96%
2026-06-22 20:52:26 - __main__ - INFO - Val:   loss 1.8082 acc1 60.16%
2026-06-22 20:52:26 - __main__ - INFO - 
Epoch 90/100 | lr 0.001646
2026-06-22 20:59:27 - __main__ - INFO - Train: loss 0.0028 acc1 99.97%
2026-06-22 20:59:27 - __main__ - INFO - Val:   loss 1.7785 acc1 60.94%
2026-06-22 20:59:27 - __main__ - INFO - saved best: 60.94%
2026-06-22 20:59:27 - __main__ - INFO - 
Epoch 91/100 | lr 0.001364
2026-06-22 21:06:31 - __main__ - INFO - Train: loss 0.0028 acc1 99.97%
2026-06-22 21:06:31 - __main__ - INFO - Val:   loss 1.7875 acc1 60.80%
2026-06-22 21:06:31 - __main__ - INFO - 
Epoch 92/100 | lr 0.001109
2026-06-22 21:13:33 - __main__ - INFO - Train: loss 0.0026 acc1 99.98%
2026-06-22 21:13:33 - __main__ - INFO - Val:   loss 1.7767 acc1 60.92%
2026-06-22 21:13:33 - __main__ - INFO - 
Epoch 93/100 | lr 0.000880
2026-06-22 21:20:36 - __main__ - INFO - Train: loss 0.0026 acc1 99.97%
2026-06-22 21:20:36 - __main__ - INFO - Val:   loss 1.7711 acc1 61.26%
2026-06-22 21:20:36 - __main__ - INFO - saved best: 61.26%
2026-06-22 21:20:36 - __main__ - INFO - 
Epoch 94/100 | lr 0.000677
2026-06-22 21:27:39 - __main__ - INFO - Train: loss 0.0026 acc1 99.97%
2026-06-22 21:27:39 - __main__ - INFO - Val:   loss 1.7745 acc1 60.94%
2026-06-22 21:27:39 - __main__ - INFO - 
Epoch 95/100 | lr 0.000500
2026-06-22 21:34:42 - __main__ - INFO - Train: loss 0.0025 acc1 99.97%
2026-06-22 21:34:42 - __main__ - INFO - Val:   loss 1.7574 acc1 60.90%
2026-06-22 21:34:42 - __main__ - INFO - 
Epoch 96/100 | lr 0.000351
2026-06-22 21:41:44 - __main__ - INFO - Train: loss 0.0025 acc1 99.97%
2026-06-22 21:41:44 - __main__ - INFO - Val:   loss 1.7749 acc1 61.16%
2026-06-22 21:41:44 - __main__ - INFO - 
Epoch 97/100 | lr 0.000228
2026-06-22 21:48:46 - __main__ - INFO - Train: loss 0.0023 acc1 99.98%
2026-06-22 21:48:46 - __main__ - INFO - Val:   loss 1.7616 acc1 60.91%
2026-06-22 21:48:46 - __main__ - INFO - 
Epoch 98/100 | lr 0.000133
2026-06-22 21:55:49 - __main__ - INFO - Train: loss 0.0023 acc1 99.97%
2026-06-22 21:55:49 - __main__ - INFO - Val:   loss 1.7615 acc1 61.23%
2026-06-22 21:55:49 - __main__ - INFO - 
Epoch 99/100 | lr 0.000065
2026-06-22 22:02:51 - __main__ - INFO - Train: loss 0.0023 acc1 99.98%
2026-06-22 22:02:51 - __main__ - INFO - Val:   loss 1.7455 acc1 61.39%
2026-06-22 22:02:51 - __main__ - INFO - saved best: 61.39%
2026-06-22 22:02:51 - __main__ - INFO - 
Epoch 100/100 | lr 0.000024
2026-06-22 22:09:51 - __main__ - INFO - Train: loss 0.0024 acc1 99.97%
2026-06-22 22:09:51 - __main__ - INFO - Val:   loss 1.7767 acc1 61.23%
2026-06-22 22:09:51 - __main__ - INFO - Loaded best checkpoint weights for final test evaluation.
2026-06-22 22:09:52 - __main__ - INFO - 
Best tracked (val): 61.39%
2026-06-22 22:09:52 - __main__ - INFO - Final test: loss 1.7378 acc1 61.73%
2026-06-22 22:09:52 - __main__ - INFO - Saved best model checkpoint to runs/cifar100/densenet121/42/densenet121_seed42_random_M8_area0.1/best_model.pt
