2026-06-28 07:32:30 - __main__ - INFO - Run parameters: {"adamw_betas": [0.9, 0.999], "adamw_eps": 1e-08, "amp": true, "batch_size": 128, "cam_cache_dir": "", "cam_layer": "auto", "cam_precompute_only": false, "cutout_area": 0.1, "cutout_m": 4, "cutout_mode": "random", "cutout_size": 0, "data_dir": "./data", "dataset": "cifar100", "deterministic_train_transforms": true, "epochs": 100, "gamma": 0.1, "grayscale": false, "include_regex": "", "label_smoothing": 0.0, "log_every": 100, "lr": 0.1, "milestones": "60,80", "min_lr": 1e-05, "model": "resnet18", "momentum": 0.9, "nesterov": false, "num_workers": 4, "optimizer": "sgd", "out_dir": "runs/cifar100/resnet18/42", "run_name": "resnet18_seed42_random_M4_area0.1", "saliency_candidate_percent": 10.0, "scheduler": "cosine", "seed": 42, "teacher_checkpoint": "", "teacher_model": "", "val_split": 0.1, "warmup_epochs": 5, "weight_decay": 0.0005}
2026-06-28 07:32:30 - __main__ - INFO - device: cuda | cuda: True | gpu: NVIDIA A100-SXM4-40GB
2026-06-28 07:32:34 - __main__ - INFO - Model: resnet18 | Dataset: cifar100 | Classes: 100 | Optimizer: sgd
2026-06-28 07:32:34 - __main__ - INFO - Cutout enabled: mode=random m=4 size=None area=0.1
2026-06-28 07:32:34 - __main__ - INFO - 
Epoch 1/100 | lr 0.000100
2026-06-28 07:33:02 - __main__ - INFO - Train: loss 4.4862 acc1 3.55%
2026-06-28 07:33:02 - __main__ - INFO - Val:   loss 4.3154 acc1 5.45%
2026-06-28 07:33:02 - __main__ - INFO - saved best: 5.45%
2026-06-28 07:33:02 - __main__ - INFO - 
Epoch 2/100 | lr 0.020080
2026-06-28 07:33:29 - __main__ - INFO - Train: loss 2.5488 acc1 35.17%
2026-06-28 07:33:29 - __main__ - INFO - Val:   loss 2.0629 acc1 45.38%
2026-06-28 07:33:29 - __main__ - INFO - saved best: 45.38%
2026-06-28 07:33:29 - __main__ - INFO - 
Epoch 3/100 | lr 0.040060
2026-06-28 07:33:56 - __main__ - INFO - Train: loss 1.2927 acc1 63.52%
2026-06-28 07:33:56 - __main__ - INFO - Val:   loss 2.2496 acc1 45.69%
2026-06-28 07:33:56 - __main__ - INFO - saved best: 45.69%
2026-06-28 07:33:56 - __main__ - INFO - 
Epoch 4/100 | lr 0.060040
2026-06-28 07:34:23 - __main__ - INFO - Train: loss 0.7879 acc1 76.79%
2026-06-28 07:34:23 - __main__ - INFO - Val:   loss 2.2535 acc1 48.91%
2026-06-28 07:34:23 - __main__ - INFO - saved best: 48.91%
2026-06-28 07:34:23 - __main__ - INFO - 
Epoch 5/100 | lr 0.080020
2026-06-28 07:34:49 - __main__ - INFO - Train: loss 0.7347 acc1 78.35%
2026-06-28 07:34:49 - __main__ - INFO - Val:   loss 2.2756 acc1 46.62%
2026-06-28 07:34:49 - __main__ - INFO - 
Epoch 6/100 | lr 0.100000
2026-06-28 07:35:16 - __main__ - INFO - Train: loss 0.7594 acc1 77.84%
2026-06-28 07:35:16 - __main__ - INFO - Val:   loss 2.8973 acc1 42.69%
2026-06-28 07:35:16 - __main__ - INFO - 
Epoch 7/100 | lr 0.099973
2026-06-28 07:35:43 - __main__ - INFO - Train: loss 0.6586 acc1 80.60%
2026-06-28 07:35:43 - __main__ - INFO - Val:   loss 2.4330 acc1 46.00%
2026-06-28 07:35:43 - __main__ - INFO - 
Epoch 8/100 | lr 0.099891
2026-06-28 07:36:09 - __main__ - INFO - Train: loss 0.6215 acc1 81.83%
2026-06-28 07:36:09 - __main__ - INFO - Val:   loss 2.5627 acc1 46.55%
2026-06-28 07:36:09 - __main__ - INFO - 
Epoch 9/100 | lr 0.099754
2026-06-28 07:36:36 - __main__ - INFO - Train: loss 0.6003 acc1 82.45%
2026-06-28 07:36:36 - __main__ - INFO - Val:   loss 2.5860 acc1 46.47%
2026-06-28 07:36:36 - __main__ - INFO - 
Epoch 10/100 | lr 0.099563
2026-06-28 07:37:02 - __main__ - INFO - Train: loss 0.5832 acc1 82.93%
2026-06-28 07:37:02 - __main__ - INFO - Val:   loss 2.3518 acc1 47.20%
2026-06-28 07:37:02 - __main__ - INFO - 
Epoch 11/100 | lr 0.099318
2026-06-28 07:37:29 - __main__ - INFO - Train: loss 0.5637 acc1 83.45%
2026-06-28 07:37:29 - __main__ - INFO - Val:   loss 2.3729 acc1 47.71%
2026-06-28 07:37:29 - __main__ - INFO - 
Epoch 12/100 | lr 0.099019
2026-06-28 07:37:56 - __main__ - INFO - Train: loss 0.5541 acc1 83.76%
2026-06-28 07:37:56 - __main__ - INFO - Val:   loss 2.4572 acc1 47.48%
2026-06-28 07:37:56 - __main__ - INFO - 
Epoch 13/100 | lr 0.098666
2026-06-28 07:38:23 - __main__ - INFO - Train: loss 0.5482 acc1 83.85%
2026-06-28 07:38:23 - __main__ - INFO - Val:   loss 2.5069 acc1 47.32%
2026-06-28 07:38:23 - __main__ - INFO - 
Epoch 14/100 | lr 0.098261
2026-06-28 07:38:49 - __main__ - INFO - Train: loss 0.5365 acc1 84.19%
2026-06-28 07:38:49 - __main__ - INFO - Val:   loss 2.4863 acc1 45.47%
2026-06-28 07:38:49 - __main__ - INFO - 
Epoch 15/100 | lr 0.097802
2026-06-28 07:39:16 - __main__ - INFO - Train: loss 0.5285 acc1 84.51%
2026-06-28 07:39:16 - __main__ - INFO - Val:   loss 2.3565 acc1 49.31%
2026-06-28 07:39:16 - __main__ - INFO - saved best: 49.31%
2026-06-28 07:39:16 - __main__ - INFO - 
Epoch 16/100 | lr 0.097291
2026-06-28 07:39:43 - __main__ - INFO - Train: loss 0.5215 acc1 84.83%
2026-06-28 07:39:43 - __main__ - INFO - Val:   loss 2.5830 acc1 46.23%
2026-06-28 07:39:43 - __main__ - INFO - 
Epoch 17/100 | lr 0.096729
2026-06-28 07:40:10 - __main__ - INFO - Train: loss 0.5160 acc1 84.82%
2026-06-28 07:40:10 - __main__ - INFO - Val:   loss 2.5550 acc1 45.80%
2026-06-28 07:40:10 - __main__ - INFO - 
Epoch 18/100 | lr 0.096115
2026-06-28 07:40:36 - __main__ - INFO - Train: loss 0.5080 acc1 85.16%
2026-06-28 07:40:36 - __main__ - INFO - Val:   loss 2.3034 acc1 49.22%
2026-06-28 07:40:36 - __main__ - INFO - 
Epoch 19/100 | lr 0.095451
2026-06-28 07:41:03 - __main__ - INFO - Train: loss 0.5001 acc1 85.35%
2026-06-28 07:41:03 - __main__ - INFO - Val:   loss 2.4933 acc1 47.14%
2026-06-28 07:41:03 - __main__ - INFO - 
Epoch 20/100 | lr 0.094737
2026-06-28 07:41:30 - __main__ - INFO - Train: loss 0.4938 acc1 85.46%
2026-06-28 07:41:30 - __main__ - INFO - Val:   loss 2.4981 acc1 44.86%
2026-06-28 07:41:30 - __main__ - INFO - 
Epoch 21/100 | lr 0.093974
2026-06-28 07:41:56 - __main__ - INFO - Train: loss 0.4901 acc1 85.62%
2026-06-28 07:41:56 - __main__ - INFO - Val:   loss 2.4613 acc1 48.16%
2026-06-28 07:41:56 - __main__ - INFO - 
Epoch 22/100 | lr 0.093164
2026-06-28 07:42:23 - __main__ - INFO - Train: loss 0.4791 acc1 86.03%
2026-06-28 07:42:23 - __main__ - INFO - Val:   loss 2.5204 acc1 46.42%
2026-06-28 07:42:23 - __main__ - INFO - 
Epoch 23/100 | lr 0.092306
2026-06-28 07:42:49 - __main__ - INFO - Train: loss 0.4753 acc1 86.11%
2026-06-28 07:42:49 - __main__ - INFO - Val:   loss 2.5734 acc1 46.75%
2026-06-28 07:42:49 - __main__ - INFO - 
Epoch 24/100 | lr 0.091401
2026-06-28 07:43:16 - __main__ - INFO - Train: loss 0.4689 acc1 86.30%
2026-06-28 07:43:16 - __main__ - INFO - Val:   loss 2.6042 acc1 46.16%
2026-06-28 07:43:16 - __main__ - INFO - 
Epoch 25/100 | lr 0.090452
2026-06-28 07:43:42 - __main__ - INFO - Train: loss 0.4568 acc1 86.65%
2026-06-28 07:43:42 - __main__ - INFO - Val:   loss 2.2936 acc1 48.68%
2026-06-28 07:43:42 - __main__ - INFO - 
Epoch 26/100 | lr 0.089458
2026-06-28 07:44:08 - __main__ - INFO - Train: loss 0.4503 acc1 86.86%
2026-06-28 07:44:08 - __main__ - INFO - Val:   loss 2.5098 acc1 46.72%
2026-06-28 07:44:08 - __main__ - INFO - 
Epoch 27/100 | lr 0.088421
2026-06-28 07:44:34 - __main__ - INFO - Train: loss 0.4439 acc1 87.00%
2026-06-28 07:44:34 - __main__ - INFO - Val:   loss 2.4373 acc1 49.52%
2026-06-28 07:44:34 - __main__ - INFO - saved best: 49.52%
2026-06-28 07:44:34 - __main__ - INFO - 
Epoch 28/100 | lr 0.087342
2026-06-28 07:45:02 - __main__ - INFO - Train: loss 0.4424 acc1 87.12%
2026-06-28 07:45:02 - __main__ - INFO - Val:   loss 2.2773 acc1 50.23%
2026-06-28 07:45:02 - __main__ - INFO - saved best: 50.23%
2026-06-28 07:45:02 - __main__ - INFO - 
Epoch 29/100 | lr 0.086223
2026-06-28 07:45:30 - __main__ - INFO - Train: loss 0.4320 acc1 87.33%
2026-06-28 07:45:30 - __main__ - INFO - Val:   loss 2.3421 acc1 48.26%
2026-06-28 07:45:30 - __main__ - INFO - 
Epoch 30/100 | lr 0.085063
2026-06-28 07:45:57 - __main__ - INFO - Train: loss 0.4209 acc1 87.72%
2026-06-28 07:45:57 - __main__ - INFO - Val:   loss 2.5230 acc1 47.07%
2026-06-28 07:45:57 - __main__ - INFO - 
Epoch 31/100 | lr 0.083866
2026-06-28 07:46:24 - __main__ - INFO - Train: loss 0.4150 acc1 87.84%
2026-06-28 07:46:24 - __main__ - INFO - Val:   loss 2.5161 acc1 46.88%
2026-06-28 07:46:24 - __main__ - INFO - 
Epoch 32/100 | lr 0.082631
2026-06-28 07:46:51 - __main__ - INFO - Train: loss 0.4076 acc1 88.12%
2026-06-28 07:46:51 - __main__ - INFO - Val:   loss 2.6459 acc1 46.95%
2026-06-28 07:46:51 - __main__ - INFO - 
Epoch 33/100 | lr 0.081361
2026-06-28 07:47:17 - __main__ - INFO - Train: loss 0.3941 acc1 88.55%
2026-06-28 07:47:17 - __main__ - INFO - Val:   loss 2.3923 acc1 49.22%
2026-06-28 07:47:17 - __main__ - INFO - 
Epoch 34/100 | lr 0.080056
2026-06-28 07:47:43 - __main__ - INFO - Train: loss 0.3894 acc1 88.62%
2026-06-28 07:47:43 - __main__ - INFO - Val:   loss 2.5671 acc1 48.62%
2026-06-28 07:47:43 - __main__ - INFO - 
Epoch 35/100 | lr 0.078719
2026-06-28 07:48:10 - __main__ - INFO - Train: loss 0.3826 acc1 88.83%
2026-06-28 07:48:10 - __main__ - INFO - Val:   loss 2.3141 acc1 50.72%
2026-06-28 07:48:10 - __main__ - INFO - saved best: 50.72%
2026-06-28 07:48:10 - __main__ - INFO - 
Epoch 36/100 | lr 0.077350
2026-06-28 07:48:36 - __main__ - INFO - Train: loss 0.3659 acc1 89.35%
2026-06-28 07:48:36 - __main__ - INFO - Val:   loss 2.3401 acc1 48.56%
2026-06-28 07:48:36 - __main__ - INFO - 
Epoch 37/100 | lr 0.075951
2026-06-28 07:49:02 - __main__ - INFO - Train: loss 0.3633 acc1 89.33%
2026-06-28 07:49:02 - __main__ - INFO - Val:   loss 2.3899 acc1 48.94%
2026-06-28 07:49:02 - __main__ - INFO - 
Epoch 38/100 | lr 0.074524
2026-06-28 07:49:29 - __main__ - INFO - Train: loss 0.3539 acc1 89.72%
2026-06-28 07:49:29 - __main__ - INFO - Val:   loss 2.5216 acc1 48.07%
2026-06-28 07:49:29 - __main__ - INFO - 
Epoch 39/100 | lr 0.073070
2026-06-28 07:49:56 - __main__ - INFO - Train: loss 0.3397 acc1 90.16%
2026-06-28 07:49:56 - __main__ - INFO - Val:   loss 2.4037 acc1 47.31%
2026-06-28 07:49:56 - __main__ - INFO - 
Epoch 40/100 | lr 0.071591
2026-06-28 07:50:22 - __main__ - INFO - Train: loss 0.3316 acc1 90.42%
2026-06-28 07:50:22 - __main__ - INFO - Val:   loss 2.3702 acc1 48.44%
2026-06-28 07:50:22 - __main__ - INFO - 
Epoch 41/100 | lr 0.070088
2026-06-28 07:50:49 - __main__ - INFO - Train: loss 0.3230 acc1 90.62%
2026-06-28 07:50:49 - __main__ - INFO - Val:   loss 2.3332 acc1 48.13%
2026-06-28 07:50:49 - __main__ - INFO - 
Epoch 42/100 | lr 0.068563
2026-06-28 07:51:15 - __main__ - INFO - Train: loss 0.3117 acc1 90.91%
2026-06-28 07:51:15 - __main__ - INFO - Val:   loss 2.3605 acc1 49.50%
2026-06-28 07:51:15 - __main__ - INFO - 
Epoch 43/100 | lr 0.067018
2026-06-28 07:51:41 - __main__ - INFO - Train: loss 0.3036 acc1 91.19%
2026-06-28 07:51:41 - __main__ - INFO - Val:   loss 2.3447 acc1 48.78%
2026-06-28 07:51:41 - __main__ - INFO - 
Epoch 44/100 | lr 0.065454
2026-06-28 07:52:07 - __main__ - INFO - Train: loss 0.2873 acc1 91.66%
2026-06-28 07:52:07 - __main__ - INFO - Val:   loss 2.2914 acc1 51.46%
2026-06-28 07:52:07 - __main__ - INFO - saved best: 51.46%
2026-06-28 07:52:07 - __main__ - INFO - 
Epoch 45/100 | lr 0.063874
2026-06-28 07:52:33 - __main__ - INFO - Train: loss 0.2866 acc1 91.70%
2026-06-28 07:52:33 - __main__ - INFO - Val:   loss 2.3024 acc1 49.75%
2026-06-28 07:52:33 - __main__ - INFO - 
Epoch 46/100 | lr 0.062278
2026-06-28 07:53:00 - __main__ - INFO - Train: loss 0.2708 acc1 92.16%
2026-06-28 07:53:00 - __main__ - INFO - Val:   loss 2.3372 acc1 49.12%
2026-06-28 07:53:00 - __main__ - INFO - 
Epoch 47/100 | lr 0.060669
2026-06-28 07:53:25 - __main__ - INFO - Train: loss 0.2673 acc1 92.29%
2026-06-28 07:53:25 - __main__ - INFO - Val:   loss 2.5516 acc1 47.12%
2026-06-28 07:53:25 - __main__ - INFO - 
Epoch 48/100 | lr 0.059048
2026-06-28 07:53:52 - __main__ - INFO - Train: loss 0.2542 acc1 92.69%
2026-06-28 07:53:52 - __main__ - INFO - Val:   loss 2.2327 acc1 50.35%
2026-06-28 07:53:52 - __main__ - INFO - 
Epoch 49/100 | lr 0.057417
2026-06-28 07:54:19 - __main__ - INFO - Train: loss 0.2469 acc1 92.87%
2026-06-28 07:54:19 - __main__ - INFO - Val:   loss 2.3570 acc1 50.14%
2026-06-28 07:54:19 - __main__ - INFO - 
Epoch 50/100 | lr 0.055779
2026-06-28 07:54:46 - __main__ - INFO - Train: loss 0.2282 acc1 93.54%
2026-06-28 07:54:46 - __main__ - INFO - Val:   loss 2.3333 acc1 50.39%
2026-06-28 07:54:46 - __main__ - INFO - 
Epoch 51/100 | lr 0.054134
2026-06-28 07:55:12 - __main__ - INFO - Train: loss 0.2248 acc1 93.60%
2026-06-28 07:55:12 - __main__ - INFO - Val:   loss 2.3835 acc1 49.75%
2026-06-28 07:55:12 - __main__ - INFO - 
Epoch 52/100 | lr 0.052484
2026-06-28 07:55:39 - __main__ - INFO - Train: loss 0.2145 acc1 93.91%
2026-06-28 07:55:39 - __main__ - INFO - Val:   loss 2.3377 acc1 50.33%
2026-06-28 07:55:39 - __main__ - INFO - 
Epoch 53/100 | lr 0.050832
2026-06-28 07:56:06 - __main__ - INFO - Train: loss 0.2008 acc1 94.39%
2026-06-28 07:56:06 - __main__ - INFO - Val:   loss 2.3708 acc1 48.60%
2026-06-28 07:56:06 - __main__ - INFO - 
Epoch 54/100 | lr 0.049178
2026-06-28 07:56:32 - __main__ - INFO - Train: loss 0.1950 acc1 94.53%
2026-06-28 07:56:32 - __main__ - INFO - Val:   loss 2.3699 acc1 49.49%
2026-06-28 07:56:32 - __main__ - INFO - 
Epoch 55/100 | lr 0.047526
2026-06-28 07:56:59 - __main__ - INFO - Train: loss 0.1880 acc1 94.74%
2026-06-28 07:56:59 - __main__ - INFO - Val:   loss 2.2541 acc1 50.82%
2026-06-28 07:56:59 - __main__ - INFO - 
Epoch 56/100 | lr 0.045876
2026-06-28 07:57:25 - __main__ - INFO - Train: loss 0.1717 acc1 95.28%
2026-06-28 07:57:25 - __main__ - INFO - Val:   loss 2.2088 acc1 51.58%
2026-06-28 07:57:25 - __main__ - INFO - saved best: 51.58%
2026-06-28 07:57:25 - __main__ - INFO - 
Epoch 57/100 | lr 0.044231
2026-06-28 07:57:52 - __main__ - INFO - Train: loss 0.1658 acc1 95.47%
2026-06-28 07:57:52 - __main__ - INFO - Val:   loss 2.3443 acc1 50.05%
2026-06-28 07:57:52 - __main__ - INFO - 
Epoch 58/100 | lr 0.042593
2026-06-28 07:58:19 - __main__ - INFO - Train: loss 0.1505 acc1 95.93%
2026-06-28 07:58:19 - __main__ - INFO - Val:   loss 2.3969 acc1 49.26%
2026-06-28 07:58:19 - __main__ - INFO - 
Epoch 59/100 | lr 0.040962
2026-06-28 07:58:45 - __main__ - INFO - Train: loss 0.1544 acc1 95.77%
2026-06-28 07:58:45 - __main__ - INFO - Val:   loss 2.2237 acc1 50.99%
2026-06-28 07:58:45 - __main__ - INFO - 
Epoch 60/100 | lr 0.039341
2026-06-28 07:59:11 - __main__ - INFO - Train: loss 0.1291 acc1 96.56%
2026-06-28 07:59:11 - __main__ - INFO - Val:   loss 2.2954 acc1 50.58%
2026-06-28 07:59:11 - __main__ - INFO - 
Epoch 61/100 | lr 0.037732
2026-06-28 07:59:37 - __main__ - INFO - Train: loss 0.1413 acc1 96.21%
2026-06-28 07:59:37 - __main__ - INFO - Val:   loss 2.1878 acc1 51.20%
2026-06-28 07:59:37 - __main__ - INFO - 
Epoch 62/100 | lr 0.036136
2026-06-28 08:00:04 - __main__ - INFO - Train: loss 0.1027 acc1 97.37%
2026-06-28 08:00:04 - __main__ - INFO - Val:   loss 2.2375 acc1 50.58%
2026-06-28 08:00:04 - __main__ - INFO - 
Epoch 63/100 | lr 0.034556
2026-06-28 08:00:30 - __main__ - INFO - Train: loss 0.1315 acc1 96.56%
2026-06-28 08:00:30 - __main__ - INFO - Val:   loss 2.2728 acc1 50.89%
2026-06-28 08:00:30 - __main__ - INFO - 
Epoch 64/100 | lr 0.032992
2026-06-28 08:00:57 - __main__ - INFO - Train: loss 0.0882 acc1 97.85%
2026-06-28 08:00:57 - __main__ - INFO - Val:   loss 2.4150 acc1 48.29%
2026-06-28 08:00:57 - __main__ - INFO - 
Epoch 65/100 | lr 0.031447
2026-06-28 08:01:24 - __main__ - INFO - Train: loss 0.1092 acc1 97.23%
2026-06-28 08:01:24 - __main__ - INFO - Val:   loss 2.4970 acc1 47.21%
2026-06-28 08:01:24 - __main__ - INFO - 
Epoch 66/100 | lr 0.029922
2026-06-28 08:01:51 - __main__ - INFO - Train: loss 0.0829 acc1 97.98%
2026-06-28 08:01:51 - __main__ - INFO - Val:   loss 2.0958 acc1 52.77%
2026-06-28 08:01:51 - __main__ - INFO - saved best: 52.77%
2026-06-28 08:01:51 - __main__ - INFO - 
Epoch 67/100 | lr 0.028419
2026-06-28 08:02:18 - __main__ - INFO - Train: loss 0.0600 acc1 98.70%
2026-06-28 08:02:18 - __main__ - INFO - Val:   loss 2.2274 acc1 51.32%
2026-06-28 08:02:18 - __main__ - INFO - 
Epoch 68/100 | lr 0.026940
2026-06-28 08:02:45 - __main__ - INFO - Train: loss 0.1185 acc1 97.05%
2026-06-28 08:02:45 - __main__ - INFO - Val:   loss 2.2051 acc1 51.37%
2026-06-28 08:02:45 - __main__ - INFO - 
Epoch 69/100 | lr 0.025486
2026-06-28 08:03:12 - __main__ - INFO - Train: loss 0.0493 acc1 98.93%
2026-06-28 08:03:12 - __main__ - INFO - Val:   loss 1.8012 acc1 57.05%
2026-06-28 08:03:12 - __main__ - INFO - saved best: 57.05%
2026-06-28 08:03:12 - __main__ - INFO - 
Epoch 70/100 | lr 0.024059
2026-06-28 08:03:39 - __main__ - INFO - Train: loss 0.0093 acc1 99.95%
2026-06-28 08:03:39 - __main__ - INFO - Val:   loss 1.6555 acc1 60.94%
2026-06-28 08:03:39 - __main__ - INFO - saved best: 60.94%
2026-06-28 08:03:39 - __main__ - INFO - 
Epoch 71/100 | lr 0.022660
2026-06-28 08:04:06 - __main__ - INFO - Train: loss 0.0086 acc1 99.98%
2026-06-28 08:04:06 - __main__ - INFO - Val:   loss 1.6835 acc1 61.51%
2026-06-28 08:04:06 - __main__ - INFO - saved best: 61.51%
2026-06-28 08:04:06 - __main__ - INFO - 
Epoch 72/100 | lr 0.021291
2026-06-28 08:04:33 - __main__ - INFO - Train: loss 0.0093 acc1 99.98%
2026-06-28 08:04:33 - __main__ - INFO - Val:   loss 1.7111 acc1 61.67%
2026-06-28 08:04:33 - __main__ - INFO - saved best: 61.67%
2026-06-28 08:04:33 - __main__ - INFO - 
Epoch 73/100 | lr 0.019954
2026-06-28 08:04:59 - __main__ - INFO - Train: loss 0.3080 acc1 92.03%
2026-06-28 08:04:59 - __main__ - INFO - Val:   loss 2.1203 acc1 50.74%
2026-06-28 08:04:59 - __main__ - INFO - 
Epoch 74/100 | lr 0.018649
2026-06-28 08:05:26 - __main__ - INFO - Train: loss 0.1154 acc1 97.08%
2026-06-28 08:05:26 - __main__ - INFO - Val:   loss 1.8741 acc1 56.07%
2026-06-28 08:05:26 - __main__ - INFO - 
Epoch 75/100 | lr 0.017379
2026-06-28 08:05:53 - __main__ - INFO - Train: loss 0.0115 acc1 99.90%
2026-06-28 08:05:53 - __main__ - INFO - Val:   loss 1.6475 acc1 60.29%
2026-06-28 08:05:53 - __main__ - INFO - 
Epoch 76/100 | lr 0.016144
2026-06-28 08:06:19 - __main__ - INFO - Train: loss 0.0069 acc1 99.98%
2026-06-28 08:06:19 - __main__ - INFO - Val:   loss 1.6449 acc1 61.33%
2026-06-28 08:06:19 - __main__ - INFO - 
Epoch 77/100 | lr 0.014947
2026-06-28 08:06:46 - __main__ - INFO - Train: loss 0.0077 acc1 99.98%
2026-06-28 08:06:46 - __main__ - INFO - Val:   loss 1.6909 acc1 60.78%
2026-06-28 08:06:46 - __main__ - INFO - 
Epoch 78/100 | lr 0.013787
2026-06-28 08:07:12 - __main__ - INFO - Train: loss 0.0082 acc1 99.99%
2026-06-28 08:07:12 - __main__ - INFO - Val:   loss 1.6980 acc1 61.68%
2026-06-28 08:07:12 - __main__ - INFO - saved best: 61.68%
2026-06-28 08:07:12 - __main__ - INFO - 
Epoch 79/100 | lr 0.012668
2026-06-28 08:07:38 - __main__ - INFO - Train: loss 0.0084 acc1 99.99%
2026-06-28 08:07:38 - __main__ - INFO - Val:   loss 1.7347 acc1 61.16%
2026-06-28 08:07:38 - __main__ - INFO - 
Epoch 80/100 | lr 0.011589
2026-06-28 08:08:05 - __main__ - INFO - Train: loss 0.0084 acc1 99.99%
2026-06-28 08:08:05 - __main__ - INFO - Val:   loss 1.7569 acc1 61.34%
2026-06-28 08:08:05 - __main__ - INFO - 
Epoch 81/100 | lr 0.010552
2026-06-28 08:08:32 - __main__ - INFO - Train: loss 0.0085 acc1 99.99%
2026-06-28 08:08:32 - __main__ - INFO - Val:   loss 1.7643 acc1 61.29%
2026-06-28 08:08:32 - __main__ - INFO - 
Epoch 82/100 | lr 0.009558
2026-06-28 08:08:58 - __main__ - INFO - Train: loss 0.0082 acc1 99.99%
2026-06-28 08:08:58 - __main__ - INFO - Val:   loss 1.7811 acc1 61.59%
2026-06-28 08:08:58 - __main__ - INFO - 
Epoch 83/100 | lr 0.008609
2026-06-28 08:09:24 - __main__ - INFO - Train: loss 0.0081 acc1 99.99%
2026-06-28 08:09:24 - __main__ - INFO - Val:   loss 1.8040 acc1 61.00%
2026-06-28 08:09:24 - __main__ - INFO - 
Epoch 84/100 | lr 0.007704
2026-06-28 08:09:51 - __main__ - INFO - Train: loss 0.0078 acc1 99.99%
2026-06-28 08:09:51 - __main__ - INFO - Val:   loss 1.7943 acc1 61.82%
2026-06-28 08:09:51 - __main__ - INFO - saved best: 61.82%
2026-06-28 08:09:51 - __main__ - INFO - 
Epoch 85/100 | lr 0.006846
2026-06-28 08:10:18 - __main__ - INFO - Train: loss 0.0076 acc1 99.99%
2026-06-28 08:10:18 - __main__ - INFO - Val:   loss 1.8098 acc1 61.35%
2026-06-28 08:10:18 - __main__ - INFO - 
Epoch 86/100 | lr 0.006036
2026-06-28 08:10:44 - __main__ - INFO - Train: loss 0.0074 acc1 99.99%
2026-06-28 08:10:44 - __main__ - INFO - Val:   loss 1.8160 acc1 61.37%
2026-06-28 08:10:44 - __main__ - INFO - 
Epoch 87/100 | lr 0.005273
2026-06-28 08:11:10 - __main__ - INFO - Train: loss 0.0071 acc1 99.99%
2026-06-28 08:11:10 - __main__ - INFO - Val:   loss 1.8417 acc1 61.33%
2026-06-28 08:11:10 - __main__ - INFO - 
Epoch 88/100 | lr 0.004559
2026-06-28 08:11:37 - __main__ - INFO - Train: loss 0.0069 acc1 99.99%
2026-06-28 08:11:37 - __main__ - INFO - Val:   loss 1.8509 acc1 61.16%
2026-06-28 08:11:37 - __main__ - INFO - 
Epoch 89/100 | lr 0.003895
2026-06-28 08:12:04 - __main__ - INFO - Train: loss 0.0069 acc1 99.99%
2026-06-28 08:12:04 - __main__ - INFO - Val:   loss 1.8623 acc1 61.55%
2026-06-28 08:12:04 - __main__ - INFO - 
Epoch 90/100 | lr 0.003281
2026-06-28 08:12:30 - __main__ - INFO - Train: loss 0.0067 acc1 99.99%
2026-06-28 08:12:30 - __main__ - INFO - Val:   loss 1.8650 acc1 61.76%
2026-06-28 08:12:30 - __main__ - INFO - 
Epoch 91/100 | lr 0.002719
2026-06-28 08:12:56 - __main__ - INFO - Train: loss 0.0067 acc1 99.99%
2026-06-28 08:12:56 - __main__ - INFO - Val:   loss 1.8825 acc1 61.45%
2026-06-28 08:12:56 - __main__ - INFO - 
Epoch 92/100 | lr 0.002208
2026-06-28 08:13:22 - __main__ - INFO - Train: loss 0.0065 acc1 100.00%
2026-06-28 08:13:22 - __main__ - INFO - Val:   loss 1.8833 acc1 61.43%
2026-06-28 08:13:22 - __main__ - INFO - 
Epoch 93/100 | lr 0.001749
2026-06-28 08:13:49 - __main__ - INFO - Train: loss 0.0064 acc1 99.99%
2026-06-28 08:13:49 - __main__ - INFO - Val:   loss 1.9002 acc1 61.34%
2026-06-28 08:13:49 - __main__ - INFO - 
Epoch 94/100 | lr 0.001344
2026-06-28 08:14:15 - __main__ - INFO - Train: loss 0.0064 acc1 100.00%
2026-06-28 08:14:15 - __main__ - INFO - Val:   loss 1.9000 acc1 61.45%
2026-06-28 08:14:15 - __main__ - INFO - 
Epoch 95/100 | lr 0.000991
2026-06-28 08:14:42 - __main__ - INFO - Train: loss 0.0064 acc1 100.00%
2026-06-28 08:14:42 - __main__ - INFO - Val:   loss 1.9133 acc1 61.49%
2026-06-28 08:14:42 - __main__ - INFO - 
Epoch 96/100 | lr 0.000692
2026-06-28 08:15:08 - __main__ - INFO - Train: loss 0.0063 acc1 100.00%
2026-06-28 08:15:08 - __main__ - INFO - Val:   loss 1.9069 acc1 61.36%
2026-06-28 08:15:08 - __main__ - INFO - 
Epoch 97/100 | lr 0.000447
2026-06-28 08:15:35 - __main__ - INFO - Train: loss 0.0063 acc1 100.00%
2026-06-28 08:15:35 - __main__ - INFO - Val:   loss 1.9087 acc1 61.69%
2026-06-28 08:15:35 - __main__ - INFO - 
Epoch 98/100 | lr 0.000256
2026-06-28 08:16:02 - __main__ - INFO - Train: loss 0.0063 acc1 100.00%
2026-06-28 08:16:02 - __main__ - INFO - Val:   loss 1.9119 acc1 61.51%
2026-06-28 08:16:02 - __main__ - INFO - 
Epoch 99/100 | lr 0.000119
2026-06-28 08:16:28 - __main__ - INFO - Train: loss 0.0063 acc1 100.00%
2026-06-28 08:16:28 - __main__ - INFO - Val:   loss 1.9130 acc1 61.41%
2026-06-28 08:16:28 - __main__ - INFO - 
Epoch 100/100 | lr 0.000037
2026-06-28 08:16:55 - __main__ - INFO - Train: loss 0.0063 acc1 100.00%
2026-06-28 08:16:55 - __main__ - INFO - Val:   loss 1.9120 acc1 61.61%
2026-06-28 08:16:55 - __main__ - INFO - Loaded best checkpoint weights for final test evaluation.
2026-06-28 08:16:56 - __main__ - INFO - 
Best tracked (val): 61.82%
2026-06-28 08:16:56 - __main__ - INFO - Final test: loss 1.7696 acc1 62.09%
2026-06-28 08:16:56 - __main__ - INFO - Saved best model checkpoint to runs/cifar100/resnet18/42/resnet18_seed42_random_M4_area0.1/best_model.pt
