2026-02-25 19:53:44 - __main__ - INFO - Resolved training args for optuna_mask_trial0000_resnet18_cifar100_ep30_bs128_lr0.1_wd5e-04_ls0.05_wu5_maskcam_high_mwu15_mp0.5_ma0.3_mb8_cllayer2: {"amp": true, "batch_size": 128, "cam_layer": "layer2", "data_dir": "./data", "dataset": "cifar100", "epochs": 30, "gamma": 0.1, "label_smoothing": 0.05, "log_every": 100, "lr": 0.1, "mask_area": 0.3, "mask_block": 8, "mask_prob": 0.5, "mask_warmup_epochs": 15, "masking": "cam_high", "milestones": "60,80", "min_lr": 1e-05, "model": "resnet18", "momentum": 0.9, "nesterov": true, "num_workers": 2, "out_dir": "runs_optuna/resnet18/cifar100", "run_name": "optuna_mask_trial0000_resnet18_cifar100_ep30_bs128_lr0.1_wd5e-04_ls0.05_wu5_maskcam_high_mwu15_mp0.5_ma0.3_mb8_cllayer2", "scheduler": "cosine", "seed": 42, "val_split": 0.1, "warmup_epochs": 5, "weight_decay": 0.0005}
2026-02-25 19:53:44 - __main__ - INFO - device: cuda | cuda: True | gpu: NVIDIA L4
2026-02-25 19:53:47 - __main__ - INFO - Masking enabled: {'strategy': 'cam_high', 'warmup_epochs': 15, 'prob': 0.5, 'area': 0.3, 'block': 8}
2026-02-25 19:53:47 - __main__ - INFO - Model: resnet18 | Dataset: cifar100 | Classes: 100
2026-02-25 19:53:47 - __main__ - INFO - 
Epoch 1/30 | lr 0.000100
2026-02-25 19:53:56 - __main__ - INFO - Train: loss 4.6388 acc1 1.38% acc5 6.27%
2026-02-25 19:53:56 - __main__ - INFO - Val:   loss 4.5783 acc1 1.79% acc5 8.31%
2026-02-25 19:53:56 - __main__ - INFO - saved best: 1.79%
2026-02-25 19:53:56 - __main__ - INFO - 
Epoch 2/30 | lr 0.020080
2026-02-25 19:54:06 - __main__ - INFO - Train: loss 3.7992 acc1 13.30% acc5 36.13%
2026-02-25 19:54:06 - __main__ - INFO - Val:   loss 3.5632 acc1 19.22% acc5 45.72%
2026-02-25 19:54:06 - __main__ - INFO - saved best: 19.22%
2026-02-25 19:54:06 - __main__ - INFO - 
Epoch 3/30 | lr 0.040060
2026-02-25 19:54:17 - __main__ - INFO - Train: loss 3.2138 acc1 24.51% acc5 54.36%
2026-02-25 19:54:17 - __main__ - INFO - Val:   loss 3.0753 acc1 28.53% acc5 59.77%
2026-02-25 19:54:17 - __main__ - INFO - saved best: 28.53%
2026-02-25 19:54:17 - __main__ - INFO - 
Epoch 4/30 | lr 0.060040
2026-02-25 19:54:27 - __main__ - INFO - Train: loss 2.7728 acc1 33.82% acc5 66.56%
2026-02-25 19:54:27 - __main__ - INFO - Val:   loss 2.7838 acc1 36.45% acc5 68.18%
2026-02-25 19:54:27 - __main__ - INFO - saved best: 36.45%
2026-02-25 19:54:27 - __main__ - INFO - 
Epoch 5/30 | lr 0.080020
2026-02-25 19:54:37 - __main__ - INFO - Train: loss 2.4482 acc1 41.65% acc5 74.17%
2026-02-25 19:54:37 - __main__ - INFO - Val:   loss 2.7301 acc1 36.46% acc5 69.32%
2026-02-25 19:54:37 - __main__ - INFO - saved best: 36.46%
2026-02-25 19:54:37 - __main__ - INFO - 
Epoch 6/30 | lr 0.100000
2026-02-25 19:54:47 - __main__ - INFO - Train: loss 2.2347 acc1 47.03% acc5 78.97%
2026-02-25 19:54:47 - __main__ - INFO - Val:   loss 2.3437 acc1 44.17% acc5 76.30%
2026-02-25 19:54:47 - __main__ - INFO - saved best: 44.17%
2026-02-25 19:54:47 - __main__ - INFO - 
Epoch 7/30 | lr 0.099606
2026-02-25 19:54:57 - __main__ - INFO - Train: loss 2.0397 acc1 52.30% acc5 82.83%
2026-02-25 19:54:57 - __main__ - INFO - Val:   loss 2.7324 acc1 38.15% acc5 68.62%
2026-02-25 19:54:57 - __main__ - INFO - 
Epoch 8/30 | lr 0.098429
2026-02-25 19:55:07 - __main__ - INFO - Train: loss 1.9082 acc1 56.04% acc5 85.28%
2026-02-25 19:55:07 - __main__ - INFO - Val:   loss 2.1715 acc1 49.09% acc5 79.73%
2026-02-25 19:55:07 - __main__ - INFO - saved best: 49.09%
2026-02-25 19:55:07 - __main__ - INFO - 
Epoch 9/30 | lr 0.096489
2026-02-25 19:55:17 - __main__ - INFO - Train: loss 1.8138 acc1 58.39% acc5 87.07%
2026-02-25 19:55:17 - __main__ - INFO - Val:   loss 2.0525 acc1 52.55% acc5 82.66%
2026-02-25 19:55:17 - __main__ - INFO - saved best: 52.55%
2026-02-25 19:55:17 - __main__ - INFO - 
Epoch 10/30 | lr 0.093816
2026-02-25 19:55:27 - __main__ - INFO - Train: loss 1.7360 acc1 60.62% acc5 88.10%
2026-02-25 19:55:27 - __main__ - INFO - Val:   loss 2.0696 acc1 52.53% acc5 81.68%
2026-02-25 19:55:27 - __main__ - INFO - 
Epoch 11/30 | lr 0.090452
2026-02-25 19:55:37 - __main__ - INFO - Train: loss 1.6822 acc1 62.13% acc5 89.22%
2026-02-25 19:55:37 - __main__ - INFO - Val:   loss 1.9478 acc1 55.26% acc5 84.57%
2026-02-25 19:55:37 - __main__ - INFO - saved best: 55.26%
2026-02-25 19:55:37 - __main__ - INFO - 
Epoch 12/30 | lr 0.086450
2026-02-25 19:55:47 - __main__ - INFO - Train: loss 1.6149 acc1 64.04% acc5 90.25%
2026-02-25 19:55:47 - __main__ - INFO - Val:   loss 1.9910 acc1 54.91% acc5 83.20%
2026-02-25 19:55:47 - __main__ - INFO - 
Epoch 13/30 | lr 0.081873
2026-02-25 19:55:57 - __main__ - INFO - Train: loss 1.5498 acc1 66.01% acc5 91.24%
2026-02-25 19:55:57 - __main__ - INFO - Val:   loss 2.0548 acc1 53.72% acc5 82.68%
2026-02-25 19:55:57 - __main__ - INFO - 
Epoch 14/30 | lr 0.076794
2026-02-25 19:56:08 - __main__ - INFO - Train: loss 1.5002 acc1 67.70% acc5 91.73%
2026-02-25 19:56:08 - __main__ - INFO - Val:   loss 1.9435 acc1 56.29% acc5 85.35%
2026-02-25 19:56:08 - __main__ - INFO - saved best: 56.29%
2026-02-25 19:56:08 - __main__ - INFO - 
Epoch 15/30 | lr 0.071292
2026-02-25 19:56:18 - __main__ - INFO - Train: loss 1.4405 acc1 69.34% acc5 92.86%
2026-02-25 19:56:18 - __main__ - INFO - Val:   loss 1.9450 acc1 56.26% acc5 84.68%
2026-02-25 19:56:18 - __main__ - INFO - 
Epoch 16/30 | lr 0.065454
2026-02-25 19:56:47 - __main__ - INFO - Train: loss 1.7720 acc1 59.70% acc5 87.23%
2026-02-25 19:56:47 - __main__ - INFO - Val:   loss 1.9449 acc1 55.93% acc5 84.50%
2026-02-25 19:56:47 - __main__ - INFO - 
Epoch 17/30 | lr 0.059373
2026-02-25 19:57:16 - __main__ - INFO - Train: loss 1.6644 acc1 62.90% acc5 89.21%
2026-02-25 19:57:16 - __main__ - INFO - Val:   loss 1.8895 acc1 57.78% acc5 85.59%
2026-02-25 19:57:16 - __main__ - INFO - saved best: 57.78%
2026-02-25 19:57:16 - __main__ - INFO - 
Epoch 18/30 | lr 0.053144
2026-02-25 19:57:46 - __main__ - INFO - Train: loss 1.5748 acc1 65.18% acc5 90.47%
2026-02-25 19:57:46 - __main__ - INFO - Val:   loss 1.7943 acc1 60.46% acc5 86.99%
2026-02-25 19:57:46 - __main__ - INFO - saved best: 60.46%
2026-02-25 19:57:46 - __main__ - INFO - 
Epoch 19/30 | lr 0.046866
2026-02-25 19:58:16 - __main__ - INFO - Train: loss 1.5009 acc1 67.39% acc5 91.59%
2026-02-25 19:58:16 - __main__ - INFO - Val:   loss 1.7982 acc1 60.30% acc5 87.64%
2026-02-25 19:58:16 - __main__ - INFO - 
Epoch 20/30 | lr 0.040637
2026-02-25 19:58:43 - __main__ - INFO - Train: loss 1.4052 acc1 70.12% acc5 92.99%
2026-02-25 19:58:43 - __main__ - INFO - Val:   loss 1.6271 acc1 64.38% acc5 89.58%
2026-02-25 19:58:43 - __main__ - INFO - saved best: 64.38%
2026-02-25 19:58:43 - __main__ - INFO - 
Epoch 21/30 | lr 0.034556
2026-02-25 19:59:13 - __main__ - INFO - Train: loss 1.3450 acc1 72.48% acc5 93.69%
2026-02-25 19:59:13 - __main__ - INFO - Val:   loss 1.5733 acc1 66.34% acc5 90.30%
2026-02-25 19:59:13 - __main__ - INFO - saved best: 66.34%
2026-02-25 19:59:13 - __main__ - INFO - 
Epoch 22/30 | lr 0.028718
2026-02-25 19:59:41 - __main__ - INFO - Train: loss 1.2490 acc1 75.15% acc5 94.97%
2026-02-25 19:59:41 - __main__ - INFO - Val:   loss 1.5009 acc1 69.45% acc5 91.11%
2026-02-25 19:59:41 - __main__ - INFO - saved best: 69.45%
2026-02-25 19:59:41 - __main__ - INFO - 
Epoch 23/30 | lr 0.023216
2026-02-25 20:00:11 - __main__ - INFO - Train: loss 1.1862 acc1 77.25% acc5 95.72%
2026-02-25 20:00:11 - __main__ - INFO - Val:   loss 1.4978 acc1 69.01% acc5 91.16%
2026-02-25 20:00:11 - __main__ - INFO - 
Epoch 24/30 | lr 0.018137
2026-02-25 20:00:40 - __main__ - INFO - Train: loss 1.0953 acc1 80.14% acc5 96.78%
2026-02-25 20:00:40 - __main__ - INFO - Val:   loss 1.4452 acc1 70.50% acc5 92.20%
2026-02-25 20:00:40 - __main__ - INFO - saved best: 70.50%
2026-02-25 20:00:40 - __main__ - INFO - 
Epoch 25/30 | lr 0.013560
2026-02-25 20:01:09 - __main__ - INFO - Train: loss 1.0073 acc1 83.08% acc5 97.59%
2026-02-25 20:01:09 - __main__ - INFO - Val:   loss 1.3928 acc1 71.96% acc5 92.39%
2026-02-25 20:01:09 - __main__ - INFO - saved best: 71.96%
2026-02-25 20:01:09 - __main__ - INFO - 
Epoch 26/30 | lr 0.009558
2026-02-25 20:01:38 - __main__ - INFO - Train: loss 0.9316 acc1 85.77% acc5 98.17%
2026-02-25 20:01:38 - __main__ - INFO - Val:   loss 1.3489 acc1 73.24% acc5 92.91%
2026-02-25 20:01:38 - __main__ - INFO - saved best: 73.24%
2026-02-25 20:01:38 - __main__ - INFO - 
Epoch 27/30 | lr 0.006194
2026-02-25 20:02:09 - __main__ - INFO - Train: loss 0.8837 acc1 87.69% acc5 98.56%
2026-02-25 20:02:09 - __main__ - INFO - Val:   loss 1.3338 acc1 73.47% acc5 92.90%
2026-02-25 20:02:09 - __main__ - INFO - saved best: 73.47%
2026-02-25 20:02:09 - __main__ - INFO - 
Epoch 28/30 | lr 0.003521
2026-02-25 20:02:39 - __main__ - INFO - Train: loss 0.8297 acc1 89.43% acc5 98.89%
2026-02-25 20:02:39 - __main__ - INFO - Val:   loss 1.2991 acc1 75.10% acc5 93.48%
2026-02-25 20:02:39 - __main__ - INFO - saved best: 75.10%
2026-02-25 20:02:39 - __main__ - INFO - 
Epoch 29/30 | lr 0.001581
2026-02-25 20:03:09 - __main__ - INFO - Train: loss 0.8018 acc1 90.50% acc5 99.07%
2026-02-25 20:03:09 - __main__ - INFO - Val:   loss 1.2936 acc1 75.39% acc5 93.30%
2026-02-25 20:03:09 - __main__ - INFO - saved best: 75.39%
2026-02-25 20:03:09 - __main__ - INFO - 
Epoch 30/30 | lr 0.000404
2026-02-25 20:03:36 - __main__ - INFO - Train: loss 0.7569 acc1 92.17% acc5 99.33%
2026-02-25 20:03:36 - __main__ - INFO - Val:   loss 1.2803 acc1 75.80% acc5 93.56%
2026-02-25 20:03:36 - __main__ - INFO - saved best: 75.80%
2026-02-25 20:03:38 - __main__ - INFO - 
Best tracked (val): 75.80%
2026-02-25 20:03:38 - __main__ - INFO - Final test: loss 1.2893 acc1 74.83% acc5 93.47%
2026-02-25 20:03:39 - graphics - INFO - Metrics plot saved to runs_optuna/resnet18/cifar100/optuna_mask_trial0000_resnet18_cifar100_ep30_bs128_lr0.1_wd5e-04_ls0.05_wu5_maskcam_high_mwu15_mp0.5_ma0.3_mb8_cllayer2/metrics_plot.png
2026-02-25 20:03:39 - __main__ - INFO - [Trial 0] Stage result | best_val_acc=0.758019 | best_so_far=0.758019
2026-02-25 20:03:39 - __main__ - INFO - [Trial 0] Stage 3/5 | epochs=60 | run=optuna_mask_trial0000_resnet18_cifar100_ep60_bs128_lr0.1_wd5e-04_ls0.05_wu5_maskcam_high_mwu15_mp0.5_ma0.3_mb8_cllayer2
