2026-06-29 17:02:23 - __main__ - INFO - Run parameters: {"_cam_checkpoint_fingerprint": {"mtime_ns": 1782752530702764926, "path": "/content/CAMRegularization/runs/drive_zip/resnet18/42/resnet18_seed42_none/best_model.pt", "sha256": "85d2c3d70beccd49a4aa88110be7aa921f87399f95258d6469a8c867bcd8e72f", "size": 44821963}, "adamw_betas": [0.9, 0.999], "adamw_eps": 1e-08, "amp": true, "batch_size": 128, "cam_cache_dir": "/content/cam_cache/drive_zip/resnet18/seed42", "cam_layer": "auto", "cam_precompute_only": true, "cam_precompute_windows": false, "cutout_area": 0.1, "cutout_m": 1, "cutout_mode": "cam_low", "cutout_size": 0, "data_dir": "./data", "dataset": "drive_zip", "debug_cam_timing": false, "deterministic_train_transforms": true, "epochs": 100, "gamma": 0.1, "grayscale": true, "include_regex": "_grayscale\\.tiff$", "label_smoothing": 0.0, "log_every": 100, "lr": 0.1, "milestones": "60,80", "min_lr": 1e-05, "model": "resnet18", "momentum": 0.9, "nesterov": false, "num_workers": 0, "optimizer": "sgd", "out_dir": "runs/drive_zip/resnet18/42", "run_name": "resnet18_seed42_cam_cache_precompute", "saliency_candidate_percent": 10.0, "scheduler": "cosine", "seed": 42, "teacher_checkpoint": "runs/drive_zip/resnet18/42/resnet18_seed42_none/best_model.pt", "teacher_checkpoint_sha256": "85d2c3d70beccd49a4aa88110be7aa921f87399f95258d6469a8c867bcd8e72f", "teacher_model": "resnet18", "val_split": 0.1, "warmup_epochs": 5, "weight_decay": 0.0005}
2026-06-29 17:02:23 - __main__ - INFO - CAM cache precompute device: cuda | cuda: True | gpu: NVIDIA A100-SXM4-80GB
2026-06-29 17:04:12 - __main__ - INFO - CAM saliency cache directory: /content/cam_cache/drive_zip/resnet18/seed42
2026-06-29 17:04:12 - __main__ - INFO - CAM saliency cache enabled: /content/cam_cache/drive_zip/resnet18/seed42
2026-06-29 17:04:12 - __main__ - INFO - CAM window cache enabled: /content/cam_cache/drive_zip/resnet18/seed42/windows
2026-06-29 17:04:12 - __main__ - INFO - Precomputing CAM saliency cache for 13600 training samples into /content/cam_cache/drive_zip/resnet18/seed42.
2026-06-29 17:04:12 - __main__ - INFO - CAM cache miss: /content/cam_cache/drive_zip/resnet18/seed42/53/3c/533c8bec83d19666403f6046baa1f65baf6ae9bc77554032842060af86700181.pt
2026-06-29 17:04:13 - __main__ - INFO - CAM cache saved: /content/cam_cache/drive_zip/resnet18/seed42/53/3c/533c8bec83d19666403f6046baa1f65baf6ae9bc77554032842060af86700181.pt
2026-06-29 17:04:13 - __main__ - INFO - CAM cache miss: /content/cam_cache/drive_zip/resnet18/seed42/58/f6/58f6bf1f5308b40d9b7c9b43da2629c19ae578b9fdde4c6330ecb0c3ee6b5222.pt
2026-06-29 17:04:13 - __main__ - INFO - CAM cache saved: /content/cam_cache/drive_zip/resnet18/seed42/58/f6/58f6bf1f5308b40d9b7c9b43da2629c19ae578b9fdde4c6330ecb0c3ee6b5222.pt
2026-06-29 17:04:13 - __main__ - INFO - CAM cache miss: /content/cam_cache/drive_zip/resnet18/seed42/3c/67/3c6731653bbed53484796f2060a734a69f36317915987e37ce0490978997b673.pt
2026-06-29 17:04:13 - __main__ - INFO - CAM cache saved: /content/cam_cache/drive_zip/resnet18/seed42/3c/67/3c6731653bbed53484796f2060a734a69f36317915987e37ce0490978997b673.pt
2026-06-29 17:04:13 - __main__ - INFO - CAM cache miss: /content/cam_cache/drive_zip/resnet18/seed42/9a/f4/9af4e8290ea9dfe1055706cd78c28ea997ecc03e29004896101b70367e8575e5.pt
2026-06-29 17:04:13 - __main__ - INFO - CAM cache saved: /content/cam_cache/drive_zip/resnet18/seed42/9a/f4/9af4e8290ea9dfe1055706cd78c28ea997ecc03e29004896101b70367e8575e5.pt
2026-06-29 17:04:13 - __main__ - INFO - CAM cache miss: /content/cam_cache/drive_zip/resnet18/seed42/fe/b4/feb4cda66c8ec5a771d1f2cc9b5ee092a02cdc6f80a59db1f0698f946de0a15a.pt
2026-06-29 17:04:13 - __main__ - INFO - CAM cache saved: /content/cam_cache/drive_zip/resnet18/seed42/fe/b4/feb4cda66c8ec5a771d1f2cc9b5ee092a02cdc6f80a59db1f0698f946de0a15a.pt
2026-06-29 17:04:18 - __main__ - INFO - CAM cache precompute progress: 500/13600 samples
2026-06-29 17:04:23 - __main__ - INFO - CAM cache precompute progress: 1000/13600 samples
2026-06-29 17:04:28 - __main__ - INFO - CAM cache precompute progress: 1500/13600 samples
2026-06-29 17:04:32 - __main__ - INFO - CAM cache precompute progress: 2000/13600 samples
2026-06-29 17:04:37 - __main__ - INFO - CAM cache precompute progress: 2500/13600 samples
2026-06-29 17:04:42 - __main__ - INFO - CAM cache precompute progress: 3000/13600 samples
2026-06-29 17:04:47 - __main__ - INFO - CAM cache precompute progress: 3500/13600 samples
2026-06-29 17:04:51 - __main__ - INFO - CAM cache precompute progress: 4000/13600 samples
2026-06-29 17:04:56 - __main__ - INFO - CAM cache precompute progress: 4500/13600 samples
2026-06-29 17:05:01 - __main__ - INFO - CAM cache precompute progress: 5000/13600 samples
2026-06-29 17:05:06 - __main__ - INFO - CAM cache precompute progress: 5500/13600 samples
2026-06-29 17:05:11 - __main__ - INFO - CAM cache precompute progress: 6000/13600 samples
2026-06-29 17:05:15 - __main__ - INFO - CAM cache precompute progress: 6500/13600 samples
2026-06-29 17:05:20 - __main__ - INFO - CAM cache precompute progress: 7000/13600 samples
2026-06-29 17:05:25 - __main__ - INFO - CAM cache precompute progress: 7500/13600 samples
2026-06-29 17:05:30 - __main__ - INFO - CAM cache precompute progress: 8000/13600 samples
2026-06-29 17:05:34 - __main__ - INFO - CAM cache precompute progress: 8500/13600 samples
2026-06-29 17:05:39 - __main__ - INFO - CAM cache precompute progress: 9000/13600 samples
2026-06-29 17:05:44 - __main__ - INFO - CAM cache precompute progress: 9500/13600 samples
2026-06-29 17:05:49 - __main__ - INFO - CAM cache precompute progress: 10000/13600 samples
2026-06-29 17:05:54 - __main__ - INFO - CAM cache precompute progress: 10500/13600 samples
2026-06-29 17:05:58 - __main__ - INFO - CAM cache precompute progress: 11000/13600 samples
2026-06-29 17:06:03 - __main__ - INFO - CAM cache precompute progress: 11500/13600 samples
2026-06-29 17:06:08 - __main__ - INFO - CAM cache precompute progress: 12000/13600 samples
2026-06-29 17:06:13 - __main__ - INFO - CAM cache precompute progress: 12500/13600 samples
2026-06-29 17:06:17 - __main__ - INFO - CAM cache precompute progress: 13000/13600 samples
2026-06-29 17:06:22 - __main__ - INFO - CAM cache precompute progress: 13500/13600 samples
2026-06-29 17:06:23 - __main__ - INFO - CAM cache precompute progress: 13600/13600 samples
2026-06-29 17:06:23 - __main__ - INFO - CAM cache precomputation complete: 13600 samples cached in /content/cam_cache/drive_zip/resnet18/seed42
