2026-06-17 18:57:23 - __main__ - INFO - Run parameters: {"adamw_betas": [0.9, 0.999], "adamw_eps": 1e-08, "amp": true, "batch_size": 64, "cam_layer": "auto", "cutout_area": 0.1, "cutout_m": 8, "cutout_mode": "random", "cutout_size": 0, "data_dir": "./data", "dataset": "drive_zip", "epochs": 100, "gamma": 0.1, "grayscale": true, "include_regex": "_grayscale\\.tiff$", "label_smoothing": 0.0, "log_every": 100, "lr": 0.1, "milestones": "60,80", "min_lr": 1e-05, "model": "resnet18", "momentum": 0.9, "nesterov": false, "num_workers": 4, "optimizer": "sgd", "out_dir": "runs/drive_zip/42", "run_name": "resnet18_seed42_random_M8_area0.1", "saliency_candidate_percent": 10.0, "scheduler": "cosine", "seed": 42, "teacher_checkpoint": "", "teacher_model": "", "val_split": 0.1, "warmup_epochs": 5, "weight_decay": 0.0005}
2026-06-17 18:57:24 - __main__ - INFO - device: cuda | cuda: True | gpu: NVIDIA L4
2026-06-17 18:57:27 - __main__ - INFO - Model: resnet18 | Dataset: drive_zip | Classes: 17 | Optimizer: sgd
2026-06-17 18:57:27 - __main__ - INFO - Cutout enabled: mode=random m=8 size=None area=0.1
2026-06-17 18:57:27 - __main__ - INFO - 
Epoch 1/100 | lr 0.000100
2026-06-17 18:59:45 - __main__ - INFO - Train: loss 2.4897 acc1 19.07%
2026-06-17 18:59:45 - __main__ - INFO - Val:   loss 2.6134 acc1 20.17%
2026-06-17 18:59:45 - __main__ - INFO - saved best: 20.17%
2026-06-17 18:59:45 - __main__ - INFO - 
Epoch 2/100 | lr 0.020080
2026-06-17 19:01:55 - __main__ - INFO - Train: loss 1.8399 acc1 36.87%
2026-06-17 19:01:55 - __main__ - INFO - Val:   loss 1.8848 acc1 38.57%
2026-06-17 19:01:55 - __main__ - INFO - saved best: 38.57%
2026-06-17 19:01:55 - __main__ - INFO - 
Epoch 3/100 | lr 0.040060
2026-06-17 19:04:08 - __main__ - INFO - Train: loss 1.6499 acc1 42.80%
2026-06-17 19:04:08 - __main__ - INFO - Val:   loss 1.8114 acc1 39.00%
2026-06-17 19:04:08 - __main__ - INFO - saved best: 39.00%
2026-06-17 19:04:08 - __main__ - INFO - 
Epoch 4/100 | lr 0.060040
2026-06-17 19:06:22 - __main__ - INFO - Train: loss 1.5810 acc1 45.25%
2026-06-17 19:06:22 - __main__ - INFO - Val:   loss 2.0087 acc1 37.40%
2026-06-17 19:06:22 - __main__ - INFO - 
Epoch 5/100 | lr 0.080020
2026-06-17 19:08:33 - __main__ - INFO - Train: loss 1.5559 acc1 46.38%
2026-06-17 19:08:33 - __main__ - INFO - Val:   loss 1.9036 acc1 38.51%
2026-06-17 19:08:33 - __main__ - INFO - 
Epoch 6/100 | lr 0.100000
2026-06-17 19:10:45 - __main__ - INFO - Train: loss 1.5582 acc1 46.09%
2026-06-17 19:10:45 - __main__ - INFO - Val:   loss 2.3888 acc1 29.45%
2026-06-17 19:10:45 - __main__ - INFO - 
Epoch 7/100 | lr 0.099973
2026-06-17 19:12:57 - __main__ - INFO - Train: loss 1.5276 acc1 47.44%
2026-06-17 19:12:57 - __main__ - INFO - Val:   loss 1.7962 acc1 43.73%
2026-06-17 19:12:57 - __main__ - INFO - saved best: 43.73%
2026-06-17 19:12:57 - __main__ - INFO - 
Epoch 8/100 | lr 0.099891
2026-06-17 19:15:10 - __main__ - INFO - Train: loss 1.5014 acc1 48.20%
2026-06-17 19:15:10 - __main__ - INFO - Val:   loss 1.9161 acc1 39.95%
2026-06-17 19:15:10 - __main__ - INFO - 
Epoch 9/100 | lr 0.099754
2026-06-17 19:17:21 - __main__ - INFO - Train: loss 1.4822 acc1 49.07%
2026-06-17 19:17:21 - __main__ - INFO - Val:   loss 1.7740 acc1 44.76%
2026-06-17 19:17:21 - __main__ - INFO - saved best: 44.76%
2026-06-17 19:17:21 - __main__ - INFO - 
Epoch 10/100 | lr 0.099563
2026-06-17 19:19:39 - __main__ - INFO - Train: loss 1.4700 acc1 49.35%
2026-06-17 19:19:39 - __main__ - INFO - Val:   loss 1.7438 acc1 43.73%
2026-06-17 19:19:39 - __main__ - INFO - 
Epoch 11/100 | lr 0.099318
2026-06-17 19:21:50 - __main__ - INFO - Train: loss 1.4542 acc1 50.08%
2026-06-17 19:21:50 - __main__ - INFO - Val:   loss 2.1635 acc1 39.39%
2026-06-17 19:21:50 - __main__ - INFO - 
Epoch 12/100 | lr 0.099019
2026-06-17 19:24:07 - __main__ - INFO - Train: loss 1.4455 acc1 50.33%
2026-06-17 19:24:07 - __main__ - INFO - Val:   loss 1.9551 acc1 41.29%
2026-06-17 19:24:07 - __main__ - INFO - 
Epoch 13/100 | lr 0.098666
2026-06-17 19:26:18 - __main__ - INFO - Train: loss 1.4292 acc1 50.98%
2026-06-17 19:26:18 - __main__ - INFO - Val:   loss 3.2963 acc1 20.61%
2026-06-17 19:26:18 - __main__ - INFO - 
Epoch 14/100 | lr 0.098261
2026-06-17 19:28:29 - __main__ - INFO - Train: loss 1.4193 acc1 51.47%
2026-06-17 19:28:29 - __main__ - INFO - Val:   loss 5.3917 acc1 37.02%
2026-06-17 19:28:29 - __main__ - INFO - 
Epoch 15/100 | lr 0.097802
2026-06-17 19:30:40 - __main__ - INFO - Train: loss 1.4066 acc1 51.78%
2026-06-17 19:30:40 - __main__ - INFO - Val:   loss 1.8432 acc1 42.67%
2026-06-17 19:30:40 - __main__ - INFO - 
Epoch 16/100 | lr 0.097291
2026-06-17 19:32:59 - __main__ - INFO - Train: loss 1.4006 acc1 52.10%
2026-06-17 19:32:59 - __main__ - INFO - Val:   loss 2.1161 acc1 41.88%
2026-06-17 19:32:59 - __main__ - INFO - 
Epoch 17/100 | lr 0.096729
2026-06-17 19:35:09 - __main__ - INFO - Train: loss 1.3924 acc1 52.29%
2026-06-17 19:35:09 - __main__ - INFO - Val:   loss 1.7504 acc1 44.07%
2026-06-17 19:35:09 - __main__ - INFO - 
Epoch 18/100 | lr 0.096115
2026-06-17 19:37:22 - __main__ - INFO - Train: loss 1.3829 acc1 52.54%
2026-06-17 19:37:22 - __main__ - INFO - Val:   loss 1.5710 acc1 51.49%
2026-06-17 19:37:22 - __main__ - INFO - saved best: 51.49%
2026-06-17 19:37:22 - __main__ - INFO - 
Epoch 19/100 | lr 0.095451
2026-06-17 19:39:39 - __main__ - INFO - Train: loss 1.3772 acc1 53.04%
2026-06-17 19:39:39 - __main__ - INFO - Val:   loss 1.5040 acc1 51.96%
2026-06-17 19:39:39 - __main__ - INFO - saved best: 51.96%
2026-06-17 19:39:39 - __main__ - INFO - 
Epoch 20/100 | lr 0.094737
2026-06-17 19:41:50 - __main__ - INFO - Train: loss 1.3654 acc1 53.47%
2026-06-17 19:41:50 - __main__ - INFO - Val:   loss 2.1346 acc1 45.26%
2026-06-17 19:41:50 - __main__ - INFO - 
Epoch 21/100 | lr 0.093974
2026-06-17 19:44:00 - __main__ - INFO - Train: loss 1.3642 acc1 53.47%
2026-06-17 19:44:00 - __main__ - INFO - Val:   loss 1.5101 acc1 52.71%
2026-06-17 19:44:00 - __main__ - INFO - saved best: 52.71%
2026-06-17 19:44:00 - __main__ - INFO - 
Epoch 22/100 | lr 0.093164
2026-06-17 19:46:11 - __main__ - INFO - Train: loss 1.3523 acc1 53.86%
2026-06-17 19:46:11 - __main__ - INFO - Val:   loss 1.7487 acc1 48.62%
2026-06-17 19:46:11 - __main__ - INFO - 
Epoch 23/100 | lr 0.092306
2026-06-17 19:48:24 - __main__ - INFO - Train: loss 1.3491 acc1 54.10%
2026-06-17 19:48:24 - __main__ - INFO - Val:   loss 2.6151 acc1 29.09%
2026-06-17 19:48:24 - __main__ - INFO - 
Epoch 24/100 | lr 0.091401
2026-06-17 19:50:40 - __main__ - INFO - Train: loss 1.3411 acc1 54.31%
2026-06-17 19:50:40 - __main__ - INFO - Val:   loss 1.5864 acc1 52.50%
2026-06-17 19:50:40 - __main__ - INFO - 
Epoch 25/100 | lr 0.090452
2026-06-17 19:52:52 - __main__ - INFO - Train: loss 1.3373 acc1 54.51%
2026-06-17 19:52:52 - __main__ - INFO - Val:   loss 1.5465 acc1 50.80%
2026-06-17 19:52:52 - __main__ - INFO - 
Epoch 26/100 | lr 0.089458
2026-06-17 19:55:06 - __main__ - INFO - Train: loss 1.3258 acc1 54.74%
2026-06-17 19:55:06 - __main__ - INFO - Val:   loss 1.8638 acc1 45.55%
2026-06-17 19:55:06 - __main__ - INFO - 
Epoch 27/100 | lr 0.088421
2026-06-17 19:57:20 - __main__ - INFO - Train: loss 1.3172 acc1 55.12%
2026-06-17 19:57:20 - __main__ - INFO - Val:   loss 1.8139 acc1 45.12%
2026-06-17 19:57:20 - __main__ - INFO - 
Epoch 28/100 | lr 0.087342
2026-06-17 19:59:31 - __main__ - INFO - Train: loss 1.3100 acc1 55.36%
2026-06-17 19:59:31 - __main__ - INFO - Val:   loss 1.7650 acc1 50.39%
2026-06-17 19:59:31 - __main__ - INFO - 
Epoch 29/100 | lr 0.086223
2026-06-17 20:01:45 - __main__ - INFO - Train: loss 1.3086 acc1 55.47%
2026-06-17 20:01:45 - __main__ - INFO - Val:   loss 1.5198 acc1 53.50%
2026-06-17 20:01:45 - __main__ - INFO - saved best: 53.50%
2026-06-17 20:01:45 - __main__ - INFO - 
Epoch 30/100 | lr 0.085063
2026-06-17 20:03:56 - __main__ - INFO - Train: loss 1.3050 acc1 55.44%
2026-06-17 20:03:56 - __main__ - INFO - Val:   loss 1.4523 acc1 53.73%
2026-06-17 20:03:56 - __main__ - INFO - saved best: 53.73%
2026-06-17 20:03:56 - __main__ - INFO - 
Epoch 31/100 | lr 0.083866
2026-06-17 20:06:07 - __main__ - INFO - Train: loss 1.2944 acc1 56.02%
2026-06-17 20:06:07 - __main__ - INFO - Val:   loss 1.8252 acc1 46.66%
2026-06-17 20:06:07 - __main__ - INFO - 
Epoch 32/100 | lr 0.082631
2026-06-17 20:08:20 - __main__ - INFO - Train: loss 1.2844 acc1 56.15%
2026-06-17 20:08:20 - __main__ - INFO - Val:   loss 1.6192 acc1 49.29%
2026-06-17 20:08:20 - __main__ - INFO - 
Epoch 33/100 | lr 0.081361
2026-06-17 20:10:31 - __main__ - INFO - Train: loss 1.2747 acc1 56.51%
2026-06-17 20:10:31 - __main__ - INFO - Val:   loss 1.5522 acc1 53.29%
2026-06-17 20:10:31 - __main__ - INFO - 
Epoch 34/100 | lr 0.080056
2026-06-17 20:12:46 - __main__ - INFO - Train: loss 1.2653 acc1 56.93%
2026-06-17 20:12:46 - __main__ - INFO - Val:   loss 1.5495 acc1 55.25%
2026-06-17 20:12:46 - __main__ - INFO - saved best: 55.25%
2026-06-17 20:12:46 - __main__ - INFO - 
Epoch 35/100 | lr 0.078719
2026-06-17 20:14:58 - __main__ - INFO - Train: loss 1.2619 acc1 57.13%
2026-06-17 20:14:58 - __main__ - INFO - Val:   loss 1.5358 acc1 53.49%
2026-06-17 20:14:58 - __main__ - INFO - 
Epoch 36/100 | lr 0.077350
2026-06-17 20:17:12 - __main__ - INFO - Train: loss 1.2523 acc1 57.41%
2026-06-17 20:17:12 - __main__ - INFO - Val:   loss 1.9529 acc1 45.37%
2026-06-17 20:17:12 - __main__ - INFO - 
Epoch 37/100 | lr 0.075951
2026-06-17 20:19:24 - __main__ - INFO - Train: loss 1.2486 acc1 57.53%
2026-06-17 20:19:24 - __main__ - INFO - Val:   loss 1.6555 acc1 49.67%
2026-06-17 20:19:24 - __main__ - INFO - 
Epoch 38/100 | lr 0.074524
2026-06-17 20:21:37 - __main__ - INFO - Train: loss 1.2322 acc1 58.05%
2026-06-17 20:21:37 - __main__ - INFO - Val:   loss 1.5138 acc1 52.21%
2026-06-17 20:21:37 - __main__ - INFO - 
Epoch 39/100 | lr 0.073070
2026-06-17 20:23:48 - __main__ - INFO - Train: loss 1.2270 acc1 58.18%
2026-06-17 20:23:48 - __main__ - INFO - Val:   loss 1.5299 acc1 52.21%
2026-06-17 20:23:48 - __main__ - INFO - 
Epoch 40/100 | lr 0.071591
2026-06-17 20:26:00 - __main__ - INFO - Train: loss 1.2188 acc1 58.65%
2026-06-17 20:26:00 - __main__ - INFO - Val:   loss 1.3935 acc1 59.03%
2026-06-17 20:26:00 - __main__ - INFO - saved best: 59.03%
2026-06-17 20:26:00 - __main__ - INFO - 
Epoch 41/100 | lr 0.070088
2026-06-17 20:28:15 - __main__ - INFO - Train: loss 1.2040 acc1 59.04%
2026-06-17 20:28:15 - __main__ - INFO - Val:   loss 1.5102 acc1 51.71%
2026-06-17 20:28:15 - __main__ - INFO - 
Epoch 42/100 | lr 0.068563
2026-06-17 20:30:34 - __main__ - INFO - Train: loss 1.1977 acc1 59.32%
2026-06-17 20:30:34 - __main__ - INFO - Val:   loss 1.8922 acc1 46.20%
2026-06-17 20:30:34 - __main__ - INFO - 
Epoch 43/100 | lr 0.067018
2026-06-17 20:32:46 - __main__ - INFO - Train: loss 1.1858 acc1 59.66%
2026-06-17 20:32:46 - __main__ - INFO - Val:   loss 1.2148 acc1 61.79%
2026-06-17 20:32:46 - __main__ - INFO - saved best: 61.79%
2026-06-17 20:32:46 - __main__ - INFO - 
Epoch 44/100 | lr 0.065454
2026-06-17 20:34:58 - __main__ - INFO - Train: loss 1.1777 acc1 60.09%
2026-06-17 20:34:58 - __main__ - INFO - Val:   loss 1.6213 acc1 49.09%
2026-06-17 20:34:58 - __main__ - INFO - 
Epoch 45/100 | lr 0.063874
2026-06-17 20:37:08 - __main__ - INFO - Train: loss 1.1659 acc1 60.33%
2026-06-17 20:37:08 - __main__ - INFO - Val:   loss 1.6374 acc1 51.22%
2026-06-17 20:37:08 - __main__ - INFO - 
Epoch 46/100 | lr 0.062278
2026-06-17 20:39:24 - __main__ - INFO - Train: loss 1.1570 acc1 60.68%
2026-06-17 20:39:24 - __main__ - INFO - Val:   loss 1.3794 acc1 59.13%
2026-06-17 20:39:24 - __main__ - INFO - 
Epoch 47/100 | lr 0.060669
2026-06-17 20:41:40 - __main__ - INFO - Train: loss 1.1444 acc1 61.30%
2026-06-17 20:41:40 - __main__ - INFO - Val:   loss 1.5257 acc1 53.44%
2026-06-17 20:41:40 - __main__ - INFO - 
Epoch 48/100 | lr 0.059048
2026-06-17 20:43:51 - __main__ - INFO - Train: loss 1.1333 acc1 61.55%
2026-06-17 20:43:51 - __main__ - INFO - Val:   loss 1.4720 acc1 55.68%
2026-06-17 20:43:51 - __main__ - INFO - 
Epoch 49/100 | lr 0.057417
2026-06-17 20:46:03 - __main__ - INFO - Train: loss 1.1246 acc1 61.82%
2026-06-17 20:46:03 - __main__ - INFO - Val:   loss 1.4487 acc1 57.47%
2026-06-17 20:46:03 - __main__ - INFO - 
Epoch 50/100 | lr 0.055779
2026-06-17 20:48:14 - __main__ - INFO - Train: loss 1.1056 acc1 62.42%
2026-06-17 20:48:14 - __main__ - INFO - Val:   loss 1.2925 acc1 59.89%
2026-06-17 20:48:14 - __main__ - INFO - 
Epoch 51/100 | lr 0.054134
2026-06-17 20:50:27 - __main__ - INFO - Train: loss 1.0981 acc1 62.78%
2026-06-17 20:50:27 - __main__ - INFO - Val:   loss 1.4128 acc1 58.50%
2026-06-17 20:50:27 - __main__ - INFO - 
Epoch 52/100 | lr 0.052484
2026-06-17 20:52:38 - __main__ - INFO - Train: loss 1.0897 acc1 63.11%
2026-06-17 20:52:38 - __main__ - INFO - Val:   loss 1.4764 acc1 55.81%
2026-06-17 20:52:38 - __main__ - INFO - 
Epoch 53/100 | lr 0.050832
2026-06-17 20:54:51 - __main__ - INFO - Train: loss 1.0773 acc1 63.24%
2026-06-17 20:54:51 - __main__ - INFO - Val:   loss 1.3945 acc1 57.72%
2026-06-17 20:54:51 - __main__ - INFO - 
Epoch 54/100 | lr 0.049178
2026-06-17 20:57:01 - __main__ - INFO - Train: loss 1.0662 acc1 63.71%
2026-06-17 20:57:01 - __main__ - INFO - Val:   loss 1.3052 acc1 62.92%
2026-06-17 20:57:01 - __main__ - INFO - saved best: 62.92%
2026-06-17 20:57:01 - __main__ - INFO - 
Epoch 55/100 | lr 0.047526
2026-06-17 20:59:12 - __main__ - INFO - Train: loss 1.0468 acc1 64.36%
2026-06-17 20:59:12 - __main__ - INFO - Val:   loss 1.7686 acc1 46.56%
2026-06-17 20:59:12 - __main__ - INFO - 
Epoch 56/100 | lr 0.045876
2026-06-17 21:01:21 - __main__ - INFO - Train: loss 1.0355 acc1 64.82%
2026-06-17 21:01:21 - __main__ - INFO - Val:   loss 1.6603 acc1 50.43%
2026-06-17 21:01:21 - __main__ - INFO - 
Epoch 57/100 | lr 0.044231
2026-06-17 21:03:31 - __main__ - INFO - Train: loss 1.0177 acc1 65.32%
2026-06-17 21:03:31 - __main__ - INFO - Val:   loss 1.5581 acc1 52.68%
2026-06-17 21:03:31 - __main__ - INFO - 
Epoch 58/100 | lr 0.042593
2026-06-17 21:05:44 - __main__ - INFO - Train: loss 1.0076 acc1 65.78%
2026-06-17 21:05:44 - __main__ - INFO - Val:   loss 1.3433 acc1 59.88%
2026-06-17 21:05:44 - __main__ - INFO - 
Epoch 59/100 | lr 0.040962
2026-06-17 21:08:01 - __main__ - INFO - Train: loss 0.9933 acc1 66.12%
2026-06-17 21:08:01 - __main__ - INFO - Val:   loss 1.3897 acc1 59.45%
2026-06-17 21:08:01 - __main__ - INFO - 
Epoch 60/100 | lr 0.039341
2026-06-17 21:10:12 - __main__ - INFO - Train: loss 0.9793 acc1 66.63%
2026-06-17 21:10:12 - __main__ - INFO - Val:   loss 1.2788 acc1 63.67%
2026-06-17 21:10:12 - __main__ - INFO - saved best: 63.67%
2026-06-17 21:10:12 - __main__ - INFO - 
Epoch 61/100 | lr 0.037732
2026-06-17 21:12:28 - __main__ - INFO - Train: loss 0.9622 acc1 67.15%
2026-06-17 21:12:28 - __main__ - INFO - Val:   loss 1.3442 acc1 60.78%
2026-06-17 21:12:28 - __main__ - INFO - 
Epoch 62/100 | lr 0.036136
2026-06-17 21:14:43 - __main__ - INFO - Train: loss 0.9531 acc1 67.56%
2026-06-17 21:14:43 - __main__ - INFO - Val:   loss 1.5479 acc1 53.50%
2026-06-17 21:14:43 - __main__ - INFO - 
Epoch 63/100 | lr 0.034556
2026-06-17 21:16:55 - __main__ - INFO - Train: loss 0.9323 acc1 68.23%
2026-06-17 21:16:55 - __main__ - INFO - Val:   loss 1.8380 acc1 48.45%
2026-06-17 21:16:55 - __main__ - INFO - 
Epoch 64/100 | lr 0.032992
2026-06-17 21:19:05 - __main__ - INFO - Train: loss 0.9137 acc1 68.71%
2026-06-17 21:19:05 - __main__ - INFO - Val:   loss 1.2618 acc1 62.97%
2026-06-17 21:19:05 - __main__ - INFO - 
Epoch 65/100 | lr 0.031447
2026-06-17 21:21:15 - __main__ - INFO - Train: loss 0.8971 acc1 69.09%
2026-06-17 21:21:15 - __main__ - INFO - Val:   loss 1.4285 acc1 60.69%
2026-06-17 21:21:15 - __main__ - INFO - 
Epoch 66/100 | lr 0.029922
2026-06-17 21:23:27 - __main__ - INFO - Train: loss 0.8817 acc1 69.80%
2026-06-17 21:23:27 - __main__ - INFO - Val:   loss 1.4101 acc1 56.92%
2026-06-17 21:23:27 - __main__ - INFO - 
Epoch 67/100 | lr 0.028419
2026-06-17 21:25:40 - __main__ - INFO - Train: loss 0.8633 acc1 70.37%
2026-06-17 21:25:40 - __main__ - INFO - Val:   loss 1.3020 acc1 64.53%
2026-06-17 21:25:40 - __main__ - INFO - saved best: 64.53%
2026-06-17 21:25:40 - __main__ - INFO - 
Epoch 68/100 | lr 0.026940
2026-06-17 21:27:50 - __main__ - INFO - Train: loss 0.8500 acc1 70.90%
2026-06-17 21:27:50 - __main__ - INFO - Val:   loss 1.1134 acc1 68.72%
2026-06-17 21:27:50 - __main__ - INFO - saved best: 68.72%
2026-06-17 21:27:50 - __main__ - INFO - 
Epoch 69/100 | lr 0.025486
2026-06-17 21:29:59 - __main__ - INFO - Train: loss 0.8302 acc1 71.45%
2026-06-17 21:29:59 - __main__ - INFO - Val:   loss 1.3487 acc1 64.29%
2026-06-17 21:29:59 - __main__ - INFO - 
Epoch 70/100 | lr 0.024059
2026-06-17 21:32:12 - __main__ - INFO - Train: loss 0.8135 acc1 72.09%
2026-06-17 21:32:12 - __main__ - INFO - Val:   loss 1.2969 acc1 63.88%
2026-06-17 21:32:12 - __main__ - INFO - 
Epoch 71/100 | lr 0.022660
2026-06-17 21:34:23 - __main__ - INFO - Train: loss 0.7937 acc1 72.63%
2026-06-17 21:34:23 - __main__ - INFO - Val:   loss 1.2926 acc1 67.31%
2026-06-17 21:34:23 - __main__ - INFO - 
Epoch 72/100 | lr 0.021291
2026-06-17 21:36:36 - __main__ - INFO - Train: loss 0.7760 acc1 73.21%
2026-06-17 21:36:36 - __main__ - INFO - Val:   loss 1.4630 acc1 60.59%
2026-06-17 21:36:36 - __main__ - INFO - 
Epoch 73/100 | lr 0.019954
2026-06-17 21:38:46 - __main__ - INFO - Train: loss 0.7575 acc1 73.70%
2026-06-17 21:38:46 - __main__ - INFO - Val:   loss 1.1967 acc1 67.03%
2026-06-17 21:38:46 - __main__ - INFO - 
Epoch 74/100 | lr 0.018649
2026-06-17 21:40:56 - __main__ - INFO - Train: loss 0.7411 acc1 74.37%
2026-06-17 21:40:56 - __main__ - INFO - Val:   loss 1.4556 acc1 58.47%
2026-06-17 21:40:56 - __main__ - INFO - 
Epoch 75/100 | lr 0.017379
2026-06-17 21:43:06 - __main__ - INFO - Train: loss 0.7193 acc1 74.95%
2026-06-17 21:43:06 - __main__ - INFO - Val:   loss 1.2741 acc1 66.09%
2026-06-17 21:43:06 - __main__ - INFO - 
Epoch 76/100 | lr 0.016144
2026-06-17 21:45:18 - __main__ - INFO - Train: loss 0.6986 acc1 75.69%
2026-06-17 21:45:18 - __main__ - INFO - Val:   loss 1.3952 acc1 59.75%
2026-06-17 21:45:18 - __main__ - INFO - 
Epoch 77/100 | lr 0.014947
2026-06-17 21:47:29 - __main__ - INFO - Train: loss 0.6786 acc1 76.44%
2026-06-17 21:47:29 - __main__ - INFO - Val:   loss 1.2513 acc1 68.91%
2026-06-17 21:47:29 - __main__ - INFO - saved best: 68.91%
2026-06-17 21:47:29 - __main__ - INFO - 
Epoch 78/100 | lr 0.013787
2026-06-17 21:49:40 - __main__ - INFO - Train: loss 0.6590 acc1 77.09%
2026-06-17 21:49:40 - __main__ - INFO - Val:   loss 1.3088 acc1 67.01%
2026-06-17 21:49:40 - __main__ - INFO - 
Epoch 79/100 | lr 0.012668
2026-06-17 21:51:52 - __main__ - INFO - Train: loss 0.6390 acc1 77.77%
2026-06-17 21:51:52 - __main__ - INFO - Val:   loss 1.3228 acc1 65.55%
2026-06-17 21:51:52 - __main__ - INFO - 
Epoch 80/100 | lr 0.011589
2026-06-17 21:54:02 - __main__ - INFO - Train: loss 0.6217 acc1 78.29%
2026-06-17 21:54:02 - __main__ - INFO - Val:   loss 1.3280 acc1 63.84%
2026-06-17 21:54:02 - __main__ - INFO - 
Epoch 81/100 | lr 0.010552
2026-06-17 21:56:19 - __main__ - INFO - Train: loss 0.5982 acc1 78.96%
2026-06-17 21:56:19 - __main__ - INFO - Val:   loss 1.3496 acc1 65.94%
2026-06-17 21:56:19 - __main__ - INFO - 
Epoch 82/100 | lr 0.009558
2026-06-17 21:58:29 - __main__ - INFO - Train: loss 0.5798 acc1 79.63%
2026-06-17 21:58:29 - __main__ - INFO - Val:   loss 1.2491 acc1 66.71%
2026-06-17 21:58:29 - __main__ - INFO - 
Epoch 83/100 | lr 0.008609
2026-06-17 22:00:41 - __main__ - INFO - Train: loss 0.5585 acc1 80.37%
2026-06-17 22:00:41 - __main__ - INFO - Val:   loss 1.2621 acc1 70.69%
2026-06-17 22:00:41 - __main__ - INFO - saved best: 70.69%
2026-06-17 22:00:41 - __main__ - INFO - 
Epoch 84/100 | lr 0.007704
2026-06-17 22:02:57 - __main__ - INFO - Train: loss 0.5370 acc1 81.20%
2026-06-17 22:02:57 - __main__ - INFO - Val:   loss 1.2990 acc1 68.65%
2026-06-17 22:02:57 - __main__ - INFO - 
Epoch 85/100 | lr 0.006846
2026-06-17 22:05:07 - __main__ - INFO - Train: loss 0.5155 acc1 81.84%
2026-06-17 22:05:07 - __main__ - INFO - Val:   loss 1.2542 acc1 67.87%
2026-06-17 22:05:07 - __main__ - INFO - 
Epoch 86/100 | lr 0.006036
2026-06-17 22:07:17 - __main__ - INFO - Train: loss 0.4980 acc1 82.42%
2026-06-17 22:07:17 - __main__ - INFO - Val:   loss 1.2441 acc1 68.43%
2026-06-17 22:07:17 - __main__ - INFO - 
Epoch 87/100 | lr 0.005273
2026-06-17 22:09:32 - __main__ - INFO - Train: loss 0.4764 acc1 83.14%
2026-06-17 22:09:32 - __main__ - INFO - Val:   loss 1.2260 acc1 70.18%
2026-06-17 22:09:32 - __main__ - INFO - 
Epoch 88/100 | lr 0.004559
2026-06-17 22:11:43 - __main__ - INFO - Train: loss 0.4531 acc1 84.00%
2026-06-17 22:11:43 - __main__ - INFO - Val:   loss 1.2871 acc1 70.32%
2026-06-17 22:11:43 - __main__ - INFO - 
Epoch 89/100 | lr 0.003895
2026-06-17 22:13:53 - __main__ - INFO - Train: loss 0.4383 acc1 84.44%
2026-06-17 22:13:53 - __main__ - INFO - Val:   loss 1.2184 acc1 70.63%
2026-06-17 22:13:53 - __main__ - INFO - 
Epoch 90/100 | lr 0.003281
2026-06-17 22:16:04 - __main__ - INFO - Train: loss 0.4195 acc1 85.00%
2026-06-17 22:16:04 - __main__ - INFO - Val:   loss 1.2107 acc1 71.71%
2026-06-17 22:16:04 - __main__ - INFO - saved best: 71.71%
2026-06-17 22:16:04 - __main__ - INFO - 
Epoch 91/100 | lr 0.002719
2026-06-17 22:18:20 - __main__ - INFO - Train: loss 0.3973 acc1 85.88%
2026-06-17 22:18:20 - __main__ - INFO - Val:   loss 1.2747 acc1 71.61%
2026-06-17 22:18:20 - __main__ - INFO - 
Epoch 92/100 | lr 0.002208
2026-06-17 22:20:33 - __main__ - INFO - Train: loss 0.3760 acc1 86.52%
2026-06-17 22:20:33 - __main__ - INFO - Val:   loss 1.1603 acc1 72.34%
2026-06-17 22:20:33 - __main__ - INFO - saved best: 72.34%
2026-06-17 22:20:33 - __main__ - INFO - 
Epoch 93/100 | lr 0.001749
2026-06-17 22:22:49 - __main__ - INFO - Train: loss 0.3613 acc1 86.96%
2026-06-17 22:22:49 - __main__ - INFO - Val:   loss 1.2222 acc1 73.81%
2026-06-17 22:22:49 - __main__ - INFO - saved best: 73.81%
2026-06-17 22:22:49 - __main__ - INFO - 
Epoch 94/100 | lr 0.001344
2026-06-17 22:25:05 - __main__ - INFO - Train: loss 0.3467 acc1 87.62%
2026-06-17 22:25:05 - __main__ - INFO - Val:   loss 1.1635 acc1 73.48%
2026-06-17 22:25:05 - __main__ - INFO - 
Epoch 95/100 | lr 0.000991
2026-06-17 22:27:15 - __main__ - INFO - Train: loss 0.3301 acc1 88.11%
2026-06-17 22:27:15 - __main__ - INFO - Val:   loss 1.1373 acc1 74.33%
2026-06-17 22:27:15 - __main__ - INFO - saved best: 74.33%
2026-06-17 22:27:15 - __main__ - INFO - 
Epoch 96/100 | lr 0.000692
2026-06-17 22:29:26 - __main__ - INFO - Train: loss 0.3178 acc1 88.48%
2026-06-17 22:29:26 - __main__ - INFO - Val:   loss 1.1905 acc1 73.04%
2026-06-17 22:29:26 - __main__ - INFO - 
Epoch 97/100 | lr 0.000447
2026-06-17 22:31:38 - __main__ - INFO - Train: loss 0.3086 acc1 88.73%
2026-06-17 22:31:38 - __main__ - INFO - Val:   loss 1.1556 acc1 73.56%
2026-06-17 22:31:38 - __main__ - INFO - 
Epoch 98/100 | lr 0.000256
2026-06-17 22:33:47 - __main__ - INFO - Train: loss 0.2956 acc1 89.32%
2026-06-17 22:33:47 - __main__ - INFO - Val:   loss 1.1672 acc1 73.27%
2026-06-17 22:33:47 - __main__ - INFO - 
Epoch 99/100 | lr 0.000119
2026-06-17 22:35:57 - __main__ - INFO - Train: loss 0.2947 acc1 89.44%
2026-06-17 22:35:57 - __main__ - INFO - Val:   loss 1.1524 acc1 73.61%
2026-06-17 22:35:57 - __main__ - INFO - 
Epoch 100/100 | lr 0.000037
2026-06-17 22:38:14 - __main__ - INFO - Train: loss 0.2912 acc1 89.54%
2026-06-17 22:38:14 - __main__ - INFO - Val:   loss 1.1704 acc1 73.70%
2026-06-17 22:38:14 - __main__ - INFO - Loaded best checkpoint weights for final test evaluation.
2026-06-17 22:38:16 - __main__ - INFO - 
Best tracked (val): 74.33%
2026-06-17 22:38:16 - __main__ - INFO - Final test: loss 1.1657 acc1 72.40%
2026-06-17 22:38:16 - __main__ - INFO - Saved best model checkpoint to runs/drive_zip/42/resnet18_seed42_random_M8_area0.1/best_model.pt
