2026-06-16 05:27:22 - __main__ - INFO - Run parameters: {"adamw_betas": [0.9, 0.999], "adamw_eps": 1e-08, "amp": true, "batch_size": 64, "cam_layer": "auto", "cutout_area": 0.1, "cutout_m": 8, "cutout_mode": "random", "cutout_size": 0, "data_dir": "./data", "dataset": "drive_zip", "epochs": 60, "gamma": 0.1, "grayscale": true, "include_regex": "_grayscale\\.tiff$", "label_smoothing": 0.0, "log_every": 100, "lr": 0.1, "milestones": "60,80", "min_lr": 1e-05, "model": "resnet18", "momentum": 0.9, "nesterov": false, "num_workers": 4, "optimizer": "sgd", "out_dir": "runs/drive_zip/42", "run_name": "resnet18_seed42_random_M8_area0.1", "saliency_candidate_percent": 10.0, "scheduler": "cosine", "seed": 42, "teacher_checkpoint": "", "teacher_model": "", "val_split": 0.1, "warmup_epochs": 5, "weight_decay": 0.0005}
2026-06-16 05:27:22 - __main__ - INFO - device: cuda | cuda: True | gpu: NVIDIA L4
2026-06-16 05:29:13 - __main__ - INFO - Model: resnet18 | Dataset: drive_zip | Classes: 17 | Optimizer: sgd
2026-06-16 05:29:13 - __main__ - INFO - Cutout enabled: mode=random m=8 size=None area=0.1
2026-06-16 05:29:13 - __main__ - INFO - 
Epoch 1/60 | lr 0.000100
2026-06-16 05:31:27 - __main__ - INFO - Train: loss 2.4897 acc1 19.07%
2026-06-16 05:31:27 - __main__ - INFO - Val:   loss 2.6134 acc1 20.17%
2026-06-16 05:31:27 - __main__ - INFO - saved best: 20.17%
2026-06-16 05:31:27 - __main__ - INFO - 
Epoch 2/60 | lr 0.020080
2026-06-16 05:33:39 - __main__ - INFO - Train: loss 1.8399 acc1 36.87%
2026-06-16 05:33:39 - __main__ - INFO - Val:   loss 1.8848 acc1 38.57%
2026-06-16 05:33:39 - __main__ - INFO - saved best: 38.57%
2026-06-16 05:33:39 - __main__ - INFO - 
Epoch 3/60 | lr 0.040060
2026-06-16 05:35:50 - __main__ - INFO - Train: loss 1.6499 acc1 42.80%
2026-06-16 05:35:50 - __main__ - INFO - Val:   loss 1.8114 acc1 39.00%
2026-06-16 05:35:50 - __main__ - INFO - saved best: 39.00%
2026-06-16 05:35:50 - __main__ - INFO - 
Epoch 4/60 | lr 0.060040
2026-06-16 05:38:03 - __main__ - INFO - Train: loss 1.5810 acc1 45.25%
2026-06-16 05:38:03 - __main__ - INFO - Val:   loss 2.0087 acc1 37.40%
2026-06-16 05:38:03 - __main__ - INFO - 
Epoch 5/60 | lr 0.080020
2026-06-16 05:40:15 - __main__ - INFO - Train: loss 1.5559 acc1 46.38%
2026-06-16 05:40:15 - __main__ - INFO - Val:   loss 1.9036 acc1 38.51%
2026-06-16 05:40:15 - __main__ - INFO - 
Epoch 6/60 | lr 0.100000
2026-06-16 05:42:26 - __main__ - INFO - Train: loss 1.5582 acc1 46.09%
2026-06-16 05:42:26 - __main__ - INFO - Val:   loss 2.3888 acc1 29.45%
2026-06-16 05:42:26 - __main__ - INFO - 
Epoch 7/60 | lr 0.099918
2026-06-16 05:44:39 - __main__ - INFO - Train: loss 1.5258 acc1 47.34%
2026-06-16 05:44:39 - __main__ - INFO - Val:   loss 2.0971 acc1 38.74%
2026-06-16 05:44:39 - __main__ - INFO - 
Epoch 8/60 | lr 0.099674
2026-06-16 05:46:51 - __main__ - INFO - Train: loss 1.5025 acc1 48.23%
2026-06-16 05:46:51 - __main__ - INFO - Val:   loss 1.8091 acc1 41.53%
2026-06-16 05:46:51 - __main__ - INFO - saved best: 41.53%
2026-06-16 05:46:51 - __main__ - INFO - 
Epoch 9/60 | lr 0.099268
2026-06-16 05:49:02 - __main__ - INFO - Train: loss 1.4809 acc1 49.11%
2026-06-16 05:49:02 - __main__ - INFO - Val:   loss 1.9654 acc1 38.87%
2026-06-16 05:49:02 - __main__ - INFO - 
Epoch 10/60 | lr 0.098701
2026-06-16 05:51:13 - __main__ - INFO - Train: loss 1.4661 acc1 49.56%
2026-06-16 05:51:13 - __main__ - INFO - Val:   loss 1.8813 acc1 39.24%
2026-06-16 05:51:13 - __main__ - INFO - 
Epoch 11/60 | lr 0.097975
2026-06-16 05:53:24 - __main__ - INFO - Train: loss 1.4481 acc1 50.31%
2026-06-16 05:53:24 - __main__ - INFO - Val:   loss 1.7518 acc1 46.81%
2026-06-16 05:53:24 - __main__ - INFO - saved best: 46.81%
2026-06-16 05:53:24 - __main__ - INFO - 
Epoch 12/60 | lr 0.097093
2026-06-16 05:55:35 - __main__ - INFO - Train: loss 1.4371 acc1 50.77%
2026-06-16 05:55:35 - __main__ - INFO - Val:   loss 1.9570 acc1 44.53%
2026-06-16 05:55:35 - __main__ - INFO - 
Epoch 13/60 | lr 0.096057
2026-06-16 05:57:46 - __main__ - INFO - Train: loss 1.4196 acc1 51.34%
2026-06-16 05:57:46 - __main__ - INFO - Val:   loss 2.5654 acc1 33.12%
2026-06-16 05:57:46 - __main__ - INFO - 
Epoch 14/60 | lr 0.094870
2026-06-16 05:59:57 - __main__ - INFO - Train: loss 1.4071 acc1 51.81%
2026-06-16 05:59:57 - __main__ - INFO - Val:   loss 1.9475 acc1 41.28%
2026-06-16 05:59:57 - __main__ - INFO - 
Epoch 15/60 | lr 0.093538
2026-06-16 06:02:08 - __main__ - INFO - Train: loss 1.3936 acc1 52.40%
2026-06-16 06:02:08 - __main__ - INFO - Val:   loss 1.8392 acc1 46.21%
2026-06-16 06:02:08 - __main__ - INFO - 
Epoch 16/60 | lr 0.092063
2026-06-16 06:04:19 - __main__ - INFO - Train: loss 1.3859 acc1 52.64%
2026-06-16 06:04:19 - __main__ - INFO - Val:   loss 1.9209 acc1 42.72%
2026-06-16 06:04:19 - __main__ - INFO - 
Epoch 17/60 | lr 0.090452
2026-06-16 06:06:30 - __main__ - INFO - Train: loss 1.3712 acc1 53.17%
2026-06-16 06:06:30 - __main__ - INFO - Val:   loss 1.9866 acc1 43.83%
2026-06-16 06:06:30 - __main__ - INFO - 
Epoch 18/60 | lr 0.088708
2026-06-16 06:08:41 - __main__ - INFO - Train: loss 1.3617 acc1 53.50%
2026-06-16 06:08:41 - __main__ - INFO - Val:   loss 1.4368 acc1 54.67%
2026-06-16 06:08:41 - __main__ - INFO - saved best: 54.67%
2026-06-16 06:08:41 - __main__ - INFO - 
Epoch 19/60 | lr 0.086838
2026-06-16 06:10:51 - __main__ - INFO - Train: loss 1.3456 acc1 54.11%
2026-06-16 06:10:51 - __main__ - INFO - Val:   loss 1.4737 acc1 53.77%
2026-06-16 06:10:51 - __main__ - INFO - 
Epoch 20/60 | lr 0.084848
2026-06-16 06:13:02 - __main__ - INFO - Train: loss 1.3316 acc1 54.60%
2026-06-16 06:13:02 - __main__ - INFO - Val:   loss 1.6574 acc1 45.54%
2026-06-16 06:13:02 - __main__ - INFO - 
Epoch 21/60 | lr 0.082745
2026-06-16 06:15:12 - __main__ - INFO - Train: loss 1.3225 acc1 54.80%
2026-06-16 06:15:12 - __main__ - INFO - Val:   loss 1.5343 acc1 51.69%
2026-06-16 06:15:12 - __main__ - INFO - 
Epoch 22/60 | lr 0.080534
2026-06-16 06:17:23 - __main__ - INFO - Train: loss 1.3060 acc1 55.53%
2026-06-16 06:17:23 - __main__ - INFO - Val:   loss 1.5302 acc1 53.57%
2026-06-16 06:17:23 - __main__ - INFO - 
Epoch 23/60 | lr 0.078224
2026-06-16 06:19:33 - __main__ - INFO - Train: loss 1.2938 acc1 55.90%
2026-06-16 06:19:33 - __main__ - INFO - Val:   loss 2.1159 acc1 40.10%
2026-06-16 06:19:33 - __main__ - INFO - 
Epoch 24/60 | lr 0.075822
2026-06-16 06:21:43 - __main__ - INFO - Train: loss 1.2758 acc1 56.41%
2026-06-16 06:21:43 - __main__ - INFO - Val:   loss 2.3124 acc1 43.56%
2026-06-16 06:21:43 - __main__ - INFO - 
Epoch 25/60 | lr 0.073336
2026-06-16 06:23:55 - __main__ - INFO - Train: loss 1.2648 acc1 56.96%
2026-06-16 06:23:55 - __main__ - INFO - Val:   loss 1.9806 acc1 40.07%
2026-06-16 06:23:55 - __main__ - INFO - 
Epoch 26/60 | lr 0.070774
2026-06-16 06:26:06 - __main__ - INFO - Train: loss 1.2432 acc1 57.75%
2026-06-16 06:26:06 - __main__ - INFO - Val:   loss 1.5048 acc1 54.57%
2026-06-16 06:26:06 - __main__ - INFO - 
Epoch 27/60 | lr 0.068144
2026-06-16 06:28:17 - __main__ - INFO - Train: loss 1.2275 acc1 58.21%
2026-06-16 06:28:17 - __main__ - INFO - Val:   loss 1.5817 acc1 53.45%
2026-06-16 06:28:17 - __main__ - INFO - 
Epoch 28/60 | lr 0.065454
2026-06-16 06:30:27 - __main__ - INFO - Train: loss 1.2121 acc1 58.90%
2026-06-16 06:30:27 - __main__ - INFO - Val:   loss 2.5106 acc1 46.64%
2026-06-16 06:30:27 - __main__ - INFO - 
Epoch 29/60 | lr 0.062715
2026-06-16 06:32:39 - __main__ - INFO - Train: loss 1.1966 acc1 59.32%
2026-06-16 06:32:39 - __main__ - INFO - Val:   loss 1.7104 acc1 45.93%
2026-06-16 06:32:39 - __main__ - INFO - 
Epoch 30/60 | lr 0.059934
2026-06-16 06:34:49 - __main__ - INFO - Train: loss 1.1804 acc1 59.79%
2026-06-16 06:34:49 - __main__ - INFO - Val:   loss 1.6307 acc1 51.67%
2026-06-16 06:34:49 - __main__ - INFO - 
Epoch 31/60 | lr 0.057120
2026-06-16 06:37:01 - __main__ - INFO - Train: loss 1.1573 acc1 60.72%
2026-06-16 06:37:01 - __main__ - INFO - Val:   loss 1.5897 acc1 53.95%
2026-06-16 06:37:01 - __main__ - INFO - 
Epoch 32/60 | lr 0.054283
2026-06-16 06:39:12 - __main__ - INFO - Train: loss 1.1355 acc1 61.51%
2026-06-16 06:39:12 - __main__ - INFO - Val:   loss 1.4645 acc1 52.82%
2026-06-16 06:39:12 - __main__ - INFO - 
Epoch 33/60 | lr 0.051433
2026-06-16 06:41:23 - __main__ - INFO - Train: loss 1.1128 acc1 62.21%
2026-06-16 06:41:23 - __main__ - INFO - Val:   loss 1.6181 acc1 48.97%
2026-06-16 06:41:23 - __main__ - INFO - 
Epoch 34/60 | lr 0.048577
2026-06-16 06:43:34 - __main__ - INFO - Train: loss 1.0872 acc1 62.98%
2026-06-16 06:43:34 - __main__ - INFO - Val:   loss 1.2155 acc1 62.74%
2026-06-16 06:43:34 - __main__ - INFO - saved best: 62.74%
2026-06-16 06:43:34 - __main__ - INFO - 
Epoch 35/60 | lr 0.045727
2026-06-16 06:45:46 - __main__ - INFO - Train: loss 1.0715 acc1 63.60%
2026-06-16 06:45:46 - __main__ - INFO - Val:   loss 1.3955 acc1 59.59%
2026-06-16 06:45:46 - __main__ - INFO - 
Epoch 36/60 | lr 0.042890
2026-06-16 06:47:57 - __main__ - INFO - Train: loss 1.0451 acc1 64.44%
2026-06-16 06:47:57 - __main__ - INFO - Val:   loss 1.5680 acc1 51.05%
2026-06-16 06:47:57 - __main__ - INFO - 
Epoch 37/60 | lr 0.040076
2026-06-16 06:50:07 - __main__ - INFO - Train: loss 1.0253 acc1 64.94%
2026-06-16 06:50:07 - __main__ - INFO - Val:   loss 1.6381 acc1 52.66%
2026-06-16 06:50:07 - __main__ - INFO - 
Epoch 38/60 | lr 0.037295
2026-06-16 06:52:19 - __main__ - INFO - Train: loss 0.9967 acc1 65.98%
2026-06-16 06:52:19 - __main__ - INFO - Val:   loss 1.3149 acc1 61.48%
2026-06-16 06:52:19 - __main__ - INFO - 
Epoch 39/60 | lr 0.034556
2026-06-16 06:54:30 - __main__ - INFO - Train: loss 0.9673 acc1 66.91%
2026-06-16 06:54:30 - __main__ - INFO - Val:   loss 1.6502 acc1 52.05%
2026-06-16 06:54:30 - __main__ - INFO - 
Epoch 40/60 | lr 0.031866
2026-06-16 06:56:42 - __main__ - INFO - Train: loss 0.9453 acc1 67.71%
2026-06-16 06:56:42 - __main__ - INFO - Val:   loss 1.2196 acc1 67.47%
2026-06-16 06:56:42 - __main__ - INFO - saved best: 67.47%
2026-06-16 06:56:42 - __main__ - INFO - 
Epoch 41/60 | lr 0.029236
2026-06-16 06:58:53 - __main__ - INFO - Train: loss 0.9107 acc1 68.87%
2026-06-16 06:58:53 - __main__ - INFO - Val:   loss 1.6417 acc1 54.55%
2026-06-16 06:58:53 - __main__ - INFO - 
Epoch 42/60 | lr 0.026674
2026-06-16 07:01:04 - __main__ - INFO - Train: loss 0.8826 acc1 69.63%
2026-06-16 07:01:04 - __main__ - INFO - Val:   loss 1.4154 acc1 60.84%
2026-06-16 07:01:04 - __main__ - INFO - 
Epoch 43/60 | lr 0.024188
2026-06-16 07:03:16 - __main__ - INFO - Train: loss 0.8492 acc1 70.81%
2026-06-16 07:03:16 - __main__ - INFO - Val:   loss 1.3120 acc1 62.82%
2026-06-16 07:03:16 - __main__ - INFO - 
Epoch 44/60 | lr 0.021786
2026-06-16 07:05:27 - __main__ - INFO - Train: loss 0.8217 acc1 71.76%
2026-06-16 07:05:27 - __main__ - INFO - Val:   loss 2.0260 acc1 52.88%
2026-06-16 07:05:27 - __main__ - INFO - 
Epoch 45/60 | lr 0.019476
2026-06-16 07:07:38 - __main__ - INFO - Train: loss 0.7870 acc1 72.96%
2026-06-16 07:07:38 - __main__ - INFO - Val:   loss 1.4708 acc1 61.28%
2026-06-16 07:07:38 - __main__ - INFO - 
Epoch 46/60 | lr 0.017265
2026-06-16 07:09:49 - __main__ - INFO - Train: loss 0.7573 acc1 73.86%
2026-06-16 07:09:49 - __main__ - INFO - Val:   loss 1.4562 acc1 59.29%
2026-06-16 07:09:49 - __main__ - INFO - 
Epoch 47/60 | lr 0.015162
2026-06-16 07:12:00 - __main__ - INFO - Train: loss 0.7240 acc1 75.05%
2026-06-16 07:12:00 - __main__ - INFO - Val:   loss 1.3981 acc1 64.99%
2026-06-16 07:12:00 - __main__ - INFO - 
Epoch 48/60 | lr 0.013172
2026-06-16 07:14:11 - __main__ - INFO - Train: loss 0.6886 acc1 75.99%
2026-06-16 07:14:11 - __main__ - INFO - Val:   loss 1.2488 acc1 64.66%
2026-06-16 07:14:11 - __main__ - INFO - 
Epoch 49/60 | lr 0.011302
2026-06-16 07:16:22 - __main__ - INFO - Train: loss 0.6539 acc1 77.18%
2026-06-16 07:16:22 - __main__ - INFO - Val:   loss 1.4042 acc1 66.29%
2026-06-16 07:16:22 - __main__ - INFO - 
Epoch 50/60 | lr 0.009558
2026-06-16 07:18:34 - __main__ - INFO - Train: loss 0.6113 acc1 78.57%
2026-06-16 07:18:34 - __main__ - INFO - Val:   loss 1.2873 acc1 64.80%
2026-06-16 07:18:34 - __main__ - INFO - 
Epoch 51/60 | lr 0.007947
2026-06-16 07:20:44 - __main__ - INFO - Train: loss 0.5797 acc1 79.68%
2026-06-16 07:20:44 - __main__ - INFO - Val:   loss 1.3749 acc1 65.22%
2026-06-16 07:20:44 - __main__ - INFO - 
Epoch 52/60 | lr 0.006472
2026-06-16 07:22:55 - __main__ - INFO - Train: loss 0.5458 acc1 80.72%
2026-06-16 07:22:55 - __main__ - INFO - Val:   loss 1.2498 acc1 70.22%
2026-06-16 07:22:55 - __main__ - INFO - saved best: 70.22%
2026-06-16 07:22:55 - __main__ - INFO - 
Epoch 53/60 | lr 0.005140
2026-06-16 07:25:06 - __main__ - INFO - Train: loss 0.5135 acc1 81.94%
2026-06-16 07:25:06 - __main__ - INFO - Val:   loss 1.2331 acc1 71.34%
2026-06-16 07:25:06 - __main__ - INFO - saved best: 71.34%
2026-06-16 07:25:06 - __main__ - INFO - 
Epoch 54/60 | lr 0.003953
2026-06-16 07:27:18 - __main__ - INFO - Train: loss 0.4765 acc1 83.15%
2026-06-16 07:27:18 - __main__ - INFO - Val:   loss 1.3012 acc1 69.92%
2026-06-16 07:27:18 - __main__ - INFO - 
Epoch 55/60 | lr 0.002917
2026-06-16 07:29:29 - __main__ - INFO - Train: loss 0.4449 acc1 84.20%
2026-06-16 07:29:29 - __main__ - INFO - Val:   loss 1.2661 acc1 69.58%
2026-06-16 07:29:29 - __main__ - INFO - 
Epoch 56/60 | lr 0.002035
2026-06-16 07:31:40 - __main__ - INFO - Train: loss 0.4132 acc1 85.26%
2026-06-16 07:31:40 - __main__ - INFO - Val:   loss 1.1935 acc1 71.96%
2026-06-16 07:31:40 - __main__ - INFO - saved best: 71.96%
2026-06-16 07:31:40 - __main__ - INFO - 
Epoch 57/60 | lr 0.001309
2026-06-16 07:33:52 - __main__ - INFO - Train: loss 0.3930 acc1 85.88%
2026-06-16 07:33:52 - __main__ - INFO - Val:   loss 1.1958 acc1 71.77%
2026-06-16 07:33:52 - __main__ - INFO - 
Epoch 58/60 | lr 0.000742
2026-06-16 07:36:04 - __main__ - INFO - Train: loss 0.3729 acc1 86.62%
2026-06-16 07:36:04 - __main__ - INFO - Val:   loss 1.2108 acc1 71.98%
2026-06-16 07:36:04 - __main__ - INFO - saved best: 71.98%
2026-06-16 07:36:04 - __main__ - INFO - 
Epoch 59/60 | lr 0.000336
2026-06-16 07:38:15 - __main__ - INFO - Train: loss 0.3588 acc1 87.11%
2026-06-16 07:38:15 - __main__ - INFO - Val:   loss 1.1834 acc1 73.18%
2026-06-16 07:38:15 - __main__ - INFO - saved best: 73.18%
2026-06-16 07:38:15 - __main__ - INFO - 
Epoch 60/60 | lr 0.000092
2026-06-16 07:40:26 - __main__ - INFO - Train: loss 0.3567 acc1 87.20%
2026-06-16 07:40:26 - __main__ - INFO - Val:   loss 1.1758 acc1 73.10%
2026-06-16 07:40:26 - __main__ - INFO - Loaded best checkpoint weights for final test evaluation.
2026-06-16 07:40:29 - __main__ - INFO - 
Best tracked (val): 73.18%
2026-06-16 07:40:29 - __main__ - INFO - Final test: loss 1.1805 acc1 72.62%
2026-06-16 07:40:29 - __main__ - INFO - Saved best model checkpoint to runs/drive_zip/42/resnet18_seed42_random_M8_area0.1/best_model.pt
