2026-02-25 19:38:43 - tune - INFO - Resolved training args for tune_resnet18_cifar100_ep150_bs128_lr0.03_wd3e-04_m0.9_nest1_ls0.0_schcosine_wu0: {"amp": true, "batch_size": 128, "cam_layer": "layer4", "data_dir": "./data", "dataset": "cifar100", "epochs": 150, "gamma": 0.1, "label_smoothing": 0.0, "log_every": 100, "lr": 0.03, "mask_area": 0.2, "mask_block": 8, "mask_prob": 0.75, "mask_warmup_epochs": 15, "masking": "none", "milestones": "60,80", "min_lr": 1e-05, "model": "resnet18", "momentum": 0.9, "nesterov": true, "num_workers": 2, "out_dir": "runs_optuna/_base_pre_tuning/resnet18/cifar100", "run_name": "tune_resnet18_cifar100_ep150_bs128_lr0.03_wd3e-04_m0.9_nest1_ls0.0_schcosine_wu0", "scheduler": "cosine", "seed": 42, "val_split": 0.1, "warmup_epochs": 0, "weight_decay": 0.0003}
2026-02-25 19:38:44 - tune - INFO - device: cuda | cuda: True | gpu: NVIDIA L4
2026-02-25 19:38:54 - tune - INFO - Model: resnet18 | Dataset: cifar100 | Classes: 100
2026-02-25 19:38:54 - tune - INFO - 
Epoch 1/150 | lr 0.030000
2026-02-25 19:39:06 - tune - INFO - Train: loss 3.7123 acc1 13.29% acc5 36.08%
2026-02-25 19:39:06 - tune - INFO - Val:   loss 3.3608 acc1 19.98% acc5 48.51%
2026-02-25 19:39:06 - tune - INFO - saved best: 19.98%
2026-02-25 19:39:06 - tune - INFO - 
Epoch 2/150 | lr 0.029997
2026-02-25 19:39:16 - tune - INFO - Train: loss 2.9028 acc1 26.88% acc5 57.85%
2026-02-25 19:39:16 - tune - INFO - Val:   loss 2.7472 acc1 31.03% acc5 62.57%
2026-02-25 19:39:16 - tune - INFO - saved best: 31.03%
2026-02-25 19:39:16 - tune - INFO - 
Epoch 3/150 | lr 0.029987
2026-02-25 19:39:26 - tune - INFO - Train: loss 2.3914 acc1 36.98% acc5 69.86%
2026-02-25 19:39:26 - tune - INFO - Val:   loss 2.4962 acc1 36.64% acc5 69.02%
2026-02-25 19:39:26 - tune - INFO - saved best: 36.64%
2026-02-25 19:39:26 - tune - INFO - 
Epoch 4/150 | lr 0.029970
2026-02-25 19:39:37 - tune - INFO - Train: loss 2.0518 acc1 44.50% acc5 76.96%
2026-02-25 19:39:37 - tune - INFO - Val:   loss 2.1342 acc1 43.13% acc5 76.19%
2026-02-25 19:39:37 - tune - INFO - saved best: 43.13%
2026-02-25 19:39:37 - tune - INFO - 
Epoch 5/150 | lr 0.029947
2026-02-25 19:39:46 - tune - INFO - Train: loss 1.8198 acc1 49.68% acc5 81.32%
2026-02-25 19:39:46 - tune - INFO - Val:   loss 2.0555 acc1 44.84% acc5 77.16%
2026-02-25 19:39:46 - tune - INFO - saved best: 44.84%
2026-02-25 19:39:46 - tune - INFO - 
Epoch 6/150 | lr 0.029918
2026-02-25 19:39:56 - tune - INFO - Train: loss 1.6341 acc1 53.87% acc5 84.21%
2026-02-25 19:39:56 - tune - INFO - Val:   loss 1.7903 acc1 51.50% acc5 82.43%
2026-02-25 19:39:56 - tune - INFO - saved best: 51.50%
2026-02-25 19:39:56 - tune - INFO - 
Epoch 7/150 | lr 0.029882
2026-02-25 19:40:07 - tune - INFO - Train: loss 1.4951 acc1 57.55% acc5 86.37%
2026-02-25 19:40:07 - tune - INFO - Val:   loss 1.7987 acc1 51.09% acc5 81.72%
2026-02-25 19:40:07 - tune - INFO - 
Epoch 8/150 | lr 0.029839
2026-02-25 19:40:16 - tune - INFO - Train: loss 1.3695 acc1 60.81% acc5 88.52%
2026-02-25 19:40:16 - tune - INFO - Val:   loss 1.6688 acc1 54.30% acc5 84.25%
2026-02-25 19:40:16 - tune - INFO - saved best: 54.30%
2026-02-25 19:40:16 - tune - INFO - 
Epoch 9/150 | lr 0.029790
2026-02-25 19:40:26 - tune - INFO - Train: loss 1.2703 acc1 63.23% acc5 89.76%
2026-02-25 19:40:26 - tune - INFO - Val:   loss 1.7131 acc1 54.62% acc5 84.25%
2026-02-25 19:40:26 - tune - INFO - saved best: 54.62%
2026-02-25 19:40:26 - tune - INFO - 
Epoch 10/150 | lr 0.029734
2026-02-25 19:40:36 - tune - INFO - Train: loss 1.1796 acc1 65.49% acc5 91.09%
2026-02-25 19:40:36 - tune - INFO - Val:   loss 1.5009 acc1 57.70% acc5 86.65%
2026-02-25 19:40:36 - tune - INFO - saved best: 57.70%
2026-02-25 19:40:36 - tune - INFO - 
Epoch 11/150 | lr 0.029672
