2026-03-10 17:30:49 - __main__ - INFO - Comparison pipeline | device=cuda | run_dir=./runs/malimg_2026_03_10/comparison_malimg_20260310_173049 | args={"amp": false, "batch_size": 128, "cam_layer": "auto", "config": "/content/CAMRegularization/configs.json", "data_dir": "./data", "dataset": "malimg", "epochs": 100, "gamma": 0.1, "input_models": ["efficientnet_b0", "densenet121"], "label_smoothing": 0.0, "log_every": 100, "lr": 0.1, "milestones": "60,80", "min_lr": 1e-05, "momentum": 0.9, "nesterov": false, "num_workers": 2, "out_dir": "./runs/malimg_2026_03_10/comparison_malimg_20260310_173049", "output_models": ["resnet18", "vit_b_16"], "run_name": "", "scheduler": "cosine", "seed": 42, "threshold": 0.3, "val_split": 0.1, "warmup_epochs": 5, "weight_decay": 0.0005}
2026-03-10 17:30:49 - __main__ - INFO - 
============================================================
2026-03-10 17:30:49 - __main__ - INFO - Training input model: efficientnet_b0
2026-03-10 17:30:49 - __main__ - INFO -   Resolved config → lr=0.05, wd=0.0001, bs=32, epochs=100, scheduler=cosine, warmup=5
2026-03-10 17:30:49 - __main__ - INFO - ============================================================
2026-03-10 17:30:49 - __main__ - INFO - device: cuda | cuda: True | gpu: NVIDIA L4
2026-03-10 17:31:54 - __main__ - INFO - Model: efficientnet_b0 | Dataset: malimg | Classes: 25
2026-03-10 17:31:54 - __main__ - INFO - 
Epoch 1/100 | lr 0.000050
2026-03-10 17:32:19 - __main__ - INFO - Train: loss 2.9002 acc1 34.02% f1 28.68%
2026-03-10 17:32:19 - __main__ - INFO - Val:   loss 2.9768 acc1 39.16% f1 32.74%
2026-03-10 17:32:19 - __main__ - INFO - saved best: 39.16%
2026-03-10 17:32:19 - __main__ - INFO - 
Epoch 2/100 | lr 0.010040
2026-03-10 17:32:42 - __main__ - INFO - Train: loss 0.9362 acc1 73.69% f1 70.53%
2026-03-10 17:32:42 - __main__ - INFO - Val:   loss 2.6843 acc1 82.61% f1 79.35%
2026-03-10 17:32:42 - __main__ - INFO - saved best: 82.61%
2026-03-10 17:32:42 - __main__ - INFO - 
Epoch 3/100 | lr 0.020030
2026-03-10 17:33:05 - __main__ - INFO - Train: loss 0.3879 acc1 88.74% f1 88.33%
2026-03-10 17:33:05 - __main__ - INFO - Val:   loss 0.9628 acc1 91.56% f1 90.32%
2026-03-10 17:33:05 - __main__ - INFO - saved best: 91.56%
2026-03-10 17:33:05 - __main__ - INFO - 
Epoch 4/100 | lr 0.030020
2026-03-10 17:33:28 - __main__ - INFO - Train: loss 0.2342 acc1 92.92% f1 92.59%
2026-03-10 17:33:28 - __main__ - INFO - Val:   loss 10.6438 acc1 83.57% f1 78.34%
2026-03-10 17:33:28 - __main__ - INFO - 
Epoch 5/100 | lr 0.040010
2026-03-10 17:33:52 - __main__ - INFO - Train: loss 0.2153 acc1 93.96% f1 93.70%
2026-03-10 17:33:52 - __main__ - INFO - Val:   loss 1.0139 acc1 78.56% f1 76.54%
2026-03-10 17:33:52 - __main__ - INFO - 
Epoch 6/100 | lr 0.050000
2026-03-10 17:34:15 - __main__ - INFO - Train: loss 0.2520 acc1 92.65% f1 92.20%
2026-03-10 17:34:15 - __main__ - INFO - Val:   loss 0.0975 acc1 96.47% f1 96.19%
2026-03-10 17:34:15 - __main__ - INFO - saved best: 96.47%
2026-03-10 17:34:15 - __main__ - INFO - 
Epoch 7/100 | lr 0.049986
2026-03-10 17:34:39 - __main__ - INFO - Train: loss 0.1025 acc1 96.90% f1 96.36%
2026-03-10 17:34:39 - __main__ - INFO - Val:   loss 0.0669 acc1 98.05% f1 97.53%
2026-03-10 17:34:39 - __main__ - INFO - saved best: 98.05%
2026-03-10 17:34:39 - __main__ - INFO - 
Epoch 8/100 | lr 0.049945
2026-03-10 17:35:02 - __main__ - INFO - Train: loss 0.0764 acc1 97.72% f1 97.18%
2026-03-10 17:35:02 - __main__ - INFO - Val:   loss 0.1098 acc1 97.08% f1 96.61%
2026-03-10 17:35:02 - __main__ - INFO - 
Epoch 9/100 | lr 0.049877
2026-03-10 17:35:25 - __main__ - INFO - Train: loss 0.0753 acc1 97.61% f1 97.20%
2026-03-10 17:35:25 - __main__ - INFO - Val:   loss 0.0751 acc1 97.66% f1 97.07%
2026-03-10 17:35:25 - __main__ - INFO - 
Epoch 10/100 | lr 0.049782
2026-03-10 17:35:49 - __main__ - INFO - Train: loss 0.0966 acc1 97.47% f1 97.06%
2026-03-10 17:35:49 - __main__ - INFO - Val:   loss 2.3312 acc1 78.91% f1 75.76%
2026-03-10 17:35:49 - __main__ - INFO - 
Epoch 11/100 | lr 0.049659
2026-03-10 17:36:12 - __main__ - INFO - Train: loss 0.1399 acc1 96.05% f1 95.65%
2026-03-10 17:36:12 - __main__ - INFO - Val:   loss 1.4464 acc1 78.67% f1 78.47%
2026-03-10 17:36:12 - __main__ - INFO - 
Epoch 12/100 | lr 0.049510
2026-03-10 17:36:35 - __main__ - INFO - Train: loss 0.0941 acc1 97.05% f1 96.55%
2026-03-10 17:36:35 - __main__ - INFO - Val:   loss 0.1111 acc1 97.57% f1 97.23%
2026-03-10 17:36:35 - __main__ - INFO - 
Epoch 13/100 | lr 0.049333
2026-03-10 17:36:59 - __main__ - INFO - Train: loss 0.0804 acc1 97.77% f1 97.39%
2026-03-10 17:36:59 - __main__ - INFO - Val:   loss 0.0634 acc1 98.57% f1 97.98%
2026-03-10 17:36:59 - __main__ - INFO - saved best: 98.57%
2026-03-10 17:36:59 - __main__ - INFO - 
Epoch 14/100 | lr 0.049130
2026-03-10 17:37:22 - __main__ - INFO - Train: loss 0.0798 acc1 97.49% f1 96.95%
2026-03-10 17:37:22 - __main__ - INFO - Val:   loss 0.0520 acc1 98.51% f1 97.98%
2026-03-10 17:37:22 - __main__ - INFO - 
Epoch 15/100 | lr 0.048901
2026-03-10 17:37:45 - __main__ - INFO - Train: loss 0.0694 acc1 97.96% f1 97.43%
2026-03-10 17:37:45 - __main__ - INFO - Val:   loss 0.0593 acc1 98.31% f1 97.76%
2026-03-10 17:37:45 - __main__ - INFO - 
Epoch 16/100 | lr 0.048646
2026-03-10 17:38:08 - __main__ - INFO - Train: loss 0.0551 acc1 98.29% f1 97.77%
2026-03-10 17:38:08 - __main__ - INFO - Val:   loss 0.0565 acc1 98.11% f1 97.51%
2026-03-10 17:38:08 - __main__ - INFO - 
Epoch 17/100 | lr 0.048364
2026-03-10 17:38:32 - __main__ - INFO - Train: loss 0.0543 acc1 98.42% f1 98.02%
2026-03-10 17:38:32 - __main__ - INFO - Val:   loss 0.0644 acc1 98.31% f1 97.76%
2026-03-10 17:38:32 - __main__ - INFO - 
Epoch 18/100 | lr 0.048058
2026-03-10 17:38:55 - __main__ - INFO - Train: loss 0.0614 acc1 98.08% f1 97.67%
2026-03-10 17:38:55 - __main__ - INFO - Val:   loss 0.0812 acc1 97.33% f1 96.55%
2026-03-10 17:38:55 - __main__ - INFO - 
Epoch 19/100 | lr 0.047726
2026-03-10 17:39:18 - __main__ - INFO - Train: loss 0.0713 acc1 97.92% f1 97.38%
2026-03-10 17:39:18 - __main__ - INFO - Val:   loss 0.0610 acc1 98.31% f1 97.77%
2026-03-10 17:39:18 - __main__ - INFO - 
Epoch 20/100 | lr 0.047369
2026-03-10 17:39:42 - __main__ - INFO - Train: loss 0.0505 acc1 98.38% f1 97.98%
2026-03-10 17:39:42 - __main__ - INFO - Val:   loss 0.0772 acc1 98.21% f1 97.62%
2026-03-10 17:39:42 - __main__ - INFO - 
Epoch 21/100 | lr 0.046987
2026-03-10 17:40:05 - __main__ - INFO - Train: loss 0.0650 acc1 97.98% f1 97.70%
2026-03-10 17:40:05 - __main__ - INFO - Val:   loss 0.1183 acc1 97.05% f1 96.55%
2026-03-10 17:40:05 - __main__ - INFO - 
Epoch 22/100 | lr 0.046582
2026-03-10 17:40:28 - __main__ - INFO - Train: loss 0.0872 acc1 97.54% f1 97.25%
2026-03-10 17:40:28 - __main__ - INFO - Val:   loss 0.0897 acc1 97.14% f1 96.01%
2026-03-10 17:40:28 - __main__ - INFO - 
Epoch 23/100 | lr 0.046153
2026-03-10 17:40:52 - __main__ - INFO - Train: loss 0.0654 acc1 98.01% f1 97.50%
2026-03-10 17:40:52 - __main__ - INFO - Val:   loss 0.0598 acc1 98.05% f1 97.52%
2026-03-10 17:40:52 - __main__ - INFO - 
Epoch 24/100 | lr 0.045701
2026-03-10 17:41:15 - __main__ - INFO - Train: loss 0.0660 acc1 98.04% f1 97.64%
2026-03-10 17:41:15 - __main__ - INFO - Val:   loss 0.0510 acc1 98.47% f1 97.87%
2026-03-10 17:41:15 - __main__ - INFO - 
Epoch 25/100 | lr 0.045226
2026-03-10 17:41:38 - __main__ - INFO - Train: loss 0.0579 acc1 98.14% f1 97.61%
2026-03-10 17:41:38 - __main__ - INFO - Val:   loss 0.0570 acc1 98.31% f1 97.77%
2026-03-10 17:41:38 - __main__ - INFO - 
Epoch 26/100 | lr 0.044730
2026-03-10 17:42:01 - __main__ - INFO - Train: loss 0.0484 acc1 98.58% f1 98.05%
2026-03-10 17:42:01 - __main__ - INFO - Val:   loss 0.0613 acc1 98.41% f1 97.87%
2026-03-10 17:42:01 - __main__ - INFO - 
Epoch 27/100 | lr 0.044211
2026-03-10 17:42:25 - __main__ - INFO - Train: loss 0.0515 acc1 98.38% f1 97.97%
2026-03-10 17:42:25 - __main__ - INFO - Val:   loss 0.0745 acc1 97.66% f1 97.14%
2026-03-10 17:42:25 - __main__ - INFO - 
Epoch 28/100 | lr 0.043672
2026-03-10 17:42:48 - __main__ - INFO - Train: loss 0.0550 acc1 98.28% f1 97.88%
2026-03-10 17:42:48 - __main__ - INFO - Val:   loss 0.0581 acc1 98.31% f1 97.75%
2026-03-10 17:42:48 - __main__ - INFO - 
Epoch 29/100 | lr 0.043112
2026-03-10 17:43:11 - __main__ - INFO - Train: loss 0.0636 acc1 98.15% f1 97.75%
2026-03-10 17:43:11 - __main__ - INFO - Val:   loss 0.0763 acc1 98.18% f1 97.77%
2026-03-10 17:43:11 - __main__ - INFO - 
Epoch 30/100 | lr 0.042532
2026-03-10 17:43:35 - __main__ - INFO - Train: loss 0.0614 acc1 98.08% f1 97.68%
2026-03-10 17:43:35 - __main__ - INFO - Val:   loss 0.0860 acc1 97.18% f1 96.68%
2026-03-10 17:43:35 - __main__ - INFO - 
Epoch 31/100 | lr 0.041934
2026-03-10 17:43:58 - __main__ - INFO - Train: loss 0.0695 acc1 98.13% f1 97.73%
2026-03-10 17:43:58 - __main__ - INFO - Val:   loss 1.8743 acc1 81.94% f1 78.13%
2026-03-10 17:43:58 - __main__ - INFO - 
Epoch 32/100 | lr 0.041316
2026-03-10 17:44:21 - __main__ - INFO - Train: loss 0.0619 acc1 98.14% f1 97.61%
2026-03-10 17:44:21 - __main__ - INFO - Val:   loss 0.0554 acc1 98.41% f1 97.86%
2026-03-10 17:44:21 - __main__ - INFO - 
Epoch 33/100 | lr 0.040681
2026-03-10 17:44:45 - __main__ - INFO - Train: loss 0.0612 acc1 98.26% f1 97.98%
2026-03-10 17:44:45 - __main__ - INFO - Val:   loss 0.1471 acc1 96.55% f1 96.09%
2026-03-10 17:44:45 - __main__ - INFO - 
Epoch 34/100 | lr 0.040029
2026-03-10 17:45:08 - __main__ - INFO - Train: loss 0.0739 acc1 97.93% f1 97.53%
2026-03-10 17:45:08 - __main__ - INFO - Val:   loss 0.0481 acc1 98.57% f1 97.97%
2026-03-10 17:45:08 - __main__ - INFO - 
Epoch 35/100 | lr 0.039360
2026-03-10 17:45:31 - __main__ - INFO - Train: loss 0.0847 acc1 97.90% f1 97.76%
2026-03-10 17:45:31 - __main__ - INFO - Val:   loss 0.2071 acc1 95.64% f1 95.41%
2026-03-10 17:45:31 - __main__ - INFO - 
Epoch 36/100 | lr 0.038676
2026-03-10 17:45:55 - __main__ - INFO - Train: loss 0.0643 acc1 98.28% f1 97.87%
2026-03-10 17:45:55 - __main__ - INFO - Val:   loss 0.0871 acc1 98.08% f1 97.44%
2026-03-10 17:45:55 - __main__ - INFO - 
Epoch 37/100 | lr 0.037977
2026-03-10 17:46:18 - __main__ - INFO - Train: loss 0.0655 acc1 98.27% f1 97.86%
2026-03-10 17:46:18 - __main__ - INFO - Val:   loss 0.0726 acc1 97.73% f1 97.31%
2026-03-10 17:46:18 - __main__ - INFO - 
Epoch 38/100 | lr 0.037263
2026-03-10 17:46:41 - __main__ - INFO - Train: loss 0.0537 acc1 98.40% f1 98.00%
2026-03-10 17:46:41 - __main__ - INFO - Val:   loss 0.0652 acc1 98.34% f1 97.87%
2026-03-10 17:46:41 - __main__ - INFO - 
Epoch 39/100 | lr 0.036536
2026-03-10 17:47:05 - __main__ - INFO - Train: loss 0.0491 acc1 98.54% f1 98.01%
2026-03-10 17:47:05 - __main__ - INFO - Val:   loss 0.0542 acc1 98.31% f1 97.74%
2026-03-10 17:47:05 - __main__ - INFO - 
Epoch 40/100 | lr 0.035797
2026-03-10 17:47:28 - __main__ - INFO - Train: loss 0.0435 acc1 98.77% f1 98.24%
2026-03-10 17:47:28 - __main__ - INFO - Val:   loss 0.0550 acc1 98.57% f1 97.97%
2026-03-10 17:47:28 - __main__ - INFO - 
Epoch 41/100 | lr 0.035045
2026-03-10 17:47:51 - __main__ - INFO - Train: loss 0.0457 acc1 98.63% f1 98.23%
2026-03-10 17:47:51 - __main__ - INFO - Val:   loss 0.0580 acc1 98.67% f1 98.08%
2026-03-10 17:47:51 - __main__ - INFO - saved best: 98.67%
2026-03-10 17:47:51 - __main__ - INFO - 
Epoch 42/100 | lr 0.034283
2026-03-10 17:48:14 - __main__ - INFO - Train: loss 0.0451 acc1 98.62% f1 98.09%
2026-03-10 17:48:14 - __main__ - INFO - Val:   loss 0.0615 acc1 98.47% f1 97.86%
2026-03-10 17:48:14 - __main__ - INFO - 
Epoch 43/100 | lr 0.033511
2026-03-10 17:48:38 - __main__ - INFO - Train: loss 0.0435 acc1 98.74% f1 98.21%
2026-03-10 17:48:38 - __main__ - INFO - Val:   loss 0.0726 acc1 98.25% f1 97.76%
2026-03-10 17:48:38 - __main__ - INFO - 
Epoch 44/100 | lr 0.032729
2026-03-10 17:49:01 - __main__ - INFO - Train: loss 0.0396 acc1 98.81% f1 98.28%
2026-03-10 17:49:01 - __main__ - INFO - Val:   loss 0.0587 acc1 98.25% f1 97.76%
2026-03-10 17:49:01 - __main__ - INFO - 
Epoch 45/100 | lr 0.031939
2026-03-10 17:49:24 - __main__ - INFO - Train: loss 0.0385 acc1 98.84% f1 98.31%
2026-03-10 17:49:24 - __main__ - INFO - Val:   loss 0.0571 acc1 98.41% f1 97.87%
2026-03-10 17:49:24 - __main__ - INFO - 
Epoch 46/100 | lr 0.031141
2026-03-10 17:49:48 - __main__ - INFO - Train: loss 0.0393 acc1 98.84% f1 98.31%
2026-03-10 17:49:48 - __main__ - INFO - Val:   loss 0.0535 acc1 98.41% f1 97.87%
2026-03-10 17:49:48 - __main__ - INFO - 
Epoch 47/100 | lr 0.030336
2026-03-10 17:50:11 - __main__ - INFO - Train: loss 0.0394 acc1 98.80% f1 98.26%
2026-03-10 17:50:11 - __main__ - INFO - Val:   loss 0.0464 acc1 98.41% f1 97.86%
2026-03-10 17:50:11 - __main__ - INFO - 
Epoch 48/100 | lr 0.029526
2026-03-10 17:50:35 - __main__ - INFO - Train: loss 0.0444 acc1 98.46% f1 98.18%
2026-03-10 17:50:35 - __main__ - INFO - Val:   loss 0.0528 acc1 98.47% f1 97.86%
2026-03-10 17:50:35 - __main__ - INFO - 
Epoch 49/100 | lr 0.028711
2026-03-10 17:50:58 - __main__ - INFO - Train: loss 0.0459 acc1 98.61% f1 98.08%
2026-03-10 17:50:58 - __main__ - INFO - Val:   loss 0.0541 acc1 98.51% f1 97.97%
2026-03-10 17:50:58 - __main__ - INFO - 
Epoch 50/100 | lr 0.027892
2026-03-10 17:51:21 - __main__ - INFO - Train: loss 0.0402 acc1 98.80% f1 98.26%
2026-03-10 17:51:21 - __main__ - INFO - Val:   loss 0.0531 acc1 98.57% f1 97.97%
2026-03-10 17:51:21 - __main__ - INFO - 
Epoch 51/100 | lr 0.027069
2026-03-10 17:51:44 - __main__ - INFO - Train: loss 0.0424 acc1 98.68% f1 98.28%
2026-03-10 17:51:44 - __main__ - INFO - Val:   loss 0.0516 acc1 98.47% f1 97.86%
2026-03-10 17:51:44 - __main__ - INFO - 
Epoch 52/100 | lr 0.026244
2026-03-10 17:52:08 - __main__ - INFO - Train: loss 0.0561 acc1 98.43% f1 98.02%
2026-03-10 17:52:08 - __main__ - INFO - Val:   loss 0.0585 acc1 98.51% f1 97.97%
2026-03-10 17:52:08 - __main__ - INFO - 
Epoch 53/100 | lr 0.025418
2026-03-10 17:52:31 - __main__ - INFO - Train: loss 0.0631 acc1 98.13% f1 97.85%
2026-03-10 17:52:31 - __main__ - INFO - Val:   loss 0.0607 acc1 98.18% f1 97.76%
2026-03-10 17:52:31 - __main__ - INFO - 
Epoch 54/100 | lr 0.024592
2026-03-10 17:52:54 - __main__ - INFO - Train: loss 0.0587 acc1 98.24% f1 98.09%
2026-03-10 17:52:54 - __main__ - INFO - Val:   loss 0.2445 acc1 94.01% f1 94.15%
2026-03-10 17:52:54 - __main__ - INFO - 
Epoch 55/100 | lr 0.023766
2026-03-10 17:53:18 - __main__ - INFO - Train: loss 0.0473 acc1 98.60% f1 98.06%
2026-03-10 17:53:18 - __main__ - INFO - Val:   loss 0.0759 acc1 98.51% f1 97.97%
2026-03-10 17:53:18 - __main__ - INFO - 
Epoch 56/100 | lr 0.022941
2026-03-10 17:53:41 - __main__ - INFO - Train: loss 0.0418 acc1 98.78% f1 98.25%
2026-03-10 17:53:41 - __main__ - INFO - Val:   loss 0.0540 acc1 98.67% f1 98.09%
2026-03-10 17:53:41 - __main__ - INFO - 
Epoch 57/100 | lr 0.022118
2026-03-10 17:54:04 - __main__ - INFO - Train: loss 0.0415 acc1 98.77% f1 98.24%
2026-03-10 17:54:04 - __main__ - INFO - Val:   loss 0.0483 acc1 98.83% f1 98.19%
2026-03-10 17:54:04 - __main__ - INFO - saved best: 98.83%
2026-03-10 17:54:04 - __main__ - INFO - 
Epoch 58/100 | lr 0.021299
2026-03-10 17:54:28 - __main__ - INFO - Train: loss 0.0386 acc1 98.86% f1 98.33%
2026-03-10 17:54:28 - __main__ - INFO - Val:   loss 0.0525 acc1 98.60% f1 98.09%
2026-03-10 17:54:28 - __main__ - INFO - 
Epoch 59/100 | lr 0.020484
2026-03-10 17:54:51 - __main__ - INFO - Train: loss 0.0407 acc1 98.75% f1 98.35%
2026-03-10 17:54:51 - __main__ - INFO - Val:   loss 0.0615 acc1 98.51% f1 97.98%
2026-03-10 17:54:51 - __main__ - INFO - 
Epoch 60/100 | lr 0.019674
2026-03-10 17:55:14 - __main__ - INFO - Train: loss 0.0394 acc1 98.78% f1 98.25%
2026-03-10 17:55:14 - __main__ - INFO - Val:   loss 0.0542 acc1 98.51% f1 97.98%
2026-03-10 17:55:14 - __main__ - INFO - 
Epoch 61/100 | lr 0.018869
2026-03-10 17:55:38 - __main__ - INFO - Train: loss 0.0377 acc1 98.88% f1 98.35%
2026-03-10 17:55:38 - __main__ - INFO - Val:   loss 0.0638 acc1 98.51% f1 97.98%
2026-03-10 17:55:38 - __main__ - INFO - 
Epoch 62/100 | lr 0.018071
2026-03-10 17:56:01 - __main__ - INFO - Train: loss 0.0377 acc1 98.85% f1 98.32%
2026-03-10 17:56:01 - __main__ - INFO - Val:   loss 0.0674 acc1 98.51% f1 97.98%
2026-03-10 17:56:01 - __main__ - INFO - 
Epoch 63/100 | lr 0.017281
2026-03-10 17:56:24 - __main__ - INFO - Train: loss 0.0365 acc1 98.88% f1 98.35%
2026-03-10 17:56:24 - __main__ - INFO - Val:   loss 0.0531 acc1 98.67% f1 98.09%
2026-03-10 17:56:24 - __main__ - INFO - 
Epoch 64/100 | lr 0.016499
2026-03-10 17:56:48 - __main__ - INFO - Train: loss 0.0364 acc1 98.88% f1 98.35%
2026-03-10 17:56:48 - __main__ - INFO - Val:   loss 0.0647 acc1 98.51% f1 97.98%
2026-03-10 17:56:48 - __main__ - INFO - 
Epoch 65/100 | lr 0.015727
2026-03-10 17:57:11 - __main__ - INFO - Train: loss 0.0375 acc1 98.86% f1 98.33%
2026-03-10 17:57:11 - __main__ - INFO - Val:   loss 0.0571 acc1 98.67% f1 98.09%
2026-03-10 17:57:11 - __main__ - INFO - 
Epoch 66/100 | lr 0.014965
2026-03-10 17:57:34 - __main__ - INFO - Train: loss 0.0383 acc1 98.88% f1 98.35%
2026-03-10 17:57:34 - __main__ - INFO - Val:   loss 0.0624 acc1 98.51% f1 97.98%
2026-03-10 17:57:34 - __main__ - INFO - 
Epoch 67/100 | lr 0.014213
2026-03-10 17:57:57 - __main__ - INFO - Train: loss 0.0432 acc1 98.55% f1 98.28%
2026-03-10 17:57:57 - __main__ - INFO - Val:   loss 0.0675 acc1 98.41% f1 97.87%
2026-03-10 17:57:57 - __main__ - INFO - 
Epoch 68/100 | lr 0.013474
2026-03-10 17:58:21 - __main__ - INFO - Train: loss 0.0473 acc1 98.59% f1 98.32%
2026-03-10 17:58:21 - __main__ - INFO - Val:   loss 0.0709 acc1 98.41% f1 97.87%
2026-03-10 17:58:21 - __main__ - INFO - 
Epoch 69/100 | lr 0.012747
2026-03-10 17:58:44 - __main__ - INFO - Train: loss 0.0399 acc1 98.77% f1 98.24%
2026-03-10 17:58:44 - __main__ - INFO - Val:   loss 0.0607 acc1 98.57% f1 97.97%
2026-03-10 17:58:44 - __main__ - INFO - 
Epoch 70/100 | lr 0.012033
2026-03-10 17:59:07 - __main__ - INFO - Train: loss 0.0418 acc1 98.70% f1 98.29%
2026-03-10 17:59:07 - __main__ - INFO - Val:   loss 0.0593 acc1 98.67% f1 98.08%
2026-03-10 17:59:07 - __main__ - INFO - 
Epoch 71/100 | lr 0.011334
2026-03-10 17:59:31 - __main__ - INFO - Train: loss 0.0595 acc1 98.53% f1 98.25%
2026-03-10 17:59:31 - __main__ - INFO - Val:   loss 0.0614 acc1 98.25% f1 97.76%
2026-03-10 17:59:31 - __main__ - INFO - 
Epoch 72/100 | lr 0.010650
2026-03-10 17:59:54 - __main__ - INFO - Train: loss 0.0454 acc1 98.59% f1 98.18%
2026-03-10 17:59:54 - __main__ - INFO - Val:   loss 0.0550 acc1 98.25% f1 97.76%
2026-03-10 17:59:54 - __main__ - INFO - 
Epoch 73/100 | lr 0.009981
2026-03-10 18:00:17 - __main__ - INFO - Train: loss 0.0571 acc1 98.57% f1 98.29%
2026-03-10 18:00:17 - __main__ - INFO - Val:   loss 0.0611 acc1 98.51% f1 97.98%
2026-03-10 18:00:17 - __main__ - INFO - 
Epoch 74/100 | lr 0.009329
2026-03-10 18:00:41 - __main__ - INFO - Train: loss 0.0415 acc1 98.85% f1 98.32%
2026-03-10 18:00:41 - __main__ - INFO - Val:   loss 0.0574 acc1 98.41% f1 97.87%
2026-03-10 18:00:41 - __main__ - INFO - 
Epoch 75/100 | lr 0.008694
2026-03-10 18:01:04 - __main__ - INFO - Train: loss 0.0447 acc1 98.68% f1 98.28%
2026-03-10 18:01:04 - __main__ - INFO - Val:   loss 0.0602 acc1 98.57% f1 97.97%
2026-03-10 18:01:04 - __main__ - INFO - 
Epoch 76/100 | lr 0.008076
2026-03-10 18:01:27 - __main__ - INFO - Train: loss 0.0393 acc1 98.78% f1 98.25%
2026-03-10 18:01:27 - __main__ - INFO - Val:   loss 0.0567 acc1 98.57% f1 97.97%
2026-03-10 18:01:27 - __main__ - INFO - 
Epoch 77/100 | lr 0.007478
2026-03-10 18:01:51 - __main__ - INFO - Train: loss 0.0363 acc1 98.86% f1 98.33%
2026-03-10 18:01:51 - __main__ - INFO - Val:   loss 0.0555 acc1 98.57% f1 97.97%
2026-03-10 18:01:51 - __main__ - INFO - 
Epoch 78/100 | lr 0.006898
2026-03-10 18:02:14 - __main__ - INFO - Train: loss 0.0408 acc1 98.72% f1 98.32%
2026-03-10 18:02:14 - __main__ - INFO - Val:   loss 0.0572 acc1 98.41% f1 97.87%
2026-03-10 18:02:14 - __main__ - INFO - 
Epoch 79/100 | lr 0.006338
2026-03-10 18:02:37 - __main__ - INFO - Train: loss 0.0424 acc1 98.57% f1 98.29%
2026-03-10 18:02:37 - __main__ - INFO - Val:   loss 0.0553 acc1 98.41% f1 97.87%
2026-03-10 18:02:37 - __main__ - INFO - 
Epoch 80/100 | lr 0.005799
2026-03-10 18:03:01 - __main__ - INFO - Train: loss 0.0401 acc1 98.71% f1 98.31%
2026-03-10 18:03:01 - __main__ - INFO - Val:   loss 0.0559 acc1 98.57% f1 97.97%
2026-03-10 18:03:01 - __main__ - INFO - 
Epoch 81/100 | lr 0.005280
2026-03-10 18:03:24 - __main__ - INFO - Train: loss 0.0370 acc1 98.86% f1 98.33%
2026-03-10 18:03:24 - __main__ - INFO - Val:   loss 0.0611 acc1 98.51% f1 97.98%
2026-03-10 18:03:24 - __main__ - INFO - 
Epoch 82/100 | lr 0.004784
2026-03-10 18:03:47 - __main__ - INFO - Train: loss 0.0370 acc1 98.88% f1 98.35%
2026-03-10 18:03:47 - __main__ - INFO - Val:   loss 0.0609 acc1 98.41% f1 97.87%
2026-03-10 18:03:47 - __main__ - INFO - 
Epoch 83/100 | lr 0.004309
2026-03-10 18:04:11 - __main__ - INFO - Train: loss 0.0374 acc1 98.88% f1 98.35%
2026-03-10 18:04:11 - __main__ - INFO - Val:   loss 0.0570 acc1 98.67% f1 98.09%
2026-03-10 18:04:11 - __main__ - INFO - 
Epoch 84/100 | lr 0.003857
2026-03-10 18:04:34 - __main__ - INFO - Train: loss 0.0374 acc1 98.86% f1 98.33%
2026-03-10 18:04:34 - __main__ - INFO - Val:   loss 0.0599 acc1 98.51% f1 97.98%
2026-03-10 18:04:34 - __main__ - INFO - 
Epoch 85/100 | lr 0.003428
2026-03-10 18:04:57 - __main__ - INFO - Train: loss 0.0376 acc1 98.88% f1 98.35%
2026-03-10 18:04:57 - __main__ - INFO - Val:   loss 0.0501 acc1 98.73% f1 98.08%
2026-03-10 18:04:57 - __main__ - INFO - 
Epoch 86/100 | lr 0.003023
2026-03-10 18:05:21 - __main__ - INFO - Train: loss 0.0370 acc1 98.84% f1 98.31%
2026-03-10 18:05:21 - __main__ - INFO - Val:   loss 0.0601 acc1 98.41% f1 97.87%
2026-03-10 18:05:21 - __main__ - INFO - 
Epoch 87/100 | lr 0.002641
2026-03-10 18:05:44 - __main__ - INFO - Train: loss 0.0359 acc1 98.88% f1 98.35%
2026-03-10 18:05:44 - __main__ - INFO - Val:   loss 0.0597 acc1 98.41% f1 97.87%
2026-03-10 18:05:44 - __main__ - INFO - 
Epoch 88/100 | lr 0.002284
2026-03-10 18:06:07 - __main__ - INFO - Train: loss 0.0360 acc1 98.88% f1 98.35%
2026-03-10 18:06:07 - __main__ - INFO - Val:   loss 0.0575 acc1 98.57% f1 97.97%
2026-03-10 18:06:07 - __main__ - INFO - 
Epoch 89/100 | lr 0.001952
2026-03-10 18:06:31 - __main__ - INFO - Train: loss 0.0579 acc1 98.44% f1 98.29%
2026-03-10 18:06:31 - __main__ - INFO - Val:   loss 0.0574 acc1 98.41% f1 97.87%
2026-03-10 18:06:31 - __main__ - INFO - 
Epoch 90/100 | lr 0.001646
2026-03-10 18:06:54 - __main__ - INFO - Train: loss 0.0364 acc1 98.88% f1 98.35%
2026-03-10 18:06:54 - __main__ - INFO - Val:   loss 0.0602 acc1 98.41% f1 97.87%
2026-03-10 18:06:54 - __main__ - INFO - 
Epoch 91/100 | lr 0.001364
2026-03-10 18:07:18 - __main__ - INFO - Train: loss 0.0396 acc1 98.74% f1 98.33%
2026-03-10 18:07:18 - __main__ - INFO - Val:   loss 0.0618 acc1 98.41% f1 97.87%
2026-03-10 18:07:18 - __main__ - INFO - 
Epoch 92/100 | lr 0.001109
2026-03-10 18:07:41 - __main__ - INFO - Train: loss 0.0366 acc1 98.84% f1 98.31%
2026-03-10 18:07:41 - __main__ - INFO - Val:   loss 0.0576 acc1 98.51% f1 97.98%
2026-03-10 18:07:41 - __main__ - INFO - 
Epoch 93/100 | lr 0.000880
2026-03-10 18:08:04 - __main__ - INFO - Train: loss 0.0363 acc1 98.88% f1 98.35%
2026-03-10 18:08:04 - __main__ - INFO - Val:   loss 0.0628 acc1 98.51% f1 97.98%
2026-03-10 18:08:04 - __main__ - INFO - 
Epoch 94/100 | lr 0.000677
2026-03-10 18:08:27 - __main__ - INFO - Train: loss 0.0390 acc1 98.70% f1 98.29%
2026-03-10 18:08:27 - __main__ - INFO - Val:   loss 0.0598 acc1 98.41% f1 97.87%
2026-03-10 18:08:27 - __main__ - INFO - 
Epoch 95/100 | lr 0.000500
2026-03-10 18:08:51 - __main__ - INFO - Train: loss 0.0363 acc1 98.86% f1 98.33%
2026-03-10 18:08:51 - __main__ - INFO - Val:   loss 0.0607 acc1 98.51% f1 97.98%
2026-03-10 18:08:51 - __main__ - INFO - 
Epoch 96/100 | lr 0.000351
2026-03-10 18:09:14 - __main__ - INFO - Train: loss 0.0363 acc1 98.86% f1 98.33%
2026-03-10 18:09:14 - __main__ - INFO - Val:   loss 0.0581 acc1 98.41% f1 97.87%
2026-03-10 18:09:14 - __main__ - INFO - 
Epoch 97/100 | lr 0.000228
2026-03-10 18:09:37 - __main__ - INFO - Train: loss 0.0370 acc1 98.88% f1 98.35%
2026-03-10 18:09:37 - __main__ - INFO - Val:   loss 0.0626 acc1 98.51% f1 97.98%
2026-03-10 18:09:37 - __main__ - INFO - 
Epoch 98/100 | lr 0.000133
2026-03-10 18:10:01 - __main__ - INFO - Train: loss 0.0374 acc1 98.86% f1 98.33%
2026-03-10 18:10:01 - __main__ - INFO - Val:   loss 0.0669 acc1 98.51% f1 97.98%
2026-03-10 18:10:01 - __main__ - INFO - 
Epoch 99/100 | lr 0.000065
2026-03-10 18:10:24 - __main__ - INFO - Train: loss 0.0362 acc1 98.86% f1 98.33%
2026-03-10 18:10:24 - __main__ - INFO - Val:   loss 0.0608 acc1 98.51% f1 97.98%
2026-03-10 18:10:24 - __main__ - INFO - 
Epoch 100/100 | lr 0.000024
2026-03-10 18:10:47 - __main__ - INFO - Train: loss 0.0445 acc1 98.59% f1 98.32%
2026-03-10 18:10:47 - __main__ - INFO - Val:   loss 0.0587 acc1 98.51% f1 97.98%
2026-03-10 18:10:50 - __main__ - INFO - 
Best tracked (val): 98.83%
2026-03-10 18:10:50 - __main__ - INFO - Final test: loss 0.0525 acc1 98.47% f1 97.85%
2026-03-10 18:10:51 - __main__ - INFO - Input model efficientnet_b0 done — test acc 98.47%, test F1 97.85%
2026-03-10 18:10:51 - __main__ - INFO - 
============================================================
2026-03-10 18:10:51 - __main__ - INFO - Training input model: densenet121
2026-03-10 18:10:51 - __main__ - INFO -   Resolved config → lr=0.1, wd=0.0001, bs=32, epochs=100, scheduler=cosine, warmup=5
2026-03-10 18:10:51 - __main__ - INFO - ============================================================
2026-03-10 18:10:51 - __main__ - INFO - device: cuda | cuda: True | gpu: NVIDIA L4
2026-03-10 18:10:52 - __main__ - INFO - Model: densenet121 | Dataset: malimg | Classes: 25
2026-03-10 18:10:52 - __main__ - INFO - 
Epoch 1/100 | lr 0.000100
2026-03-10 18:11:34 - __main__ - INFO - Train: loss 2.2690 acc1 43.22% f1 33.43%
2026-03-10 18:11:34 - __main__ - INFO - Val:   loss 1.6083 acc1 67.89% f1 55.18%
2026-03-10 18:11:34 - __main__ - INFO - saved best: 67.89%
2026-03-10 18:11:34 - __main__ - INFO - 
Epoch 2/100 | lr 0.020080
2026-03-10 18:12:15 - __main__ - INFO - Train: loss 0.3085 acc1 91.66% f1 91.07%
2026-03-10 18:12:15 - __main__ - INFO - Val:   loss 0.2268 acc1 92.78% f1 93.15%
2026-03-10 18:12:15 - __main__ - INFO - saved best: 92.78%
2026-03-10 18:12:15 - __main__ - INFO - 
Epoch 3/100 | lr 0.040060
2026-03-10 18:12:57 - __main__ - INFO - Train: loss 0.1543 acc1 95.54% f1 94.99%
2026-03-10 18:12:57 - __main__ - INFO - Val:   loss 0.2425 acc1 93.24% f1 91.87%
2026-03-10 18:12:57 - __main__ - INFO - saved best: 93.24%
2026-03-10 18:12:57 - __main__ - INFO - 
Epoch 4/100 | lr 0.060040
2026-03-10 18:13:39 - __main__ - INFO - Train: loss 0.2116 acc1 93.81% f1 93.68%
2026-03-10 18:13:39 - __main__ - INFO - Val:   loss 5.1436 acc1 47.80% f1 46.17%
2026-03-10 18:13:39 - __main__ - INFO - 
Epoch 5/100 | lr 0.080020
2026-03-10 18:14:20 - __main__ - INFO - Train: loss 0.2632 acc1 94.02% f1 93.59%
2026-03-10 18:14:20 - __main__ - INFO - Val:   loss 0.0911 acc1 97.60% f1 97.02%
2026-03-10 18:14:20 - __main__ - INFO - saved best: 97.60%
2026-03-10 18:14:20 - __main__ - INFO - 
Epoch 6/100 | lr 0.100000
2026-03-10 18:15:02 - __main__ - INFO - Train: loss 0.1204 acc1 96.33% f1 95.90%
2026-03-10 18:15:02 - __main__ - INFO - Val:   loss 0.1664 acc1 95.56% f1 95.00%
2026-03-10 18:15:02 - __main__ - INFO - 
Epoch 7/100 | lr 0.099973
2026-03-10 18:15:43 - __main__ - INFO - Train: loss 0.1067 acc1 96.63% f1 96.29%
2026-03-10 18:15:43 - __main__ - INFO - Val:   loss 0.1136 acc1 96.34% f1 95.90%
2026-03-10 18:15:43 - __main__ - INFO - 
Epoch 8/100 | lr 0.099891
2026-03-10 18:16:25 - __main__ - INFO - Train: loss 0.1055 acc1 96.66% f1 96.36%
2026-03-10 18:16:25 - __main__ - INFO - Val:   loss 1.1791 acc1 77.58% f1 67.38%
2026-03-10 18:16:25 - __main__ - INFO - 
Epoch 9/100 | lr 0.099754
2026-03-10 18:17:06 - __main__ - INFO - Train: loss 0.1494 acc1 95.88% f1 95.54%
2026-03-10 18:17:06 - __main__ - INFO - Val:   loss 30.4259 acc1 32.54% f1 34.55%
2026-03-10 18:17:06 - __main__ - INFO - 
Epoch 10/100 | lr 0.099563
2026-03-10 18:17:48 - __main__ - INFO - Train: loss 0.1626 acc1 95.69% f1 95.23%
2026-03-10 18:17:48 - __main__ - INFO - Val:   loss 0.0783 acc1 96.82% f1 96.39%
2026-03-10 18:17:48 - __main__ - INFO - 
Epoch 11/100 | lr 0.099318
2026-03-10 18:18:29 - __main__ - INFO - Train: loss 0.1019 acc1 96.98% f1 96.82%
2026-03-10 18:18:29 - __main__ - INFO - Val:   loss 0.2200 acc1 91.52% f1 89.61%
2026-03-10 18:18:29 - __main__ - INFO - 
Epoch 12/100 | lr 0.099019
2026-03-10 18:19:11 - __main__ - INFO - Train: loss 0.1084 acc1 96.92% f1 96.37%
2026-03-10 18:19:11 - __main__ - INFO - Val:   loss 0.0659 acc1 98.28% f1 97.63%
2026-03-10 18:19:11 - __main__ - INFO - saved best: 98.28%
2026-03-10 18:19:11 - __main__ - INFO - 
Epoch 13/100 | lr 0.098666
2026-03-10 18:19:52 - __main__ - INFO - Train: loss 0.0705 acc1 97.86% f1 97.33%
2026-03-10 18:19:52 - __main__ - INFO - Val:   loss 0.0638 acc1 97.89% f1 97.41%
2026-03-10 18:19:52 - __main__ - INFO - 
Epoch 14/100 | lr 0.098261
2026-03-10 18:20:34 - __main__ - INFO - Train: loss 0.0646 acc1 97.89% f1 97.35%
2026-03-10 18:20:34 - __main__ - INFO - Val:   loss 0.0758 acc1 97.31% f1 96.95%
2026-03-10 18:20:34 - __main__ - INFO - 
Epoch 15/100 | lr 0.097802
2026-03-10 18:21:15 - __main__ - INFO - Train: loss 0.0575 acc1 98.01% f1 97.57%
2026-03-10 18:21:15 - __main__ - INFO - Val:   loss 0.0649 acc1 97.99% f1 97.54%
2026-03-10 18:21:15 - __main__ - INFO - 
Epoch 16/100 | lr 0.097291
2026-03-10 18:21:57 - __main__ - INFO - Train: loss 0.0578 acc1 98.04% f1 97.50%
2026-03-10 18:21:57 - __main__ - INFO - Val:   loss 0.0657 acc1 98.21% f1 97.63%
2026-03-10 18:21:57 - __main__ - INFO - 
Epoch 17/100 | lr 0.096729
2026-03-10 18:22:39 - __main__ - INFO - Train: loss 0.0700 acc1 97.95% f1 97.67%
2026-03-10 18:22:39 - __main__ - INFO - Val:   loss 0.0749 acc1 97.99% f1 97.52%
2026-03-10 18:22:39 - __main__ - INFO - 
Epoch 18/100 | lr 0.096115
2026-03-10 18:23:20 - __main__ - INFO - Train: loss 0.1079 acc1 96.79% f1 96.26%
2026-03-10 18:23:20 - __main__ - INFO - Val:   loss 0.0616 acc1 98.25% f1 97.76%
2026-03-10 18:23:20 - __main__ - INFO - 
Epoch 19/100 | lr 0.095451
2026-03-10 18:24:01 - __main__ - INFO - Train: loss 0.0726 acc1 97.78% f1 97.25%
2026-03-10 18:24:01 - __main__ - INFO - Val:   loss 0.0581 acc1 98.60% f1 98.08%
2026-03-10 18:24:01 - __main__ - INFO - saved best: 98.60%
2026-03-10 18:24:01 - __main__ - INFO - 
Epoch 20/100 | lr 0.094737
2026-03-10 18:24:43 - __main__ - INFO - Train: loss 0.0717 acc1 97.76% f1 97.22%
2026-03-10 18:24:43 - __main__ - INFO - Val:   loss 0.0584 acc1 97.83% f1 97.41%
2026-03-10 18:24:43 - __main__ - INFO - 
Epoch 21/100 | lr 0.093974
2026-03-10 18:25:24 - __main__ - INFO - Train: loss 0.0623 acc1 97.91% f1 97.50%
2026-03-10 18:25:24 - __main__ - INFO - Val:   loss 0.0771 acc1 97.80% f1 97.45%
2026-03-10 18:25:24 - __main__ - INFO - 
Epoch 22/100 | lr 0.093164
2026-03-10 18:26:06 - __main__ - INFO - Train: loss 0.0621 acc1 97.97% f1 97.57%
2026-03-10 18:26:06 - __main__ - INFO - Val:   loss 0.0669 acc1 98.15% f1 97.65%
2026-03-10 18:26:06 - __main__ - INFO - 
Epoch 23/100 | lr 0.092306
2026-03-10 18:26:48 - __main__ - INFO - Train: loss 0.0592 acc1 98.22% f1 97.69%
2026-03-10 18:26:48 - __main__ - INFO - Val:   loss 0.0804 acc1 98.12% f1 97.73%
2026-03-10 18:26:48 - __main__ - INFO - 
Epoch 24/100 | lr 0.091401
2026-03-10 18:27:29 - __main__ - INFO - Train: loss 0.0518 acc1 98.38% f1 97.85%
2026-03-10 18:27:29 - __main__ - INFO - Val:   loss 0.0700 acc1 98.51% f1 97.98%
2026-03-10 18:27:29 - __main__ - INFO - 
Epoch 25/100 | lr 0.090452
2026-03-10 18:28:11 - __main__ - INFO - Train: loss 0.0493 acc1 98.42% f1 97.89%
2026-03-10 18:28:11 - __main__ - INFO - Val:   loss 0.0784 acc1 98.11% f1 97.51%
2026-03-10 18:28:11 - __main__ - INFO - 
Epoch 26/100 | lr 0.089458
2026-03-10 18:28:52 - __main__ - INFO - Train: loss 0.0552 acc1 98.19% f1 97.92%
2026-03-10 18:28:52 - __main__ - INFO - Val:   loss 0.0967 acc1 97.41% f1 97.05%
2026-03-10 18:28:52 - __main__ - INFO - 
Epoch 27/100 | lr 0.088421
2026-03-10 18:29:34 - __main__ - INFO - Train: loss 0.0545 acc1 98.22% f1 97.69%
2026-03-10 18:29:34 - __main__ - INFO - Val:   loss 0.0681 acc1 98.41% f1 97.87%
2026-03-10 18:29:34 - __main__ - INFO - 
Epoch 28/100 | lr 0.087342
2026-03-10 18:30:15 - __main__ - INFO - Train: loss 0.0476 acc1 98.57% f1 98.04%
2026-03-10 18:30:15 - __main__ - INFO - Val:   loss 0.0771 acc1 98.34% f1 97.86%
2026-03-10 18:30:15 - __main__ - INFO - 
Epoch 29/100 | lr 0.086223
2026-03-10 18:30:57 - __main__ - INFO - Train: loss 0.0459 acc1 98.62% f1 98.09%
2026-03-10 18:30:57 - __main__ - INFO - Val:   loss 0.0649 acc1 97.95% f1 97.40%
2026-03-10 18:30:57 - __main__ - INFO - 
Epoch 30/100 | lr 0.085063
2026-03-10 18:31:38 - __main__ - INFO - Train: loss 0.0454 acc1 98.66% f1 98.13%
2026-03-10 18:31:38 - __main__ - INFO - Val:   loss 0.0628 acc1 98.34% f1 97.87%
2026-03-10 18:31:38 - __main__ - INFO - 
Epoch 31/100 | lr 0.083866
2026-03-10 18:32:20 - __main__ - INFO - Train: loss 0.0444 acc1 98.70% f1 98.17%
2026-03-10 18:32:20 - __main__ - INFO - Val:   loss 0.0714 acc1 97.99% f1 97.54%
2026-03-10 18:32:20 - __main__ - INFO - 
Epoch 32/100 | lr 0.082631
2026-03-10 18:33:01 - __main__ - INFO - Train: loss 0.0508 acc1 98.46% f1 97.93%
2026-03-10 18:33:01 - __main__ - INFO - Val:   loss 0.0778 acc1 98.15% f1 97.63%
2026-03-10 18:33:01 - __main__ - INFO - 
Epoch 33/100 | lr 0.081361
2026-03-10 18:33:43 - __main__ - INFO - Train: loss 0.0474 acc1 98.57% f1 98.04%
2026-03-10 18:33:43 - __main__ - INFO - Val:   loss 0.0721 acc1 97.67% f1 97.28%
2026-03-10 18:33:43 - __main__ - INFO - 
Epoch 34/100 | lr 0.080056
2026-03-10 18:34:24 - __main__ - INFO - Train: loss 0.0436 acc1 98.68% f1 98.15%
2026-03-10 18:34:24 - __main__ - INFO - Val:   loss 0.0611 acc1 98.51% f1 97.97%
2026-03-10 18:34:24 - __main__ - INFO - 
Epoch 35/100 | lr 0.078719
2026-03-10 18:35:06 - __main__ - INFO - Train: loss 0.0438 acc1 98.63% f1 98.22%
2026-03-10 18:35:06 - __main__ - INFO - Val:   loss 0.1105 acc1 95.82% f1 96.02%
2026-03-10 18:35:06 - __main__ - INFO - 
Epoch 36/100 | lr 0.077350
2026-03-10 18:35:47 - __main__ - INFO - Train: loss 0.0584 acc1 98.27% f1 98.00%
2026-03-10 18:35:47 - __main__ - INFO - Val:   loss 0.1575 acc1 96.06% f1 95.63%
2026-03-10 18:35:47 - __main__ - INFO - 
Epoch 37/100 | lr 0.075951
2026-03-10 18:36:29 - __main__ - INFO - Train: loss 0.0688 acc1 97.81% f1 97.53%
2026-03-10 18:36:29 - __main__ - INFO - Val:   loss 0.1697 acc1 95.11% f1 94.81%
2026-03-10 18:36:29 - __main__ - INFO - 
Epoch 38/100 | lr 0.074524
2026-03-10 18:37:10 - __main__ - INFO - Train: loss 0.0598 acc1 98.07% f1 97.66%
2026-03-10 18:37:10 - __main__ - INFO - Val:   loss 0.0656 acc1 98.15% f1 97.65%
2026-03-10 18:37:10 - __main__ - INFO - 
Epoch 39/100 | lr 0.073070
2026-03-10 18:37:52 - __main__ - INFO - Train: loss 0.0476 acc1 98.52% f1 97.98%
2026-03-10 18:37:52 - __main__ - INFO - Val:   loss 0.0687 acc1 98.41% f1 97.86%
2026-03-10 18:37:52 - __main__ - INFO - 
Epoch 40/100 | lr 0.071591
2026-03-10 18:38:33 - __main__ - INFO - Train: loss 0.0409 acc1 98.77% f1 98.24%
2026-03-10 18:38:33 - __main__ - INFO - Val:   loss 0.0632 acc1 98.25% f1 97.75%
2026-03-10 18:38:33 - __main__ - INFO - 
Epoch 41/100 | lr 0.070088
2026-03-10 18:39:15 - __main__ - INFO - Train: loss 0.0446 acc1 98.58% f1 98.05%
2026-03-10 18:39:15 - __main__ - INFO - Val:   loss 0.0807 acc1 97.83% f1 97.41%
2026-03-10 18:39:15 - __main__ - INFO - 
Epoch 42/100 | lr 0.068563
2026-03-10 18:39:57 - __main__ - INFO - Train: loss 0.0426 acc1 98.78% f1 98.25%
2026-03-10 18:39:57 - __main__ - INFO - Val:   loss 0.0661 acc1 98.41% f1 97.87%
2026-03-10 18:39:57 - __main__ - INFO - 
Epoch 43/100 | lr 0.067018
2026-03-10 18:40:38 - __main__ - INFO - Train: loss 0.0481 acc1 98.51% f1 98.24%
2026-03-10 18:40:38 - __main__ - INFO - Val:   loss 0.0651 acc1 98.31% f1 97.75%
2026-03-10 18:40:38 - __main__ - INFO - 
Epoch 44/100 | lr 0.065454
2026-03-10 18:41:20 - __main__ - INFO - Train: loss 0.0458 acc1 98.50% f1 98.23%
2026-03-10 18:41:20 - __main__ - INFO - Val:   loss 0.1195 acc1 98.31% f1 97.75%
2026-03-10 18:41:20 - __main__ - INFO - 
Epoch 45/100 | lr 0.063874
2026-03-10 18:42:01 - __main__ - INFO - Train: loss 0.0463 acc1 98.47% f1 98.15%
2026-03-10 18:42:01 - __main__ - INFO - Val:   loss 0.0729 acc1 98.15% f1 97.65%
2026-03-10 18:42:01 - __main__ - INFO - 
Epoch 46/100 | lr 0.062278
2026-03-10 18:42:43 - __main__ - INFO - Train: loss 0.0478 acc1 98.68% f1 98.14%
2026-03-10 18:42:43 - __main__ - INFO - Val:   loss 0.0750 acc1 98.41% f1 97.87%
2026-03-10 18:42:43 - __main__ - INFO - 
Epoch 47/100 | lr 0.060669
2026-03-10 18:43:24 - __main__ - INFO - Train: loss 0.0423 acc1 98.74% f1 98.21%
2026-03-10 18:43:24 - __main__ - INFO - Val:   loss 0.0653 acc1 98.41% f1 97.87%
2026-03-10 18:43:24 - __main__ - INFO - 
Epoch 48/100 | lr 0.059048
2026-03-10 18:44:06 - __main__ - INFO - Train: loss 0.0381 acc1 98.85% f1 98.32%
2026-03-10 18:44:06 - __main__ - INFO - Val:   loss 0.0696 acc1 98.15% f1 97.65%
2026-03-10 18:44:06 - __main__ - INFO - 
Epoch 49/100 | lr 0.057417
2026-03-10 18:44:47 - __main__ - INFO - Train: loss 0.0372 acc1 98.88% f1 98.35%
2026-03-10 18:44:47 - __main__ - INFO - Val:   loss 0.0666 acc1 98.31% f1 97.75%
2026-03-10 18:44:47 - __main__ - INFO - 
Epoch 50/100 | lr 0.055779
2026-03-10 18:45:29 - __main__ - INFO - Train: loss 0.0385 acc1 98.88% f1 98.35%
2026-03-10 18:45:29 - __main__ - INFO - Val:   loss 0.0668 acc1 98.05% f1 97.54%
2026-03-10 18:45:29 - __main__ - INFO - 
Epoch 51/100 | lr 0.054134
2026-03-10 18:46:10 - __main__ - INFO - Train: loss 0.0434 acc1 98.66% f1 98.13%
2026-03-10 18:46:10 - __main__ - INFO - Val:   loss 0.0712 acc1 98.15% f1 97.65%
2026-03-10 18:46:10 - __main__ - INFO - 
Epoch 52/100 | lr 0.052484
2026-03-10 18:46:52 - __main__ - INFO - Train: loss 0.0402 acc1 98.77% f1 98.24%
2026-03-10 18:46:52 - __main__ - INFO - Val:   loss 0.0697 acc1 98.05% f1 97.54%
2026-03-10 18:46:52 - __main__ - INFO - 
Epoch 53/100 | lr 0.050832
2026-03-10 18:47:34 - __main__ - INFO - Train: loss 0.0402 acc1 98.82% f1 98.29%
2026-03-10 18:47:34 - __main__ - INFO - Val:   loss 0.0725 acc1 98.09% f1 97.65%
2026-03-10 18:47:34 - __main__ - INFO - 
Epoch 54/100 | lr 0.049178
2026-03-10 18:48:15 - __main__ - INFO - Train: loss 0.0382 acc1 98.86% f1 98.33%
2026-03-10 18:48:15 - __main__ - INFO - Val:   loss 0.0623 acc1 98.41% f1 97.87%
2026-03-10 18:48:15 - __main__ - INFO - 
Epoch 55/100 | lr 0.047526
2026-03-10 18:48:57 - __main__ - INFO - Train: loss 0.0380 acc1 98.86% f1 98.33%
2026-03-10 18:48:57 - __main__ - INFO - Val:   loss 0.0693 acc1 98.25% f1 97.76%
2026-03-10 18:48:57 - __main__ - INFO - 
Epoch 56/100 | lr 0.045876
2026-03-10 18:49:38 - __main__ - INFO - Train: loss 0.0379 acc1 98.86% f1 98.33%
2026-03-10 18:49:38 - __main__ - INFO - Val:   loss 0.0705 acc1 98.15% f1 97.65%
2026-03-10 18:49:38 - __main__ - INFO - 
Epoch 57/100 | lr 0.044231
2026-03-10 18:50:20 - __main__ - INFO - Train: loss 0.0400 acc1 98.84% f1 98.31%
2026-03-10 18:50:20 - __main__ - INFO - Val:   loss 0.0708 acc1 97.95% f1 97.41%
2026-03-10 18:50:20 - __main__ - INFO - 
Epoch 58/100 | lr 0.042593
2026-03-10 18:51:01 - __main__ - INFO - Train: loss 0.0404 acc1 98.82% f1 98.29%
2026-03-10 18:51:01 - __main__ - INFO - Val:   loss 0.0701 acc1 98.44% f1 97.98%
2026-03-10 18:51:01 - __main__ - INFO - 
Epoch 59/100 | lr 0.040962
2026-03-10 18:51:43 - __main__ - INFO - Train: loss 0.0412 acc1 98.72% f1 98.32%
2026-03-10 18:51:43 - __main__ - INFO - Val:   loss 0.0676 acc1 98.41% f1 97.87%
2026-03-10 18:51:43 - __main__ - INFO - 
Epoch 60/100 | lr 0.039341
2026-03-10 18:52:24 - __main__ - INFO - Train: loss 0.0379 acc1 98.88% f1 98.35%
2026-03-10 18:52:24 - __main__ - INFO - Val:   loss 0.0731 acc1 98.25% f1 97.76%
2026-03-10 18:52:24 - __main__ - INFO - 
Epoch 61/100 | lr 0.037732
2026-03-10 18:53:06 - __main__ - INFO - Train: loss 0.0392 acc1 98.74% f1 98.33%
2026-03-10 18:53:06 - __main__ - INFO - Val:   loss 0.0811 acc1 98.25% f1 97.76%
2026-03-10 18:53:06 - __main__ - INFO - 
Epoch 62/100 | lr 0.036136
2026-03-10 18:53:47 - __main__ - INFO - Train: loss 0.0412 acc1 98.81% f1 98.28%
2026-03-10 18:53:47 - __main__ - INFO - Val:   loss 0.0716 acc1 98.31% f1 97.75%
2026-03-10 18:53:47 - __main__ - INFO - 
Epoch 63/100 | lr 0.034556
2026-03-10 18:54:29 - __main__ - INFO - Train: loss 0.0382 acc1 98.84% f1 98.31%
2026-03-10 18:54:29 - __main__ - INFO - Val:   loss 0.0761 acc1 98.15% f1 97.65%
2026-03-10 18:54:29 - __main__ - INFO - 
Epoch 64/100 | lr 0.032992
2026-03-10 18:55:11 - __main__ - INFO - Train: loss 0.0370 acc1 98.88% f1 98.35%
2026-03-10 18:55:11 - __main__ - INFO - Val:   loss 0.0711 acc1 98.15% f1 97.65%
2026-03-10 18:55:11 - __main__ - INFO - 
Epoch 65/100 | lr 0.031447
2026-03-10 18:55:52 - __main__ - INFO - Train: loss 0.0460 acc1 98.59% f1 98.32%
2026-03-10 18:55:52 - __main__ - INFO - Val:   loss 0.0741 acc1 98.15% f1 97.65%
2026-03-10 18:55:52 - __main__ - INFO - 
Epoch 66/100 | lr 0.029922
2026-03-10 18:56:34 - __main__ - INFO - Train: loss 0.0406 acc1 98.82% f1 98.29%
2026-03-10 18:56:34 - __main__ - INFO - Val:   loss 0.0730 acc1 98.15% f1 97.65%
2026-03-10 18:56:34 - __main__ - INFO - 
Epoch 67/100 | lr 0.028419
2026-03-10 18:57:15 - __main__ - INFO - Train: loss 0.0373 acc1 98.88% f1 98.35%
2026-03-10 18:57:15 - __main__ - INFO - Val:   loss 0.0761 acc1 98.15% f1 97.65%
2026-03-10 18:57:15 - __main__ - INFO - 
Epoch 68/100 | lr 0.026940
2026-03-10 18:57:57 - __main__ - INFO - Train: loss 0.0416 acc1 98.59% f1 98.32%
2026-03-10 18:57:57 - __main__ - INFO - Val:   loss 0.0792 acc1 98.15% f1 97.65%
2026-03-10 18:57:57 - __main__ - INFO - 
Epoch 69/100 | lr 0.025486
2026-03-10 18:58:38 - __main__ - INFO - Train: loss 0.0437 acc1 98.68% f1 98.28%
2026-03-10 18:58:38 - __main__ - INFO - Val:   loss 0.0765 acc1 97.89% f1 97.42%
2026-03-10 18:58:38 - __main__ - INFO - 
Epoch 70/100 | lr 0.024059
2026-03-10 18:59:20 - __main__ - INFO - Train: loss 0.0430 acc1 98.72% f1 98.18%
2026-03-10 18:59:20 - __main__ - INFO - Val:   loss 0.0728 acc1 98.15% f1 97.65%
2026-03-10 18:59:20 - __main__ - INFO - 
Epoch 71/100 | lr 0.022660
2026-03-10 19:00:01 - __main__ - INFO - Train: loss 0.0425 acc1 98.67% f1 98.27%
2026-03-10 19:00:01 - __main__ - INFO - Val:   loss 0.0751 acc1 97.92% f1 97.52%
2026-03-10 19:00:01 - __main__ - INFO - 
Epoch 72/100 | lr 0.021291
2026-03-10 19:00:43 - __main__ - INFO - Train: loss 0.0479 acc1 98.53% f1 98.25%
2026-03-10 19:00:43 - __main__ - INFO - Val:   loss 0.1924 acc1 93.17% f1 93.73%
2026-03-10 19:00:43 - __main__ - INFO - 
Epoch 73/100 | lr 0.019954
2026-03-10 19:01:24 - __main__ - INFO - Train: loss 0.0412 acc1 98.74% f1 98.21%
2026-03-10 19:01:24 - __main__ - INFO - Val:   loss 0.0749 acc1 98.25% f1 97.76%
2026-03-10 19:01:24 - __main__ - INFO - 
Epoch 74/100 | lr 0.018649
2026-03-10 19:02:06 - __main__ - INFO - Train: loss 0.0366 acc1 98.88% f1 98.35%
2026-03-10 19:02:06 - __main__ - INFO - Val:   loss 0.0791 acc1 98.25% f1 97.76%
2026-03-10 19:02:06 - __main__ - INFO - 
Epoch 75/100 | lr 0.017379
2026-03-10 19:02:47 - __main__ - INFO - Train: loss 0.0378 acc1 98.86% f1 98.33%
2026-03-10 19:02:47 - __main__ - INFO - Val:   loss 0.0757 acc1 98.25% f1 97.76%
2026-03-10 19:02:47 - __main__ - INFO - 
Epoch 76/100 | lr 0.016144
2026-03-10 19:03:29 - __main__ - INFO - Train: loss 0.0375 acc1 98.88% f1 98.35%
2026-03-10 19:03:29 - __main__ - INFO - Val:   loss 0.0773 acc1 98.25% f1 97.76%
2026-03-10 19:03:29 - __main__ - INFO - 
Epoch 77/100 | lr 0.014947
2026-03-10 19:04:11 - __main__ - INFO - Train: loss 0.0362 acc1 98.88% f1 98.35%
2026-03-10 19:04:11 - __main__ - INFO - Val:   loss 0.0773 acc1 98.15% f1 97.65%
2026-03-10 19:04:11 - __main__ - INFO - 
Epoch 78/100 | lr 0.013787
2026-03-10 19:04:52 - __main__ - INFO - Train: loss 0.0367 acc1 98.88% f1 98.35%
2026-03-10 19:04:52 - __main__ - INFO - Val:   loss 0.0786 acc1 98.15% f1 97.65%
2026-03-10 19:04:52 - __main__ - INFO - 
Epoch 79/100 | lr 0.012668
2026-03-10 19:05:34 - __main__ - INFO - Train: loss 0.0375 acc1 98.88% f1 98.35%
2026-03-10 19:05:34 - __main__ - INFO - Val:   loss 0.0769 acc1 98.25% f1 97.76%
2026-03-10 19:05:34 - __main__ - INFO - 
Epoch 80/100 | lr 0.011589
2026-03-10 19:06:15 - __main__ - INFO - Train: loss 0.0363 acc1 98.88% f1 98.35%
2026-03-10 19:06:15 - __main__ - INFO - Val:   loss 0.0775 acc1 98.25% f1 97.76%
2026-03-10 19:06:15 - __main__ - INFO - 
Epoch 81/100 | lr 0.010552
2026-03-10 19:06:57 - __main__ - INFO - Train: loss 0.0360 acc1 98.88% f1 98.35%
2026-03-10 19:06:57 - __main__ - INFO - Val:   loss 0.0780 acc1 98.25% f1 97.76%
2026-03-10 19:06:57 - __main__ - INFO - 
Epoch 82/100 | lr 0.009558
2026-03-10 19:07:38 - __main__ - INFO - Train: loss 0.0363 acc1 98.88% f1 98.35%
2026-03-10 19:07:38 - __main__ - INFO - Val:   loss 0.0759 acc1 98.15% f1 97.65%
2026-03-10 19:07:38 - __main__ - INFO - 
Epoch 83/100 | lr 0.008609
2026-03-10 19:08:20 - __main__ - INFO - Train: loss 0.0375 acc1 98.88% f1 98.35%
2026-03-10 19:08:20 - __main__ - INFO - Val:   loss 0.0779 acc1 98.15% f1 97.65%
2026-03-10 19:08:20 - __main__ - INFO - 
Epoch 84/100 | lr 0.007704
2026-03-10 19:09:01 - __main__ - INFO - Train: loss 0.0412 acc1 98.61% f1 98.33%
2026-03-10 19:09:01 - __main__ - INFO - Val:   loss 0.0789 acc1 98.25% f1 97.76%
2026-03-10 19:09:01 - __main__ - INFO - 
Epoch 85/100 | lr 0.006846
2026-03-10 19:09:43 - __main__ - INFO - Train: loss 0.0385 acc1 98.88% f1 98.35%
2026-03-10 19:09:43 - __main__ - INFO - Val:   loss 0.0727 acc1 98.25% f1 97.76%
2026-03-10 19:09:43 - __main__ - INFO - 
Epoch 86/100 | lr 0.006036
2026-03-10 19:10:25 - __main__ - INFO - Train: loss 0.0385 acc1 98.74% f1 98.33%
2026-03-10 19:10:25 - __main__ - INFO - Val:   loss 0.0771 acc1 98.25% f1 97.76%
2026-03-10 19:10:25 - __main__ - INFO - 
Epoch 87/100 | lr 0.005273
2026-03-10 19:11:06 - __main__ - INFO - Train: loss 0.0359 acc1 98.88% f1 98.35%
2026-03-10 19:11:06 - __main__ - INFO - Val:   loss 0.0799 acc1 98.25% f1 97.76%
2026-03-10 19:11:06 - __main__ - INFO - 
Epoch 88/100 | lr 0.004559
2026-03-10 19:11:48 - __main__ - INFO - Train: loss 0.0389 acc1 98.74% f1 98.33%
2026-03-10 19:11:48 - __main__ - INFO - Val:   loss 0.0796 acc1 98.25% f1 97.76%
2026-03-10 19:11:48 - __main__ - INFO - 
Epoch 89/100 | lr 0.003895
2026-03-10 19:12:29 - __main__ - INFO - Train: loss 0.0359 acc1 98.88% f1 98.35%
2026-03-10 19:12:29 - __main__ - INFO - Val:   loss 0.0823 acc1 98.25% f1 97.76%
2026-03-10 19:12:29 - __main__ - INFO - 
Epoch 90/100 | lr 0.003281
2026-03-10 19:13:11 - __main__ - INFO - Train: loss 0.0388 acc1 98.88% f1 98.35%
2026-03-10 19:13:11 - __main__ - INFO - Val:   loss 0.0793 acc1 98.15% f1 97.65%
2026-03-10 19:13:11 - __main__ - INFO - 
Epoch 91/100 | lr 0.002719
2026-03-10 19:13:52 - __main__ - INFO - Train: loss 0.0359 acc1 98.88% f1 98.35%
2026-03-10 19:13:52 - __main__ - INFO - Val:   loss 0.0810 acc1 98.25% f1 97.76%
2026-03-10 19:13:52 - __main__ - INFO - 
Epoch 92/100 | lr 0.002208
2026-03-10 19:14:34 - __main__ - INFO - Train: loss 0.0358 acc1 98.88% f1 98.35%
2026-03-10 19:14:34 - __main__ - INFO - Val:   loss 0.0812 acc1 98.25% f1 97.76%
2026-03-10 19:14:34 - __main__ - INFO - 
Epoch 93/100 | lr 0.001749
2026-03-10 19:15:15 - __main__ - INFO - Train: loss 0.0377 acc1 98.88% f1 98.35%
2026-03-10 19:15:15 - __main__ - INFO - Val:   loss 0.0774 acc1 98.25% f1 97.76%
2026-03-10 19:15:15 - __main__ - INFO - 
Epoch 94/100 | lr 0.001344
2026-03-10 19:15:57 - __main__ - INFO - Train: loss 0.0380 acc1 98.88% f1 98.35%
2026-03-10 19:15:57 - __main__ - INFO - Val:   loss 0.0775 acc1 98.25% f1 97.76%
2026-03-10 19:15:57 - __main__ - INFO - 
Epoch 95/100 | lr 0.000991
2026-03-10 19:16:38 - __main__ - INFO - Train: loss 0.0362 acc1 98.88% f1 98.35%
2026-03-10 19:16:38 - __main__ - INFO - Val:   loss 0.0815 acc1 98.25% f1 97.76%
2026-03-10 19:16:38 - __main__ - INFO - 
Epoch 96/100 | lr 0.000692
2026-03-10 19:17:20 - __main__ - INFO - Train: loss 0.0356 acc1 98.88% f1 98.35%
2026-03-10 19:17:20 - __main__ - INFO - Val:   loss 0.0825 acc1 98.15% f1 97.65%
2026-03-10 19:17:20 - __main__ - INFO - 
Epoch 97/100 | lr 0.000447
2026-03-10 19:18:01 - __main__ - INFO - Train: loss 0.0361 acc1 98.88% f1 98.35%
2026-03-10 19:18:01 - __main__ - INFO - Val:   loss 0.0799 acc1 98.15% f1 97.65%
2026-03-10 19:18:01 - __main__ - INFO - 
Epoch 98/100 | lr 0.000256
2026-03-10 19:18:43 - __main__ - INFO - Train: loss 0.0359 acc1 98.88% f1 98.35%
2026-03-10 19:18:43 - __main__ - INFO - Val:   loss 0.0788 acc1 98.25% f1 97.76%
2026-03-10 19:18:43 - __main__ - INFO - 
Epoch 99/100 | lr 0.000119
2026-03-10 19:19:24 - __main__ - INFO - Train: loss 0.0358 acc1 98.88% f1 98.35%
2026-03-10 19:19:24 - __main__ - INFO - Val:   loss 0.0813 acc1 98.25% f1 97.76%
2026-03-10 19:19:24 - __main__ - INFO - 
Epoch 100/100 | lr 0.000037
2026-03-10 19:20:06 - __main__ - INFO - Train: loss 0.0443 acc1 98.74% f1 98.33%
2026-03-10 19:20:06 - __main__ - INFO - Val:   loss 0.0843 acc1 98.25% f1 97.76%
2026-03-10 19:20:09 - __main__ - INFO - 
Best tracked (val): 98.60%
2026-03-10 19:20:09 - __main__ - INFO - Final test: loss 0.0598 acc1 98.24% f1 97.64%
2026-03-10 19:20:10 - __main__ - INFO - Input model densenet121 done — test acc 98.24%, test F1 97.64%
2026-03-10 19:20:10 - __main__ - INFO - 
Preparing eval dataloaders for HiResCAM computation …
2026-03-10 19:20:10 - __main__ - INFO - 
Saving variant datasets to data/comparison_malimg
2026-03-10 19:20:10 - __main__ - INFO - Generating train variants → data/comparison_malimg
2026-03-10 19:21:40 - __main__ - INFO -   [train] processed 1280 images …
2026-03-10 19:23:10 - __main__ - INFO -   [train] processed 2560 images …
2026-03-10 19:24:48 - __main__ - INFO -   [train] processed 3840 images …
2026-03-10 19:26:15 - __main__ - INFO -   [train] processed 5120 images …
2026-03-10 19:27:37 - __main__ - INFO -   [train] processed 6400 images …
2026-03-10 19:28:51 - __main__ - INFO -   [train] processed 7459 images …
2026-03-10 19:28:51 - __main__ - INFO -   [train] saved 7459 images for all 4 variants
2026-03-10 19:28:51 - __main__ - INFO - Generating test variants → data/comparison_malimg
2026-03-10 19:29:58 - __main__ - INFO -   [test] processed 957 images …
2026-03-10 19:29:58 - __main__ - INFO -   [test] saved 957 images for all 4 variants
2026-03-10 19:29:58 - __main__ - INFO - 
Starting output model sweep: resnet18
2026-03-10 19:29:58 - __main__ - ERROR - Training output model 'resnet18' on variant 'original' failed: train_output_on_variant() got an unexpected keyword argument 'args'
2026-03-10 19:29:58 - __main__ - ERROR - Traceback (most recent call last):
  File "/content/CAMRegularization/comparison.py", line 738, in main
    result = train_output_on_variant(
             ^^^^^^^^^^^^^^^^^^^^^^^^
TypeError: train_output_on_variant() got an unexpected keyword argument 'args'

2026-03-10 19:29:58 - __main__ - ERROR - Training output model 'resnet18' on variant 'random' failed: train_output_on_variant() got an unexpected keyword argument 'args'
2026-03-10 19:29:58 - __main__ - ERROR - Traceback (most recent call last):
  File "/content/CAMRegularization/comparison.py", line 738, in main
    result = train_output_on_variant(
             ^^^^^^^^^^^^^^^^^^^^^^^^
TypeError: train_output_on_variant() got an unexpected keyword argument 'args'

2026-03-10 19:29:58 - __main__ - ERROR - Training output model 'resnet18' on variant 'low_saliency' failed: train_output_on_variant() got an unexpected keyword argument 'args'
2026-03-10 19:29:58 - __main__ - ERROR - Traceback (most recent call last):
  File "/content/CAMRegularization/comparison.py", line 738, in main
    result = train_output_on_variant(
             ^^^^^^^^^^^^^^^^^^^^^^^^
TypeError: train_output_on_variant() got an unexpected keyword argument 'args'

2026-03-10 19:29:58 - __main__ - ERROR - Training output model 'resnet18' on variant 'high_saliency' failed: train_output_on_variant() got an unexpected keyword argument 'args'
2026-03-10 19:29:58 - __main__ - ERROR - Traceback (most recent call last):
  File "/content/CAMRegularization/comparison.py", line 738, in main
    result = train_output_on_variant(
             ^^^^^^^^^^^^^^^^^^^^^^^^
TypeError: train_output_on_variant() got an unexpected keyword argument 'args'

2026-03-10 19:29:58 - __main__ - INFO - 
Starting output model sweep: vit_b_16
2026-03-10 19:29:58 - __main__ - ERROR - Training output model 'vit_b_16' on variant 'original' failed: train_output_on_variant() got an unexpected keyword argument 'args'
2026-03-10 19:29:58 - __main__ - ERROR - Traceback (most recent call last):
  File "/content/CAMRegularization/comparison.py", line 738, in main
    result = train_output_on_variant(
             ^^^^^^^^^^^^^^^^^^^^^^^^
TypeError: train_output_on_variant() got an unexpected keyword argument 'args'

2026-03-10 19:29:58 - __main__ - ERROR - Training output model 'vit_b_16' on variant 'random' failed: train_output_on_variant() got an unexpected keyword argument 'args'
2026-03-10 19:29:58 - __main__ - ERROR - Traceback (most recent call last):
  File "/content/CAMRegularization/comparison.py", line 738, in main
    result = train_output_on_variant(
             ^^^^^^^^^^^^^^^^^^^^^^^^
TypeError: train_output_on_variant() got an unexpected keyword argument 'args'

2026-03-10 19:29:58 - __main__ - ERROR - Training output model 'vit_b_16' on variant 'low_saliency' failed: train_output_on_variant() got an unexpected keyword argument 'args'
2026-03-10 19:29:58 - __main__ - ERROR - Traceback (most recent call last):
  File "/content/CAMRegularization/comparison.py", line 738, in main
    result = train_output_on_variant(
             ^^^^^^^^^^^^^^^^^^^^^^^^
TypeError: train_output_on_variant() got an unexpected keyword argument 'args'

2026-03-10 19:29:58 - __main__ - ERROR - Training output model 'vit_b_16' on variant 'high_saliency' failed: train_output_on_variant() got an unexpected keyword argument 'args'
2026-03-10 19:29:58 - __main__ - ERROR - Traceback (most recent call last):
  File "/content/CAMRegularization/comparison.py", line 738, in main
    result = train_output_on_variant(
             ^^^^^^^^^^^^^^^^^^^^^^^^
TypeError: train_output_on_variant() got an unexpected keyword argument 'args'

2026-03-10 19:29:58 - __main__ - INFO - 
Results saved to ./runs/malimg_2026_03_10/comparison_malimg_20260310_173049/comparison_results.json
2026-03-10 19:29:58 - __main__ - INFO - 
========================================================================
2026-03-10 19:29:58 - __main__ - INFO - COMPARISON RESULTS — output model: resnet18
2026-03-10 19:29:58 - __main__ - INFO - ========================================================================
2026-03-10 19:29:58 - __main__ - INFO - Variant              Accuracy         F1       Loss
2026-03-10 19:29:58 - __main__ - INFO - ------------------ ---------- ---------- ----------
2026-03-10 19:29:58 - __main__ - INFO - original               FAILED          —          —
2026-03-10 19:29:58 - __main__ - INFO - random                 FAILED          —          —
2026-03-10 19:29:58 - __main__ - INFO - low_saliency           FAILED          —          —
2026-03-10 19:29:58 - __main__ - INFO - high_saliency          FAILED          —          —
2026-03-10 19:29:58 - __main__ - INFO - ========================================================================
2026-03-10 19:29:58 - __main__ - INFO - 
========================================================================
2026-03-10 19:29:58 - __main__ - INFO - COMPARISON RESULTS — output model: vit_b_16
2026-03-10 19:29:58 - __main__ - INFO - ========================================================================
2026-03-10 19:29:58 - __main__ - INFO - Variant              Accuracy         F1       Loss
2026-03-10 19:29:58 - __main__ - INFO - ------------------ ---------- ---------- ----------
2026-03-10 19:29:58 - __main__ - INFO - original               FAILED          —          —
2026-03-10 19:29:58 - __main__ - INFO - random                 FAILED          —          —
2026-03-10 19:29:58 - __main__ - INFO - low_saliency           FAILED          —          —
2026-03-10 19:29:58 - __main__ - INFO - high_saliency          FAILED          —          —
2026-03-10 19:29:58 - __main__ - INFO - ========================================================================
