2026-06-27 22:47:11 - __main__ - INFO - Run parameters: {"adamw_betas": [0.9, 0.999], "adamw_eps": 1e-08, "amp": true, "batch_size": 64, "cam_layer": "auto", "cutout_area": 0.1, "cutout_m": 8, "cutout_mode": "random", "cutout_size": 0, "data_dir": "./data", "dataset": "drive_zip", "epochs": 100, "gamma": 0.1, "grayscale": true, "include_regex": "_grayscale\\.tiff$", "label_smoothing": 0.0, "log_every": 100, "lr": 0.1, "milestones": "60,80", "min_lr": 1e-05, "model": "resnet18", "momentum": 0.9, "nesterov": false, "num_workers": 4, "optimizer": "sgd", "out_dir": "runs/drive_zip/resnet18/42", "run_name": "resnet18_seed42_random_M8_area0.1", "saliency_candidate_percent": 10.0, "scheduler": "cosine", "seed": 42, "teacher_checkpoint": "", "teacher_model": "", "val_split": 0.1, "warmup_epochs": 5, "weight_decay": 0.0005}
2026-06-27 22:47:12 - __main__ - INFO - device: cuda | cuda: True | gpu: NVIDIA A100-SXM4-80GB
2026-06-27 22:47:15 - __main__ - INFO - Model: resnet18 | Dataset: drive_zip | Classes: 17 | Optimizer: sgd
2026-06-27 22:47:15 - __main__ - INFO - Cutout enabled: mode=random m=8 size=None area=0.1
2026-06-27 22:47:15 - __main__ - INFO - 
Epoch 1/100 | lr 0.000100
2026-06-27 22:49:28 - __main__ - INFO - Train: loss 2.4925 acc1 19.21%
2026-06-27 22:49:28 - __main__ - INFO - Val:   loss 2.6150 acc1 18.67%
2026-06-27 22:49:28 - __main__ - INFO - saved best: 18.67%
2026-06-27 22:49:28 - __main__ - INFO - 
Epoch 2/100 | lr 0.020080
2026-06-27 22:51:43 - __main__ - INFO - Train: loss 1.8346 acc1 37.03%
2026-06-27 22:51:43 - __main__ - INFO - Val:   loss 1.9577 acc1 34.82%
2026-06-27 22:51:43 - __main__ - INFO - saved best: 34.82%
2026-06-27 22:51:43 - __main__ - INFO - 
Epoch 3/100 | lr 0.040060
2026-06-27 22:53:56 - __main__ - INFO - Train: loss 1.6454 acc1 43.04%
2026-06-27 22:53:56 - __main__ - INFO - Val:   loss 1.9090 acc1 39.33%
2026-06-27 22:53:56 - __main__ - INFO - saved best: 39.33%
2026-06-27 22:53:56 - __main__ - INFO - 
Epoch 4/100 | lr 0.060040
2026-06-27 22:56:11 - __main__ - INFO - Train: loss 1.5769 acc1 45.49%
2026-06-27 22:56:11 - __main__ - INFO - Val:   loss 2.3383 acc1 31.88%
2026-06-27 22:56:11 - __main__ - INFO - 
Epoch 5/100 | lr 0.080020
2026-06-27 22:58:29 - __main__ - INFO - Train: loss 1.5550 acc1 46.32%
2026-06-27 22:58:29 - __main__ - INFO - Val:   loss 1.9412 acc1 36.98%
2026-06-27 22:58:29 - __main__ - INFO - 
Epoch 6/100 | lr 0.100000
2026-06-27 23:00:42 - __main__ - INFO - Train: loss 1.5600 acc1 46.04%
2026-06-27 23:00:42 - __main__ - INFO - Val:   loss 2.1432 acc1 35.28%
2026-06-27 23:00:42 - __main__ - INFO - 
Epoch 7/100 | lr 0.099973
2026-06-27 23:02:57 - __main__ - INFO - Train: loss 1.5280 acc1 47.45%
2026-06-27 23:02:57 - __main__ - INFO - Val:   loss 2.1230 acc1 35.93%
2026-06-27 23:02:57 - __main__ - INFO - 
Epoch 8/100 | lr 0.099891
2026-06-27 23:05:15 - __main__ - INFO - Train: loss 1.5061 acc1 48.13%
2026-06-27 23:05:15 - __main__ - INFO - Val:   loss 1.9567 acc1 39.63%
2026-06-27 23:05:15 - __main__ - INFO - saved best: 39.63%
2026-06-27 23:05:15 - __main__ - INFO - 
Epoch 9/100 | lr 0.099754
2026-06-27 23:07:28 - __main__ - INFO - Train: loss 1.4858 acc1 49.03%
2026-06-27 23:07:28 - __main__ - INFO - Val:   loss 2.0090 acc1 36.95%
2026-06-27 23:07:28 - __main__ - INFO - 
Epoch 10/100 | lr 0.099563
2026-06-27 23:09:42 - __main__ - INFO - Train: loss 1.4730 acc1 49.28%
2026-06-27 23:09:42 - __main__ - INFO - Val:   loss 1.7753 acc1 41.20%
2026-06-27 23:09:42 - __main__ - INFO - saved best: 41.20%
2026-06-27 23:09:42 - __main__ - INFO - 
Epoch 11/100 | lr 0.099318
2026-06-27 23:11:55 - __main__ - INFO - Train: loss 1.4573 acc1 49.94%
2026-06-27 23:11:55 - __main__ - INFO - Val:   loss 1.6561 acc1 47.33%
2026-06-27 23:11:55 - __main__ - INFO - saved best: 47.33%
2026-06-27 23:11:55 - __main__ - INFO - 
Epoch 12/100 | lr 0.099019
2026-06-27 23:14:07 - __main__ - INFO - Train: loss 1.4481 acc1 50.26%
2026-06-27 23:14:07 - __main__ - INFO - Val:   loss 1.5290 acc1 50.06%
2026-06-27 23:14:07 - __main__ - INFO - saved best: 50.06%
2026-06-27 23:14:07 - __main__ - INFO - 
Epoch 13/100 | lr 0.098666
2026-06-27 23:16:22 - __main__ - INFO - Train: loss 1.4339 acc1 50.77%
2026-06-27 23:16:22 - __main__ - INFO - Val:   loss 2.6655 acc1 31.01%
2026-06-27 23:16:22 - __main__ - INFO - 
Epoch 14/100 | lr 0.098261
2026-06-27 23:18:37 - __main__ - INFO - Train: loss 1.4237 acc1 51.12%
2026-06-27 23:18:37 - __main__ - INFO - Val:   loss 1.6928 acc1 47.00%
2026-06-27 23:18:37 - __main__ - INFO - 
Epoch 15/100 | lr 0.097802
2026-06-27 23:20:50 - __main__ - INFO - Train: loss 1.4141 acc1 51.57%
2026-06-27 23:20:50 - __main__ - INFO - Val:   loss 1.5703 acc1 49.15%
2026-06-27 23:20:50 - __main__ - INFO - 
Epoch 16/100 | lr 0.097291
2026-06-27 23:23:04 - __main__ - INFO - Train: loss 1.4084 acc1 51.76%
2026-06-27 23:23:04 - __main__ - INFO - Val:   loss 1.7487 acc1 46.10%
2026-06-27 23:23:04 - __main__ - INFO - 
Epoch 17/100 | lr 0.096729
2026-06-27 23:25:20 - __main__ - INFO - Train: loss 1.3983 acc1 52.14%
2026-06-27 23:25:20 - __main__ - INFO - Val:   loss 1.3575 acc1 54.64%
2026-06-27 23:25:20 - __main__ - INFO - saved best: 54.64%
2026-06-27 23:25:20 - __main__ - INFO - 
Epoch 18/100 | lr 0.096115
2026-06-27 23:27:38 - __main__ - INFO - Train: loss 1.3916 acc1 52.20%
2026-06-27 23:27:38 - __main__ - INFO - Val:   loss 1.6393 acc1 47.26%
2026-06-27 23:27:38 - __main__ - INFO - 
Epoch 19/100 | lr 0.095451
2026-06-27 23:29:55 - __main__ - INFO - Train: loss 1.3819 acc1 53.03%
2026-06-27 23:29:55 - __main__ - INFO - Val:   loss 1.5632 acc1 51.58%
2026-06-27 23:29:55 - __main__ - INFO - 
Epoch 20/100 | lr 0.094737
2026-06-27 23:32:08 - __main__ - INFO - Train: loss 1.3720 acc1 53.23%
2026-06-27 23:32:08 - __main__ - INFO - Val:   loss 1.8915 acc1 39.69%
2026-06-27 23:32:08 - __main__ - INFO - 
Epoch 21/100 | lr 0.093974
2026-06-27 23:34:21 - __main__ - INFO - Train: loss 1.3706 acc1 53.20%
2026-06-27 23:34:21 - __main__ - INFO - Val:   loss 1.5913 acc1 49.15%
2026-06-27 23:34:21 - __main__ - INFO - 
Epoch 22/100 | lr 0.093164
2026-06-27 23:36:38 - __main__ - INFO - Train: loss 1.3594 acc1 53.64%
2026-06-27 23:36:38 - __main__ - INFO - Val:   loss 1.8104 acc1 45.77%
2026-06-27 23:36:38 - __main__ - INFO - 
Epoch 23/100 | lr 0.092306
2026-06-27 23:38:55 - __main__ - INFO - Train: loss 1.3533 acc1 53.88%
2026-06-27 23:38:55 - __main__ - INFO - Val:   loss 2.3344 acc1 31.49%
2026-06-27 23:38:55 - __main__ - INFO - 
Epoch 24/100 | lr 0.091401
2026-06-27 23:41:07 - __main__ - INFO - Train: loss 1.3434 acc1 54.12%
2026-06-27 23:41:07 - __main__ - INFO - Val:   loss 1.7000 acc1 44.78%
2026-06-27 23:41:07 - __main__ - INFO - 
Epoch 25/100 | lr 0.090452
2026-06-27 23:43:20 - __main__ - INFO - Train: loss 1.3406 acc1 54.38%
2026-06-27 23:43:20 - __main__ - INFO - Val:   loss 2.9717 acc1 37.24%
2026-06-27 23:43:20 - __main__ - INFO - 
Epoch 26/100 | lr 0.089458
2026-06-27 23:45:39 - __main__ - INFO - Train: loss 1.3284 acc1 54.67%
2026-06-27 23:45:39 - __main__ - INFO - Val:   loss 2.1512 acc1 43.78%
2026-06-27 23:45:39 - __main__ - INFO - 
Epoch 27/100 | lr 0.088421
2026-06-27 23:47:52 - __main__ - INFO - Train: loss 1.3208 acc1 55.00%
2026-06-27 23:47:52 - __main__ - INFO - Val:   loss 1.5260 acc1 49.60%
2026-06-27 23:47:52 - __main__ - INFO - 
Epoch 28/100 | lr 0.087342
2026-06-27 23:50:03 - __main__ - INFO - Train: loss 1.3155 acc1 55.25%
2026-06-27 23:50:03 - __main__ - INFO - Val:   loss 1.7457 acc1 47.95%
2026-06-27 23:50:03 - __main__ - INFO - 
Epoch 29/100 | lr 0.086223
2026-06-27 23:52:16 - __main__ - INFO - Train: loss 1.3114 acc1 55.31%
2026-06-27 23:52:16 - __main__ - INFO - Val:   loss 1.6106 acc1 47.73%
2026-06-27 23:52:16 - __main__ - INFO - 
Epoch 30/100 | lr 0.085063
2026-06-27 23:54:29 - __main__ - INFO - Train: loss 1.3074 acc1 55.47%
2026-06-27 23:54:29 - __main__ - INFO - Val:   loss 1.5022 acc1 51.51%
2026-06-27 23:54:29 - __main__ - INFO - 
Epoch 31/100 | lr 0.083866
2026-06-27 23:56:48 - __main__ - INFO - Train: loss 1.2989 acc1 55.72%
2026-06-27 23:56:48 - __main__ - INFO - Val:   loss 1.5917 acc1 49.80%
2026-06-27 23:56:48 - __main__ - INFO - 
Epoch 32/100 | lr 0.082631
2026-06-27 23:59:02 - __main__ - INFO - Train: loss 1.2903 acc1 56.10%
2026-06-27 23:59:02 - __main__ - INFO - Val:   loss 1.8013 acc1 44.46%
2026-06-27 23:59:02 - __main__ - INFO - 
Epoch 33/100 | lr 0.081361
2026-06-28 00:01:14 - __main__ - INFO - Train: loss 1.2773 acc1 56.53%
2026-06-28 00:01:14 - __main__ - INFO - Val:   loss 1.5335 acc1 52.48%
2026-06-28 00:01:14 - __main__ - INFO - 
Epoch 34/100 | lr 0.080056
2026-06-28 00:03:26 - __main__ - INFO - Train: loss 1.2678 acc1 56.91%
2026-06-28 00:03:26 - __main__ - INFO - Val:   loss 1.6362 acc1 49.87%
2026-06-28 00:03:26 - __main__ - INFO - 
Epoch 35/100 | lr 0.078719
2026-06-28 00:05:39 - __main__ - INFO - Train: loss 1.2629 acc1 57.04%
2026-06-28 00:05:39 - __main__ - INFO - Val:   loss 1.3976 acc1 57.46%
2026-06-28 00:05:39 - __main__ - INFO - saved best: 57.46%
2026-06-28 00:05:39 - __main__ - INFO - 
Epoch 36/100 | lr 0.077350
2026-06-28 00:07:53 - __main__ - INFO - Train: loss 1.2556 acc1 57.30%
2026-06-28 00:07:53 - __main__ - INFO - Val:   loss 1.6991 acc1 45.02%
2026-06-28 00:07:53 - __main__ - INFO - 
Epoch 37/100 | lr 0.075951
2026-06-28 00:10:06 - __main__ - INFO - Train: loss 1.2537 acc1 57.48%
2026-06-28 00:10:06 - __main__ - INFO - Val:   loss 1.7815 acc1 46.15%
2026-06-28 00:10:06 - __main__ - INFO - 
Epoch 38/100 | lr 0.074524
2026-06-28 00:12:21 - __main__ - INFO - Train: loss 1.2388 acc1 57.86%
2026-06-28 00:12:21 - __main__ - INFO - Val:   loss 1.5917 acc1 52.71%
2026-06-28 00:12:21 - __main__ - INFO - 
Epoch 39/100 | lr 0.073070
2026-06-28 00:14:34 - __main__ - INFO - Train: loss 1.2268 acc1 58.35%
2026-06-28 00:14:34 - __main__ - INFO - Val:   loss 1.6464 acc1 46.75%
2026-06-28 00:14:34 - __main__ - INFO - 
Epoch 40/100 | lr 0.071591
2026-06-28 00:16:48 - __main__ - INFO - Train: loss 1.2213 acc1 58.48%
2026-06-28 00:16:48 - __main__ - INFO - Val:   loss 1.5892 acc1 53.08%
2026-06-28 00:16:48 - __main__ - INFO - 
Epoch 41/100 | lr 0.070088
2026-06-28 00:19:01 - __main__ - INFO - Train: loss 1.2061 acc1 58.92%
2026-06-28 00:19:01 - __main__ - INFO - Val:   loss 1.5134 acc1 52.48%
2026-06-28 00:19:01 - __main__ - INFO - 
Epoch 42/100 | lr 0.068563
2026-06-28 00:21:15 - __main__ - INFO - Train: loss 1.2015 acc1 59.31%
2026-06-28 00:21:15 - __main__ - INFO - Val:   loss 1.4023 acc1 55.17%
2026-06-28 00:21:15 - __main__ - INFO - 
Epoch 43/100 | lr 0.067018
2026-06-28 00:23:28 - __main__ - INFO - Train: loss 1.1883 acc1 59.67%
2026-06-28 00:23:28 - __main__ - INFO - Val:   loss 1.5650 acc1 51.10%
2026-06-28 00:23:28 - __main__ - INFO - 
Epoch 44/100 | lr 0.065454
2026-06-28 00:25:40 - __main__ - INFO - Train: loss 1.1790 acc1 59.99%
2026-06-28 00:25:40 - __main__ - INFO - Val:   loss 1.5693 acc1 53.54%
2026-06-28 00:25:40 - __main__ - INFO - 
Epoch 45/100 | lr 0.063874
2026-06-28 00:27:59 - __main__ - INFO - Train: loss 1.1646 acc1 60.46%
2026-06-28 00:27:59 - __main__ - INFO - Val:   loss 1.4447 acc1 55.78%
2026-06-28 00:27:59 - __main__ - INFO - 
Epoch 46/100 | lr 0.062278
2026-06-28 00:30:15 - __main__ - INFO - Train: loss 1.1579 acc1 60.79%
2026-06-28 00:30:15 - __main__ - INFO - Val:   loss 1.4004 acc1 58.80%
2026-06-28 00:30:15 - __main__ - INFO - saved best: 58.80%
2026-06-28 00:30:15 - __main__ - INFO - 
Epoch 47/100 | lr 0.060669
2026-06-28 00:32:28 - __main__ - INFO - Train: loss 1.1469 acc1 60.97%
2026-06-28 00:32:28 - __main__ - INFO - Val:   loss 1.4567 acc1 56.61%
2026-06-28 00:32:28 - __main__ - INFO - 
Epoch 48/100 | lr 0.059048
2026-06-28 00:34:41 - __main__ - INFO - Train: loss 1.1328 acc1 61.57%
2026-06-28 00:34:41 - __main__ - INFO - Val:   loss 1.3810 acc1 57.99%
2026-06-28 00:34:41 - __main__ - INFO - 
Epoch 49/100 | lr 0.057417
2026-06-28 00:36:54 - __main__ - INFO - Train: loss 1.1236 acc1 61.86%
2026-06-28 00:36:54 - __main__ - INFO - Val:   loss 1.4698 acc1 54.89%
2026-06-28 00:36:54 - __main__ - INFO - 
Epoch 50/100 | lr 0.055779
2026-06-28 00:39:06 - __main__ - INFO - Train: loss 1.1077 acc1 62.40%
2026-06-28 00:39:06 - __main__ - INFO - Val:   loss 1.4063 acc1 56.12%
2026-06-28 00:39:06 - __main__ - INFO - 
Epoch 51/100 | lr 0.054134
2026-06-28 00:41:20 - __main__ - INFO - Train: loss 1.0967 acc1 62.73%
2026-06-28 00:41:20 - __main__ - INFO - Val:   loss 1.6199 acc1 52.84%
2026-06-28 00:41:20 - __main__ - INFO - 
Epoch 52/100 | lr 0.052484
2026-06-28 00:43:37 - __main__ - INFO - Train: loss 1.0865 acc1 63.01%
2026-06-28 00:43:37 - __main__ - INFO - Val:   loss 1.7499 acc1 48.89%
2026-06-28 00:43:37 - __main__ - INFO - 
Epoch 53/100 | lr 0.050832
2026-06-28 00:45:52 - __main__ - INFO - Train: loss 1.0766 acc1 63.41%
2026-06-28 00:45:52 - __main__ - INFO - Val:   loss 1.3567 acc1 59.97%
2026-06-28 00:45:52 - __main__ - INFO - saved best: 59.97%
2026-06-28 00:45:52 - __main__ - INFO - 
Epoch 54/100 | lr 0.049178
2026-06-28 00:48:07 - __main__ - INFO - Train: loss 1.0638 acc1 63.77%
2026-06-28 00:48:07 - __main__ - INFO - Val:   loss 1.5756 acc1 56.01%
2026-06-28 00:48:07 - __main__ - INFO - 
Epoch 55/100 | lr 0.047526
2026-06-28 00:50:20 - __main__ - INFO - Train: loss 1.0465 acc1 64.23%
2026-06-28 00:50:20 - __main__ - INFO - Val:   loss 1.8437 acc1 47.08%
2026-06-28 00:50:20 - __main__ - INFO - 
Epoch 56/100 | lr 0.045876
2026-06-28 00:52:40 - __main__ - INFO - Train: loss 1.0320 acc1 64.86%
2026-06-28 00:52:40 - __main__ - INFO - Val:   loss 1.9070 acc1 45.81%
2026-06-28 00:52:40 - __main__ - INFO - 
Epoch 57/100 | lr 0.044231
2026-06-28 00:54:54 - __main__ - INFO - Train: loss 1.0170 acc1 65.29%
2026-06-28 00:54:54 - __main__ - INFO - Val:   loss 1.3033 acc1 62.12%
2026-06-28 00:54:54 - __main__ - INFO - saved best: 62.12%
2026-06-28 00:54:54 - __main__ - INFO - 
Epoch 58/100 | lr 0.042593
2026-06-28 00:57:08 - __main__ - INFO - Train: loss 1.0082 acc1 65.66%
2026-06-28 00:57:08 - __main__ - INFO - Val:   loss 1.3169 acc1 60.61%
2026-06-28 00:57:08 - __main__ - INFO - 
Epoch 59/100 | lr 0.040962
2026-06-28 00:59:20 - __main__ - INFO - Train: loss 0.9886 acc1 66.20%
2026-06-28 00:59:20 - __main__ - INFO - Val:   loss 1.7125 acc1 52.87%
2026-06-28 00:59:20 - __main__ - INFO - 
Epoch 60/100 | lr 0.039341
2026-06-28 01:01:34 - __main__ - INFO - Train: loss 0.9796 acc1 66.42%
2026-06-28 01:01:34 - __main__ - INFO - Val:   loss 1.3623 acc1 62.01%
2026-06-28 01:01:34 - __main__ - INFO - 
Epoch 61/100 | lr 0.037732
2026-06-28 01:03:50 - __main__ - INFO - Train: loss 0.9604 acc1 67.12%
2026-06-28 01:03:50 - __main__ - INFO - Val:   loss 1.7710 acc1 52.26%
2026-06-28 01:03:50 - __main__ - INFO - 
Epoch 62/100 | lr 0.036136
2026-06-28 01:06:05 - __main__ - INFO - Train: loss 0.9491 acc1 67.64%
2026-06-28 01:06:05 - __main__ - INFO - Val:   loss 1.1918 acc1 66.08%
2026-06-28 01:06:05 - __main__ - INFO - saved best: 66.08%
2026-06-28 01:06:05 - __main__ - INFO - 
Epoch 63/100 | lr 0.034556
2026-06-28 01:08:19 - __main__ - INFO - Train: loss 0.9301 acc1 68.18%
2026-06-28 01:08:19 - __main__ - INFO - Val:   loss 1.4533 acc1 60.87%
2026-06-28 01:08:19 - __main__ - INFO - 
Epoch 64/100 | lr 0.032992
2026-06-28 01:10:36 - __main__ - INFO - Train: loss 0.9169 acc1 68.44%
2026-06-28 01:10:36 - __main__ - INFO - Val:   loss 1.6254 acc1 54.87%
2026-06-28 01:10:36 - __main__ - INFO - 
Epoch 65/100 | lr 0.031447
2026-06-28 01:12:49 - __main__ - INFO - Train: loss 0.8944 acc1 69.32%
2026-06-28 01:12:49 - __main__ - INFO - Val:   loss 1.5210 acc1 57.19%
2026-06-28 01:12:49 - __main__ - INFO - 
Epoch 66/100 | lr 0.029922
2026-06-28 01:15:07 - __main__ - INFO - Train: loss 0.8818 acc1 69.83%
2026-06-28 01:15:07 - __main__ - INFO - Val:   loss 1.2821 acc1 65.16%
2026-06-28 01:15:07 - __main__ - INFO - 
Epoch 67/100 | lr 0.028419
2026-06-28 01:17:25 - __main__ - INFO - Train: loss 0.8609 acc1 70.43%
2026-06-28 01:17:25 - __main__ - INFO - Val:   loss 1.2424 acc1 65.53%
2026-06-28 01:17:25 - __main__ - INFO - 
Epoch 68/100 | lr 0.026940
2026-06-28 01:19:42 - __main__ - INFO - Train: loss 0.8501 acc1 70.82%
2026-06-28 01:19:42 - __main__ - INFO - Val:   loss 1.3059 acc1 64.34%
2026-06-28 01:19:42 - __main__ - INFO - 
Epoch 69/100 | lr 0.025486
2026-06-28 01:21:57 - __main__ - INFO - Train: loss 0.8277 acc1 71.57%
2026-06-28 01:21:57 - __main__ - INFO - Val:   loss 1.2485 acc1 65.48%
2026-06-28 01:21:57 - __main__ - INFO - 
Epoch 70/100 | lr 0.024059
2026-06-28 01:24:10 - __main__ - INFO - Train: loss 0.8144 acc1 71.97%
2026-06-28 01:24:10 - __main__ - INFO - Val:   loss 1.6254 acc1 57.65%
2026-06-28 01:24:10 - __main__ - INFO - 
Epoch 71/100 | lr 0.022660
2026-06-28 01:26:30 - __main__ - INFO - Train: loss 0.7969 acc1 72.59%
2026-06-28 01:26:30 - __main__ - INFO - Val:   loss 1.3158 acc1 62.98%
2026-06-28 01:26:30 - __main__ - INFO - 
Epoch 72/100 | lr 0.021291
2026-06-28 01:28:42 - __main__ - INFO - Train: loss 0.7759 acc1 73.20%
2026-06-28 01:28:42 - __main__ - INFO - Val:   loss 1.4361 acc1 64.89%
2026-06-28 01:28:42 - __main__ - INFO - 
Epoch 73/100 | lr 0.019954
2026-06-28 01:30:55 - __main__ - INFO - Train: loss 0.7575 acc1 73.81%
2026-06-28 01:30:55 - __main__ - INFO - Val:   loss 1.4878 acc1 59.23%
2026-06-28 01:30:55 - __main__ - INFO - 
Epoch 74/100 | lr 0.018649
2026-06-28 01:33:09 - __main__ - INFO - Train: loss 0.7378 acc1 74.44%
2026-06-28 01:33:09 - __main__ - INFO - Val:   loss 1.2847 acc1 62.46%
2026-06-28 01:33:09 - __main__ - INFO - 
Epoch 75/100 | lr 0.017379
2026-06-28 01:35:23 - __main__ - INFO - Train: loss 0.7200 acc1 75.13%
2026-06-28 01:35:23 - __main__ - INFO - Val:   loss 1.3270 acc1 64.78%
2026-06-28 01:35:23 - __main__ - INFO - 
Epoch 76/100 | lr 0.016144
2026-06-28 01:37:39 - __main__ - INFO - Train: loss 0.7001 acc1 75.71%
2026-06-28 01:37:39 - __main__ - INFO - Val:   loss 1.2989 acc1 66.00%
2026-06-28 01:37:39 - __main__ - INFO - 
Epoch 77/100 | lr 0.014947
2026-06-28 01:39:58 - __main__ - INFO - Train: loss 0.6778 acc1 76.53%
2026-06-28 01:39:58 - __main__ - INFO - Val:   loss 1.6957 acc1 62.62%
2026-06-28 01:39:58 - __main__ - INFO - 
Epoch 78/100 | lr 0.013787
2026-06-28 01:42:11 - __main__ - INFO - Train: loss 0.6566 acc1 77.17%
2026-06-28 01:42:11 - __main__ - INFO - Val:   loss 1.4237 acc1 60.77%
2026-06-28 01:42:11 - __main__ - INFO - 
Epoch 79/100 | lr 0.012668
2026-06-28 01:44:25 - __main__ - INFO - Train: loss 0.6381 acc1 77.72%
2026-06-28 01:44:25 - __main__ - INFO - Val:   loss 1.2476 acc1 68.35%
2026-06-28 01:44:25 - __main__ - INFO - saved best: 68.35%
2026-06-28 01:44:25 - __main__ - INFO - 
Epoch 80/100 | lr 0.011589
2026-06-28 01:46:45 - __main__ - INFO - Train: loss 0.6221 acc1 78.22%
2026-06-28 01:46:45 - __main__ - INFO - Val:   loss 1.3072 acc1 66.69%
2026-06-28 01:46:45 - __main__ - INFO - 
Epoch 81/100 | lr 0.010552
2026-06-28 01:48:59 - __main__ - INFO - Train: loss 0.6009 acc1 79.02%
2026-06-28 01:48:59 - __main__ - INFO - Val:   loss 1.3909 acc1 65.46%
2026-06-28 01:48:59 - __main__ - INFO - 
Epoch 82/100 | lr 0.009558
2026-06-28 01:51:12 - __main__ - INFO - Train: loss 0.5787 acc1 79.72%
2026-06-28 01:51:12 - __main__ - INFO - Val:   loss 1.1838 acc1 70.14%
2026-06-28 01:51:12 - __main__ - INFO - saved best: 70.14%
2026-06-28 01:51:12 - __main__ - INFO - 
Epoch 83/100 | lr 0.008609
2026-06-28 01:53:32 - __main__ - INFO - Train: loss 0.5610 acc1 80.34%
2026-06-28 01:53:32 - __main__ - INFO - Val:   loss 1.3713 acc1 66.93%
2026-06-28 01:53:32 - __main__ - INFO - 
Epoch 84/100 | lr 0.007704
2026-06-28 01:55:46 - __main__ - INFO - Train: loss 0.5356 acc1 81.12%
2026-06-28 01:55:46 - __main__ - INFO - Val:   loss 1.3084 acc1 69.29%
2026-06-28 01:55:46 - __main__ - INFO - 
Epoch 85/100 | lr 0.006846
2026-06-28 01:58:05 - __main__ - INFO - Train: loss 0.5132 acc1 81.92%
2026-06-28 01:58:05 - __main__ - INFO - Val:   loss 1.4043 acc1 65.27%
2026-06-28 01:58:05 - __main__ - INFO - 
Epoch 86/100 | lr 0.006036
2026-06-28 02:00:21 - __main__ - INFO - Train: loss 0.4974 acc1 82.42%
2026-06-28 02:00:21 - __main__ - INFO - Val:   loss 1.1792 acc1 71.82%
2026-06-28 02:00:21 - __main__ - INFO - saved best: 71.82%
2026-06-28 02:00:21 - __main__ - INFO - 
Epoch 87/100 | lr 0.005273
2026-06-28 02:02:40 - __main__ - INFO - Train: loss 0.4730 acc1 83.32%
2026-06-28 02:02:40 - __main__ - INFO - Val:   loss 1.2806 acc1 70.24%
2026-06-28 02:02:40 - __main__ - INFO - 
Epoch 88/100 | lr 0.004559
2026-06-28 02:04:54 - __main__ - INFO - Train: loss 0.4537 acc1 83.95%
2026-06-28 02:04:54 - __main__ - INFO - Val:   loss 1.1855 acc1 72.19%
2026-06-28 02:04:54 - __main__ - INFO - saved best: 72.19%
2026-06-28 02:04:54 - __main__ - INFO - 
Epoch 89/100 | lr 0.003895
2026-06-28 02:07:08 - __main__ - INFO - Train: loss 0.4377 acc1 84.48%
2026-06-28 02:07:08 - __main__ - INFO - Val:   loss 1.1926 acc1 71.10%
2026-06-28 02:07:08 - __main__ - INFO - 
Epoch 90/100 | lr 0.003281
2026-06-28 02:09:26 - __main__ - INFO - Train: loss 0.4177 acc1 85.12%
2026-06-28 02:09:26 - __main__ - INFO - Val:   loss 1.2081 acc1 72.15%
2026-06-28 02:09:26 - __main__ - INFO - 
Epoch 91/100 | lr 0.002719
2026-06-28 02:11:45 - __main__ - INFO - Train: loss 0.3969 acc1 85.84%
2026-06-28 02:11:45 - __main__ - INFO - Val:   loss 1.2124 acc1 72.69%
2026-06-28 02:11:45 - __main__ - INFO - saved best: 72.69%
2026-06-28 02:11:45 - __main__ - INFO - 
Epoch 92/100 | lr 0.002208
2026-06-28 02:14:00 - __main__ - INFO - Train: loss 0.3739 acc1 86.65%
2026-06-28 02:14:00 - __main__ - INFO - Val:   loss 1.1819 acc1 73.23%
2026-06-28 02:14:00 - __main__ - INFO - saved best: 73.23%
2026-06-28 02:14:00 - __main__ - INFO - 
Epoch 93/100 | lr 0.001749
2026-06-28 02:16:19 - __main__ - INFO - Train: loss 0.3582 acc1 87.13%
2026-06-28 02:16:19 - __main__ - INFO - Val:   loss 1.1862 acc1 71.62%
2026-06-28 02:16:19 - __main__ - INFO - 
Epoch 94/100 | lr 0.001344
2026-06-28 02:18:39 - __main__ - INFO - Train: loss 0.3447 acc1 87.68%
2026-06-28 02:18:39 - __main__ - INFO - Val:   loss 1.1894 acc1 72.04%
2026-06-28 02:18:39 - __main__ - INFO - 
Epoch 95/100 | lr 0.000991
2026-06-28 02:20:58 - __main__ - INFO - Train: loss 0.3276 acc1 88.22%
2026-06-28 02:20:58 - __main__ - INFO - Val:   loss 1.1740 acc1 73.17%
2026-06-28 02:20:58 - __main__ - INFO - 
Epoch 96/100 | lr 0.000692
2026-06-28 02:23:12 - __main__ - INFO - Train: loss 0.3155 acc1 88.59%
2026-06-28 02:23:12 - __main__ - INFO - Val:   loss 1.1754 acc1 73.34%
2026-06-28 02:23:13 - __main__ - INFO - saved best: 73.34%
2026-06-28 02:23:13 - __main__ - INFO - 
Epoch 97/100 | lr 0.000447
2026-06-28 02:25:31 - __main__ - INFO - Train: loss 0.3070 acc1 88.87%
2026-06-28 02:25:31 - __main__ - INFO - Val:   loss 1.1707 acc1 73.88%
2026-06-28 02:25:31 - __main__ - INFO - saved best: 73.88%
2026-06-28 02:25:31 - __main__ - INFO - 
Epoch 98/100 | lr 0.000256
2026-06-28 02:27:44 - __main__ - INFO - Train: loss 0.2944 acc1 89.25%
2026-06-28 02:27:44 - __main__ - INFO - Val:   loss 1.1638 acc1 73.73%
2026-06-28 02:27:44 - __main__ - INFO - 
Epoch 99/100 | lr 0.000119
2026-06-28 02:29:58 - __main__ - INFO - Train: loss 0.2918 acc1 89.41%
2026-06-28 02:29:58 - __main__ - INFO - Val:   loss 1.1549 acc1 74.38%
2026-06-28 02:29:58 - __main__ - INFO - saved best: 74.38%
2026-06-28 02:29:58 - __main__ - INFO - 
Epoch 100/100 | lr 0.000037
2026-06-28 02:32:12 - __main__ - INFO - Train: loss 0.2883 acc1 89.59%
2026-06-28 02:32:12 - __main__ - INFO - Val:   loss 1.1776 acc1 73.75%
2026-06-28 02:32:12 - __main__ - INFO - Loaded best checkpoint weights for final test evaluation.
2026-06-28 02:32:14 - __main__ - INFO - 
Best tracked (val): 74.38%
2026-06-28 02:32:14 - __main__ - INFO - Final test: loss 1.1343 acc1 72.85%
2026-06-28 02:32:14 - __main__ - INFO - Saved best model checkpoint to runs/drive_zip/resnet18/42/resnet18_seed42_random_M8_area0.1/best_model.pt
