2026-06-29 01:29:13 - __main__ - INFO - Run parameters: {"adamw_betas": [0.9, 0.999], "adamw_eps": 1e-08, "amp": true, "batch_size": 128, "cam_cache_dir": "", "cam_layer": "auto", "cam_precompute_only": false, "cam_precompute_windows": false, "cutout_area": 0.1, "cutout_m": 8, "cutout_mode": "random", "cutout_size": 0, "data_dir": "./data", "dataset": "drive_zip", "debug_cam_timing": false, "deterministic_train_transforms": true, "epochs": 100, "gamma": 0.1, "grayscale": true, "include_regex": "_grayscale\\.tiff$", "label_smoothing": 0.0, "log_every": 100, "lr": 0.1, "milestones": "60,80", "min_lr": 1e-05, "model": "resnet18", "momentum": 0.9, "nesterov": false, "num_workers": 4, "optimizer": "sgd", "out_dir": "runs/drive_zip/resnet18/42", "run_name": "resnet18_seed42_random_M8_area0.1", "saliency_candidate_percent": 10.0, "scheduler": "cosine", "seed": 42, "teacher_checkpoint": "", "teacher_model": "", "val_split": 0.1, "warmup_epochs": 5, "weight_decay": 0.0005}
2026-06-29 01:29:13 - __main__ - INFO - device: cuda | cuda: True | gpu: NVIDIA A100-SXM4-80GB
2026-06-29 01:31:06 - __main__ - INFO - Model: resnet18 | Dataset: drive_zip | Classes: 17 | Optimizer: sgd
2026-06-29 01:31:06 - __main__ - INFO - Cutout enabled: mode=random m=8 size=None area=0.1
2026-06-29 01:31:07 - __main__ - INFO - 
Epoch 1/100 | lr 0.000100
2026-06-29 01:32:47 - __main__ - INFO - Train: loss 2.4625 acc1 28.13%
2026-06-29 01:32:47 - __main__ - INFO - Val:   loss 2.1869 acc1 34.11%
2026-06-29 01:32:47 - __main__ - INFO - saved best: 34.11%
2026-06-29 01:32:47 - __main__ - INFO - 
Epoch 2/100 | lr 0.020080
2026-06-29 01:34:24 - __main__ - INFO - Train: loss 1.0824 acc1 64.09%
2026-06-29 01:34:24 - __main__ - INFO - Val:   loss 1.5952 acc1 60.05%
2026-06-29 01:34:24 - __main__ - INFO - saved best: 60.05%
2026-06-29 01:34:24 - __main__ - INFO - 
Epoch 3/100 | lr 0.040060
2026-06-29 01:36:07 - __main__ - INFO - Train: loss 0.5008 acc1 84.19%
2026-06-29 01:36:07 - __main__ - INFO - Val:   loss 1.6125 acc1 65.87%
2026-06-29 01:36:07 - __main__ - INFO - saved best: 65.87%
2026-06-29 01:36:07 - __main__ - INFO - 
Epoch 4/100 | lr 0.060040
2026-06-29 01:37:46 - __main__ - INFO - Train: loss 0.3158 acc1 89.90%
2026-06-29 01:37:46 - __main__ - INFO - Val:   loss 1.7260 acc1 68.23%
2026-06-29 01:37:46 - __main__ - INFO - saved best: 68.23%
2026-06-29 01:37:46 - __main__ - INFO - 
Epoch 5/100 | lr 0.080020
2026-06-29 01:39:24 - __main__ - INFO - Train: loss 0.2976 acc1 90.36%
2026-06-29 01:39:24 - __main__ - INFO - Val:   loss 1.5583 acc1 65.40%
2026-06-29 01:39:24 - __main__ - INFO - 
Epoch 6/100 | lr 0.100000
2026-06-29 01:41:02 - __main__ - INFO - Train: loss 0.3136 acc1 89.82%
2026-06-29 01:41:02 - __main__ - INFO - Val:   loss 1.5928 acc1 65.57%
2026-06-29 01:41:02 - __main__ - INFO - 
Epoch 7/100 | lr 0.099973
2026-06-29 01:42:40 - __main__ - INFO - Train: loss 0.2573 acc1 91.62%
2026-06-29 01:42:40 - __main__ - INFO - Val:   loss 1.7477 acc1 64.00%
2026-06-29 01:42:40 - __main__ - INFO - 
Epoch 8/100 | lr 0.099891
2026-06-29 01:44:17 - __main__ - INFO - Train: loss 0.2508 acc1 91.69%
2026-06-29 01:44:17 - __main__ - INFO - Val:   loss 1.8574 acc1 62.80%
2026-06-29 01:44:17 - __main__ - INFO - 
Epoch 9/100 | lr 0.099754
2026-06-29 01:45:55 - __main__ - INFO - Train: loss 0.2373 acc1 92.14%
2026-06-29 01:45:55 - __main__ - INFO - Val:   loss 1.6852 acc1 63.70%
2026-06-29 01:45:55 - __main__ - INFO - 
Epoch 10/100 | lr 0.099563
2026-06-29 01:47:33 - __main__ - INFO - Train: loss 0.2263 acc1 92.43%
2026-06-29 01:47:33 - __main__ - INFO - Val:   loss 1.6389 acc1 63.80%
2026-06-29 01:47:33 - __main__ - INFO - 
Epoch 11/100 | lr 0.099318
2026-06-29 01:49:11 - __main__ - INFO - Train: loss 0.2251 acc1 92.53%
2026-06-29 01:49:11 - __main__ - INFO - Val:   loss 1.5413 acc1 67.51%
2026-06-29 01:49:11 - __main__ - INFO - 
Epoch 12/100 | lr 0.099019
2026-06-29 01:50:48 - __main__ - INFO - Train: loss 0.2185 acc1 92.59%
2026-06-29 01:50:48 - __main__ - INFO - Val:   loss 1.7176 acc1 66.60%
2026-06-29 01:50:48 - __main__ - INFO - 
Epoch 13/100 | lr 0.098666
2026-06-29 01:52:26 - __main__ - INFO - Train: loss 0.2138 acc1 92.66%
2026-06-29 01:52:26 - __main__ - INFO - Val:   loss 1.7174 acc1 64.64%
2026-06-29 01:52:26 - __main__ - INFO - 
Epoch 14/100 | lr 0.098261
2026-06-29 01:54:03 - __main__ - INFO - Train: loss 0.2128 acc1 92.81%
2026-06-29 01:54:03 - __main__ - INFO - Val:   loss 1.7117 acc1 65.14%
2026-06-29 01:54:03 - __main__ - INFO - 
Epoch 15/100 | lr 0.097802
2026-06-29 01:55:41 - __main__ - INFO - Train: loss 0.2026 acc1 93.10%
2026-06-29 01:55:41 - __main__ - INFO - Val:   loss 1.7837 acc1 64.63%
2026-06-29 01:55:41 - __main__ - INFO - 
Epoch 16/100 | lr 0.097291
2026-06-29 01:57:19 - __main__ - INFO - Train: loss 0.2037 acc1 93.04%
2026-06-29 01:57:19 - __main__ - INFO - Val:   loss 1.8461 acc1 63.35%
2026-06-29 01:57:19 - __main__ - INFO - 
Epoch 17/100 | lr 0.096729
2026-06-29 01:58:56 - __main__ - INFO - Train: loss 0.2029 acc1 93.05%
2026-06-29 01:58:56 - __main__ - INFO - Val:   loss 1.8866 acc1 61.93%
2026-06-29 01:58:56 - __main__ - INFO - 
Epoch 18/100 | lr 0.096115
2026-06-29 02:00:34 - __main__ - INFO - Train: loss 0.1990 acc1 93.15%
2026-06-29 02:00:34 - __main__ - INFO - Val:   loss 1.6225 acc1 65.11%
2026-06-29 02:00:34 - __main__ - INFO - 
Epoch 19/100 | lr 0.095451
2026-06-29 02:02:12 - __main__ - INFO - Train: loss 0.2059 acc1 92.95%
2026-06-29 02:02:12 - __main__ - INFO - Val:   loss 1.6764 acc1 64.39%
2026-06-29 02:02:12 - __main__ - INFO - 
Epoch 20/100 | lr 0.094737
2026-06-29 02:03:49 - __main__ - INFO - Train: loss 0.1965 acc1 93.25%
2026-06-29 02:03:49 - __main__ - INFO - Val:   loss 1.6889 acc1 66.17%
2026-06-29 02:03:49 - __main__ - INFO - 
Epoch 21/100 | lr 0.093974
2026-06-29 02:05:27 - __main__ - INFO - Train: loss 0.1947 acc1 93.30%
2026-06-29 02:05:27 - __main__ - INFO - Val:   loss 1.8604 acc1 63.39%
2026-06-29 02:05:27 - __main__ - INFO - 
Epoch 22/100 | lr 0.093164
2026-06-29 02:07:05 - __main__ - INFO - Train: loss 0.1893 acc1 93.43%
2026-06-29 02:07:05 - __main__ - INFO - Val:   loss 1.7543 acc1 64.65%
2026-06-29 02:07:05 - __main__ - INFO - 
Epoch 23/100 | lr 0.092306
2026-06-29 02:08:43 - __main__ - INFO - Train: loss 0.1839 acc1 93.59%
2026-06-29 02:08:43 - __main__ - INFO - Val:   loss 1.5933 acc1 64.91%
2026-06-29 02:08:43 - __main__ - INFO - 
Epoch 24/100 | lr 0.091401
2026-06-29 02:10:21 - __main__ - INFO - Train: loss 0.1844 acc1 93.53%
2026-06-29 02:10:21 - __main__ - INFO - Val:   loss 1.6397 acc1 65.78%
2026-06-29 02:10:21 - __main__ - INFO - 
Epoch 25/100 | lr 0.090452
2026-06-29 02:11:58 - __main__ - INFO - Train: loss 0.1737 acc1 93.94%
2026-06-29 02:11:58 - __main__ - INFO - Val:   loss 1.8947 acc1 62.83%
2026-06-29 02:11:58 - __main__ - INFO - 
Epoch 26/100 | lr 0.089458
2026-06-29 02:13:35 - __main__ - INFO - Train: loss 0.1719 acc1 93.97%
2026-06-29 02:13:35 - __main__ - INFO - Val:   loss 1.4985 acc1 68.85%
2026-06-29 02:13:35 - __main__ - INFO - saved best: 68.85%
2026-06-29 02:13:35 - __main__ - INFO - 
Epoch 27/100 | lr 0.088421
2026-06-29 02:15:14 - __main__ - INFO - Train: loss 0.2094 acc1 92.89%
2026-06-29 02:15:14 - __main__ - INFO - Val:   loss 1.6131 acc1 66.24%
2026-06-29 02:15:14 - __main__ - INFO - 
Epoch 28/100 | lr 0.087342
2026-06-29 02:16:51 - __main__ - INFO - Train: loss 0.1858 acc1 93.54%
2026-06-29 02:16:51 - __main__ - INFO - Val:   loss 1.6766 acc1 67.27%
2026-06-29 02:16:51 - __main__ - INFO - 
Epoch 29/100 | lr 0.086223
2026-06-29 02:18:29 - __main__ - INFO - Train: loss 0.1708 acc1 94.05%
2026-06-29 02:18:29 - __main__ - INFO - Val:   loss 1.9625 acc1 59.80%
2026-06-29 02:18:29 - __main__ - INFO - 
Epoch 30/100 | lr 0.085063
2026-06-29 02:20:07 - __main__ - INFO - Train: loss 0.1624 acc1 94.28%
2026-06-29 02:20:07 - __main__ - INFO - Val:   loss 1.8258 acc1 63.96%
2026-06-29 02:20:07 - __main__ - INFO - 
Epoch 31/100 | lr 0.083866
2026-06-29 02:21:44 - __main__ - INFO - Train: loss 0.1771 acc1 93.77%
2026-06-29 02:21:44 - __main__ - INFO - Val:   loss 1.7004 acc1 65.53%
2026-06-29 02:21:44 - __main__ - INFO - 
Epoch 32/100 | lr 0.082631
2026-06-29 02:23:22 - __main__ - INFO - Train: loss 0.1841 acc1 93.53%
2026-06-29 02:23:22 - __main__ - INFO - Val:   loss 1.7518 acc1 67.47%
2026-06-29 02:23:22 - __main__ - INFO - 
Epoch 33/100 | lr 0.081361
2026-06-29 02:25:00 - __main__ - INFO - Train: loss 0.1520 acc1 94.61%
2026-06-29 02:25:00 - __main__ - INFO - Val:   loss 1.8252 acc1 63.49%
2026-06-29 02:25:00 - __main__ - INFO - 
Epoch 34/100 | lr 0.080056
2026-06-29 02:26:37 - __main__ - INFO - Train: loss 0.1543 acc1 94.48%
2026-06-29 02:26:37 - __main__ - INFO - Val:   loss 1.4815 acc1 69.49%
2026-06-29 02:26:37 - __main__ - INFO - saved best: 69.49%
2026-06-29 02:26:37 - __main__ - INFO - 
Epoch 35/100 | lr 0.078719
2026-06-29 02:28:15 - __main__ - INFO - Train: loss 0.1884 acc1 93.47%
2026-06-29 02:28:15 - __main__ - INFO - Val:   loss 1.4585 acc1 62.10%
2026-06-29 02:28:15 - __main__ - INFO - 
Epoch 36/100 | lr 0.077350
2026-06-29 02:29:52 - __main__ - INFO - Train: loss 0.1566 acc1 94.50%
2026-06-29 02:29:52 - __main__ - INFO - Val:   loss 1.8011 acc1 62.20%
2026-06-29 02:29:52 - __main__ - INFO - 
Epoch 37/100 | lr 0.075951
2026-06-29 02:31:30 - __main__ - INFO - Train: loss 0.1599 acc1 94.38%
2026-06-29 02:31:30 - __main__ - INFO - Val:   loss 1.5159 acc1 66.53%
2026-06-29 02:31:30 - __main__ - INFO - 
Epoch 38/100 | lr 0.074524
2026-06-29 02:33:08 - __main__ - INFO - Train: loss 0.1373 acc1 95.07%
2026-06-29 02:33:08 - __main__ - INFO - Val:   loss 1.7474 acc1 56.42%
2026-06-29 02:33:08 - __main__ - INFO - 
Epoch 39/100 | lr 0.073070
2026-06-29 02:34:46 - __main__ - INFO - Train: loss 0.2059 acc1 93.06%
2026-06-29 02:34:46 - __main__ - INFO - Val:   loss 1.5972 acc1 67.30%
2026-06-29 02:34:46 - __main__ - INFO - 
Epoch 40/100 | lr 0.071591
2026-06-29 02:36:24 - __main__ - INFO - Train: loss 0.1669 acc1 94.17%
2026-06-29 02:36:24 - __main__ - INFO - Val:   loss 1.5554 acc1 68.74%
2026-06-29 02:36:24 - __main__ - INFO - 
Epoch 41/100 | lr 0.070088
2026-06-29 02:38:01 - __main__ - INFO - Train: loss 0.0926 acc1 96.37%
2026-06-29 02:38:01 - __main__ - INFO - Val:   loss 1.3358 acc1 68.18%
2026-06-29 02:38:01 - __main__ - INFO - 
Epoch 42/100 | lr 0.068563
2026-06-29 02:39:39 - __main__ - INFO - Train: loss 0.2086 acc1 92.92%
2026-06-29 02:39:39 - __main__ - INFO - Val:   loss 1.6053 acc1 64.20%
2026-06-29 02:39:39 - __main__ - INFO - 
Epoch 43/100 | lr 0.067018
2026-06-29 02:41:16 - __main__ - INFO - Train: loss 0.1450 acc1 94.87%
2026-06-29 02:41:16 - __main__ - INFO - Val:   loss 1.5704 acc1 67.31%
2026-06-29 02:41:16 - __main__ - INFO - 
Epoch 44/100 | lr 0.065454
2026-06-29 02:42:54 - __main__ - INFO - Train: loss 0.1786 acc1 93.82%
2026-06-29 02:42:54 - __main__ - INFO - Val:   loss 1.5175 acc1 67.46%
2026-06-29 02:42:54 - __main__ - INFO - 
Epoch 45/100 | lr 0.063874
2026-06-29 02:44:32 - __main__ - INFO - Train: loss 0.0958 acc1 96.31%
2026-06-29 02:44:32 - __main__ - INFO - Val:   loss 1.4371 acc1 68.75%
2026-06-29 02:44:32 - __main__ - INFO - 
Epoch 46/100 | lr 0.062278
2026-06-29 02:46:09 - __main__ - INFO - Train: loss 0.1403 acc1 94.99%
2026-06-29 02:46:09 - __main__ - INFO - Val:   loss 1.7944 acc1 53.99%
2026-06-29 02:46:09 - __main__ - INFO - 
Epoch 47/100 | lr 0.060669
2026-06-29 02:47:47 - __main__ - INFO - Train: loss 0.1801 acc1 93.83%
2026-06-29 02:47:47 - __main__ - INFO - Val:   loss 1.5745 acc1 67.63%
2026-06-29 02:47:47 - __main__ - INFO - 
Epoch 48/100 | lr 0.059048
2026-06-29 02:49:25 - __main__ - INFO - Train: loss 0.1126 acc1 95.86%
2026-06-29 02:49:25 - __main__ - INFO - Val:   loss 2.1817 acc1 60.25%
2026-06-29 02:49:25 - __main__ - INFO - 
Epoch 49/100 | lr 0.057417
2026-06-29 02:51:03 - __main__ - INFO - Train: loss 0.1585 acc1 94.51%
2026-06-29 02:51:03 - __main__ - INFO - Val:   loss 1.5238 acc1 68.98%
2026-06-29 02:51:03 - __main__ - INFO - 
Epoch 50/100 | lr 0.055779
2026-06-29 02:52:40 - __main__ - INFO - Train: loss 0.0759 acc1 96.99%
2026-06-29 02:52:40 - __main__ - INFO - Val:   loss 1.4141 acc1 69.06%
2026-06-29 02:52:40 - __main__ - INFO - 
Epoch 51/100 | lr 0.054134
2026-06-29 02:54:18 - __main__ - INFO - Train: loss 0.2012 acc1 93.20%
2026-06-29 02:54:18 - __main__ - INFO - Val:   loss 1.6040 acc1 67.66%
2026-06-29 02:54:18 - __main__ - INFO - 
Epoch 52/100 | lr 0.052484
2026-06-29 02:55:56 - __main__ - INFO - Train: loss 0.1038 acc1 96.19%
2026-06-29 02:55:56 - __main__ - INFO - Val:   loss 1.4693 acc1 69.60%
2026-06-29 02:55:56 - __main__ - INFO - saved best: 69.60%
2026-06-29 02:55:56 - __main__ - INFO - 
Epoch 53/100 | lr 0.050832
2026-06-29 02:57:34 - __main__ - INFO - Train: loss 0.0727 acc1 97.05%
2026-06-29 02:57:34 - __main__ - INFO - Val:   loss 1.3679 acc1 69.20%
2026-06-29 02:57:34 - __main__ - INFO - 
Epoch 54/100 | lr 0.049178
2026-06-29 02:59:11 - __main__ - INFO - Train: loss 0.2053 acc1 93.14%
2026-06-29 02:59:11 - __main__ - INFO - Val:   loss 1.5856 acc1 66.17%
2026-06-29 02:59:11 - __main__ - INFO - 
Epoch 55/100 | lr 0.047526
2026-06-29 03:00:50 - __main__ - INFO - Train: loss 0.0928 acc1 96.53%
2026-06-29 03:00:50 - __main__ - INFO - Val:   loss 1.4448 acc1 68.67%
2026-06-29 03:00:50 - __main__ - INFO - 
Epoch 56/100 | lr 0.045876
2026-06-29 03:02:27 - __main__ - INFO - Train: loss 0.0686 acc1 97.22%
2026-06-29 03:02:27 - __main__ - INFO - Val:   loss 1.4135 acc1 67.85%
2026-06-29 03:02:27 - __main__ - INFO - 
Epoch 57/100 | lr 0.044231
2026-06-29 03:04:05 - __main__ - INFO - Train: loss 0.1895 acc1 93.63%
2026-06-29 03:04:05 - __main__ - INFO - Val:   loss 1.4682 acc1 67.58%
2026-06-29 03:04:05 - __main__ - INFO - 
Epoch 58/100 | lr 0.042593
2026-06-29 03:05:43 - __main__ - INFO - Train: loss 0.0807 acc1 96.87%
2026-06-29 03:05:43 - __main__ - INFO - Val:   loss 1.4391 acc1 68.56%
2026-06-29 03:05:43 - __main__ - INFO - 
Epoch 59/100 | lr 0.040962
2026-06-29 03:07:21 - __main__ - INFO - Train: loss 0.0608 acc1 97.54%
2026-06-29 03:07:21 - __main__ - INFO - Val:   loss 1.3527 acc1 69.48%
2026-06-29 03:07:21 - __main__ - INFO - 
Epoch 60/100 | lr 0.039341
2026-06-29 03:08:59 - __main__ - INFO - Train: loss 0.1618 acc1 94.47%
2026-06-29 03:08:59 - __main__ - INFO - Val:   loss 1.4640 acc1 66.73%
2026-06-29 03:08:59 - __main__ - INFO - 
Epoch 61/100 | lr 0.037732
2026-06-29 03:10:36 - __main__ - INFO - Train: loss 0.0923 acc1 96.61%
2026-06-29 03:10:36 - __main__ - INFO - Val:   loss 1.4425 acc1 68.56%
2026-06-29 03:10:36 - __main__ - INFO - 
Epoch 62/100 | lr 0.036136
2026-06-29 03:12:14 - __main__ - INFO - Train: loss 0.0582 acc1 97.60%
2026-06-29 03:12:14 - __main__ - INFO - Val:   loss 1.4244 acc1 69.21%
2026-06-29 03:12:14 - __main__ - INFO - 
Epoch 63/100 | lr 0.034556
2026-06-29 03:13:51 - __main__ - INFO - Train: loss 0.0734 acc1 97.22%
2026-06-29 03:13:51 - __main__ - INFO - Val:   loss 1.7319 acc1 62.69%
2026-06-29 03:13:51 - __main__ - INFO - 
Epoch 64/100 | lr 0.032992
2026-06-29 03:15:29 - __main__ - INFO - Train: loss 0.1480 acc1 94.89%
2026-06-29 03:15:29 - __main__ - INFO - Val:   loss 1.4859 acc1 68.53%
2026-06-29 03:15:29 - __main__ - INFO - 
Epoch 65/100 | lr 0.031447
2026-06-29 03:17:07 - __main__ - INFO - Train: loss 0.0563 acc1 97.65%
2026-06-29 03:17:07 - __main__ - INFO - Val:   loss 1.3823 acc1 69.88%
2026-06-29 03:17:07 - __main__ - INFO - saved best: 69.88%
2026-06-29 03:17:07 - __main__ - INFO - 
Epoch 66/100 | lr 0.029922
2026-06-29 03:18:45 - __main__ - INFO - Train: loss 0.0507 acc1 97.95%
2026-06-29 03:18:45 - __main__ - INFO - Val:   loss 1.4209 acc1 68.17%
2026-06-29 03:18:45 - __main__ - INFO - 
Epoch 67/100 | lr 0.028419
2026-06-29 03:20:22 - __main__ - INFO - Train: loss 0.0506 acc1 98.00%
2026-06-29 03:20:22 - __main__ - INFO - Val:   loss 1.4002 acc1 68.40%
2026-06-29 03:20:22 - __main__ - INFO - 
Epoch 68/100 | lr 0.026940
2026-06-29 03:22:00 - __main__ - INFO - Train: loss 0.0539 acc1 97.95%
2026-06-29 03:22:00 - __main__ - INFO - Val:   loss 1.5684 acc1 68.62%
2026-06-29 03:22:00 - __main__ - INFO - 
Epoch 69/100 | lr 0.025486
2026-06-29 03:23:37 - __main__ - INFO - Train: loss 0.1668 acc1 94.39%
2026-06-29 03:23:37 - __main__ - INFO - Val:   loss 1.5087 acc1 68.39%
2026-06-29 03:23:37 - __main__ - INFO - 
Epoch 70/100 | lr 0.024059
2026-06-29 03:25:15 - __main__ - INFO - Train: loss 0.0533 acc1 97.83%
2026-06-29 03:25:15 - __main__ - INFO - Val:   loss 1.4461 acc1 67.76%
2026-06-29 03:25:15 - __main__ - INFO - 
Epoch 71/100 | lr 0.022660
2026-06-29 03:26:53 - __main__ - INFO - Train: loss 0.0439 acc1 98.14%
2026-06-29 03:26:53 - __main__ - INFO - Val:   loss 1.4220 acc1 69.05%
2026-06-29 03:26:53 - __main__ - INFO - 
Epoch 72/100 | lr 0.021291
2026-06-29 03:28:31 - __main__ - INFO - Train: loss 0.0414 acc1 98.36%
2026-06-29 03:28:31 - __main__ - INFO - Val:   loss 1.3800 acc1 68.64%
2026-06-29 03:28:31 - __main__ - INFO - 
Epoch 73/100 | lr 0.019954
2026-06-29 03:30:09 - __main__ - INFO - Train: loss 0.0423 acc1 98.35%
2026-06-29 03:30:09 - __main__ - INFO - Val:   loss 1.4221 acc1 67.52%
2026-06-29 03:30:09 - __main__ - INFO - 
Epoch 74/100 | lr 0.018649
2026-06-29 03:31:46 - __main__ - INFO - Train: loss 0.0526 acc1 98.08%
2026-06-29 03:31:46 - __main__ - INFO - Val:   loss 1.5206 acc1 66.71%
2026-06-29 03:31:46 - __main__ - INFO - 
Epoch 75/100 | lr 0.017379
2026-06-29 03:33:25 - __main__ - INFO - Train: loss 0.0506 acc1 98.12%
2026-06-29 03:33:25 - __main__ - INFO - Val:   loss 1.4789 acc1 67.97%
2026-06-29 03:33:25 - __main__ - INFO - 
Epoch 76/100 | lr 0.016144
2026-06-29 03:35:02 - __main__ - INFO - Train: loss 0.0389 acc1 98.45%
2026-06-29 03:35:02 - __main__ - INFO - Val:   loss 1.3936 acc1 69.49%
2026-06-29 03:35:02 - __main__ - INFO - 
Epoch 77/100 | lr 0.014947
2026-06-29 03:36:40 - __main__ - INFO - Train: loss 0.0370 acc1 98.57%
2026-06-29 03:36:40 - __main__ - INFO - Val:   loss 1.3828 acc1 69.61%
2026-06-29 03:36:40 - __main__ - INFO - 
Epoch 78/100 | lr 0.013787
2026-06-29 03:38:17 - __main__ - INFO - Train: loss 0.0315 acc1 98.73%
2026-06-29 03:38:17 - __main__ - INFO - Val:   loss 1.3633 acc1 70.10%
2026-06-29 03:38:17 - __main__ - INFO - saved best: 70.10%
2026-06-29 03:38:17 - __main__ - INFO - 
Epoch 79/100 | lr 0.012668
2026-06-29 03:39:55 - __main__ - INFO - Train: loss 0.0272 acc1 98.92%
2026-06-29 03:39:55 - __main__ - INFO - Val:   loss 1.3676 acc1 69.00%
2026-06-29 03:39:55 - __main__ - INFO - 
Epoch 80/100 | lr 0.011589
2026-06-29 03:41:33 - __main__ - INFO - Train: loss 0.0249 acc1 98.99%
2026-06-29 03:41:33 - __main__ - INFO - Val:   loss 1.3569 acc1 69.57%
2026-06-29 03:41:33 - __main__ - INFO - 
Epoch 81/100 | lr 0.010552
2026-06-29 03:43:10 - __main__ - INFO - Train: loss 0.0238 acc1 99.04%
2026-06-29 03:43:10 - __main__ - INFO - Val:   loss 1.3261 acc1 69.95%
2026-06-29 03:43:10 - __main__ - INFO - 
Epoch 82/100 | lr 0.009558
2026-06-29 03:44:48 - __main__ - INFO - Train: loss 0.0216 acc1 99.16%
2026-06-29 03:44:48 - __main__ - INFO - Val:   loss 1.3513 acc1 69.71%
2026-06-29 03:44:48 - __main__ - INFO - 
Epoch 83/100 | lr 0.008609
2026-06-29 03:46:26 - __main__ - INFO - Train: loss 0.0201 acc1 99.24%
2026-06-29 03:46:26 - __main__ - INFO - Val:   loss 1.3640 acc1 70.42%
2026-06-29 03:46:26 - __main__ - INFO - saved best: 70.42%
2026-06-29 03:46:26 - __main__ - INFO - 
Epoch 84/100 | lr 0.007704
2026-06-29 03:48:03 - __main__ - INFO - Train: loss 0.0172 acc1 99.36%
2026-06-29 03:48:03 - __main__ - INFO - Val:   loss 1.3392 acc1 70.42%
2026-06-29 03:48:03 - __main__ - INFO - 
Epoch 85/100 | lr 0.006846
2026-06-29 03:49:40 - __main__ - INFO - Train: loss 0.0159 acc1 99.42%
2026-06-29 03:49:40 - __main__ - INFO - Val:   loss 1.3265 acc1 70.11%
2026-06-29 03:49:40 - __main__ - INFO - 
Epoch 86/100 | lr 0.006036
2026-06-29 03:51:18 - __main__ - INFO - Train: loss 0.0146 acc1 99.48%
2026-06-29 03:51:18 - __main__ - INFO - Val:   loss 1.3258 acc1 69.37%
2026-06-29 03:51:18 - __main__ - INFO - 
Epoch 87/100 | lr 0.005273
2026-06-29 03:52:56 - __main__ - INFO - Train: loss 0.0120 acc1 99.57%
2026-06-29 03:52:56 - __main__ - INFO - Val:   loss 1.3398 acc1 70.50%
2026-06-29 03:52:56 - __main__ - INFO - saved best: 70.50%
2026-06-29 03:52:56 - __main__ - INFO - 
Epoch 88/100 | lr 0.004559
2026-06-29 03:54:34 - __main__ - INFO - Train: loss 0.0103 acc1 99.65%
2026-06-29 03:54:34 - __main__ - INFO - Val:   loss 1.3277 acc1 69.69%
2026-06-29 03:54:34 - __main__ - INFO - 
Epoch 89/100 | lr 0.003895
2026-06-29 03:56:11 - __main__ - INFO - Train: loss 0.0089 acc1 99.70%
2026-06-29 03:56:11 - __main__ - INFO - Val:   loss 1.3171 acc1 69.74%
2026-06-29 03:56:11 - __main__ - INFO - 
Epoch 90/100 | lr 0.003281
2026-06-29 03:57:49 - __main__ - INFO - Train: loss 0.0080 acc1 99.74%
2026-06-29 03:57:49 - __main__ - INFO - Val:   loss 1.3178 acc1 70.30%
2026-06-29 03:57:49 - __main__ - INFO - 
Epoch 91/100 | lr 0.002719
2026-06-29 03:59:27 - __main__ - INFO - Train: loss 0.0070 acc1 99.75%
2026-06-29 03:59:27 - __main__ - INFO - Val:   loss 1.3024 acc1 69.94%
2026-06-29 03:59:27 - __main__ - INFO - 
Epoch 92/100 | lr 0.002208
2026-06-29 04:01:05 - __main__ - INFO - Train: loss 0.0065 acc1 99.77%
2026-06-29 04:01:05 - __main__ - INFO - Val:   loss 1.2923 acc1 70.22%
2026-06-29 04:01:05 - __main__ - INFO - 
Epoch 93/100 | lr 0.001749
2026-06-29 04:02:42 - __main__ - INFO - Train: loss 0.0062 acc1 99.77%
2026-06-29 04:02:42 - __main__ - INFO - Val:   loss 1.3097 acc1 70.08%
2026-06-29 04:02:42 - __main__ - INFO - 
Epoch 94/100 | lr 0.001344
2026-06-29 04:04:20 - __main__ - INFO - Train: loss 0.0060 acc1 99.78%
2026-06-29 04:04:20 - __main__ - INFO - Val:   loss 1.3050 acc1 70.25%
2026-06-29 04:04:20 - __main__ - INFO - 
Epoch 95/100 | lr 0.000991
2026-06-29 04:05:58 - __main__ - INFO - Train: loss 0.0059 acc1 99.78%
2026-06-29 04:05:58 - __main__ - INFO - Val:   loss 1.3116 acc1 70.00%
2026-06-29 04:05:58 - __main__ - INFO - 
Epoch 96/100 | lr 0.000692
2026-06-29 04:07:35 - __main__ - INFO - Train: loss 0.0059 acc1 99.79%
2026-06-29 04:07:35 - __main__ - INFO - Val:   loss 1.3108 acc1 70.14%
2026-06-29 04:07:35 - __main__ - INFO - 
Epoch 97/100 | lr 0.000447
2026-06-29 04:09:13 - __main__ - INFO - Train: loss 0.0058 acc1 99.78%
2026-06-29 04:09:13 - __main__ - INFO - Val:   loss 1.3054 acc1 69.88%
2026-06-29 04:09:13 - __main__ - INFO - 
Epoch 98/100 | lr 0.000256
2026-06-29 04:10:49 - __main__ - INFO - Train: loss 0.0057 acc1 99.79%
2026-06-29 04:10:49 - __main__ - INFO - Val:   loss 1.3068 acc1 70.25%
2026-06-29 04:10:49 - __main__ - INFO - 
Epoch 99/100 | lr 0.000119
2026-06-29 04:12:27 - __main__ - INFO - Train: loss 0.0057 acc1 99.79%
2026-06-29 04:12:27 - __main__ - INFO - Val:   loss 1.3083 acc1 69.88%
2026-06-29 04:12:27 - __main__ - INFO - 
Epoch 100/100 | lr 0.000037
2026-06-29 04:14:04 - __main__ - INFO - Train: loss 0.0057 acc1 99.79%
2026-06-29 04:14:04 - __main__ - INFO - Val:   loss 1.3095 acc1 70.28%
2026-06-29 04:14:04 - __main__ - INFO - Loaded best checkpoint weights for final test evaluation.
2026-06-29 04:14:06 - __main__ - INFO - 
Best tracked (val): 70.50%
2026-06-29 04:14:06 - __main__ - INFO - Final test: loss 1.2565 acc1 69.65%
2026-06-29 04:14:06 - __main__ - INFO - Saved best model checkpoint to runs/drive_zip/resnet18/42/resnet18_seed42_random_M8_area0.1/best_model.pt
