2026-06-26 20:34:23 - __main__ - INFO - Run parameters: {"adamw_betas": [0.9, 0.999], "adamw_eps": 1e-08, "amp": true, "batch_size": 32, "cam_layer": "auto", "cutout_area": 0.1, "cutout_m": 8, "cutout_mode": "cam_low", "cutout_size": 0, "data_dir": "./data", "dataset": "malimg", "epochs": 20, "gamma": 0.1, "grayscale": true, "include_regex": "", "label_smoothing": 0.0, "log_every": 100, "lr": 0.05, "milestones": "60,80", "min_lr": 1e-05, "model": "densenet121", "momentum": 0.9, "nesterov": false, "num_workers": 4, "optimizer": "sgd", "out_dir": "runs/malimg/densenet121", "run_name": "densenet121_seed42_cam_low_M8_area0.1", "saliency_candidate_percent": 10.0, "scheduler": "cosine", "seed": 42, "teacher_checkpoint": "runs/malimg/densenet121/densenet121_seed42_none/best_model.pt", "teacher_model": "densenet121", "val_split": 0.0, "warmup_epochs": 5, "weight_decay": 0.0001}
2026-06-26 20:34:23 - __main__ - INFO - device: cuda | cuda: True | gpu: NVIDIA L4
2026-06-26 20:34:24 - __main__ - INFO - Model: densenet121 | Dataset: malimg | Classes: 25 | Optimizer: sgd
2026-06-26 20:34:24 - __main__ - INFO - Cutout enabled: mode=cam_low m=8 size=None area=0.1
2026-06-26 20:34:24 - __main__ - INFO - 
Epoch 1/20 | lr 0.000050
2026-06-26 20:38:05 - __main__ - INFO - Train: loss 1.6101 acc1 59.57%
2026-06-26 20:38:05 - __main__ - INFO - Val:   loss 0.9359 acc1 74.63%
2026-06-26 20:38:05 - __main__ - INFO - saved best: 74.63%
2026-06-26 20:38:05 - __main__ - INFO - 
Epoch 2/20 | lr 0.010040
2026-06-26 20:41:45 - __main__ - INFO - Train: loss 0.1121 acc1 96.62%
2026-06-26 20:41:45 - __main__ - INFO - Val:   loss 0.0661 acc1 97.92%
2026-06-26 20:41:45 - __main__ - INFO - saved best: 97.92%
2026-06-26 20:41:45 - __main__ - INFO - 
Epoch 3/20 | lr 0.020030
2026-06-26 20:45:25 - __main__ - INFO - Train: loss 0.0596 acc1 98.15%
2026-06-26 20:45:25 - __main__ - INFO - Val:   loss 0.0594 acc1 98.51%
2026-06-26 20:45:25 - __main__ - INFO - saved best: 98.51%
2026-06-26 20:45:25 - __main__ - INFO - 
Epoch 4/20 | lr 0.030020
2026-06-26 20:49:04 - __main__ - INFO - Train: loss 0.0558 acc1 98.33%
2026-06-26 20:49:05 - __main__ - INFO - Val:   loss 0.0751 acc1 98.57%
2026-06-26 20:49:05 - __main__ - INFO - saved best: 98.57%
2026-06-26 20:49:05 - __main__ - INFO - 
Epoch 5/20 | lr 0.040010
2026-06-26 20:52:45 - __main__ - INFO - Train: loss 0.0466 acc1 98.58%
2026-06-26 20:52:45 - __main__ - INFO - Val:   loss 0.0848 acc1 98.09%
2026-06-26 20:52:45 - __main__ - INFO - 
Epoch 6/20 | lr 0.050000
2026-06-26 20:56:24 - __main__ - INFO - Train: loss 0.0471 acc1 98.58%
2026-06-26 20:56:24 - __main__ - INFO - Val:   loss 0.0974 acc1 97.60%
2026-06-26 20:56:24 - __main__ - INFO - 
Epoch 7/20 | lr 0.049454
2026-06-26 21:00:04 - __main__ - INFO - Train: loss 0.0409 acc1 98.76%
2026-06-26 21:00:04 - __main__ - INFO - Val:   loss 0.0877 acc1 98.31%
2026-06-26 21:00:04 - __main__ - INFO - 
Epoch 8/20 | lr 0.047839
2026-06-26 21:03:44 - __main__ - INFO - Train: loss 0.0363 acc1 98.87%
2026-06-26 21:03:44 - __main__ - INFO - Val:   loss 0.0777 acc1 98.31%
2026-06-26 21:03:44 - __main__ - INFO - 
Epoch 9/20 | lr 0.045226
2026-06-26 21:07:24 - __main__ - INFO - Train: loss 0.0357 acc1 98.88%
2026-06-26 21:07:24 - __main__ - INFO - Val:   loss 0.0741 acc1 98.31%
2026-06-26 21:07:24 - __main__ - INFO - 
Epoch 10/20 | lr 0.041730
2026-06-26 21:11:03 - __main__ - INFO - Train: loss 0.0363 acc1 98.87%
2026-06-26 21:11:03 - __main__ - INFO - Val:   loss 0.0865 acc1 98.21%
2026-06-26 21:11:03 - __main__ - INFO - 
Epoch 11/20 | lr 0.037503
2026-06-26 21:14:43 - __main__ - INFO - Train: loss 0.0439 acc1 98.65%
2026-06-26 21:14:43 - __main__ - INFO - Val:   loss 0.0733 acc1 98.57%
2026-06-26 21:14:43 - __main__ - INFO - 
Epoch 12/20 | lr 0.032729
2026-06-26 21:18:23 - __main__ - INFO - Train: loss 0.0360 acc1 98.88%
2026-06-26 21:18:23 - __main__ - INFO - Val:   loss 0.0745 acc1 98.15%
2026-06-26 21:18:23 - __main__ - INFO - 
Epoch 13/20 | lr 0.027618
2026-06-26 21:22:03 - __main__ - INFO - Train: loss 0.0300 acc1 99.05%
2026-06-26 21:22:03 - __main__ - INFO - Val:   loss 0.0391 acc1 99.29%
2026-06-26 21:22:03 - __main__ - INFO - saved best: 99.29%
2026-06-26 21:22:03 - __main__ - INFO - 
Epoch 14/20 | lr 0.022392
2026-06-26 21:25:43 - __main__ - INFO - Train: loss 0.0015 acc1 99.98%
2026-06-26 21:25:43 - __main__ - INFO - Val:   loss 0.0432 acc1 99.03%
2026-06-26 21:25:43 - __main__ - INFO - 
Epoch 15/20 | lr 0.017281
2026-06-26 21:29:23 - __main__ - INFO - Train: loss 0.0010 acc1 99.99%
2026-06-26 21:29:23 - __main__ - INFO - Val:   loss 0.0548 acc1 98.96%
2026-06-26 21:29:23 - __main__ - INFO - 
Epoch 16/20 | lr 0.012508
2026-06-26 21:33:03 - __main__ - INFO - Train: loss 0.0007 acc1 99.99%
2026-06-26 21:33:03 - __main__ - INFO - Val:   loss 0.0536 acc1 99.13%
2026-06-26 21:33:03 - __main__ - INFO - 
Epoch 17/20 | lr 0.008280
2026-06-26 21:36:42 - __main__ - INFO - Train: loss 0.0006 acc1 100.00%
2026-06-26 21:36:42 - __main__ - INFO - Val:   loss 0.0474 acc1 99.13%
2026-06-26 21:36:42 - __main__ - INFO - 
Epoch 18/20 | lr 0.004784
2026-06-26 21:40:23 - __main__ - INFO - Train: loss 0.0006 acc1 100.00%
2026-06-26 21:40:23 - __main__ - INFO - Val:   loss 0.0466 acc1 99.13%
2026-06-26 21:40:23 - __main__ - INFO - 
Epoch 19/20 | lr 0.002171
2026-06-26 21:44:04 - __main__ - INFO - Train: loss 0.0006 acc1 100.00%
2026-06-26 21:44:04 - __main__ - INFO - Val:   loss 0.0460 acc1 99.13%
2026-06-26 21:44:04 - __main__ - INFO - 
Epoch 20/20 | lr 0.000556
2026-06-26 21:47:45 - __main__ - INFO - Train: loss 0.0006 acc1 100.00%
2026-06-26 21:47:45 - __main__ - INFO - Val:   loss 0.0462 acc1 99.13%
2026-06-26 21:47:45 - __main__ - INFO - Loaded best checkpoint weights for final test evaluation.
2026-06-26 21:47:48 - __main__ - INFO - 
Best tracked (val): 99.29%
2026-06-26 21:47:48 - __main__ - INFO - Final test: loss 0.0326 acc1 99.37%
2026-06-26 21:47:48 - __main__ - INFO - Saved best model checkpoint to runs/malimg/densenet121/densenet121_seed42_cam_low_M8_area0.1/best_model.pt
