2026-06-24 15:52:20 - __main__ - INFO - Run parameters: {"adamw_betas": [0.9, 0.999], "adamw_eps": 1e-08, "amp": true, "batch_size": 64, "cam_layer": "auto", "cutout_area": 0.1, "cutout_m": 4, "cutout_mode": "cam_high", "cutout_size": 0, "data_dir": "./data", "dataset": "cifar100", "epochs": 100, "gamma": 0.1, "grayscale": false, "include_regex": "", "label_smoothing": 0.0, "log_every": 100, "lr": 0.05, "milestones": "60,80", "min_lr": 1e-05, "model": "densenet121", "momentum": 0.9, "nesterov": false, "num_workers": 4, "optimizer": "sgd", "out_dir": "runs/cifar100/densenet121/42", "run_name": "densenet121_seed42_cam_high_M4_area0.1", "saliency_candidate_percent": 10.0, "scheduler": "cosine", "seed": 42, "teacher_checkpoint": "runs/cifar100/densenet121/42/densenet121_seed42_none/best_model.pt", "teacher_model": "densenet121", "val_split": 0.1, "warmup_epochs": 5, "weight_decay": 0.0001}
2026-06-24 15:52:20 - __main__ - INFO - device: cuda | cuda: True | gpu: NVIDIA L4
2026-06-24 15:52:42 - __main__ - INFO - Model: densenet121 | Dataset: cifar100 | Classes: 100 | Optimizer: sgd
2026-06-24 15:52:42 - __main__ - INFO - Cutout enabled: mode=cam_high m=4 size=None area=0.1
2026-06-24 15:52:42 - __main__ - INFO - 
Epoch 1/100 | lr 0.000050
2026-06-24 15:57:04 - __main__ - INFO - Train: loss 4.5182 acc1 2.96%
2026-06-24 15:57:04 - __main__ - INFO - Val:   loss 4.3652 acc1 4.54%
2026-06-24 15:57:04 - __main__ - INFO - saved best: 4.54%
2026-06-24 15:57:04 - __main__ - INFO - 
Epoch 2/100 | lr 0.010040
2026-06-24 16:01:26 - __main__ - INFO - Train: loss 3.2574 acc1 20.80%
2026-06-24 16:01:26 - __main__ - INFO - Val:   loss 2.6660 acc1 32.35%
2026-06-24 16:01:26 - __main__ - INFO - saved best: 32.35%
2026-06-24 16:01:26 - __main__ - INFO - 
Epoch 3/100 | lr 0.020030
2026-06-24 16:05:54 - __main__ - INFO - Train: loss 2.4855 acc1 35.36%
2026-06-24 16:05:54 - __main__ - INFO - Val:   loss 2.2132 acc1 42.26%
2026-06-24 16:05:54 - __main__ - INFO - saved best: 42.26%
2026-06-24 16:05:54 - __main__ - INFO - 
Epoch 4/100 | lr 0.030020
2026-06-24 16:10:23 - __main__ - INFO - Train: loss 2.0220 acc1 45.21%
2026-06-24 16:10:23 - __main__ - INFO - Val:   loss 2.0574 acc1 46.38%
2026-06-24 16:10:23 - __main__ - INFO - saved best: 46.38%
2026-06-24 16:10:23 - __main__ - INFO - 
Epoch 5/100 | lr 0.040010
2026-06-24 16:14:48 - __main__ - INFO - Train: loss 1.7538 acc1 51.28%
2026-06-24 16:14:48 - __main__ - INFO - Val:   loss 1.9643 acc1 48.58%
2026-06-24 16:14:48 - __main__ - INFO - saved best: 48.58%
2026-06-24 16:14:48 - __main__ - INFO - 
Epoch 6/100 | lr 0.050000
2026-06-24 16:19:10 - __main__ - INFO - Train: loss 1.5830 acc1 55.23%
2026-06-24 16:19:10 - __main__ - INFO - Val:   loss 1.9167 acc1 50.70%
2026-06-24 16:19:10 - __main__ - INFO - saved best: 50.70%
2026-06-24 16:19:10 - __main__ - INFO - 
Epoch 7/100 | lr 0.049986
2026-06-24 16:23:34 - __main__ - INFO - Train: loss 1.3734 acc1 60.41%
2026-06-24 16:23:34 - __main__ - INFO - Val:   loss 1.9419 acc1 51.41%
2026-06-24 16:23:34 - __main__ - INFO - saved best: 51.41%
2026-06-24 16:23:34 - __main__ - INFO - 
Epoch 8/100 | lr 0.049945
2026-06-24 16:27:55 - __main__ - INFO - Train: loss 1.2192 acc1 64.27%
2026-06-24 16:27:55 - __main__ - INFO - Val:   loss 1.9077 acc1 52.31%
2026-06-24 16:27:55 - __main__ - INFO - saved best: 52.31%
2026-06-24 16:27:55 - __main__ - INFO - 
Epoch 9/100 | lr 0.049877
2026-06-24 16:32:16 - __main__ - INFO - Train: loss 1.1074 acc1 67.19%
2026-06-24 16:32:16 - __main__ - INFO - Val:   loss 1.9627 acc1 53.18%
2026-06-24 16:32:16 - __main__ - INFO - saved best: 53.18%
2026-06-24 16:32:16 - __main__ - INFO - 
Epoch 10/100 | lr 0.049782
2026-06-24 16:36:33 - __main__ - INFO - Train: loss 1.0115 acc1 69.58%
2026-06-24 16:36:33 - __main__ - INFO - Val:   loss 2.0568 acc1 52.85%
2026-06-24 16:36:33 - __main__ - INFO - 
Epoch 11/100 | lr 0.049659
2026-06-24 16:40:48 - __main__ - INFO - Train: loss 0.9299 acc1 71.86%
2026-06-24 16:40:48 - __main__ - INFO - Val:   loss 2.0512 acc1 54.27%
2026-06-24 16:40:48 - __main__ - INFO - saved best: 54.27%
2026-06-24 16:40:48 - __main__ - INFO - 
Epoch 12/100 | lr 0.049510
2026-06-24 16:45:03 - __main__ - INFO - Train: loss 0.8665 acc1 73.67%
2026-06-24 16:45:03 - __main__ - INFO - Val:   loss 2.1220 acc1 53.39%
2026-06-24 16:45:03 - __main__ - INFO - 
Epoch 13/100 | lr 0.049333
2026-06-24 16:49:18 - __main__ - INFO - Train: loss 0.8110 acc1 75.15%
2026-06-24 16:49:18 - __main__ - INFO - Val:   loss 2.1498 acc1 52.67%
2026-06-24 16:49:18 - __main__ - INFO - 
Epoch 14/100 | lr 0.049130
2026-06-24 16:53:31 - __main__ - INFO - Train: loss 0.7617 acc1 76.57%
2026-06-24 16:53:31 - __main__ - INFO - Val:   loss 2.1624 acc1 54.25%
2026-06-24 16:53:31 - __main__ - INFO - 
Epoch 15/100 | lr 0.048901
2026-06-24 16:57:43 - __main__ - INFO - Train: loss 0.7300 acc1 77.43%
2026-06-24 16:57:43 - __main__ - INFO - Val:   loss 2.1295 acc1 53.63%
2026-06-24 16:57:43 - __main__ - INFO - 
Epoch 16/100 | lr 0.048646
2026-06-24 17:01:53 - __main__ - INFO - Train: loss 0.6947 acc1 78.54%
2026-06-24 17:01:53 - __main__ - INFO - Val:   loss 2.0381 acc1 54.48%
2026-06-24 17:01:53 - __main__ - INFO - saved best: 54.48%
2026-06-24 17:01:53 - __main__ - INFO - 
Epoch 17/100 | lr 0.048364
2026-06-24 17:06:03 - __main__ - INFO - Train: loss 0.6614 acc1 79.38%
2026-06-24 17:06:03 - __main__ - INFO - Val:   loss 2.2143 acc1 53.59%
2026-06-24 17:06:03 - __main__ - INFO - 
Epoch 18/100 | lr 0.048058
2026-06-24 17:10:16 - __main__ - INFO - Train: loss 0.6446 acc1 80.02%
2026-06-24 17:10:16 - __main__ - INFO - Val:   loss 2.1565 acc1 53.99%
2026-06-24 17:10:16 - __main__ - INFO - 
Epoch 19/100 | lr 0.047726
2026-06-24 17:14:32 - __main__ - INFO - Train: loss 0.6228 acc1 80.67%
2026-06-24 17:14:32 - __main__ - INFO - Val:   loss 2.2230 acc1 53.56%
2026-06-24 17:14:32 - __main__ - INFO - 
Epoch 20/100 | lr 0.047369
2026-06-24 17:18:46 - __main__ - INFO - Train: loss 0.5956 acc1 81.47%
2026-06-24 17:18:46 - __main__ - INFO - Val:   loss 2.1702 acc1 54.37%
2026-06-24 17:18:46 - __main__ - INFO - 
Epoch 21/100 | lr 0.046987
2026-06-24 17:23:06 - __main__ - INFO - Train: loss 0.5695 acc1 82.24%
2026-06-24 17:23:06 - __main__ - INFO - Val:   loss 2.2337 acc1 54.19%
2026-06-24 17:23:06 - __main__ - INFO - 
Epoch 22/100 | lr 0.046582
2026-06-24 17:27:28 - __main__ - INFO - Train: loss 0.5552 acc1 82.70%
2026-06-24 17:27:28 - __main__ - INFO - Val:   loss 2.2152 acc1 54.02%
2026-06-24 17:27:28 - __main__ - INFO - 
Epoch 23/100 | lr 0.046153
2026-06-24 17:31:46 - __main__ - INFO - Train: loss 0.5347 acc1 83.32%
2026-06-24 17:31:46 - __main__ - INFO - Val:   loss 2.2162 acc1 54.89%
2026-06-24 17:31:46 - __main__ - INFO - saved best: 54.89%
2026-06-24 17:31:46 - __main__ - INFO - 
Epoch 24/100 | lr 0.045701
2026-06-24 17:36:08 - __main__ - INFO - Train: loss 0.5201 acc1 83.69%
2026-06-24 17:36:08 - __main__ - INFO - Val:   loss 2.1673 acc1 54.33%
2026-06-24 17:36:08 - __main__ - INFO - 
Epoch 25/100 | lr 0.045226
2026-06-24 17:40:30 - __main__ - INFO - Train: loss 0.5076 acc1 84.07%
2026-06-24 17:40:30 - __main__ - INFO - Val:   loss 2.2638 acc1 54.34%
2026-06-24 17:40:30 - __main__ - INFO - 
Epoch 26/100 | lr 0.044730
2026-06-24 17:44:51 - __main__ - INFO - Train: loss 0.4858 acc1 84.78%
2026-06-24 17:44:51 - __main__ - INFO - Val:   loss 2.2573 acc1 54.32%
2026-06-24 17:44:51 - __main__ - INFO - 
Epoch 27/100 | lr 0.044211
2026-06-24 17:49:15 - __main__ - INFO - Train: loss 0.4741 acc1 85.19%
2026-06-24 17:49:15 - __main__ - INFO - Val:   loss 2.3361 acc1 53.78%
2026-06-24 17:49:15 - __main__ - INFO - 
Epoch 28/100 | lr 0.043672
2026-06-24 17:53:38 - __main__ - INFO - Train: loss 0.4624 acc1 85.44%
2026-06-24 17:53:38 - __main__ - INFO - Val:   loss 2.2552 acc1 53.97%
2026-06-24 17:53:38 - __main__ - INFO - 
Epoch 29/100 | lr 0.043112
2026-06-24 17:57:59 - __main__ - INFO - Train: loss 0.4473 acc1 85.94%
2026-06-24 17:57:59 - __main__ - INFO - Val:   loss 2.2405 acc1 55.08%
2026-06-24 17:57:59 - __main__ - INFO - saved best: 55.08%
2026-06-24 17:57:59 - __main__ - INFO - 
Epoch 30/100 | lr 0.042532
2026-06-24 18:02:20 - __main__ - INFO - Train: loss 0.4368 acc1 86.30%
2026-06-24 18:02:20 - __main__ - INFO - Val:   loss 2.2864 acc1 54.63%
2026-06-24 18:02:20 - __main__ - INFO - 
Epoch 31/100 | lr 0.041934
2026-06-24 18:06:41 - __main__ - INFO - Train: loss 0.4197 acc1 86.79%
2026-06-24 18:06:41 - __main__ - INFO - Val:   loss 2.3308 acc1 54.90%
2026-06-24 18:06:41 - __main__ - INFO - 
Epoch 32/100 | lr 0.041316
2026-06-24 18:11:13 - __main__ - INFO - Train: loss 0.4146 acc1 87.01%
2026-06-24 18:11:13 - __main__ - INFO - Val:   loss 2.2182 acc1 55.35%
2026-06-24 18:11:13 - __main__ - INFO - saved best: 55.35%
2026-06-24 18:11:13 - __main__ - INFO - 
Epoch 33/100 | lr 0.040681
2026-06-24 18:15:44 - __main__ - INFO - Train: loss 0.3976 acc1 87.53%
2026-06-24 18:15:44 - __main__ - INFO - Val:   loss 2.3315 acc1 54.31%
2026-06-24 18:15:44 - __main__ - INFO - 
Epoch 34/100 | lr 0.040029
2026-06-24 18:20:16 - __main__ - INFO - Train: loss 0.3932 acc1 87.69%
2026-06-24 18:20:16 - __main__ - INFO - Val:   loss 2.2662 acc1 54.22%
2026-06-24 18:20:16 - __main__ - INFO - 
Epoch 35/100 | lr 0.039360
2026-06-24 18:24:38 - __main__ - INFO - Train: loss 0.3790 acc1 88.13%
2026-06-24 18:24:38 - __main__ - INFO - Val:   loss 2.2496 acc1 54.83%
2026-06-24 18:24:38 - __main__ - INFO - 
Epoch 36/100 | lr 0.038676
2026-06-24 18:28:57 - __main__ - INFO - Train: loss 0.3632 acc1 88.58%
2026-06-24 18:28:57 - __main__ - INFO - Val:   loss 2.3342 acc1 55.00%
2026-06-24 18:28:57 - __main__ - INFO - 
Epoch 37/100 | lr 0.037977
2026-06-24 18:33:16 - __main__ - INFO - Train: loss 0.3566 acc1 88.80%
2026-06-24 18:33:16 - __main__ - INFO - Val:   loss 2.2655 acc1 55.77%
2026-06-24 18:33:16 - __main__ - INFO - saved best: 55.77%
2026-06-24 18:33:16 - __main__ - INFO - 
Epoch 38/100 | lr 0.037263
2026-06-24 18:37:34 - __main__ - INFO - Train: loss 0.3389 acc1 89.40%
2026-06-24 18:37:34 - __main__ - INFO - Val:   loss 2.3512 acc1 54.51%
2026-06-24 18:37:34 - __main__ - INFO - 
Epoch 39/100 | lr 0.036536
2026-06-24 18:41:51 - __main__ - INFO - Train: loss 0.3354 acc1 89.44%
2026-06-24 18:41:51 - __main__ - INFO - Val:   loss 2.2334 acc1 54.54%
2026-06-24 18:41:51 - __main__ - INFO - 
Epoch 40/100 | lr 0.035797
2026-06-24 18:46:09 - __main__ - INFO - Train: loss 0.3241 acc1 89.81%
2026-06-24 18:46:09 - __main__ - INFO - Val:   loss 2.2973 acc1 55.41%
2026-06-24 18:46:09 - __main__ - INFO - 
Epoch 41/100 | lr 0.035045
2026-06-24 18:50:28 - __main__ - INFO - Train: loss 0.3157 acc1 90.10%
2026-06-24 18:50:28 - __main__ - INFO - Val:   loss 2.2742 acc1 56.35%
2026-06-24 18:50:28 - __main__ - INFO - saved best: 56.35%
2026-06-24 18:50:28 - __main__ - INFO - 
Epoch 42/100 | lr 0.034283
2026-06-24 18:54:46 - __main__ - INFO - Train: loss 0.3027 acc1 90.53%
2026-06-24 18:54:46 - __main__ - INFO - Val:   loss 2.2533 acc1 55.65%
2026-06-24 18:54:46 - __main__ - INFO - 
Epoch 43/100 | lr 0.033511
2026-06-24 18:59:04 - __main__ - INFO - Train: loss 0.2930 acc1 90.74%
2026-06-24 18:59:04 - __main__ - INFO - Val:   loss 2.3591 acc1 54.72%
2026-06-24 18:59:04 - __main__ - INFO - 
Epoch 44/100 | lr 0.032729
2026-06-24 19:03:20 - __main__ - INFO - Train: loss 0.2802 acc1 91.18%
2026-06-24 19:03:20 - __main__ - INFO - Val:   loss 2.2522 acc1 56.01%
2026-06-24 19:03:20 - __main__ - INFO - 
Epoch 45/100 | lr 0.031939
2026-06-24 19:07:37 - __main__ - INFO - Train: loss 0.2700 acc1 91.58%
2026-06-24 19:07:37 - __main__ - INFO - Val:   loss 2.2664 acc1 55.46%
2026-06-24 19:07:37 - __main__ - INFO - 
Epoch 46/100 | lr 0.031141
2026-06-24 19:11:56 - __main__ - INFO - Train: loss 0.2640 acc1 91.72%
2026-06-24 19:11:56 - __main__ - INFO - Val:   loss 2.3427 acc1 55.37%
2026-06-24 19:11:56 - __main__ - INFO - 
Epoch 47/100 | lr 0.030336
2026-06-24 19:16:14 - __main__ - INFO - Train: loss 0.2512 acc1 92.16%
2026-06-24 19:16:14 - __main__ - INFO - Val:   loss 2.2414 acc1 56.35%
2026-06-24 19:16:14 - __main__ - INFO - 
Epoch 48/100 | lr 0.029526
2026-06-24 19:20:33 - __main__ - INFO - Train: loss 0.2482 acc1 92.24%
2026-06-24 19:20:33 - __main__ - INFO - Val:   loss 2.3318 acc1 55.32%
2026-06-24 19:20:33 - __main__ - INFO - 
Epoch 49/100 | lr 0.028711
2026-06-24 19:24:50 - __main__ - INFO - Train: loss 0.2327 acc1 92.75%
2026-06-24 19:24:50 - __main__ - INFO - Val:   loss 2.3583 acc1 54.93%
2026-06-24 19:24:50 - __main__ - INFO - 
Epoch 50/100 | lr 0.027892
2026-06-24 19:29:08 - __main__ - INFO - Train: loss 0.2202 acc1 93.14%
2026-06-24 19:29:08 - __main__ - INFO - Val:   loss 2.2985 acc1 56.69%
2026-06-24 19:29:09 - __main__ - INFO - saved best: 56.69%
2026-06-24 19:29:09 - __main__ - INFO - 
Epoch 51/100 | lr 0.027069
2026-06-24 19:33:26 - __main__ - INFO - Train: loss 0.2052 acc1 93.61%
2026-06-24 19:33:26 - __main__ - INFO - Val:   loss 2.3889 acc1 55.57%
2026-06-24 19:33:26 - __main__ - INFO - 
Epoch 52/100 | lr 0.026244
2026-06-24 19:37:44 - __main__ - INFO - Train: loss 0.2026 acc1 93.70%
2026-06-24 19:37:44 - __main__ - INFO - Val:   loss 2.3246 acc1 55.59%
2026-06-24 19:37:44 - __main__ - INFO - 
Epoch 53/100 | lr 0.025418
2026-06-24 19:42:02 - __main__ - INFO - Train: loss 0.1946 acc1 94.01%
2026-06-24 19:42:02 - __main__ - INFO - Val:   loss 2.3713 acc1 56.05%
2026-06-24 19:42:02 - __main__ - INFO - 
Epoch 54/100 | lr 0.024592
2026-06-24 19:46:20 - __main__ - INFO - Train: loss 0.1822 acc1 94.40%
2026-06-24 19:46:20 - __main__ - INFO - Val:   loss 2.2922 acc1 56.36%
2026-06-24 19:46:20 - __main__ - INFO - 
Epoch 55/100 | lr 0.023766
2026-06-24 19:50:39 - __main__ - INFO - Train: loss 0.1722 acc1 94.70%
2026-06-24 19:50:39 - __main__ - INFO - Val:   loss 2.3054 acc1 56.49%
2026-06-24 19:50:39 - __main__ - INFO - 
Epoch 56/100 | lr 0.022941
2026-06-24 19:54:56 - __main__ - INFO - Train: loss 0.1663 acc1 94.86%
2026-06-24 19:54:56 - __main__ - INFO - Val:   loss 2.3443 acc1 55.66%
2026-06-24 19:54:56 - __main__ - INFO - 
Epoch 57/100 | lr 0.022118
2026-06-24 19:59:16 - __main__ - INFO - Train: loss 0.1537 acc1 95.31%
2026-06-24 19:59:16 - __main__ - INFO - Val:   loss 2.3583 acc1 56.31%
2026-06-24 19:59:16 - __main__ - INFO - 
Epoch 58/100 | lr 0.021299
2026-06-24 20:03:39 - __main__ - INFO - Train: loss 0.1505 acc1 95.41%
2026-06-24 20:03:39 - __main__ - INFO - Val:   loss 2.2955 acc1 57.02%
2026-06-24 20:03:39 - __main__ - INFO - saved best: 57.02%
2026-06-24 20:03:39 - __main__ - INFO - 
Epoch 59/100 | lr 0.020484
2026-06-24 20:08:02 - __main__ - INFO - Train: loss 0.1375 acc1 95.89%
2026-06-24 20:08:02 - __main__ - INFO - Val:   loss 2.2763 acc1 56.90%
2026-06-24 20:08:02 - __main__ - INFO - 
Epoch 60/100 | lr 0.019674
2026-06-24 20:12:24 - __main__ - INFO - Train: loss 0.1239 acc1 96.28%
2026-06-24 20:12:24 - __main__ - INFO - Val:   loss 2.2667 acc1 57.33%
2026-06-24 20:12:24 - __main__ - INFO - saved best: 57.33%
2026-06-24 20:12:24 - __main__ - INFO - 
Epoch 61/100 | lr 0.018869
2026-06-24 20:16:45 - __main__ - INFO - Train: loss 0.1262 acc1 96.23%
2026-06-24 20:16:45 - __main__ - INFO - Val:   loss 2.3026 acc1 56.54%
2026-06-24 20:16:45 - __main__ - INFO - 
Epoch 62/100 | lr 0.018071
2026-06-24 20:21:15 - __main__ - INFO - Train: loss 0.1157 acc1 96.59%
2026-06-24 20:21:15 - __main__ - INFO - Val:   loss 2.2398 acc1 57.77%
2026-06-24 20:21:15 - __main__ - INFO - saved best: 57.77%
2026-06-24 20:21:15 - __main__ - INFO - 
Epoch 63/100 | lr 0.017281
2026-06-24 20:25:38 - __main__ - INFO - Train: loss 0.1079 acc1 96.82%
2026-06-24 20:25:38 - __main__ - INFO - Val:   loss 2.2195 acc1 57.36%
2026-06-24 20:25:38 - __main__ - INFO - 
Epoch 64/100 | lr 0.016499
2026-06-24 20:30:02 - __main__ - INFO - Train: loss 0.0909 acc1 97.40%
2026-06-24 20:30:02 - __main__ - INFO - Val:   loss 2.2410 acc1 57.65%
2026-06-24 20:30:02 - __main__ - INFO - 
Epoch 65/100 | lr 0.015727
2026-06-24 20:34:25 - __main__ - INFO - Train: loss 0.0819 acc1 97.66%
2026-06-24 20:34:25 - __main__ - INFO - Val:   loss 2.2453 acc1 57.23%
2026-06-24 20:34:25 - __main__ - INFO - 
Epoch 66/100 | lr 0.014965
2026-06-24 20:38:47 - __main__ - INFO - Train: loss 0.0750 acc1 97.87%
2026-06-24 20:38:47 - __main__ - INFO - Val:   loss 2.2656 acc1 57.37%
2026-06-24 20:38:47 - __main__ - INFO - 
Epoch 67/100 | lr 0.014213
2026-06-24 20:43:08 - __main__ - INFO - Train: loss 0.0722 acc1 97.97%
2026-06-24 20:43:08 - __main__ - INFO - Val:   loss 2.2086 acc1 57.61%
2026-06-24 20:43:08 - __main__ - INFO - 
Epoch 68/100 | lr 0.013474
2026-06-24 20:47:28 - __main__ - INFO - Train: loss 0.0617 acc1 98.32%
2026-06-24 20:47:28 - __main__ - INFO - Val:   loss 2.1900 acc1 58.74%
2026-06-24 20:47:28 - __main__ - INFO - saved best: 58.74%
2026-06-24 20:47:28 - __main__ - INFO - 
Epoch 69/100 | lr 0.012747
2026-06-24 20:51:48 - __main__ - INFO - Train: loss 0.0503 acc1 98.71%
2026-06-24 20:51:48 - __main__ - INFO - Val:   loss 2.1572 acc1 58.12%
2026-06-24 20:51:48 - __main__ - INFO - 
Epoch 70/100 | lr 0.012033
2026-06-24 20:56:07 - __main__ - INFO - Train: loss 0.0475 acc1 98.78%
2026-06-24 20:56:07 - __main__ - INFO - Val:   loss 2.1118 acc1 58.54%
2026-06-24 20:56:07 - __main__ - INFO - 
Epoch 71/100 | lr 0.011334
2026-06-24 21:00:27 - __main__ - INFO - Train: loss 0.0399 acc1 99.01%
2026-06-24 21:00:27 - __main__ - INFO - Val:   loss 2.1458 acc1 58.41%
2026-06-24 21:00:27 - __main__ - INFO - 
Epoch 72/100 | lr 0.010650
2026-06-24 21:04:52 - __main__ - INFO - Train: loss 0.0351 acc1 99.13%
2026-06-24 21:04:52 - __main__ - INFO - Val:   loss 2.1238 acc1 58.75%
2026-06-24 21:04:52 - __main__ - INFO - saved best: 58.75%
2026-06-24 21:04:52 - __main__ - INFO - 
Epoch 73/100 | lr 0.009981
2026-06-24 21:09:10 - __main__ - INFO - Train: loss 0.0292 acc1 99.33%
2026-06-24 21:09:10 - __main__ - INFO - Val:   loss 2.0782 acc1 59.26%
2026-06-24 21:09:11 - __main__ - INFO - saved best: 59.26%
2026-06-24 21:09:11 - __main__ - INFO - 
Epoch 74/100 | lr 0.009329
2026-06-24 21:13:29 - __main__ - INFO - Train: loss 0.0245 acc1 99.45%
2026-06-24 21:13:29 - __main__ - INFO - Val:   loss 2.0572 acc1 59.81%
2026-06-24 21:13:29 - __main__ - INFO - saved best: 59.81%
2026-06-24 21:13:29 - __main__ - INFO - 
Epoch 75/100 | lr 0.008694
2026-06-24 21:17:48 - __main__ - INFO - Train: loss 0.0211 acc1 99.54%
2026-06-24 21:17:48 - __main__ - INFO - Val:   loss 2.0176 acc1 59.53%
2026-06-24 21:17:48 - __main__ - INFO - 
Epoch 76/100 | lr 0.008076
2026-06-24 21:22:08 - __main__ - INFO - Train: loss 0.0165 acc1 99.67%
2026-06-24 21:22:08 - __main__ - INFO - Val:   loss 1.9625 acc1 60.16%
2026-06-24 21:22:08 - __main__ - INFO - saved best: 60.16%
2026-06-24 21:22:08 - __main__ - INFO - 
Epoch 77/100 | lr 0.007478
2026-06-24 21:26:29 - __main__ - INFO - Train: loss 0.0145 acc1 99.71%
2026-06-24 21:26:29 - __main__ - INFO - Val:   loss 1.9436 acc1 60.56%
2026-06-24 21:26:29 - __main__ - INFO - saved best: 60.56%
2026-06-24 21:26:29 - __main__ - INFO - 
Epoch 78/100 | lr 0.006898
2026-06-24 21:31:01 - __main__ - INFO - Train: loss 0.0122 acc1 99.78%
2026-06-24 21:31:01 - __main__ - INFO - Val:   loss 1.9277 acc1 60.47%
2026-06-24 21:31:01 - __main__ - INFO - 
Epoch 79/100 | lr 0.006338
2026-06-24 21:35:23 - __main__ - INFO - Train: loss 0.0098 acc1 99.83%
2026-06-24 21:35:23 - __main__ - INFO - Val:   loss 1.9282 acc1 60.86%
2026-06-24 21:35:23 - __main__ - INFO - saved best: 60.86%
2026-06-24 21:35:23 - __main__ - INFO - 
Epoch 80/100 | lr 0.005799
2026-06-24 21:39:45 - __main__ - INFO - Train: loss 0.0085 acc1 99.86%
2026-06-24 21:39:45 - __main__ - INFO - Val:   loss 1.9066 acc1 61.22%
2026-06-24 21:39:45 - __main__ - INFO - saved best: 61.22%
2026-06-24 21:39:45 - __main__ - INFO - 
Epoch 81/100 | lr 0.005280
2026-06-24 21:44:08 - __main__ - INFO - Train: loss 0.0073 acc1 99.89%
2026-06-24 21:44:08 - __main__ - INFO - Val:   loss 1.8738 acc1 61.41%
2026-06-24 21:44:08 - __main__ - INFO - saved best: 61.41%
2026-06-24 21:44:08 - __main__ - INFO - 
Epoch 82/100 | lr 0.004784
2026-06-24 21:48:28 - __main__ - INFO - Train: loss 0.0063 acc1 99.91%
2026-06-24 21:48:28 - __main__ - INFO - Val:   loss 1.8677 acc1 60.91%
2026-06-24 21:48:28 - __main__ - INFO - 
Epoch 83/100 | lr 0.004309
2026-06-24 21:52:56 - __main__ - INFO - Train: loss 0.0058 acc1 99.91%
2026-06-24 21:52:56 - __main__ - INFO - Val:   loss 1.8247 acc1 61.50%
2026-06-24 21:52:56 - __main__ - INFO - saved best: 61.50%
2026-06-24 21:52:56 - __main__ - INFO - 
Epoch 84/100 | lr 0.003857
2026-06-24 21:57:19 - __main__ - INFO - Train: loss 0.0053 acc1 99.92%
2026-06-24 21:57:19 - __main__ - INFO - Val:   loss 1.8325 acc1 61.04%
2026-06-24 21:57:19 - __main__ - INFO - 
Epoch 85/100 | lr 0.003428
2026-06-24 22:01:40 - __main__ - INFO - Train: loss 0.0049 acc1 99.93%
2026-06-24 22:01:40 - __main__ - INFO - Val:   loss 1.8124 acc1 61.74%
2026-06-24 22:01:40 - __main__ - INFO - saved best: 61.74%
2026-06-24 22:01:40 - __main__ - INFO - 
Epoch 86/100 | lr 0.003023
2026-06-24 22:06:03 - __main__ - INFO - Train: loss 0.0045 acc1 99.94%
2026-06-24 22:06:03 - __main__ - INFO - Val:   loss 1.8156 acc1 61.25%
2026-06-24 22:06:03 - __main__ - INFO - 
Epoch 87/100 | lr 0.002641
2026-06-24 22:10:28 - __main__ - INFO - Train: loss 0.0042 acc1 99.95%
2026-06-24 22:10:28 - __main__ - INFO - Val:   loss 1.7963 acc1 61.36%
2026-06-24 22:10:28 - __main__ - INFO - 
Epoch 88/100 | lr 0.002284
2026-06-24 22:14:54 - __main__ - INFO - Train: loss 0.0040 acc1 99.95%
2026-06-24 22:14:54 - __main__ - INFO - Val:   loss 1.7979 acc1 61.15%
2026-06-24 22:14:54 - __main__ - INFO - 
Epoch 89/100 | lr 0.001952
2026-06-24 22:19:17 - __main__ - INFO - Train: loss 0.0039 acc1 99.95%
2026-06-24 22:19:17 - __main__ - INFO - Val:   loss 1.7952 acc1 61.76%
2026-06-24 22:19:17 - __main__ - INFO - saved best: 61.76%
2026-06-24 22:19:17 - __main__ - INFO - 
Epoch 90/100 | lr 0.001646
2026-06-24 22:23:37 - __main__ - INFO - Train: loss 0.0036 acc1 99.96%
2026-06-24 22:23:37 - __main__ - INFO - Val:   loss 1.7837 acc1 61.58%
2026-06-24 22:23:37 - __main__ - INFO - 
Epoch 91/100 | lr 0.001364
2026-06-24 22:27:59 - __main__ - INFO - Train: loss 0.0036 acc1 99.96%
2026-06-24 22:27:59 - __main__ - INFO - Val:   loss 1.7678 acc1 61.75%
2026-06-24 22:27:59 - __main__ - INFO - 
Epoch 92/100 | lr 0.001109
2026-06-24 22:32:21 - __main__ - INFO - Train: loss 0.0035 acc1 99.96%
2026-06-24 22:32:21 - __main__ - INFO - Val:   loss 1.7627 acc1 61.93%
2026-06-24 22:32:21 - __main__ - INFO - saved best: 61.93%
2026-06-24 22:32:21 - __main__ - INFO - 
Epoch 93/100 | lr 0.000880
2026-06-24 22:36:43 - __main__ - INFO - Train: loss 0.0034 acc1 99.96%
2026-06-24 22:36:43 - __main__ - INFO - Val:   loss 1.7663 acc1 61.75%
2026-06-24 22:36:43 - __main__ - INFO - 
Epoch 94/100 | lr 0.000677
2026-06-24 22:41:02 - __main__ - INFO - Train: loss 0.0031 acc1 99.97%
2026-06-24 22:41:02 - __main__ - INFO - Val:   loss 1.7684 acc1 61.79%
2026-06-24 22:41:02 - __main__ - INFO - 
Epoch 95/100 | lr 0.000500
2026-06-24 22:45:23 - __main__ - INFO - Train: loss 0.0032 acc1 99.96%
2026-06-24 22:45:23 - __main__ - INFO - Val:   loss 1.7562 acc1 62.18%
2026-06-24 22:45:23 - __main__ - INFO - saved best: 62.18%
2026-06-24 22:45:23 - __main__ - INFO - 
Epoch 96/100 | lr 0.000351
2026-06-24 22:49:45 - __main__ - INFO - Train: loss 0.0032 acc1 99.97%
2026-06-24 22:49:45 - __main__ - INFO - Val:   loss 1.7550 acc1 62.05%
2026-06-24 22:49:45 - __main__ - INFO - 
Epoch 97/100 | lr 0.000228
2026-06-24 22:54:03 - __main__ - INFO - Train: loss 0.0031 acc1 99.97%
2026-06-24 22:54:03 - __main__ - INFO - Val:   loss 1.7621 acc1 61.79%
2026-06-24 22:54:03 - __main__ - INFO - 
Epoch 98/100 | lr 0.000133
2026-06-24 22:58:23 - __main__ - INFO - Train: loss 0.0031 acc1 99.97%
2026-06-24 22:58:23 - __main__ - INFO - Val:   loss 1.7641 acc1 61.81%
2026-06-24 22:58:23 - __main__ - INFO - 
Epoch 99/100 | lr 0.000065
2026-06-24 23:02:39 - __main__ - INFO - Train: loss 0.0031 acc1 99.97%
2026-06-24 23:02:39 - __main__ - INFO - Val:   loss 1.7609 acc1 61.95%
2026-06-24 23:02:39 - __main__ - INFO - 
Epoch 100/100 | lr 0.000024
2026-06-24 23:06:52 - __main__ - INFO - Train: loss 0.0030 acc1 99.97%
2026-06-24 23:06:52 - __main__ - INFO - Val:   loss 1.7635 acc1 62.00%
2026-06-24 23:06:52 - __main__ - INFO - Loaded best checkpoint weights for final test evaluation.
2026-06-24 23:06:53 - __main__ - INFO - 
Best tracked (val): 62.18%
2026-06-24 23:06:53 - __main__ - INFO - Final test: loss 1.7410 acc1 61.51%
2026-06-24 23:06:53 - __main__ - INFO - Saved best model checkpoint to runs/cifar100/densenet121/42/densenet121_seed42_cam_high_M4_area0.1/best_model.pt
