2026-02-26 10:34:45 - __main__ - INFO - Resolved training args for optuna_mask_trial0004_resnet18_cifar100_ep60_bs128_lr0.1_wd5e-04_ls0.05_wu5_maskcam_high_mwu30_mp1.0_ma0.3_mb4_cllayer3: {"amp": true, "batch_size": 128, "cam_layer": "layer3", "data_dir": "./data", "dataset": "cifar100", "epochs": 60, "gamma": 0.1, "label_smoothing": 0.05, "log_every": 100, "lr": 0.1, "mask_area": 0.3, "mask_block": 4, "mask_prob": 1.0, "mask_warmup_epochs": 30, "masking": "cam_high", "milestones": "60,80", "min_lr": 1e-05, "model": "resnet18", "momentum": 0.9, "nesterov": true, "num_workers": 2, "out_dir": "runs_optuna/resnet18/cifar100", "run_name": "optuna_mask_trial0004_resnet18_cifar100_ep60_bs128_lr0.1_wd5e-04_ls0.05_wu5_maskcam_high_mwu30_mp1.0_ma0.3_mb4_cllayer3", "scheduler": "cosine", "seed": 42, "val_split": 0.1, "warmup_epochs": 5, "weight_decay": 0.0005}
2026-02-26 10:34:45 - __main__ - INFO - device: cuda | cuda: True | gpu: NVIDIA L4
2026-02-26 10:34:48 - __main__ - INFO - Masking enabled: {'strategy': 'cam_high', 'warmup_epochs': 30, 'prob': 1.0, 'area': 0.3, 'block': 4}
2026-02-26 10:34:48 - __main__ - INFO - Model: resnet18 | Dataset: cifar100 | Classes: 100
2026-02-26 10:34:48 - __main__ - INFO - 
Epoch 1/60 | lr 0.000100
2026-02-26 10:34:59 - __main__ - INFO - Train: loss 4.6388 acc1 1.38% acc5 6.27%
2026-02-26 10:34:59 - __main__ - INFO - Val:   loss 4.5783 acc1 1.79% acc5 8.31%
2026-02-26 10:34:59 - __main__ - INFO - saved best: 1.79%
2026-02-26 10:34:59 - __main__ - INFO - 
Epoch 2/60 | lr 0.020080
2026-02-26 10:35:09 - __main__ - INFO - Train: loss 3.7992 acc1 13.30% acc5 36.13%
2026-02-26 10:35:09 - __main__ - INFO - Val:   loss 3.5632 acc1 19.22% acc5 45.72%
2026-02-26 10:35:09 - __main__ - INFO - saved best: 19.22%
2026-02-26 10:35:09 - __main__ - INFO - 
Epoch 3/60 | lr 0.040060
2026-02-26 10:35:19 - __main__ - INFO - Train: loss 3.2138 acc1 24.51% acc5 54.36%
2026-02-26 10:35:19 - __main__ - INFO - Val:   loss 3.0753 acc1 28.53% acc5 59.77%
2026-02-26 10:35:19 - __main__ - INFO - saved best: 28.53%
2026-02-26 10:35:19 - __main__ - INFO - 
Epoch 4/60 | lr 0.060040
2026-02-26 10:35:29 - __main__ - INFO - Train: loss 2.7728 acc1 33.82% acc5 66.56%
2026-02-26 10:35:29 - __main__ - INFO - Val:   loss 2.7838 acc1 36.45% acc5 68.18%
2026-02-26 10:35:29 - __main__ - INFO - saved best: 36.45%
2026-02-26 10:35:29 - __main__ - INFO - 
Epoch 5/60 | lr 0.080020
2026-02-26 10:35:39 - __main__ - INFO - Train: loss 2.4482 acc1 41.65% acc5 74.17%
2026-02-26 10:35:39 - __main__ - INFO - Val:   loss 2.7301 acc1 36.46% acc5 69.32%
2026-02-26 10:35:39 - __main__ - INFO - saved best: 36.46%
2026-02-26 10:35:39 - __main__ - INFO - 
Epoch 6/60 | lr 0.100000
2026-02-26 10:35:49 - __main__ - INFO - Train: loss 2.2347 acc1 47.03% acc5 78.97%
2026-02-26 10:35:49 - __main__ - INFO - Val:   loss 2.3437 acc1 44.17% acc5 76.30%
2026-02-26 10:35:49 - __main__ - INFO - saved best: 44.17%
2026-02-26 10:35:49 - __main__ - INFO - 
Epoch 7/60 | lr 0.099918
2026-02-26 10:35:59 - __main__ - INFO - Train: loss 2.0404 acc1 52.27% acc5 82.74%
2026-02-26 10:35:59 - __main__ - INFO - Val:   loss 2.6577 acc1 39.17% acc5 71.09%
2026-02-26 10:35:59 - __main__ - INFO - 
Epoch 8/60 | lr 0.099674
2026-02-26 10:36:09 - __main__ - INFO - Train: loss 1.9106 acc1 55.94% acc5 85.25%
2026-02-26 10:36:09 - __main__ - INFO - Val:   loss 2.1119 acc1 50.66% acc5 81.39%
2026-02-26 10:36:09 - __main__ - INFO - saved best: 50.66%
2026-02-26 10:36:09 - __main__ - INFO - 
Epoch 9/60 | lr 0.099268
2026-02-26 10:36:20 - __main__ - INFO - Train: loss 1.8223 acc1 58.19% acc5 86.68%
2026-02-26 10:36:20 - __main__ - INFO - Val:   loss 2.0332 acc1 52.41% acc5 82.69%
2026-02-26 10:36:20 - __main__ - INFO - saved best: 52.41%
2026-02-26 10:36:20 - __main__ - INFO - 
Epoch 10/60 | lr 0.098701
2026-02-26 10:36:30 - __main__ - INFO - Train: loss 1.7571 acc1 60.23% acc5 87.92%
2026-02-26 10:36:30 - __main__ - INFO - Val:   loss 2.0724 acc1 51.67% acc5 81.89%
2026-02-26 10:36:30 - __main__ - INFO - 
Epoch 11/60 | lr 0.097975
2026-02-26 10:36:40 - __main__ - INFO - Train: loss 1.7154 acc1 60.96% acc5 88.76%
2026-02-26 10:36:40 - __main__ - INFO - Val:   loss 1.9747 acc1 54.39% acc5 83.83%
2026-02-26 10:36:40 - __main__ - INFO - saved best: 54.39%
2026-02-26 10:36:40 - __main__ - INFO - 
Epoch 12/60 | lr 0.097093
2026-02-26 10:36:50 - __main__ - INFO - Train: loss 1.6590 acc1 62.71% acc5 89.45%
2026-02-26 10:36:50 - __main__ - INFO - Val:   loss 2.0775 acc1 51.61% acc5 81.56%
2026-02-26 10:36:50 - __main__ - INFO - 
Epoch 13/60 | lr 0.096057
2026-02-26 10:37:01 - __main__ - INFO - Train: loss 1.6114 acc1 64.13% acc5 90.35%
2026-02-26 10:37:01 - __main__ - INFO - Val:   loss 2.1407 acc1 51.78% acc5 81.54%
2026-02-26 10:37:01 - __main__ - INFO - 
Epoch 14/60 | lr 0.094870
2026-02-26 10:37:11 - __main__ - INFO - Train: loss 1.5864 acc1 65.14% acc5 90.63%
2026-02-26 10:37:11 - __main__ - INFO - Val:   loss 2.0405 acc1 53.50% acc5 83.01%
2026-02-26 10:37:11 - __main__ - INFO - 
Epoch 15/60 | lr 0.093538
2026-02-26 10:37:21 - __main__ - INFO - Train: loss 1.5555 acc1 65.90% acc5 91.15%
2026-02-26 10:37:21 - __main__ - INFO - Val:   loss 2.0497 acc1 52.80% acc5 82.67%
2026-02-26 10:37:21 - __main__ - INFO - 
Epoch 16/60 | lr 0.092063
2026-02-26 10:37:31 - __main__ - INFO - Train: loss 1.5151 acc1 66.97% acc5 91.62%
2026-02-26 10:37:31 - __main__ - INFO - Val:   loss 1.9959 acc1 55.12% acc5 83.24%
2026-02-26 10:37:31 - __main__ - INFO - saved best: 55.12%
2026-02-26 10:37:31 - __main__ - INFO - 
Epoch 17/60 | lr 0.090452
2026-02-26 10:37:41 - __main__ - INFO - Train: loss 1.4908 acc1 67.84% acc5 92.04%
2026-02-26 10:37:41 - __main__ - INFO - Val:   loss 1.9490 acc1 55.27% acc5 84.44%
2026-02-26 10:37:41 - __main__ - INFO - saved best: 55.27%
2026-02-26 10:37:41 - __main__ - INFO - 
Epoch 18/60 | lr 0.088708
2026-02-26 10:37:51 - __main__ - INFO - Train: loss 1.4563 acc1 68.99% acc5 92.58%
2026-02-26 10:37:51 - __main__ - INFO - Val:   loss 1.8963 acc1 57.55% acc5 85.35%
2026-02-26 10:37:51 - __main__ - INFO - saved best: 57.55%
2026-02-26 10:37:51 - __main__ - INFO - 
Epoch 19/60 | lr 0.086838
2026-02-26 10:38:02 - __main__ - INFO - Train: loss 1.4302 acc1 69.50% acc5 92.93%
2026-02-26 10:38:02 - __main__ - INFO - Val:   loss 1.9571 acc1 56.34% acc5 84.26%
2026-02-26 10:38:02 - __main__ - INFO - 
Epoch 20/60 | lr 0.084848
2026-02-26 10:38:12 - __main__ - INFO - Train: loss 1.4020 acc1 70.55% acc5 93.30%
2026-02-26 10:38:12 - __main__ - INFO - Val:   loss 1.9416 acc1 56.72% acc5 85.58%
2026-02-26 10:38:12 - __main__ - INFO - 
Epoch 21/60 | lr 0.082745
2026-02-26 10:38:22 - __main__ - INFO - Train: loss 1.3752 acc1 71.15% acc5 93.63%
2026-02-26 10:38:22 - __main__ - INFO - Val:   loss 1.8559 acc1 58.47% acc5 86.78%
2026-02-26 10:38:22 - __main__ - INFO - saved best: 58.47%
2026-02-26 10:38:22 - __main__ - INFO - 
Epoch 22/60 | lr 0.080534
2026-02-26 10:38:32 - __main__ - INFO - Train: loss 1.3461 acc1 72.27% acc5 94.13%
2026-02-26 10:38:32 - __main__ - INFO - Val:   loss 1.9886 acc1 55.81% acc5 84.69%
2026-02-26 10:38:32 - __main__ - INFO - 
Epoch 23/60 | lr 0.078224
2026-02-26 10:38:42 - __main__ - INFO - Train: loss 1.3197 acc1 72.90% acc5 94.49%
2026-02-26 10:38:42 - __main__ - INFO - Val:   loss 1.8613 acc1 58.29% acc5 85.79%
2026-02-26 10:38:42 - __main__ - INFO - 
Epoch 24/60 | lr 0.075822
2026-02-26 10:38:52 - __main__ - INFO - Train: loss 1.2969 acc1 73.36% acc5 94.84%
2026-02-26 10:38:52 - __main__ - INFO - Val:   loss 1.8997 acc1 58.25% acc5 84.73%
2026-02-26 10:38:52 - __main__ - INFO - 
Epoch 25/60 | lr 0.073336
2026-02-26 10:39:03 - __main__ - INFO - Train: loss 1.2685 acc1 74.38% acc5 95.17%
2026-02-26 10:39:03 - __main__ - INFO - Val:   loss 1.9500 acc1 56.70% acc5 84.94%
2026-02-26 10:39:03 - __main__ - INFO - 
Epoch 26/60 | lr 0.070774
2026-02-26 10:39:13 - __main__ - INFO - Train: loss 1.2320 acc1 75.58% acc5 95.64%
2026-02-26 10:39:13 - __main__ - INFO - Val:   loss 1.8084 acc1 60.59% acc5 86.98%
2026-02-26 10:39:13 - __main__ - INFO - saved best: 60.59%
2026-02-26 10:39:13 - __main__ - INFO - 
Epoch 27/60 | lr 0.068144
2026-02-26 10:39:23 - __main__ - INFO - Train: loss 1.2026 acc1 76.29% acc5 96.03%
2026-02-26 10:39:23 - __main__ - INFO - Val:   loss 1.8359 acc1 60.04% acc5 86.61%
2026-02-26 10:39:23 - __main__ - INFO - 
Epoch 28/60 | lr 0.065454
2026-02-26 10:39:33 - __main__ - INFO - Train: loss 1.1728 acc1 77.43% acc5 96.35%
2026-02-26 10:39:33 - __main__ - INFO - Val:   loss 1.7465 acc1 62.10% acc5 87.85%
2026-02-26 10:39:33 - __main__ - INFO - saved best: 62.10%
2026-02-26 10:39:33 - __main__ - INFO - 
Epoch 29/60 | lr 0.062715
2026-02-26 10:39:43 - __main__ - INFO - Train: loss 1.1542 acc1 77.83% acc5 96.48%
2026-02-26 10:39:43 - __main__ - INFO - Val:   loss 1.8105 acc1 60.85% acc5 86.82%
2026-02-26 10:39:43 - __main__ - INFO - 
Epoch 30/60 | lr 0.059934
2026-02-26 10:39:53 - __main__ - INFO - Train: loss 1.1099 acc1 79.55% acc5 96.97%
2026-02-26 10:39:53 - __main__ - INFO - Val:   loss 1.6634 acc1 64.45% acc5 88.88%
2026-02-26 10:39:53 - __main__ - INFO - saved best: 64.45%
2026-02-26 10:39:53 - __main__ - INFO - 
Epoch 31/60 | lr 0.057120
2026-02-26 10:42:45 - __main__ - INFO - Train: loss 1.9147 acc1 55.15% acc5 85.01%
2026-02-26 10:42:45 - __main__ - INFO - Val:   loss 1.9848 acc1 55.91% acc5 83.81%
2026-02-26 10:42:45 - __main__ - INFO - 
Epoch 32/60 | lr 0.054283
2026-02-26 10:45:37 - __main__ - INFO - Train: loss 1.6767 acc1 61.76% acc5 89.35%
2026-02-26 10:45:37 - __main__ - INFO - Val:   loss 1.8428 acc1 59.79% acc5 86.24%
2026-02-26 10:45:37 - __main__ - INFO - 
Epoch 33/60 | lr 0.051433
2026-02-26 10:48:27 - __main__ - INFO - Train: loss 1.5639 acc1 65.36% acc5 91.06%
2026-02-26 10:48:27 - __main__ - INFO - Val:   loss 1.7785 acc1 60.41% acc5 87.39%
2026-02-26 10:48:27 - __main__ - INFO - 
Epoch 34/60 | lr 0.048577
2026-02-26 10:51:18 - __main__ - INFO - Train: loss 1.4933 acc1 67.17% acc5 91.95%
2026-02-26 10:51:18 - __main__ - INFO - Val:   loss 1.6903 acc1 62.81% acc5 88.57%
2026-02-26 10:51:18 - __main__ - INFO - 
Epoch 35/60 | lr 0.045727
2026-02-26 10:54:09 - __main__ - INFO - Train: loss 1.4339 acc1 69.01% acc5 92.93%
2026-02-26 10:54:09 - __main__ - INFO - Val:   loss 1.7607 acc1 62.77% acc5 87.63%
2026-02-26 10:54:09 - __main__ - INFO - 
Epoch 36/60 | lr 0.042890
2026-02-26 10:57:00 - __main__ - INFO - Train: loss 1.3801 acc1 70.96% acc5 93.58%
2026-02-26 10:57:00 - __main__ - INFO - Val:   loss 1.7111 acc1 63.55% acc5 88.03%
2026-02-26 10:57:00 - __main__ - INFO - 
Epoch 37/60 | lr 0.040076
2026-02-26 10:59:50 - __main__ - INFO - Train: loss 1.3300 acc1 72.29% acc5 94.24%
2026-02-26 10:59:50 - __main__ - INFO - Val:   loss 1.6880 acc1 64.15% acc5 89.06%
2026-02-26 10:59:50 - __main__ - INFO - 
Epoch 38/60 | lr 0.037295
2026-02-26 11:02:43 - __main__ - INFO - Train: loss 1.2720 acc1 73.95% acc5 95.18%
2026-02-26 11:02:43 - __main__ - INFO - Val:   loss 1.6111 acc1 66.07% acc5 89.41%
2026-02-26 11:02:43 - __main__ - INFO - saved best: 66.07%
2026-02-26 11:02:43 - __main__ - INFO - 
Epoch 39/60 | lr 0.034556
2026-02-26 11:05:34 - __main__ - INFO - Train: loss 1.2228 acc1 75.65% acc5 95.82%
2026-02-26 11:05:34 - __main__ - INFO - Val:   loss 1.5556 acc1 67.19% acc5 90.64%
2026-02-26 11:05:34 - __main__ - INFO - saved best: 67.19%
2026-02-26 11:05:34 - __main__ - INFO - 
Epoch 40/60 | lr 0.031866
2026-02-26 11:08:26 - __main__ - INFO - Train: loss 1.1805 acc1 77.23% acc5 96.19%
2026-02-26 11:08:26 - __main__ - INFO - Val:   loss 1.5602 acc1 67.24% acc5 90.70%
2026-02-26 11:08:26 - __main__ - INFO - saved best: 67.24%
2026-02-26 11:08:26 - __main__ - INFO - 
Epoch 41/60 | lr 0.029236
2026-02-26 11:11:18 - __main__ - INFO - Train: loss 1.1320 acc1 78.89% acc5 96.70%
2026-02-26 11:11:18 - __main__ - INFO - Val:   loss 1.5365 acc1 68.79% acc5 90.85%
2026-02-26 11:11:18 - __main__ - INFO - saved best: 68.79%
2026-02-26 11:11:18 - __main__ - INFO - 
Epoch 42/60 | lr 0.026674
2026-02-26 11:14:09 - __main__ - INFO - Train: loss 1.0849 acc1 80.39% acc5 97.23%
2026-02-26 11:14:09 - __main__ - INFO - Val:   loss 1.4722 acc1 69.95% acc5 91.63%
2026-02-26 11:14:09 - __main__ - INFO - saved best: 69.95%
2026-02-26 11:14:09 - __main__ - INFO - 
Epoch 43/60 | lr 0.024188
2026-02-26 11:17:01 - __main__ - INFO - Train: loss 1.0263 acc1 82.43% acc5 97.76%
2026-02-26 11:17:01 - __main__ - INFO - Val:   loss 1.4859 acc1 69.34% acc5 91.67%
2026-02-26 11:17:01 - __main__ - INFO - 
Epoch 44/60 | lr 0.021786
2026-02-26 11:19:54 - __main__ - INFO - Train: loss 0.9791 acc1 83.86% acc5 98.14%
2026-02-26 11:19:54 - __main__ - INFO - Val:   loss 1.5011 acc1 69.23% acc5 91.53%
2026-02-26 11:19:54 - __main__ - INFO - 
Epoch 45/60 | lr 0.019476
2026-02-26 11:22:46 - __main__ - INFO - Train: loss 0.9264 acc1 85.69% acc5 98.59%
2026-02-26 11:22:46 - __main__ - INFO - Val:   loss 1.4510 acc1 71.40% acc5 91.65%
2026-02-26 11:22:46 - __main__ - INFO - saved best: 71.40%
2026-02-26 11:22:46 - __main__ - INFO - 
Epoch 46/60 | lr 0.017265
2026-02-26 11:25:37 - __main__ - INFO - Train: loss 0.8760 acc1 87.52% acc5 98.94%
2026-02-26 11:25:37 - __main__ - INFO - Val:   loss 1.4386 acc1 71.50% acc5 91.97%
2026-02-26 11:25:37 - __main__ - INFO - saved best: 71.50%
2026-02-26 11:25:37 - __main__ - INFO - 
Epoch 47/60 | lr 0.015162
2026-02-26 11:28:29 - __main__ - INFO - Train: loss 0.8228 acc1 89.43% acc5 99.19%
2026-02-26 11:28:29 - __main__ - INFO - Val:   loss 1.4384 acc1 72.12% acc5 91.88%
2026-02-26 11:28:29 - __main__ - INFO - saved best: 72.12%
2026-02-26 11:28:29 - __main__ - INFO - 
Epoch 48/60 | lr 0.013172
2026-02-26 11:31:21 - __main__ - INFO - Train: loss 0.7754 acc1 91.12% acc5 99.43%
2026-02-26 11:31:21 - __main__ - INFO - Val:   loss 1.4023 acc1 73.04% acc5 92.10%
2026-02-26 11:31:21 - __main__ - INFO - saved best: 73.04%
2026-02-26 11:31:21 - __main__ - INFO - 
Epoch 49/60 | lr 0.011302
2026-02-26 11:34:13 - __main__ - INFO - Train: loss 0.7342 acc1 92.58% acc5 99.60%
2026-02-26 11:34:13 - __main__ - INFO - Val:   loss 1.3822 acc1 73.50% acc5 92.44%
2026-02-26 11:34:13 - __main__ - INFO - saved best: 73.50%
2026-02-26 11:34:13 - __main__ - INFO - 
Epoch 50/60 | lr 0.009558
2026-02-26 11:37:05 - __main__ - INFO - Train: loss 0.6897 acc1 94.16% acc5 99.74%
2026-02-26 11:37:05 - __main__ - INFO - Val:   loss 1.3477 acc1 74.35% acc5 92.35%
2026-02-26 11:37:05 - __main__ - INFO - saved best: 74.35%
2026-02-26 11:37:05 - __main__ - INFO - 
Epoch 51/60 | lr 0.007947
2026-02-26 11:39:58 - __main__ - INFO - Train: loss 0.6634 acc1 95.00% acc5 99.83%
2026-02-26 11:39:58 - __main__ - INFO - Val:   loss 1.3406 acc1 74.98% acc5 92.86%
2026-02-26 11:39:58 - __main__ - INFO - saved best: 74.98%
2026-02-26 11:39:58 - __main__ - INFO - 
Epoch 52/60 | lr 0.006472
2026-02-26 11:42:50 - __main__ - INFO - Train: loss 0.6333 acc1 96.09% acc5 99.88%
2026-02-26 11:42:50 - __main__ - INFO - Val:   loss 1.3401 acc1 74.69% acc5 92.72%
2026-02-26 11:42:50 - __main__ - INFO - 
Epoch 53/60 | lr 0.005140
2026-02-26 11:45:44 - __main__ - INFO - Train: loss 0.6145 acc1 96.75% acc5 99.91%
2026-02-26 11:45:44 - __main__ - INFO - Val:   loss 1.3237 acc1 75.86% acc5 92.95%
2026-02-26 11:45:44 - __main__ - INFO - saved best: 75.86%
2026-02-26 11:45:44 - __main__ - INFO - 
Epoch 54/60 | lr 0.003953
2026-02-26 11:48:37 - __main__ - INFO - Train: loss 0.5944 acc1 97.44% acc5 99.95%
2026-02-26 11:48:37 - __main__ - INFO - Val:   loss 1.3163 acc1 75.66% acc5 92.84%
2026-02-26 11:48:37 - __main__ - INFO - 
Epoch 55/60 | lr 0.002917
2026-02-26 11:51:30 - __main__ - INFO - Train: loss 0.5814 acc1 97.88% acc5 99.96%
2026-02-26 11:51:30 - __main__ - INFO - Val:   loss 1.3116 acc1 75.82% acc5 92.80%
2026-02-26 11:51:30 - __main__ - INFO - 
Epoch 56/60 | lr 0.002035
2026-02-26 11:54:23 - __main__ - INFO - Train: loss 0.5738 acc1 98.02% acc5 99.96%
2026-02-26 11:54:23 - __main__ - INFO - Val:   loss 1.3066 acc1 76.02% acc5 92.79%
2026-02-26 11:54:23 - __main__ - INFO - saved best: 76.02%
2026-02-26 11:54:23 - __main__ - INFO - 
Epoch 57/60 | lr 0.001309
2026-02-26 11:57:17 - __main__ - INFO - Train: loss 0.5654 acc1 98.29% acc5 99.97%
2026-02-26 11:57:17 - __main__ - INFO - Val:   loss 1.3054 acc1 75.86% acc5 92.74%
2026-02-26 11:57:17 - __main__ - INFO - 
Epoch 58/60 | lr 0.000742
2026-02-26 12:00:10 - __main__ - INFO - Train: loss 0.5615 acc1 98.43% acc5 99.98%
2026-02-26 12:00:10 - __main__ - INFO - Val:   loss 1.3030 acc1 75.90% acc5 92.83%
2026-02-26 12:00:10 - __main__ - INFO - 
Epoch 59/60 | lr 0.000336
2026-02-26 12:03:04 - __main__ - INFO - Train: loss 0.5575 acc1 98.50% acc5 99.97%
2026-02-26 12:03:04 - __main__ - INFO - Val:   loss 1.3018 acc1 75.88% acc5 92.89%
2026-02-26 12:03:04 - __main__ - INFO - 
Epoch 60/60 | lr 0.000092
2026-02-26 12:05:57 - __main__ - INFO - Train: loss 0.5571 acc1 98.58% acc5 99.97%
2026-02-26 12:05:57 - __main__ - INFO - Val:   loss 1.3005 acc1 76.21% acc5 92.81%
2026-02-26 12:05:57 - __main__ - INFO - saved best: 76.21%
2026-02-26 12:05:58 - __main__ - INFO - 
Best tracked (val): 76.21%
2026-02-26 12:05:58 - __main__ - INFO - Final test: loss 1.3282 acc1 74.43% acc5 92.75%
2026-02-26 12:05:59 - graphics - INFO - Metrics plot saved to runs_optuna/resnet18/cifar100/optuna_mask_trial0004_resnet18_cifar100_ep60_bs128_lr0.1_wd5e-04_ls0.05_wu5_maskcam_high_mwu30_mp1.0_ma0.3_mb4_cllayer3/metrics_plot.png
2026-02-26 12:05:59 - __main__ - INFO - [Trial 4] Stage result | best_val_acc=0.762121 | best_so_far=0.762121
2026-02-26 12:05:59 - __main__ - INFO - [Trial 4] Stage 4/5 | epochs=120 | run=optuna_mask_trial0004_resnet18_cifar100_ep120_bs128_lr0.1_wd5e-04_ls0.05_wu5_maskcam_high_mwu30_mp1.0_ma0.3_mb4_cllayer3
