2026-02-26 00:16:18 - __main__ - INFO - Resolved training args for optuna_mask_trial0002_resnet18_cifar100_ep60_bs128_lr0.1_wd5e-04_ls0.05_wu5_maskcam_high_mwu0_mp0.75_ma0.4_mb8_cllayer3: {"amp": true, "batch_size": 128, "cam_layer": "layer3", "data_dir": "./data", "dataset": "cifar100", "epochs": 60, "gamma": 0.1, "label_smoothing": 0.05, "log_every": 100, "lr": 0.1, "mask_area": 0.4, "mask_block": 8, "mask_prob": 0.75, "mask_warmup_epochs": 0, "masking": "cam_high", "milestones": "60,80", "min_lr": 1e-05, "model": "resnet18", "momentum": 0.9, "nesterov": true, "num_workers": 2, "out_dir": "runs_optuna/resnet18/cifar100", "run_name": "optuna_mask_trial0002_resnet18_cifar100_ep60_bs128_lr0.1_wd5e-04_ls0.05_wu5_maskcam_high_mwu0_mp0.75_ma0.4_mb8_cllayer3", "scheduler": "cosine", "seed": 42, "val_split": 0.1, "warmup_epochs": 5, "weight_decay": 0.0005}
2026-02-26 00:16:18 - __main__ - INFO - device: cuda | cuda: True | gpu: NVIDIA L4
2026-02-26 00:16:21 - __main__ - INFO - Masking enabled: {'strategy': 'cam_high', 'warmup_epochs': 0, 'prob': 0.75, 'area': 0.4, 'block': 8}
2026-02-26 00:16:21 - __main__ - INFO - Model: resnet18 | Dataset: cifar100 | Classes: 100
2026-02-26 00:16:21 - __main__ - INFO - 
Epoch 1/60 | lr 0.000100
2026-02-26 00:17:14 - __main__ - INFO - Train: loss 4.6441 acc1 1.30% acc5 6.15%
2026-02-26 00:17:14 - __main__ - INFO - Val:   loss 4.5825 acc1 1.83% acc5 7.44%
2026-02-26 00:17:14 - __main__ - INFO - saved best: 1.83%
2026-02-26 00:17:14 - __main__ - INFO - 
Epoch 2/60 | lr 0.020080
2026-02-26 00:18:04 - __main__ - INFO - Train: loss 3.9738 acc1 9.92% acc5 29.79%
2026-02-26 00:18:04 - __main__ - INFO - Val:   loss 3.6976 acc1 15.77% acc5 41.29%
2026-02-26 00:18:04 - __main__ - INFO - saved best: 15.77%
2026-02-26 00:18:04 - __main__ - INFO - 
Epoch 3/60 | lr 0.040060
2026-02-26 00:18:56 - __main__ - INFO - Train: loss 3.5643 acc1 17.11% acc5 43.72%
2026-02-26 00:18:56 - __main__ - INFO - Val:   loss 3.4180 acc1 21.52% acc5 51.78%
2026-02-26 00:18:56 - __main__ - INFO - saved best: 21.52%
2026-02-26 00:18:56 - __main__ - INFO - 
Epoch 4/60 | lr 0.060040
2026-02-26 00:19:51 - __main__ - INFO - Train: loss 3.2801 acc1 22.33% acc5 52.33%
2026-02-26 00:19:51 - __main__ - INFO - Val:   loss 3.2529 acc1 26.33% acc5 56.50%
2026-02-26 00:19:51 - __main__ - INFO - saved best: 26.33%
2026-02-26 00:19:51 - __main__ - INFO - 
Epoch 5/60 | lr 0.080020
2026-02-26 00:20:45 - __main__ - INFO - Train: loss 3.0405 acc1 26.96% acc5 59.16%
2026-02-26 00:20:45 - __main__ - INFO - Val:   loss 2.8455 acc1 32.88% acc5 64.08%
2026-02-26 00:20:45 - __main__ - INFO - saved best: 32.88%
2026-02-26 00:20:45 - __main__ - INFO - 
Epoch 6/60 | lr 0.100000
2026-02-26 00:21:39 - __main__ - INFO - Train: loss 2.8559 acc1 31.53% acc5 63.98%
2026-02-26 00:21:39 - __main__ - INFO - Val:   loss 2.7235 acc1 35.93% acc5 67.36%
2026-02-26 00:21:39 - __main__ - INFO - saved best: 35.93%
2026-02-26 00:21:39 - __main__ - INFO - 
Epoch 7/60 | lr 0.099918
2026-02-26 00:22:31 - __main__ - INFO - Train: loss 2.6505 acc1 36.31% acc5 69.17%
2026-02-26 00:22:31 - __main__ - INFO - Val:   loss 2.6063 acc1 39.81% acc5 72.22%
2026-02-26 00:22:31 - __main__ - INFO - saved best: 39.81%
2026-02-26 00:22:31 - __main__ - INFO - 
Epoch 8/60 | lr 0.099674
2026-02-26 00:23:23 - __main__ - INFO - Train: loss 2.5021 acc1 39.75% acc5 72.70%
2026-02-26 00:23:23 - __main__ - INFO - Val:   loss 2.3204 acc1 43.97% acc5 77.74%
2026-02-26 00:23:23 - __main__ - INFO - saved best: 43.97%
2026-02-26 00:23:23 - __main__ - INFO - 
Epoch 9/60 | lr 0.099268
2026-02-26 00:24:14 - __main__ - INFO - Train: loss 2.4025 acc1 42.29% acc5 74.81%
2026-02-26 00:24:14 - __main__ - INFO - Val:   loss 2.3109 acc1 44.98% acc5 78.11%
2026-02-26 00:24:14 - __main__ - INFO - saved best: 44.98%
2026-02-26 00:24:14 - __main__ - INFO - 
Epoch 10/60 | lr 0.098701
2026-02-26 00:25:07 - __main__ - INFO - Train: loss 2.3249 acc1 44.35% acc5 76.72%
2026-02-26 00:25:07 - __main__ - INFO - Val:   loss 2.1813 acc1 49.22% acc5 80.49%
2026-02-26 00:25:07 - __main__ - INFO - saved best: 49.22%
2026-02-26 00:25:07 - __main__ - INFO - 
Epoch 11/60 | lr 0.097975
2026-02-26 00:25:58 - __main__ - INFO - Train: loss 2.2532 acc1 46.22% acc5 78.19%
2026-02-26 00:25:58 - __main__ - INFO - Val:   loss 2.2035 acc1 48.97% acc5 80.07%
2026-02-26 00:25:58 - __main__ - INFO - 
Epoch 12/60 | lr 0.097093
2026-02-26 00:26:50 - __main__ - INFO - Train: loss 2.2004 acc1 47.74% acc5 79.48%
2026-02-26 00:26:50 - __main__ - INFO - Val:   loss 2.1819 acc1 49.85% acc5 79.99%
2026-02-26 00:26:50 - __main__ - INFO - saved best: 49.85%
2026-02-26 00:26:50 - __main__ - INFO - 
Epoch 13/60 | lr 0.096057
2026-02-26 00:27:42 - __main__ - INFO - Train: loss 2.1586 acc1 48.63% acc5 80.17%
2026-02-26 00:27:42 - __main__ - INFO - Val:   loss 2.2050 acc1 48.68% acc5 80.13%
2026-02-26 00:27:42 - __main__ - INFO - 
Epoch 14/60 | lr 0.094870
2026-02-26 00:28:36 - __main__ - INFO - Train: loss 2.1341 acc1 49.32% acc5 80.45%
2026-02-26 00:28:36 - __main__ - INFO - Val:   loss 2.0525 acc1 52.57% acc5 82.93%
2026-02-26 00:28:36 - __main__ - INFO - saved best: 52.57%
2026-02-26 00:28:36 - __main__ - INFO - 
Epoch 15/60 | lr 0.093538
2026-02-26 00:29:28 - __main__ - INFO - Train: loss 2.0858 acc1 50.88% acc5 81.61%
2026-02-26 00:29:28 - __main__ - INFO - Val:   loss 1.9882 acc1 53.93% acc5 83.86%
2026-02-26 00:29:28 - __main__ - INFO - saved best: 53.93%
2026-02-26 00:29:28 - __main__ - INFO - 
Epoch 16/60 | lr 0.092063
2026-02-26 00:30:19 - __main__ - INFO - Train: loss 2.0409 acc1 52.04% acc5 82.34%
2026-02-26 00:30:19 - __main__ - INFO - Val:   loss 2.1970 acc1 50.32% acc5 81.46%
2026-02-26 00:30:19 - __main__ - INFO - 
Epoch 17/60 | lr 0.090452
2026-02-26 00:31:12 - __main__ - INFO - Train: loss 2.0281 acc1 52.12% acc5 82.64%
2026-02-26 00:31:12 - __main__ - INFO - Val:   loss 2.0477 acc1 53.53% acc5 82.67%
2026-02-26 00:31:12 - __main__ - INFO - 
Epoch 18/60 | lr 0.088708
2026-02-26 00:32:05 - __main__ - INFO - Train: loss 1.9922 acc1 53.21% acc5 83.44%
2026-02-26 00:32:05 - __main__ - INFO - Val:   loss 2.0269 acc1 54.60% acc5 82.51%
2026-02-26 00:32:05 - __main__ - INFO - saved best: 54.60%
2026-02-26 00:32:05 - __main__ - INFO - 
Epoch 19/60 | lr 0.086838
2026-02-26 00:32:55 - __main__ - INFO - Train: loss 1.9517 acc1 54.57% acc5 84.10%
2026-02-26 00:32:55 - __main__ - INFO - Val:   loss 2.0700 acc1 52.36% acc5 83.73%
2026-02-26 00:32:55 - __main__ - INFO - 
Epoch 20/60 | lr 0.084848
2026-02-26 00:33:48 - __main__ - INFO - Train: loss 1.9405 acc1 54.61% acc5 84.26%
2026-02-26 00:33:48 - __main__ - INFO - Val:   loss 2.0994 acc1 51.71% acc5 81.95%
2026-02-26 00:33:48 - __main__ - INFO - 
Epoch 21/60 | lr 0.082745
2026-02-26 00:34:40 - __main__ - INFO - Train: loss 1.8986 acc1 56.05% acc5 85.00%
2026-02-26 00:34:40 - __main__ - INFO - Val:   loss 2.1941 acc1 50.84% acc5 80.60%
2026-02-26 00:34:40 - __main__ - INFO - 
Epoch 22/60 | lr 0.080534
2026-02-26 00:35:28 - __main__ - INFO - Train: loss 1.8592 acc1 56.95% acc5 85.86%
2026-02-26 00:35:28 - __main__ - INFO - Val:   loss 1.9066 acc1 57.30% acc5 85.35%
2026-02-26 00:35:28 - __main__ - INFO - saved best: 57.30%
2026-02-26 00:35:28 - __main__ - INFO - 
Epoch 23/60 | lr 0.078224
2026-02-26 00:36:18 - __main__ - INFO - Train: loss 1.8484 acc1 57.39% acc5 86.02%
2026-02-26 00:36:18 - __main__ - INFO - Val:   loss 1.9357 acc1 57.02% acc5 84.15%
2026-02-26 00:36:18 - __main__ - INFO - 
Epoch 24/60 | lr 0.075822
2026-02-26 00:37:11 - __main__ - INFO - Train: loss 1.8336 acc1 57.53% acc5 86.28%
2026-02-26 00:37:11 - __main__ - INFO - Val:   loss 1.9150 acc1 57.17% acc5 84.85%
2026-02-26 00:37:11 - __main__ - INFO - 
Epoch 25/60 | lr 0.073336
2026-02-26 00:38:01 - __main__ - INFO - Train: loss 1.7925 acc1 58.96% acc5 87.10%
2026-02-26 00:38:01 - __main__ - INFO - Val:   loss 1.8966 acc1 57.97% acc5 84.92%
2026-02-26 00:38:01 - __main__ - INFO - saved best: 57.97%
2026-02-26 00:38:01 - __main__ - INFO - 
Epoch 26/60 | lr 0.070774
2026-02-26 00:38:53 - __main__ - INFO - Train: loss 1.7670 acc1 59.54% acc5 87.55%
2026-02-26 00:38:53 - __main__ - INFO - Val:   loss 1.9221 acc1 57.07% acc5 85.73%
2026-02-26 00:38:53 - __main__ - INFO - 
Epoch 27/60 | lr 0.068144
2026-02-26 00:39:42 - __main__ - INFO - Train: loss 1.7280 acc1 60.73% acc5 88.14%
2026-02-26 00:39:42 - __main__ - INFO - Val:   loss 1.9527 acc1 55.59% acc5 84.92%
2026-02-26 00:39:42 - __main__ - INFO - 
Epoch 28/60 | lr 0.065454
2026-02-26 00:40:38 - __main__ - INFO - Train: loss 1.7453 acc1 60.17% acc5 87.78%
2026-02-26 00:40:38 - __main__ - INFO - Val:   loss 1.7855 acc1 60.08% acc5 87.50%
2026-02-26 00:40:38 - __main__ - INFO - saved best: 60.08%
2026-02-26 00:40:38 - __main__ - INFO - 
Epoch 29/60 | lr 0.062715
2026-02-26 00:41:32 - __main__ - INFO - Train: loss 1.7087 acc1 61.26% acc5 88.58%
2026-02-26 00:41:32 - __main__ - INFO - Val:   loss 1.8793 acc1 58.89% acc5 86.69%
2026-02-26 00:41:32 - __main__ - INFO - 
Epoch 30/60 | lr 0.059934
2026-02-26 00:42:26 - __main__ - INFO - Train: loss 1.6711 acc1 62.23% acc5 89.23%
2026-02-26 00:42:26 - __main__ - INFO - Val:   loss 1.7953 acc1 60.20% acc5 87.20%
2026-02-26 00:42:26 - __main__ - INFO - saved best: 60.20%
2026-02-26 00:42:26 - __main__ - INFO - 
Epoch 31/60 | lr 0.057120
2026-02-26 00:43:18 - __main__ - INFO - Train: loss 1.6352 acc1 63.31% acc5 89.73%
2026-02-26 00:43:18 - __main__ - INFO - Val:   loss 1.7885 acc1 61.11% acc5 87.25%
2026-02-26 00:43:18 - __main__ - INFO - saved best: 61.11%
2026-02-26 00:43:18 - __main__ - INFO - 
Epoch 32/60 | lr 0.054283
2026-02-26 00:44:06 - __main__ - INFO - Train: loss 1.5852 acc1 64.76% acc5 90.50%
2026-02-26 00:44:06 - __main__ - INFO - Val:   loss 1.7208 acc1 62.95% acc5 88.44%
2026-02-26 00:44:06 - __main__ - INFO - saved best: 62.95%
2026-02-26 00:44:06 - __main__ - INFO - 
Epoch 33/60 | lr 0.051433
2026-02-26 00:44:58 - __main__ - INFO - Train: loss 1.5798 acc1 64.83% acc5 90.68%
2026-02-26 00:44:58 - __main__ - INFO - Val:   loss 1.7462 acc1 62.38% acc5 87.75%
2026-02-26 00:44:58 - __main__ - INFO - 
Epoch 34/60 | lr 0.048577
2026-02-26 00:45:48 - __main__ - INFO - Train: loss 1.5204 acc1 66.77% acc5 91.45%
2026-02-26 00:45:48 - __main__ - INFO - Val:   loss 1.6780 acc1 62.98% acc5 88.80%
2026-02-26 00:45:48 - __main__ - INFO - saved best: 62.98%
2026-02-26 00:45:48 - __main__ - INFO - 
Epoch 35/60 | lr 0.045727
2026-02-26 00:46:40 - __main__ - INFO - Train: loss 1.5084 acc1 67.04% acc5 91.70%
2026-02-26 00:46:40 - __main__ - INFO - Val:   loss 1.6212 acc1 65.32% acc5 89.95%
2026-02-26 00:46:40 - __main__ - INFO - saved best: 65.32%
2026-02-26 00:46:40 - __main__ - INFO - 
Epoch 36/60 | lr 0.042890
2026-02-26 00:47:31 - __main__ - INFO - Train: loss 1.4618 acc1 68.46% acc5 92.38%
2026-02-26 00:47:31 - __main__ - INFO - Val:   loss 1.6416 acc1 65.01% acc5 89.18%
2026-02-26 00:47:31 - __main__ - INFO - 
Epoch 37/60 | lr 0.040076
2026-02-26 00:48:24 - __main__ - INFO - Train: loss 1.4432 acc1 69.10% acc5 92.49%
2026-02-26 00:48:24 - __main__ - INFO - Val:   loss 1.6802 acc1 63.60% acc5 89.63%
2026-02-26 00:48:24 - __main__ - INFO - 
Epoch 38/60 | lr 0.037295
2026-02-26 00:49:17 - __main__ - INFO - Train: loss 1.3980 acc1 70.52% acc5 93.46%
2026-02-26 00:49:17 - __main__ - INFO - Val:   loss 1.6841 acc1 63.81% acc5 89.06%
2026-02-26 00:49:17 - __main__ - INFO - 
Epoch 39/60 | lr 0.034556
2026-02-26 00:50:08 - __main__ - INFO - Train: loss 1.3514 acc1 71.85% acc5 93.96%
2026-02-26 00:50:08 - __main__ - INFO - Val:   loss 1.6306 acc1 66.31% acc5 89.52%
2026-02-26 00:50:08 - __main__ - INFO - saved best: 66.31%
2026-02-26 00:50:08 - __main__ - INFO - 
Epoch 40/60 | lr 0.031866
2026-02-26 00:51:01 - __main__ - INFO - Train: loss 1.3262 acc1 72.66% acc5 94.31%
2026-02-26 00:51:01 - __main__ - INFO - Val:   loss 1.5976 acc1 66.91% acc5 90.04%
2026-02-26 00:51:01 - __main__ - INFO - saved best: 66.91%
2026-02-26 00:51:01 - __main__ - INFO - 
Epoch 41/60 | lr 0.029236
2026-02-26 00:51:55 - __main__ - INFO - Train: loss 1.2925 acc1 73.79% acc5 94.61%
2026-02-26 00:51:55 - __main__ - INFO - Val:   loss 1.5598 acc1 68.10% acc5 90.77%
2026-02-26 00:51:55 - __main__ - INFO - saved best: 68.10%
2026-02-26 00:51:55 - __main__ - INFO - 
Epoch 42/60 | lr 0.026674
2026-02-26 00:52:46 - __main__ - INFO - Train: loss 1.2270 acc1 76.03% acc5 95.55%
2026-02-26 00:52:46 - __main__ - INFO - Val:   loss 1.5146 acc1 68.63% acc5 91.12%
2026-02-26 00:52:46 - __main__ - INFO - saved best: 68.63%
2026-02-26 00:52:46 - __main__ - INFO - 
Epoch 43/60 | lr 0.024188
2026-02-26 00:53:39 - __main__ - INFO - Train: loss 1.1869 acc1 77.33% acc5 96.04%
2026-02-26 00:53:39 - __main__ - INFO - Val:   loss 1.5241 acc1 68.60% acc5 91.40%
2026-02-26 00:53:39 - __main__ - INFO - 
Epoch 44/60 | lr 0.021786
2026-02-26 00:54:30 - __main__ - INFO - Train: loss 1.1220 acc1 79.35% acc5 96.77%
2026-02-26 00:54:30 - __main__ - INFO - Val:   loss 1.4897 acc1 69.79% acc5 91.94%
2026-02-26 00:54:30 - __main__ - INFO - saved best: 69.79%
2026-02-26 00:54:30 - __main__ - INFO - 
Epoch 45/60 | lr 0.019476
2026-02-26 00:55:24 - __main__ - INFO - Train: loss 1.0979 acc1 80.31% acc5 96.87%
2026-02-26 00:55:24 - __main__ - INFO - Val:   loss 1.4679 acc1 70.54% acc5 92.12%
2026-02-26 00:55:24 - __main__ - INFO - saved best: 70.54%
2026-02-26 00:55:24 - __main__ - INFO - 
Epoch 46/60 | lr 0.017265
2026-02-26 00:56:15 - __main__ - INFO - Train: loss 1.0253 acc1 82.68% acc5 97.69%
2026-02-26 00:56:15 - __main__ - INFO - Val:   loss 1.4725 acc1 70.62% acc5 91.52%
2026-02-26 00:56:15 - __main__ - INFO - saved best: 70.62%
2026-02-26 00:56:15 - __main__ - INFO - 
Epoch 47/60 | lr 0.015162
2026-02-26 00:57:06 - __main__ - INFO - Train: loss 0.9776 acc1 84.45% acc5 97.94%
2026-02-26 00:57:06 - __main__ - INFO - Val:   loss 1.4195 acc1 70.99% acc5 92.58%
2026-02-26 00:57:06 - __main__ - INFO - saved best: 70.99%
2026-02-26 00:57:06 - __main__ - INFO - 
Epoch 48/60 | lr 0.013172
2026-02-26 00:57:58 - __main__ - INFO - Train: loss 0.9294 acc1 85.96% acc5 98.39%
2026-02-26 00:57:58 - __main__ - INFO - Val:   loss 1.4026 acc1 71.89% acc5 92.60%
2026-02-26 00:57:58 - __main__ - INFO - saved best: 71.89%
2026-02-26 00:57:58 - __main__ - INFO - 
Epoch 49/60 | lr 0.011302
2026-02-26 00:58:48 - __main__ - INFO - Train: loss 0.8796 acc1 87.63% acc5 98.77%
2026-02-26 00:58:48 - __main__ - INFO - Val:   loss 1.4022 acc1 72.43% acc5 92.29%
2026-02-26 00:58:48 - __main__ - INFO - saved best: 72.43%
2026-02-26 00:58:48 - __main__ - INFO - 
Epoch 50/60 | lr 0.009558
2026-02-26 00:59:40 - __main__ - INFO - Train: loss 0.8441 acc1 89.05% acc5 98.96%
2026-02-26 00:59:40 - __main__ - INFO - Val:   loss 1.3816 acc1 72.68% acc5 93.03%
2026-02-26 00:59:40 - __main__ - INFO - saved best: 72.68%
2026-02-26 00:59:40 - __main__ - INFO - 
Epoch 51/60 | lr 0.007947
2026-02-26 01:00:32 - __main__ - INFO - Train: loss 0.7982 acc1 90.77% acc5 99.24%
2026-02-26 01:00:32 - __main__ - INFO - Val:   loss 1.3759 acc1 73.15% acc5 92.91%
2026-02-26 01:00:32 - __main__ - INFO - saved best: 73.15%
2026-02-26 01:00:32 - __main__ - INFO - 
Epoch 52/60 | lr 0.006472
2026-02-26 01:01:22 - __main__ - INFO - Train: loss 0.7544 acc1 92.39% acc5 99.45%
2026-02-26 01:01:22 - __main__ - INFO - Val:   loss 1.3545 acc1 74.37% acc5 92.66%
2026-02-26 01:01:22 - __main__ - INFO - saved best: 74.37%
2026-02-26 01:01:22 - __main__ - INFO - 
Epoch 53/60 | lr 0.005140
2026-02-26 01:02:14 - __main__ - INFO - Train: loss 0.7284 acc1 93.26% acc5 99.58%
2026-02-26 01:02:14 - __main__ - INFO - Val:   loss 1.3463 acc1 73.83% acc5 93.15%
2026-02-26 01:02:14 - __main__ - INFO - 
Epoch 54/60 | lr 0.003953
2026-02-26 01:03:07 - __main__ - INFO - Train: loss 0.7044 acc1 94.13% acc5 99.70%
2026-02-26 01:03:07 - __main__ - INFO - Val:   loss 1.3373 acc1 74.66% acc5 93.18%
2026-02-26 01:03:07 - __main__ - INFO - saved best: 74.66%
2026-02-26 01:03:07 - __main__ - INFO - 
Epoch 55/60 | lr 0.002917
2026-02-26 01:03:59 - __main__ - INFO - Train: loss 0.6810 acc1 95.00% acc5 99.76%
2026-02-26 01:03:59 - __main__ - INFO - Val:   loss 1.3288 acc1 74.91% acc5 93.16%
2026-02-26 01:03:59 - __main__ - INFO - saved best: 74.91%
2026-02-26 01:03:59 - __main__ - INFO - 
Epoch 56/60 | lr 0.002035
2026-02-26 01:04:50 - __main__ - INFO - Train: loss 0.6633 acc1 95.60% acc5 99.78%
2026-02-26 01:04:50 - __main__ - INFO - Val:   loss 1.3235 acc1 74.91% acc5 93.03%
2026-02-26 01:04:50 - __main__ - INFO - saved best: 74.91%
2026-02-26 01:04:50 - __main__ - INFO - 
Epoch 57/60 | lr 0.001309
2026-02-26 01:05:43 - __main__ - INFO - Train: loss 0.6555 acc1 95.73% acc5 99.85%
2026-02-26 01:05:43 - __main__ - INFO - Val:   loss 1.3206 acc1 74.92% acc5 93.11%
2026-02-26 01:05:43 - __main__ - INFO - saved best: 74.92%
2026-02-26 01:05:43 - __main__ - INFO - 
Epoch 58/60 | lr 0.000742
2026-02-26 01:06:38 - __main__ - INFO - Train: loss 0.6575 acc1 95.51% acc5 99.78%
2026-02-26 01:06:38 - __main__ - INFO - Val:   loss 1.3181 acc1 75.01% acc5 93.14%
2026-02-26 01:06:38 - __main__ - INFO - saved best: 75.01%
2026-02-26 01:06:38 - __main__ - INFO - 
Epoch 59/60 | lr 0.000336
2026-02-26 01:07:30 - __main__ - INFO - Train: loss 0.6388 acc1 96.29% acc5 99.84%
2026-02-26 01:07:30 - __main__ - INFO - Val:   loss 1.3195 acc1 75.07% acc5 92.93%
2026-02-26 01:07:30 - __main__ - INFO - saved best: 75.07%
2026-02-26 01:07:30 - __main__ - INFO - 
Epoch 60/60 | lr 0.000092
2026-02-26 01:08:21 - __main__ - INFO - Train: loss 0.6370 acc1 96.40% acc5 99.86%
2026-02-26 01:08:21 - __main__ - INFO - Val:   loss 1.3154 acc1 75.30% acc5 92.99%
2026-02-26 01:08:21 - __main__ - INFO - saved best: 75.30%
2026-02-26 01:08:22 - __main__ - INFO - 
Best tracked (val): 75.30%
2026-02-26 01:08:22 - __main__ - INFO - Final test: loss 1.3354 acc1 74.65% acc5 92.99%
2026-02-26 01:08:23 - graphics - INFO - Metrics plot saved to runs_optuna/resnet18/cifar100/optuna_mask_trial0002_resnet18_cifar100_ep60_bs128_lr0.1_wd5e-04_ls0.05_wu5_maskcam_high_mwu0_mp0.75_ma0.4_mb8_cllayer3/metrics_plot.png
2026-02-26 01:08:23 - __main__ - INFO - [Trial 2] Stage result | best_val_acc=0.753010 | best_so_far=0.753010
2026-02-26 01:08:23 - __main__ - INFO - [Trial 3] mask params: {'masking': 'cam_high', 'mask_warmup_epochs': 0, 'mask_prob': 1.0, 'mask_area': 0.3, 'mask_block': 6, 'cam_layer': 'layer4'}
2026-02-26 01:08:23 - __main__ - INFO - [Trial 3] Stage 1/5 | epochs=15 | run=optuna_mask_trial0003_resnet18_cifar100_ep15_bs128_lr0.1_wd5e-04_ls0.05_wu5_maskcam_high_mwu0_mp1.0_ma0.3_mb6_cllayer4
