2026-04-16 19:50:16 - __main__ - INFO - Comparison pipeline | device=cuda | out_dir=./runs/drive_zip_2026_04/16 | args={"adamw_betas": [0.9, 0.999], "adamw_eps": 1e-08, "amp": false, "batch_size": 128, "cam_layer": "auto", "config": "/content/CAMRegularization/configs.json", "data_dir": "./data", "dataset": "drive_zip", "enable_random_control": false, "enable_shuffled_cam_control": false, "epochs": 100, "gamma": 0.1, "input_models": ["efficientnet_b0"], "label_smoothing": 0.0, "log_every": 100, "lr": 0.1, "milestones": "60,80", "min_lr": 1e-05, "momentum": 0.9, "nesterov": false, "num_workers": 2, "optimizer": "sgd", "out_dir": "./runs/drive_zip_2026_04/16", "output_models": ["resnet18"], "run_name": "", "scheduler": "cosine", "seed": 42, "threshold": 0.04, "val_split": 0.1, "warmup_epochs": 5, "weight_decay": 0.0005}
2026-04-16 19:50:16 - __main__ - INFO - Enabled variants: ['original', 'low_saliency']
2026-04-16 19:50:16 - __main__ - INFO - 
============================================================
2026-04-16 19:50:16 - __main__ - INFO - Training input model: efficientnet_b0
2026-04-16 19:50:16 - __main__ - INFO -   Resolved config → opt=sgd, lr=0.05, wd=0.0001, bs=64, epochs=100, scheduler=cosine, warmup=5
2026-04-16 19:50:16 - __main__ - INFO - ============================================================
2026-04-16 19:50:16 - __main__ - INFO - device: cuda | cuda: True | gpu: NVIDIA L4
2026-04-16 19:52:10 - __main__ - INFO - Model: efficientnet_b0 | Dataset: drive_zip | Classes: 17 | Optimizer: sgd
2026-04-16 19:52:10 - __main__ - INFO - 
Epoch 1/100 | lr 0.000050
2026-04-16 19:57:45 - __main__ - INFO - Train: loss 2.8325 acc1 6.24%
2026-04-16 19:57:45 - __main__ - INFO - Val:   loss 2.9705 acc1 7.10%
2026-04-16 19:57:45 - __main__ - INFO - saved best: 7.10%
2026-04-16 19:57:45 - __main__ - INFO - 
Epoch 2/100 | lr 0.010040
2026-04-16 20:03:17 - __main__ - INFO - Train: loss 2.5173 acc1 18.02%
2026-04-16 20:03:17 - __main__ - INFO - Val:   loss 2.2672 acc1 25.92%
2026-04-16 20:03:18 - __main__ - INFO - saved best: 25.92%
2026-04-16 20:03:18 - __main__ - INFO - 
Epoch 3/100 | lr 0.020030
2026-04-16 20:08:50 - __main__ - INFO - Train: loss 2.2238 acc1 26.35%
2026-04-16 20:08:50 - __main__ - INFO - Val:   loss 2.2375 acc1 25.34%
2026-04-16 20:08:50 - __main__ - INFO - 
Epoch 4/100 | lr 0.030020
2026-04-16 20:14:23 - __main__ - INFO - Train: loss 2.0808 acc1 30.34%
2026-04-16 20:14:23 - __main__ - INFO - Val:   loss 2.0088 acc1 33.31%
2026-04-16 20:14:24 - __main__ - INFO - saved best: 33.31%
2026-04-16 20:14:24 - __main__ - INFO - 
Epoch 5/100 | lr 0.040010
2026-04-16 20:19:57 - __main__ - INFO - Train: loss 1.9915 acc1 33.02%
2026-04-16 20:19:57 - __main__ - INFO - Val:   loss 1.8255 acc1 38.01%
2026-04-16 20:19:57 - __main__ - INFO - saved best: 38.01%
2026-04-16 20:19:57 - __main__ - INFO - 
Epoch 6/100 | lr 0.050000
2026-04-16 20:25:29 - __main__ - INFO - Train: loss 1.9378 acc1 34.72%
2026-04-16 20:25:29 - __main__ - INFO - Val:   loss 2.1505 acc1 32.39%
2026-04-16 20:25:29 - __main__ - INFO - 
Epoch 7/100 | lr 0.049986
2026-04-16 20:31:02 - __main__ - INFO - Train: loss 1.8819 acc1 36.01%
2026-04-16 20:31:02 - __main__ - INFO - Val:   loss 1.9265 acc1 35.48%
2026-04-16 20:31:02 - __main__ - INFO - 
Epoch 8/100 | lr 0.049945
2026-04-16 20:36:34 - __main__ - INFO - Train: loss 1.8376 acc1 37.49%
2026-04-16 20:36:34 - __main__ - INFO - Val:   loss 1.9769 acc1 33.49%
2026-04-16 20:36:34 - __main__ - INFO - 
Epoch 9/100 | lr 0.049877
2026-04-16 20:42:07 - __main__ - INFO - Train: loss 1.8112 acc1 38.41%
2026-04-16 20:42:07 - __main__ - INFO - Val:   loss 1.7591 acc1 39.84%
2026-04-16 20:42:07 - __main__ - INFO - saved best: 39.84%
2026-04-16 20:42:07 - __main__ - INFO - 
Epoch 10/100 | lr 0.049782
2026-04-16 20:47:40 - __main__ - INFO - Train: loss 1.7902 acc1 38.89%
2026-04-16 20:47:40 - __main__ - INFO - Val:   loss 2.1027 acc1 30.65%
2026-04-16 20:47:40 - __main__ - INFO - 
Epoch 11/100 | lr 0.049659
2026-04-16 20:53:13 - __main__ - INFO - Train: loss 1.7731 acc1 39.43%
2026-04-16 20:53:13 - __main__ - INFO - Val:   loss 2.0009 acc1 33.42%
2026-04-16 20:53:13 - __main__ - INFO - 
Epoch 12/100 | lr 0.049510
2026-04-16 20:58:46 - __main__ - INFO - Train: loss 1.7555 acc1 40.25%
2026-04-16 20:58:46 - __main__ - INFO - Val:   loss 1.6705 acc1 42.40%
2026-04-16 20:58:46 - __main__ - INFO - saved best: 42.40%
2026-04-16 20:58:46 - __main__ - INFO - 
Epoch 13/100 | lr 0.049333
2026-04-16 21:04:19 - __main__ - INFO - Train: loss 1.7492 acc1 40.34%
2026-04-16 21:04:19 - __main__ - INFO - Val:   loss 1.8036 acc1 39.13%
2026-04-16 21:04:19 - __main__ - INFO - 
Epoch 14/100 | lr 0.049130
2026-04-16 21:09:51 - __main__ - INFO - Train: loss 1.7366 acc1 40.85%
2026-04-16 21:09:51 - __main__ - INFO - Val:   loss 1.7590 acc1 40.42%
2026-04-16 21:09:51 - __main__ - INFO - 
Epoch 15/100 | lr 0.048901
2026-04-16 21:15:24 - __main__ - INFO - Train: loss 1.7287 acc1 41.14%
2026-04-16 21:15:24 - __main__ - INFO - Val:   loss 1.8356 acc1 38.11%
2026-04-16 21:15:24 - __main__ - INFO - 
Epoch 16/100 | lr 0.048646
2026-04-16 21:20:57 - __main__ - INFO - Train: loss 1.7167 acc1 41.41%
2026-04-16 21:20:57 - __main__ - INFO - Val:   loss 1.8172 acc1 40.07%
2026-04-16 21:20:57 - __main__ - INFO - 
Epoch 17/100 | lr 0.048364
2026-04-16 21:26:29 - __main__ - INFO - Train: loss 1.7113 acc1 41.63%
2026-04-16 21:26:29 - __main__ - INFO - Val:   loss 1.9960 acc1 35.95%
2026-04-16 21:26:29 - __main__ - INFO - 
Epoch 18/100 | lr 0.048058
2026-04-16 21:32:02 - __main__ - INFO - Train: loss 1.7001 acc1 41.96%
2026-04-16 21:32:02 - __main__ - INFO - Val:   loss 1.6056 acc1 45.29%
2026-04-16 21:32:02 - __main__ - INFO - saved best: 45.29%
2026-04-16 21:32:02 - __main__ - INFO - 
Epoch 19/100 | lr 0.047726
2026-04-16 21:37:35 - __main__ - INFO - Train: loss 1.6943 acc1 42.20%
2026-04-16 21:37:35 - __main__ - INFO - Val:   loss 1.6850 acc1 42.98%
2026-04-16 21:37:35 - __main__ - INFO - 
Epoch 20/100 | lr 0.047369
2026-04-16 21:43:08 - __main__ - INFO - Train: loss 1.6877 acc1 42.46%
2026-04-16 21:43:08 - __main__ - INFO - Val:   loss 2.6132 acc1 30.09%
2026-04-16 21:43:08 - __main__ - INFO - 
Epoch 21/100 | lr 0.046987
2026-04-16 21:48:41 - __main__ - INFO - Train: loss 1.6772 acc1 42.63%
2026-04-16 21:48:41 - __main__ - INFO - Val:   loss 1.7269 acc1 43.11%
2026-04-16 21:48:41 - __main__ - INFO - 
Epoch 22/100 | lr 0.046582
2026-04-16 21:54:14 - __main__ - INFO - Train: loss 1.6692 acc1 43.00%
2026-04-16 21:54:14 - __main__ - INFO - Val:   loss 1.8383 acc1 40.94%
2026-04-16 21:54:14 - __main__ - INFO - 
Epoch 23/100 | lr 0.046153
2026-04-16 21:59:47 - __main__ - INFO - Train: loss 1.6597 acc1 43.55%
2026-04-16 21:59:47 - __main__ - INFO - Val:   loss 1.5783 acc1 45.44%
2026-04-16 21:59:47 - __main__ - INFO - saved best: 45.44%
2026-04-16 21:59:47 - __main__ - INFO - 
Epoch 24/100 | lr 0.045701
2026-04-16 22:05:20 - __main__ - INFO - Train: loss 1.6554 acc1 43.66%
2026-04-16 22:05:20 - __main__ - INFO - Val:   loss 1.6372 acc1 45.49%
2026-04-16 22:05:20 - __main__ - INFO - saved best: 45.49%
2026-04-16 22:05:20 - __main__ - INFO - 
Epoch 25/100 | lr 0.045226
2026-04-16 22:10:53 - __main__ - INFO - Train: loss 1.6451 acc1 43.93%
2026-04-16 22:10:53 - __main__ - INFO - Val:   loss 1.7256 acc1 42.16%
2026-04-16 22:10:53 - __main__ - INFO - 
Epoch 26/100 | lr 0.044730
2026-04-16 22:16:26 - __main__ - INFO - Train: loss 1.6409 acc1 44.02%
2026-04-16 22:16:26 - __main__ - INFO - Val:   loss 1.9733 acc1 36.55%
2026-04-16 22:16:26 - __main__ - INFO - 
Epoch 27/100 | lr 0.044211
2026-04-16 22:21:59 - __main__ - INFO - Train: loss 1.6354 acc1 44.38%
2026-04-16 22:21:59 - __main__ - INFO - Val:   loss 1.5456 acc1 47.69%
2026-04-16 22:21:59 - __main__ - INFO - saved best: 47.69%
2026-04-16 22:21:59 - __main__ - INFO - 
Epoch 28/100 | lr 0.043672
2026-04-16 22:27:31 - __main__ - INFO - Train: loss 1.6268 acc1 44.48%
2026-04-16 22:27:31 - __main__ - INFO - Val:   loss 1.6230 acc1 45.02%
2026-04-16 22:27:31 - __main__ - INFO - 
Epoch 29/100 | lr 0.043112
2026-04-16 22:33:04 - __main__ - INFO - Train: loss 1.6220 acc1 44.77%
2026-04-16 22:33:04 - __main__ - INFO - Val:   loss 1.5653 acc1 47.72%
2026-04-16 22:33:04 - __main__ - INFO - saved best: 47.72%
2026-04-16 22:33:04 - __main__ - INFO - 
Epoch 30/100 | lr 0.042532
2026-04-16 22:38:37 - __main__ - INFO - Train: loss 1.6175 acc1 45.07%
2026-04-16 22:38:37 - __main__ - INFO - Val:   loss 1.4755 acc1 49.69%
2026-04-16 22:38:37 - __main__ - INFO - saved best: 49.69%
2026-04-16 22:38:37 - __main__ - INFO - 
Epoch 31/100 | lr 0.041934
2026-04-16 22:44:10 - __main__ - INFO - Train: loss 1.6070 acc1 45.23%
2026-04-16 22:44:10 - __main__ - INFO - Val:   loss 1.4829 acc1 49.75%
2026-04-16 22:44:10 - __main__ - INFO - saved best: 49.75%
2026-04-16 22:44:10 - __main__ - INFO - 
Epoch 32/100 | lr 0.041316
2026-04-16 22:49:43 - __main__ - INFO - Train: loss 1.6017 acc1 45.53%
2026-04-16 22:49:43 - __main__ - INFO - Val:   loss 1.5260 acc1 48.51%
2026-04-16 22:49:43 - __main__ - INFO - 
Epoch 33/100 | lr 0.040681
2026-04-16 22:55:16 - __main__ - INFO - Train: loss 1.5936 acc1 45.74%
2026-04-16 22:55:16 - __main__ - INFO - Val:   loss 1.8104 acc1 39.95%
2026-04-16 22:55:16 - __main__ - INFO - 
Epoch 34/100 | lr 0.040029
2026-04-16 23:00:49 - __main__ - INFO - Train: loss 1.5924 acc1 45.83%
2026-04-16 23:00:49 - __main__ - INFO - Val:   loss 1.6344 acc1 45.49%
2026-04-16 23:00:49 - __main__ - INFO - 
Epoch 35/100 | lr 0.039360
2026-04-16 23:06:22 - __main__ - INFO - Train: loss 1.5864 acc1 46.04%
2026-04-16 23:06:22 - __main__ - INFO - Val:   loss 1.6511 acc1 44.36%
2026-04-16 23:06:22 - __main__ - INFO - 
Epoch 36/100 | lr 0.038676
2026-04-16 23:11:55 - __main__ - INFO - Train: loss 1.5770 acc1 46.25%
2026-04-16 23:11:55 - __main__ - INFO - Val:   loss 1.4184 acc1 51.92%
2026-04-16 23:11:55 - __main__ - INFO - saved best: 51.92%
2026-04-16 23:11:55 - __main__ - INFO - 
Epoch 37/100 | lr 0.037977
2026-04-16 23:17:28 - __main__ - INFO - Train: loss 1.5736 acc1 46.67%
2026-04-16 23:17:28 - __main__ - INFO - Val:   loss 1.5909 acc1 46.67%
2026-04-16 23:17:28 - __main__ - INFO - 
Epoch 38/100 | lr 0.037263
2026-04-16 23:23:01 - __main__ - INFO - Train: loss 1.5675 acc1 46.65%
2026-04-16 23:23:01 - __main__ - INFO - Val:   loss 1.5838 acc1 45.89%
2026-04-16 23:23:01 - __main__ - INFO - 
Epoch 39/100 | lr 0.036536
2026-04-16 23:28:33 - __main__ - INFO - Train: loss 1.5623 acc1 46.93%
2026-04-16 23:28:33 - __main__ - INFO - Val:   loss 1.4984 acc1 48.89%
2026-04-16 23:28:33 - __main__ - INFO - 
Epoch 40/100 | lr 0.035797
2026-04-16 23:34:06 - __main__ - INFO - Train: loss 1.5545 acc1 47.08%
2026-04-16 23:34:06 - __main__ - INFO - Val:   loss 1.4187 acc1 52.08%
2026-04-16 23:34:06 - __main__ - INFO - saved best: 52.08%
2026-04-16 23:34:06 - __main__ - INFO - 
Epoch 41/100 | lr 0.035045
2026-04-16 23:39:39 - __main__ - INFO - Train: loss 1.5472 acc1 47.31%
2026-04-16 23:39:39 - __main__ - INFO - Val:   loss 1.6609 acc1 44.37%
2026-04-16 23:39:39 - __main__ - INFO - 
Epoch 42/100 | lr 0.034283
2026-04-16 23:45:12 - __main__ - INFO - Train: loss 1.5388 acc1 47.79%
2026-04-16 23:45:12 - __main__ - INFO - Val:   loss 1.4463 acc1 51.37%
2026-04-16 23:45:12 - __main__ - INFO - 
Epoch 43/100 | lr 0.033511
2026-04-16 23:50:45 - __main__ - INFO - Train: loss 1.5373 acc1 47.85%
2026-04-16 23:50:45 - __main__ - INFO - Val:   loss 1.3863 acc1 52.63%
2026-04-16 23:50:45 - __main__ - INFO - saved best: 52.63%
2026-04-16 23:50:45 - __main__ - INFO - 
Epoch 44/100 | lr 0.032729
2026-04-16 23:56:18 - __main__ - INFO - Train: loss 1.5322 acc1 47.93%
2026-04-16 23:56:18 - __main__ - INFO - Val:   loss 1.5074 acc1 49.67%
2026-04-16 23:56:18 - __main__ - INFO - 
Epoch 45/100 | lr 0.031939
2026-04-17 00:01:51 - __main__ - INFO - Train: loss 1.5237 acc1 48.08%
2026-04-17 00:01:51 - __main__ - INFO - Val:   loss 1.4260 acc1 51.71%
2026-04-17 00:01:51 - __main__ - INFO - 
Epoch 46/100 | lr 0.031141
2026-04-17 00:07:23 - __main__ - INFO - Train: loss 1.5146 acc1 48.54%
2026-04-17 00:07:23 - __main__ - INFO - Val:   loss 1.5949 acc1 46.74%
2026-04-17 00:07:23 - __main__ - INFO - 
Epoch 47/100 | lr 0.030336
2026-04-17 00:12:56 - __main__ - INFO - Train: loss 1.5090 acc1 48.57%
2026-04-17 00:12:56 - __main__ - INFO - Val:   loss 1.6175 acc1 46.09%
2026-04-17 00:12:56 - __main__ - INFO - 
Epoch 48/100 | lr 0.029526
2026-04-17 00:18:29 - __main__ - INFO - Train: loss 1.5036 acc1 48.77%
2026-04-17 00:18:29 - __main__ - INFO - Val:   loss 1.5546 acc1 47.31%
2026-04-17 00:18:29 - __main__ - INFO - 
Epoch 49/100 | lr 0.028711
2026-04-17 00:24:01 - __main__ - INFO - Train: loss 1.4995 acc1 49.08%
2026-04-17 00:24:01 - __main__ - INFO - Val:   loss 1.4106 acc1 52.81%
2026-04-17 00:24:01 - __main__ - INFO - saved best: 52.81%
2026-04-17 00:24:01 - __main__ - INFO - 
Epoch 50/100 | lr 0.027892
2026-04-17 00:29:34 - __main__ - INFO - Train: loss 1.4933 acc1 49.14%
2026-04-17 00:29:34 - __main__ - INFO - Val:   loss 1.4682 acc1 51.04%
2026-04-17 00:29:34 - __main__ - INFO - 
Epoch 51/100 | lr 0.027069
2026-04-17 00:35:07 - __main__ - INFO - Train: loss 1.4796 acc1 49.66%
2026-04-17 00:35:07 - __main__ - INFO - Val:   loss 1.5746 acc1 47.59%
2026-04-17 00:35:07 - __main__ - INFO - 
Epoch 52/100 | lr 0.026244
2026-04-17 00:40:40 - __main__ - INFO - Train: loss 1.4757 acc1 49.81%
2026-04-17 00:40:40 - __main__ - INFO - Val:   loss 1.3928 acc1 53.18%
2026-04-17 00:40:40 - __main__ - INFO - saved best: 53.18%
2026-04-17 00:40:40 - __main__ - INFO - 
Epoch 53/100 | lr 0.025418
2026-04-17 00:46:13 - __main__ - INFO - Train: loss 1.4685 acc1 50.00%
2026-04-17 00:46:13 - __main__ - INFO - Val:   loss 1.4689 acc1 50.51%
2026-04-17 00:46:13 - __main__ - INFO - 
Epoch 54/100 | lr 0.024592
2026-04-17 00:51:46 - __main__ - INFO - Train: loss 1.4596 acc1 50.31%
2026-04-17 00:51:46 - __main__ - INFO - Val:   loss 1.3846 acc1 54.01%
2026-04-17 00:51:46 - __main__ - INFO - saved best: 54.01%
2026-04-17 00:51:46 - __main__ - INFO - 
Epoch 55/100 | lr 0.023766
2026-04-17 00:57:19 - __main__ - INFO - Train: loss 1.4569 acc1 50.70%
2026-04-17 00:57:19 - __main__ - INFO - Val:   loss 1.3609 acc1 54.35%
2026-04-17 00:57:19 - __main__ - INFO - saved best: 54.35%
2026-04-17 00:57:19 - __main__ - INFO - 
Epoch 56/100 | lr 0.022941
2026-04-17 01:02:52 - __main__ - INFO - Train: loss 1.4448 acc1 50.93%
2026-04-17 01:02:52 - __main__ - INFO - Val:   loss 1.3559 acc1 54.17%
2026-04-17 01:02:52 - __main__ - INFO - 
Epoch 57/100 | lr 0.022118
2026-04-17 01:08:24 - __main__ - INFO - Train: loss 1.4418 acc1 51.08%
2026-04-17 01:08:24 - __main__ - INFO - Val:   loss 1.4405 acc1 51.49%
2026-04-17 01:08:24 - __main__ - INFO - 
Epoch 58/100 | lr 0.021299
2026-04-17 01:13:57 - __main__ - INFO - Train: loss 1.4337 acc1 51.15%
2026-04-17 01:13:57 - __main__ - INFO - Val:   loss 1.3901 acc1 53.54%
2026-04-17 01:13:57 - __main__ - INFO - 
Epoch 59/100 | lr 0.020484
2026-04-17 01:19:30 - __main__ - INFO - Train: loss 1.4243 acc1 51.61%
2026-04-17 01:19:30 - __main__ - INFO - Val:   loss 1.3834 acc1 53.94%
2026-04-17 01:19:30 - __main__ - INFO - 
Epoch 60/100 | lr 0.019674
2026-04-17 01:25:02 - __main__ - INFO - Train: loss 1.4166 acc1 51.73%
2026-04-17 01:25:02 - __main__ - INFO - Val:   loss 1.4400 acc1 51.48%
2026-04-17 01:25:02 - __main__ - INFO - 
Epoch 61/100 | lr 0.018869
2026-04-17 01:30:35 - __main__ - INFO - Train: loss 1.4115 acc1 52.02%
2026-04-17 01:30:35 - __main__ - INFO - Val:   loss 1.3336 acc1 55.10%
2026-04-17 01:30:35 - __main__ - INFO - saved best: 55.10%
2026-04-17 01:30:35 - __main__ - INFO - 
Epoch 62/100 | lr 0.018071
2026-04-17 01:36:08 - __main__ - INFO - Train: loss 1.4005 acc1 52.47%
2026-04-17 01:36:08 - __main__ - INFO - Val:   loss 1.3547 acc1 54.35%
2026-04-17 01:36:08 - __main__ - INFO - 
Epoch 63/100 | lr 0.017281
2026-04-17 01:41:41 - __main__ - INFO - Train: loss 1.3908 acc1 52.63%
2026-04-17 01:41:41 - __main__ - INFO - Val:   loss 1.4399 acc1 52.02%
2026-04-17 01:41:41 - __main__ - INFO - 
Epoch 64/100 | lr 0.016499
2026-04-17 01:47:14 - __main__ - INFO - Train: loss 1.3851 acc1 52.93%
2026-04-17 01:47:14 - __main__ - INFO - Val:   loss 1.3231 acc1 56.17%
2026-04-17 01:47:14 - __main__ - INFO - saved best: 56.17%
2026-04-17 01:47:14 - __main__ - INFO - 
Epoch 65/100 | lr 0.015727
2026-04-17 01:52:47 - __main__ - INFO - Train: loss 1.3754 acc1 53.25%
2026-04-17 01:52:47 - __main__ - INFO - Val:   loss 1.2634 acc1 57.45%
2026-04-17 01:52:47 - __main__ - INFO - saved best: 57.45%
2026-04-17 01:52:47 - __main__ - INFO - 
Epoch 66/100 | lr 0.014965
2026-04-17 01:58:20 - __main__ - INFO - Train: loss 1.3675 acc1 53.46%
2026-04-17 01:58:20 - __main__ - INFO - Val:   loss 1.2982 acc1 56.75%
2026-04-17 01:58:20 - __main__ - INFO - 
Epoch 67/100 | lr 0.014213
2026-04-17 02:03:53 - __main__ - INFO - Train: loss 1.3613 acc1 53.64%
2026-04-17 02:03:53 - __main__ - INFO - Val:   loss 1.3054 acc1 56.80%
2026-04-17 02:03:53 - __main__ - INFO - 
Epoch 68/100 | lr 0.013474
2026-04-17 02:09:26 - __main__ - INFO - Train: loss 1.3505 acc1 53.95%
2026-04-17 02:09:26 - __main__ - INFO - Val:   loss 1.3617 acc1 54.59%
2026-04-17 02:09:26 - __main__ - INFO - 
Epoch 69/100 | lr 0.012747
2026-04-17 02:14:59 - __main__ - INFO - Train: loss 1.3370 acc1 54.49%
2026-04-17 02:14:59 - __main__ - INFO - Val:   loss 1.3057 acc1 56.68%
2026-04-17 02:14:59 - __main__ - INFO - 
Epoch 70/100 | lr 0.012033
2026-04-17 02:20:32 - __main__ - INFO - Train: loss 1.3255 acc1 55.01%
2026-04-17 02:20:32 - __main__ - INFO - Val:   loss 1.2317 acc1 59.01%
2026-04-17 02:20:32 - __main__ - INFO - saved best: 59.01%
2026-04-17 02:20:32 - __main__ - INFO - 
Epoch 71/100 | lr 0.011334
2026-04-17 02:26:05 - __main__ - INFO - Train: loss 1.3190 acc1 55.03%
2026-04-17 02:26:05 - __main__ - INFO - Val:   loss 1.3351 acc1 55.73%
2026-04-17 02:26:05 - __main__ - INFO - 
Epoch 72/100 | lr 0.010650
2026-04-17 02:31:38 - __main__ - INFO - Train: loss 1.3126 acc1 55.38%
2026-04-17 02:31:38 - __main__ - INFO - Val:   loss 1.2640 acc1 58.41%
2026-04-17 02:31:38 - __main__ - INFO - 
Epoch 73/100 | lr 0.009981
2026-04-17 02:37:10 - __main__ - INFO - Train: loss 1.2980 acc1 55.82%
2026-04-17 02:37:10 - __main__ - INFO - Val:   loss 1.2462 acc1 58.20%
2026-04-17 02:37:10 - __main__ - INFO - 
Epoch 74/100 | lr 0.009329
2026-04-17 02:42:43 - __main__ - INFO - Train: loss 1.2903 acc1 55.99%
2026-04-17 02:42:43 - __main__ - INFO - Val:   loss 1.2214 acc1 59.79%
2026-04-17 02:42:43 - __main__ - INFO - saved best: 59.79%
2026-04-17 02:42:43 - __main__ - INFO - 
Epoch 75/100 | lr 0.008694
2026-04-17 02:48:16 - __main__ - INFO - Train: loss 1.2789 acc1 56.37%
2026-04-17 02:48:16 - __main__ - INFO - Val:   loss 1.2318 acc1 59.07%
2026-04-17 02:48:16 - __main__ - INFO - 
Epoch 76/100 | lr 0.008076
2026-04-17 02:53:49 - __main__ - INFO - Train: loss 1.2680 acc1 56.88%
2026-04-17 02:53:49 - __main__ - INFO - Val:   loss 1.2828 acc1 57.65%
2026-04-17 02:53:49 - __main__ - INFO - 
Epoch 77/100 | lr 0.007478
2026-04-17 02:59:22 - __main__ - INFO - Train: loss 1.2564 acc1 57.37%
2026-04-17 02:59:22 - __main__ - INFO - Val:   loss 1.2313 acc1 59.52%
2026-04-17 02:59:22 - __main__ - INFO - 
Epoch 78/100 | lr 0.006898
2026-04-17 03:04:55 - __main__ - INFO - Train: loss 1.2457 acc1 57.69%
2026-04-17 03:04:55 - __main__ - INFO - Val:   loss 1.2646 acc1 58.36%
2026-04-17 03:04:55 - __main__ - INFO - 
Epoch 79/100 | lr 0.006338
2026-04-17 03:10:29 - __main__ - INFO - Train: loss 1.2321 acc1 58.01%
2026-04-17 03:10:29 - __main__ - INFO - Val:   loss 1.2324 acc1 58.65%
2026-04-17 03:10:29 - __main__ - INFO - 
Epoch 80/100 | lr 0.005799
2026-04-17 03:16:01 - __main__ - INFO - Train: loss 1.2234 acc1 58.40%
2026-04-17 03:16:01 - __main__ - INFO - Val:   loss 1.1906 acc1 60.99%
2026-04-17 03:16:02 - __main__ - INFO - saved best: 60.99%
2026-04-17 03:16:02 - __main__ - INFO - 
Epoch 81/100 | lr 0.005280
2026-04-17 03:21:34 - __main__ - INFO - Train: loss 1.2132 acc1 58.69%
2026-04-17 03:21:34 - __main__ - INFO - Val:   loss 1.2322 acc1 59.91%
2026-04-17 03:21:34 - __main__ - INFO - 
Epoch 82/100 | lr 0.004784
2026-04-17 03:27:07 - __main__ - INFO - Train: loss 1.1993 acc1 59.09%
2026-04-17 03:27:07 - __main__ - INFO - Val:   loss 1.4387 acc1 53.21%
2026-04-17 03:27:07 - __main__ - INFO - 
Epoch 83/100 | lr 0.004309
2026-04-17 03:32:40 - __main__ - INFO - Train: loss 1.1846 acc1 59.57%
2026-04-17 03:32:40 - __main__ - INFO - Val:   loss 1.1766 acc1 61.96%
2026-04-17 03:32:40 - __main__ - INFO - saved best: 61.96%
2026-04-17 03:32:40 - __main__ - INFO - 
Epoch 84/100 | lr 0.003857
2026-04-17 03:38:13 - __main__ - INFO - Train: loss 1.1715 acc1 60.10%
2026-04-17 03:38:13 - __main__ - INFO - Val:   loss 1.1888 acc1 61.43%
2026-04-17 03:38:13 - __main__ - INFO - 
Epoch 85/100 | lr 0.003428
2026-04-17 03:43:46 - __main__ - INFO - Train: loss 1.1644 acc1 60.40%
2026-04-17 03:43:46 - __main__ - INFO - Val:   loss 1.2411 acc1 60.19%
2026-04-17 03:43:46 - __main__ - INFO - 
Epoch 86/100 | lr 0.003023
2026-04-17 03:49:19 - __main__ - INFO - Train: loss 1.1555 acc1 60.59%
2026-04-17 03:49:19 - __main__ - INFO - Val:   loss 1.1351 acc1 63.32%
2026-04-17 03:49:19 - __main__ - INFO - saved best: 63.32%
2026-04-17 03:49:19 - __main__ - INFO - 
Epoch 87/100 | lr 0.002641
2026-04-17 03:54:51 - __main__ - INFO - Train: loss 1.1399 acc1 61.15%
2026-04-17 03:54:51 - __main__ - INFO - Val:   loss 1.1480 acc1 63.22%
2026-04-17 03:54:51 - __main__ - INFO - 
Epoch 88/100 | lr 0.002284
2026-04-17 04:00:24 - __main__ - INFO - Train: loss 1.1318 acc1 61.49%
2026-04-17 04:00:24 - __main__ - INFO - Val:   loss 1.1491 acc1 63.25%
2026-04-17 04:00:24 - __main__ - INFO - 
Epoch 89/100 | lr 0.001952
2026-04-17 04:05:57 - __main__ - INFO - Train: loss 1.1162 acc1 61.90%
2026-04-17 04:05:57 - __main__ - INFO - Val:   loss 1.1706 acc1 62.78%
2026-04-17 04:05:57 - __main__ - INFO - 
Epoch 90/100 | lr 0.001646
2026-04-17 04:11:29 - __main__ - INFO - Train: loss 1.1047 acc1 62.31%
2026-04-17 04:11:29 - __main__ - INFO - Val:   loss 1.1568 acc1 63.28%
2026-04-17 04:11:29 - __main__ - INFO - 
Epoch 91/100 | lr 0.001364
2026-04-17 04:17:02 - __main__ - INFO - Train: loss 1.0974 acc1 62.56%
2026-04-17 04:17:02 - __main__ - INFO - Val:   loss 1.1450 acc1 62.98%
2026-04-17 04:17:02 - __main__ - INFO - 
Epoch 92/100 | lr 0.001109
2026-04-17 04:22:35 - __main__ - INFO - Train: loss 1.0843 acc1 63.00%
2026-04-17 04:22:35 - __main__ - INFO - Val:   loss 1.1095 acc1 64.57%
2026-04-17 04:22:35 - __main__ - INFO - saved best: 64.57%
2026-04-17 04:22:35 - __main__ - INFO - 
Epoch 93/100 | lr 0.000880
2026-04-17 04:28:08 - __main__ - INFO - Train: loss 1.0761 acc1 63.35%
2026-04-17 04:28:08 - __main__ - INFO - Val:   loss 1.1817 acc1 62.33%
2026-04-17 04:28:08 - __main__ - INFO - 
Epoch 94/100 | lr 0.000677
2026-04-17 04:33:41 - __main__ - INFO - Train: loss 1.0695 acc1 63.61%
2026-04-17 04:33:41 - __main__ - INFO - Val:   loss 1.1539 acc1 63.68%
2026-04-17 04:33:41 - __main__ - INFO - 
Epoch 95/100 | lr 0.000500
2026-04-17 04:39:14 - __main__ - INFO - Train: loss 1.0608 acc1 63.79%
2026-04-17 04:39:14 - __main__ - INFO - Val:   loss 1.1231 acc1 64.30%
2026-04-17 04:39:14 - __main__ - INFO - 
Epoch 96/100 | lr 0.000351
2026-04-17 04:44:47 - __main__ - INFO - Train: loss 1.0574 acc1 64.05%
2026-04-17 04:44:47 - __main__ - INFO - Val:   loss 1.1655 acc1 63.13%
2026-04-17 04:44:47 - __main__ - INFO - 
Epoch 97/100 | lr 0.000228
2026-04-17 04:50:20 - __main__ - INFO - Train: loss 1.0528 acc1 64.14%
2026-04-17 04:50:20 - __main__ - INFO - Val:   loss 1.1283 acc1 64.24%
2026-04-17 04:50:20 - __main__ - INFO - 
Epoch 98/100 | lr 0.000133
2026-04-17 04:55:53 - __main__ - INFO - Train: loss 1.0464 acc1 64.33%
2026-04-17 04:55:53 - __main__ - INFO - Val:   loss 1.1651 acc1 62.91%
2026-04-17 04:55:53 - __main__ - INFO - 
Epoch 99/100 | lr 0.000065
2026-04-17 05:01:26 - __main__ - INFO - Train: loss 1.0465 acc1 64.23%
2026-04-17 05:01:26 - __main__ - INFO - Val:   loss 1.1242 acc1 64.62%
2026-04-17 05:01:26 - __main__ - INFO - saved best: 64.62%
2026-04-17 05:01:26 - __main__ - INFO - 
Epoch 100/100 | lr 0.000024
2026-04-17 05:06:59 - __main__ - INFO - Train: loss 1.0430 acc1 64.39%
2026-04-17 05:06:59 - __main__ - INFO - Val:   loss 1.1585 acc1 63.24%
2026-04-17 05:06:59 - __main__ - INFO - Loaded best checkpoint weights for final test evaluation.
2026-04-17 05:07:15 - __main__ - INFO - 
Best tracked (val): 64.62%
2026-04-17 05:07:15 - __main__ - INFO - Final test: loss 1.1162 acc1 64.25%
2026-04-17 05:07:15 - __main__ - INFO - Input model efficientnet_b0 done — test acc 64.25%, test loss 1.1162
2026-04-17 05:07:15 - __main__ - INFO - 
Preparing eval dataloaders for HiResCAM computation …
2026-04-17 05:07:18 - __main__ - INFO - 
Saving variant datasets to data/comparison_drive_zip_2026_04/16
2026-04-17 05:07:18 - __main__ - INFO - Generating train variants → data/comparison_drive_zip_2026_04/16
2026-04-17 05:07:53 - __main__ - INFO -   [train] processed 1280 images …
2026-04-17 05:08:28 - __main__ - INFO -   [train] processed 2560 images …
2026-04-17 05:09:02 - __main__ - INFO -   [train] processed 3840 images …
2026-04-17 05:09:37 - __main__ - INFO -   [train] processed 5120 images …
2026-04-17 05:10:13 - __main__ - INFO -   [train] processed 6400 images …
2026-04-17 05:10:47 - __main__ - INFO -   [train] processed 7680 images …
2026-04-17 05:11:22 - __main__ - INFO -   [train] processed 8960 images …
2026-04-17 05:11:57 - __main__ - INFO -   [train] processed 10240 images …
2026-04-17 05:12:31 - __main__ - INFO -   [train] processed 11520 images …
2026-04-17 05:13:06 - __main__ - INFO -   [train] processed 12800 images …
2026-04-17 05:13:41 - __main__ - INFO -   [train] processed 14080 images …
2026-04-17 05:14:16 - __main__ - INFO -   [train] processed 15360 images …
2026-04-17 05:14:51 - __main__ - INFO -   [train] processed 16640 images …
2026-04-17 05:15:26 - __main__ - INFO -   [train] processed 17920 images …
2026-04-17 05:16:00 - __main__ - INFO -   [train] processed 19200 images …
2026-04-17 05:16:34 - __main__ - INFO -   [train] processed 20480 images …
2026-04-17 05:17:09 - __main__ - INFO -   [train] processed 21760 images …
2026-04-17 05:17:43 - __main__ - INFO -   [train] processed 23040 images …
2026-04-17 05:18:17 - __main__ - INFO -   [train] processed 24320 images …
2026-04-17 05:18:52 - __main__ - INFO -   [train] processed 25600 images …
2026-04-17 05:19:28 - __main__ - INFO -   [train] processed 26880 images …
2026-04-17 05:20:02 - __main__ - INFO -   [train] processed 28160 images …
2026-04-17 05:20:37 - __main__ - INFO -   [train] processed 29440 images …
2026-04-17 05:21:12 - __main__ - INFO -   [train] processed 30720 images …
2026-04-17 05:21:46 - __main__ - INFO -   [train] processed 32000 images …
2026-04-17 05:22:21 - __main__ - INFO -   [train] processed 33280 images …
2026-04-17 05:22:56 - __main__ - INFO -   [train] processed 34560 images …
2026-04-17 05:23:31 - __main__ - INFO -   [train] processed 35840 images …
2026-04-17 05:24:05 - __main__ - INFO -   [train] processed 37120 images …
2026-04-17 05:24:39 - __main__ - INFO -   [train] processed 38400 images …
2026-04-17 05:25:14 - __main__ - INFO -   [train] processed 39680 images …
2026-04-17 05:25:49 - __main__ - INFO -   [train] processed 40960 images …
2026-04-17 05:26:24 - __main__ - INFO -   [train] processed 42240 images …
2026-04-17 05:26:59 - __main__ - INFO -   [train] processed 43520 images …
2026-04-17 05:27:33 - __main__ - INFO -   [train] processed 44800 images …
2026-04-17 05:28:08 - __main__ - INFO -   [train] processed 46080 images …
2026-04-17 05:28:43 - __main__ - INFO -   [train] processed 47360 images …
2026-04-17 05:29:18 - __main__ - INFO -   [train] processed 48640 images …
2026-04-17 05:29:52 - __main__ - INFO -   [train] processed 49920 images …
2026-04-17 05:30:26 - __main__ - INFO -   [train] processed 51200 images …
2026-04-17 05:31:01 - __main__ - INFO -   [train] processed 52480 images …
2026-04-17 05:31:36 - __main__ - INFO -   [train] processed 53760 images …
2026-04-17 05:32:10 - __main__ - INFO -   [train] processed 55040 images …
2026-04-17 05:32:45 - __main__ - INFO -   [train] processed 56320 images …
2026-04-17 05:33:19 - __main__ - INFO -   [train] processed 57600 images …
2026-04-17 05:33:53 - __main__ - INFO -   [train] processed 58880 images …
2026-04-17 05:34:28 - __main__ - INFO -   [train] processed 60160 images …
2026-04-17 05:35:03 - __main__ - INFO -   [train] processed 61440 images …
2026-04-17 05:35:37 - __main__ - INFO -   [train] processed 62720 images …
2026-04-17 05:36:12 - __main__ - INFO -   [train] processed 64000 images …
2026-04-17 05:36:46 - __main__ - INFO -   [train] processed 65280 images …
2026-04-17 05:37:21 - __main__ - INFO -   [train] processed 66560 images …
2026-04-17 05:37:55 - __main__ - INFO -   [train] processed 67840 images …
2026-04-17 05:38:31 - __main__ - INFO -   [train] processed 69120 images …
2026-04-17 05:39:05 - __main__ - INFO -   [train] processed 70400 images …
2026-04-17 05:39:40 - __main__ - INFO -   [train] processed 71680 images …
2026-04-17 05:40:16 - __main__ - INFO -   [train] processed 72960 images …
2026-04-17 05:40:51 - __main__ - INFO -   [train] processed 74240 images …
2026-04-17 05:41:25 - __main__ - INFO -   [train] processed 75520 images …
2026-04-17 05:42:00 - __main__ - INFO -   [train] processed 76800 images …
2026-04-17 05:42:35 - __main__ - INFO -   [train] processed 78080 images …
2026-04-17 05:43:10 - __main__ - INFO -   [train] processed 79360 images …
2026-04-17 05:43:44 - __main__ - INFO -   [train] processed 80640 images …
2026-04-17 05:44:18 - __main__ - INFO -   [train] processed 81920 images …
2026-04-17 05:44:53 - __main__ - INFO -   [train] processed 83200 images …
2026-04-17 05:45:27 - __main__ - INFO -   [train] processed 84480 images …
2026-04-17 05:46:03 - __main__ - INFO -   [train] processed 85760 images …
2026-04-17 05:46:37 - __main__ - INFO -   [train] processed 87040 images …
2026-04-17 05:47:11 - __main__ - INFO -   [train] processed 88320 images …
2026-04-17 05:47:46 - __main__ - INFO -   [train] processed 89600 images …
2026-04-17 05:48:20 - __main__ - INFO -   [train] processed 90880 images …
2026-04-17 05:48:54 - __main__ - INFO -   [train] processed 92160 images …
2026-04-17 05:49:29 - __main__ - INFO -   [train] processed 93440 images …
2026-04-17 05:50:04 - __main__ - INFO -   [train] processed 94720 images …
2026-04-17 05:50:39 - __main__ - INFO -   [train] processed 96000 images …
2026-04-17 05:51:14 - __main__ - INFO -   [train] processed 97280 images …
2026-04-17 05:51:48 - __main__ - INFO -   [train] processed 98560 images …
2026-04-17 05:52:23 - __main__ - INFO -   [train] processed 99840 images …
2026-04-17 05:52:57 - __main__ - INFO -   [train] processed 101120 images …
2026-04-17 05:53:32 - __main__ - INFO -   [train] processed 102400 images …
2026-04-17 05:54:06 - __main__ - INFO -   [train] processed 103680 images …
2026-04-17 05:54:41 - __main__ - INFO -   [train] processed 104960 images …
2026-04-17 05:55:16 - __main__ - INFO -   [train] processed 106240 images …
2026-04-17 05:55:51 - __main__ - INFO -   [train] processed 107520 images …
2026-04-17 05:56:26 - __main__ - INFO -   [train] processed 108800 images …
2026-04-17 05:56:26 - __main__ - INFO -   [train] saved 108800 images for all 2 variants
2026-04-17 05:56:26 - __main__ - INFO - Generating test variants → data/comparison_drive_zip_2026_04/16
2026-04-17 05:57:01 - __main__ - INFO -   [test] processed 1280 images …
2026-04-17 05:57:36 - __main__ - INFO -   [test] processed 2560 images …
2026-04-17 05:58:11 - __main__ - INFO -   [test] processed 3840 images …
2026-04-17 05:58:46 - __main__ - INFO -   [test] processed 5120 images …
2026-04-17 05:59:21 - __main__ - INFO -   [test] processed 6400 images …
2026-04-17 05:59:56 - __main__ - INFO -   [test] processed 7680 images …
2026-04-17 06:00:30 - __main__ - INFO -   [test] processed 8960 images …
2026-04-17 06:01:04 - __main__ - INFO -   [test] processed 10240 images …
2026-04-17 06:01:39 - __main__ - INFO -   [test] processed 11520 images …
2026-04-17 06:02:14 - __main__ - INFO -   [test] processed 12800 images …
2026-04-17 06:02:36 - __main__ - INFO -   [test] processed 13600 images …
2026-04-17 06:02:36 - __main__ - INFO -   [test] saved 13600 images for all 2 variants
2026-04-17 06:02:36 - __main__ - INFO - 
Starting output model sweep: resnet18
2026-04-17 06:02:36 - __main__ - INFO - 
============================================================
2026-04-17 06:02:36 - __main__ - INFO - Training output model: resnet18 [original]
2026-04-17 06:02:36 - __main__ - INFO -   Resolved config → opt=sgd, lr=0.1, wd=0.0005, bs=64, epochs=100, scheduler=cosine, warmup=5
2026-04-17 06:02:36 - __main__ - INFO - ============================================================
2026-04-17 06:02:36 - __main__ - INFO -   Validation during training uses variant split with val_split=0.1
2026-04-17 06:02:36 - __main__ - INFO -   Final test uses original test split
2026-04-17 06:02:37 - __main__ - INFO - device: cuda | cuda: True | gpu: NVIDIA L4
2026-04-17 06:02:37 - __main__ - INFO - Model: resnet18 | Dataset: drive_zip | Classes: 17 | Optimizer: sgd
2026-04-17 06:02:37 - __main__ - INFO - 
Epoch 1/100 | lr 0.000100
2026-04-17 06:05:07 - __main__ - INFO - Train: loss 2.7303 acc1 13.28%
2026-04-17 06:05:07 - __main__ - INFO - Val:   loss 2.5917 acc1 18.06%
2026-04-17 06:05:07 - __main__ - INFO - saved best: 18.06%
2026-04-17 06:05:07 - __main__ - INFO - 
Epoch 2/100 | lr 0.020080
2026-04-17 06:07:37 - __main__ - INFO - Train: loss 2.1586 acc1 28.44%
2026-04-17 06:07:37 - __main__ - INFO - Val:   loss 2.1147 acc1 31.77%
2026-04-17 06:07:37 - __main__ - INFO - saved best: 31.77%
2026-04-17 06:07:37 - __main__ - INFO - 
Epoch 3/100 | lr 0.040060
2026-04-17 06:10:06 - __main__ - INFO - Train: loss 1.7543 acc1 40.04%
2026-04-17 06:10:06 - __main__ - INFO - Val:   loss 1.7368 acc1 41.11%
2026-04-17 06:10:06 - __main__ - INFO - saved best: 41.11%
2026-04-17 06:10:06 - __main__ - INFO - 
Epoch 4/100 | lr 0.060040
2026-04-17 06:12:35 - __main__ - INFO - Train: loss 1.6432 acc1 43.80%
2026-04-17 06:12:35 - __main__ - INFO - Val:   loss 1.6209 acc1 44.69%
2026-04-17 06:12:35 - __main__ - INFO - saved best: 44.69%
2026-04-17 06:12:35 - __main__ - INFO - 
Epoch 5/100 | lr 0.080020
2026-04-17 06:15:05 - __main__ - INFO - Train: loss 1.5934 acc1 45.68%
2026-04-17 06:15:05 - __main__ - INFO - Val:   loss 1.6081 acc1 45.58%
2026-04-17 06:15:05 - __main__ - INFO - saved best: 45.58%
2026-04-17 06:15:05 - __main__ - INFO - 
Epoch 6/100 | lr 0.100000
2026-04-17 06:17:34 - __main__ - INFO - Train: loss 1.5783 acc1 46.39%
2026-04-17 06:17:34 - __main__ - INFO - Val:   loss 1.6512 acc1 44.68%
2026-04-17 06:17:34 - __main__ - INFO - 
Epoch 7/100 | lr 0.099973
2026-04-17 06:20:03 - __main__ - INFO - Train: loss 1.5352 acc1 47.98%
2026-04-17 06:20:03 - __main__ - INFO - Val:   loss 1.5748 acc1 47.57%
2026-04-17 06:20:03 - __main__ - INFO - saved best: 47.57%
2026-04-17 06:20:03 - __main__ - INFO - 
Epoch 8/100 | lr 0.099891
2026-04-17 06:22:32 - __main__ - INFO - Train: loss 1.5022 acc1 49.14%
2026-04-17 06:22:32 - __main__ - INFO - Val:   loss 1.7279 acc1 43.46%
2026-04-17 06:22:32 - __main__ - INFO - 
Epoch 9/100 | lr 0.099754
2026-04-17 06:25:00 - __main__ - INFO - Train: loss 1.4674 acc1 50.47%
2026-04-17 06:25:00 - __main__ - INFO - Val:   loss 1.9427 acc1 38.34%
2026-04-17 06:25:00 - __main__ - INFO - 
Epoch 10/100 | lr 0.099563
2026-04-17 06:27:29 - __main__ - INFO - Train: loss 1.4462 acc1 51.29%
2026-04-17 06:27:29 - __main__ - INFO - Val:   loss 1.6765 acc1 44.03%
2026-04-17 06:27:29 - __main__ - INFO - 
Epoch 11/100 | lr 0.099318
2026-04-17 06:29:58 - __main__ - INFO - Train: loss 1.4273 acc1 52.09%
2026-04-17 06:29:58 - __main__ - INFO - Val:   loss 1.8053 acc1 44.26%
2026-04-17 06:29:58 - __main__ - INFO - 
Epoch 12/100 | lr 0.099019
2026-04-17 06:32:27 - __main__ - INFO - Train: loss 1.4105 acc1 52.72%
2026-04-17 06:32:27 - __main__ - INFO - Val:   loss 1.5562 acc1 48.82%
2026-04-17 06:32:27 - __main__ - INFO - saved best: 48.82%
2026-04-17 06:32:27 - __main__ - INFO - 
Epoch 13/100 | lr 0.098666
2026-04-17 06:34:55 - __main__ - INFO - Train: loss 1.3963 acc1 53.12%
2026-04-17 06:34:55 - __main__ - INFO - Val:   loss 1.5344 acc1 48.51%
2026-04-17 06:34:55 - __main__ - INFO - 
Epoch 14/100 | lr 0.098261
2026-04-17 06:37:24 - __main__ - INFO - Train: loss 1.3841 acc1 53.63%
2026-04-17 06:37:24 - __main__ - INFO - Val:   loss 1.5014 acc1 49.15%
2026-04-17 06:37:24 - __main__ - INFO - saved best: 49.15%
2026-04-17 06:37:24 - __main__ - INFO - 
Epoch 15/100 | lr 0.097802
2026-04-17 06:39:52 - __main__ - INFO - Train: loss 1.3730 acc1 54.02%
2026-04-17 06:39:52 - __main__ - INFO - Val:   loss 1.4847 acc1 49.71%
2026-04-17 06:39:52 - __main__ - INFO - saved best: 49.71%
2026-04-17 06:39:52 - __main__ - INFO - 
Epoch 16/100 | lr 0.097291
2026-04-17 06:42:20 - __main__ - INFO - Train: loss 1.3644 acc1 54.41%
2026-04-17 06:42:20 - __main__ - INFO - Val:   loss 1.4136 acc1 52.97%
2026-04-17 06:42:20 - __main__ - INFO - saved best: 52.97%
2026-04-17 06:42:20 - __main__ - INFO - 
Epoch 17/100 | lr 0.096729
2026-04-17 06:44:49 - __main__ - INFO - Train: loss 1.3526 acc1 54.85%
2026-04-17 06:44:49 - __main__ - INFO - Val:   loss 1.5709 acc1 48.87%
2026-04-17 06:44:49 - __main__ - INFO - 
Epoch 18/100 | lr 0.096115
2026-04-17 06:47:17 - __main__ - INFO - Train: loss 1.3445 acc1 55.10%
2026-04-17 06:47:17 - __main__ - INFO - Val:   loss 1.4752 acc1 50.66%
2026-04-17 06:47:17 - __main__ - INFO - 
Epoch 19/100 | lr 0.095451
2026-04-17 06:49:45 - __main__ - INFO - Train: loss 1.3357 acc1 55.58%
2026-04-17 06:49:45 - __main__ - INFO - Val:   loss 1.5012 acc1 50.53%
2026-04-17 06:49:45 - __main__ - INFO - 
Epoch 20/100 | lr 0.094737
2026-04-17 06:52:13 - __main__ - INFO - Train: loss 1.3269 acc1 55.75%
2026-04-17 06:52:13 - __main__ - INFO - Val:   loss 1.4472 acc1 52.50%
2026-04-17 06:52:13 - __main__ - INFO - 
Epoch 21/100 | lr 0.093974
2026-04-17 06:54:41 - __main__ - INFO - Train: loss 1.3188 acc1 56.30%
2026-04-17 06:54:41 - __main__ - INFO - Val:   loss 1.4812 acc1 51.98%
2026-04-17 06:54:41 - __main__ - INFO - 
Epoch 22/100 | lr 0.093164
2026-04-17 06:57:09 - __main__ - INFO - Train: loss 1.3123 acc1 56.46%
2026-04-17 06:57:09 - __main__ - INFO - Val:   loss 1.3959 acc1 54.36%
2026-04-17 06:57:09 - __main__ - INFO - saved best: 54.36%
2026-04-17 06:57:09 - __main__ - INFO - 
Epoch 23/100 | lr 0.092306
2026-04-17 06:59:37 - __main__ - INFO - Train: loss 1.3042 acc1 56.63%
2026-04-17 06:59:37 - __main__ - INFO - Val:   loss 1.5643 acc1 49.56%
2026-04-17 06:59:37 - __main__ - INFO - 
Epoch 24/100 | lr 0.091401
2026-04-17 07:02:05 - __main__ - INFO - Train: loss 1.2991 acc1 56.92%
2026-04-17 07:02:05 - __main__ - INFO - Val:   loss 1.5049 acc1 51.35%
2026-04-17 07:02:05 - __main__ - INFO - 
Epoch 25/100 | lr 0.090452
2026-04-17 07:04:32 - __main__ - INFO - Train: loss 1.2921 acc1 57.05%
2026-04-17 07:04:32 - __main__ - INFO - Val:   loss 1.4488 acc1 52.26%
2026-04-17 07:04:32 - __main__ - INFO - 
Epoch 26/100 | lr 0.089458
2026-04-17 07:07:00 - __main__ - INFO - Train: loss 1.2819 acc1 57.29%
2026-04-17 07:07:00 - __main__ - INFO - Val:   loss 1.5408 acc1 51.73%
2026-04-17 07:07:00 - __main__ - INFO - 
Epoch 27/100 | lr 0.088421
2026-04-17 07:09:27 - __main__ - INFO - Train: loss 1.2746 acc1 57.87%
2026-04-17 07:09:27 - __main__ - INFO - Val:   loss 2.0471 acc1 43.00%
2026-04-17 07:09:27 - __main__ - INFO - 
Epoch 28/100 | lr 0.087342
2026-04-17 07:11:55 - __main__ - INFO - Train: loss 1.2690 acc1 57.84%
2026-04-17 07:11:55 - __main__ - INFO - Val:   loss 1.4885 acc1 51.57%
2026-04-17 07:11:55 - __main__ - INFO - 
Epoch 29/100 | lr 0.086223
2026-04-17 07:14:23 - __main__ - INFO - Train: loss 1.2610 acc1 58.09%
2026-04-17 07:14:23 - __main__ - INFO - Val:   loss 1.4787 acc1 52.02%
2026-04-17 07:14:23 - __main__ - INFO - 
Epoch 30/100 | lr 0.085063
2026-04-17 07:16:50 - __main__ - INFO - Train: loss 1.2553 acc1 58.30%
2026-04-17 07:16:50 - __main__ - INFO - Val:   loss 1.4522 acc1 52.37%
2026-04-17 07:16:50 - __main__ - INFO - 
Epoch 31/100 | lr 0.083866
2026-04-17 07:19:18 - __main__ - INFO - Train: loss 1.2447 acc1 58.86%
2026-04-17 07:19:18 - __main__ - INFO - Val:   loss 1.3592 acc1 55.42%
2026-04-17 07:19:18 - __main__ - INFO - saved best: 55.42%
2026-04-17 07:19:18 - __main__ - INFO - 
Epoch 32/100 | lr 0.082631
2026-04-17 07:21:46 - __main__ - INFO - Train: loss 1.2380 acc1 59.06%
2026-04-17 07:21:46 - __main__ - INFO - Val:   loss 1.4318 acc1 53.84%
2026-04-17 07:21:46 - __main__ - INFO - 
Epoch 33/100 | lr 0.081361
2026-04-17 07:24:13 - __main__ - INFO - Train: loss 1.2265 acc1 59.39%
2026-04-17 07:24:13 - __main__ - INFO - Val:   loss 1.5323 acc1 50.91%
2026-04-17 07:24:13 - __main__ - INFO - 
Epoch 34/100 | lr 0.080056
2026-04-17 07:26:41 - __main__ - INFO - Train: loss 1.2239 acc1 59.48%
2026-04-17 07:26:41 - __main__ - INFO - Val:   loss 1.4268 acc1 53.18%
2026-04-17 07:26:41 - __main__ - INFO - 
Epoch 35/100 | lr 0.078719
2026-04-17 07:29:08 - __main__ - INFO - Train: loss 1.2143 acc1 59.86%
2026-04-17 07:29:08 - __main__ - INFO - Val:   loss 1.4112 acc1 54.84%
2026-04-17 07:29:08 - __main__ - INFO - 
Epoch 36/100 | lr 0.077350
2026-04-17 07:31:36 - __main__ - INFO - Train: loss 1.2046 acc1 60.19%
2026-04-17 07:31:36 - __main__ - INFO - Val:   loss 1.3843 acc1 55.09%
2026-04-17 07:31:36 - __main__ - INFO - 
Epoch 37/100 | lr 0.075951
2026-04-17 07:34:03 - __main__ - INFO - Train: loss 1.1948 acc1 60.52%
2026-04-17 07:34:03 - __main__ - INFO - Val:   loss 1.4201 acc1 53.39%
2026-04-17 07:34:03 - __main__ - INFO - 
Epoch 38/100 | lr 0.074524
2026-04-17 07:36:31 - __main__ - INFO - Train: loss 1.1848 acc1 60.80%
2026-04-17 07:36:31 - __main__ - INFO - Val:   loss 1.4380 acc1 54.10%
2026-04-17 07:36:31 - __main__ - INFO - 
Epoch 39/100 | lr 0.073070
2026-04-17 07:38:58 - __main__ - INFO - Train: loss 1.1758 acc1 61.26%
2026-04-17 07:38:58 - __main__ - INFO - Val:   loss 1.4117 acc1 54.85%
2026-04-17 07:38:58 - __main__ - INFO - 
Epoch 40/100 | lr 0.071591
2026-04-17 07:41:26 - __main__ - INFO - Train: loss 1.1670 acc1 61.46%
2026-04-17 07:41:26 - __main__ - INFO - Val:   loss 1.3154 acc1 57.12%
2026-04-17 07:41:26 - __main__ - INFO - saved best: 57.12%
2026-04-17 07:41:26 - __main__ - INFO - 
Epoch 41/100 | lr 0.070088
2026-04-17 07:43:53 - __main__ - INFO - Train: loss 1.1560 acc1 62.00%
2026-04-17 07:43:53 - __main__ - INFO - Val:   loss 1.3583 acc1 55.80%
2026-04-17 07:43:53 - __main__ - INFO - 
Epoch 42/100 | lr 0.068563
2026-04-17 07:46:21 - __main__ - INFO - Train: loss 1.1453 acc1 62.28%
2026-04-17 07:46:21 - __main__ - INFO - Val:   loss 1.3277 acc1 57.88%
2026-04-17 07:46:21 - __main__ - INFO - saved best: 57.88%
2026-04-17 07:46:21 - __main__ - INFO - 
Epoch 43/100 | lr 0.067018
2026-04-17 07:48:48 - __main__ - INFO - Train: loss 1.1316 acc1 62.83%
2026-04-17 07:48:48 - __main__ - INFO - Val:   loss 1.3394 acc1 56.66%
2026-04-17 07:48:48 - __main__ - INFO - 
Epoch 44/100 | lr 0.065454
2026-04-17 07:51:16 - __main__ - INFO - Train: loss 1.1218 acc1 62.92%
2026-04-17 07:51:16 - __main__ - INFO - Val:   loss 1.3095 acc1 57.89%
2026-04-17 07:51:16 - __main__ - INFO - saved best: 57.89%
2026-04-17 07:51:16 - __main__ - INFO - 
Epoch 45/100 | lr 0.063874
2026-04-17 07:53:43 - __main__ - INFO - Train: loss 1.1122 acc1 63.31%
2026-04-17 07:53:43 - __main__ - INFO - Val:   loss 1.3238 acc1 56.71%
2026-04-17 07:53:43 - __main__ - INFO - 
Epoch 46/100 | lr 0.062278
2026-04-17 07:56:11 - __main__ - INFO - Train: loss 1.1006 acc1 63.74%
2026-04-17 07:56:11 - __main__ - INFO - Val:   loss 1.2637 acc1 58.88%
2026-04-17 07:56:11 - __main__ - INFO - saved best: 58.88%
2026-04-17 07:56:11 - __main__ - INFO - 
Epoch 47/100 | lr 0.060669
2026-04-17 07:58:38 - __main__ - INFO - Train: loss 1.0906 acc1 63.98%
2026-04-17 07:58:38 - __main__ - INFO - Val:   loss 1.3079 acc1 57.29%
2026-04-17 07:58:38 - __main__ - INFO - 
Epoch 48/100 | lr 0.059048
2026-04-17 08:01:06 - __main__ - INFO - Train: loss 1.0713 acc1 64.79%
2026-04-17 08:01:06 - __main__ - INFO - Val:   loss 1.2965 acc1 57.36%
2026-04-17 08:01:06 - __main__ - INFO - 
Epoch 49/100 | lr 0.057417
2026-04-17 08:03:33 - __main__ - INFO - Train: loss 1.0604 acc1 64.99%
2026-04-17 08:03:33 - __main__ - INFO - Val:   loss 1.3508 acc1 56.30%
2026-04-17 08:03:33 - __main__ - INFO - 
Epoch 50/100 | lr 0.055779
2026-04-17 08:06:01 - __main__ - INFO - Train: loss 1.0467 acc1 65.45%
2026-04-17 08:06:01 - __main__ - INFO - Val:   loss 1.2242 acc1 60.05%
2026-04-17 08:06:01 - __main__ - INFO - saved best: 60.05%
2026-04-17 08:06:01 - __main__ - INFO - 
Epoch 51/100 | lr 0.054134
2026-04-17 08:08:28 - __main__ - INFO - Train: loss 1.0337 acc1 65.94%
2026-04-17 08:08:28 - __main__ - INFO - Val:   loss 1.2524 acc1 59.44%
2026-04-17 08:08:28 - __main__ - INFO - 
Epoch 52/100 | lr 0.052484
2026-04-17 08:10:55 - __main__ - INFO - Train: loss 1.0193 acc1 66.41%
2026-04-17 08:10:55 - __main__ - INFO - Val:   loss 1.2886 acc1 58.81%
2026-04-17 08:10:55 - __main__ - INFO - 
Epoch 53/100 | lr 0.050832
2026-04-17 08:13:22 - __main__ - INFO - Train: loss 0.9997 acc1 67.13%
2026-04-17 08:13:22 - __main__ - INFO - Val:   loss 1.2379 acc1 60.30%
2026-04-17 08:13:22 - __main__ - INFO - saved best: 60.30%
2026-04-17 08:13:22 - __main__ - INFO - 
Epoch 54/100 | lr 0.049178
2026-04-17 08:15:50 - __main__ - INFO - Train: loss 0.9863 acc1 67.42%
2026-04-17 08:15:50 - __main__ - INFO - Val:   loss 1.3087 acc1 57.49%
2026-04-17 08:15:50 - __main__ - INFO - 
Epoch 55/100 | lr 0.047526
2026-04-17 08:18:17 - __main__ - INFO - Train: loss 0.9697 acc1 68.05%
2026-04-17 08:18:17 - __main__ - INFO - Val:   loss 1.1897 acc1 61.39%
2026-04-17 08:18:17 - __main__ - INFO - saved best: 61.39%
2026-04-17 08:18:17 - __main__ - INFO - 
Epoch 56/100 | lr 0.045876
2026-04-17 08:20:44 - __main__ - INFO - Train: loss 0.9459 acc1 69.01%
2026-04-17 08:20:44 - __main__ - INFO - Val:   loss 1.2716 acc1 59.69%
2026-04-17 08:20:44 - __main__ - INFO - 
Epoch 57/100 | lr 0.044231
2026-04-17 08:23:11 - __main__ - INFO - Train: loss 0.9356 acc1 69.06%
2026-04-17 08:23:11 - __main__ - INFO - Val:   loss 1.2236 acc1 61.23%
2026-04-17 08:23:11 - __main__ - INFO - 
Epoch 58/100 | lr 0.042593
2026-04-17 08:25:39 - __main__ - INFO - Train: loss 0.9112 acc1 70.06%
2026-04-17 08:25:39 - __main__ - INFO - Val:   loss 1.1838 acc1 61.72%
2026-04-17 08:25:39 - __main__ - INFO - saved best: 61.72%
2026-04-17 08:25:39 - __main__ - INFO - 
Epoch 59/100 | lr 0.040962
2026-04-17 08:28:06 - __main__ - INFO - Train: loss 0.8956 acc1 70.54%
2026-04-17 08:28:06 - __main__ - INFO - Val:   loss 1.2110 acc1 61.83%
2026-04-17 08:28:06 - __main__ - INFO - saved best: 61.83%
2026-04-17 08:28:06 - __main__ - INFO - 
Epoch 60/100 | lr 0.039341
2026-04-17 08:30:33 - __main__ - INFO - Train: loss 0.8719 acc1 71.22%
2026-04-17 08:30:33 - __main__ - INFO - Val:   loss 1.2077 acc1 62.46%
2026-04-17 08:30:33 - __main__ - INFO - saved best: 62.46%
2026-04-17 08:30:33 - __main__ - INFO - 
Epoch 61/100 | lr 0.037732
2026-04-17 08:33:01 - __main__ - INFO - Train: loss 0.8511 acc1 71.87%
2026-04-17 08:33:01 - __main__ - INFO - Val:   loss 1.1895 acc1 63.11%
2026-04-17 08:33:01 - __main__ - INFO - saved best: 63.11%
2026-04-17 08:33:01 - __main__ - INFO - 
Epoch 62/100 | lr 0.036136
2026-04-17 08:35:28 - __main__ - INFO - Train: loss 0.8319 acc1 72.58%
2026-04-17 08:35:28 - __main__ - INFO - Val:   loss 1.1801 acc1 62.80%
2026-04-17 08:35:28 - __main__ - INFO - 
Epoch 63/100 | lr 0.034556
2026-04-17 08:37:55 - __main__ - INFO - Train: loss 0.8090 acc1 73.35%
2026-04-17 08:37:55 - __main__ - INFO - Val:   loss 1.1629 acc1 64.74%
2026-04-17 08:37:55 - __main__ - INFO - saved best: 64.74%
2026-04-17 08:37:55 - __main__ - INFO - 
Epoch 64/100 | lr 0.032992
2026-04-17 08:40:23 - __main__ - INFO - Train: loss 0.7833 acc1 74.13%
2026-04-17 08:40:23 - __main__ - INFO - Val:   loss 1.1746 acc1 63.64%
2026-04-17 08:40:23 - __main__ - INFO - 
Epoch 65/100 | lr 0.031447
2026-04-17 08:42:50 - __main__ - INFO - Train: loss 0.7604 acc1 74.89%
2026-04-17 08:42:50 - __main__ - INFO - Val:   loss 1.2659 acc1 61.71%
2026-04-17 08:42:50 - __main__ - INFO - 
Epoch 66/100 | lr 0.029922
2026-04-17 08:45:17 - __main__ - INFO - Train: loss 0.7345 acc1 75.67%
2026-04-17 08:45:17 - __main__ - INFO - Val:   loss 1.1578 acc1 64.86%
2026-04-17 08:45:17 - __main__ - INFO - saved best: 64.86%
2026-04-17 08:45:17 - __main__ - INFO - 
Epoch 67/100 | lr 0.028419
2026-04-17 08:47:44 - __main__ - INFO - Train: loss 0.7100 acc1 76.48%
2026-04-17 08:47:44 - __main__ - INFO - Val:   loss 1.1751 acc1 64.95%
2026-04-17 08:47:44 - __main__ - INFO - saved best: 64.95%
2026-04-17 08:47:44 - __main__ - INFO - 
Epoch 68/100 | lr 0.026940
2026-04-17 08:50:12 - __main__ - INFO - Train: loss 0.6810 acc1 77.47%
2026-04-17 08:50:12 - __main__ - INFO - Val:   loss 1.1721 acc1 65.57%
2026-04-17 08:50:12 - __main__ - INFO - saved best: 65.57%
2026-04-17 08:50:12 - __main__ - INFO - 
Epoch 69/100 | lr 0.025486
2026-04-17 08:52:39 - __main__ - INFO - Train: loss 0.6558 acc1 78.34%
2026-04-17 08:52:39 - __main__ - INFO - Val:   loss 1.1663 acc1 65.48%
2026-04-17 08:52:39 - __main__ - INFO - 
Epoch 70/100 | lr 0.024059
2026-04-17 08:55:07 - __main__ - INFO - Train: loss 0.6258 acc1 79.22%
2026-04-17 08:55:07 - __main__ - INFO - Val:   loss 1.1873 acc1 65.09%
2026-04-17 08:55:07 - __main__ - INFO - 
Epoch 71/100 | lr 0.022660
2026-04-17 08:57:34 - __main__ - INFO - Train: loss 0.5982 acc1 80.25%
2026-04-17 08:57:34 - __main__ - INFO - Val:   loss 1.1351 acc1 66.43%
2026-04-17 08:57:34 - __main__ - INFO - saved best: 66.43%
2026-04-17 08:57:34 - __main__ - INFO - 
Epoch 72/100 | lr 0.021291
2026-04-17 09:00:02 - __main__ - INFO - Train: loss 0.5677 acc1 81.16%
2026-04-17 09:00:02 - __main__ - INFO - Val:   loss 1.1742 acc1 66.36%
2026-04-17 09:00:02 - __main__ - INFO - 
Epoch 73/100 | lr 0.019954
2026-04-17 09:02:29 - __main__ - INFO - Train: loss 0.5388 acc1 82.24%
2026-04-17 09:02:29 - __main__ - INFO - Val:   loss 1.1569 acc1 67.36%
2026-04-17 09:02:29 - __main__ - INFO - saved best: 67.36%
2026-04-17 09:02:29 - __main__ - INFO - 
Epoch 74/100 | lr 0.018649
2026-04-17 09:04:56 - __main__ - INFO - Train: loss 0.5074 acc1 83.26%
2026-04-17 09:04:56 - __main__ - INFO - Val:   loss 1.1264 acc1 68.36%
2026-04-17 09:04:56 - __main__ - INFO - saved best: 68.36%
2026-04-17 09:04:56 - __main__ - INFO - 
Epoch 75/100 | lr 0.017379
2026-04-17 09:07:24 - __main__ - INFO - Train: loss 0.4807 acc1 84.07%
2026-04-17 09:07:24 - __main__ - INFO - Val:   loss 1.1586 acc1 68.57%
2026-04-17 09:07:24 - __main__ - INFO - saved best: 68.57%
2026-04-17 09:07:24 - __main__ - INFO - 
Epoch 76/100 | lr 0.016144
2026-04-17 09:09:51 - __main__ - INFO - Train: loss 0.4462 acc1 85.17%
2026-04-17 09:09:51 - __main__ - INFO - Val:   loss 1.1821 acc1 67.36%
2026-04-17 09:09:51 - __main__ - INFO - 
Epoch 77/100 | lr 0.014947
2026-04-17 09:12:18 - __main__ - INFO - Train: loss 0.4202 acc1 86.08%
2026-04-17 09:12:18 - __main__ - INFO - Val:   loss 1.1446 acc1 68.90%
2026-04-17 09:12:18 - __main__ - INFO - saved best: 68.90%
2026-04-17 09:12:18 - __main__ - INFO - 
Epoch 78/100 | lr 0.013787
2026-04-17 09:14:46 - __main__ - INFO - Train: loss 0.3856 acc1 87.23%
2026-04-17 09:14:46 - __main__ - INFO - Val:   loss 1.2148 acc1 68.11%
2026-04-17 09:14:46 - __main__ - INFO - 
Epoch 79/100 | lr 0.012668
2026-04-17 09:17:13 - __main__ - INFO - Train: loss 0.3460 acc1 88.58%
2026-04-17 09:17:13 - __main__ - INFO - Val:   loss 1.1767 acc1 69.05%
2026-04-17 09:17:13 - __main__ - INFO - saved best: 69.05%
2026-04-17 09:17:13 - __main__ - INFO - 
Epoch 80/100 | lr 0.011589
2026-04-17 09:19:41 - __main__ - INFO - Train: loss 0.3122 acc1 89.58%
2026-04-17 09:19:41 - __main__ - INFO - Val:   loss 1.1709 acc1 69.98%
2026-04-17 09:19:41 - __main__ - INFO - saved best: 69.98%
2026-04-17 09:19:41 - __main__ - INFO - 
Epoch 81/100 | lr 0.010552
2026-04-17 09:22:08 - __main__ - INFO - Train: loss 0.2808 acc1 90.68%
2026-04-17 09:22:08 - __main__ - INFO - Val:   loss 1.1538 acc1 70.87%
2026-04-17 09:22:08 - __main__ - INFO - saved best: 70.87%
2026-04-17 09:22:08 - __main__ - INFO - 
Epoch 82/100 | lr 0.009558
2026-04-17 09:24:35 - __main__ - INFO - Train: loss 0.2576 acc1 91.44%
2026-04-17 09:24:35 - __main__ - INFO - Val:   loss 1.1424 acc1 71.12%
2026-04-17 09:24:35 - __main__ - INFO - saved best: 71.12%
2026-04-17 09:24:35 - __main__ - INFO - 
Epoch 83/100 | lr 0.008609
2026-04-17 09:27:03 - __main__ - INFO - Train: loss 0.2263 acc1 92.32%
2026-04-17 09:27:03 - __main__ - INFO - Val:   loss 1.1616 acc1 71.87%
2026-04-17 09:27:03 - __main__ - INFO - saved best: 71.87%
2026-04-17 09:27:03 - __main__ - INFO - 
Epoch 84/100 | lr 0.007704
2026-04-17 09:29:30 - __main__ - INFO - Train: loss 0.2004 acc1 93.20%
2026-04-17 09:29:30 - __main__ - INFO - Val:   loss 1.1013 acc1 72.57%
2026-04-17 09:29:30 - __main__ - INFO - saved best: 72.57%
2026-04-17 09:29:30 - __main__ - INFO - 
Epoch 85/100 | lr 0.006846
2026-04-17 09:31:57 - __main__ - INFO - Train: loss 0.1751 acc1 93.94%
2026-04-17 09:31:57 - __main__ - INFO - Val:   loss 1.1204 acc1 73.17%
2026-04-17 09:31:57 - __main__ - INFO - saved best: 73.17%
2026-04-17 09:31:57 - __main__ - INFO - 
Epoch 86/100 | lr 0.006036
2026-04-17 09:34:24 - __main__ - INFO - Train: loss 0.1535 acc1 94.64%
2026-04-17 09:34:24 - __main__ - INFO - Val:   loss 1.0828 acc1 73.09%
2026-04-17 09:34:24 - __main__ - INFO - 
Epoch 87/100 | lr 0.005273
2026-04-17 09:36:52 - __main__ - INFO - Train: loss 0.1344 acc1 95.14%
2026-04-17 09:36:52 - __main__ - INFO - Val:   loss 1.0799 acc1 73.85%
2026-04-17 09:36:52 - __main__ - INFO - saved best: 73.85%
2026-04-17 09:36:52 - __main__ - INFO - 
Epoch 88/100 | lr 0.004559
2026-04-17 09:39:19 - __main__ - INFO - Train: loss 0.1193 acc1 95.61%
2026-04-17 09:39:19 - __main__ - INFO - Val:   loss 1.0853 acc1 74.09%
2026-04-17 09:39:19 - __main__ - INFO - saved best: 74.09%
2026-04-17 09:39:19 - __main__ - INFO - 
Epoch 89/100 | lr 0.003895
2026-04-17 09:41:46 - __main__ - INFO - Train: loss 0.1079 acc1 96.02%
2026-04-17 09:41:46 - __main__ - INFO - Val:   loss 1.0530 acc1 74.00%
2026-04-17 09:41:46 - __main__ - INFO - 
Epoch 90/100 | lr 0.003281
2026-04-17 09:44:13 - __main__ - INFO - Train: loss 0.0956 acc1 96.38%
2026-04-17 09:44:13 - __main__ - INFO - Val:   loss 1.0723 acc1 74.28%
2026-04-17 09:44:13 - __main__ - INFO - saved best: 74.28%
2026-04-17 09:44:13 - __main__ - INFO - 
Epoch 91/100 | lr 0.002719
2026-04-17 09:46:40 - __main__ - INFO - Train: loss 0.0868 acc1 96.71%
2026-04-17 09:46:40 - __main__ - INFO - Val:   loss 1.0600 acc1 74.46%
2026-04-17 09:46:40 - __main__ - INFO - saved best: 74.46%
2026-04-17 09:46:40 - __main__ - INFO - 
Epoch 92/100 | lr 0.002208
2026-04-17 09:49:08 - __main__ - INFO - Train: loss 0.0782 acc1 97.03%
2026-04-17 09:49:08 - __main__ - INFO - Val:   loss 1.0614 acc1 74.71%
2026-04-17 09:49:08 - __main__ - INFO - saved best: 74.71%
2026-04-17 09:49:08 - __main__ - INFO - 
Epoch 93/100 | lr 0.001749
2026-04-17 09:51:35 - __main__ - INFO - Train: loss 0.0709 acc1 97.28%
2026-04-17 09:51:35 - __main__ - INFO - Val:   loss 1.0548 acc1 74.72%
2026-04-17 09:51:35 - __main__ - INFO - saved best: 74.72%
2026-04-17 09:51:35 - __main__ - INFO - 
Epoch 94/100 | lr 0.001344
2026-04-17 09:54:02 - __main__ - INFO - Train: loss 0.0670 acc1 97.42%
2026-04-17 09:54:02 - __main__ - INFO - Val:   loss 1.0626 acc1 74.88%
2026-04-17 09:54:02 - __main__ - INFO - saved best: 74.88%
2026-04-17 09:54:02 - __main__ - INFO - 
Epoch 95/100 | lr 0.000991
2026-04-17 09:56:29 - __main__ - INFO - Train: loss 0.0627 acc1 97.56%
2026-04-17 09:56:29 - __main__ - INFO - Val:   loss 1.0652 acc1 74.87%
2026-04-17 09:56:29 - __main__ - INFO - 
Epoch 96/100 | lr 0.000692
2026-04-17 09:58:56 - __main__ - INFO - Train: loss 0.0597 acc1 97.69%
2026-04-17 09:58:56 - __main__ - INFO - Val:   loss 1.0568 acc1 75.01%
2026-04-17 09:58:56 - __main__ - INFO - saved best: 75.01%
2026-04-17 09:58:56 - __main__ - INFO - 
Epoch 97/100 | lr 0.000447
2026-04-17 10:01:23 - __main__ - INFO - Train: loss 0.0573 acc1 97.80%
2026-04-17 10:01:23 - __main__ - INFO - Val:   loss 1.0571 acc1 75.02%
2026-04-17 10:01:23 - __main__ - INFO - saved best: 75.02%
2026-04-17 10:01:23 - __main__ - INFO - 
Epoch 98/100 | lr 0.000256
2026-04-17 10:03:51 - __main__ - INFO - Train: loss 0.0559 acc1 97.87%
2026-04-17 10:03:51 - __main__ - INFO - Val:   loss 1.0599 acc1 75.04%
2026-04-17 10:03:51 - __main__ - INFO - saved best: 75.04%
2026-04-17 10:03:51 - __main__ - INFO - 
Epoch 99/100 | lr 0.000119
2026-04-17 10:06:18 - __main__ - INFO - Train: loss 0.0551 acc1 97.89%
2026-04-17 10:06:18 - __main__ - INFO - Val:   loss 1.0619 acc1 74.95%
2026-04-17 10:06:18 - __main__ - INFO - 
Epoch 100/100 | lr 0.000037
2026-04-17 10:08:45 - __main__ - INFO - Train: loss 0.0543 acc1 97.94%
2026-04-17 10:08:45 - __main__ - INFO - Val:   loss 1.0621 acc1 74.97%
2026-04-17 10:08:45 - __main__ - INFO - Loaded best checkpoint weights for final test evaluation.
2026-04-17 10:09:04 - __main__ - INFO - 
Best tracked (val): 75.04%
2026-04-17 10:09:04 - __main__ - INFO - Final test: loss 1.0706 acc1 74.23%
2026-04-17 10:09:25 - __main__ - INFO - Variant [original] done — test acc 74.23%, test loss 1.0706
2026-04-17 10:09:25 - __main__ - INFO - 
============================================================
2026-04-17 10:09:25 - __main__ - INFO - Training output model: resnet18 [low_saliency]
2026-04-17 10:09:25 - __main__ - INFO -   Resolved config → opt=sgd, lr=0.1, wd=0.0005, bs=64, epochs=100, scheduler=cosine, warmup=5
2026-04-17 10:09:25 - __main__ - INFO - ============================================================
2026-04-17 10:09:25 - __main__ - INFO -   Validation during training uses variant split with val_split=0.1
2026-04-17 10:09:25 - __main__ - INFO -   Final test uses low_saliency variant test split
2026-04-17 10:09:25 - __main__ - INFO - device: cuda | cuda: True | gpu: NVIDIA L4
2026-04-17 10:09:26 - __main__ - INFO - Model: resnet18 | Dataset: drive_zip | Classes: 17 | Optimizer: sgd
2026-04-17 10:09:26 - __main__ - INFO - 
Epoch 1/100 | lr 0.000100
2026-04-17 10:11:55 - __main__ - INFO - Train: loss 2.7344 acc1 12.69%
2026-04-17 10:11:55 - __main__ - INFO - Val:   loss 2.6000 acc1 17.41%
2026-04-17 10:11:55 - __main__ - INFO - saved best: 17.41%
2026-04-17 10:11:55 - __main__ - INFO - 
Epoch 2/100 | lr 0.020080
2026-04-17 10:14:24 - __main__ - INFO - Train: loss 2.0296 acc1 33.18%
2026-04-17 10:14:24 - __main__ - INFO - Val:   loss 1.8293 acc1 40.67%
2026-04-17 10:14:24 - __main__ - INFO - saved best: 40.67%
2026-04-17 10:14:24 - __main__ - INFO - 
Epoch 3/100 | lr 0.040060
2026-04-17 10:16:52 - __main__ - INFO - Train: loss 1.6980 acc1 42.89%
2026-04-17 10:16:52 - __main__ - INFO - Val:   loss 1.6362 acc1 44.90%
2026-04-17 10:16:52 - __main__ - INFO - saved best: 44.90%
2026-04-17 10:16:52 - __main__ - INFO - 
Epoch 4/100 | lr 0.060040
2026-04-17 10:19:21 - __main__ - INFO - Train: loss 1.5862 acc1 46.85%
2026-04-17 10:19:21 - __main__ - INFO - Val:   loss 1.6866 acc1 44.10%
2026-04-17 10:19:21 - __main__ - INFO - 
Epoch 5/100 | lr 0.080020
2026-04-17 10:21:49 - __main__ - INFO - Train: loss 1.5354 acc1 48.38%
2026-04-17 10:21:49 - __main__ - INFO - Val:   loss 1.6645 acc1 45.63%
2026-04-17 10:21:49 - __main__ - INFO - saved best: 45.63%
2026-04-17 10:21:49 - __main__ - INFO - 
Epoch 6/100 | lr 0.100000
2026-04-17 10:24:17 - __main__ - INFO - Train: loss 1.5275 acc1 48.94%
2026-04-17 10:24:17 - __main__ - INFO - Val:   loss 1.7193 acc1 42.73%
2026-04-17 10:24:17 - __main__ - INFO - 
Epoch 7/100 | lr 0.099973
2026-04-17 10:26:45 - __main__ - INFO - Train: loss 1.4917 acc1 50.18%
2026-04-17 10:26:45 - __main__ - INFO - Val:   loss 1.5195 acc1 49.87%
2026-04-17 10:26:45 - __main__ - INFO - saved best: 49.87%
2026-04-17 10:26:45 - __main__ - INFO - 
Epoch 8/100 | lr 0.099891
2026-04-17 10:29:13 - __main__ - INFO - Train: loss 1.4660 acc1 50.97%
2026-04-17 10:29:13 - __main__ - INFO - Val:   loss 1.6813 acc1 45.29%
2026-04-17 10:29:13 - __main__ - INFO - 
Epoch 9/100 | lr 0.099754
2026-04-17 10:31:41 - __main__ - INFO - Train: loss 1.4419 acc1 52.10%
2026-04-17 10:31:41 - __main__ - INFO - Val:   loss 1.6219 acc1 46.85%
2026-04-17 10:31:41 - __main__ - INFO - 
Epoch 10/100 | lr 0.099563
2026-04-17 10:34:09 - __main__ - INFO - Train: loss 1.4259 acc1 52.58%
2026-04-17 10:34:09 - __main__ - INFO - Val:   loss 2.5176 acc1 35.67%
2026-04-17 10:34:09 - __main__ - INFO - 
Epoch 11/100 | lr 0.099318
2026-04-17 10:36:37 - __main__ - INFO - Train: loss 1.4109 acc1 53.07%
2026-04-17 10:36:37 - __main__ - INFO - Val:   loss 1.6282 acc1 46.69%
2026-04-17 10:36:37 - __main__ - INFO - 
Epoch 12/100 | lr 0.099019
2026-04-17 10:39:05 - __main__ - INFO - Train: loss 1.3982 acc1 53.52%
2026-04-17 10:39:05 - __main__ - INFO - Val:   loss 1.5358 acc1 48.43%
2026-04-17 10:39:05 - __main__ - INFO - 
Epoch 13/100 | lr 0.098666
2026-04-17 10:41:33 - __main__ - INFO - Train: loss 1.3830 acc1 54.09%
2026-04-17 10:41:33 - __main__ - INFO - Val:   loss 2.0786 acc1 36.96%
2026-04-17 10:41:33 - __main__ - INFO - 
Epoch 14/100 | lr 0.098261
2026-04-17 10:44:01 - __main__ - INFO - Train: loss 1.3721 acc1 54.44%
2026-04-17 10:44:01 - __main__ - INFO - Val:   loss 1.5965 acc1 47.17%
2026-04-17 10:44:01 - __main__ - INFO - 
Epoch 15/100 | lr 0.097802
2026-04-17 10:46:28 - __main__ - INFO - Train: loss 1.3620 acc1 55.01%
2026-04-17 10:46:28 - __main__ - INFO - Val:   loss 1.5061 acc1 49.64%
2026-04-17 10:46:28 - __main__ - INFO - 
Epoch 16/100 | lr 0.097291
2026-04-17 10:48:56 - __main__ - INFO - Train: loss 1.3552 acc1 55.23%
2026-04-17 10:48:56 - __main__ - INFO - Val:   loss 1.4359 acc1 52.83%
2026-04-17 10:48:56 - __main__ - INFO - saved best: 52.83%
2026-04-17 10:48:56 - __main__ - INFO - 
Epoch 17/100 | lr 0.096729
2026-04-17 10:51:24 - __main__ - INFO - Train: loss 1.3485 acc1 55.37%
2026-04-17 10:51:24 - __main__ - INFO - Val:   loss 1.6057 acc1 47.29%
2026-04-17 10:51:24 - __main__ - INFO - 
Epoch 18/100 | lr 0.096115
2026-04-17 10:53:51 - __main__ - INFO - Train: loss 1.3416 acc1 55.56%
2026-04-17 10:53:51 - __main__ - INFO - Val:   loss 1.4633 acc1 51.97%
2026-04-17 10:53:51 - __main__ - INFO - 
Epoch 19/100 | lr 0.095451
2026-04-17 10:56:19 - __main__ - INFO - Train: loss 1.3312 acc1 56.00%
2026-04-17 10:56:19 - __main__ - INFO - Val:   loss 1.6728 acc1 45.49%
2026-04-17 10:56:19 - __main__ - INFO - 
Epoch 20/100 | lr 0.094737
2026-04-17 10:58:46 - __main__ - INFO - Train: loss 1.3238 acc1 56.30%
2026-04-17 10:58:46 - __main__ - INFO - Val:   loss 1.6103 acc1 48.35%
2026-04-17 10:58:46 - __main__ - INFO - 
Epoch 21/100 | lr 0.093974
2026-04-17 11:01:14 - __main__ - INFO - Train: loss 1.3219 acc1 56.40%
2026-04-17 11:01:14 - __main__ - INFO - Val:   loss 1.6042 acc1 48.97%
2026-04-17 11:01:14 - __main__ - INFO - 
Epoch 22/100 | lr 0.093164
2026-04-17 11:03:41 - __main__ - INFO - Train: loss 1.3136 acc1 56.84%
2026-04-17 11:03:41 - __main__ - INFO - Val:   loss 1.5298 acc1 50.50%
2026-04-17 11:03:41 - __main__ - INFO - 
Epoch 23/100 | lr 0.092306
2026-04-17 11:06:09 - __main__ - INFO - Train: loss 1.3068 acc1 57.06%
2026-04-17 11:06:09 - __main__ - INFO - Val:   loss 1.5455 acc1 49.44%
2026-04-17 11:06:09 - __main__ - INFO - 
Epoch 24/100 | lr 0.091401
2026-04-17 11:08:36 - __main__ - INFO - Train: loss 1.2988 acc1 57.35%
2026-04-17 11:08:36 - __main__ - INFO - Val:   loss 1.5644 acc1 50.45%
2026-04-17 11:08:36 - __main__ - INFO - 
Epoch 25/100 | lr 0.090452
2026-04-17 11:11:04 - __main__ - INFO - Train: loss 1.2951 acc1 57.39%
2026-04-17 11:11:04 - __main__ - INFO - Val:   loss 1.4564 acc1 52.19%
2026-04-17 11:11:04 - __main__ - INFO - 
Epoch 26/100 | lr 0.089458
2026-04-17 11:13:31 - __main__ - INFO - Train: loss 1.2865 acc1 57.69%
2026-04-17 11:13:31 - __main__ - INFO - Val:   loss 1.5764 acc1 49.55%
2026-04-17 11:13:31 - __main__ - INFO - 
Epoch 27/100 | lr 0.088421
2026-04-17 11:15:58 - __main__ - INFO - Train: loss 1.2772 acc1 58.17%
2026-04-17 11:15:58 - __main__ - INFO - Val:   loss 1.5248 acc1 51.11%
2026-04-17 11:15:58 - __main__ - INFO - 
Epoch 28/100 | lr 0.087342
2026-04-17 11:18:25 - __main__ - INFO - Train: loss 1.2701 acc1 58.27%
2026-04-17 11:18:25 - __main__ - INFO - Val:   loss 2.0060 acc1 42.00%
2026-04-17 11:18:25 - __main__ - INFO - 
Epoch 29/100 | lr 0.086223
2026-04-17 11:20:53 - __main__ - INFO - Train: loss 1.2633 acc1 58.55%
2026-04-17 11:20:53 - __main__ - INFO - Val:   loss 1.5408 acc1 50.25%
2026-04-17 11:20:53 - __main__ - INFO - 
Epoch 30/100 | lr 0.085063
2026-04-17 11:23:20 - __main__ - INFO - Train: loss 1.2563 acc1 58.83%
2026-04-17 11:23:20 - __main__ - INFO - Val:   loss 1.4735 acc1 52.23%
2026-04-17 11:23:20 - __main__ - INFO - 
Epoch 31/100 | lr 0.083866
2026-04-17 11:25:47 - __main__ - INFO - Train: loss 1.2493 acc1 59.08%
2026-04-17 11:25:47 - __main__ - INFO - Val:   loss 2.2943 acc1 40.32%
2026-04-17 11:25:47 - __main__ - INFO - 
Epoch 32/100 | lr 0.082631
2026-04-17 11:28:14 - __main__ - INFO - Train: loss 1.2453 acc1 59.02%
2026-04-17 11:28:14 - __main__ - INFO - Val:   loss 1.3888 acc1 55.22%
2026-04-17 11:28:14 - __main__ - INFO - saved best: 55.22%
2026-04-17 11:28:14 - __main__ - INFO - 
Epoch 33/100 | lr 0.081361
2026-04-17 11:30:41 - __main__ - INFO - Train: loss 1.2325 acc1 59.70%
2026-04-17 11:30:41 - __main__ - INFO - Val:   loss 1.5111 acc1 50.88%
2026-04-17 11:30:41 - __main__ - INFO - 
Epoch 34/100 | lr 0.080056
2026-04-17 11:33:08 - __main__ - INFO - Train: loss 1.2294 acc1 59.67%
2026-04-17 11:33:08 - __main__ - INFO - Val:   loss 1.4229 acc1 52.78%
2026-04-17 11:33:08 - __main__ - INFO - 
Epoch 35/100 | lr 0.078719
2026-04-17 11:35:35 - __main__ - INFO - Train: loss 1.2203 acc1 59.92%
2026-04-17 11:35:35 - __main__ - INFO - Val:   loss 1.5152 acc1 51.61%
2026-04-17 11:35:35 - __main__ - INFO - 
Epoch 36/100 | lr 0.077350
2026-04-17 11:38:03 - __main__ - INFO - Train: loss 1.2128 acc1 60.39%
2026-04-17 11:38:03 - __main__ - INFO - Val:   loss 1.4522 acc1 52.86%
2026-04-17 11:38:03 - __main__ - INFO - 
Epoch 37/100 | lr 0.075951
2026-04-17 11:40:30 - __main__ - INFO - Train: loss 1.2021 acc1 60.56%
2026-04-17 11:40:30 - __main__ - INFO - Val:   loss 1.4044 acc1 55.04%
2026-04-17 11:40:30 - __main__ - INFO - 
Epoch 38/100 | lr 0.074524
2026-04-17 11:42:57 - __main__ - INFO - Train: loss 1.1924 acc1 60.98%
2026-04-17 11:42:57 - __main__ - INFO - Val:   loss 1.3895 acc1 55.09%
2026-04-17 11:42:57 - __main__ - INFO - 
Epoch 39/100 | lr 0.073070
2026-04-17 11:45:24 - __main__ - INFO - Train: loss 1.1849 acc1 61.20%
2026-04-17 11:45:24 - __main__ - INFO - Val:   loss 1.4054 acc1 55.09%
2026-04-17 11:45:24 - __main__ - INFO - 
Epoch 40/100 | lr 0.071591
2026-04-17 11:47:51 - __main__ - INFO - Train: loss 1.1742 acc1 61.62%
2026-04-17 11:47:51 - __main__ - INFO - Val:   loss 2.1926 acc1 45.71%
2026-04-17 11:47:51 - __main__ - INFO - 
Epoch 41/100 | lr 0.070088
2026-04-17 11:50:18 - __main__ - INFO - Train: loss 1.1665 acc1 61.78%
2026-04-17 11:50:18 - __main__ - INFO - Val:   loss 1.3531 acc1 56.34%
2026-04-17 11:50:18 - __main__ - INFO - saved best: 56.34%
2026-04-17 11:50:18 - __main__ - INFO - 
Epoch 42/100 | lr 0.068563
2026-04-17 11:52:45 - __main__ - INFO - Train: loss 1.1572 acc1 62.01%
2026-04-17 11:52:45 - __main__ - INFO - Val:   loss 1.3663 acc1 55.92%
2026-04-17 11:52:45 - __main__ - INFO - 
Epoch 43/100 | lr 0.067018
2026-04-17 11:55:12 - __main__ - INFO - Train: loss 1.1475 acc1 62.42%
2026-04-17 11:55:12 - __main__ - INFO - Val:   loss 1.3108 acc1 57.33%
2026-04-17 11:55:12 - __main__ - INFO - saved best: 57.33%
2026-04-17 11:55:12 - __main__ - INFO - 
Epoch 44/100 | lr 0.065454
2026-04-17 11:57:39 - __main__ - INFO - Train: loss 1.1347 acc1 62.87%
2026-04-17 11:57:39 - __main__ - INFO - Val:   loss 1.3620 acc1 56.65%
2026-04-17 11:57:39 - __main__ - INFO - 
Epoch 45/100 | lr 0.063874
2026-04-17 12:00:06 - __main__ - INFO - Train: loss 1.1230 acc1 63.25%
2026-04-17 12:00:06 - __main__ - INFO - Val:   loss 1.3079 acc1 57.09%
2026-04-17 12:00:06 - __main__ - INFO - 
Epoch 46/100 | lr 0.062278
2026-04-17 12:02:33 - __main__ - INFO - Train: loss 1.1108 acc1 63.78%
2026-04-17 12:02:33 - __main__ - INFO - Val:   loss 1.3234 acc1 57.39%
2026-04-17 12:02:33 - __main__ - INFO - saved best: 57.39%
2026-04-17 12:02:33 - __main__ - INFO - 
Epoch 47/100 | lr 0.060669
2026-04-17 12:05:00 - __main__ - INFO - Train: loss 1.0977 acc1 64.13%
2026-04-17 12:05:00 - __main__ - INFO - Val:   loss 1.3271 acc1 56.86%
2026-04-17 12:05:00 - __main__ - INFO - 
Epoch 48/100 | lr 0.059048
2026-04-17 12:07:27 - __main__ - INFO - Train: loss 1.0848 acc1 64.47%
2026-04-17 12:07:27 - __main__ - INFO - Val:   loss 1.2763 acc1 58.39%
2026-04-17 12:07:27 - __main__ - INFO - saved best: 58.39%
2026-04-17 12:07:27 - __main__ - INFO - 
Epoch 49/100 | lr 0.057417
2026-04-17 12:09:54 - __main__ - INFO - Train: loss 1.0714 acc1 65.00%
2026-04-17 12:09:54 - __main__ - INFO - Val:   loss 1.6701 acc1 49.01%
2026-04-17 12:09:54 - __main__ - INFO - 
Epoch 50/100 | lr 0.055779
2026-04-17 12:12:20 - __main__ - INFO - Train: loss 1.0591 acc1 65.28%
2026-04-17 12:12:20 - __main__ - INFO - Val:   loss 1.5616 acc1 51.14%
2026-04-17 12:12:20 - __main__ - INFO - 
Epoch 51/100 | lr 0.054134
2026-04-17 12:14:47 - __main__ - INFO - Train: loss 1.0434 acc1 65.89%
2026-04-17 12:14:47 - __main__ - INFO - Val:   loss 1.2434 acc1 59.55%
2026-04-17 12:14:47 - __main__ - INFO - saved best: 59.55%
2026-04-17 12:14:47 - __main__ - INFO - 
Epoch 52/100 | lr 0.052484
2026-04-17 12:17:14 - __main__ - INFO - Train: loss 1.0247 acc1 66.56%
2026-04-17 12:17:14 - __main__ - INFO - Val:   loss 1.3049 acc1 58.61%
2026-04-17 12:17:14 - __main__ - INFO - 
Epoch 53/100 | lr 0.050832
2026-04-17 12:19:41 - __main__ - INFO - Train: loss 1.0113 acc1 67.02%
2026-04-17 12:19:41 - __main__ - INFO - Val:   loss 1.2658 acc1 58.70%
2026-04-17 12:19:41 - __main__ - INFO - 
Epoch 54/100 | lr 0.049178
2026-04-17 12:22:08 - __main__ - INFO - Train: loss 0.9907 acc1 67.67%
2026-04-17 12:22:08 - __main__ - INFO - Val:   loss 1.2604 acc1 59.12%
2026-04-17 12:22:08 - __main__ - INFO - 
Epoch 55/100 | lr 0.047526
2026-04-17 12:24:35 - __main__ - INFO - Train: loss 0.9742 acc1 68.18%
2026-04-17 12:24:35 - __main__ - INFO - Val:   loss 1.2275 acc1 59.87%
2026-04-17 12:24:35 - __main__ - INFO - saved best: 59.87%
2026-04-17 12:24:35 - __main__ - INFO - 
Epoch 56/100 | lr 0.045876
2026-04-17 12:27:02 - __main__ - INFO - Train: loss 0.9612 acc1 68.66%
2026-04-17 12:27:02 - __main__ - INFO - Val:   loss 1.2856 acc1 59.47%
2026-04-17 12:27:02 - __main__ - INFO - 
Epoch 57/100 | lr 0.044231
2026-04-17 12:29:29 - __main__ - INFO - Train: loss 0.9427 acc1 69.19%
2026-04-17 12:29:29 - __main__ - INFO - Val:   loss 1.2903 acc1 60.49%
2026-04-17 12:29:29 - __main__ - INFO - saved best: 60.49%
2026-04-17 12:29:29 - __main__ - INFO - 
Epoch 58/100 | lr 0.042593
2026-04-17 12:31:56 - __main__ - INFO - Train: loss 0.9203 acc1 69.84%
2026-04-17 12:31:56 - __main__ - INFO - Val:   loss 1.2491 acc1 60.82%
2026-04-17 12:31:56 - __main__ - INFO - saved best: 60.82%
2026-04-17 12:31:56 - __main__ - INFO - 
Epoch 59/100 | lr 0.040962
2026-04-17 12:34:23 - __main__ - INFO - Train: loss 0.9006 acc1 70.59%
2026-04-17 12:34:23 - __main__ - INFO - Val:   loss 1.5267 acc1 55.04%
2026-04-17 12:34:23 - __main__ - INFO - 
Epoch 60/100 | lr 0.039341
2026-04-17 12:36:50 - __main__ - INFO - Train: loss 0.8808 acc1 71.26%
2026-04-17 12:36:50 - __main__ - INFO - Val:   loss 1.2384 acc1 61.46%
2026-04-17 12:36:50 - __main__ - INFO - saved best: 61.46%
2026-04-17 12:36:50 - __main__ - INFO - 
Epoch 61/100 | lr 0.037732
2026-04-17 12:39:16 - __main__ - INFO - Train: loss 0.8573 acc1 71.95%
2026-04-17 12:39:16 - __main__ - INFO - Val:   loss 1.1947 acc1 62.40%
2026-04-17 12:39:16 - __main__ - INFO - saved best: 62.40%
2026-04-17 12:39:16 - __main__ - INFO - 
Epoch 62/100 | lr 0.036136
2026-04-17 12:41:43 - __main__ - INFO - Train: loss 0.8376 acc1 72.56%
2026-04-17 12:41:43 - __main__ - INFO - Val:   loss 1.6410 acc1 54.07%
2026-04-17 12:41:43 - __main__ - INFO - 
Epoch 63/100 | lr 0.034556
2026-04-17 12:44:10 - __main__ - INFO - Train: loss 0.8109 acc1 73.41%
2026-04-17 12:44:10 - __main__ - INFO - Val:   loss 1.2480 acc1 61.53%
2026-04-17 12:44:10 - __main__ - INFO - 
Epoch 64/100 | lr 0.032992
2026-04-17 12:46:37 - __main__ - INFO - Train: loss 0.7851 acc1 74.17%
2026-04-17 12:46:37 - __main__ - INFO - Val:   loss 1.2581 acc1 61.73%
2026-04-17 12:46:37 - __main__ - INFO - 
Epoch 65/100 | lr 0.031447
2026-04-17 12:49:04 - __main__ - INFO - Train: loss 0.7622 acc1 75.02%
2026-04-17 12:49:04 - __main__ - INFO - Val:   loss 1.2087 acc1 64.11%
2026-04-17 12:49:04 - __main__ - INFO - saved best: 64.11%
2026-04-17 12:49:04 - __main__ - INFO - 
Epoch 66/100 | lr 0.029922
2026-04-17 12:51:31 - __main__ - INFO - Train: loss 0.7325 acc1 75.89%
2026-04-17 12:51:31 - __main__ - INFO - Val:   loss 1.1963 acc1 63.76%
2026-04-17 12:51:31 - __main__ - INFO - 
Epoch 67/100 | lr 0.028419
2026-04-17 12:53:58 - __main__ - INFO - Train: loss 0.7067 acc1 76.69%
2026-04-17 12:53:58 - __main__ - INFO - Val:   loss 1.2776 acc1 62.76%
2026-04-17 12:53:58 - __main__ - INFO - 
Epoch 68/100 | lr 0.026940
2026-04-17 12:56:25 - __main__ - INFO - Train: loss 0.6803 acc1 77.62%
2026-04-17 12:56:25 - __main__ - INFO - Val:   loss 1.2547 acc1 64.24%
2026-04-17 12:56:25 - __main__ - INFO - saved best: 64.24%
2026-04-17 12:56:25 - __main__ - INFO - 
Epoch 69/100 | lr 0.025486
2026-04-17 12:58:52 - __main__ - INFO - Train: loss 0.6506 acc1 78.64%
2026-04-17 12:58:52 - __main__ - INFO - Val:   loss 1.2906 acc1 63.61%
2026-04-17 12:58:52 - __main__ - INFO - 
Epoch 70/100 | lr 0.024059
2026-04-17 13:01:18 - __main__ - INFO - Train: loss 0.6149 acc1 79.81%
2026-04-17 13:01:18 - __main__ - INFO - Val:   loss 1.1901 acc1 64.85%
2026-04-17 13:01:18 - __main__ - INFO - saved best: 64.85%
2026-04-17 13:01:18 - __main__ - INFO - 
Epoch 71/100 | lr 0.022660
2026-04-17 13:03:45 - __main__ - INFO - Train: loss 0.5913 acc1 80.49%
2026-04-17 13:03:45 - __main__ - INFO - Val:   loss 1.1953 acc1 65.17%
2026-04-17 13:03:45 - __main__ - INFO - saved best: 65.17%
2026-04-17 13:03:45 - __main__ - INFO - 
Epoch 72/100 | lr 0.021291
2026-04-17 13:06:12 - __main__ - INFO - Train: loss 0.5524 acc1 81.86%
2026-04-17 13:06:12 - __main__ - INFO - Val:   loss 1.2489 acc1 65.29%
2026-04-17 13:06:12 - __main__ - INFO - saved best: 65.29%
2026-04-17 13:06:12 - __main__ - INFO - 
Epoch 73/100 | lr 0.019954
2026-04-17 13:08:39 - __main__ - INFO - Train: loss 0.5261 acc1 82.71%
2026-04-17 13:08:39 - __main__ - INFO - Val:   loss 1.1807 acc1 65.86%
2026-04-17 13:08:39 - __main__ - INFO - saved best: 65.86%
2026-04-17 13:08:39 - __main__ - INFO - 
Epoch 74/100 | lr 0.018649
2026-04-17 13:11:06 - __main__ - INFO - Train: loss 0.4950 acc1 83.72%
2026-04-17 13:11:06 - __main__ - INFO - Val:   loss 1.2213 acc1 66.82%
2026-04-17 13:11:06 - __main__ - INFO - saved best: 66.82%
2026-04-17 13:11:06 - __main__ - INFO - 
Epoch 75/100 | lr 0.017379
2026-04-17 13:13:33 - __main__ - INFO - Train: loss 0.4588 acc1 84.92%
2026-04-17 13:13:33 - __main__ - INFO - Val:   loss 1.2507 acc1 65.57%
2026-04-17 13:13:33 - __main__ - INFO - 
Epoch 76/100 | lr 0.016144
2026-04-17 13:16:00 - __main__ - INFO - Train: loss 0.4176 acc1 86.25%
2026-04-17 13:16:00 - __main__ - INFO - Val:   loss 1.2877 acc1 66.34%
2026-04-17 13:16:00 - __main__ - INFO - 
Epoch 77/100 | lr 0.014947
2026-04-17 13:18:27 - __main__ - INFO - Train: loss 0.3923 acc1 87.21%
2026-04-17 13:18:27 - __main__ - INFO - Val:   loss 1.2606 acc1 65.89%
2026-04-17 13:18:27 - __main__ - INFO - 
Epoch 78/100 | lr 0.013787
2026-04-17 13:20:54 - __main__ - INFO - Train: loss 0.3558 acc1 88.38%
2026-04-17 13:20:54 - __main__ - INFO - Val:   loss 1.2866 acc1 67.07%
2026-04-17 13:20:54 - __main__ - INFO - saved best: 67.07%
2026-04-17 13:20:54 - __main__ - INFO - 
Epoch 79/100 | lr 0.012668
2026-04-17 13:23:20 - __main__ - INFO - Train: loss 0.3157 acc1 89.73%
2026-04-17 13:23:20 - __main__ - INFO - Val:   loss 1.2847 acc1 67.77%
2026-04-17 13:23:20 - __main__ - INFO - saved best: 67.77%
2026-04-17 13:23:20 - __main__ - INFO - 
Epoch 80/100 | lr 0.011589
2026-04-17 13:25:47 - __main__ - INFO - Train: loss 0.2859 acc1 90.72%
2026-04-17 13:25:47 - __main__ - INFO - Val:   loss 1.2477 acc1 68.12%
2026-04-17 13:25:47 - __main__ - INFO - saved best: 68.12%
2026-04-17 13:25:47 - __main__ - INFO - 
Epoch 81/100 | lr 0.010552
2026-04-17 13:28:14 - __main__ - INFO - Train: loss 0.2471 acc1 92.06%
2026-04-17 13:28:14 - __main__ - INFO - Val:   loss 1.3559 acc1 67.94%
2026-04-17 13:28:14 - __main__ - INFO - 
Epoch 82/100 | lr 0.009558
2026-04-17 13:30:41 - __main__ - INFO - Train: loss 0.2171 acc1 92.95%
2026-04-17 13:30:41 - __main__ - INFO - Val:   loss 1.2947 acc1 68.81%
2026-04-17 13:30:41 - __main__ - INFO - saved best: 68.81%
2026-04-17 13:30:41 - __main__ - INFO - 
Epoch 83/100 | lr 0.008609
2026-04-17 13:33:08 - __main__ - INFO - Train: loss 0.1835 acc1 94.05%
2026-04-17 13:33:08 - __main__ - INFO - Val:   loss 1.2904 acc1 69.10%
2026-04-17 13:33:08 - __main__ - INFO - saved best: 69.10%
2026-04-17 13:33:08 - __main__ - INFO - 
Epoch 84/100 | lr 0.007704
2026-04-17 13:35:35 - __main__ - INFO - Train: loss 0.1578 acc1 94.89%
2026-04-17 13:35:35 - __main__ - INFO - Val:   loss 1.2639 acc1 69.85%
2026-04-17 13:35:35 - __main__ - INFO - saved best: 69.85%
2026-04-17 13:35:35 - __main__ - INFO - 
Epoch 85/100 | lr 0.006846
2026-04-17 13:38:02 - __main__ - INFO - Train: loss 0.1319 acc1 95.62%
2026-04-17 13:38:02 - __main__ - INFO - Val:   loss 1.2624 acc1 69.99%
2026-04-17 13:38:02 - __main__ - INFO - saved best: 69.99%
2026-04-17 13:38:02 - __main__ - INFO - 
Epoch 86/100 | lr 0.006036
2026-04-17 13:40:29 - __main__ - INFO - Train: loss 0.1103 acc1 96.35%
2026-04-17 13:40:29 - __main__ - INFO - Val:   loss 1.2087 acc1 70.91%
2026-04-17 13:40:29 - __main__ - INFO - saved best: 70.91%
2026-04-17 13:40:29 - __main__ - INFO - 
Epoch 87/100 | lr 0.005273
2026-04-17 13:42:56 - __main__ - INFO - Train: loss 0.0915 acc1 96.90%
2026-04-17 13:42:56 - __main__ - INFO - Val:   loss 1.2131 acc1 71.28%
2026-04-17 13:42:56 - __main__ - INFO - saved best: 71.28%
2026-04-17 13:42:56 - __main__ - INFO - 
Epoch 88/100 | lr 0.004559
2026-04-17 13:45:23 - __main__ - INFO - Train: loss 0.0798 acc1 97.22%
2026-04-17 13:45:23 - __main__ - INFO - Val:   loss 1.2016 acc1 71.94%
2026-04-17 13:45:23 - __main__ - INFO - saved best: 71.94%
2026-04-17 13:45:23 - __main__ - INFO - 
Epoch 89/100 | lr 0.003895
2026-04-17 13:47:49 - __main__ - INFO - Train: loss 0.0707 acc1 97.44%
2026-04-17 13:47:49 - __main__ - INFO - Val:   loss 1.1787 acc1 72.07%
2026-04-17 13:47:49 - __main__ - INFO - saved best: 72.07%
2026-04-17 13:47:49 - __main__ - INFO - 
Epoch 90/100 | lr 0.003281
2026-04-17 13:50:16 - __main__ - INFO - Train: loss 0.0637 acc1 97.64%
2026-04-17 13:50:16 - __main__ - INFO - Val:   loss 1.1840 acc1 71.85%
2026-04-17 13:50:16 - __main__ - INFO - 
Epoch 91/100 | lr 0.002719
2026-04-17 13:52:43 - __main__ - INFO - Train: loss 0.0588 acc1 97.81%
2026-04-17 13:52:43 - __main__ - INFO - Val:   loss 1.1697 acc1 72.00%
2026-04-17 13:52:43 - __main__ - INFO - 
Epoch 92/100 | lr 0.002208
2026-04-17 13:55:10 - __main__ - INFO - Train: loss 0.0545 acc1 97.92%
2026-04-17 13:55:10 - __main__ - INFO - Val:   loss 1.1717 acc1 72.09%
2026-04-17 13:55:10 - __main__ - INFO - saved best: 72.09%
2026-04-17 13:55:10 - __main__ - INFO - 
Epoch 93/100 | lr 0.001749
2026-04-17 13:57:37 - __main__ - INFO - Train: loss 0.0515 acc1 98.07%
2026-04-17 13:57:37 - __main__ - INFO - Val:   loss 1.1655 acc1 72.22%
2026-04-17 13:57:37 - __main__ - INFO - saved best: 72.22%
2026-04-17 13:57:37 - __main__ - INFO - 
Epoch 94/100 | lr 0.001344
2026-04-17 14:00:04 - __main__ - INFO - Train: loss 0.0494 acc1 98.14%
2026-04-17 14:00:04 - __main__ - INFO - Val:   loss 1.1609 acc1 72.27%
2026-04-17 14:00:04 - __main__ - INFO - saved best: 72.27%
2026-04-17 14:00:04 - __main__ - INFO - 
Epoch 95/100 | lr 0.000991
2026-04-17 14:02:31 - __main__ - INFO - Train: loss 0.0472 acc1 98.23%
2026-04-17 14:02:31 - __main__ - INFO - Val:   loss 1.1718 acc1 72.21%
2026-04-17 14:02:31 - __main__ - INFO - 
Epoch 96/100 | lr 0.000692
2026-04-17 14:04:58 - __main__ - INFO - Train: loss 0.0457 acc1 98.27%
2026-04-17 14:04:58 - __main__ - INFO - Val:   loss 1.1582 acc1 72.32%
2026-04-17 14:04:58 - __main__ - INFO - saved best: 72.32%
2026-04-17 14:04:58 - __main__ - INFO - 
Epoch 97/100 | lr 0.000447
2026-04-17 14:07:24 - __main__ - INFO - Train: loss 0.0443 acc1 98.34%
2026-04-17 14:07:24 - __main__ - INFO - Val:   loss 1.1633 acc1 72.27%
2026-04-17 14:07:24 - __main__ - INFO - 
Epoch 98/100 | lr 0.000256
2026-04-17 14:09:51 - __main__ - INFO - Train: loss 0.0435 acc1 98.39%
2026-04-17 14:09:51 - __main__ - INFO - Val:   loss 1.1641 acc1 72.37%
2026-04-17 14:09:51 - __main__ - INFO - saved best: 72.37%
2026-04-17 14:09:51 - __main__ - INFO - 
Epoch 99/100 | lr 0.000119
2026-04-17 14:12:18 - __main__ - INFO - Train: loss 0.0429 acc1 98.40%
2026-04-17 14:12:18 - __main__ - INFO - Val:   loss 1.1626 acc1 72.27%
2026-04-17 14:12:18 - __main__ - INFO - 
Epoch 100/100 | lr 0.000037
2026-04-17 14:14:45 - __main__ - INFO - Train: loss 0.0426 acc1 98.41%
2026-04-17 14:14:45 - __main__ - INFO - Val:   loss 1.1619 acc1 72.21%
2026-04-17 14:14:45 - __main__ - INFO - Loaded best checkpoint weights for final test evaluation.
2026-04-17 14:14:55 - __main__ - INFO - 
Best tracked (val): 72.37%
2026-04-17 14:14:55 - __main__ - INFO - Final test: loss 1.2044 acc1 71.20%
2026-04-17 14:15:16 - __main__ - INFO - Variant [low_saliency] done — test acc 71.20%, test loss 1.2044
2026-04-17 14:15:16 - __main__ - INFO - Saved validation comparison plot: runs/drive_zip_2026_04/16/resnet18/validation_comparison_plot.png
2026-04-17 14:15:16 - __main__ - INFO - 
Results saved to ./runs/drive_zip_2026_04/16/comparison_results.json
2026-04-17 14:15:16 - __main__ - INFO - 
================================================================================================
2026-04-17 14:15:16 - __main__ - INFO - COMPARISON RESULTS — output model: resnet18
2026-04-17 14:15:16 - __main__ - INFO - ================================================================================================
2026-04-17 14:15:16 - __main__ - INFO - Variant            PrimaryAcc PrimaryLoss  OrigTestAcc OrigTestLoss
2026-04-17 14:15:16 - __main__ - INFO - ------------------ ---------- ---------- ------------ ------------
2026-04-17 14:15:16 - __main__ - INFO - original               74.23%     1.0706       74.23%       1.0706
2026-04-17 14:15:16 - __main__ - INFO - low_saliency           71.20%     1.2044       68.10%       1.2792
2026-04-17 14:15:16 - __main__ - INFO - Primary metrics use each variant's own test split; OrigTest* compares all variants on the same original test split.
2026-04-17 14:15:16 - __main__ - INFO - ================================================================================================
2026-04-17 14:15:16 - __main__ - INFO - CROSS-EVAL MATRIX — output model: resnet18
2026-04-17 14:15:16 - __main__ - INFO - Train / Test               original low_saliency
2026-04-17 14:15:16 - __main__ - INFO - ---------------------- ------------ ------------
2026-04-17 14:15:16 - __main__ - INFO - original                     74.23%       65.48%
2026-04-17 14:15:16 - __main__ - INFO - low_saliency                 68.10%       71.20%
2026-04-17 14:15:16 - __main__ - INFO - Interpretation: train(masked)->test(original) isolates augmentation transfer; train(original)->test(masked) isolates preprocessing effect.
2026-04-17 14:15:16 - __main__ - INFO - ================================================================================================
