2026-06-27 20:59:55 - __main__ - INFO - Run parameters: {"adamw_betas": [0.9, 0.999], "adamw_eps": 1e-08, "amp": true, "batch_size": 64, "cam_layer": "auto", "cutout_area": 0.1, "cutout_m": 4, "cutout_mode": "random", "cutout_size": 0, "data_dir": "./data", "dataset": "malimg", "epochs": 100, "gamma": 0.1, "grayscale": true, "include_regex": "", "label_smoothing": 0.0, "log_every": 100, "lr": 0.1, "milestones": "60,80", "min_lr": 1e-05, "model": "resnet18", "momentum": 0.9, "nesterov": false, "num_workers": 4, "optimizer": "sgd", "out_dir": "runs/malimg/resnet18/42", "run_name": "resnet18_seed42_random_M4_area0.1", "saliency_candidate_percent": 10.0, "scheduler": "cosine", "seed": 42, "teacher_checkpoint": "", "teacher_model": "", "val_split": 0.0, "warmup_epochs": 5, "weight_decay": 0.0005}
2026-06-27 20:59:55 - __main__ - INFO - device: cuda | cuda: True | gpu: NVIDIA A100-SXM4-40GB
2026-06-27 20:59:56 - __main__ - INFO - Model: resnet18 | Dataset: malimg | Classes: 25 | Optimizer: sgd
2026-06-27 20:59:56 - __main__ - INFO - Cutout enabled: mode=random m=4 size=None area=0.1
2026-06-27 20:59:56 - __main__ - INFO - 
Epoch 1/100 | lr 0.000100
2026-06-27 21:00:53 - __main__ - INFO - Train: loss 1.8292 acc1 53.03%
2026-06-27 21:00:53 - __main__ - INFO - Val:   loss 1.1931 acc1 71.05%
2026-06-27 21:00:53 - __main__ - INFO - saved best: 71.05%
2026-06-27 21:00:53 - __main__ - INFO - 
Epoch 2/100 | lr 0.020080
2026-06-27 21:01:50 - __main__ - INFO - Train: loss 0.1465 acc1 95.69%
2026-06-27 21:01:50 - __main__ - INFO - Val:   loss 0.0650 acc1 97.76%
2026-06-27 21:01:50 - __main__ - INFO - saved best: 97.76%
2026-06-27 21:01:50 - __main__ - INFO - 
Epoch 3/100 | lr 0.040060
2026-06-27 21:02:47 - __main__ - INFO - Train: loss 0.0766 acc1 97.63%
2026-06-27 21:02:47 - __main__ - INFO - Val:   loss 0.0925 acc1 97.44%
2026-06-27 21:02:47 - __main__ - INFO - 
Epoch 4/100 | lr 0.060040
2026-06-27 21:03:43 - __main__ - INFO - Train: loss 0.0700 acc1 97.84%
2026-06-27 21:03:43 - __main__ - INFO - Val:   loss 0.1227 acc1 96.59%
2026-06-27 21:03:43 - __main__ - INFO - 
Epoch 5/100 | lr 0.080020
2026-06-27 21:04:39 - __main__ - INFO - Train: loss 0.0601 acc1 98.16%
2026-06-27 21:04:39 - __main__ - INFO - Val:   loss 0.1143 acc1 96.95%
2026-06-27 21:04:39 - __main__ - INFO - 
Epoch 6/100 | lr 0.100000
2026-06-27 21:05:36 - __main__ - INFO - Train: loss 0.0610 acc1 98.19%
2026-06-27 21:05:36 - __main__ - INFO - Val:   loss 0.0785 acc1 97.79%
2026-06-27 21:05:36 - __main__ - INFO - saved best: 97.79%
2026-06-27 21:05:36 - __main__ - INFO - 
Epoch 7/100 | lr 0.099973
2026-06-27 21:06:32 - __main__ - INFO - Train: loss 0.0517 acc1 98.48%
2026-06-27 21:06:32 - __main__ - INFO - Val:   loss 0.1274 acc1 96.86%
2026-06-27 21:06:32 - __main__ - INFO - 
Epoch 8/100 | lr 0.099891
2026-06-27 21:07:28 - __main__ - INFO - Train: loss 0.0487 acc1 98.57%
2026-06-27 21:07:28 - __main__ - INFO - Val:   loss 0.0904 acc1 97.41%
2026-06-27 21:07:28 - __main__ - INFO - 
Epoch 9/100 | lr 0.099754
2026-06-27 21:08:24 - __main__ - INFO - Train: loss 0.0606 acc1 98.29%
2026-06-27 21:08:24 - __main__ - INFO - Val:   loss 0.1367 acc1 96.70%
2026-06-27 21:08:24 - __main__ - INFO - 
Epoch 10/100 | lr 0.099563
2026-06-27 21:09:21 - __main__ - INFO - Train: loss 0.0513 acc1 98.46%
2026-06-27 21:09:21 - __main__ - INFO - Val:   loss 0.1048 acc1 97.28%
2026-06-27 21:09:21 - __main__ - INFO - 
Epoch 11/100 | lr 0.099318
2026-06-27 21:10:18 - __main__ - INFO - Train: loss 0.0528 acc1 98.51%
2026-06-27 21:10:18 - __main__ - INFO - Val:   loss 0.0788 acc1 97.73%
2026-06-27 21:10:18 - __main__ - INFO - 
Epoch 12/100 | lr 0.099019
2026-06-27 21:11:15 - __main__ - INFO - Train: loss 0.0519 acc1 98.51%
2026-06-27 21:11:15 - __main__ - INFO - Val:   loss 0.1200 acc1 96.96%
2026-06-27 21:11:15 - __main__ - INFO - 
Epoch 13/100 | lr 0.098666
2026-06-27 21:12:11 - __main__ - INFO - Train: loss 0.0554 acc1 98.44%
2026-06-27 21:12:11 - __main__ - INFO - Val:   loss 0.0739 acc1 97.73%
2026-06-27 21:12:11 - __main__ - INFO - 
Epoch 14/100 | lr 0.098261
2026-06-27 21:13:07 - __main__ - INFO - Train: loss 0.0525 acc1 98.48%
2026-06-27 21:13:07 - __main__ - INFO - Val:   loss 0.1652 acc1 96.43%
2026-06-27 21:13:07 - __main__ - INFO - 
Epoch 15/100 | lr 0.097802
2026-06-27 21:14:04 - __main__ - INFO - Train: loss 0.0524 acc1 98.47%
2026-06-27 21:14:04 - __main__ - INFO - Val:   loss 0.4625 acc1 89.64%
2026-06-27 21:14:04 - __main__ - INFO - 
Epoch 16/100 | lr 0.097291
2026-06-27 21:15:00 - __main__ - INFO - Train: loss 0.0570 acc1 98.31%
2026-06-27 21:15:00 - __main__ - INFO - Val:   loss 1.0487 acc1 87.93%
2026-06-27 21:15:00 - __main__ - INFO - 
Epoch 17/100 | lr 0.096729
2026-06-27 21:15:57 - __main__ - INFO - Train: loss 0.0545 acc1 98.46%
2026-06-27 21:15:57 - __main__ - INFO - Val:   loss 0.0783 acc1 97.73%
2026-06-27 21:15:57 - __main__ - INFO - 
Epoch 18/100 | lr 0.096115
2026-06-27 21:16:53 - __main__ - INFO - Train: loss 0.0482 acc1 98.57%
2026-06-27 21:16:53 - __main__ - INFO - Val:   loss 0.0989 acc1 97.63%
2026-06-27 21:16:53 - __main__ - INFO - 
Epoch 19/100 | lr 0.095451
2026-06-27 21:17:49 - __main__ - INFO - Train: loss 0.0532 acc1 98.47%
2026-06-27 21:17:49 - __main__ - INFO - Val:   loss 0.0894 acc1 97.67%
2026-06-27 21:17:49 - __main__ - INFO - 
Epoch 20/100 | lr 0.094737
2026-06-27 21:18:45 - __main__ - INFO - Train: loss 0.0470 acc1 98.64%
2026-06-27 21:18:45 - __main__ - INFO - Val:   loss 0.0716 acc1 97.53%
2026-06-27 21:18:45 - __main__ - INFO - 
Epoch 21/100 | lr 0.093974
2026-06-27 21:19:42 - __main__ - INFO - Train: loss 0.0535 acc1 98.45%
2026-06-27 21:19:42 - __main__ - INFO - Val:   loss 0.1604 acc1 94.80%
2026-06-27 21:19:42 - __main__ - INFO - 
Epoch 22/100 | lr 0.093164
2026-06-27 21:20:38 - __main__ - INFO - Train: loss 0.0538 acc1 98.48%
2026-06-27 21:20:38 - __main__ - INFO - Val:   loss 0.0961 acc1 97.86%
2026-06-27 21:20:38 - __main__ - INFO - saved best: 97.86%
2026-06-27 21:20:38 - __main__ - INFO - 
Epoch 23/100 | lr 0.092306
2026-06-27 21:21:35 - __main__ - INFO - Train: loss 0.0487 acc1 98.57%
2026-06-27 21:21:35 - __main__ - INFO - Val:   loss 0.0904 acc1 97.76%
2026-06-27 21:21:35 - __main__ - INFO - 
Epoch 24/100 | lr 0.091401
2026-06-27 21:22:31 - __main__ - INFO - Train: loss 0.0522 acc1 98.52%
2026-06-27 21:22:31 - __main__ - INFO - Val:   loss 0.0908 acc1 97.41%
2026-06-27 21:22:31 - __main__ - INFO - 
Epoch 25/100 | lr 0.090452
2026-06-27 21:23:27 - __main__ - INFO - Train: loss 0.0469 acc1 98.67%
2026-06-27 21:23:27 - __main__ - INFO - Val:   loss 0.2048 acc1 94.84%
2026-06-27 21:23:27 - __main__ - INFO - 
Epoch 26/100 | lr 0.089458
2026-06-27 21:24:24 - __main__ - INFO - Train: loss 0.0548 acc1 98.42%
2026-06-27 21:24:24 - __main__ - INFO - Val:   loss 0.0680 acc1 97.67%
2026-06-27 21:24:24 - __main__ - INFO - 
Epoch 27/100 | lr 0.088421
2026-06-27 21:25:21 - __main__ - INFO - Train: loss 0.0468 acc1 98.65%
2026-06-27 21:25:21 - __main__ - INFO - Val:   loss 0.1754 acc1 94.74%
2026-06-27 21:25:21 - __main__ - INFO - 
Epoch 28/100 | lr 0.087342
2026-06-27 21:26:17 - __main__ - INFO - Train: loss 0.0494 acc1 98.58%
2026-06-27 21:26:17 - __main__ - INFO - Val:   loss 0.1098 acc1 97.76%
2026-06-27 21:26:17 - __main__ - INFO - 
Epoch 29/100 | lr 0.086223
2026-06-27 21:27:14 - __main__ - INFO - Train: loss 0.0525 acc1 98.43%
2026-06-27 21:27:14 - __main__ - INFO - Val:   loss 0.1007 acc1 97.34%
2026-06-27 21:27:14 - __main__ - INFO - 
Epoch 30/100 | lr 0.085063
2026-06-27 21:28:10 - __main__ - INFO - Train: loss 0.0458 acc1 98.69%
2026-06-27 21:28:10 - __main__ - INFO - Val:   loss 0.0803 acc1 97.83%
2026-06-27 21:28:10 - __main__ - INFO - 
Epoch 31/100 | lr 0.083866
2026-06-27 21:29:07 - __main__ - INFO - Train: loss 0.0551 acc1 98.41%
2026-06-27 21:29:07 - __main__ - INFO - Val:   loss 0.0969 acc1 97.56%
2026-06-27 21:29:07 - __main__ - INFO - 
Epoch 32/100 | lr 0.082631
2026-06-27 21:30:03 - __main__ - INFO - Train: loss 0.0467 acc1 98.63%
2026-06-27 21:30:03 - __main__ - INFO - Val:   loss 0.1235 acc1 96.40%
2026-06-27 21:30:03 - __main__ - INFO - 
Epoch 33/100 | lr 0.081361
2026-06-27 21:31:00 - __main__ - INFO - Train: loss 0.0476 acc1 98.64%
2026-06-27 21:31:00 - __main__ - INFO - Val:   loss 0.1045 acc1 97.21%
2026-06-27 21:31:00 - __main__ - INFO - 
Epoch 34/100 | lr 0.080056
2026-06-27 21:31:57 - __main__ - INFO - Train: loss 0.0539 acc1 98.44%
2026-06-27 21:31:57 - __main__ - INFO - Val:   loss 0.1291 acc1 97.60%
2026-06-27 21:31:57 - __main__ - INFO - 
Epoch 35/100 | lr 0.078719
2026-06-27 21:32:54 - __main__ - INFO - Train: loss 0.0439 acc1 98.73%
2026-06-27 21:32:54 - __main__ - INFO - Val:   loss 0.1305 acc1 97.28%
2026-06-27 21:32:54 - __main__ - INFO - 
Epoch 36/100 | lr 0.077350
2026-06-27 21:33:51 - __main__ - INFO - Train: loss 0.0500 acc1 98.54%
2026-06-27 21:33:51 - __main__ - INFO - Val:   loss 0.0841 acc1 97.44%
2026-06-27 21:33:51 - __main__ - INFO - 
Epoch 37/100 | lr 0.075951
2026-06-27 21:34:47 - __main__ - INFO - Train: loss 0.0453 acc1 98.69%
2026-06-27 21:34:47 - __main__ - INFO - Val:   loss 0.1093 acc1 97.50%
2026-06-27 21:34:47 - __main__ - INFO - 
Epoch 38/100 | lr 0.074524
2026-06-27 21:35:44 - __main__ - INFO - Train: loss 0.0482 acc1 98.61%
2026-06-27 21:35:44 - __main__ - INFO - Val:   loss 0.0885 acc1 98.18%
2026-06-27 21:35:44 - __main__ - INFO - saved best: 98.18%
2026-06-27 21:35:44 - __main__ - INFO - 
Epoch 39/100 | lr 0.073070
2026-06-27 21:36:41 - __main__ - INFO - Train: loss 0.0461 acc1 98.66%
2026-06-27 21:36:41 - __main__ - INFO - Val:   loss 0.1010 acc1 97.31%
2026-06-27 21:36:41 - __main__ - INFO - 
Epoch 40/100 | lr 0.071591
2026-06-27 21:37:37 - __main__ - INFO - Train: loss 0.0504 acc1 98.54%
2026-06-27 21:37:37 - __main__ - INFO - Val:   loss 0.1206 acc1 97.63%
2026-06-27 21:37:37 - __main__ - INFO - 
Epoch 41/100 | lr 0.070088
2026-06-27 21:38:34 - __main__ - INFO - Train: loss 0.0470 acc1 98.61%
2026-06-27 21:38:34 - __main__ - INFO - Val:   loss 0.1210 acc1 97.21%
2026-06-27 21:38:34 - __main__ - INFO - 
Epoch 42/100 | lr 0.068563
2026-06-27 21:39:31 - __main__ - INFO - Train: loss 0.0443 acc1 98.71%
2026-06-27 21:39:31 - __main__ - INFO - Val:   loss 0.0903 acc1 97.83%
2026-06-27 21:39:31 - __main__ - INFO - 
Epoch 43/100 | lr 0.067018
2026-06-27 21:40:27 - __main__ - INFO - Train: loss 0.0385 acc1 98.87%
2026-06-27 21:40:27 - __main__ - INFO - Val:   loss 0.0851 acc1 97.83%
2026-06-27 21:40:27 - __main__ - INFO - 
Epoch 44/100 | lr 0.065454
2026-06-27 21:41:24 - __main__ - INFO - Train: loss 0.0387 acc1 98.87%
2026-06-27 21:41:24 - __main__ - INFO - Val:   loss 0.0883 acc1 97.83%
2026-06-27 21:41:24 - __main__ - INFO - 
Epoch 45/100 | lr 0.063874
2026-06-27 21:42:20 - __main__ - INFO - Train: loss 0.0582 acc1 98.36%
2026-06-27 21:42:20 - __main__ - INFO - Val:   loss 0.3826 acc1 86.11%
2026-06-27 21:42:20 - __main__ - INFO - 
Epoch 46/100 | lr 0.062278
2026-06-27 21:43:17 - __main__ - INFO - Train: loss 0.0491 acc1 98.54%
2026-06-27 21:43:17 - __main__ - INFO - Val:   loss 0.0965 acc1 97.50%
2026-06-27 21:43:17 - __main__ - INFO - 
Epoch 47/100 | lr 0.060669
2026-06-27 21:44:14 - __main__ - INFO - Train: loss 0.0426 acc1 98.76%
2026-06-27 21:44:14 - __main__ - INFO - Val:   loss 0.0891 acc1 98.02%
2026-06-27 21:44:14 - __main__ - INFO - 
Epoch 48/100 | lr 0.059048
2026-06-27 21:45:10 - __main__ - INFO - Train: loss 0.0449 acc1 98.68%
2026-06-27 21:45:10 - __main__ - INFO - Val:   loss 0.0916 acc1 97.76%
2026-06-27 21:45:10 - __main__ - INFO - 
Epoch 49/100 | lr 0.057417
2026-06-27 21:46:08 - __main__ - INFO - Train: loss 0.0489 acc1 98.58%
2026-06-27 21:46:08 - __main__ - INFO - Val:   loss 0.0807 acc1 97.79%
2026-06-27 21:46:08 - __main__ - INFO - 
Epoch 50/100 | lr 0.055779
2026-06-27 21:47:04 - __main__ - INFO - Train: loss 0.0388 acc1 98.85%
2026-06-27 21:47:04 - __main__ - INFO - Val:   loss 0.0906 acc1 97.92%
2026-06-27 21:47:04 - __main__ - INFO - 
Epoch 51/100 | lr 0.054134
2026-06-27 21:48:01 - __main__ - INFO - Train: loss 0.0384 acc1 98.87%
2026-06-27 21:48:01 - __main__ - INFO - Val:   loss 0.0777 acc1 98.02%
2026-06-27 21:48:01 - __main__ - INFO - 
Epoch 52/100 | lr 0.052484
2026-06-27 21:48:58 - __main__ - INFO - Train: loss 0.0380 acc1 98.87%
2026-06-27 21:48:58 - __main__ - INFO - Val:   loss 0.0841 acc1 97.57%
2026-06-27 21:48:58 - __main__ - INFO - 
Epoch 53/100 | lr 0.050832
2026-06-27 21:49:54 - __main__ - INFO - Train: loss 0.0628 acc1 98.21%
2026-06-27 21:49:54 - __main__ - INFO - Val:   loss 0.0812 acc1 97.67%
2026-06-27 21:49:54 - __main__ - INFO - 
Epoch 54/100 | lr 0.049178
2026-06-27 21:50:51 - __main__ - INFO - Train: loss 0.0476 acc1 98.61%
2026-06-27 21:50:51 - __main__ - INFO - Val:   loss 0.0758 acc1 97.99%
2026-06-27 21:50:51 - __main__ - INFO - 
Epoch 55/100 | lr 0.047526
2026-06-27 21:51:47 - __main__ - INFO - Train: loss 0.0438 acc1 98.72%
2026-06-27 21:51:47 - __main__ - INFO - Val:   loss 0.1143 acc1 96.88%
2026-06-27 21:51:47 - __main__ - INFO - 
Epoch 56/100 | lr 0.045876
2026-06-27 21:52:44 - __main__ - INFO - Train: loss 0.0482 acc1 98.59%
2026-06-27 21:52:44 - __main__ - INFO - Val:   loss 0.0660 acc1 97.83%
2026-06-27 21:52:44 - __main__ - INFO - 
Epoch 57/100 | lr 0.044231
2026-06-27 21:53:41 - __main__ - INFO - Train: loss 0.0387 acc1 98.86%
2026-06-27 21:53:41 - __main__ - INFO - Val:   loss 0.0692 acc1 97.92%
2026-06-27 21:53:41 - __main__ - INFO - 
Epoch 58/100 | lr 0.042593
2026-06-27 21:54:38 - __main__ - INFO - Train: loss 0.0374 acc1 98.87%
2026-06-27 21:54:38 - __main__ - INFO - Val:   loss 0.0691 acc1 98.09%
2026-06-27 21:54:38 - __main__ - INFO - 
Epoch 59/100 | lr 0.040962
2026-06-27 21:55:35 - __main__ - INFO - Train: loss 0.0482 acc1 98.56%
2026-06-27 21:55:35 - __main__ - INFO - Val:   loss 0.0879 acc1 97.41%
2026-06-27 21:55:35 - __main__ - INFO - 
Epoch 60/100 | lr 0.039341
2026-06-27 21:56:32 - __main__ - INFO - Train: loss 0.0417 acc1 98.77%
2026-06-27 21:56:32 - __main__ - INFO - Val:   loss 0.1695 acc1 97.05%
2026-06-27 21:56:32 - __main__ - INFO - 
Epoch 61/100 | lr 0.037732
2026-06-27 21:57:28 - __main__ - INFO - Train: loss 0.0430 acc1 98.74%
2026-06-27 21:57:28 - __main__ - INFO - Val:   loss 0.0844 acc1 97.67%
2026-06-27 21:57:28 - __main__ - INFO - 
Epoch 62/100 | lr 0.036136
2026-06-27 21:58:25 - __main__ - INFO - Train: loss 0.0385 acc1 98.86%
2026-06-27 21:58:25 - __main__ - INFO - Val:   loss 0.0908 acc1 97.86%
2026-06-27 21:58:25 - __main__ - INFO - 
Epoch 63/100 | lr 0.034556
2026-06-27 21:59:22 - __main__ - INFO - Train: loss 0.0409 acc1 98.76%
2026-06-27 21:59:22 - __main__ - INFO - Val:   loss 0.1028 acc1 97.47%
2026-06-27 21:59:22 - __main__ - INFO - 
Epoch 64/100 | lr 0.032992
2026-06-27 22:00:19 - __main__ - INFO - Train: loss 0.0350 acc1 99.03%
2026-06-27 22:00:19 - __main__ - INFO - Val:   loss 0.7466 acc1 79.68%
2026-06-27 22:00:19 - __main__ - INFO - 
Epoch 65/100 | lr 0.031447
2026-06-27 22:01:15 - __main__ - INFO - Train: loss 0.0447 acc1 98.68%
2026-06-27 22:01:15 - __main__ - INFO - Val:   loss 0.0746 acc1 97.99%
2026-06-27 22:01:15 - __main__ - INFO - 
Epoch 66/100 | lr 0.029922
2026-06-27 22:02:12 - __main__ - INFO - Train: loss 0.0371 acc1 98.87%
2026-06-27 22:02:12 - __main__ - INFO - Val:   loss 0.0795 acc1 97.99%
2026-06-27 22:02:12 - __main__ - INFO - 
Epoch 67/100 | lr 0.028419
2026-06-27 22:03:09 - __main__ - INFO - Train: loss 0.0376 acc1 98.87%
2026-06-27 22:03:09 - __main__ - INFO - Val:   loss 0.0795 acc1 97.99%
2026-06-27 22:03:09 - __main__ - INFO - 
Epoch 68/100 | lr 0.026940
2026-06-27 22:04:06 - __main__ - INFO - Train: loss 0.0371 acc1 98.87%
2026-06-27 22:04:06 - __main__ - INFO - Val:   loss 0.0729 acc1 97.73%
2026-06-27 22:04:06 - __main__ - INFO - 
Epoch 69/100 | lr 0.025486
2026-06-27 22:05:03 - __main__ - INFO - Train: loss 0.0408 acc1 98.78%
2026-06-27 22:05:03 - __main__ - INFO - Val:   loss 0.0938 acc1 97.73%
2026-06-27 22:05:03 - __main__ - INFO - 
Epoch 70/100 | lr 0.024059
2026-06-27 22:06:00 - __main__ - INFO - Train: loss 0.0404 acc1 98.79%
2026-06-27 22:06:00 - __main__ - INFO - Val:   loss 0.0812 acc1 97.83%
2026-06-27 22:06:00 - __main__ - INFO - 
Epoch 71/100 | lr 0.022660
2026-06-27 22:06:57 - __main__ - INFO - Train: loss 0.0237 acc1 99.37%
2026-06-27 22:06:57 - __main__ - INFO - Val:   loss 0.6111 acc1 85.90%
2026-06-27 22:06:57 - __main__ - INFO - 
Epoch 72/100 | lr 0.021291
2026-06-27 22:07:54 - __main__ - INFO - Train: loss 0.0196 acc1 99.55%
2026-06-27 22:07:54 - __main__ - INFO - Val:   loss 0.0440 acc1 98.77%
2026-06-27 22:07:54 - __main__ - INFO - saved best: 98.77%
2026-06-27 22:07:54 - __main__ - INFO - 
Epoch 73/100 | lr 0.019954
2026-06-27 22:08:51 - __main__ - INFO - Train: loss 0.0199 acc1 99.44%
2026-06-27 22:08:51 - __main__ - INFO - Val:   loss 0.0503 acc1 98.61%
2026-06-27 22:08:51 - __main__ - INFO - 
Epoch 74/100 | lr 0.018649
2026-06-27 22:09:47 - __main__ - INFO - Train: loss 0.0255 acc1 99.24%
2026-06-27 22:09:47 - __main__ - INFO - Val:   loss 2.5713 acc1 83.75%
2026-06-27 22:09:47 - __main__ - INFO - 
Epoch 75/100 | lr 0.017379
2026-06-27 22:10:44 - __main__ - INFO - Train: loss 0.0225 acc1 99.39%
2026-06-27 22:10:44 - __main__ - INFO - Val:   loss 0.2566 acc1 85.45%
2026-06-27 22:10:44 - __main__ - INFO - 
Epoch 76/100 | lr 0.016144
2026-06-27 22:11:41 - __main__ - INFO - Train: loss 0.0116 acc1 99.70%
2026-06-27 22:11:41 - __main__ - INFO - Val:   loss 0.9610 acc1 86.06%
2026-06-27 22:11:41 - __main__ - INFO - 
Epoch 77/100 | lr 0.014947
2026-06-27 22:12:38 - __main__ - INFO - Train: loss 0.0037 acc1 99.95%
2026-06-27 22:12:38 - __main__ - INFO - Val:   loss 0.0413 acc1 98.77%
2026-06-27 22:12:38 - __main__ - INFO - 
Epoch 78/100 | lr 0.013787
2026-06-27 22:13:34 - __main__ - INFO - Train: loss 0.0026 acc1 99.97%
2026-06-27 22:13:34 - __main__ - INFO - Val:   loss 0.0456 acc1 98.77%
2026-06-27 22:13:34 - __main__ - INFO - 
Epoch 79/100 | lr 0.012668
2026-06-27 22:14:31 - __main__ - INFO - Train: loss 0.0017 acc1 100.00%
2026-06-27 22:14:31 - __main__ - INFO - Val:   loss 0.0424 acc1 98.77%
2026-06-27 22:14:31 - __main__ - INFO - 
Epoch 80/100 | lr 0.011589
2026-06-27 22:15:27 - __main__ - INFO - Train: loss 0.0019 acc1 100.00%
2026-06-27 22:15:27 - __main__ - INFO - Val:   loss 0.0430 acc1 98.87%
2026-06-27 22:15:27 - __main__ - INFO - saved best: 98.87%
2026-06-27 22:15:27 - __main__ - INFO - 
Epoch 81/100 | lr 0.010552
2026-06-27 22:16:24 - __main__ - INFO - Train: loss 0.0018 acc1 100.00%
2026-06-27 22:16:24 - __main__ - INFO - Val:   loss 0.0452 acc1 98.87%
2026-06-27 22:16:24 - __main__ - INFO - 
Epoch 82/100 | lr 0.009558
2026-06-27 22:17:21 - __main__ - INFO - Train: loss 0.0017 acc1 100.00%
2026-06-27 22:17:21 - __main__ - INFO - Val:   loss 0.0446 acc1 98.87%
2026-06-27 22:17:21 - __main__ - INFO - 
Epoch 83/100 | lr 0.008609
2026-06-27 22:18:18 - __main__ - INFO - Train: loss 0.0024 acc1 99.98%
2026-06-27 22:18:18 - __main__ - INFO - Val:   loss 0.0419 acc1 98.87%
2026-06-27 22:18:18 - __main__ - INFO - 
Epoch 84/100 | lr 0.007704
2026-06-27 22:19:15 - __main__ - INFO - Train: loss 0.0019 acc1 100.00%
2026-06-27 22:19:15 - __main__ - INFO - Val:   loss 0.0469 acc1 98.87%
2026-06-27 22:19:15 - __main__ - INFO - 
Epoch 85/100 | lr 0.006846
2026-06-27 22:20:12 - __main__ - INFO - Train: loss 0.0018 acc1 100.00%
2026-06-27 22:20:12 - __main__ - INFO - Val:   loss 0.0468 acc1 98.87%
2026-06-27 22:20:12 - __main__ - INFO - 
Epoch 86/100 | lr 0.006036
2026-06-27 22:21:09 - __main__ - INFO - Train: loss 0.0018 acc1 100.00%
2026-06-27 22:21:09 - __main__ - INFO - Val:   loss 0.0453 acc1 98.87%
2026-06-27 22:21:09 - __main__ - INFO - 
Epoch 87/100 | lr 0.005273
2026-06-27 22:22:06 - __main__ - INFO - Train: loss 0.0017 acc1 100.00%
2026-06-27 22:22:06 - __main__ - INFO - Val:   loss 0.0464 acc1 98.87%
2026-06-27 22:22:06 - __main__ - INFO - 
Epoch 88/100 | lr 0.004559
2026-06-27 22:23:03 - __main__ - INFO - Train: loss 0.0017 acc1 100.00%
2026-06-27 22:23:03 - __main__ - INFO - Val:   loss 0.0471 acc1 98.87%
2026-06-27 22:23:03 - __main__ - INFO - 
Epoch 89/100 | lr 0.003895
2026-06-27 22:24:00 - __main__ - INFO - Train: loss 0.0018 acc1 100.00%
2026-06-27 22:24:00 - __main__ - INFO - Val:   loss 0.0505 acc1 98.87%
2026-06-27 22:24:00 - __main__ - INFO - 
Epoch 90/100 | lr 0.003281
2026-06-27 22:24:57 - __main__ - INFO - Train: loss 0.0018 acc1 100.00%
2026-06-27 22:24:57 - __main__ - INFO - Val:   loss 0.0465 acc1 98.87%
2026-06-27 22:24:57 - __main__ - INFO - 
Epoch 91/100 | lr 0.002719
2026-06-27 22:25:53 - __main__ - INFO - Train: loss 0.0017 acc1 100.00%
2026-06-27 22:25:53 - __main__ - INFO - Val:   loss 0.0458 acc1 98.87%
2026-06-27 22:25:53 - __main__ - INFO - 
Epoch 92/100 | lr 0.002208
2026-06-27 22:26:50 - __main__ - INFO - Train: loss 0.0018 acc1 100.00%
2026-06-27 22:26:50 - __main__ - INFO - Val:   loss 0.0463 acc1 98.87%
2026-06-27 22:26:50 - __main__ - INFO - 
Epoch 93/100 | lr 0.001749
2026-06-27 22:27:47 - __main__ - INFO - Train: loss 0.0018 acc1 100.00%
2026-06-27 22:27:47 - __main__ - INFO - Val:   loss 0.0482 acc1 98.87%
2026-06-27 22:27:47 - __main__ - INFO - 
Epoch 94/100 | lr 0.001344
2026-06-27 22:28:44 - __main__ - INFO - Train: loss 0.0017 acc1 100.00%
2026-06-27 22:28:44 - __main__ - INFO - Val:   loss 0.0475 acc1 98.87%
2026-06-27 22:28:44 - __main__ - INFO - 
Epoch 95/100 | lr 0.000991
2026-06-27 22:29:41 - __main__ - INFO - Train: loss 0.0019 acc1 100.00%
2026-06-27 22:29:41 - __main__ - INFO - Val:   loss 0.0473 acc1 98.87%
2026-06-27 22:29:41 - __main__ - INFO - 
Epoch 96/100 | lr 0.000692
2026-06-27 22:30:38 - __main__ - INFO - Train: loss 0.0018 acc1 100.00%
2026-06-27 22:30:38 - __main__ - INFO - Val:   loss 0.0510 acc1 98.87%
2026-06-27 22:30:38 - __main__ - INFO - 
Epoch 97/100 | lr 0.000447
2026-06-27 22:31:35 - __main__ - INFO - Train: loss 0.0017 acc1 100.00%
2026-06-27 22:31:35 - __main__ - INFO - Val:   loss 0.0466 acc1 98.87%
2026-06-27 22:31:35 - __main__ - INFO - 
Epoch 98/100 | lr 0.000256
2026-06-27 22:32:32 - __main__ - INFO - Train: loss 0.0018 acc1 100.00%
2026-06-27 22:32:32 - __main__ - INFO - Val:   loss 0.0459 acc1 98.87%
2026-06-27 22:32:32 - __main__ - INFO - 
Epoch 99/100 | lr 0.000119
2026-06-27 22:33:29 - __main__ - INFO - Train: loss 0.0018 acc1 100.00%
2026-06-27 22:33:29 - __main__ - INFO - Val:   loss 0.0461 acc1 98.87%
2026-06-27 22:33:29 - __main__ - INFO - 
Epoch 100/100 | lr 0.000037
2026-06-27 22:34:25 - __main__ - INFO - Train: loss 0.0018 acc1 100.00%
2026-06-27 22:34:25 - __main__ - INFO - Val:   loss 0.0466 acc1 98.87%
2026-06-27 22:34:25 - __main__ - INFO - Loaded best checkpoint weights for final test evaluation.
2026-06-27 22:34:28 - __main__ - INFO - 
Best tracked (val): 98.87%
2026-06-27 22:34:28 - __main__ - INFO - Final test: loss 0.0306 acc1 99.21%
2026-06-27 22:34:28 - __main__ - INFO - Saved best model checkpoint to runs/malimg/resnet18/42/resnet18_seed42_random_M4_area0.1/best_model.pt
