2026-06-27 22:35:10 - __main__ - INFO - Run parameters: {"adamw_betas": [0.9, 0.999], "adamw_eps": 1e-08, "amp": true, "batch_size": 64, "cam_cache_dir": "", "cam_layer": "auto", "cutout_area": 0.1, "cutout_m": 8, "cutout_mode": "random", "cutout_size": 0, "data_dir": "./data", "dataset": "malimg", "epochs": 100, "gamma": 0.1, "grayscale": true, "include_regex": "", "label_smoothing": 0.0, "log_every": 100, "lr": 0.1, "milestones": "60,80", "min_lr": 1e-05, "model": "resnet18", "momentum": 0.9, "nesterov": false, "num_workers": 4, "optimizer": "sgd", "out_dir": "runs/malimg/resnet18/42", "run_name": "resnet18_seed42_random_M8_area0.1", "saliency_candidate_percent": 10.0, "scheduler": "cosine", "seed": 42, "teacher_checkpoint": "", "teacher_model": "", "val_split": 0.0, "warmup_epochs": 5, "weight_decay": 0.0005}
2026-06-27 22:35:10 - __main__ - INFO - device: cuda | cuda: True | gpu: NVIDIA A100-SXM4-40GB
2026-06-27 22:35:11 - __main__ - INFO - Model: resnet18 | Dataset: malimg | Classes: 25 | Optimizer: sgd
2026-06-27 22:35:11 - __main__ - INFO - Cutout enabled: mode=random m=8 size=None area=0.1
2026-06-27 22:35:11 - __main__ - INFO - 
Epoch 1/100 | lr 0.000100
2026-06-27 22:36:51 - __main__ - INFO - Train: loss 1.4753 acc1 62.64%
2026-06-27 22:36:51 - __main__ - INFO - Val:   loss 0.7563 acc1 78.34%
2026-06-27 22:36:51 - __main__ - INFO - saved best: 78.34%
2026-06-27 22:36:51 - __main__ - INFO - 
Epoch 2/100 | lr 0.020080
2026-06-27 22:38:31 - __main__ - INFO - Train: loss 0.0978 acc1 96.98%
2026-06-27 22:38:31 - __main__ - INFO - Val:   loss 0.0698 acc1 98.18%
2026-06-27 22:38:31 - __main__ - INFO - saved best: 98.18%
2026-06-27 22:38:31 - __main__ - INFO - 
Epoch 3/100 | lr 0.040060
2026-06-27 22:40:11 - __main__ - INFO - Train: loss 0.0593 acc1 98.21%
2026-06-27 22:40:11 - __main__ - INFO - Val:   loss 0.0695 acc1 97.60%
2026-06-27 22:40:11 - __main__ - INFO - 
Epoch 4/100 | lr 0.060040
2026-06-27 22:41:51 - __main__ - INFO - Train: loss 0.0641 acc1 98.15%
2026-06-27 22:41:51 - __main__ - INFO - Val:   loss 0.0906 acc1 97.08%
2026-06-27 22:41:51 - __main__ - INFO - 
Epoch 5/100 | lr 0.080020
2026-06-27 22:43:32 - __main__ - INFO - Train: loss 0.0507 acc1 98.49%
2026-06-27 22:43:32 - __main__ - INFO - Val:   loss 0.0969 acc1 97.14%
2026-06-27 22:43:32 - __main__ - INFO - 
Epoch 6/100 | lr 0.100000
2026-06-27 22:45:12 - __main__ - INFO - Train: loss 0.0564 acc1 98.34%
2026-06-27 22:45:12 - __main__ - INFO - Val:   loss 0.0855 acc1 97.18%
2026-06-27 22:45:12 - __main__ - INFO - 
Epoch 7/100 | lr 0.099973
2026-06-27 22:46:53 - __main__ - INFO - Train: loss 0.0521 acc1 98.50%
2026-06-27 22:46:53 - __main__ - INFO - Val:   loss 0.0832 acc1 98.11%
2026-06-27 22:46:53 - __main__ - INFO - 
Epoch 8/100 | lr 0.099891
2026-06-27 22:48:33 - __main__ - INFO - Train: loss 0.0528 acc1 98.46%
2026-06-27 22:48:33 - __main__ - INFO - Val:   loss 0.1008 acc1 96.79%
2026-06-27 22:48:33 - __main__ - INFO - 
Epoch 9/100 | lr 0.099754
2026-06-27 22:50:13 - __main__ - INFO - Train: loss 0.0556 acc1 98.39%
2026-06-27 22:50:13 - __main__ - INFO - Val:   loss 0.0849 acc1 97.53%
2026-06-27 22:50:13 - __main__ - INFO - 
Epoch 10/100 | lr 0.099563
2026-06-27 22:51:54 - __main__ - INFO - Train: loss 0.0524 acc1 98.47%
2026-06-27 22:51:54 - __main__ - INFO - Val:   loss 0.0877 acc1 97.37%
2026-06-27 22:51:54 - __main__ - INFO - 
Epoch 11/100 | lr 0.099318
2026-06-27 22:53:35 - __main__ - INFO - Train: loss 0.0538 acc1 98.44%
2026-06-27 22:53:35 - __main__ - INFO - Val:   loss 0.0916 acc1 97.92%
2026-06-27 22:53:35 - __main__ - INFO - 
Epoch 12/100 | lr 0.099019
2026-06-27 22:55:15 - __main__ - INFO - Train: loss 0.0506 acc1 98.50%
2026-06-27 22:55:15 - __main__ - INFO - Val:   loss 0.3812 acc1 85.85%
2026-06-27 22:55:15 - __main__ - INFO - 
Epoch 13/100 | lr 0.098666
2026-06-27 22:56:56 - __main__ - INFO - Train: loss 0.0531 acc1 98.46%
2026-06-27 22:56:56 - __main__ - INFO - Val:   loss 0.1212 acc1 96.88%
2026-06-27 22:56:56 - __main__ - INFO - 
Epoch 14/100 | lr 0.098261
2026-06-27 22:58:36 - __main__ - INFO - Train: loss 0.0521 acc1 98.49%
2026-06-27 22:58:36 - __main__ - INFO - Val:   loss 0.1022 acc1 97.05%
2026-06-27 22:58:36 - __main__ - INFO - 
Epoch 15/100 | lr 0.097802
2026-06-27 23:00:17 - __main__ - INFO - Train: loss 0.0528 acc1 98.49%
2026-06-27 23:00:17 - __main__ - INFO - Val:   loss 0.0831 acc1 97.73%
2026-06-27 23:00:17 - __main__ - INFO - 
Epoch 16/100 | lr 0.097291
2026-06-27 23:01:57 - __main__ - INFO - Train: loss 0.0510 acc1 98.55%
2026-06-27 23:01:57 - __main__ - INFO - Val:   loss 0.1017 acc1 97.67%
2026-06-27 23:01:57 - __main__ - INFO - 
Epoch 17/100 | lr 0.096729
2026-06-27 23:03:37 - __main__ - INFO - Train: loss 0.0523 acc1 98.50%
2026-06-27 23:03:37 - __main__ - INFO - Val:   loss 0.0908 acc1 97.79%
2026-06-27 23:03:37 - __main__ - INFO - 
Epoch 18/100 | lr 0.096115
2026-06-27 23:05:18 - __main__ - INFO - Train: loss 0.0483 acc1 98.59%
2026-06-27 23:05:18 - __main__ - INFO - Val:   loss 0.0793 acc1 98.02%
2026-06-27 23:05:18 - __main__ - INFO - 
Epoch 19/100 | lr 0.095451
2026-06-27 23:06:58 - __main__ - INFO - Train: loss 0.0537 acc1 98.49%
2026-06-27 23:06:58 - __main__ - INFO - Val:   loss 0.0839 acc1 98.02%
2026-06-27 23:06:58 - __main__ - INFO - 
Epoch 20/100 | lr 0.094737
2026-06-27 23:08:39 - __main__ - INFO - Train: loss 0.0500 acc1 98.55%
2026-06-27 23:08:39 - __main__ - INFO - Val:   loss 0.0785 acc1 98.18%
2026-06-27 23:08:39 - __main__ - INFO - 
Epoch 21/100 | lr 0.093974
2026-06-27 23:10:19 - __main__ - INFO - Train: loss 0.0515 acc1 98.49%
2026-06-27 23:10:19 - __main__ - INFO - Val:   loss 0.0974 acc1 97.57%
2026-06-27 23:10:19 - __main__ - INFO - 
Epoch 22/100 | lr 0.093164
2026-06-27 23:12:00 - __main__ - INFO - Train: loss 0.0482 acc1 98.62%
2026-06-27 23:12:00 - __main__ - INFO - Val:   loss 0.0950 acc1 97.21%
2026-06-27 23:12:00 - __main__ - INFO - 
Epoch 23/100 | lr 0.092306
2026-06-27 23:13:40 - __main__ - INFO - Train: loss 0.0516 acc1 98.50%
2026-06-27 23:13:40 - __main__ - INFO - Val:   loss 0.1383 acc1 96.98%
2026-06-27 23:13:40 - __main__ - INFO - 
Epoch 24/100 | lr 0.091401
2026-06-27 23:15:20 - __main__ - INFO - Train: loss 0.0486 acc1 98.61%
2026-06-27 23:15:20 - __main__ - INFO - Val:   loss 0.1281 acc1 97.67%
2026-06-27 23:15:20 - __main__ - INFO - 
Epoch 25/100 | lr 0.090452
2026-06-27 23:17:01 - __main__ - INFO - Train: loss 0.0494 acc1 98.55%
2026-06-27 23:17:01 - __main__ - INFO - Val:   loss 0.1345 acc1 96.37%
2026-06-27 23:17:01 - __main__ - INFO - 
Epoch 26/100 | lr 0.089458
2026-06-27 23:18:41 - __main__ - INFO - Train: loss 0.0518 acc1 98.48%
2026-06-27 23:18:41 - __main__ - INFO - Val:   loss 0.0758 acc1 97.69%
2026-06-27 23:18:41 - __main__ - INFO - 
Epoch 27/100 | lr 0.088421
2026-06-27 23:20:21 - __main__ - INFO - Train: loss 0.0494 acc1 98.57%
2026-06-27 23:20:21 - __main__ - INFO - Val:   loss 0.1270 acc1 96.85%
2026-06-27 23:20:21 - __main__ - INFO - 
Epoch 28/100 | lr 0.087342
2026-06-27 23:22:01 - __main__ - INFO - Train: loss 0.0492 acc1 98.58%
2026-06-27 23:22:01 - __main__ - INFO - Val:   loss 0.1088 acc1 96.82%
2026-06-27 23:22:01 - __main__ - INFO - 
Epoch 29/100 | lr 0.086223
2026-06-27 23:23:41 - __main__ - INFO - Train: loss 0.0488 acc1 98.57%
2026-06-27 23:23:41 - __main__ - INFO - Val:   loss 0.0860 acc1 97.99%
2026-06-27 23:23:41 - __main__ - INFO - 
Epoch 30/100 | lr 0.085063
2026-06-27 23:25:21 - __main__ - INFO - Train: loss 0.0514 acc1 98.53%
2026-06-27 23:25:21 - __main__ - INFO - Val:   loss 0.1059 acc1 97.60%
2026-06-27 23:25:21 - __main__ - INFO - 
Epoch 31/100 | lr 0.083866
2026-06-27 23:27:01 - __main__ - INFO - Train: loss 0.0455 acc1 98.69%
2026-06-27 23:27:01 - __main__ - INFO - Val:   loss 0.1133 acc1 97.15%
2026-06-27 23:27:01 - __main__ - INFO - 
Epoch 32/100 | lr 0.082631
2026-06-27 23:28:41 - __main__ - INFO - Train: loss 0.0501 acc1 98.54%
2026-06-27 23:28:41 - __main__ - INFO - Val:   loss 0.0775 acc1 98.05%
2026-06-27 23:28:41 - __main__ - INFO - 
Epoch 33/100 | lr 0.081361
2026-06-27 23:30:20 - __main__ - INFO - Train: loss 0.0496 acc1 98.56%
2026-06-27 23:30:20 - __main__ - INFO - Val:   loss 0.0852 acc1 97.73%
2026-06-27 23:30:20 - __main__ - INFO - 
Epoch 34/100 | lr 0.080056
2026-06-27 23:32:00 - __main__ - INFO - Train: loss 0.0455 acc1 98.69%
2026-06-27 23:32:00 - __main__ - INFO - Val:   loss 0.1312 acc1 97.05%
2026-06-27 23:32:00 - __main__ - INFO - 
Epoch 35/100 | lr 0.078719
2026-06-27 23:33:40 - __main__ - INFO - Train: loss 0.0547 acc1 98.40%
2026-06-27 23:33:40 - __main__ - INFO - Val:   loss 0.0813 acc1 97.63%
2026-06-27 23:33:40 - __main__ - INFO - 
Epoch 36/100 | lr 0.077350
2026-06-27 23:35:20 - __main__ - INFO - Train: loss 0.0475 acc1 98.61%
2026-06-27 23:35:20 - __main__ - INFO - Val:   loss 0.1372 acc1 97.21%
2026-06-27 23:35:20 - __main__ - INFO - 
Epoch 37/100 | lr 0.075951
2026-06-27 23:36:59 - __main__ - INFO - Train: loss 0.0471 acc1 98.63%
2026-06-27 23:36:59 - __main__ - INFO - Val:   loss 0.0840 acc1 97.57%
2026-06-27 23:36:59 - __main__ - INFO - 
Epoch 38/100 | lr 0.074524
2026-06-27 23:38:39 - __main__ - INFO - Train: loss 0.0447 acc1 98.72%
2026-06-27 23:38:39 - __main__ - INFO - Val:   loss 0.1388 acc1 97.05%
2026-06-27 23:38:39 - __main__ - INFO - 
Epoch 39/100 | lr 0.073070
2026-06-27 23:40:19 - __main__ - INFO - Train: loss 0.0518 acc1 98.48%
2026-06-27 23:40:19 - __main__ - INFO - Val:   loss 0.1125 acc1 97.60%
2026-06-27 23:40:19 - __main__ - INFO - 
Epoch 40/100 | lr 0.071591
2026-06-27 23:41:59 - __main__ - INFO - Train: loss 0.0440 acc1 98.73%
2026-06-27 23:41:59 - __main__ - INFO - Val:   loss 0.1180 acc1 97.21%
2026-06-27 23:41:59 - __main__ - INFO - 
Epoch 41/100 | lr 0.070088
2026-06-27 23:43:39 - __main__ - INFO - Train: loss 0.0463 acc1 98.65%
2026-06-27 23:43:39 - __main__ - INFO - Val:   loss 0.1055 acc1 97.38%
2026-06-27 23:43:39 - __main__ - INFO - 
Epoch 42/100 | lr 0.068563
2026-06-27 23:45:19 - __main__ - INFO - Train: loss 0.0456 acc1 98.66%
2026-06-27 23:45:19 - __main__ - INFO - Val:   loss 0.0883 acc1 97.92%
2026-06-27 23:45:19 - __main__ - INFO - 
Epoch 43/100 | lr 0.067018
2026-06-27 23:46:58 - __main__ - INFO - Train: loss 0.0464 acc1 98.68%
2026-06-27 23:46:58 - __main__ - INFO - Val:   loss 0.1342 acc1 95.18%
2026-06-27 23:46:58 - __main__ - INFO - 
Epoch 44/100 | lr 0.065454
2026-06-27 23:48:38 - __main__ - INFO - Train: loss 0.0503 acc1 98.52%
2026-06-27 23:48:38 - __main__ - INFO - Val:   loss 0.0950 acc1 97.99%
2026-06-27 23:48:38 - __main__ - INFO - 
Epoch 45/100 | lr 0.063874
2026-06-27 23:50:18 - __main__ - INFO - Train: loss 0.0421 acc1 98.78%
2026-06-27 23:50:18 - __main__ - INFO - Val:   loss 0.0776 acc1 98.09%
2026-06-27 23:50:18 - __main__ - INFO - 
Epoch 46/100 | lr 0.062278
2026-06-27 23:51:58 - __main__ - INFO - Train: loss 0.0488 acc1 98.55%
2026-06-27 23:51:58 - __main__ - INFO - Val:   loss 0.0740 acc1 97.86%
2026-06-27 23:51:58 - __main__ - INFO - 
Epoch 47/100 | lr 0.060669
2026-06-27 23:53:38 - __main__ - INFO - Train: loss 0.0478 acc1 98.59%
2026-06-27 23:53:38 - __main__ - INFO - Val:   loss 0.0875 acc1 97.95%
2026-06-27 23:53:38 - __main__ - INFO - 
Epoch 48/100 | lr 0.059048
2026-06-27 23:55:17 - __main__ - INFO - Train: loss 0.0301 acc1 99.14%
2026-06-27 23:55:17 - __main__ - INFO - Val:   loss 0.0834 acc1 97.70%
2026-06-27 23:55:17 - __main__ - INFO - 
Epoch 49/100 | lr 0.057417
2026-06-27 23:56:58 - __main__ - INFO - Train: loss 0.0126 acc1 99.70%
2026-06-27 23:56:58 - __main__ - INFO - Val:   loss 0.0524 acc1 98.87%
2026-06-27 23:56:58 - __main__ - INFO - saved best: 98.87%
2026-06-27 23:56:58 - __main__ - INFO - 
Epoch 50/100 | lr 0.055779
2026-06-27 23:58:37 - __main__ - INFO - Train: loss 0.0068 acc1 99.86%
2026-06-27 23:58:37 - __main__ - INFO - Val:   loss 0.0659 acc1 99.06%
2026-06-27 23:58:37 - __main__ - INFO - saved best: 99.06%
2026-06-27 23:58:37 - __main__ - INFO - 
Epoch 51/100 | lr 0.054134
2026-06-28 00:00:17 - __main__ - INFO - Train: loss 0.0152 acc1 99.66%
2026-06-28 00:00:17 - __main__ - INFO - Val:   loss 0.0927 acc1 97.58%
2026-06-28 00:00:17 - __main__ - INFO - 
Epoch 52/100 | lr 0.052484
2026-06-28 00:01:57 - __main__ - INFO - Train: loss 0.0050 acc1 99.91%
2026-06-28 00:01:57 - __main__ - INFO - Val:   loss 0.0612 acc1 99.00%
2026-06-28 00:01:57 - __main__ - INFO - 
Epoch 53/100 | lr 0.050832
2026-06-28 00:03:38 - __main__ - INFO - Train: loss 0.0060 acc1 99.92%
2026-06-28 00:03:38 - __main__ - INFO - Val:   loss 0.0656 acc1 98.64%
2026-06-28 00:03:38 - __main__ - INFO - 
Epoch 54/100 | lr 0.049178
2026-06-28 00:05:17 - __main__ - INFO - Train: loss 0.0110 acc1 99.75%
2026-06-28 00:05:17 - __main__ - INFO - Val:   loss 0.0472 acc1 98.67%
2026-06-28 00:05:17 - __main__ - INFO - 
Epoch 55/100 | lr 0.047526
2026-06-28 00:06:57 - __main__ - INFO - Train: loss 0.0023 acc1 99.98%
2026-06-28 00:06:57 - __main__ - INFO - Val:   loss 0.0499 acc1 98.71%
2026-06-28 00:06:57 - __main__ - INFO - 
Epoch 56/100 | lr 0.045876
2026-06-28 00:08:37 - __main__ - INFO - Train: loss 0.0110 acc1 99.77%
2026-06-28 00:08:37 - __main__ - INFO - Val:   loss 0.0616 acc1 97.90%
2026-06-28 00:08:37 - __main__ - INFO - 
Epoch 57/100 | lr 0.044231
2026-06-28 00:10:17 - __main__ - INFO - Train: loss 0.0086 acc1 99.81%
2026-06-28 00:10:17 - __main__ - INFO - Val:   loss 0.0465 acc1 98.90%
2026-06-28 00:10:17 - __main__ - INFO - 
Epoch 58/100 | lr 0.042593
2026-06-28 00:11:58 - __main__ - INFO - Train: loss 0.0018 acc1 100.00%
2026-06-28 00:11:58 - __main__ - INFO - Val:   loss 0.0548 acc1 98.80%
2026-06-28 00:11:58 - __main__ - INFO - 
Epoch 59/100 | lr 0.040962
2026-06-28 00:13:38 - __main__ - INFO - Train: loss 0.0021 acc1 100.00%
2026-06-28 00:13:38 - __main__ - INFO - Val:   loss 0.2852 acc1 93.45%
2026-06-28 00:13:38 - __main__ - INFO - 
Epoch 60/100 | lr 0.039341
2026-06-28 00:15:17 - __main__ - INFO - Train: loss 0.0143 acc1 99.66%
2026-06-28 00:15:17 - __main__ - INFO - Val:   loss 0.0517 acc1 98.90%
2026-06-28 00:15:17 - __main__ - INFO - 
Epoch 61/100 | lr 0.037732
2026-06-28 00:16:57 - __main__ - INFO - Train: loss 0.0081 acc1 99.83%
2026-06-28 00:16:57 - __main__ - INFO - Val:   loss 0.0529 acc1 99.06%
2026-06-28 00:16:57 - __main__ - INFO - 
Epoch 62/100 | lr 0.036136
2026-06-28 00:18:38 - __main__ - INFO - Train: loss 0.0021 acc1 99.99%
2026-06-28 00:18:38 - __main__ - INFO - Val:   loss 0.0638 acc1 98.71%
2026-06-28 00:18:38 - __main__ - INFO - 
Epoch 63/100 | lr 0.034556
2026-06-28 00:20:17 - __main__ - INFO - Train: loss 0.0019 acc1 100.00%
2026-06-28 00:20:17 - __main__ - INFO - Val:   loss 0.0601 acc1 98.54%
2026-06-28 00:20:17 - __main__ - INFO - 
Epoch 64/100 | lr 0.032992
2026-06-28 00:21:58 - __main__ - INFO - Train: loss 0.0132 acc1 99.74%
2026-06-28 00:21:58 - __main__ - INFO - Val:   loss 0.0678 acc1 98.42%
2026-06-28 00:21:58 - __main__ - INFO - 
Epoch 65/100 | lr 0.031447
2026-06-28 00:23:38 - __main__ - INFO - Train: loss 0.0047 acc1 99.93%
2026-06-28 00:23:38 - __main__ - INFO - Val:   loss 0.0741 acc1 98.71%
2026-06-28 00:23:38 - __main__ - INFO - 
Epoch 66/100 | lr 0.029922
2026-06-28 00:25:18 - __main__ - INFO - Train: loss 0.0017 acc1 100.00%
2026-06-28 00:25:18 - __main__ - INFO - Val:   loss 0.0614 acc1 98.80%
2026-06-28 00:25:18 - __main__ - INFO - 
Epoch 67/100 | lr 0.028419
2026-06-28 00:26:57 - __main__ - INFO - Train: loss 0.0019 acc1 100.00%
2026-06-28 00:26:57 - __main__ - INFO - Val:   loss 0.0566 acc1 98.80%
2026-06-28 00:26:57 - __main__ - INFO - 
Epoch 68/100 | lr 0.026940
2026-06-28 00:28:38 - __main__ - INFO - Train: loss 0.0100 acc1 99.79%
2026-06-28 00:28:38 - __main__ - INFO - Val:   loss 0.0528 acc1 99.16%
2026-06-28 00:28:38 - __main__ - INFO - saved best: 99.16%
2026-06-28 00:28:38 - __main__ - INFO - 
Epoch 69/100 | lr 0.025486
2026-06-28 00:30:18 - __main__ - INFO - Train: loss 0.0049 acc1 99.93%
2026-06-28 00:30:18 - __main__ - INFO - Val:   loss 0.0385 acc1 99.22%
2026-06-28 00:30:18 - __main__ - INFO - saved best: 99.22%
2026-06-28 00:30:18 - __main__ - INFO - 
Epoch 70/100 | lr 0.024059
2026-06-28 00:31:57 - __main__ - INFO - Train: loss 0.0042 acc1 99.94%
2026-06-28 00:31:57 - __main__ - INFO - Val:   loss 0.0570 acc1 98.80%
2026-06-28 00:31:57 - __main__ - INFO - 
Epoch 71/100 | lr 0.022660
2026-06-28 00:33:38 - __main__ - INFO - Train: loss 0.0021 acc1 99.99%
2026-06-28 00:33:38 - __main__ - INFO - Val:   loss 0.0489 acc1 98.80%
2026-06-28 00:33:38 - __main__ - INFO - 
Epoch 72/100 | lr 0.021291
2026-06-28 00:35:17 - __main__ - INFO - Train: loss 0.0018 acc1 100.00%
2026-06-28 00:35:17 - __main__ - INFO - Val:   loss 0.0544 acc1 99.22%
2026-06-28 00:35:17 - __main__ - INFO - 
Epoch 73/100 | lr 0.019954
2026-06-28 00:36:58 - __main__ - INFO - Train: loss 0.0021 acc1 100.00%
2026-06-28 00:36:58 - __main__ - INFO - Val:   loss 0.0579 acc1 99.06%
2026-06-28 00:36:58 - __main__ - INFO - 
Epoch 74/100 | lr 0.018649
2026-06-28 00:38:38 - __main__ - INFO - Train: loss 0.0018 acc1 100.00%
2026-06-28 00:38:38 - __main__ - INFO - Val:   loss 0.0487 acc1 99.06%
2026-06-28 00:38:38 - __main__ - INFO - 
Epoch 75/100 | lr 0.017379
2026-06-28 00:40:18 - __main__ - INFO - Train: loss 0.0019 acc1 100.00%
2026-06-28 00:40:18 - __main__ - INFO - Val:   loss 0.0486 acc1 99.13%
2026-06-28 00:40:18 - __main__ - INFO - 
Epoch 76/100 | lr 0.016144
2026-06-28 00:41:58 - __main__ - INFO - Train: loss 0.0100 acc1 99.83%
2026-06-28 00:41:58 - __main__ - INFO - Val:   loss 0.0610 acc1 98.29%
2026-06-28 00:41:58 - __main__ - INFO - 
Epoch 77/100 | lr 0.014947
2026-06-28 00:43:38 - __main__ - INFO - Train: loss 0.0047 acc1 99.93%
2026-06-28 00:43:38 - __main__ - INFO - Val:   loss 0.0559 acc1 98.87%
2026-06-28 00:43:38 - __main__ - INFO - 
Epoch 78/100 | lr 0.013787
2026-06-28 00:45:18 - __main__ - INFO - Train: loss 0.0015 acc1 100.00%
2026-06-28 00:45:18 - __main__ - INFO - Val:   loss 0.0570 acc1 98.87%
2026-06-28 00:45:18 - __main__ - INFO - 
Epoch 79/100 | lr 0.012668
2026-06-28 00:46:58 - __main__ - INFO - Train: loss 0.0017 acc1 100.00%
2026-06-28 00:46:58 - __main__ - INFO - Val:   loss 0.0540 acc1 98.87%
2026-06-28 00:46:58 - __main__ - INFO - 
Epoch 80/100 | lr 0.011589
2026-06-28 00:48:38 - __main__ - INFO - Train: loss 0.0017 acc1 100.00%
2026-06-28 00:48:38 - __main__ - INFO - Val:   loss 0.0495 acc1 98.87%
2026-06-28 00:48:38 - __main__ - INFO - 
Epoch 81/100 | lr 0.010552
2026-06-28 00:50:18 - __main__ - INFO - Train: loss 0.0018 acc1 100.00%
2026-06-28 00:50:18 - __main__ - INFO - Val:   loss 0.0498 acc1 98.87%
2026-06-28 00:50:18 - __main__ - INFO - 
Epoch 82/100 | lr 0.009558
2026-06-28 00:51:58 - __main__ - INFO - Train: loss 0.0017 acc1 100.00%
2026-06-28 00:51:58 - __main__ - INFO - Val:   loss 0.0486 acc1 98.74%
2026-06-28 00:51:58 - __main__ - INFO - 
Epoch 83/100 | lr 0.008609
2026-06-28 00:53:38 - __main__ - INFO - Train: loss 0.0018 acc1 100.00%
2026-06-28 00:53:38 - __main__ - INFO - Val:   loss 0.0487 acc1 98.80%
2026-06-28 00:53:38 - __main__ - INFO - 
Epoch 84/100 | lr 0.007704
2026-06-28 00:55:18 - __main__ - INFO - Train: loss 0.0017 acc1 100.00%
2026-06-28 00:55:18 - __main__ - INFO - Val:   loss 0.0474 acc1 98.71%
2026-06-28 00:55:18 - __main__ - INFO - 
Epoch 85/100 | lr 0.006846
2026-06-28 00:56:58 - __main__ - INFO - Train: loss 0.0018 acc1 100.00%
2026-06-28 00:56:58 - __main__ - INFO - Val:   loss 0.0590 acc1 98.61%
2026-06-28 00:56:58 - __main__ - INFO - 
Epoch 86/100 | lr 0.006036
2026-06-28 00:58:38 - __main__ - INFO - Train: loss 0.0018 acc1 100.00%
2026-06-28 00:58:38 - __main__ - INFO - Val:   loss 0.0515 acc1 98.71%
2026-06-28 00:58:38 - __main__ - INFO - 
Epoch 87/100 | lr 0.005273
2026-06-28 01:00:18 - __main__ - INFO - Train: loss 0.0017 acc1 100.00%
2026-06-28 01:00:18 - __main__ - INFO - Val:   loss 0.0511 acc1 98.54%
2026-06-28 01:00:18 - __main__ - INFO - 
Epoch 88/100 | lr 0.004559
2026-06-28 01:01:58 - __main__ - INFO - Train: loss 0.0017 acc1 100.00%
2026-06-28 01:01:58 - __main__ - INFO - Val:   loss 0.0485 acc1 98.54%
2026-06-28 01:01:58 - __main__ - INFO - 
Epoch 89/100 | lr 0.003895
2026-06-28 01:03:38 - __main__ - INFO - Train: loss 0.0017 acc1 100.00%
2026-06-28 01:03:38 - __main__ - INFO - Val:   loss 0.0491 acc1 98.54%
2026-06-28 01:03:38 - __main__ - INFO - 
Epoch 90/100 | lr 0.003281
2026-06-28 01:05:18 - __main__ - INFO - Train: loss 0.0017 acc1 100.00%
2026-06-28 01:05:18 - __main__ - INFO - Val:   loss 0.0475 acc1 98.54%
2026-06-28 01:05:18 - __main__ - INFO - 
Epoch 91/100 | lr 0.002719
2026-06-28 01:06:58 - __main__ - INFO - Train: loss 0.0017 acc1 100.00%
2026-06-28 01:06:58 - __main__ - INFO - Val:   loss 0.0486 acc1 98.54%
2026-06-28 01:06:58 - __main__ - INFO - 
Epoch 92/100 | lr 0.002208
2026-06-28 01:08:38 - __main__ - INFO - Train: loss 0.0017 acc1 100.00%
2026-06-28 01:08:38 - __main__ - INFO - Val:   loss 0.0518 acc1 98.54%
2026-06-28 01:08:38 - __main__ - INFO - 
Epoch 93/100 | lr 0.001749
2026-06-28 01:10:18 - __main__ - INFO - Train: loss 0.0017 acc1 100.00%
2026-06-28 01:10:18 - __main__ - INFO - Val:   loss 0.0516 acc1 98.54%
2026-06-28 01:10:18 - __main__ - INFO - 
Epoch 94/100 | lr 0.001344
2026-06-28 01:11:57 - __main__ - INFO - Train: loss 0.0017 acc1 100.00%
2026-06-28 01:11:57 - __main__ - INFO - Val:   loss 0.0484 acc1 98.54%
2026-06-28 01:11:57 - __main__ - INFO - 
Epoch 95/100 | lr 0.000991
2026-06-28 01:13:38 - __main__ - INFO - Train: loss 0.0017 acc1 100.00%
2026-06-28 01:13:38 - __main__ - INFO - Val:   loss 0.0496 acc1 98.64%
2026-06-28 01:13:38 - __main__ - INFO - 
Epoch 96/100 | lr 0.000692
2026-06-28 01:15:18 - __main__ - INFO - Train: loss 0.0017 acc1 100.00%
2026-06-28 01:15:18 - __main__ - INFO - Val:   loss 0.0499 acc1 98.54%
2026-06-28 01:15:18 - __main__ - INFO - 
Epoch 97/100 | lr 0.000447
2026-06-28 01:16:59 - __main__ - INFO - Train: loss 0.0017 acc1 100.00%
2026-06-28 01:16:59 - __main__ - INFO - Val:   loss 0.0515 acc1 98.54%
2026-06-28 01:16:59 - __main__ - INFO - 
Epoch 98/100 | lr 0.000256
2026-06-28 01:18:39 - __main__ - INFO - Train: loss 0.0017 acc1 100.00%
2026-06-28 01:18:39 - __main__ - INFO - Val:   loss 0.0486 acc1 98.54%
2026-06-28 01:18:39 - __main__ - INFO - 
Epoch 99/100 | lr 0.000119
2026-06-28 01:20:19 - __main__ - INFO - Train: loss 0.0017 acc1 100.00%
2026-06-28 01:20:19 - __main__ - INFO - Val:   loss 0.0478 acc1 98.54%
2026-06-28 01:20:19 - __main__ - INFO - 
Epoch 100/100 | lr 0.000037
2026-06-28 01:22:00 - __main__ - INFO - Train: loss 0.0017 acc1 100.00%
2026-06-28 01:22:00 - __main__ - INFO - Val:   loss 0.0503 acc1 98.54%
2026-06-28 01:22:00 - __main__ - INFO - Loaded best checkpoint weights for final test evaluation.
2026-06-28 01:22:03 - __main__ - INFO - 
Best tracked (val): 99.22%
2026-06-28 01:22:03 - __main__ - INFO - Final test: loss 0.0315 acc1 99.11%
2026-06-28 01:22:03 - __main__ - INFO - Saved best model checkpoint to runs/malimg/resnet18/42/resnet18_seed42_random_M8_area0.1/best_model.pt
