2026-06-21 15:34:22 - __main__ - INFO - Run parameters: {"adamw_betas": [0.9, 0.999], "adamw_eps": 1e-08, "amp": true, "batch_size": 128, "cam_layer": "auto", "cutout_area": 0.1, "cutout_m": 8, "cutout_mode": "cam_low", "cutout_size": 0, "data_dir": "./data", "dataset": "cifar100", "epochs": 100, "gamma": 0.1, "grayscale": false, "include_regex": "", "label_smoothing": 0.0, "log_every": 100, "lr": 0.1, "milestones": "60,80", "min_lr": 1e-05, "model": "resnet18", "momentum": 0.9, "nesterov": false, "num_workers": 4, "optimizer": "sgd", "out_dir": "runs/cifar100_colab/42", "run_name": "resnet18_seed42_cam_low_M8_area0.1", "saliency_candidate_percent": 10.0, "scheduler": "cosine", "seed": 42, "teacher_checkpoint": "runs/cifar100_colab/42/resnet18_seed42_none/best_model.pt", "teacher_model": "resnet18", "val_split": 0.1, "warmup_epochs": 5, "weight_decay": 0.0005}
2026-06-21 15:34:22 - __main__ - INFO - device: cuda | cuda: True | gpu: NVIDIA L4
2026-06-21 15:34:25 - __main__ - INFO - Model: resnet18 | Dataset: cifar100 | Classes: 100 | Optimizer: sgd
2026-06-21 15:34:25 - __main__ - INFO - Cutout enabled: mode=cam_low m=8 size=None area=0.1
2026-06-21 15:34:25 - __main__ - INFO - 
Epoch 1/100 | lr 0.000100
2026-06-21 15:36:16 - __main__ - INFO - Train: loss 4.4110 acc1 4.29%
2026-06-21 15:36:16 - __main__ - INFO - Val:   loss 4.1738 acc1 6.60%
2026-06-21 15:36:16 - __main__ - INFO - saved best: 6.60%
2026-06-21 15:36:16 - __main__ - INFO - 
Epoch 2/100 | lr 0.020080
2026-06-21 15:38:06 - __main__ - INFO - Train: loss 2.4258 acc1 37.24%
2026-06-21 15:38:06 - __main__ - INFO - Val:   loss 1.8889 acc1 49.24%
2026-06-21 15:38:06 - __main__ - INFO - saved best: 49.24%
2026-06-21 15:38:06 - __main__ - INFO - 
Epoch 3/100 | lr 0.040060
2026-06-21 15:39:56 - __main__ - INFO - Train: loss 1.4009 acc1 60.15%
2026-06-21 15:39:56 - __main__ - INFO - Val:   loss 1.5412 acc1 57.63%
2026-06-21 15:39:56 - __main__ - INFO - saved best: 57.63%
2026-06-21 15:39:56 - __main__ - INFO - 
Epoch 4/100 | lr 0.060040
2026-06-21 15:41:46 - __main__ - INFO - Train: loss 1.1723 acc1 65.92%
2026-06-21 15:41:46 - __main__ - INFO - Val:   loss 1.6349 acc1 56.59%
2026-06-21 15:41:46 - __main__ - INFO - 
Epoch 5/100 | lr 0.080020
2026-06-21 15:43:37 - __main__ - INFO - Train: loss 1.1635 acc1 66.38%
2026-06-21 15:43:37 - __main__ - INFO - Val:   loss 1.5767 acc1 58.84%
2026-06-21 15:43:37 - __main__ - INFO - saved best: 58.84%
2026-06-21 15:43:37 - __main__ - INFO - 
Epoch 6/100 | lr 0.100000
2026-06-21 15:45:27 - __main__ - INFO - Train: loss 1.2137 acc1 65.16%
2026-06-21 15:45:27 - __main__ - INFO - Val:   loss 2.0569 acc1 51.00%
2026-06-21 15:45:27 - __main__ - INFO - 
Epoch 7/100 | lr 0.099973
2026-06-21 15:47:18 - __main__ - INFO - Train: loss 1.1731 acc1 66.25%
2026-06-21 15:47:18 - __main__ - INFO - Val:   loss 1.6188 acc1 58.14%
2026-06-21 15:47:18 - __main__ - INFO - 
Epoch 8/100 | lr 0.099891
2026-06-21 15:49:09 - __main__ - INFO - Train: loss 1.1457 acc1 66.92%
2026-06-21 15:49:09 - __main__ - INFO - Val:   loss 1.7518 acc1 56.18%
2026-06-21 15:49:09 - __main__ - INFO - 
Epoch 9/100 | lr 0.099754
2026-06-21 15:50:59 - __main__ - INFO - Train: loss 1.1261 acc1 67.47%
2026-06-21 15:50:59 - __main__ - INFO - Val:   loss 1.7037 acc1 56.65%
2026-06-21 15:50:59 - __main__ - INFO - 
Epoch 10/100 | lr 0.099563
2026-06-21 15:52:50 - __main__ - INFO - Train: loss 1.1161 acc1 67.72%
2026-06-21 15:52:50 - __main__ - INFO - Val:   loss 1.8880 acc1 53.20%
2026-06-21 15:52:50 - __main__ - INFO - 
Epoch 11/100 | lr 0.099318
2026-06-21 15:54:41 - __main__ - INFO - Train: loss 1.1020 acc1 68.16%
2026-06-21 15:54:41 - __main__ - INFO - Val:   loss 1.7342 acc1 55.59%
2026-06-21 15:54:41 - __main__ - INFO - 
Epoch 12/100 | lr 0.099019
2026-06-21 15:56:31 - __main__ - INFO - Train: loss 1.0934 acc1 68.35%
2026-06-21 15:56:31 - __main__ - INFO - Val:   loss 1.5767 acc1 59.21%
2026-06-21 15:56:31 - __main__ - INFO - saved best: 59.21%
2026-06-21 15:56:31 - __main__ - INFO - 
Epoch 13/100 | lr 0.098666
2026-06-21 15:58:21 - __main__ - INFO - Train: loss 1.0789 acc1 68.77%
2026-06-21 15:58:21 - __main__ - INFO - Val:   loss 1.4822 acc1 60.59%
2026-06-21 15:58:21 - __main__ - INFO - saved best: 60.59%
2026-06-21 15:58:21 - __main__ - INFO - 
Epoch 14/100 | lr 0.098261
2026-06-21 16:00:11 - __main__ - INFO - Train: loss 1.0706 acc1 69.05%
2026-06-21 16:00:11 - __main__ - INFO - Val:   loss 1.9913 acc1 53.81%
2026-06-21 16:00:11 - __main__ - INFO - 
Epoch 15/100 | lr 0.097802
2026-06-21 16:02:01 - __main__ - INFO - Train: loss 1.0654 acc1 69.15%
2026-06-21 16:02:01 - __main__ - INFO - Val:   loss 1.6254 acc1 58.05%
2026-06-21 16:02:01 - __main__ - INFO - 
Epoch 16/100 | lr 0.097291
2026-06-21 16:03:52 - __main__ - INFO - Train: loss 1.0593 acc1 69.26%
2026-06-21 16:03:52 - __main__ - INFO - Val:   loss 1.6639 acc1 59.02%
2026-06-21 16:03:52 - __main__ - INFO - 
Epoch 17/100 | lr 0.096729
2026-06-21 16:05:42 - __main__ - INFO - Train: loss 1.0515 acc1 69.48%
2026-06-21 16:05:42 - __main__ - INFO - Val:   loss 1.6819 acc1 56.87%
2026-06-21 16:05:42 - __main__ - INFO - 
Epoch 18/100 | lr 0.096115
2026-06-21 16:07:33 - __main__ - INFO - Train: loss 1.0433 acc1 69.77%
2026-06-21 16:07:33 - __main__ - INFO - Val:   loss 1.5247 acc1 60.51%
2026-06-21 16:07:33 - __main__ - INFO - 
Epoch 19/100 | lr 0.095451
2026-06-21 16:09:23 - __main__ - INFO - Train: loss 1.0356 acc1 69.96%
2026-06-21 16:09:23 - __main__ - INFO - Val:   loss 1.5239 acc1 60.66%
2026-06-21 16:09:23 - __main__ - INFO - saved best: 60.66%
2026-06-21 16:09:23 - __main__ - INFO - 
Epoch 20/100 | lr 0.094737
2026-06-21 16:11:13 - __main__ - INFO - Train: loss 1.0280 acc1 70.17%
2026-06-21 16:11:13 - __main__ - INFO - Val:   loss 1.7315 acc1 58.00%
2026-06-21 16:11:13 - __main__ - INFO - 
Epoch 21/100 | lr 0.093974
2026-06-21 16:13:04 - __main__ - INFO - Train: loss 1.0228 acc1 70.36%
2026-06-21 16:13:04 - __main__ - INFO - Val:   loss 1.7816 acc1 56.20%
2026-06-21 16:13:04 - __main__ - INFO - 
Epoch 22/100 | lr 0.093164
2026-06-21 16:14:54 - __main__ - INFO - Train: loss 1.0141 acc1 70.47%
2026-06-21 16:14:54 - __main__ - INFO - Val:   loss 1.7762 acc1 55.36%
2026-06-21 16:14:54 - __main__ - INFO - 
Epoch 23/100 | lr 0.092306
2026-06-21 16:16:44 - __main__ - INFO - Train: loss 1.0029 acc1 70.79%
2026-06-21 16:16:44 - __main__ - INFO - Val:   loss 1.6096 acc1 58.59%
2026-06-21 16:16:44 - __main__ - INFO - 
Epoch 24/100 | lr 0.091401
2026-06-21 16:18:35 - __main__ - INFO - Train: loss 0.9966 acc1 70.93%
2026-06-21 16:18:35 - __main__ - INFO - Val:   loss 1.5647 acc1 60.11%
2026-06-21 16:18:35 - __main__ - INFO - 
Epoch 25/100 | lr 0.090452
2026-06-21 16:20:25 - __main__ - INFO - Train: loss 0.9835 acc1 71.29%
2026-06-21 16:20:25 - __main__ - INFO - Val:   loss 1.8712 acc1 54.83%
2026-06-21 16:20:25 - __main__ - INFO - 
Epoch 26/100 | lr 0.089458
2026-06-21 16:22:15 - __main__ - INFO - Train: loss 0.9746 acc1 71.51%
2026-06-21 16:22:15 - __main__ - INFO - Val:   loss 1.8112 acc1 57.52%
2026-06-21 16:22:15 - __main__ - INFO - 
Epoch 27/100 | lr 0.088421
2026-06-21 16:24:05 - __main__ - INFO - Train: loss 0.9658 acc1 71.78%
2026-06-21 16:24:05 - __main__ - INFO - Val:   loss 1.7809 acc1 56.43%
2026-06-21 16:24:05 - __main__ - INFO - 
Epoch 28/100 | lr 0.087342
2026-06-21 16:25:56 - __main__ - INFO - Train: loss 0.9584 acc1 72.05%
2026-06-21 16:25:56 - __main__ - INFO - Val:   loss 1.6135 acc1 59.19%
2026-06-21 16:25:56 - __main__ - INFO - 
Epoch 29/100 | lr 0.086223
2026-06-21 16:27:46 - __main__ - INFO - Train: loss 0.9453 acc1 72.35%
2026-06-21 16:27:46 - __main__ - INFO - Val:   loss 1.4736 acc1 62.02%
2026-06-21 16:27:46 - __main__ - INFO - saved best: 62.02%
2026-06-21 16:27:46 - __main__ - INFO - 
Epoch 30/100 | lr 0.085063
2026-06-21 16:29:37 - __main__ - INFO - Train: loss 0.9374 acc1 72.56%
2026-06-21 16:29:37 - __main__ - INFO - Val:   loss 1.4958 acc1 61.44%
2026-06-21 16:29:37 - __main__ - INFO - 
Epoch 31/100 | lr 0.083866
2026-06-21 16:31:27 - __main__ - INFO - Train: loss 0.9279 acc1 72.81%
2026-06-21 16:31:27 - __main__ - INFO - Val:   loss 1.4960 acc1 61.68%
2026-06-21 16:31:27 - __main__ - INFO - 
Epoch 32/100 | lr 0.082631
2026-06-21 16:33:17 - __main__ - INFO - Train: loss 0.9121 acc1 73.18%
2026-06-21 16:33:17 - __main__ - INFO - Val:   loss 1.6866 acc1 57.26%
2026-06-21 16:33:17 - __main__ - INFO - 
Epoch 33/100 | lr 0.081361
2026-06-21 16:35:08 - __main__ - INFO - Train: loss 0.9038 acc1 73.51%
2026-06-21 16:35:08 - __main__ - INFO - Val:   loss 1.5874 acc1 60.89%
2026-06-21 16:35:08 - __main__ - INFO - 
Epoch 34/100 | lr 0.080056
2026-06-21 16:36:58 - __main__ - INFO - Train: loss 0.8894 acc1 73.81%
2026-06-21 16:36:58 - __main__ - INFO - Val:   loss 1.6644 acc1 58.92%
2026-06-21 16:36:58 - __main__ - INFO - 
Epoch 35/100 | lr 0.078719
2026-06-21 16:38:48 - __main__ - INFO - Train: loss 0.8770 acc1 74.16%
2026-06-21 16:38:48 - __main__ - INFO - Val:   loss 1.6837 acc1 58.72%
2026-06-21 16:38:48 - __main__ - INFO - 
Epoch 36/100 | lr 0.077350
2026-06-21 16:40:38 - __main__ - INFO - Train: loss 0.8697 acc1 74.29%
2026-06-21 16:40:38 - __main__ - INFO - Val:   loss 1.6176 acc1 60.01%
2026-06-21 16:40:38 - __main__ - INFO - 
Epoch 37/100 | lr 0.075951
2026-06-21 16:42:28 - __main__ - INFO - Train: loss 0.8555 acc1 74.78%
2026-06-21 16:42:28 - __main__ - INFO - Val:   loss 1.5372 acc1 61.95%
2026-06-21 16:42:28 - __main__ - INFO - 
Epoch 38/100 | lr 0.074524
2026-06-21 16:44:19 - __main__ - INFO - Train: loss 0.8382 acc1 75.13%
2026-06-21 16:44:19 - __main__ - INFO - Val:   loss 1.5592 acc1 61.21%
2026-06-21 16:44:19 - __main__ - INFO - 
Epoch 39/100 | lr 0.073070
2026-06-21 16:46:10 - __main__ - INFO - Train: loss 0.8256 acc1 75.51%
2026-06-21 16:46:10 - __main__ - INFO - Val:   loss 1.6657 acc1 59.11%
2026-06-21 16:46:10 - __main__ - INFO - 
Epoch 40/100 | lr 0.071591
2026-06-21 16:48:00 - __main__ - INFO - Train: loss 0.8103 acc1 75.95%
2026-06-21 16:48:00 - __main__ - INFO - Val:   loss 1.4398 acc1 64.43%
2026-06-21 16:48:00 - __main__ - INFO - saved best: 64.43%
2026-06-21 16:48:00 - __main__ - INFO - 
Epoch 41/100 | lr 0.070088
2026-06-21 16:49:51 - __main__ - INFO - Train: loss 0.7941 acc1 76.41%
2026-06-21 16:49:51 - __main__ - INFO - Val:   loss 1.6851 acc1 60.47%
2026-06-21 16:49:51 - __main__ - INFO - 
Epoch 42/100 | lr 0.068563
2026-06-21 16:51:42 - __main__ - INFO - Train: loss 0.7812 acc1 76.76%
2026-06-21 16:51:42 - __main__ - INFO - Val:   loss 1.5575 acc1 61.26%
2026-06-21 16:51:42 - __main__ - INFO - 
Epoch 43/100 | lr 0.067018
2026-06-21 16:53:32 - __main__ - INFO - Train: loss 0.7653 acc1 77.22%
2026-06-21 16:53:32 - __main__ - INFO - Val:   loss 1.5417 acc1 61.66%
2026-06-21 16:53:32 - __main__ - INFO - 
Epoch 44/100 | lr 0.065454
2026-06-21 16:55:22 - __main__ - INFO - Train: loss 0.7497 acc1 77.64%
2026-06-21 16:55:22 - __main__ - INFO - Val:   loss 1.4809 acc1 63.15%
2026-06-21 16:55:22 - __main__ - INFO - 
Epoch 45/100 | lr 0.063874
2026-06-21 16:57:13 - __main__ - INFO - Train: loss 0.7343 acc1 78.06%
2026-06-21 16:57:13 - __main__ - INFO - Val:   loss 1.4858 acc1 64.05%
2026-06-21 16:57:13 - __main__ - INFO - 
Epoch 46/100 | lr 0.062278
2026-06-21 16:59:03 - __main__ - INFO - Train: loss 0.7124 acc1 78.74%
2026-06-21 16:59:03 - __main__ - INFO - Val:   loss 1.5843 acc1 61.42%
2026-06-21 16:59:03 - __main__ - INFO - 
Epoch 47/100 | lr 0.060669
2026-06-21 17:00:53 - __main__ - INFO - Train: loss 0.6957 acc1 79.22%
2026-06-21 17:00:53 - __main__ - INFO - Val:   loss 1.5857 acc1 62.62%
2026-06-21 17:00:53 - __main__ - INFO - 
Epoch 48/100 | lr 0.059048
2026-06-21 17:02:44 - __main__ - INFO - Train: loss 0.6793 acc1 79.67%
2026-06-21 17:02:44 - __main__ - INFO - Val:   loss 1.6554 acc1 60.46%
2026-06-21 17:02:44 - __main__ - INFO - 
Epoch 49/100 | lr 0.057417
2026-06-21 17:04:34 - __main__ - INFO - Train: loss 0.6618 acc1 80.13%
2026-06-21 17:04:34 - __main__ - INFO - Val:   loss 1.6662 acc1 61.28%
2026-06-21 17:04:34 - __main__ - INFO - 
Epoch 50/100 | lr 0.055779
2026-06-21 17:06:24 - __main__ - INFO - Train: loss 0.6419 acc1 80.66%
2026-06-21 17:06:24 - __main__ - INFO - Val:   loss 1.4939 acc1 63.34%
2026-06-21 17:06:24 - __main__ - INFO - 
Epoch 51/100 | lr 0.054134
2026-06-21 17:08:15 - __main__ - INFO - Train: loss 0.6237 acc1 81.21%
2026-06-21 17:08:15 - __main__ - INFO - Val:   loss 1.6083 acc1 60.76%
2026-06-21 17:08:15 - __main__ - INFO - 
Epoch 52/100 | lr 0.052484
2026-06-21 17:10:06 - __main__ - INFO - Train: loss 0.6049 acc1 81.67%
2026-06-21 17:10:06 - __main__ - INFO - Val:   loss 1.6346 acc1 61.75%
2026-06-21 17:10:06 - __main__ - INFO - 
Epoch 53/100 | lr 0.050832
2026-06-21 17:11:56 - __main__ - INFO - Train: loss 0.5846 acc1 82.36%
2026-06-21 17:11:56 - __main__ - INFO - Val:   loss 1.5911 acc1 63.76%
2026-06-21 17:11:56 - __main__ - INFO - 
Epoch 54/100 | lr 0.049178
2026-06-21 17:13:46 - __main__ - INFO - Train: loss 0.5691 acc1 82.82%
2026-06-21 17:13:46 - __main__ - INFO - Val:   loss 1.5377 acc1 63.18%
2026-06-21 17:13:46 - __main__ - INFO - 
Epoch 55/100 | lr 0.047526
2026-06-21 17:15:37 - __main__ - INFO - Train: loss 0.5456 acc1 83.50%
2026-06-21 17:15:37 - __main__ - INFO - Val:   loss 1.4218 acc1 65.71%
2026-06-21 17:15:37 - __main__ - INFO - saved best: 65.71%
2026-06-21 17:15:37 - __main__ - INFO - 
Epoch 56/100 | lr 0.045876
2026-06-21 17:17:27 - __main__ - INFO - Train: loss 0.5279 acc1 83.97%
2026-06-21 17:17:27 - __main__ - INFO - Val:   loss 1.7550 acc1 59.87%
2026-06-21 17:17:27 - __main__ - INFO - 
Epoch 57/100 | lr 0.044231
2026-06-21 17:19:17 - __main__ - INFO - Train: loss 0.5092 acc1 84.60%
2026-06-21 17:19:17 - __main__ - INFO - Val:   loss 1.4758 acc1 64.35%
2026-06-21 17:19:17 - __main__ - INFO - 
Epoch 58/100 | lr 0.042593
2026-06-21 17:21:07 - __main__ - INFO - Train: loss 0.4858 acc1 85.30%
2026-06-21 17:21:07 - __main__ - INFO - Val:   loss 1.4649 acc1 65.90%
2026-06-21 17:21:07 - __main__ - INFO - saved best: 65.90%
2026-06-21 17:21:07 - __main__ - INFO - 
Epoch 59/100 | lr 0.040962
2026-06-21 17:22:58 - __main__ - INFO - Train: loss 0.4694 acc1 85.70%
2026-06-21 17:22:58 - __main__ - INFO - Val:   loss 1.4342 acc1 66.51%
2026-06-21 17:22:58 - __main__ - INFO - saved best: 66.51%
2026-06-21 17:22:58 - __main__ - INFO - 
Epoch 60/100 | lr 0.039341
2026-06-21 17:24:48 - __main__ - INFO - Train: loss 0.4448 acc1 86.45%
2026-06-21 17:24:48 - __main__ - INFO - Val:   loss 1.4583 acc1 64.29%
2026-06-21 17:24:48 - __main__ - INFO - 
Epoch 61/100 | lr 0.037732
2026-06-21 17:26:38 - __main__ - INFO - Train: loss 0.4250 acc1 87.11%
2026-06-21 17:26:38 - __main__ - INFO - Val:   loss 1.3245 acc1 68.35%
2026-06-21 17:26:38 - __main__ - INFO - saved best: 68.35%
2026-06-21 17:26:38 - __main__ - INFO - 
Epoch 62/100 | lr 0.036136
2026-06-21 17:28:28 - __main__ - INFO - Train: loss 0.4088 acc1 87.63%
2026-06-21 17:28:28 - __main__ - INFO - Val:   loss 1.3842 acc1 66.34%
2026-06-21 17:28:28 - __main__ - INFO - 
Epoch 63/100 | lr 0.034556
2026-06-21 17:30:18 - __main__ - INFO - Train: loss 0.3841 acc1 88.37%
2026-06-21 17:30:18 - __main__ - INFO - Val:   loss 1.4010 acc1 67.64%
2026-06-21 17:30:18 - __main__ - INFO - 
Epoch 64/100 | lr 0.032992
2026-06-21 17:32:08 - __main__ - INFO - Train: loss 0.3695 acc1 88.79%
2026-06-21 17:32:08 - __main__ - INFO - Val:   loss 1.4934 acc1 66.01%
2026-06-21 17:32:08 - __main__ - INFO - 
Epoch 65/100 | lr 0.031447
2026-06-21 17:33:59 - __main__ - INFO - Train: loss 0.3452 acc1 89.56%
2026-06-21 17:33:59 - __main__ - INFO - Val:   loss 1.4387 acc1 67.43%
2026-06-21 17:33:59 - __main__ - INFO - 
Epoch 66/100 | lr 0.029922
2026-06-21 17:35:49 - __main__ - INFO - Train: loss 0.3260 acc1 90.19%
2026-06-21 17:35:49 - __main__ - INFO - Val:   loss 1.4166 acc1 67.57%
2026-06-21 17:35:49 - __main__ - INFO - 
Epoch 67/100 | lr 0.028419
2026-06-21 17:37:39 - __main__ - INFO - Train: loss 0.3101 acc1 90.68%
2026-06-21 17:37:39 - __main__ - INFO - Val:   loss 1.3600 acc1 68.63%
2026-06-21 17:37:39 - __main__ - INFO - saved best: 68.63%
2026-06-21 17:37:39 - __main__ - INFO - 
Epoch 68/100 | lr 0.026940
2026-06-21 17:39:29 - __main__ - INFO - Train: loss 0.2931 acc1 91.21%
2026-06-21 17:39:29 - __main__ - INFO - Val:   loss 1.3938 acc1 68.03%
2026-06-21 17:39:29 - __main__ - INFO - 
Epoch 69/100 | lr 0.025486
2026-06-21 17:41:19 - __main__ - INFO - Train: loss 0.2702 acc1 92.00%
2026-06-21 17:41:19 - __main__ - INFO - Val:   loss 1.3933 acc1 68.69%
2026-06-21 17:41:19 - __main__ - INFO - saved best: 68.69%
2026-06-21 17:41:19 - __main__ - INFO - 
Epoch 70/100 | lr 0.024059
2026-06-21 17:43:10 - __main__ - INFO - Train: loss 0.2540 acc1 92.46%
2026-06-21 17:43:10 - __main__ - INFO - Val:   loss 1.4272 acc1 67.72%
2026-06-21 17:43:10 - __main__ - INFO - 
Epoch 71/100 | lr 0.022660
2026-06-21 17:45:00 - __main__ - INFO - Train: loss 0.2356 acc1 93.08%
2026-06-21 17:45:00 - __main__ - INFO - Val:   loss 1.3744 acc1 68.68%
2026-06-21 17:45:00 - __main__ - INFO - 
Epoch 72/100 | lr 0.021291
2026-06-21 17:46:50 - __main__ - INFO - Train: loss 0.2195 acc1 93.59%
2026-06-21 17:46:50 - __main__ - INFO - Val:   loss 1.3170 acc1 69.66%
2026-06-21 17:46:50 - __main__ - INFO - saved best: 69.66%
2026-06-21 17:46:50 - __main__ - INFO - 
Epoch 73/100 | lr 0.019954
2026-06-21 17:48:40 - __main__ - INFO - Train: loss 0.2026 acc1 94.15%
2026-06-21 17:48:40 - __main__ - INFO - Val:   loss 1.3969 acc1 68.33%
2026-06-21 17:48:40 - __main__ - INFO - 
Epoch 74/100 | lr 0.018649
2026-06-21 17:50:31 - __main__ - INFO - Train: loss 0.1861 acc1 94.64%
2026-06-21 17:50:31 - __main__ - INFO - Val:   loss 1.3417 acc1 69.09%
2026-06-21 17:50:31 - __main__ - INFO - 
Epoch 75/100 | lr 0.017379
2026-06-21 17:52:21 - __main__ - INFO - Train: loss 0.1689 acc1 95.23%
2026-06-21 17:52:21 - __main__ - INFO - Val:   loss 1.2687 acc1 70.14%
2026-06-21 17:52:21 - __main__ - INFO - saved best: 70.14%
2026-06-21 17:52:21 - __main__ - INFO - 
Epoch 76/100 | lr 0.016144
2026-06-21 17:54:11 - __main__ - INFO - Train: loss 0.1524 acc1 95.77%
2026-06-21 17:54:11 - __main__ - INFO - Val:   loss 1.3652 acc1 69.38%
2026-06-21 17:54:11 - __main__ - INFO - 
Epoch 77/100 | lr 0.014947
2026-06-21 17:56:01 - __main__ - INFO - Train: loss 0.1433 acc1 96.06%
2026-06-21 17:56:01 - __main__ - INFO - Val:   loss 1.2683 acc1 71.03%
2026-06-21 17:56:01 - __main__ - INFO - saved best: 71.03%
2026-06-21 17:56:01 - __main__ - INFO - 
Epoch 78/100 | lr 0.013787
2026-06-21 17:57:51 - __main__ - INFO - Train: loss 0.1225 acc1 96.75%
2026-06-21 17:57:51 - __main__ - INFO - Val:   loss 1.2955 acc1 70.43%
2026-06-21 17:57:51 - __main__ - INFO - 
Epoch 79/100 | lr 0.012668
2026-06-21 17:59:42 - __main__ - INFO - Train: loss 0.1106 acc1 97.10%
2026-06-21 17:59:42 - __main__ - INFO - Val:   loss 1.3407 acc1 69.38%
2026-06-21 17:59:42 - __main__ - INFO - 
Epoch 80/100 | lr 0.011589
2026-06-21 18:01:32 - __main__ - INFO - Train: loss 0.0971 acc1 97.55%
2026-06-21 18:01:32 - __main__ - INFO - Val:   loss 1.2165 acc1 72.22%
2026-06-21 18:01:32 - __main__ - INFO - saved best: 72.22%
2026-06-21 18:01:32 - __main__ - INFO - 
Epoch 81/100 | lr 0.010552
2026-06-21 18:03:22 - __main__ - INFO - Train: loss 0.0839 acc1 97.97%
2026-06-21 18:03:22 - __main__ - INFO - Val:   loss 1.1840 acc1 71.94%
2026-06-21 18:03:22 - __main__ - INFO - 
Epoch 82/100 | lr 0.009558
2026-06-21 18:05:12 - __main__ - INFO - Train: loss 0.0729 acc1 98.29%
2026-06-21 18:05:12 - __main__ - INFO - Val:   loss 1.2160 acc1 71.78%
2026-06-21 18:05:12 - __main__ - INFO - 
Epoch 83/100 | lr 0.008609
2026-06-21 18:07:03 - __main__ - INFO - Train: loss 0.0588 acc1 98.74%
2026-06-21 18:07:03 - __main__ - INFO - Val:   loss 1.2193 acc1 72.19%
2026-06-21 18:07:03 - __main__ - INFO - 
Epoch 84/100 | lr 0.007704
2026-06-21 18:08:53 - __main__ - INFO - Train: loss 0.0506 acc1 98.96%
2026-06-21 18:08:53 - __main__ - INFO - Val:   loss 1.1063 acc1 74.06%
2026-06-21 18:08:53 - __main__ - INFO - saved best: 74.06%
2026-06-21 18:08:53 - __main__ - INFO - 
Epoch 85/100 | lr 0.006846
2026-06-21 18:10:43 - __main__ - INFO - Train: loss 0.0378 acc1 99.32%
2026-06-21 18:10:43 - __main__ - INFO - Val:   loss 1.0573 acc1 74.94%
2026-06-21 18:10:43 - __main__ - INFO - saved best: 74.94%
2026-06-21 18:10:43 - __main__ - INFO - 
Epoch 86/100 | lr 0.006036
2026-06-21 18:12:33 - __main__ - INFO - Train: loss 0.0276 acc1 99.59%
2026-06-21 18:12:33 - __main__ - INFO - Val:   loss 1.0257 acc1 75.61%
2026-06-21 18:12:33 - __main__ - INFO - saved best: 75.61%
2026-06-21 18:12:33 - __main__ - INFO - 
Epoch 87/100 | lr 0.005273
2026-06-21 18:14:24 - __main__ - INFO - Train: loss 0.0204 acc1 99.76%
2026-06-21 18:14:24 - __main__ - INFO - Val:   loss 1.0016 acc1 76.21%
2026-06-21 18:14:24 - __main__ - INFO - saved best: 76.21%
2026-06-21 18:14:24 - __main__ - INFO - 
Epoch 88/100 | lr 0.004559
2026-06-21 18:16:14 - __main__ - INFO - Train: loss 0.0166 acc1 99.85%
2026-06-21 18:16:14 - __main__ - INFO - Val:   loss 0.9597 acc1 76.54%
2026-06-21 18:16:14 - __main__ - INFO - saved best: 76.54%
2026-06-21 18:16:14 - __main__ - INFO - 
Epoch 89/100 | lr 0.003895
2026-06-21 18:18:04 - __main__ - INFO - Train: loss 0.0137 acc1 99.91%
2026-06-21 18:18:04 - __main__ - INFO - Val:   loss 0.9501 acc1 77.17%
2026-06-21 18:18:04 - __main__ - INFO - saved best: 77.17%
2026-06-21 18:18:04 - __main__ - INFO - 
Epoch 90/100 | lr 0.003281
2026-06-21 18:19:54 - __main__ - INFO - Train: loss 0.0120 acc1 99.93%
2026-06-21 18:19:54 - __main__ - INFO - Val:   loss 0.9439 acc1 77.17%
2026-06-21 18:19:54 - __main__ - INFO - 
Epoch 91/100 | lr 0.002719
2026-06-21 18:21:44 - __main__ - INFO - Train: loss 0.0109 acc1 99.95%
2026-06-21 18:21:44 - __main__ - INFO - Val:   loss 0.9396 acc1 77.48%
2026-06-21 18:21:44 - __main__ - INFO - saved best: 77.48%
2026-06-21 18:21:44 - __main__ - INFO - 
Epoch 92/100 | lr 0.002208
2026-06-21 18:23:34 - __main__ - INFO - Train: loss 0.0104 acc1 99.95%
2026-06-21 18:23:34 - __main__ - INFO - Val:   loss 0.9354 acc1 78.01%
2026-06-21 18:23:34 - __main__ - INFO - saved best: 78.01%
2026-06-21 18:23:34 - __main__ - INFO - 
Epoch 93/100 | lr 0.001749
2026-06-21 18:25:24 - __main__ - INFO - Train: loss 0.0096 acc1 99.97%
2026-06-21 18:25:24 - __main__ - INFO - Val:   loss 0.9264 acc1 77.87%
2026-06-21 18:25:24 - __main__ - INFO - 
Epoch 94/100 | lr 0.001344
2026-06-21 18:27:15 - __main__ - INFO - Train: loss 0.0095 acc1 99.97%
2026-06-21 18:27:15 - __main__ - INFO - Val:   loss 0.9319 acc1 77.69%
2026-06-21 18:27:15 - __main__ - INFO - 
Epoch 95/100 | lr 0.000991
2026-06-21 18:29:05 - __main__ - INFO - Train: loss 0.0092 acc1 99.97%
2026-06-21 18:29:05 - __main__ - INFO - Val:   loss 0.9155 acc1 78.39%
2026-06-21 18:29:05 - __main__ - INFO - saved best: 78.39%
2026-06-21 18:29:05 - __main__ - INFO - 
Epoch 96/100 | lr 0.000692
2026-06-21 18:30:55 - __main__ - INFO - Train: loss 0.0089 acc1 99.97%
2026-06-21 18:30:55 - __main__ - INFO - Val:   loss 0.9172 acc1 78.28%
2026-06-21 18:30:55 - __main__ - INFO - 
Epoch 97/100 | lr 0.000447
2026-06-21 18:32:45 - __main__ - INFO - Train: loss 0.0086 acc1 99.97%
2026-06-21 18:32:45 - __main__ - INFO - Val:   loss 0.9181 acc1 78.22%
2026-06-21 18:32:45 - __main__ - INFO - 
Epoch 98/100 | lr 0.000256
2026-06-21 18:34:35 - __main__ - INFO - Train: loss 0.0085 acc1 99.98%
2026-06-21 18:34:35 - __main__ - INFO - Val:   loss 0.9245 acc1 78.37%
2026-06-21 18:34:35 - __main__ - INFO - 
Epoch 99/100 | lr 0.000119
2026-06-21 18:36:26 - __main__ - INFO - Train: loss 0.0086 acc1 99.98%
2026-06-21 18:36:26 - __main__ - INFO - Val:   loss 0.9247 acc1 78.43%
2026-06-21 18:36:26 - __main__ - INFO - saved best: 78.43%
2026-06-21 18:36:26 - __main__ - INFO - 
Epoch 100/100 | lr 0.000037
2026-06-21 18:38:16 - __main__ - INFO - Train: loss 0.0083 acc1 99.98%
2026-06-21 18:38:16 - __main__ - INFO - Val:   loss 0.9222 acc1 78.49%
2026-06-21 18:38:16 - __main__ - INFO - saved best: 78.49%
2026-06-21 18:38:16 - __main__ - INFO - Loaded best checkpoint weights for final test evaluation.
2026-06-21 18:38:17 - __main__ - INFO - 
Best tracked (val): 78.49%
2026-06-21 18:38:17 - __main__ - INFO - Final test: loss 0.9381 acc1 77.78%
2026-06-21 18:38:17 - __main__ - INFO - Saved best model checkpoint to runs/cifar100_colab/42/resnet18_seed42_cam_low_M8_area0.1/best_model.pt
