2026-06-29 04:08:09 - __main__ - INFO - Run parameters: {"adamw_betas": [0.9, 0.999], "adamw_eps": 1e-08, "amp": true, "batch_size": 128, "cam_cache_dir": "", "cam_layer": "auto", "cam_precompute_only": false, "cam_precompute_windows": false, "cutout_area": null, "cutout_m": 0, "cutout_mode": "none", "cutout_size": 0, "data_dir": "./data", "dataset": "cifar100", "debug_cam_timing": false, "deterministic_train_transforms": true, "epochs": 100, "gamma": 0.1, "grayscale": false, "include_regex": "", "label_smoothing": 0.0, "log_every": 100, "lr": 0.1, "milestones": "60,80", "min_lr": 1e-05, "model": "resnet18", "momentum": 0.9, "nesterov": false, "num_workers": 4, "optimizer": "sgd", "out_dir": "runs/cifar100/resnet18/42", "run_name": "resnet18_seed42_none", "saliency_candidate_percent": 10.0, "scheduler": "cosine", "seed": 42, "teacher_checkpoint": "", "teacher_model": "", "val_split": 0.1, "warmup_epochs": 5, "weight_decay": 0.0005}
2026-06-29 04:08:09 - __main__ - INFO - device: cuda | cuda: True | gpu: NVIDIA A100-SXM4-40GB
2026-06-29 04:09:41 - __main__ - INFO - Model: resnet18 | Dataset: cifar100 | Classes: 100 | Optimizer: sgd
2026-06-29 04:09:41 - __main__ - INFO - 
Epoch 1/100 | lr 0.000100
2026-06-29 04:09:49 - __main__ - INFO - Train: loss 4.6299 acc1 1.52%
2026-06-29 04:09:49 - __main__ - INFO - Val:   loss 4.5541 acc1 2.32%
2026-06-29 04:09:49 - __main__ - INFO - saved best: 2.32%
2026-06-29 04:09:49 - __main__ - INFO - 
Epoch 2/100 | lr 0.020080
2026-06-29 04:09:55 - __main__ - INFO - Train: loss 3.6867 acc1 13.93%
2026-06-29 04:09:55 - __main__ - INFO - Val:   loss 3.2927 acc1 21.23%
2026-06-29 04:09:55 - __main__ - INFO - saved best: 21.23%
2026-06-29 04:09:55 - __main__ - INFO - 
Epoch 3/100 | lr 0.040060
2026-06-29 04:10:00 - __main__ - INFO - Train: loss 2.9424 acc1 26.35%
2026-06-29 04:10:00 - __main__ - INFO - Val:   loss 2.8106 acc1 29.10%
2026-06-29 04:10:00 - __main__ - INFO - saved best: 29.10%
2026-06-29 04:10:00 - __main__ - INFO - 
Epoch 4/100 | lr 0.060040
2026-06-29 04:10:06 - __main__ - INFO - Train: loss 2.3657 acc1 37.90%
2026-06-29 04:10:06 - __main__ - INFO - Val:   loss 2.7379 acc1 33.16%
2026-06-29 04:10:06 - __main__ - INFO - saved best: 33.16%
2026-06-29 04:10:06 - __main__ - INFO - 
Epoch 5/100 | lr 0.080020
2026-06-29 04:10:11 - __main__ - INFO - Train: loss 1.9759 acc1 46.11%
2026-06-29 04:10:11 - __main__ - INFO - Val:   loss 2.0841 acc1 43.27%
2026-06-29 04:10:11 - __main__ - INFO - saved best: 43.27%
2026-06-29 04:10:11 - __main__ - INFO - 
Epoch 6/100 | lr 0.100000
2026-06-29 04:10:17 - __main__ - INFO - Train: loss 1.7265 acc1 51.86%
2026-06-29 04:10:17 - __main__ - INFO - Val:   loss 2.0568 acc1 45.21%
2026-06-29 04:10:17 - __main__ - INFO - saved best: 45.21%
2026-06-29 04:10:17 - __main__ - INFO - 
Epoch 7/100 | lr 0.099973
2026-06-29 04:10:23 - __main__ - INFO - Train: loss 1.4294 acc1 58.85%
2026-06-29 04:10:23 - __main__ - INFO - Val:   loss 1.9835 acc1 47.92%
2026-06-29 04:10:23 - __main__ - INFO - saved best: 47.92%
2026-06-29 04:10:23 - __main__ - INFO - 
Epoch 8/100 | lr 0.099891
2026-06-29 04:10:28 - __main__ - INFO - Train: loss 1.2258 acc1 64.22%
2026-06-29 04:10:28 - __main__ - INFO - Val:   loss 2.1147 acc1 47.06%
2026-06-29 04:10:28 - __main__ - INFO - 
Epoch 9/100 | lr 0.099754
2026-06-29 04:10:34 - __main__ - INFO - Train: loss 1.0715 acc1 68.38%
2026-06-29 04:10:34 - __main__ - INFO - Val:   loss 2.0117 acc1 49.13%
2026-06-29 04:10:34 - __main__ - INFO - saved best: 49.13%
2026-06-29 04:10:34 - __main__ - INFO - 
Epoch 10/100 | lr 0.099563
2026-06-29 04:10:39 - __main__ - INFO - Train: loss 0.9359 acc1 72.00%
2026-06-29 04:10:39 - __main__ - INFO - Val:   loss 2.0614 acc1 47.08%
2026-06-29 04:10:39 - __main__ - INFO - 
Epoch 11/100 | lr 0.099318
2026-06-29 04:10:45 - __main__ - INFO - Train: loss 0.8459 acc1 74.43%
2026-06-29 04:10:45 - __main__ - INFO - Val:   loss 2.0855 acc1 47.35%
2026-06-29 04:10:45 - __main__ - INFO - 
Epoch 12/100 | lr 0.099019
2026-06-29 04:10:51 - __main__ - INFO - Train: loss 0.7372 acc1 77.71%
2026-06-29 04:10:51 - __main__ - INFO - Val:   loss 2.4125 acc1 43.10%
2026-06-29 04:10:51 - __main__ - INFO - 
Epoch 13/100 | lr 0.098666
2026-06-29 04:10:56 - __main__ - INFO - Train: loss 0.6719 acc1 79.48%
2026-06-29 04:10:56 - __main__ - INFO - Val:   loss 2.3314 acc1 44.02%
2026-06-29 04:10:56 - __main__ - INFO - 
Epoch 14/100 | lr 0.098261
2026-06-29 04:11:02 - __main__ - INFO - Train: loss 0.5989 acc1 81.76%
2026-06-29 04:11:02 - __main__ - INFO - Val:   loss 2.3585 acc1 45.29%
2026-06-29 04:11:02 - __main__ - INFO - 
Epoch 15/100 | lr 0.097802
2026-06-29 04:11:08 - __main__ - INFO - Train: loss 0.5692 acc1 82.75%
2026-06-29 04:11:08 - __main__ - INFO - Val:   loss 2.3565 acc1 45.63%
2026-06-29 04:11:08 - __main__ - INFO - 
Epoch 16/100 | lr 0.097291
2026-06-29 04:11:13 - __main__ - INFO - Train: loss 0.5273 acc1 83.92%
2026-06-29 04:11:13 - __main__ - INFO - Val:   loss 2.8291 acc1 43.48%
2026-06-29 04:11:13 - __main__ - INFO - 
Epoch 17/100 | lr 0.096729
2026-06-29 04:11:19 - __main__ - INFO - Train: loss 0.5270 acc1 83.83%
2026-06-29 04:11:19 - __main__ - INFO - Val:   loss 2.5540 acc1 45.31%
2026-06-29 04:11:19 - __main__ - INFO - 
Epoch 18/100 | lr 0.096115
2026-06-29 04:11:24 - __main__ - INFO - Train: loss 0.4696 acc1 85.56%
2026-06-29 04:11:24 - __main__ - INFO - Val:   loss 2.4661 acc1 45.93%
2026-06-29 04:11:24 - __main__ - INFO - 
Epoch 19/100 | lr 0.095451
2026-06-29 04:11:30 - __main__ - INFO - Train: loss 0.4503 acc1 86.28%
2026-06-29 04:11:30 - __main__ - INFO - Val:   loss 2.5288 acc1 44.90%
2026-06-29 04:11:30 - __main__ - INFO - 
Epoch 20/100 | lr 0.094737
2026-06-29 04:11:35 - __main__ - INFO - Train: loss 0.4320 acc1 86.78%
2026-06-29 04:11:35 - __main__ - INFO - Val:   loss 2.6574 acc1 43.24%
2026-06-29 04:11:35 - __main__ - INFO - 
Epoch 21/100 | lr 0.093974
2026-06-29 04:11:41 - __main__ - INFO - Train: loss 0.4170 acc1 87.35%
2026-06-29 04:11:41 - __main__ - INFO - Val:   loss 2.4622 acc1 46.39%
2026-06-29 04:11:41 - __main__ - INFO - 
Epoch 22/100 | lr 0.093164
2026-06-29 04:11:46 - __main__ - INFO - Train: loss 0.4382 acc1 86.70%
2026-06-29 04:11:46 - __main__ - INFO - Val:   loss 2.5243 acc1 46.11%
2026-06-29 04:11:46 - __main__ - INFO - 
Epoch 23/100 | lr 0.092306
2026-06-29 04:11:52 - __main__ - INFO - Train: loss 0.3813 acc1 88.46%
2026-06-29 04:11:52 - __main__ - INFO - Val:   loss 2.5853 acc1 45.26%
2026-06-29 04:11:52 - __main__ - INFO - 
Epoch 24/100 | lr 0.091401
2026-06-29 04:11:57 - __main__ - INFO - Train: loss 0.4117 acc1 87.38%
2026-06-29 04:11:57 - __main__ - INFO - Val:   loss 2.6602 acc1 44.64%
2026-06-29 04:11:57 - __main__ - INFO - 
Epoch 25/100 | lr 0.090452
2026-06-29 04:12:03 - __main__ - INFO - Train: loss 0.3550 acc1 89.30%
2026-06-29 04:12:03 - __main__ - INFO - Val:   loss 2.4407 acc1 47.29%
2026-06-29 04:12:03 - __main__ - INFO - 
Epoch 26/100 | lr 0.089458
2026-06-29 04:12:08 - __main__ - INFO - Train: loss 0.3671 acc1 88.97%
2026-06-29 04:12:08 - __main__ - INFO - Val:   loss 2.4753 acc1 46.69%
2026-06-29 04:12:08 - __main__ - INFO - 
Epoch 27/100 | lr 0.088421
2026-06-29 04:12:14 - __main__ - INFO - Train: loss 0.3668 acc1 88.91%
2026-06-29 04:12:14 - __main__ - INFO - Val:   loss 2.8286 acc1 44.70%
2026-06-29 04:12:14 - __main__ - INFO - 
Epoch 28/100 | lr 0.087342
2026-06-29 04:12:19 - __main__ - INFO - Train: loss 0.3310 acc1 89.97%
2026-06-29 04:12:19 - __main__ - INFO - Val:   loss 2.4819 acc1 45.64%
2026-06-29 04:12:19 - __main__ - INFO - 
Epoch 29/100 | lr 0.086223
2026-06-29 04:12:25 - __main__ - INFO - Train: loss 0.3576 acc1 89.31%
2026-06-29 04:12:25 - __main__ - INFO - Val:   loss 2.7292 acc1 44.04%
2026-06-29 04:12:25 - __main__ - INFO - 
Epoch 30/100 | lr 0.085063
2026-06-29 04:12:31 - __main__ - INFO - Train: loss 0.3089 acc1 90.95%
2026-06-29 04:12:31 - __main__ - INFO - Val:   loss 2.4413 acc1 47.23%
2026-06-29 04:12:31 - __main__ - INFO - 
Epoch 31/100 | lr 0.083866
2026-06-29 04:12:36 - __main__ - INFO - Train: loss 0.2989 acc1 91.12%
2026-06-29 04:12:36 - __main__ - INFO - Val:   loss 2.6585 acc1 44.43%
2026-06-29 04:12:36 - __main__ - INFO - 
Epoch 32/100 | lr 0.082631
2026-06-29 04:12:42 - __main__ - INFO - Train: loss 0.3097 acc1 90.86%
2026-06-29 04:12:42 - __main__ - INFO - Val:   loss 2.6635 acc1 46.39%
2026-06-29 04:12:42 - __main__ - INFO - 
Epoch 33/100 | lr 0.081361
2026-06-29 04:12:47 - __main__ - INFO - Train: loss 0.3104 acc1 90.82%
2026-06-29 04:12:47 - __main__ - INFO - Val:   loss 2.6775 acc1 45.81%
2026-06-29 04:12:47 - __main__ - INFO - 
Epoch 34/100 | lr 0.080056
2026-06-29 04:12:52 - __main__ - INFO - Train: loss 0.2782 acc1 91.88%
2026-06-29 04:12:52 - __main__ - INFO - Val:   loss 2.5964 acc1 46.50%
2026-06-29 04:12:52 - __main__ - INFO - 
Epoch 35/100 | lr 0.078719
2026-06-29 04:12:58 - __main__ - INFO - Train: loss 0.2600 acc1 92.27%
2026-06-29 04:12:58 - __main__ - INFO - Val:   loss 2.5045 acc1 48.51%
2026-06-29 04:12:58 - __main__ - INFO - 
Epoch 36/100 | lr 0.077350
2026-06-29 04:13:04 - __main__ - INFO - Train: loss 0.2657 acc1 92.17%
2026-06-29 04:13:04 - __main__ - INFO - Val:   loss 2.6566 acc1 44.89%
2026-06-29 04:13:04 - __main__ - INFO - 
Epoch 37/100 | lr 0.075951
2026-06-29 04:13:09 - __main__ - INFO - Train: loss 0.2628 acc1 92.39%
2026-06-29 04:13:09 - __main__ - INFO - Val:   loss 2.4007 acc1 48.26%
2026-06-29 04:13:09 - __main__ - INFO - 
Epoch 38/100 | lr 0.074524
2026-06-29 04:13:15 - __main__ - INFO - Train: loss 0.2660 acc1 92.14%
2026-06-29 04:13:15 - __main__ - INFO - Val:   loss 2.6231 acc1 46.40%
2026-06-29 04:13:15 - __main__ - INFO - 
Epoch 39/100 | lr 0.073070
2026-06-29 04:13:20 - __main__ - INFO - Train: loss 0.2378 acc1 93.12%
2026-06-29 04:13:20 - __main__ - INFO - Val:   loss 2.3989 acc1 48.42%
2026-06-29 04:13:20 - __main__ - INFO - 
Epoch 40/100 | lr 0.071591
2026-06-29 04:13:25 - __main__ - INFO - Train: loss 0.2061 acc1 94.02%
2026-06-29 04:13:25 - __main__ - INFO - Val:   loss 2.6579 acc1 45.14%
2026-06-29 04:13:25 - __main__ - INFO - 
Epoch 41/100 | lr 0.070088
2026-06-29 04:13:31 - __main__ - INFO - Train: loss 0.2182 acc1 93.68%
2026-06-29 04:13:31 - __main__ - INFO - Val:   loss 2.3339 acc1 49.32%
2026-06-29 04:13:31 - __main__ - INFO - saved best: 49.32%
2026-06-29 04:13:31 - __main__ - INFO - 
Epoch 42/100 | lr 0.068563
2026-06-29 04:13:37 - __main__ - INFO - Train: loss 0.2016 acc1 94.18%
2026-06-29 04:13:37 - __main__ - INFO - Val:   loss 2.5652 acc1 47.16%
2026-06-29 04:13:37 - __main__ - INFO - 
Epoch 43/100 | lr 0.067018
2026-06-29 04:13:42 - __main__ - INFO - Train: loss 0.2035 acc1 94.27%
2026-06-29 04:13:42 - __main__ - INFO - Val:   loss 2.5372 acc1 46.56%
2026-06-29 04:13:42 - __main__ - INFO - 
Epoch 44/100 | lr 0.065454
2026-06-29 04:13:48 - __main__ - INFO - Train: loss 0.1917 acc1 94.67%
2026-06-29 04:13:48 - __main__ - INFO - Val:   loss 2.4813 acc1 49.06%
2026-06-29 04:13:48 - __main__ - INFO - 
Epoch 45/100 | lr 0.063874
2026-06-29 04:13:53 - __main__ - INFO - Train: loss 0.1672 acc1 95.37%
2026-06-29 04:13:53 - __main__ - INFO - Val:   loss 2.4441 acc1 49.26%
2026-06-29 04:13:53 - __main__ - INFO - 
Epoch 46/100 | lr 0.062278
2026-06-29 04:13:59 - __main__ - INFO - Train: loss 0.1512 acc1 95.92%
2026-06-29 04:13:59 - __main__ - INFO - Val:   loss 2.3545 acc1 49.01%
2026-06-29 04:13:59 - __main__ - INFO - 
Epoch 47/100 | lr 0.060669
2026-06-29 04:14:04 - __main__ - INFO - Train: loss 0.1356 acc1 96.42%
2026-06-29 04:14:04 - __main__ - INFO - Val:   loss 2.3505 acc1 48.32%
2026-06-29 04:14:04 - __main__ - INFO - 
Epoch 48/100 | lr 0.059048
2026-06-29 04:14:10 - __main__ - INFO - Train: loss 0.1378 acc1 96.36%
2026-06-29 04:14:10 - __main__ - INFO - Val:   loss 2.4535 acc1 48.07%
2026-06-29 04:14:10 - __main__ - INFO - 
Epoch 49/100 | lr 0.057417
2026-06-29 04:14:15 - __main__ - INFO - Train: loss 0.1445 acc1 96.20%
2026-06-29 04:14:15 - __main__ - INFO - Val:   loss 2.5554 acc1 47.16%
2026-06-29 04:14:15 - __main__ - INFO - 
Epoch 50/100 | lr 0.055779
2026-06-29 04:14:20 - __main__ - INFO - Train: loss 0.1787 acc1 95.02%
2026-06-29 04:14:20 - __main__ - INFO - Val:   loss 2.5284 acc1 45.96%
2026-06-29 04:14:20 - __main__ - INFO - 
Epoch 51/100 | lr 0.054134
2026-06-29 04:14:26 - __main__ - INFO - Train: loss 0.1923 acc1 94.63%
2026-06-29 04:14:26 - __main__ - INFO - Val:   loss 2.3932 acc1 48.90%
2026-06-29 04:14:26 - __main__ - INFO - 
Epoch 52/100 | lr 0.052484
2026-06-29 04:14:31 - __main__ - INFO - Train: loss 0.1276 acc1 96.65%
2026-06-29 04:14:31 - __main__ - INFO - Val:   loss 2.2231 acc1 51.35%
2026-06-29 04:14:31 - __main__ - INFO - saved best: 51.35%
2026-06-29 04:14:31 - __main__ - INFO - 
Epoch 53/100 | lr 0.050832
2026-06-29 04:14:37 - __main__ - INFO - Train: loss 0.0563 acc1 98.86%
2026-06-29 04:14:37 - __main__ - INFO - Val:   loss 1.9746 acc1 54.79%
2026-06-29 04:14:37 - __main__ - INFO - saved best: 54.79%
2026-06-29 04:14:37 - __main__ - INFO - 
Epoch 54/100 | lr 0.049178
2026-06-29 04:14:42 - __main__ - INFO - Train: loss 0.0183 acc1 99.81%
2026-06-29 04:14:42 - __main__ - INFO - Val:   loss 1.6491 acc1 59.46%
2026-06-29 04:14:42 - __main__ - INFO - saved best: 59.46%
2026-06-29 04:14:42 - __main__ - INFO - 
Epoch 55/100 | lr 0.047526
2026-06-29 04:14:48 - __main__ - INFO - Train: loss 0.0082 acc1 99.94%
2026-06-29 04:14:48 - __main__ - INFO - Val:   loss 1.5724 acc1 60.32%
2026-06-29 04:14:48 - __main__ - INFO - saved best: 60.32%
2026-06-29 04:14:48 - __main__ - INFO - 
Epoch 56/100 | lr 0.045876
2026-06-29 04:14:53 - __main__ - INFO - Train: loss 0.0069 acc1 99.96%
2026-06-29 04:14:53 - __main__ - INFO - Val:   loss 1.5517 acc1 61.53%
2026-06-29 04:14:53 - __main__ - INFO - saved best: 61.53%
2026-06-29 04:14:53 - __main__ - INFO - 
Epoch 57/100 | lr 0.044231
2026-06-29 04:14:59 - __main__ - INFO - Train: loss 0.0079 acc1 99.96%
2026-06-29 04:14:59 - __main__ - INFO - Val:   loss 1.5575 acc1 61.35%
2026-06-29 04:14:59 - __main__ - INFO - 
Epoch 58/100 | lr 0.042593
2026-06-29 04:15:04 - __main__ - INFO - Train: loss 0.0085 acc1 99.95%
2026-06-29 04:15:04 - __main__ - INFO - Val:   loss 1.5660 acc1 61.41%
2026-06-29 04:15:04 - __main__ - INFO - 
Epoch 59/100 | lr 0.040962
2026-06-29 04:15:09 - __main__ - INFO - Train: loss 0.0086 acc1 99.96%
2026-06-29 04:15:09 - __main__ - INFO - Val:   loss 1.6006 acc1 61.45%
2026-06-29 04:15:09 - __main__ - INFO - 
Epoch 60/100 | lr 0.039341
2026-06-29 04:15:15 - __main__ - INFO - Train: loss 0.0088 acc1 99.95%
2026-06-29 04:15:15 - __main__ - INFO - Val:   loss 1.6083 acc1 61.98%
2026-06-29 04:15:15 - __main__ - INFO - saved best: 61.98%
2026-06-29 04:15:15 - __main__ - INFO - 
Epoch 61/100 | lr 0.037732
2026-06-29 04:15:20 - __main__ - INFO - Train: loss 0.0091 acc1 99.96%
2026-06-29 04:15:20 - __main__ - INFO - Val:   loss 1.6451 acc1 61.63%
2026-06-29 04:15:20 - __main__ - INFO - 
Epoch 62/100 | lr 0.036136
2026-06-29 04:15:26 - __main__ - INFO - Train: loss 0.0086 acc1 99.96%
2026-06-29 04:15:26 - __main__ - INFO - Val:   loss 1.6454 acc1 61.91%
2026-06-29 04:15:26 - __main__ - INFO - 
Epoch 63/100 | lr 0.034556
2026-06-29 04:15:32 - __main__ - INFO - Train: loss 0.0090 acc1 99.96%
2026-06-29 04:15:32 - __main__ - INFO - Val:   loss 1.6773 acc1 60.92%
2026-06-29 04:15:32 - __main__ - INFO - 
Epoch 64/100 | lr 0.032992
2026-06-29 04:15:37 - __main__ - INFO - Train: loss 0.0087 acc1 99.97%
2026-06-29 04:15:37 - __main__ - INFO - Val:   loss 1.6783 acc1 61.66%
2026-06-29 04:15:37 - __main__ - INFO - 
Epoch 65/100 | lr 0.031447
2026-06-29 04:15:43 - __main__ - INFO - Train: loss 0.0089 acc1 99.96%
2026-06-29 04:15:43 - __main__ - INFO - Val:   loss 1.6812 acc1 61.33%
2026-06-29 04:15:43 - __main__ - INFO - 
Epoch 66/100 | lr 0.029922
2026-06-29 04:15:49 - __main__ - INFO - Train: loss 0.0090 acc1 99.97%
2026-06-29 04:15:49 - __main__ - INFO - Val:   loss 1.6963 acc1 60.80%
2026-06-29 04:15:49 - __main__ - INFO - 
Epoch 67/100 | lr 0.028419
2026-06-29 04:15:54 - __main__ - INFO - Train: loss 0.0094 acc1 99.97%
2026-06-29 04:15:54 - __main__ - INFO - Val:   loss 1.7229 acc1 61.02%
2026-06-29 04:15:54 - __main__ - INFO - 
Epoch 68/100 | lr 0.026940
2026-06-29 04:16:00 - __main__ - INFO - Train: loss 0.0091 acc1 99.97%
2026-06-29 04:16:00 - __main__ - INFO - Val:   loss 1.7005 acc1 61.12%
2026-06-29 04:16:00 - __main__ - INFO - 
Epoch 69/100 | lr 0.025486
2026-06-29 04:16:05 - __main__ - INFO - Train: loss 0.0090 acc1 99.97%
2026-06-29 04:16:05 - __main__ - INFO - Val:   loss 1.6991 acc1 61.59%
2026-06-29 04:16:05 - __main__ - INFO - 
Epoch 70/100 | lr 0.024059
2026-06-29 04:16:11 - __main__ - INFO - Train: loss 0.0090 acc1 99.97%
2026-06-29 04:16:11 - __main__ - INFO - Val:   loss 1.7105 acc1 60.60%
2026-06-29 04:16:11 - __main__ - INFO - 
Epoch 71/100 | lr 0.022660
2026-06-29 04:16:16 - __main__ - INFO - Train: loss 0.0092 acc1 99.98%
2026-06-29 04:16:16 - __main__ - INFO - Val:   loss 1.7097 acc1 60.88%
2026-06-29 04:16:16 - __main__ - INFO - 
Epoch 72/100 | lr 0.021291
2026-06-29 04:16:22 - __main__ - INFO - Train: loss 0.0087 acc1 99.97%
2026-06-29 04:16:22 - __main__ - INFO - Val:   loss 1.6996 acc1 61.24%
2026-06-29 04:16:22 - __main__ - INFO - 
Epoch 73/100 | lr 0.019954
2026-06-29 04:16:27 - __main__ - INFO - Train: loss 0.0089 acc1 99.97%
2026-06-29 04:16:27 - __main__ - INFO - Val:   loss 1.6909 acc1 61.80%
2026-06-29 04:16:27 - __main__ - INFO - 
Epoch 74/100 | lr 0.018649
2026-06-29 04:16:33 - __main__ - INFO - Train: loss 0.0148 acc1 99.88%
2026-06-29 04:16:33 - __main__ - INFO - Val:   loss 2.3248 acc1 46.86%
2026-06-29 04:16:33 - __main__ - INFO - 
Epoch 75/100 | lr 0.017379
2026-06-29 04:16:38 - __main__ - INFO - Train: loss 1.3061 acc1 65.10%
2026-06-29 04:16:38 - __main__ - INFO - Val:   loss 2.1778 acc1 46.65%
2026-06-29 04:16:38 - __main__ - INFO - 
Epoch 76/100 | lr 0.016144
2026-06-29 04:16:43 - __main__ - INFO - Train: loss 0.4324 acc1 88.49%
2026-06-29 04:16:43 - __main__ - INFO - Val:   loss 2.0231 acc1 50.08%
2026-06-29 04:16:43 - __main__ - INFO - 
Epoch 77/100 | lr 0.014947
2026-06-29 04:16:49 - __main__ - INFO - Train: loss 0.1142 acc1 97.54%
2026-06-29 04:16:49 - __main__ - INFO - Val:   loss 1.8284 acc1 56.53%
2026-06-29 04:16:49 - __main__ - INFO - 
Epoch 78/100 | lr 0.013787
2026-06-29 04:16:55 - __main__ - INFO - Train: loss 0.0245 acc1 99.72%
2026-06-29 04:16:55 - __main__ - INFO - Val:   loss 1.6467 acc1 60.30%
2026-06-29 04:16:55 - __main__ - INFO - 
Epoch 79/100 | lr 0.012668
2026-06-29 04:17:01 - __main__ - INFO - Train: loss 0.0077 acc1 99.95%
2026-06-29 04:17:01 - __main__ - INFO - Val:   loss 1.5969 acc1 61.04%
2026-06-29 04:17:01 - __main__ - INFO - 
Epoch 80/100 | lr 0.011589
2026-06-29 04:17:07 - __main__ - INFO - Train: loss 0.0053 acc1 99.96%
2026-06-29 04:17:07 - __main__ - INFO - Val:   loss 1.5832 acc1 61.43%
2026-06-29 04:17:07 - __main__ - INFO - 
Epoch 81/100 | lr 0.010552
2026-06-29 04:17:13 - __main__ - INFO - Train: loss 0.0046 acc1 99.96%
2026-06-29 04:17:13 - __main__ - INFO - Val:   loss 1.5751 acc1 61.48%
2026-06-29 04:17:13 - __main__ - INFO - 
Epoch 82/100 | lr 0.009558
2026-06-29 04:17:18 - __main__ - INFO - Train: loss 0.0041 acc1 99.97%
2026-06-29 04:17:18 - __main__ - INFO - Val:   loss 1.5707 acc1 61.66%
2026-06-29 04:17:18 - __main__ - INFO - 
Epoch 83/100 | lr 0.008609
2026-06-29 04:17:24 - __main__ - INFO - Train: loss 0.0041 acc1 99.98%
2026-06-29 04:17:24 - __main__ - INFO - Val:   loss 1.5695 acc1 61.66%
2026-06-29 04:17:24 - __main__ - INFO - 
Epoch 84/100 | lr 0.007704
2026-06-29 04:17:29 - __main__ - INFO - Train: loss 0.0041 acc1 99.98%
2026-06-29 04:17:29 - __main__ - INFO - Val:   loss 1.5707 acc1 61.72%
2026-06-29 04:17:29 - __main__ - INFO - 
Epoch 85/100 | lr 0.006846
2026-06-29 04:17:35 - __main__ - INFO - Train: loss 0.0043 acc1 99.97%
2026-06-29 04:17:35 - __main__ - INFO - Val:   loss 1.5736 acc1 61.83%
2026-06-29 04:17:35 - __main__ - INFO - 
Epoch 86/100 | lr 0.006036
2026-06-29 04:17:40 - __main__ - INFO - Train: loss 0.0042 acc1 99.98%
2026-06-29 04:17:40 - __main__ - INFO - Val:   loss 1.5764 acc1 61.87%
2026-06-29 04:17:40 - __main__ - INFO - 
Epoch 87/100 | lr 0.005273
2026-06-29 04:17:46 - __main__ - INFO - Train: loss 0.0044 acc1 99.98%
2026-06-29 04:17:46 - __main__ - INFO - Val:   loss 1.5752 acc1 61.68%
2026-06-29 04:17:46 - __main__ - INFO - 
Epoch 88/100 | lr 0.004559
2026-06-29 04:17:52 - __main__ - INFO - Train: loss 0.0044 acc1 99.97%
2026-06-29 04:17:52 - __main__ - INFO - Val:   loss 1.5765 acc1 62.05%
2026-06-29 04:17:52 - __main__ - INFO - saved best: 62.05%
2026-06-29 04:17:52 - __main__ - INFO - 
Epoch 89/100 | lr 0.003895
2026-06-29 04:17:57 - __main__ - INFO - Train: loss 0.0044 acc1 99.98%
2026-06-29 04:17:57 - __main__ - INFO - Val:   loss 1.5777 acc1 61.92%
2026-06-29 04:17:57 - __main__ - INFO - 
Epoch 90/100 | lr 0.003281
2026-06-29 04:18:03 - __main__ - INFO - Train: loss 0.0045 acc1 99.97%
2026-06-29 04:18:03 - __main__ - INFO - Val:   loss 1.5870 acc1 61.95%
2026-06-29 04:18:03 - __main__ - INFO - 
Epoch 91/100 | lr 0.002719
2026-06-29 04:18:09 - __main__ - INFO - Train: loss 0.0045 acc1 99.98%
2026-06-29 04:18:09 - __main__ - INFO - Val:   loss 1.5840 acc1 61.99%
2026-06-29 04:18:09 - __main__ - INFO - 
Epoch 92/100 | lr 0.002208
2026-06-29 04:18:14 - __main__ - INFO - Train: loss 0.0046 acc1 99.98%
2026-06-29 04:18:14 - __main__ - INFO - Val:   loss 1.5850 acc1 62.05%
2026-06-29 04:18:14 - __main__ - INFO - 
Epoch 93/100 | lr 0.001749
2026-06-29 04:18:19 - __main__ - INFO - Train: loss 0.0045 acc1 99.99%
2026-06-29 04:18:19 - __main__ - INFO - Val:   loss 1.5865 acc1 61.86%
2026-06-29 04:18:19 - __main__ - INFO - 
Epoch 94/100 | lr 0.001344
2026-06-29 04:18:25 - __main__ - INFO - Train: loss 0.0046 acc1 99.98%
2026-06-29 04:18:25 - __main__ - INFO - Val:   loss 1.5916 acc1 61.97%
2026-06-29 04:18:25 - __main__ - INFO - 
Epoch 95/100 | lr 0.000991
2026-06-29 04:18:31 - __main__ - INFO - Train: loss 0.0046 acc1 99.98%
2026-06-29 04:18:31 - __main__ - INFO - Val:   loss 1.5960 acc1 61.91%
2026-06-29 04:18:31 - __main__ - INFO - 
Epoch 96/100 | lr 0.000692
2026-06-29 04:18:36 - __main__ - INFO - Train: loss 0.0046 acc1 99.98%
2026-06-29 04:18:36 - __main__ - INFO - Val:   loss 1.5896 acc1 61.85%
2026-06-29 04:18:36 - __main__ - INFO - 
Epoch 97/100 | lr 0.000447
2026-06-29 04:18:42 - __main__ - INFO - Train: loss 0.0047 acc1 99.98%
2026-06-29 04:18:42 - __main__ - INFO - Val:   loss 1.5893 acc1 61.82%
2026-06-29 04:18:42 - __main__ - INFO - 
Epoch 98/100 | lr 0.000256
2026-06-29 04:18:48 - __main__ - INFO - Train: loss 0.0045 acc1 99.98%
2026-06-29 04:18:48 - __main__ - INFO - Val:   loss 1.5920 acc1 61.86%
2026-06-29 04:18:48 - __main__ - INFO - 
Epoch 99/100 | lr 0.000119
2026-06-29 04:18:54 - __main__ - INFO - Train: loss 0.0046 acc1 99.99%
2026-06-29 04:18:54 - __main__ - INFO - Val:   loss 1.5936 acc1 62.05%
2026-06-29 04:18:54 - __main__ - INFO - saved best: 62.05%
2026-06-29 04:18:54 - __main__ - INFO - 
Epoch 100/100 | lr 0.000037
2026-06-29 04:18:59 - __main__ - INFO - Train: loss 0.0046 acc1 99.99%
2026-06-29 04:18:59 - __main__ - INFO - Val:   loss 1.5898 acc1 61.95%
2026-06-29 04:18:59 - __main__ - INFO - Loaded best checkpoint weights for final test evaluation.
2026-06-29 04:19:00 - __main__ - INFO - 
Best tracked (val): 62.05%
2026-06-29 04:19:00 - __main__ - INFO - Final test: loss 1.5549 acc1 62.71%
2026-06-29 04:19:00 - __main__ - INFO - Saved best model checkpoint to runs/cifar100/resnet18/42/resnet18_seed42_none/best_model.pt
